[2026-04-27 06:31:08] ============================================================
[2026-04-27 06:31:08] Trial 111 starting on cuda:0
[2026-04-27 06:31:08] Timestamp: 2026-04-27T06:31:08.366809
[2026-04-27 06:31:08] --- Config summary ---
  bottleneck_dim  : 89
  n_enc_layers    : 5
  n_dec_layers    : 5
  base_channels   : 46
  growth_factor   : 1.7140632465093284
  use_batchnorm   : True
  use_hpf         : True
  hpf_sigma       : 1.0197251211251026
  lr              : 0.00029663378255629546
  batch_size      : 48
  max_epochs      : 300
  patience        : 30
  seed            : 42
  deterministic   : False
  trial_num       : 111
[2026-04-27 06:31:08] Loading train/val/selection splits...
[2026-04-27 06:31:15] Splits loaded in 7.3s: n_train=722, n_val=120, n_selection=405
[2026-04-27 06:31:15] --- Architecture summary ---
  channels per enc layer : [46, 79, 135, 232, 397]
  final spatial size     : 8x8
  flat size before latent: 25408
  bottleneck_dim         : 89
  total parameters       : 17,030,619
[2026-04-27 06:31:15] Starting training: n_train=722, n_val=120, device=cuda:0
[2026-04-27 06:34:24] epoch    1/300 | train=0.005693 | val=0.005426 | best=0.005426@1 | patience=0/30 | time=188.69s *
[2026-04-27 06:34:30] epoch    2/300 | train=0.002973 | val=0.003590 | best=0.003590@2 | patience=0/30 | time=6.35s *
[2026-04-27 06:34:37] epoch    3/300 | train=0.002746 | val=0.002976 | best=0.002976@3 | patience=0/30 | time=6.37s *
[2026-04-27 06:34:43] epoch    4/300 | train=0.002620 | val=0.002767 | best=0.002767@4 | patience=0/30 | time=6.35s *
[2026-04-27 06:34:50] epoch    5/300 | train=0.002553 | val=0.002609 | best=0.002609@5 | patience=0/30 | time=6.41s *
[2026-04-27 06:34:56] epoch    6/300 | train=0.002522 | val=0.002576 | best=0.002576@6 | patience=0/30 | time=6.36s *
[2026-04-27 06:35:03] epoch    7/300 | train=0.002514 | val=0.002514 | best=0.002514@7 | patience=0/30 | time=6.35s *
[2026-04-27 06:35:09] epoch    8/300 | train=0.002364 | val=0.002521 | best=0.002514@7 | patience=1/30 | time=6.38s
[2026-04-27 06:35:16] epoch    9/300 | train=0.002326 | val=0.002246 | best=0.002246@9 | patience=0/30 | time=6.37s *
[2026-04-27 06:35:22] epoch   10/300 | train=0.002074 | val=0.002041 | best=0.002041@10 | patience=0/30 | time=6.39s *
[2026-04-27 06:35:29] epoch   11/300 | train=0.001913 | val=0.001979 | best=0.001979@11 | patience=0/30 | time=6.35s *
[2026-04-27 06:35:35] epoch   12/300 | train=0.001893 | val=0.001899 | best=0.001899@12 | patience=0/30 | time=6.42s *
[2026-04-27 06:35:42] epoch   13/300 | train=0.001746 | val=0.001687 | best=0.001687@13 | patience=0/30 | time=6.37s *
[2026-04-27 06:35:48] epoch   14/300 | train=0.001571 | val=0.001558 | best=0.001558@14 | patience=0/30 | time=6.36s *
[2026-04-27 06:35:54] epoch   15/300 | train=0.001502 | val=0.001470 | best=0.001470@15 | patience=0/30 | time=6.40s *
[2026-04-27 06:36:01] epoch   16/300 | train=0.001467 | val=0.001436 | best=0.001436@16 | patience=0/30 | time=6.38s *
[2026-04-27 06:36:07] epoch   17/300 | train=0.001403 | val=0.001536 | best=0.001436@16 | patience=1/30 | time=6.39s
[2026-04-27 06:36:14] epoch   18/300 | train=0.001479 | val=0.001424 | best=0.001424@18 | patience=0/30 | time=6.36s *
[2026-04-27 06:36:20] epoch   19/300 | train=0.001401 | val=0.001397 | best=0.001397@19 | patience=0/30 | time=6.41s *
[2026-04-27 06:36:27] epoch   20/300 | train=0.001341 | val=0.001468 | best=0.001397@19 | patience=1/30 | time=6.38s
[2026-04-27 06:36:33] epoch   21/300 | train=0.001457 | val=0.001440 | best=0.001397@19 | patience=2/30 | time=6.37s
[2026-04-27 06:36:40] epoch   22/300 | train=0.001376 | val=0.001341 | best=0.001341@22 | patience=0/30 | time=6.34s *
[2026-04-27 06:36:46] epoch   23/300 | train=0.001327 | val=0.001438 | best=0.001341@22 | patience=1/30 | time=6.42s
[2026-04-27 06:36:52] epoch   24/300 | train=0.001396 | val=0.001518 | best=0.001341@22 | patience=2/30 | time=6.37s
[2026-04-27 06:36:59] epoch   25/300 | train=0.001483 | val=0.001460 | best=0.001341@22 | patience=3/30 | time=6.37s
[2026-04-27 06:37:05] epoch   26/300 | train=0.001342 | val=0.001349 | best=0.001341@22 | patience=4/30 | time=6.40s
[2026-04-27 06:37:12] epoch   27/300 | train=0.001335 | val=0.001301 | best=0.001301@27 | patience=0/30 | time=6.38s *
[2026-04-27 06:37:18] epoch   28/300 | train=0.001299 | val=0.001293 | best=0.001293@28 | patience=0/30 | time=6.40s *
[2026-04-27 06:37:25] epoch   29/300 | train=0.001286 | val=0.001270 | best=0.001270@29 | patience=0/30 | time=6.36s *
[2026-04-27 06:37:31] epoch   30/300 | train=0.001275 | val=0.001289 | best=0.001270@29 | patience=1/30 | time=6.42s
[2026-04-27 06:37:37] epoch   31/300 | train=0.001287 | val=0.001271 | best=0.001270@29 | patience=2/30 | time=6.38s
[2026-04-27 06:37:44] epoch   32/300 | train=0.001279 | val=0.001265 | best=0.001265@32 | patience=0/30 | time=6.37s *
[2026-04-27 06:37:50] epoch   33/300 | train=0.001267 | val=0.001260 | best=0.001260@33 | patience=0/30 | time=6.40s *
[2026-04-27 06:37:57] epoch   34/300 | train=0.001262 | val=0.001252 | best=0.001252@34 | patience=0/30 | time=6.38s *
[2026-04-27 06:38:03] epoch   35/300 | train=0.001258 | val=0.001288 | best=0.001252@34 | patience=1/30 | time=6.40s
[2026-04-27 06:38:10] epoch   36/300 | train=0.001290 | val=0.001275 | best=0.001252@34 | patience=2/30 | time=6.37s
[2026-04-27 06:38:16] epoch   37/300 | train=0.001282 | val=0.001258 | best=0.001252@34 | patience=3/30 | time=6.43s
[2026-04-27 06:38:23] epoch   38/300 | train=0.001249 | val=0.001328 | best=0.001252@34 | patience=4/30 | time=6.38s
[2026-04-27 06:38:29] epoch   39/300 | train=0.001310 | val=0.001288 | best=0.001252@34 | patience=5/30 | time=6.38s
[2026-04-27 06:38:35] epoch   40/300 | train=0.001267 | val=0.001251 | best=0.001252@34 | patience=6/30 | time=6.39s
[2026-04-27 06:38:42] epoch   41/300 | train=0.001244 | val=0.001274 | best=0.001252@34 | patience=7/30 | time=6.38s
[2026-04-27 06:38:48] epoch   42/300 | train=0.001287 | val=0.001280 | best=0.001252@34 | patience=8/30 | time=6.40s
[2026-04-27 06:38:55] epoch   43/300 | train=0.001272 | val=0.001251 | best=0.001251@43 | patience=0/30 | time=6.37s *
[2026-04-27 06:39:01] epoch   44/300 | train=0.001246 | val=0.001232 | best=0.001232@44 | patience=0/30 | time=6.42s *
[2026-04-27 06:39:08] epoch   45/300 | train=0.001238 | val=0.001292 | best=0.001232@44 | patience=1/30 | time=6.37s
[2026-04-27 06:39:14] epoch   46/300 | train=0.001299 | val=0.001313 | best=0.001232@44 | patience=2/30 | time=6.36s
[2026-04-27 06:39:20] epoch   47/300 | train=0.001257 | val=0.001270 | best=0.001232@44 | patience=3/30 | time=6.36s
[2026-04-27 06:39:27] epoch   48/300 | train=0.001258 | val=0.001243 | best=0.001232@44 | patience=4/30 | time=6.43s
[2026-04-27 06:39:33] epoch   49/300 | train=0.001235 | val=0.001230 | best=0.001230@49 | patience=0/30 | time=6.38s *
[2026-04-27 06:39:40] epoch   50/300 | train=0.001230 | val=0.001224 | best=0.001224@50 | patience=0/30 | time=6.37s *
[2026-04-27 06:39:46] epoch   51/300 | train=0.001223 | val=0.001229 | best=0.001224@50 | patience=1/30 | time=6.40s
[2026-04-27 06:39:53] epoch   52/300 | train=0.001232 | val=0.001228 | best=0.001224@50 | patience=2/30 | time=6.38s
[2026-04-27 06:39:59] epoch   53/300 | train=0.001240 | val=0.001229 | best=0.001224@50 | patience=3/30 | time=6.39s
[2026-04-27 06:40:06] epoch   54/300 | train=0.001226 | val=0.001224 | best=0.001224@50 | patience=4/30 | time=6.37s
[2026-04-27 06:40:12] epoch   55/300 | train=0.001221 | val=0.001223 | best=0.001224@50 | patience=5/30 | time=6.43s
[2026-04-27 06:40:19] epoch   56/300 | train=0.001219 | val=0.001218 | best=0.001218@56 | patience=0/30 | time=6.38s *
[2026-04-27 06:40:25] epoch   57/300 | train=0.001217 | val=0.001238 | best=0.001218@56 | patience=1/30 | time=6.36s
[2026-04-27 06:40:31] epoch   58/300 | train=0.001227 | val=0.001224 | best=0.001218@56 | patience=2/30 | time=6.40s
[2026-04-27 06:40:38] epoch   59/300 | train=0.001218 | val=0.001264 | best=0.001218@56 | patience=3/30 | time=6.39s
[2026-04-27 06:40:44] epoch   60/300 | train=0.001225 | val=0.001214 | best=0.001214@60 | patience=0/30 | time=6.40s *
[2026-04-27 06:40:51] epoch   61/300 | train=0.001216 | val=0.001233 | best=0.001214@60 | patience=1/30 | time=6.36s
[2026-04-27 06:40:57] epoch   62/300 | train=0.001208 | val=0.001208 | best=0.001208@62 | patience=0/30 | time=6.42s *
[2026-04-27 06:41:04] epoch   63/300 | train=0.001209 | val=0.001215 | best=0.001208@62 | patience=1/30 | time=6.38s
[2026-04-27 06:41:10] epoch   64/300 | train=0.001208 | val=0.001210 | best=0.001208@62 | patience=2/30 | time=6.37s
[2026-04-27 06:41:16] epoch   65/300 | train=0.001201 | val=0.001214 | best=0.001208@62 | patience=3/30 | time=6.40s
[2026-04-27 06:41:23] epoch   66/300 | train=0.001198 | val=0.001210 | best=0.001208@62 | patience=4/30 | time=6.38s
[2026-04-27 06:41:29] epoch   67/300 | train=0.001202 | val=0.001210 | best=0.001208@62 | patience=5/30 | time=6.40s
[2026-04-27 06:41:36] epoch   68/300 | train=0.001196 | val=0.001214 | best=0.001208@62 | patience=6/30 | time=6.36s
[2026-04-27 06:41:42] epoch   69/300 | train=0.001191 | val=0.001508 | best=0.001208@62 | patience=7/30 | time=6.39s
[2026-04-27 06:41:49] epoch   70/300 | train=0.001261 | val=0.001357 | best=0.001208@62 | patience=8/30 | time=6.38s
[2026-04-27 06:41:55] epoch   71/300 | train=0.001209 | val=0.001200 | best=0.001200@71 | patience=0/30 | time=6.40s *
[2026-04-27 06:42:01] epoch   72/300 | train=0.001191 | val=0.001364 | best=0.001200@71 | patience=1/30 | time=6.36s
[2026-04-27 06:42:08] epoch   73/300 | train=0.001210 | val=0.001235 | best=0.001200@71 | patience=2/30 | time=6.42s
[2026-04-27 06:42:14] epoch   74/300 | train=0.001192 | val=0.001209 | best=0.001200@71 | patience=3/30 | time=6.37s
[2026-04-27 06:42:21] epoch   75/300 | train=0.001184 | val=0.001194 | best=0.001194@75 | patience=0/30 | time=6.37s *
[2026-04-27 06:42:27] epoch   76/300 | train=0.001177 | val=0.001191 | best=0.001191@76 | patience=0/30 | time=6.39s *
[2026-04-27 06:42:34] epoch   77/300 | train=0.001175 | val=0.001206 | best=0.001191@76 | patience=1/30 | time=6.38s
[2026-04-27 06:42:40] epoch   78/300 | train=0.001177 | val=0.001213 | best=0.001191@76 | patience=2/30 | time=6.40s
[2026-04-27 06:42:47] epoch   79/300 | train=0.001186 | val=0.001187 | best=0.001187@79 | patience=0/30 | time=6.37s *
[2026-04-27 06:42:53] epoch   80/300 | train=0.001172 | val=0.001274 | best=0.001187@79 | patience=1/30 | time=6.42s
[2026-04-27 06:43:00] epoch   81/300 | train=0.001169 | val=0.001271 | best=0.001187@79 | patience=2/30 | time=6.38s
[2026-04-27 06:43:06] epoch   82/300 | train=0.001221 | val=0.001250 | best=0.001187@79 | patience=3/30 | time=6.37s
[2026-04-27 06:43:12] epoch   83/300 | train=0.001200 | val=0.001271 | best=0.001187@79 | patience=4/30 | time=6.40s
[2026-04-27 06:43:19] epoch   84/300 | train=0.001251 | val=0.001218 | best=0.001187@79 | patience=5/30 | time=6.38s
[2026-04-27 06:43:25] epoch   85/300 | train=0.001201 | val=0.001516 | best=0.001187@79 | patience=6/30 | time=6.40s
[2026-04-27 06:43:32] epoch   86/300 | train=0.001172 | val=0.001195 | best=0.001187@79 | patience=7/30 | time=6.36s
[2026-04-27 06:43:38] epoch   87/300 | train=0.001174 | val=0.001283 | best=0.001187@79 | patience=8/30 | time=6.43s
[2026-04-27 06:43:45] epoch   88/300 | train=0.001221 | val=0.001318 | best=0.001187@79 | patience=9/30 | time=6.38s
[2026-04-27 06:43:51] epoch   89/300 | train=0.001168 | val=0.001200 | best=0.001187@79 | patience=10/30 | time=6.37s
[2026-04-27 06:43:57] epoch   90/300 | train=0.001169 | val=0.001281 | best=0.001187@79 | patience=11/30 | time=6.40s
[2026-04-27 06:44:04] epoch   91/300 | train=0.001151 | val=0.001236 | best=0.001187@79 | patience=12/30 | time=6.38s
[2026-04-27 06:44:10] epoch   92/300 | train=0.001152 | val=0.001261 | best=0.001187@79 | patience=13/30 | time=6.39s
[2026-04-27 06:44:17] epoch   93/300 | train=0.001163 | val=0.001212 | best=0.001187@79 | patience=14/30 | time=6.35s
[2026-04-27 06:44:23] epoch   94/300 | train=0.001159 | val=0.001220 | best=0.001187@79 | patience=15/30 | time=6.40s
[2026-04-27 06:44:29] epoch   95/300 | train=0.001140 | val=0.001207 | best=0.001187@79 | patience=16/30 | time=6.38s
[2026-04-27 06:44:36] epoch   96/300 | train=0.001170 | val=0.001183 | best=0.001183@96 | patience=0/30 | time=6.40s *
[2026-04-27 06:44:42] epoch   97/300 | train=0.001159 | val=0.001248 | best=0.001183@96 | patience=1/30 | time=6.37s
[2026-04-27 06:44:49] epoch   98/300 | train=0.001139 | val=0.001340 | best=0.001183@96 | patience=2/30 | time=6.43s
[2026-04-27 06:44:55] epoch   99/300 | train=0.001126 | val=0.001201 | best=0.001183@96 | patience=3/30 | time=6.37s
[2026-04-27 06:45:02] epoch  100/300 | train=0.001133 | val=0.001164 | best=0.001164@100 | patience=0/30 | time=6.37s *
[2026-04-27 06:45:08] epoch  101/300 | train=0.001126 | val=0.001161 | best=0.001161@101 | patience=0/30 | time=6.39s *
[2026-04-27 06:45:15] epoch  102/300 | train=0.001127 | val=0.001134 | best=0.001134@102 | patience=0/30 | time=6.38s *
[2026-04-27 06:45:21] epoch  103/300 | train=0.001119 | val=0.001460 | best=0.001134@102 | patience=1/30 | time=6.40s
[2026-04-27 06:45:27] epoch  104/300 | train=0.001161 | val=0.001299 | best=0.001134@102 | patience=2/30 | time=6.36s
[2026-04-27 06:45:34] epoch  105/300 | train=0.001129 | val=0.001157 | best=0.001134@102 | patience=3/30 | time=6.42s
[2026-04-27 06:45:40] epoch  106/300 | train=0.001119 | val=0.001194 | best=0.001134@102 | patience=4/30 | time=6.38s
[2026-04-27 06:45:47] epoch  107/300 | train=0.001110 | val=0.001204 | best=0.001134@102 | patience=5/30 | time=6.37s
[2026-04-27 06:45:53] epoch  108/300 | train=0.001143 | val=0.002149 | best=0.001134@102 | patience=6/30 | time=6.39s
[2026-04-27 06:46:00] epoch  109/300 | train=0.001130 | val=0.001208 | best=0.001134@102 | patience=7/30 | time=6.38s
[2026-04-27 06:46:06] epoch  110/300 | train=0.001133 | val=0.001191 | best=0.001134@102 | patience=8/30 | time=6.40s
[2026-04-27 06:46:12] epoch  111/300 | train=0.001095 | val=0.001153 | best=0.001134@102 | patience=9/30 | time=6.36s
[2026-04-27 06:46:19] epoch  112/300 | train=0.001084 | val=0.001108 | best=0.001108@112 | patience=0/30 | time=6.42s *
[2026-04-27 06:46:25] epoch  113/300 | train=0.001101 | val=0.001140 | best=0.001108@112 | patience=1/30 | time=6.37s
[2026-04-27 06:46:32] epoch  114/300 | train=0.001094 | val=0.001262 | best=0.001108@112 | patience=2/30 | time=6.37s
[2026-04-27 06:46:38] epoch  115/300 | train=0.001102 | val=0.001135 | best=0.001108@112 | patience=3/30 | time=6.40s
[2026-04-27 06:46:45] epoch  116/300 | train=0.001083 | val=0.001269 | best=0.001108@112 | patience=4/30 | time=6.38s
[2026-04-27 06:46:51] epoch  117/300 | train=0.001085 | val=0.001101 | best=0.001101@117 | patience=0/30 | time=6.38s *
[2026-04-27 06:46:57] epoch  118/300 | train=0.001065 | val=0.001180 | best=0.001101@117 | patience=1/30 | time=6.37s
[2026-04-27 06:47:04] epoch  119/300 | train=0.001102 | val=0.001133 | best=0.001101@117 | patience=2/30 | time=6.40s
[2026-04-27 06:47:10] epoch  120/300 | train=0.001075 | val=0.001160 | best=0.001101@117 | patience=3/30 | time=6.38s
[2026-04-27 06:47:17] epoch  121/300 | train=0.001056 | val=0.001103 | best=0.001101@117 | patience=4/30 | time=6.40s
[2026-04-27 06:47:23] epoch  122/300 | train=0.001069 | val=0.001250 | best=0.001101@117 | patience=5/30 | time=6.36s
[2026-04-27 06:47:30] epoch  123/300 | train=0.001090 | val=0.001229 | best=0.001101@117 | patience=6/30 | time=6.42s
[2026-04-27 06:47:36] epoch  124/300 | train=0.001077 | val=0.001087 | best=0.001087@124 | patience=0/30 | time=6.38s *
[2026-04-27 06:47:43] epoch  125/300 | train=0.001056 | val=0.001079 | best=0.001079@125 | patience=0/30 | time=6.37s *
[2026-04-27 06:47:49] epoch  126/300 | train=0.001031 | val=0.001118 | best=0.001079@125 | patience=1/30 | time=6.40s
[2026-04-27 06:47:55] epoch  127/300 | train=0.001023 | val=0.001077 | best=0.001077@127 | patience=0/30 | time=6.38s *
[2026-04-27 06:48:02] epoch  128/300 | train=0.001039 | val=0.001322 | best=0.001077@127 | patience=1/30 | time=6.40s
[2026-04-27 06:48:08] epoch  129/300 | train=0.001205 | val=0.001683 | best=0.001077@127 | patience=2/30 | time=6.36s
[2026-04-27 06:48:15] epoch  130/300 | train=0.001318 | val=0.002798 | best=0.001077@127 | patience=3/30 | time=6.42s
[2026-04-27 06:48:21] epoch  131/300 | train=0.001169 | val=0.001190 | best=0.001077@127 | patience=4/30 | time=6.37s
[2026-04-27 06:48:28] epoch  132/300 | train=0.001131 | val=0.001139 | best=0.001077@127 | patience=5/30 | time=6.37s
[2026-04-27 06:48:34] epoch  133/300 | train=0.001082 | val=0.001127 | best=0.001077@127 | patience=6/30 | time=6.40s
[2026-04-27 06:48:40] epoch  134/300 | train=0.001078 | val=0.001213 | best=0.001077@127 | patience=7/30 | time=6.38s
[2026-04-27 06:48:47] epoch  135/300 | train=0.001061 | val=0.001153 | best=0.001077@127 | patience=8/30 | time=6.40s
[2026-04-27 06:48:53] epoch  136/300 | train=0.001040 | val=0.001180 | best=0.001077@127 | patience=9/30 | time=6.36s
[2026-04-27 06:49:00] epoch  137/300 | train=0.001043 | val=0.001304 | best=0.001077@127 | patience=10/30 | time=6.42s
[2026-04-27 06:49:06] epoch  138/300 | train=0.001069 | val=0.001097 | best=0.001077@127 | patience=11/30 | time=6.38s
[2026-04-27 06:49:13] epoch  139/300 | train=0.001041 | val=0.001205 | best=0.001077@127 | patience=12/30 | time=6.37s
[2026-04-27 06:49:19] epoch  140/300 | train=0.001044 | val=0.001200 | best=0.001077@127 | patience=13/30 | time=6.35s
[2026-04-27 06:49:25] epoch  141/300 | train=0.001065 | val=0.001193 | best=0.001077@127 | patience=14/30 | time=6.42s
[2026-04-27 06:49:32] epoch  142/300 | train=0.001090 | val=0.001240 | best=0.001077@127 | patience=15/30 | time=6.39s
[2026-04-27 06:49:38] epoch  143/300 | train=0.001229 | val=0.001180 | best=0.001077@127 | patience=16/30 | time=6.37s
[2026-04-27 06:49:45] epoch  144/300 | train=0.001098 | val=0.001145 | best=0.001077@127 | patience=17/30 | time=6.40s
[2026-04-27 06:49:51] epoch  145/300 | train=0.001054 | val=0.001080 | best=0.001077@127 | patience=18/30 | time=6.38s
[2026-04-27 06:49:58] epoch  146/300 | train=0.001029 | val=0.001058 | best=0.001058@146 | patience=0/30 | time=6.40s *
[2026-04-27 06:50:04] epoch  147/300 | train=0.001024 | val=0.001060 | best=0.001058@146 | patience=1/30 | time=6.37s
[2026-04-27 06:50:10] epoch  148/300 | train=0.001035 | val=0.001098 | best=0.001058@146 | patience=2/30 | time=6.42s
[2026-04-27 06:50:17] epoch  149/300 | train=0.001024 | val=0.001017 | best=0.001017@149 | patience=0/30 | time=6.38s *
[2026-04-27 06:50:23] epoch  150/300 | train=0.000991 | val=0.001087 | best=0.001017@149 | patience=1/30 | time=6.37s
[2026-04-27 06:50:30] epoch  151/300 | train=0.001008 | val=0.001023 | best=0.001017@149 | patience=2/30 | time=6.39s
[2026-04-27 06:50:36] epoch  152/300 | train=0.001007 | val=0.001012 | best=0.001012@152 | patience=0/30 | time=6.38s *
[2026-04-27 06:50:43] epoch  153/300 | train=0.000973 | val=0.000983 | best=0.000983@153 | patience=0/30 | time=6.40s *
[2026-04-27 06:50:49] epoch  154/300 | train=0.000956 | val=0.000999 | best=0.000983@153 | patience=1/30 | time=6.36s
[2026-04-27 06:50:56] epoch  155/300 | train=0.000977 | val=0.001021 | best=0.000983@153 | patience=2/30 | time=6.43s
[2026-04-27 06:51:02] epoch  156/300 | train=0.000965 | val=0.001009 | best=0.000983@153 | patience=3/30 | time=6.38s
[2026-04-27 06:51:08] epoch  157/300 | train=0.000971 | val=0.000994 | best=0.000983@153 | patience=4/30 | time=6.37s
[2026-04-27 06:51:15] epoch  158/300 | train=0.000949 | val=0.001009 | best=0.000983@153 | patience=5/30 | time=6.39s
[2026-04-27 06:51:21] epoch  159/300 | train=0.000940 | val=0.000988 | best=0.000983@153 | patience=6/30 | time=6.38s
[2026-04-27 06:51:28] epoch  160/300 | train=0.000944 | val=0.000990 | best=0.000983@153 | patience=7/30 | time=6.40s
[2026-04-27 06:51:34] epoch  161/300 | train=0.000950 | val=0.001128 | best=0.000983@153 | patience=8/30 | time=6.36s
[2026-04-27 06:51:41] epoch  162/300 | train=0.001007 | val=0.001001 | best=0.000983@153 | patience=9/30 | time=6.42s
[2026-04-27 06:51:47] epoch  163/300 | train=0.000968 | val=0.000982 | best=0.000982@163 | patience=0/30 | time=6.38s *
[2026-04-27 06:51:53] epoch  164/300 | train=0.000941 | val=0.000999 | best=0.000982@163 | patience=1/30 | time=6.37s
[2026-04-27 06:52:00] epoch  165/300 | train=0.000935 | val=0.001008 | best=0.000982@163 | patience=2/30 | time=6.39s
[2026-04-27 06:52:06] epoch  166/300 | train=0.000932 | val=0.000971 | best=0.000971@166 | patience=0/30 | time=6.38s *
[2026-04-27 06:52:13] epoch  167/300 | train=0.000911 | val=0.000968 | best=0.000968@167 | patience=0/30 | time=6.40s *
[2026-04-27 06:52:19] epoch  168/300 | train=0.000919 | val=0.000985 | best=0.000968@167 | patience=1/30 | time=6.35s
[2026-04-27 06:52:26] epoch  169/300 | train=0.000922 | val=0.000971 | best=0.000968@167 | patience=2/30 | time=6.40s
[2026-04-27 06:52:32] epoch  170/300 | train=0.000926 | val=0.000976 | best=0.000968@167 | patience=3/30 | time=6.38s
[2026-04-27 06:52:39] epoch  171/300 | train=0.000917 | val=0.000955 | best=0.000955@171 | patience=0/30 | time=6.40s *
[2026-04-27 06:52:45] epoch  172/300 | train=0.000908 | val=0.001105 | best=0.000955@171 | patience=1/30 | time=6.36s
[2026-04-27 06:52:51] epoch  173/300 | train=0.000984 | val=0.001015 | best=0.000955@171 | patience=2/30 | time=6.42s
[2026-04-27 06:52:58] epoch  174/300 | train=0.000920 | val=0.000963 | best=0.000955@171 | patience=3/30 | time=6.38s
[2026-04-27 06:53:04] epoch  175/300 | train=0.000922 | val=0.000963 | best=0.000955@171 | patience=4/30 | time=6.37s
[2026-04-27 06:53:11] epoch  176/300 | train=0.000916 | val=0.000968 | best=0.000955@171 | patience=5/30 | time=6.40s
[2026-04-27 06:53:17] epoch  177/300 | train=0.000927 | val=0.000979 | best=0.000955@171 | patience=6/30 | time=6.38s
[2026-04-27 06:53:24] epoch  178/300 | train=0.000909 | val=0.000959 | best=0.000955@171 | patience=7/30 | time=6.40s
[2026-04-27 06:53:30] epoch  179/300 | train=0.000903 | val=0.000959 | best=0.000955@171 | patience=8/30 | time=6.37s
[2026-04-27 06:53:36] epoch  180/300 | train=0.000894 | val=0.000961 | best=0.000955@171 | patience=9/30 | time=6.43s
[2026-04-27 06:53:43] epoch  181/300 | train=0.000894 | val=0.001129 | best=0.000955@171 | patience=10/30 | time=6.38s
[2026-04-27 06:53:49] epoch  182/300 | train=0.000905 | val=0.000942 | best=0.000942@182 | patience=0/30 | time=6.37s *
[2026-04-27 06:53:56] epoch  183/300 | train=0.000888 | val=0.000944 | best=0.000942@182 | patience=1/30 | time=6.40s
[2026-04-27 06:54:02] epoch  184/300 | train=0.000886 | val=0.001018 | best=0.000942@182 | patience=2/30 | time=6.38s
[2026-04-27 06:54:09] epoch  185/300 | train=0.000917 | val=0.000965 | best=0.000942@182 | patience=3/30 | time=6.40s
[2026-04-27 06:54:15] epoch  186/300 | train=0.000889 | val=0.000947 | best=0.000942@182 | patience=4/30 | time=6.36s
[2026-04-27 06:54:21] epoch  187/300 | train=0.000877 | val=0.000951 | best=0.000942@182 | patience=5/30 | time=6.43s
[2026-04-27 06:54:28] epoch  188/300 | train=0.000873 | val=0.000999 | best=0.000942@182 | patience=6/30 | time=6.38s
[2026-04-27 06:54:34] epoch  189/300 | train=0.000876 | val=0.000928 | best=0.000928@189 | patience=0/30 | time=6.37s *
[2026-04-27 06:54:41] epoch  190/300 | train=0.000854 | val=0.000922 | best=0.000922@190 | patience=0/30 | time=6.40s *
[2026-04-27 06:54:47] epoch  191/300 | train=0.000844 | val=0.000930 | best=0.000922@190 | patience=1/30 | time=6.37s
[2026-04-27 06:54:54] epoch  192/300 | train=0.000847 | val=0.000941 | best=0.000922@190 | patience=2/30 | time=6.40s
[2026-04-27 06:55:00] epoch  193/300 | train=0.000841 | val=0.000977 | best=0.000922@190 | patience=3/30 | time=6.36s
[2026-04-27 06:55:07] epoch  194/300 | train=0.000857 | val=0.000966 | best=0.000922@190 | patience=4/30 | time=6.38s
[2026-04-27 06:55:13] epoch  195/300 | train=0.000885 | val=0.000941 | best=0.000922@190 | patience=5/30 | time=6.38s
[2026-04-27 06:55:19] epoch  196/300 | train=0.000851 | val=0.000929 | best=0.000922@190 | patience=6/30 | time=6.40s
[2026-04-27 06:55:26] epoch  197/300 | train=0.000842 | val=0.000925 | best=0.000922@190 | patience=7/30 | time=6.37s
[2026-04-27 06:55:32] epoch  198/300 | train=0.000849 | val=0.000952 | best=0.000922@190 | patience=8/30 | time=6.43s
[2026-04-27 06:55:39] epoch  199/300 | train=0.000860 | val=0.000928 | best=0.000922@190 | patience=9/30 | time=6.38s
[2026-04-27 06:55:45] epoch  200/300 | train=0.000827 | val=0.000908 | best=0.000908@200 | patience=0/30 | time=6.37s *
[2026-04-27 06:55:52] epoch  201/300 | train=0.000811 | val=0.000992 | best=0.000908@200 | patience=1/30 | time=6.40s
[2026-04-27 06:55:58] epoch  202/300 | train=0.000851 | val=0.000957 | best=0.000908@200 | patience=2/30 | time=6.38s
[2026-04-27 06:56:04] epoch  203/300 | train=0.000860 | val=0.000917 | best=0.000908@200 | patience=3/30 | time=6.40s
[2026-04-27 06:56:11] epoch  204/300 | train=0.000835 | val=0.000928 | best=0.000908@200 | patience=4/30 | time=6.37s
[2026-04-27 06:56:17] epoch  205/300 | train=0.000826 | val=0.000939 | best=0.000908@200 | patience=5/30 | time=6.43s
[2026-04-27 06:56:24] epoch  206/300 | train=0.000833 | val=0.000907 | best=0.000907@206 | patience=0/30 | time=6.38s *
[2026-04-27 06:56:30] epoch  207/300 | train=0.000822 | val=0.000978 | best=0.000907@206 | patience=1/30 | time=6.37s
[2026-04-27 06:56:37] epoch  208/300 | train=0.000940 | val=0.001016 | best=0.000907@206 | patience=2/30 | time=6.40s
[2026-04-27 06:56:43] epoch  209/300 | train=0.000907 | val=0.000956 | best=0.000907@206 | patience=3/30 | time=6.38s
[2026-04-27 06:56:50] epoch  210/300 | train=0.000872 | val=0.000963 | best=0.000907@206 | patience=4/30 | time=6.40s
[2026-04-27 06:56:56] epoch  211/300 | train=0.000871 | val=0.000926 | best=0.000907@206 | patience=5/30 | time=6.37s
[2026-04-27 06:57:02] epoch  212/300 | train=0.000860 | val=0.001593 | best=0.000907@206 | patience=6/30 | time=6.42s
[2026-04-27 06:57:09] epoch  213/300 | train=0.001005 | val=0.000996 | best=0.000907@206 | patience=7/30 | time=6.37s
[2026-04-27 06:57:15] epoch  214/300 | train=0.000907 | val=0.000935 | best=0.000907@206 | patience=8/30 | time=6.37s
[2026-04-27 06:57:22] epoch  215/300 | train=0.000862 | val=0.000944 | best=0.000907@206 | patience=9/30 | time=6.39s
[2026-04-27 06:57:28] epoch  216/300 | train=0.000844 | val=0.000914 | best=0.000907@206 | patience=10/30 | time=6.38s
[2026-04-27 06:57:35] epoch  217/300 | train=0.000824 | val=0.000899 | best=0.000899@217 | patience=0/30 | time=6.40s *
[2026-04-27 06:57:41] epoch  218/300 | train=0.000813 | val=0.000894 | best=0.000894@218 | patience=0/30 | time=6.37s *
[2026-04-27 06:57:47] epoch  219/300 | train=0.000801 | val=0.000897 | best=0.000894@218 | patience=1/30 | time=6.42s
[2026-04-27 06:57:54] epoch  220/300 | train=0.000796 | val=0.000895 | best=0.000894@218 | patience=2/30 | time=6.38s
[2026-04-27 06:58:00] epoch  221/300 | train=0.000792 | val=0.000904 | best=0.000894@218 | patience=3/30 | time=6.36s
[2026-04-27 06:58:07] epoch  222/300 | train=0.000804 | val=0.000930 | best=0.000894@218 | patience=4/30 | time=6.37s
[2026-04-27 06:58:13] epoch  223/300 | train=0.000821 | val=0.000925 | best=0.000894@218 | patience=5/30 | time=6.43s
[2026-04-27 06:58:20] epoch  224/300 | train=0.000846 | val=0.000924 | best=0.000894@218 | patience=6/30 | time=6.38s
[2026-04-27 06:58:26] epoch  225/300 | train=0.000826 | val=0.000949 | best=0.000894@218 | patience=7/30 | time=6.38s
[2026-04-27 06:58:32] epoch  226/300 | train=0.000826 | val=0.000895 | best=0.000894@218 | patience=8/30 | time=6.40s
[2026-04-27 06:58:39] epoch  227/300 | train=0.000797 | val=0.000890 | best=0.000890@227 | patience=0/30 | time=6.38s *
[2026-04-27 06:58:45] epoch  228/300 | train=0.000782 | val=0.000885 | best=0.000885@228 | patience=0/30 | time=6.40s *
[2026-04-27 06:58:52] epoch  229/300 | train=0.000793 | val=0.000894 | best=0.000885@228 | patience=1/30 | time=6.37s
[2026-04-27 06:58:58] epoch  230/300 | train=0.000769 | val=0.000908 | best=0.000885@228 | patience=2/30 | time=6.43s
[2026-04-27 06:59:05] epoch  231/300 | train=0.000785 | val=0.000962 | best=0.000885@228 | patience=3/30 | time=6.38s
[2026-04-27 06:59:11] epoch  232/300 | train=0.000822 | val=0.000902 | best=0.000885@228 | patience=4/30 | time=6.38s
[2026-04-27 06:59:18] epoch  233/300 | train=0.000791 | val=0.000884 | best=0.000885@228 | patience=5/30 | time=6.40s
[2026-04-27 06:59:24] epoch  234/300 | train=0.000772 | val=0.000878 | best=0.000878@234 | patience=0/30 | time=6.38s *
[2026-04-27 06:59:30] epoch  235/300 | train=0.000759 | val=0.000880 | best=0.000878@234 | patience=1/30 | time=6.40s
[2026-04-27 06:59:37] epoch  236/300 | train=0.000751 | val=0.000908 | best=0.000878@234 | patience=2/30 | time=6.36s
[2026-04-27 06:59:43] epoch  237/300 | train=0.000752 | val=0.000866 | best=0.000866@237 | patience=0/30 | time=6.43s *
[2026-04-27 06:59:50] epoch  238/300 | train=0.000737 | val=0.000893 | best=0.000866@237 | patience=1/30 | time=6.38s
[2026-04-27 06:59:56] epoch  239/300 | train=0.000789 | val=0.000910 | best=0.000866@237 | patience=2/30 | time=6.38s
[2026-04-27 07:00:03] epoch  240/300 | train=0.000786 | val=0.000888 | best=0.000866@237 | patience=3/30 | time=6.40s
[2026-04-27 07:00:09] epoch  241/300 | train=0.000761 | val=0.000896 | best=0.000866@237 | patience=4/30 | time=6.38s
[2026-04-27 07:00:15] epoch  242/300 | train=0.000768 | val=0.000912 | best=0.000866@237 | patience=5/30 | time=6.40s
[2026-04-27 07:00:22] epoch  243/300 | train=0.000776 | val=0.000889 | best=0.000866@237 | patience=6/30 | time=6.37s
[2026-04-27 07:00:28] epoch  244/300 | train=0.000770 | val=0.000908 | best=0.000866@237 | patience=7/30 | time=6.43s
[2026-04-27 07:00:35] epoch  245/300 | train=0.000776 | val=0.000898 | best=0.000866@237 | patience=8/30 | time=6.38s
[2026-04-27 07:00:41] epoch  246/300 | train=0.000775 | val=0.000881 | best=0.000866@237 | patience=9/30 | time=6.37s
[2026-04-27 07:00:48] epoch  247/300 | train=0.000754 | val=0.000868 | best=0.000866@237 | patience=10/30 | time=6.40s
[2026-04-27 07:00:54] epoch  248/300 | train=0.000737 | val=0.000869 | best=0.000866@237 | patience=11/30 | time=6.38s
[2026-04-27 07:01:00] epoch  249/300 | train=0.000712 | val=0.000916 | best=0.000866@237 | patience=12/30 | time=6.38s
[2026-04-27 07:01:07] epoch  250/300 | train=0.000785 | val=0.000933 | best=0.000866@237 | patience=13/30 | time=6.37s
[2026-04-27 07:01:13] epoch  251/300 | train=0.000779 | val=0.000890 | best=0.000866@237 | patience=14/30 | time=6.40s
[2026-04-27 07:01:20] epoch  252/300 | train=0.000757 | val=0.000876 | best=0.000866@237 | patience=15/30 | time=6.38s
[2026-04-27 07:01:26] epoch  253/300 | train=0.000727 | val=0.000877 | best=0.000866@237 | patience=16/30 | time=6.40s
[2026-04-27 07:01:33] epoch  254/300 | train=0.000733 | val=0.000900 | best=0.000866@237 | patience=17/30 | time=6.37s
[2026-04-27 07:01:39] epoch  255/300 | train=0.000753 | val=0.000895 | best=0.000866@237 | patience=18/30 | time=6.43s
[2026-04-27 07:01:46] epoch  256/300 | train=0.000753 | val=0.000923 | best=0.000866@237 | patience=19/30 | time=6.38s
[2026-04-27 07:01:52] epoch  257/300 | train=0.000784 | val=0.000906 | best=0.000866@237 | patience=20/30 | time=6.37s
[2026-04-27 07:01:58] epoch  258/300 | train=0.000752 | val=0.000872 | best=0.000866@237 | patience=21/30 | time=6.40s
[2026-04-27 07:02:05] epoch  259/300 | train=0.000732 | val=0.000860 | best=0.000860@259 | patience=0/30 | time=6.38s *
[2026-04-27 07:02:11] epoch  260/300 | train=0.000731 | val=0.000858 | best=0.000858@260 | patience=0/30 | time=6.40s *
[2026-04-27 07:02:18] epoch  261/300 | train=0.000720 | val=0.000850 | best=0.000850@261 | patience=0/30 | time=6.36s *
[2026-04-27 07:02:24] epoch  262/300 | train=0.000692 | val=0.000915 | best=0.000850@261 | patience=1/30 | time=6.43s
[2026-04-27 07:02:31] epoch  263/300 | train=0.000741 | val=0.000879 | best=0.000850@261 | patience=2/30 | time=6.38s
[2026-04-27 07:02:37] epoch  264/300 | train=0.000729 | val=0.000864 | best=0.000850@261 | patience=3/30 | time=6.37s
[2026-04-27 07:02:44] epoch  265/300 | train=0.000702 | val=0.000877 | best=0.000850@261 | patience=4/30 | time=6.40s
[2026-04-27 07:02:50] epoch  266/300 | train=0.000718 | val=0.000885 | best=0.000850@261 | patience=5/30 | time=6.38s
[2026-04-27 07:02:56] epoch  267/300 | train=0.000722 | val=0.000876 | best=0.000850@261 | patience=6/30 | time=6.40s
[2026-04-27 07:03:03] epoch  268/300 | train=0.000701 | val=0.000857 | best=0.000850@261 | patience=7/30 | time=6.37s
[2026-04-27 07:03:09] epoch  269/300 | train=0.000694 | val=0.000865 | best=0.000850@261 | patience=8/30 | time=6.43s
[2026-04-27 07:03:16] epoch  270/300 | train=0.000696 | val=0.000868 | best=0.000850@261 | patience=9/30 | time=6.38s
[2026-04-27 07:03:22] epoch  271/300 | train=0.000689 | val=0.000853 | best=0.000850@261 | patience=10/30 | time=6.37s
[2026-04-27 07:03:29] epoch  272/300 | train=0.000687 | val=0.000902 | best=0.000850@261 | patience=11/30 | time=6.40s
[2026-04-27 07:03:35] epoch  273/300 | train=0.000713 | val=0.000869 | best=0.000850@261 | patience=12/30 | time=6.38s
[2026-04-27 07:03:41] epoch  274/300 | train=0.000693 | val=0.000887 | best=0.000850@261 | patience=13/30 | time=6.39s
[2026-04-27 07:03:48] epoch  275/300 | train=0.000704 | val=0.000875 | best=0.000850@261 | patience=14/30 | time=6.37s
[2026-04-27 07:03:54] epoch  276/300 | train=0.000681 | val=0.000881 | best=0.000850@261 | patience=15/30 | time=6.43s
[2026-04-27 07:04:01] epoch  277/300 | train=0.000693 | val=0.000859 | best=0.000850@261 | patience=16/30 | time=6.33s
[2026-04-27 07:04:07] epoch  278/300 | train=0.000673 | val=0.000925 | best=0.000850@261 | patience=17/30 | time=6.40s
[2026-04-27 07:04:14] epoch  279/300 | train=0.000720 | val=0.000881 | best=0.000850@261 | patience=18/30 | time=6.36s
[2026-04-27 07:04:20] epoch  280/300 | train=0.000704 | val=0.000888 | best=0.000850@261 | patience=19/30 | time=6.43s
[2026-04-27 07:04:27] epoch  281/300 | train=0.000706 | val=0.000881 | best=0.000850@261 | patience=20/30 | time=6.38s
[2026-04-27 07:04:33] epoch  282/300 | train=0.000682 | val=0.000860 | best=0.000850@261 | patience=21/30 | time=6.38s
[2026-04-27 07:04:39] epoch  283/300 | train=0.000661 | val=0.000864 | best=0.000850@261 | patience=22/30 | time=6.40s
[2026-04-27 07:04:46] epoch  284/300 | train=0.000679 | val=0.000927 | best=0.000850@261 | patience=23/30 | time=6.38s
[2026-04-27 07:04:52] epoch  285/300 | train=0.000768 | val=0.000929 | best=0.000850@261 | patience=24/30 | time=6.40s
[2026-04-27 07:04:59] epoch  286/300 | train=0.000727 | val=0.000886 | best=0.000850@261 | patience=25/30 | time=6.37s
[2026-04-27 07:05:05] epoch  287/300 | train=0.000726 | val=0.000873 | best=0.000850@261 | patience=26/30 | time=6.43s
[2026-04-27 07:05:12] epoch  288/300 | train=0.000728 | val=0.000905 | best=0.000850@261 | patience=27/30 | time=6.38s
[2026-04-27 07:05:18] epoch  289/300 | train=0.000730 | val=0.000879 | best=0.000850@261 | patience=28/30 | time=6.37s
[2026-04-27 07:05:24] epoch  290/300 | train=0.000706 | val=0.000865 | best=0.000850@261 | patience=29/30 | time=6.40s
[2026-04-27 07:05:31] epoch  291/300 | train=0.000691 | val=0.000855 | best=0.000850@261 | patience=30/30 | time=6.38s
[2026-04-27 07:05:31]   early stopping at epoch 291 (no improvement for 30 epochs)
[2026-04-27 07:05:31] Training done: stop_reason=early_stop, total_epochs=291, best_epoch=261, best_val=0.000850
[2026-04-27 07:05:31] Reloading best checkpoint (epoch 261) for evaluation
[2026-04-27 07:05:40] ------------------------------------------------------------
[2026-04-27 07:05:40] Evaluation:
[2026-04-27 07:05:40]   AUC broken_lcfs         : 0.5948
[2026-04-27 07:05:40]   AUC bad_black_core      : 0.9954
[2026-04-27 07:05:40]   AUC bad_nonconverged    : 0.9960
[2026-04-27 07:05:40]   objective      : 0.8353
[2026-04-27 07:05:40]   floor_ok       : True
[2026-04-27 07:05:40]   threshold      : 0.0747
[2026-04-27 07:05:40]   mu / sigma     : 0.000691577 / 0.000191194
[2026-04-27 07:05:40] Train time=2055.6s, eval time=9.5s
