[2026-04-27 03:11:34] ============================================================
[2026-04-27 03:11:34] Trial 63 starting on cuda:0
[2026-04-27 03:11:34] Timestamp: 2026-04-27T03:11:34.269184
[2026-04-27 03:11:34] --- Config summary ---
  bottleneck_dim  : 148
  n_enc_layers    : 5
  n_dec_layers    : 4
  base_channels   : 60
  growth_factor   : 1.8326968261051293
  use_batchnorm   : True
  use_hpf         : True
  hpf_sigma       : 1.018020263211859
  lr              : 9.741754126773515e-05
  batch_size      : 32
  max_epochs      : 300
  patience        : 30
  seed            : 42
  deterministic   : False
  trial_num       : 63
[2026-04-27 03:11:34] Loading train/val/selection splits...
[2026-04-27 03:12:32] Splits loaded in 58.7s: n_train=722, n_val=120, n_selection=405
[2026-04-27 03:12:34] --- Architecture summary ---
  channels per enc layer : [60, 110, 202, 369, 677]
  final spatial size     : 8x8
  flat size before latent: 43328
  bottleneck_dim         : 148
  total parameters       : 40,949,312
[2026-04-27 03:12:34] Starting training: n_train=722, n_val=120, device=cuda:0
[2026-04-27 03:18:02] epoch    1/300 | train=0.006975 | val=0.005228 | best=0.005228@1 | patience=0/30 | time=326.83s *
[2026-04-27 03:18:11] epoch    2/300 | train=0.002891 | val=0.003277 | best=0.003277@2 | patience=0/30 | time=9.00s *
[2026-04-27 03:18:21] epoch    3/300 | train=0.002578 | val=0.002855 | best=0.002855@3 | patience=0/30 | time=9.23s *
[2026-04-27 03:18:31] epoch    4/300 | train=0.002348 | val=0.002362 | best=0.002362@4 | patience=0/30 | time=9.31s *
[2026-04-27 03:18:41] epoch    5/300 | train=0.002080 | val=0.002000 | best=0.002000@5 | patience=0/30 | time=9.25s *
[2026-04-27 03:18:51] epoch    6/300 | train=0.001775 | val=0.001762 | best=0.001762@6 | patience=0/30 | time=9.05s *
[2026-04-27 03:19:01] epoch    7/300 | train=0.001575 | val=0.001543 | best=0.001543@7 | patience=0/30 | time=9.31s *
[2026-04-27 03:19:11] epoch    8/300 | train=0.001441 | val=0.001412 | best=0.001412@8 | patience=0/30 | time=9.26s *
[2026-04-27 03:19:21] epoch    9/300 | train=0.001389 | val=0.001353 | best=0.001353@9 | patience=0/30 | time=9.02s *
[2026-04-27 03:19:31] epoch   10/300 | train=0.001363 | val=0.001330 | best=0.001330@10 | patience=0/30 | time=9.05s *
[2026-04-27 03:19:41] epoch   11/300 | train=0.001327 | val=0.001299 | best=0.001299@11 | patience=0/30 | time=9.26s *
[2026-04-27 03:19:51] epoch   12/300 | train=0.001303 | val=0.001288 | best=0.001288@12 | patience=0/30 | time=9.26s *
[2026-04-27 03:20:01] epoch   13/300 | train=0.001293 | val=0.001281 | best=0.001281@13 | patience=0/30 | time=9.21s *
[2026-04-27 03:20:11] epoch   14/300 | train=0.001282 | val=0.001262 | best=0.001262@14 | patience=0/30 | time=9.07s *
[2026-04-27 03:20:21] epoch   15/300 | train=0.001272 | val=0.001258 | best=0.001258@15 | patience=0/30 | time=9.32s *
[2026-04-27 03:20:30] epoch   16/300 | train=0.001313 | val=0.001267 | best=0.001258@15 | patience=1/30 | time=9.24s
[2026-04-27 03:20:40] epoch   17/300 | train=0.001259 | val=0.001248 | best=0.001248@17 | patience=0/30 | time=9.03s *
[2026-04-27 03:20:49] epoch   18/300 | train=0.001263 | val=0.001252 | best=0.001248@17 | patience=1/30 | time=9.34s
[2026-04-27 03:20:59] epoch   19/300 | train=0.001235 | val=0.001224 | best=0.001224@19 | patience=0/30 | time=9.22s *
[2026-04-27 03:21:09] epoch   20/300 | train=0.001228 | val=0.001222 | best=0.001222@20 | patience=0/30 | time=9.30s *
[2026-04-27 03:21:18] epoch   21/300 | train=0.001232 | val=0.001235 | best=0.001222@20 | patience=1/30 | time=9.05s
[2026-04-27 03:21:28] epoch   22/300 | train=0.001210 | val=0.001202 | best=0.001202@22 | patience=0/30 | time=9.27s *
[2026-04-27 03:21:38] epoch   23/300 | train=0.001204 | val=0.001207 | best=0.001202@22 | patience=1/30 | time=9.27s
[2026-04-27 03:21:48] epoch   24/300 | train=0.001194 | val=0.001193 | best=0.001193@24 | patience=0/30 | time=9.24s *
[2026-04-27 03:21:57] epoch   25/300 | train=0.001186 | val=0.001197 | best=0.001193@24 | patience=1/30 | time=9.10s
[2026-04-27 03:22:06] epoch   26/300 | train=0.001188 | val=0.001200 | best=0.001193@24 | patience=2/30 | time=9.34s
[2026-04-27 03:22:16] epoch   27/300 | train=0.001181 | val=0.001200 | best=0.001193@24 | patience=3/30 | time=9.16s
[2026-04-27 03:22:26] epoch   28/300 | train=0.001171 | val=0.001179 | best=0.001179@28 | patience=0/30 | time=9.11s *
[2026-04-27 03:22:36] epoch   29/300 | train=0.001168 | val=0.001161 | best=0.001161@29 | patience=0/30 | time=9.33s *
[2026-04-27 03:22:45] epoch   30/300 | train=0.001151 | val=0.001184 | best=0.001161@29 | patience=1/30 | time=9.27s
[2026-04-27 03:22:55] epoch   31/300 | train=0.001147 | val=0.001143 | best=0.001143@31 | patience=0/30 | time=9.31s *
[2026-04-27 03:23:04] epoch   32/300 | train=0.001132 | val=0.001146 | best=0.001143@31 | patience=1/30 | time=9.05s
[2026-04-27 03:23:14] epoch   33/300 | train=0.001128 | val=0.001130 | best=0.001130@33 | patience=0/30 | time=9.29s *
[2026-04-27 03:23:24] epoch   34/300 | train=0.001120 | val=0.001121 | best=0.001121@34 | patience=0/30 | time=9.27s *
[2026-04-27 03:23:34] epoch   35/300 | train=0.001100 | val=0.001136 | best=0.001121@34 | patience=1/30 | time=9.26s
[2026-04-27 03:23:43] epoch   36/300 | train=0.001090 | val=0.001094 | best=0.001094@36 | patience=0/30 | time=9.09s *
[2026-04-27 03:23:53] epoch   37/300 | train=0.001070 | val=0.001076 | best=0.001076@37 | patience=0/30 | time=9.34s *
[2026-04-27 03:24:03] epoch   38/300 | train=0.001060 | val=0.001078 | best=0.001076@37 | patience=1/30 | time=9.27s
[2026-04-27 03:24:12] epoch   39/300 | train=0.001050 | val=0.001078 | best=0.001076@37 | patience=2/30 | time=9.04s
[2026-04-27 03:24:21] epoch   40/300 | train=0.001052 | val=0.001104 | best=0.001076@37 | patience=3/30 | time=9.35s
[2026-04-27 03:24:31] epoch   41/300 | train=0.001033 | val=0.001070 | best=0.001070@41 | patience=0/30 | time=9.25s *
[2026-04-27 03:24:41] epoch   42/300 | train=0.001027 | val=0.001042 | best=0.001042@42 | patience=0/30 | time=9.30s *
[2026-04-27 03:24:51] epoch   43/300 | train=0.001012 | val=0.001036 | best=0.001036@43 | patience=0/30 | time=9.05s *
[2026-04-27 03:25:01] epoch   44/300 | train=0.001009 | val=0.001040 | best=0.001036@43 | patience=1/30 | time=9.27s
[2026-04-27 03:25:11] epoch   45/300 | train=0.000994 | val=0.001029 | best=0.001029@45 | patience=0/30 | time=9.29s *
[2026-04-27 03:25:21] epoch   46/300 | train=0.000989 | val=0.001006 | best=0.001006@46 | patience=0/30 | time=9.17s *
[2026-04-27 03:25:30] epoch   47/300 | train=0.000972 | val=0.001004 | best=0.001004@47 | patience=0/30 | time=9.11s *
[2026-04-27 03:25:41] epoch   48/300 | train=0.000965 | val=0.000987 | best=0.000987@48 | patience=0/30 | time=9.34s *
[2026-04-27 03:25:51] epoch   49/300 | train=0.000954 | val=0.000979 | best=0.000979@49 | patience=0/30 | time=9.23s *
[2026-04-27 03:26:01] epoch   50/300 | train=0.000951 | val=0.000977 | best=0.000977@50 | patience=0/30 | time=9.03s *
[2026-04-27 03:26:10] epoch   51/300 | train=0.000941 | val=0.000977 | best=0.000977@50 | patience=1/30 | time=9.05s
[2026-04-27 03:26:20] epoch   52/300 | train=0.000927 | val=0.000959 | best=0.000959@52 | patience=0/30 | time=9.23s *
[2026-04-27 03:26:29] epoch   53/300 | train=0.000923 | val=0.001011 | best=0.000959@52 | patience=1/30 | time=9.29s
[2026-04-27 03:26:39] epoch   54/300 | train=0.000921 | val=0.000957 | best=0.000957@54 | patience=0/30 | time=9.06s *
[2026-04-27 03:26:48] epoch   55/300 | train=0.000911 | val=0.000968 | best=0.000957@54 | patience=1/30 | time=9.07s
[2026-04-27 03:26:58] epoch   56/300 | train=0.000905 | val=0.000944 | best=0.000944@56 | patience=0/30 | time=9.45s *
[2026-04-27 03:27:08] epoch   57/300 | train=0.000884 | val=0.000952 | best=0.000944@56 | patience=1/30 | time=9.20s
[2026-04-27 03:27:18] epoch   58/300 | train=0.000878 | val=0.000928 | best=0.000928@58 | patience=0/30 | time=9.10s *
[2026-04-27 03:27:27] epoch   59/300 | train=0.000884 | val=0.000968 | best=0.000928@58 | patience=1/30 | time=9.33s
[2026-04-27 03:27:37] epoch   60/300 | train=0.000884 | val=0.000927 | best=0.000927@60 | patience=0/30 | time=9.24s *
[2026-04-27 03:27:46] epoch   61/300 | train=0.000874 | val=0.000975 | best=0.000927@60 | patience=1/30 | time=9.03s
[2026-04-27 03:27:56] epoch   62/300 | train=0.000873 | val=0.000923 | best=0.000923@62 | patience=0/30 | time=9.40s *
[2026-04-27 03:28:06] epoch   63/300 | train=0.000854 | val=0.000957 | best=0.000923@62 | patience=1/30 | time=9.30s
[2026-04-27 03:28:16] epoch   64/300 | train=0.000842 | val=0.000902 | best=0.000902@64 | patience=0/30 | time=9.29s *
[2026-04-27 03:28:25] epoch   65/300 | train=0.000840 | val=0.000912 | best=0.000902@64 | patience=1/30 | time=9.23s
[2026-04-27 03:28:35] epoch   66/300 | train=0.000831 | val=0.000900 | best=0.000900@66 | patience=0/30 | time=9.08s *
[2026-04-27 03:28:45] epoch   67/300 | train=0.000817 | val=0.000898 | best=0.000898@67 | patience=0/30 | time=9.36s *
[2026-04-27 03:28:54] epoch   68/300 | train=0.000813 | val=0.000902 | best=0.000898@67 | patience=1/30 | time=9.20s
[2026-04-27 03:29:04] epoch   69/300 | train=0.000806 | val=0.000921 | best=0.000898@67 | patience=2/30 | time=9.10s
[2026-04-27 03:29:13] epoch   70/300 | train=0.000806 | val=0.000902 | best=0.000898@67 | patience=3/30 | time=9.42s
[2026-04-27 03:29:23] epoch   71/300 | train=0.000801 | val=0.000904 | best=0.000898@67 | patience=4/30 | time=9.27s
[2026-04-27 03:29:32] epoch   72/300 | train=0.000794 | val=0.000897 | best=0.000897@72 | patience=0/30 | time=9.04s *
[2026-04-27 03:29:42] epoch   73/300 | train=0.000782 | val=0.000897 | best=0.000897@72 | patience=1/30 | time=9.42s
[2026-04-27 03:29:52] epoch   74/300 | train=0.000775 | val=0.000889 | best=0.000889@74 | patience=0/30 | time=9.26s *
[2026-04-27 03:30:01] epoch   75/300 | train=0.000777 | val=0.000899 | best=0.000889@74 | patience=1/30 | time=9.33s
[2026-04-27 03:30:11] epoch   76/300 | train=0.000769 | val=0.000887 | best=0.000887@76 | patience=0/30 | time=9.06s *
[2026-04-27 03:30:21] epoch   77/300 | train=0.000756 | val=0.000884 | best=0.000884@77 | patience=0/30 | time=9.08s *
[2026-04-27 03:30:31] epoch   78/300 | train=0.000764 | val=0.000885 | best=0.000884@77 | patience=1/30 | time=9.35s
[2026-04-27 03:30:41] epoch   79/300 | train=0.000754 | val=0.000878 | best=0.000878@79 | patience=0/30 | time=9.19s *
[2026-04-27 03:30:50] epoch   80/300 | train=0.000735 | val=0.000891 | best=0.000878@79 | patience=1/30 | time=9.10s
[2026-04-27 03:31:01] epoch   81/300 | train=0.000736 | val=0.000875 | best=0.000875@81 | patience=0/30 | time=9.42s *
[2026-04-27 03:31:10] epoch   82/300 | train=0.000732 | val=0.000883 | best=0.000875@81 | patience=1/30 | time=9.25s
[2026-04-27 03:31:20] epoch   83/300 | train=0.000726 | val=0.000868 | best=0.000868@83 | patience=0/30 | time=9.04s *
[2026-04-27 03:31:29] epoch   84/300 | train=0.000723 | val=0.000871 | best=0.000868@83 | patience=1/30 | time=9.06s
[2026-04-27 03:31:39] epoch   85/300 | train=0.000718 | val=0.000874 | best=0.000868@83 | patience=2/30 | time=9.23s
[2026-04-27 03:31:48] epoch   86/300 | train=0.000709 | val=0.000877 | best=0.000868@83 | patience=3/30 | time=9.28s
[2026-04-27 03:31:57] epoch   87/300 | train=0.000698 | val=0.000877 | best=0.000868@83 | patience=4/30 | time=9.06s
[2026-04-27 03:32:07] epoch   88/300 | train=0.000695 | val=0.000858 | best=0.000858@88 | patience=0/30 | time=9.26s *
[2026-04-27 03:32:17] epoch   89/300 | train=0.000684 | val=0.000860 | best=0.000858@88 | patience=1/30 | time=9.35s
[2026-04-27 03:32:26] epoch   90/300 | train=0.000679 | val=0.000857 | best=0.000858@88 | patience=2/30 | time=9.17s
[2026-04-27 03:32:36] epoch   91/300 | train=0.000672 | val=0.000854 | best=0.000854@91 | patience=0/30 | time=9.08s *
[2026-04-27 03:32:45] epoch   92/300 | train=0.000676 | val=0.000868 | best=0.000854@91 | patience=1/30 | time=9.33s
[2026-04-27 03:32:55] epoch   93/300 | train=0.000667 | val=0.000881 | best=0.000854@91 | patience=2/30 | time=9.27s
[2026-04-27 03:33:04] epoch   94/300 | train=0.000657 | val=0.000853 | best=0.000854@91 | patience=3/30 | time=9.04s
[2026-04-27 03:33:14] epoch   95/300 | train=0.000648 | val=0.000861 | best=0.000854@91 | patience=4/30 | time=9.41s
[2026-04-27 03:33:23] epoch   96/300 | train=0.000645 | val=0.000873 | best=0.000854@91 | patience=5/30 | time=9.23s
[2026-04-27 03:33:32] epoch   97/300 | train=0.000649 | val=0.000864 | best=0.000854@91 | patience=6/30 | time=9.37s
[2026-04-27 03:33:42] epoch   98/300 | train=0.000639 | val=0.000867 | best=0.000854@91 | patience=7/30 | time=9.05s
[2026-04-27 03:33:52] epoch   99/300 | train=0.000623 | val=0.000850 | best=0.000850@99 | patience=0/30 | time=9.23s *
[2026-04-27 03:34:01] epoch  100/300 | train=0.000616 | val=0.000852 | best=0.000850@99 | patience=1/30 | time=9.29s
[2026-04-27 03:34:10] epoch  101/300 | train=0.000614 | val=0.000856 | best=0.000850@99 | patience=2/30 | time=9.06s
[2026-04-27 03:34:20] epoch  102/300 | train=0.000609 | val=0.000863 | best=0.000850@99 | patience=3/30 | time=9.08s
[2026-04-27 03:34:29] epoch  103/300 | train=0.000607 | val=0.000860 | best=0.000850@99 | patience=4/30 | time=9.28s
[2026-04-27 03:34:38] epoch  104/300 | train=0.000602 | val=0.000865 | best=0.000850@99 | patience=5/30 | time=9.17s
[2026-04-27 03:34:48] epoch  105/300 | train=0.000604 | val=0.000867 | best=0.000850@99 | patience=6/30 | time=9.09s
[2026-04-27 03:34:57] epoch  106/300 | train=0.000592 | val=0.000862 | best=0.000850@99 | patience=7/30 | time=9.41s
[2026-04-27 03:35:07] epoch  107/300 | train=0.000582 | val=0.000856 | best=0.000850@99 | patience=8/30 | time=9.15s
[2026-04-27 03:35:16] epoch  108/300 | train=0.000580 | val=0.000860 | best=0.000850@99 | patience=9/30 | time=9.11s
[2026-04-27 03:35:25] epoch  109/300 | train=0.000588 | val=0.000872 | best=0.000850@99 | patience=10/30 | time=9.33s
[2026-04-27 03:35:35] epoch  110/300 | train=0.000597 | val=0.000895 | best=0.000850@99 | patience=11/30 | time=9.24s
[2026-04-27 03:35:44] epoch  111/300 | train=0.000589 | val=0.000862 | best=0.000850@99 | patience=12/30 | time=9.04s
[2026-04-27 03:35:53] epoch  112/300 | train=0.000562 | val=0.000856 | best=0.000850@99 | patience=13/30 | time=9.41s
[2026-04-27 03:36:03] epoch  113/300 | train=0.000560 | val=0.000862 | best=0.000850@99 | patience=14/30 | time=9.27s
[2026-04-27 03:36:12] epoch  114/300 | train=0.000550 | val=0.000853 | best=0.000850@99 | patience=15/30 | time=9.31s
[2026-04-27 03:36:21] epoch  115/300 | train=0.000535 | val=0.000865 | best=0.000850@99 | patience=16/30 | time=9.06s
[2026-04-27 03:36:31] epoch  116/300 | train=0.000528 | val=0.000846 | best=0.000846@116 | patience=0/30 | time=9.30s *
[2026-04-27 03:36:41] epoch  117/300 | train=0.000528 | val=0.000882 | best=0.000846@116 | patience=1/30 | time=9.35s
[2026-04-27 03:36:50] epoch  118/300 | train=0.000539 | val=0.000857 | best=0.000846@116 | patience=2/30 | time=9.27s
[2026-04-27 03:37:00] epoch  119/300 | train=0.000516 | val=0.000860 | best=0.000846@116 | patience=3/30 | time=9.08s
[2026-04-27 03:37:10] epoch  120/300 | train=0.000510 | val=0.000850 | best=0.000846@116 | patience=4/30 | time=9.43s
[2026-04-27 03:37:19] epoch  121/300 | train=0.000501 | val=0.000867 | best=0.000846@116 | patience=5/30 | time=9.16s
[2026-04-27 03:37:28] epoch  122/300 | train=0.000502 | val=0.000858 | best=0.000846@116 | patience=6/30 | time=9.11s
[2026-04-27 03:37:38] epoch  123/300 | train=0.000486 | val=0.000859 | best=0.000846@116 | patience=7/30 | time=9.34s
[2026-04-27 03:37:47] epoch  124/300 | train=0.000478 | val=0.000848 | best=0.000846@116 | patience=8/30 | time=9.24s
[2026-04-27 03:37:56] epoch  125/300 | train=0.000474 | val=0.000856 | best=0.000846@116 | patience=9/30 | time=9.03s
[2026-04-27 03:38:06] epoch  126/300 | train=0.000484 | val=0.000864 | best=0.000846@116 | patience=10/30 | time=9.33s
[2026-04-27 03:38:15] epoch  127/300 | train=0.000480 | val=0.000859 | best=0.000846@116 | patience=11/30 | time=9.24s
[2026-04-27 03:38:24] epoch  128/300 | train=0.000469 | val=0.000891 | best=0.000846@116 | patience=12/30 | time=9.03s
[2026-04-27 03:38:34] epoch  129/300 | train=0.000470 | val=0.000892 | best=0.000846@116 | patience=13/30 | time=9.06s
[2026-04-27 03:38:43] epoch  130/300 | train=0.000475 | val=0.000862 | best=0.000846@116 | patience=14/30 | time=9.26s
[2026-04-27 03:38:52] epoch  131/300 | train=0.000470 | val=0.000867 | best=0.000846@116 | patience=15/30 | time=9.38s
[2026-04-27 03:39:02] epoch  132/300 | train=0.000459 | val=0.000858 | best=0.000846@116 | patience=16/30 | time=9.07s
[2026-04-27 03:39:11] epoch  133/300 | train=0.000443 | val=0.000859 | best=0.000846@116 | patience=17/30 | time=9.30s
[2026-04-27 03:39:20] epoch  134/300 | train=0.000440 | val=0.000864 | best=0.000846@116 | patience=18/30 | time=9.28s
[2026-04-27 03:39:30] epoch  135/300 | train=0.000433 | val=0.000869 | best=0.000846@116 | patience=19/30 | time=9.27s
[2026-04-27 03:39:39] epoch  136/300 | train=0.000430 | val=0.000866 | best=0.000846@116 | patience=20/30 | time=9.09s
[2026-04-27 03:39:49] epoch  137/300 | train=0.000431 | val=0.000869 | best=0.000846@116 | patience=21/30 | time=9.36s
[2026-04-27 03:39:58] epoch  138/300 | train=0.000425 | val=0.000864 | best=0.000846@116 | patience=22/30 | time=9.17s
[2026-04-27 03:40:07] epoch  139/300 | train=0.000422 | val=0.000869 | best=0.000846@116 | patience=23/30 | time=9.08s
[2026-04-27 03:40:17] epoch  140/300 | train=0.000413 | val=0.000859 | best=0.000846@116 | patience=24/30 | time=9.36s
[2026-04-27 03:40:26] epoch  141/300 | train=0.000400 | val=0.000872 | best=0.000846@116 | patience=25/30 | time=9.16s
[2026-04-27 03:40:35] epoch  142/300 | train=0.000405 | val=0.000872 | best=0.000846@116 | patience=26/30 | time=9.09s
[2026-04-27 03:40:45] epoch  143/300 | train=0.000408 | val=0.000871 | best=0.000846@116 | patience=27/30 | time=9.33s
[2026-04-27 03:40:54] epoch  144/300 | train=0.000412 | val=0.000872 | best=0.000846@116 | patience=28/30 | time=9.27s
[2026-04-27 03:41:03] epoch  145/300 | train=0.000399 | val=0.000865 | best=0.000846@116 | patience=29/30 | time=9.03s
[2026-04-27 03:41:13] epoch  146/300 | train=0.000387 | val=0.000873 | best=0.000846@116 | patience=30/30 | time=9.33s
[2026-04-27 03:41:13]   early stopping at epoch 146 (no improvement for 30 epochs)
[2026-04-27 03:41:13] Training done: stop_reason=early_stop, total_epochs=146, best_epoch=116, best_val=0.000846
[2026-04-27 03:41:13] Reloading best checkpoint (epoch 116) for evaluation
[2026-04-27 03:41:33] ------------------------------------------------------------
[2026-04-27 03:41:33] Evaluation:
[2026-04-27 03:41:33]   AUC broken_lcfs         : 0.6323
[2026-04-27 03:41:33]   AUC bad_black_core      : 0.9962
[2026-04-27 03:41:33]   AUC bad_nonconverged    : 0.9973
[2026-04-27 03:41:33]   objective      : 0.8510
[2026-04-27 03:41:33]   floor_ok       : True
[2026-04-27 03:41:33]   threshold      : 0.1322
[2026-04-27 03:41:33]   mu / sigma     : 0.000517722 / 0.000136599
[2026-04-27 03:41:33] Train time=1718.8s, eval time=20.3s
