[2026-04-27 03:26:16] ============================================================
[2026-04-27 03:26:16] Trial 67 starting on cuda:0
[2026-04-27 03:26:16] Timestamp: 2026-04-27T03:26:16.930768
[2026-04-27 03:26:16] --- Config summary ---
  bottleneck_dim  : 230
  n_enc_layers    : 5
  n_dec_layers    : 3
  base_channels   : 55
  growth_factor   : 1.606234125096155
  use_batchnorm   : True
  use_hpf         : True
  hpf_sigma       : 1.0258962925451423
  lr              : 0.0009723734177286401
  batch_size      : 16
  max_epochs      : 300
  patience        : 30
  seed            : 42
  deterministic   : False
  trial_num       : 67
[2026-04-27 03:26:16] Loading train/val/selection splits...
[2026-04-27 03:26:25] Splits loaded in 8.2s: n_train=722, n_val=120, n_selection=405
[2026-04-27 03:26:25] --- Architecture summary ---
  channels per enc layer : [55, 88, 142, 228, 366]
  final spatial size     : 8x8
  flat size before latent: 23424
  bottleneck_dim         : 230
  total parameters       : 18,315,991
[2026-04-27 03:26:25] Starting training: n_train=722, n_val=120, device=cuda:0
[2026-04-27 03:27:38] epoch    1/300 | train=0.003491 | val=0.003089 | best=0.003089@1 | patience=0/30 | time=72.95s *
[2026-04-27 03:27:43] epoch    2/300 | train=0.002703 | val=0.002619 | best=0.002619@2 | patience=0/30 | time=4.95s *
[2026-04-27 03:27:48] epoch    3/300 | train=0.002523 | val=0.002561 | best=0.002561@3 | patience=0/30 | time=4.92s *
[2026-04-27 03:27:53] epoch    4/300 | train=0.002293 | val=0.002232 | best=0.002232@4 | patience=0/30 | time=4.89s *
[2026-04-27 03:27:58] epoch    5/300 | train=0.002076 | val=0.002020 | best=0.002020@5 | patience=0/30 | time=4.96s *
[2026-04-27 03:28:03] epoch    6/300 | train=0.001881 | val=0.001849 | best=0.001849@6 | patience=0/30 | time=4.92s *
[2026-04-27 03:28:08] epoch    7/300 | train=0.001654 | val=0.001630 | best=0.001630@7 | patience=0/30 | time=4.91s *
[2026-04-27 03:28:13] epoch    8/300 | train=0.001507 | val=0.001539 | best=0.001539@8 | patience=0/30 | time=4.97s *
[2026-04-27 03:28:18] epoch    9/300 | train=0.001513 | val=0.001423 | best=0.001423@9 | patience=0/30 | time=4.90s *
[2026-04-27 03:28:23] epoch   10/300 | train=0.001380 | val=0.001378 | best=0.001378@10 | patience=0/30 | time=4.97s *
[2026-04-27 03:28:28] epoch   11/300 | train=0.001363 | val=0.001342 | best=0.001342@11 | patience=0/30 | time=4.92s *
[2026-04-27 03:28:33] epoch   12/300 | train=0.001328 | val=0.001352 | best=0.001342@11 | patience=1/30 | time=4.92s
[2026-04-27 03:28:38] epoch   13/300 | train=0.001316 | val=0.001302 | best=0.001302@13 | patience=0/30 | time=4.98s *
[2026-04-27 03:28:43] epoch   14/300 | train=0.001305 | val=0.001307 | best=0.001302@13 | patience=1/30 | time=4.90s
[2026-04-27 03:28:48] epoch   15/300 | train=0.001295 | val=0.001288 | best=0.001288@15 | patience=0/30 | time=4.94s *
[2026-04-27 03:28:53] epoch   16/300 | train=0.001294 | val=0.001283 | best=0.001283@16 | patience=0/30 | time=4.94s *
[2026-04-27 03:28:58] epoch   17/300 | train=0.001274 | val=0.001321 | best=0.001283@16 | patience=1/30 | time=4.92s
[2026-04-27 03:29:03] epoch   18/300 | train=0.001284 | val=0.001285 | best=0.001283@16 | patience=2/30 | time=4.98s
[2026-04-27 03:29:08] epoch   19/300 | train=0.001258 | val=0.001250 | best=0.001250@19 | patience=0/30 | time=4.90s *
[2026-04-27 03:29:13] epoch   20/300 | train=0.001252 | val=0.001291 | best=0.001250@19 | patience=1/30 | time=4.97s
[2026-04-27 03:29:18] epoch   21/300 | train=0.001279 | val=0.001290 | best=0.001250@19 | patience=2/30 | time=4.92s
[2026-04-27 03:29:23] epoch   22/300 | train=0.001246 | val=0.001237 | best=0.001237@22 | patience=0/30 | time=4.92s *
[2026-04-27 03:29:28] epoch   23/300 | train=0.001241 | val=0.001463 | best=0.001237@22 | patience=1/30 | time=4.98s
[2026-04-27 03:29:33] epoch   24/300 | train=0.001261 | val=0.001266 | best=0.001237@22 | patience=2/30 | time=4.90s
[2026-04-27 03:29:38] epoch   25/300 | train=0.001238 | val=0.001349 | best=0.001237@22 | patience=3/30 | time=4.97s
[2026-04-27 03:29:43] epoch   26/300 | train=0.001231 | val=0.001500 | best=0.001237@22 | patience=4/30 | time=4.92s
[2026-04-27 03:29:48] epoch   27/300 | train=0.001259 | val=0.001266 | best=0.001237@22 | patience=5/30 | time=4.92s
[2026-04-27 03:29:53] epoch   28/300 | train=0.001228 | val=0.001237 | best=0.001237@22 | patience=6/30 | time=4.99s
[2026-04-27 03:29:58] epoch   29/300 | train=0.001229 | val=0.001334 | best=0.001237@22 | patience=7/30 | time=4.91s
[2026-04-27 03:30:03] epoch   30/300 | train=0.001213 | val=0.001244 | best=0.001237@22 | patience=8/30 | time=4.97s
[2026-04-27 03:30:08] epoch   31/300 | train=0.001213 | val=0.001237 | best=0.001237@22 | patience=9/30 | time=4.92s
[2026-04-27 03:30:13] epoch   32/300 | train=0.001206 | val=0.001231 | best=0.001231@32 | patience=0/30 | time=4.92s *
[2026-04-27 03:30:18] epoch   33/300 | train=0.001212 | val=0.001240 | best=0.001231@32 | patience=1/30 | time=4.98s
[2026-04-27 03:30:23] epoch   34/300 | train=0.001210 | val=0.001301 | best=0.001231@32 | patience=2/30 | time=4.91s
[2026-04-27 03:30:28] epoch   35/300 | train=0.001209 | val=0.001230 | best=0.001231@32 | patience=3/30 | time=4.95s
[2026-04-27 03:30:33] epoch   36/300 | train=0.001200 | val=0.001216 | best=0.001216@36 | patience=0/30 | time=4.94s *
[2026-04-27 03:30:38] epoch   37/300 | train=0.001198 | val=0.001194 | best=0.001194@37 | patience=0/30 | time=4.92s *
[2026-04-27 03:30:43] epoch   38/300 | train=0.001192 | val=0.002710 | best=0.001194@37 | patience=1/30 | time=4.98s
[2026-04-27 03:30:48] epoch   39/300 | train=0.001301 | val=0.001252 | best=0.001194@37 | patience=2/30 | time=4.91s
[2026-04-27 03:30:53] epoch   40/300 | train=0.001225 | val=0.001377 | best=0.001194@37 | patience=3/30 | time=4.95s
[2026-04-27 03:30:58] epoch   41/300 | train=0.001207 | val=0.001299 | best=0.001194@37 | patience=4/30 | time=4.94s
[2026-04-27 03:31:03] epoch   42/300 | train=0.001199 | val=0.001230 | best=0.001194@37 | patience=5/30 | time=4.92s
[2026-04-27 03:31:08] epoch   43/300 | train=0.001190 | val=0.001198 | best=0.001194@37 | patience=6/30 | time=4.96s
[2026-04-27 03:31:13] epoch   44/300 | train=0.001186 | val=0.001176 | best=0.001176@44 | patience=0/30 | time=4.94s *
[2026-04-27 03:31:18] epoch   45/300 | train=0.001179 | val=0.001230 | best=0.001176@44 | patience=1/30 | time=4.95s
[2026-04-27 03:31:23] epoch   46/300 | train=0.001188 | val=0.001382 | best=0.001176@44 | patience=2/30 | time=4.94s
[2026-04-27 03:31:28] epoch   47/300 | train=0.001175 | val=0.001205 | best=0.001176@44 | patience=3/30 | time=4.92s
[2026-04-27 03:31:33] epoch   48/300 | train=0.001171 | val=0.001185 | best=0.001176@44 | patience=4/30 | time=4.96s
[2026-04-27 03:31:38] epoch   49/300 | train=0.001169 | val=0.001176 | best=0.001176@44 | patience=5/30 | time=4.94s
[2026-04-27 03:31:43] epoch   50/300 | train=0.001174 | val=0.001246 | best=0.001176@44 | patience=6/30 | time=4.95s
[2026-04-27 03:31:48] epoch   51/300 | train=0.001166 | val=0.001172 | best=0.001172@51 | patience=0/30 | time=4.93s *
[2026-04-27 03:31:53] epoch   52/300 | train=0.001154 | val=0.001291 | best=0.001172@51 | patience=1/30 | time=4.94s
[2026-04-27 03:31:58] epoch   53/300 | train=0.001151 | val=0.001204 | best=0.001172@51 | patience=2/30 | time=4.95s
[2026-04-27 03:32:03] epoch   54/300 | train=0.001150 | val=0.001255 | best=0.001172@51 | patience=3/30 | time=4.94s
[2026-04-27 03:32:08] epoch   55/300 | train=0.001150 | val=0.001157 | best=0.001157@55 | patience=0/30 | time=4.95s *
[2026-04-27 03:32:13] epoch   56/300 | train=0.001134 | val=0.001195 | best=0.001157@55 | patience=1/30 | time=4.93s
[2026-04-27 03:32:18] epoch   57/300 | train=0.001133 | val=0.001208 | best=0.001157@55 | patience=2/30 | time=4.94s
[2026-04-27 03:32:23] epoch   58/300 | train=0.001142 | val=0.001195 | best=0.001157@55 | patience=3/30 | time=4.96s
[2026-04-27 03:32:27] epoch   59/300 | train=0.001123 | val=0.001171 | best=0.001157@55 | patience=4/30 | time=4.94s
[2026-04-27 03:32:33] epoch   60/300 | train=0.001126 | val=0.001122 | best=0.001122@60 | patience=0/30 | time=4.95s *
[2026-04-27 03:32:38] epoch   61/300 | train=0.001119 | val=0.001209 | best=0.001122@60 | patience=1/30 | time=4.93s
[2026-04-27 03:32:42] epoch   62/300 | train=0.001121 | val=0.001137 | best=0.001122@60 | patience=2/30 | time=4.93s
[2026-04-27 03:32:48] epoch   63/300 | train=0.001098 | val=0.001119 | best=0.001119@63 | patience=0/30 | time=4.97s *
[2026-04-27 03:32:53] epoch   64/300 | train=0.001086 | val=0.001104 | best=0.001104@64 | patience=0/30 | time=4.94s *
[2026-04-27 03:32:58] epoch   65/300 | train=0.001080 | val=0.001101 | best=0.001101@65 | patience=0/30 | time=4.95s *
[2026-04-27 03:33:03] epoch   66/300 | train=0.001072 | val=0.001141 | best=0.001101@65 | patience=1/30 | time=4.93s
[2026-04-27 03:33:08] epoch   67/300 | train=0.001074 | val=0.001099 | best=0.001099@67 | patience=0/30 | time=4.92s *
[2026-04-27 03:33:13] epoch   68/300 | train=0.001071 | val=0.001107 | best=0.001099@67 | patience=1/30 | time=4.97s
[2026-04-27 03:33:18] epoch   69/300 | train=0.001047 | val=0.001155 | best=0.001099@67 | patience=2/30 | time=4.94s
[2026-04-27 03:33:23] epoch   70/300 | train=0.001071 | val=0.001237 | best=0.001099@67 | patience=3/30 | time=4.91s
[2026-04-27 03:33:28] epoch   71/300 | train=0.001054 | val=0.001090 | best=0.001090@71 | patience=0/30 | time=4.97s *
[2026-04-27 03:33:33] epoch   72/300 | train=0.001029 | val=0.001098 | best=0.001090@71 | patience=1/30 | time=4.93s
[2026-04-27 03:33:38] epoch   73/300 | train=0.001013 | val=0.001270 | best=0.001090@71 | patience=2/30 | time=4.92s
[2026-04-27 03:33:43] epoch   74/300 | train=0.001035 | val=0.001099 | best=0.001090@71 | patience=3/30 | time=4.94s
[2026-04-27 03:33:48] epoch   75/300 | train=0.001006 | val=0.001064 | best=0.001064@75 | patience=0/30 | time=4.91s *
[2026-04-27 03:33:53] epoch   76/300 | train=0.001003 | val=0.001042 | best=0.001042@76 | patience=0/30 | time=4.97s *
[2026-04-27 03:33:58] epoch   77/300 | train=0.000993 | val=0.001024 | best=0.001024@77 | patience=0/30 | time=4.92s *
[2026-04-27 03:34:03] epoch   78/300 | train=0.000985 | val=0.001066 | best=0.001024@77 | patience=1/30 | time=4.92s
[2026-04-27 03:34:08] epoch   79/300 | train=0.000983 | val=0.001035 | best=0.001024@77 | patience=2/30 | time=4.99s
[2026-04-27 03:34:13] epoch   80/300 | train=0.000968 | val=0.001064 | best=0.001024@77 | patience=3/30 | time=4.91s
[2026-04-27 03:34:18] epoch   81/300 | train=0.000977 | val=0.001068 | best=0.001024@77 | patience=4/30 | time=4.97s
[2026-04-27 03:34:23] epoch   82/300 | train=0.000966 | val=0.001111 | best=0.001024@77 | patience=5/30 | time=4.92s
[2026-04-27 03:34:28] epoch   83/300 | train=0.000962 | val=0.001107 | best=0.001024@77 | patience=6/30 | time=4.93s
[2026-04-27 03:34:33] epoch   84/300 | train=0.000968 | val=0.001025 | best=0.001024@77 | patience=7/30 | time=4.99s
[2026-04-27 03:34:38] epoch   85/300 | train=0.000952 | val=0.001008 | best=0.001008@85 | patience=0/30 | time=4.91s *
[2026-04-27 03:34:43] epoch   86/300 | train=0.000933 | val=0.000969 | best=0.000969@86 | patience=0/30 | time=4.97s *
[2026-04-27 03:34:48] epoch   87/300 | train=0.000936 | val=0.001013 | best=0.000969@86 | patience=1/30 | time=4.93s
[2026-04-27 03:34:53] epoch   88/300 | train=0.000928 | val=0.001004 | best=0.000969@86 | patience=2/30 | time=4.93s
[2026-04-27 03:34:58] epoch   89/300 | train=0.000914 | val=0.000960 | best=0.000960@89 | patience=0/30 | time=4.98s *
[2026-04-27 03:35:03] epoch   90/300 | train=0.000916 | val=0.000972 | best=0.000960@89 | patience=1/30 | time=4.91s
[2026-04-27 03:35:08] epoch   91/300 | train=0.000912 | val=0.001209 | best=0.000960@89 | patience=2/30 | time=4.95s
[2026-04-27 03:35:13] epoch   92/300 | train=0.000922 | val=0.001022 | best=0.000960@89 | patience=3/30 | time=4.94s
[2026-04-27 03:35:18] epoch   93/300 | train=0.000935 | val=0.000953 | best=0.000953@93 | patience=0/30 | time=4.93s *
[2026-04-27 03:35:23] epoch   94/300 | train=0.000895 | val=0.000953 | best=0.000953@93 | patience=1/30 | time=4.98s
[2026-04-27 03:35:28] epoch   95/300 | train=0.000882 | val=0.000928 | best=0.000928@95 | patience=0/30 | time=4.91s *
[2026-04-27 03:35:33] epoch   96/300 | train=0.000868 | val=0.000981 | best=0.000928@95 | patience=1/30 | time=4.95s
[2026-04-27 03:35:38] epoch   97/300 | train=0.000873 | val=0.000941 | best=0.000928@95 | patience=2/30 | time=4.95s
[2026-04-27 03:35:43] epoch   98/300 | train=0.000871 | val=0.000919 | best=0.000919@98 | patience=0/30 | time=4.92s *
[2026-04-27 03:35:48] epoch   99/300 | train=0.000856 | val=0.000941 | best=0.000919@98 | patience=1/30 | time=4.95s
[2026-04-27 03:35:53] epoch  100/300 | train=0.000860 | val=0.000920 | best=0.000919@98 | patience=2/30 | time=4.94s
[2026-04-27 03:35:58] epoch  101/300 | train=0.000844 | val=0.000941 | best=0.000919@98 | patience=3/30 | time=4.95s
[2026-04-27 03:36:03] epoch  102/300 | train=0.000849 | val=0.000913 | best=0.000913@102 | patience=0/30 | time=4.94s *
[2026-04-27 03:36:08] epoch  103/300 | train=0.000830 | val=0.001021 | best=0.000913@102 | patience=1/30 | time=4.92s
[2026-04-27 03:36:13] epoch  104/300 | train=0.000866 | val=0.000912 | best=0.000913@102 | patience=2/30 | time=4.96s
[2026-04-27 03:36:18] epoch  105/300 | train=0.000830 | val=0.000921 | best=0.000913@102 | patience=3/30 | time=4.94s
[2026-04-27 03:36:23] epoch  106/300 | train=0.000814 | val=0.000906 | best=0.000906@106 | patience=0/30 | time=4.95s *
[2026-04-27 03:36:28] epoch  107/300 | train=0.000817 | val=0.000999 | best=0.000906@106 | patience=1/30 | time=4.93s
[2026-04-27 03:36:33] epoch  108/300 | train=0.000848 | val=0.000902 | best=0.000902@108 | patience=0/30 | time=4.94s *
[2026-04-27 03:36:38] epoch  109/300 | train=0.000819 | val=0.000937 | best=0.000902@108 | patience=1/30 | time=4.95s
[2026-04-27 03:36:43] epoch  110/300 | train=0.000831 | val=0.000904 | best=0.000902@108 | patience=2/30 | time=4.94s
[2026-04-27 03:36:48] epoch  111/300 | train=0.000802 | val=0.000912 | best=0.000902@108 | patience=3/30 | time=4.95s
[2026-04-27 03:36:53] epoch  112/300 | train=0.000789 | val=0.000891 | best=0.000891@112 | patience=0/30 | time=4.93s *
[2026-04-27 03:36:58] epoch  113/300 | train=0.000796 | val=0.000941 | best=0.000891@112 | patience=1/30 | time=4.94s
[2026-04-27 03:37:03] epoch  114/300 | train=0.000801 | val=0.000898 | best=0.000891@112 | patience=2/30 | time=4.96s
[2026-04-27 03:37:07] epoch  115/300 | train=0.000790 | val=0.000911 | best=0.000891@112 | patience=3/30 | time=4.94s
[2026-04-27 03:37:13] epoch  116/300 | train=0.000791 | val=0.000874 | best=0.000874@116 | patience=0/30 | time=4.95s *
[2026-04-27 03:37:17] epoch  117/300 | train=0.000766 | val=0.000890 | best=0.000874@116 | patience=1/30 | time=4.93s
[2026-04-27 03:37:22] epoch  118/300 | train=0.000756 | val=0.000888 | best=0.000874@116 | patience=2/30 | time=4.94s
[2026-04-27 03:37:27] epoch  119/300 | train=0.000765 | val=0.000888 | best=0.000874@116 | patience=3/30 | time=4.95s
[2026-04-27 03:37:32] epoch  120/300 | train=0.000770 | val=0.000902 | best=0.000874@116 | patience=4/30 | time=4.94s
[2026-04-27 03:37:37] epoch  121/300 | train=0.000766 | val=0.000871 | best=0.000871@121 | patience=0/30 | time=4.95s *
[2026-04-27 03:37:42] epoch  122/300 | train=0.000748 | val=0.000871 | best=0.000871@121 | patience=1/30 | time=4.93s
[2026-04-27 03:37:47] epoch  123/300 | train=0.000744 | val=0.000873 | best=0.000871@121 | patience=2/30 | time=4.93s
[2026-04-27 03:37:52] epoch  124/300 | train=0.000734 | val=0.000865 | best=0.000865@124 | patience=0/30 | time=4.95s *
[2026-04-27 03:37:57] epoch  125/300 | train=0.000733 | val=0.000877 | best=0.000865@124 | patience=1/30 | time=4.94s
[2026-04-27 03:38:02] epoch  126/300 | train=0.000730 | val=0.000875 | best=0.000865@124 | patience=2/30 | time=4.95s
[2026-04-27 03:38:07] epoch  127/300 | train=0.000726 | val=0.000870 | best=0.000865@124 | patience=3/30 | time=4.93s
[2026-04-27 03:38:12] epoch  128/300 | train=0.000728 | val=0.001040 | best=0.000865@124 | patience=4/30 | time=4.92s
[2026-04-27 03:38:17] epoch  129/300 | train=0.000787 | val=0.000970 | best=0.000865@124 | patience=5/30 | time=4.97s
[2026-04-27 03:38:22] epoch  130/300 | train=0.000795 | val=0.000888 | best=0.000865@124 | patience=6/30 | time=4.93s
[2026-04-27 03:38:27] epoch  131/300 | train=0.000744 | val=0.000869 | best=0.000865@124 | patience=7/30 | time=4.95s
[2026-04-27 03:38:32] epoch  132/300 | train=0.000721 | val=0.000860 | best=0.000860@132 | patience=0/30 | time=4.93s *
[2026-04-27 03:38:37] epoch  133/300 | train=0.000708 | val=0.000876 | best=0.000860@132 | patience=1/30 | time=4.92s
[2026-04-27 03:38:42] epoch  134/300 | train=0.000698 | val=0.000860 | best=0.000860@132 | patience=2/30 | time=4.97s
[2026-04-27 03:38:47] epoch  135/300 | train=0.000686 | val=0.000857 | best=0.000857@135 | patience=0/30 | time=4.94s *
[2026-04-27 03:38:52] epoch  136/300 | train=0.000690 | val=0.000862 | best=0.000857@135 | patience=1/30 | time=4.91s
[2026-04-27 03:38:57] epoch  137/300 | train=0.000689 | val=0.000867 | best=0.000857@135 | patience=2/30 | time=4.99s
[2026-04-27 03:39:02] epoch  138/300 | train=0.000684 | val=0.000849 | best=0.000849@138 | patience=0/30 | time=4.93s *
[2026-04-27 03:39:07] epoch  139/300 | train=0.000674 | val=0.000854 | best=0.000849@138 | patience=1/30 | time=4.97s
[2026-04-27 03:39:12] epoch  140/300 | train=0.000680 | val=0.000858 | best=0.000849@138 | patience=2/30 | time=4.94s
[2026-04-27 03:39:17] epoch  141/300 | train=0.000665 | val=0.000865 | best=0.000849@138 | patience=3/30 | time=4.91s
[2026-04-27 03:39:22] epoch  142/300 | train=0.000686 | val=0.000908 | best=0.000849@138 | patience=4/30 | time=4.97s
[2026-04-27 03:39:27] epoch  143/300 | train=0.000713 | val=0.000864 | best=0.000849@138 | patience=5/30 | time=4.92s
[2026-04-27 03:39:32] epoch  144/300 | train=0.000671 | val=0.000860 | best=0.000849@138 | patience=6/30 | time=4.92s
[2026-04-27 03:39:37] epoch  145/300 | train=0.000661 | val=0.000861 | best=0.000849@138 | patience=7/30 | time=4.99s
[2026-04-27 03:39:42] epoch  146/300 | train=0.000654 | val=0.000861 | best=0.000849@138 | patience=8/30 | time=4.91s
[2026-04-27 03:39:47] epoch  147/300 | train=0.000666 | val=0.000867 | best=0.000849@138 | patience=9/30 | time=4.95s
[2026-04-27 03:39:52] epoch  148/300 | train=0.000669 | val=0.000871 | best=0.000849@138 | patience=10/30 | time=4.95s
[2026-04-27 03:39:57] epoch  149/300 | train=0.000648 | val=0.000841 | best=0.000841@149 | patience=0/30 | time=4.92s *
[2026-04-27 03:40:02] epoch  150/300 | train=0.000629 | val=0.000863 | best=0.000841@149 | patience=1/30 | time=4.98s
[2026-04-27 03:40:07] epoch  151/300 | train=0.000640 | val=0.000860 | best=0.000841@149 | patience=2/30 | time=4.91s
[2026-04-27 03:40:12] epoch  152/300 | train=0.000640 | val=0.000857 | best=0.000841@149 | patience=3/30 | time=4.95s
[2026-04-27 03:40:17] epoch  153/300 | train=0.000617 | val=0.000864 | best=0.000841@149 | patience=4/30 | time=4.95s
[2026-04-27 03:40:22] epoch  154/300 | train=0.000616 | val=0.000847 | best=0.000841@149 | patience=5/30 | time=4.92s
[2026-04-27 03:40:27] epoch  155/300 | train=0.000612 | val=0.000855 | best=0.000841@149 | patience=6/30 | time=4.96s
[2026-04-27 03:40:32] epoch  156/300 | train=0.000612 | val=0.000867 | best=0.000841@149 | patience=7/30 | time=4.94s
[2026-04-27 03:40:37] epoch  157/300 | train=0.000630 | val=0.000861 | best=0.000841@149 | patience=8/30 | time=4.94s
[2026-04-27 03:40:42] epoch  158/300 | train=0.000603 | val=0.000850 | best=0.000841@149 | patience=9/30 | time=4.95s
[2026-04-27 03:40:47] epoch  159/300 | train=0.000600 | val=0.000880 | best=0.000841@149 | patience=10/30 | time=4.92s
[2026-04-27 03:40:52] epoch  160/300 | train=0.000598 | val=0.000857 | best=0.000841@149 | patience=11/30 | time=4.96s
[2026-04-27 03:40:57] epoch  161/300 | train=0.000588 | val=0.000874 | best=0.000841@149 | patience=12/30 | time=4.94s
[2026-04-27 03:41:02] epoch  162/300 | train=0.000617 | val=0.000865 | best=0.000841@149 | patience=13/30 | time=4.95s
[2026-04-27 03:41:07] epoch  163/300 | train=0.000585 | val=0.000870 | best=0.000841@149 | patience=14/30 | time=4.93s
[2026-04-27 03:41:12] epoch  164/300 | train=0.000590 | val=0.000855 | best=0.000841@149 | patience=15/30 | time=4.94s
[2026-04-27 03:41:17] epoch  165/300 | train=0.000577 | val=0.000868 | best=0.000841@149 | patience=16/30 | time=4.96s
[2026-04-27 03:41:22] epoch  166/300 | train=0.000579 | val=0.000884 | best=0.000841@149 | patience=17/30 | time=4.94s
[2026-04-27 03:41:27] epoch  167/300 | train=0.000567 | val=0.000864 | best=0.000841@149 | patience=18/30 | time=4.94s
[2026-04-27 03:41:32] epoch  168/300 | train=0.000566 | val=0.000867 | best=0.000841@149 | patience=19/30 | time=4.93s
[2026-04-27 03:41:37] epoch  169/300 | train=0.000554 | val=0.000856 | best=0.000841@149 | patience=20/30 | time=4.94s
[2026-04-27 03:41:42] epoch  170/300 | train=0.000556 | val=0.000876 | best=0.000841@149 | patience=21/30 | time=4.96s
[2026-04-27 03:41:47] epoch  171/300 | train=0.000562 | val=0.000867 | best=0.000841@149 | patience=22/30 | time=4.94s
[2026-04-27 03:41:52] epoch  172/300 | train=0.000543 | val=0.000885 | best=0.000841@149 | patience=23/30 | time=4.97s
[2026-04-27 03:41:57] epoch  173/300 | train=0.000574 | val=0.000855 | best=0.000841@149 | patience=24/30 | time=4.93s
[2026-04-27 03:42:02] epoch  174/300 | train=0.000541 | val=0.000866 | best=0.000841@149 | patience=25/30 | time=4.92s
[2026-04-27 03:42:07] epoch  175/300 | train=0.000546 | val=0.000867 | best=0.000841@149 | patience=26/30 | time=4.97s
[2026-04-27 03:42:12] epoch  176/300 | train=0.000532 | val=0.000868 | best=0.000841@149 | patience=27/30 | time=4.94s
[2026-04-27 03:42:17] epoch  177/300 | train=0.000534 | val=0.000895 | best=0.000841@149 | patience=28/30 | time=4.94s
[2026-04-27 03:42:22] epoch  178/300 | train=0.000549 | val=0.000875 | best=0.000841@149 | patience=29/30 | time=4.93s
[2026-04-27 03:42:27] epoch  179/300 | train=0.000531 | val=0.000890 | best=0.000841@149 | patience=30/30 | time=4.94s
[2026-04-27 03:42:27]   early stopping at epoch 179 (no improvement for 30 epochs)
[2026-04-27 03:42:27] Training done: stop_reason=early_stop, total_epochs=179, best_epoch=149, best_val=0.000841
[2026-04-27 03:42:27] Reloading best checkpoint (epoch 149) for evaluation
[2026-04-27 03:42:32] ------------------------------------------------------------
[2026-04-27 03:42:32] Evaluation:
[2026-04-27 03:42:32]   AUC broken_lcfs         : 0.6166
[2026-04-27 03:42:32]   AUC bad_black_core      : 0.9945
[2026-04-27 03:42:32]   AUC bad_nonconverged    : 0.9980
[2026-04-27 03:42:32]   objective      : 0.8444
[2026-04-27 03:42:32]   floor_ok       : True
[2026-04-27 03:42:32]   threshold      : 0.0953
[2026-04-27 03:42:32]   mu / sigma     : 0.000612275 / 0.000181162
[2026-04-27 03:42:32] Train time=961.9s, eval time=5.4s
