[2026-04-27 05:25:44] ============================================================
[2026-04-27 05:25:44] Trial 94 starting on cuda:0
[2026-04-27 05:25:44] Timestamp: 2026-04-27T05:25:44.729030
[2026-04-27 05:25:44] --- Config summary ---
  bottleneck_dim  : 211
  n_enc_layers    : 5
  n_dec_layers    : 3
  base_channels   : 51
  growth_factor   : 1.7733251721908232
  use_batchnorm   : True
  use_hpf         : True
  hpf_sigma       : 1.0041581918849143
  lr              : 0.0008731454036082533
  batch_size      : 40
  max_epochs      : 300
  patience        : 30
  seed            : 42
  deterministic   : False
  trial_num       : 94
[2026-04-27 05:25:44] Loading train/val/selection splits...
[2026-04-27 05:26:43] Splits loaded in 58.9s: n_train=722, n_val=120, n_selection=405
[2026-04-27 05:26:44] --- Architecture summary ---
  channels per enc layer : [51, 90, 160, 284, 504]
  final spatial size     : 8x8
  flat size before latent: 32256
  bottleneck_dim         : 211
  total parameters       : 26,357,924
[2026-04-27 05:26:44] Starting training: n_train=722, n_val=120, device=cuda:0
[2026-04-27 05:30:01] epoch    1/300 | train=0.004700 | val=0.003961 | best=0.003961@1 | patience=0/30 | time=195.93s *
[2026-04-27 05:30:06] epoch    2/300 | train=0.002775 | val=0.003204 | best=0.003204@2 | patience=0/30 | time=5.20s *
[2026-04-27 05:30:12] epoch    3/300 | train=0.002713 | val=0.003135 | best=0.003135@3 | patience=0/30 | time=5.58s *
[2026-04-27 05:30:18] epoch    4/300 | train=0.002649 | val=0.002742 | best=0.002742@4 | patience=0/30 | time=5.22s *
[2026-04-27 05:30:24] epoch    5/300 | train=0.002523 | val=0.002561 | best=0.002561@5 | patience=0/30 | time=5.51s *
[2026-04-27 05:30:30] epoch    6/300 | train=0.002477 | val=0.002540 | best=0.002540@6 | patience=0/30 | time=5.34s *
[2026-04-27 05:30:36] epoch    7/300 | train=0.002475 | val=0.002499 | best=0.002499@7 | patience=0/30 | time=5.41s *
[2026-04-27 05:30:41] epoch    8/300 | train=0.002432 | val=0.002516 | best=0.002499@7 | patience=1/30 | time=5.33s
[2026-04-27 05:30:47] epoch    9/300 | train=0.002452 | val=0.002538 | best=0.002499@7 | patience=2/30 | time=5.26s
[2026-04-27 05:30:53] epoch   10/300 | train=0.002383 | val=0.002381 | best=0.002381@10 | patience=0/30 | time=5.47s *
[2026-04-27 05:30:59] epoch   11/300 | train=0.002257 | val=0.002248 | best=0.002248@11 | patience=0/30 | time=5.35s *
[2026-04-27 05:31:05] epoch   12/300 | train=0.002151 | val=0.002168 | best=0.002168@12 | patience=0/30 | time=5.43s *
[2026-04-27 05:31:10] epoch   13/300 | train=0.002095 | val=0.002090 | best=0.002090@13 | patience=0/30 | time=5.23s *
[2026-04-27 05:31:16] epoch   14/300 | train=0.002042 | val=0.002052 | best=0.002052@14 | patience=0/30 | time=5.24s *
[2026-04-27 05:31:22] epoch   15/300 | train=0.002016 | val=0.002025 | best=0.002025@15 | patience=0/30 | time=5.42s *
[2026-04-27 05:31:28] epoch   16/300 | train=0.001996 | val=0.002023 | best=0.002023@16 | patience=0/30 | time=5.42s *
[2026-04-27 05:31:34] epoch   17/300 | train=0.001957 | val=0.001995 | best=0.001995@17 | patience=0/30 | time=5.33s *
[2026-04-27 05:31:40] epoch   18/300 | train=0.001966 | val=0.001979 | best=0.001979@18 | patience=0/30 | time=5.27s *
[2026-04-27 05:31:46] epoch   19/300 | train=0.001935 | val=0.001922 | best=0.001922@19 | patience=0/30 | time=5.51s *
[2026-04-27 05:31:51] epoch   20/300 | train=0.001886 | val=0.002097 | best=0.001922@19 | patience=1/30 | time=5.38s
[2026-04-27 05:31:57] epoch   21/300 | train=0.002035 | val=0.002407 | best=0.001922@19 | patience=2/30 | time=5.43s
[2026-04-27 05:32:02] epoch   22/300 | train=0.001898 | val=0.001931 | best=0.001922@19 | patience=3/30 | time=5.34s
[2026-04-27 05:32:08] epoch   23/300 | train=0.001827 | val=0.001863 | best=0.001863@23 | patience=0/30 | time=5.24s *
[2026-04-27 05:32:14] epoch   24/300 | train=0.001818 | val=0.001854 | best=0.001854@24 | patience=0/30 | time=5.69s *
[2026-04-27 05:32:20] epoch   25/300 | train=0.001772 | val=0.001747 | best=0.001747@25 | patience=0/30 | time=5.21s *
[2026-04-27 05:32:26] epoch   26/300 | train=0.001706 | val=0.001728 | best=0.001728@26 | patience=0/30 | time=5.59s *
[2026-04-27 05:32:32] epoch   27/300 | train=0.001658 | val=0.001614 | best=0.001614@27 | patience=0/30 | time=5.24s *
[2026-04-27 05:32:38] epoch   28/300 | train=0.001562 | val=0.001530 | best=0.001530@28 | patience=0/30 | time=5.50s *
[2026-04-27 05:32:44] epoch   29/300 | train=0.001503 | val=0.001489 | best=0.001489@29 | patience=0/30 | time=5.35s *
[2026-04-27 05:32:50] epoch   30/300 | train=0.001442 | val=0.001433 | best=0.001433@30 | patience=0/30 | time=5.44s *
[2026-04-27 05:32:56] epoch   31/300 | train=0.001424 | val=0.001402 | best=0.001402@31 | patience=0/30 | time=5.32s *
[2026-04-27 05:33:01] epoch   32/300 | train=0.001370 | val=0.001361 | best=0.001361@32 | patience=0/30 | time=5.24s *
[2026-04-27 05:33:07] epoch   33/300 | train=0.001351 | val=0.001344 | best=0.001344@33 | patience=0/30 | time=5.61s *
[2026-04-27 05:33:13] epoch   34/300 | train=0.001324 | val=0.001350 | best=0.001344@33 | patience=1/30 | time=5.22s
[2026-04-27 05:33:18] epoch   35/300 | train=0.001317 | val=0.001386 | best=0.001344@33 | patience=2/30 | time=5.43s
[2026-04-27 05:33:24] epoch   36/300 | train=0.001349 | val=0.001380 | best=0.001344@33 | patience=3/30 | time=5.36s
[2026-04-27 05:33:30] epoch   37/300 | train=0.001348 | val=0.001312 | best=0.001312@37 | patience=0/30 | time=5.25s *
[2026-04-27 05:33:35] epoch   38/300 | train=0.001293 | val=0.001443 | best=0.001312@37 | patience=1/30 | time=5.63s
[2026-04-27 05:33:41] epoch   39/300 | train=0.001412 | val=0.001367 | best=0.001312@37 | patience=2/30 | time=5.21s
[2026-04-27 05:33:47] epoch   40/300 | train=0.001313 | val=0.001305 | best=0.001305@40 | patience=0/30 | time=5.61s *
[2026-04-27 05:33:52] epoch   41/300 | train=0.001278 | val=0.001308 | best=0.001305@40 | patience=1/30 | time=5.24s
[2026-04-27 05:33:58] epoch   42/300 | train=0.001291 | val=0.001290 | best=0.001290@42 | patience=0/30 | time=5.56s *
[2026-04-27 05:34:04] epoch   43/300 | train=0.001282 | val=0.001268 | best=0.001268@43 | patience=0/30 | time=5.35s *
[2026-04-27 05:34:10] epoch   44/300 | train=0.001259 | val=0.001247 | best=0.001247@44 | patience=0/30 | time=5.44s *
[2026-04-27 05:34:15] epoch   45/300 | train=0.001249 | val=0.001393 | best=0.001247@44 | patience=1/30 | time=5.32s
[2026-04-27 05:34:21] epoch   46/300 | train=0.001325 | val=0.001904 | best=0.001247@44 | patience=2/30 | time=5.25s
[2026-04-27 05:34:27] epoch   47/300 | train=0.001278 | val=0.001273 | best=0.001247@44 | patience=3/30 | time=5.52s
[2026-04-27 05:34:33] epoch   48/300 | train=0.001268 | val=0.001244 | best=0.001244@48 | patience=0/30 | time=5.35s *
[2026-04-27 05:34:39] epoch   49/300 | train=0.001237 | val=0.001233 | best=0.001233@49 | patience=0/30 | time=5.44s *
[2026-04-27 05:34:45] epoch   50/300 | train=0.001236 | val=0.001228 | best=0.001228@50 | patience=0/30 | time=5.35s *
[2026-04-27 05:34:50] epoch   51/300 | train=0.001227 | val=0.001231 | best=0.001228@50 | patience=1/30 | time=5.24s
[2026-04-27 05:34:56] epoch   52/300 | train=0.001224 | val=0.001230 | best=0.001228@50 | patience=2/30 | time=5.62s
[2026-04-27 05:35:02] epoch   53/300 | train=0.001234 | val=0.001227 | best=0.001227@53 | patience=0/30 | time=5.21s *
[2026-04-27 05:35:08] epoch   54/300 | train=0.001225 | val=0.001222 | best=0.001222@54 | patience=0/30 | time=5.60s *
[2026-04-27 05:35:13] epoch   55/300 | train=0.001218 | val=0.001217 | best=0.001217@55 | patience=0/30 | time=5.24s *
[2026-04-27 05:35:19] epoch   56/300 | train=0.001215 | val=0.001220 | best=0.001217@55 | patience=1/30 | time=5.56s
[2026-04-27 05:35:25] epoch   57/300 | train=0.001212 | val=0.001232 | best=0.001217@55 | patience=2/30 | time=5.37s
[2026-04-27 05:35:30] epoch   58/300 | train=0.001220 | val=0.001241 | best=0.001217@55 | patience=3/30 | time=5.43s
[2026-04-27 05:35:36] epoch   59/300 | train=0.001209 | val=0.001254 | best=0.001217@55 | patience=4/30 | time=5.35s
[2026-04-27 05:35:41] epoch   60/300 | train=0.001214 | val=0.001211 | best=0.001211@60 | patience=0/30 | time=5.24s *
[2026-04-27 05:35:47] epoch   61/300 | train=0.001213 | val=0.001220 | best=0.001211@60 | patience=1/30 | time=5.47s
[2026-04-27 05:35:52] epoch   62/300 | train=0.001208 | val=0.001217 | best=0.001211@60 | patience=2/30 | time=5.35s
[2026-04-27 05:35:58] epoch   63/300 | train=0.001205 | val=0.001311 | best=0.001211@60 | patience=3/30 | time=5.49s
[2026-04-27 05:36:03] epoch   64/300 | train=0.001200 | val=0.001222 | best=0.001211@60 | patience=4/30 | time=5.32s
[2026-04-27 05:36:09] epoch   65/300 | train=0.001194 | val=0.001404 | best=0.001211@60 | patience=5/30 | time=5.27s
[2026-04-27 05:36:15] epoch   66/300 | train=0.001194 | val=0.001209 | best=0.001209@66 | patience=0/30 | time=5.52s *
[2026-04-27 05:36:20] epoch   67/300 | train=0.001200 | val=0.001220 | best=0.001209@66 | patience=1/30 | time=5.36s
[2026-04-27 05:36:26] epoch   68/300 | train=0.001196 | val=0.001249 | best=0.001209@66 | patience=2/30 | time=5.44s
[2026-04-27 05:36:31] epoch   69/300 | train=0.001189 | val=0.002000 | best=0.001209@66 | patience=3/30 | time=5.35s
[2026-04-27 05:36:37] epoch   70/300 | train=0.001247 | val=0.001294 | best=0.001209@66 | patience=4/30 | time=5.24s
[2026-04-27 05:36:42] epoch   71/300 | train=0.001201 | val=0.001221 | best=0.001209@66 | patience=5/30 | time=5.52s
[2026-04-27 05:36:48] epoch   72/300 | train=0.001188 | val=0.001720 | best=0.001209@66 | patience=6/30 | time=5.36s
[2026-04-27 05:36:53] epoch   73/300 | train=0.001211 | val=0.001252 | best=0.001209@66 | patience=7/30 | time=5.48s
[2026-04-27 05:36:59] epoch   74/300 | train=0.001190 | val=0.001390 | best=0.001209@66 | patience=8/30 | time=5.36s
[2026-04-27 05:37:04] epoch   75/300 | train=0.001187 | val=0.001208 | best=0.001209@66 | patience=9/30 | time=5.24s
[2026-04-27 05:37:10] epoch   76/300 | train=0.001178 | val=0.001284 | best=0.001209@66 | patience=10/30 | time=5.65s
[2026-04-27 05:37:16] epoch   77/300 | train=0.001176 | val=0.001185 | best=0.001185@77 | patience=0/30 | time=5.22s *
[2026-04-27 05:37:21] epoch   78/300 | train=0.001177 | val=0.001201 | best=0.001185@77 | patience=1/30 | time=5.42s
[2026-04-27 05:37:27] epoch   79/300 | train=0.001182 | val=0.001207 | best=0.001185@77 | patience=2/30 | time=5.37s
[2026-04-27 05:37:32] epoch   80/300 | train=0.001167 | val=0.001224 | best=0.001185@77 | patience=3/30 | time=5.25s
[2026-04-27 05:37:38] epoch   81/300 | train=0.001170 | val=0.001401 | best=0.001185@77 | patience=4/30 | time=5.61s
[2026-04-27 05:37:43] epoch   82/300 | train=0.001213 | val=0.001281 | best=0.001185@77 | patience=5/30 | time=5.22s
[2026-04-27 05:37:49] epoch   83/300 | train=0.001190 | val=0.001400 | best=0.001185@77 | patience=6/30 | time=5.60s
[2026-04-27 05:37:54] epoch   84/300 | train=0.001292 | val=0.001329 | best=0.001185@77 | patience=7/30 | time=5.24s
[2026-04-27 05:38:00] epoch   85/300 | train=0.001206 | val=0.001389 | best=0.001185@77 | patience=8/30 | time=5.24s
[2026-04-27 05:38:05] epoch   86/300 | train=0.001176 | val=0.001267 | best=0.001185@77 | patience=9/30 | time=5.67s
[2026-04-27 05:38:11] epoch   87/300 | train=0.001177 | val=0.002253 | best=0.001185@77 | patience=10/30 | time=5.21s
[2026-04-27 05:38:16] epoch   88/300 | train=0.001248 | val=0.001449 | best=0.001185@77 | patience=11/30 | time=5.62s
[2026-04-27 05:38:22] epoch   89/300 | train=0.001177 | val=0.001251 | best=0.001185@77 | patience=12/30 | time=5.24s
[2026-04-27 05:38:27] epoch   90/300 | train=0.001176 | val=0.001350 | best=0.001185@77 | patience=13/30 | time=5.56s
[2026-04-27 05:38:33] epoch   91/300 | train=0.001166 | val=0.001168 | best=0.001168@91 | patience=0/30 | time=5.39s *
[2026-04-27 05:38:39] epoch   92/300 | train=0.001156 | val=0.001324 | best=0.001168@91 | patience=1/30 | time=5.21s
[2026-04-27 05:38:44] epoch   93/300 | train=0.001162 | val=0.001208 | best=0.001168@91 | patience=2/30 | time=5.35s
[2026-04-27 05:38:50] epoch   94/300 | train=0.001162 | val=0.001163 | best=0.001163@94 | patience=0/30 | time=5.24s *
[2026-04-27 05:38:56] epoch   95/300 | train=0.001148 | val=0.001184 | best=0.001163@94 | patience=1/30 | time=5.50s
[2026-04-27 05:39:01] epoch   96/300 | train=0.001172 | val=0.001303 | best=0.001163@94 | patience=2/30 | time=5.39s
[2026-04-27 05:39:07] epoch   97/300 | train=0.001157 | val=0.001255 | best=0.001163@94 | patience=3/30 | time=5.43s
[2026-04-27 05:39:12] epoch   98/300 | train=0.001146 | val=0.001220 | best=0.001163@94 | patience=4/30 | time=5.32s
[2026-04-27 05:39:18] epoch   99/300 | train=0.001137 | val=0.001270 | best=0.001163@94 | patience=5/30 | time=5.27s
[2026-04-27 05:39:23] epoch  100/300 | train=0.001150 | val=0.001233 | best=0.001163@94 | patience=6/30 | time=5.52s
[2026-04-27 05:39:29] epoch  101/300 | train=0.001141 | val=0.001277 | best=0.001163@94 | patience=7/30 | time=5.37s
[2026-04-27 05:39:34] epoch  102/300 | train=0.001146 | val=0.001207 | best=0.001163@94 | patience=8/30 | time=5.49s
[2026-04-27 05:39:40] epoch  103/300 | train=0.001141 | val=0.001508 | best=0.001163@94 | patience=9/30 | time=5.34s
[2026-04-27 05:39:45] epoch  104/300 | train=0.001158 | val=0.001174 | best=0.001163@94 | patience=10/30 | time=5.28s
[2026-04-27 05:39:51] epoch  105/300 | train=0.001147 | val=0.001296 | best=0.001163@94 | patience=11/30 | time=5.52s
[2026-04-27 05:39:56] epoch  106/300 | train=0.001141 | val=0.001199 | best=0.001163@94 | patience=12/30 | time=5.36s
[2026-04-27 05:40:02] epoch  107/300 | train=0.001145 | val=0.001149 | best=0.001149@107 | patience=0/30 | time=5.43s *
[2026-04-27 05:40:08] epoch  108/300 | train=0.001155 | val=0.001738 | best=0.001149@107 | patience=1/30 | time=5.38s
[2026-04-27 05:40:13] epoch  109/300 | train=0.001147 | val=0.001451 | best=0.001149@107 | patience=2/30 | time=5.25s
[2026-04-27 05:40:19] epoch  110/300 | train=0.001175 | val=0.001251 | best=0.001149@107 | patience=3/30 | time=5.48s
[2026-04-27 05:40:24] epoch  111/300 | train=0.001131 | val=0.001148 | best=0.001148@111 | patience=0/30 | time=5.36s *
[2026-04-27 05:40:30] epoch  112/300 | train=0.001126 | val=0.001317 | best=0.001148@111 | patience=1/30 | time=5.44s
[2026-04-27 05:40:35] epoch  113/300 | train=0.001131 | val=0.001199 | best=0.001148@111 | patience=2/30 | time=5.35s
[2026-04-27 05:40:41] epoch  114/300 | train=0.001128 | val=0.001626 | best=0.001148@111 | patience=3/30 | time=5.24s
[2026-04-27 05:40:47] epoch  115/300 | train=0.001158 | val=0.001342 | best=0.001148@111 | patience=4/30 | time=5.69s
[2026-04-27 05:40:52] epoch  116/300 | train=0.001130 | val=0.001305 | best=0.001148@111 | patience=5/30 | time=5.22s
[2026-04-27 05:40:57] epoch  117/300 | train=0.001116 | val=0.001150 | best=0.001148@111 | patience=6/30 | time=5.49s
[2026-04-27 05:41:03] epoch  118/300 | train=0.001109 | val=0.001510 | best=0.001148@111 | patience=7/30 | time=5.36s
[2026-04-27 05:41:08] epoch  119/300 | train=0.001205 | val=0.001267 | best=0.001148@111 | patience=8/30 | time=5.25s
[2026-04-27 05:41:14] epoch  120/300 | train=0.001152 | val=0.001140 | best=0.001140@120 | patience=0/30 | time=5.67s *
[2026-04-27 05:41:20] epoch  121/300 | train=0.001111 | val=0.001187 | best=0.001140@120 | patience=1/30 | time=5.22s
[2026-04-27 05:41:26] epoch  122/300 | train=0.001117 | val=0.001286 | best=0.001140@120 | patience=2/30 | time=5.61s
[2026-04-27 05:41:31] epoch  123/300 | train=0.001110 | val=0.001229 | best=0.001140@120 | patience=3/30 | time=5.24s
[2026-04-27 05:41:36] epoch  124/300 | train=0.001105 | val=0.001192 | best=0.001140@120 | patience=4/30 | time=5.51s
[2026-04-27 05:41:42] epoch  125/300 | train=0.001100 | val=0.001125 | best=0.001125@125 | patience=0/30 | time=5.36s *
[2026-04-27 05:41:48] epoch  126/300 | train=0.001086 | val=0.001160 | best=0.001125@125 | patience=1/30 | time=5.21s
[2026-04-27 05:41:53] epoch  127/300 | train=0.001079 | val=0.001176 | best=0.001125@125 | patience=2/30 | time=5.55s
[2026-04-27 05:41:59] epoch  128/300 | train=0.001080 | val=0.001306 | best=0.001125@125 | patience=3/30 | time=5.24s
[2026-04-27 05:42:04] epoch  129/300 | train=0.001215 | val=0.001583 | best=0.001125@125 | patience=4/30 | time=5.51s
[2026-04-27 05:42:10] epoch  130/300 | train=0.001294 | val=0.001404 | best=0.001125@125 | patience=5/30 | time=5.36s
[2026-04-27 05:42:15] epoch  131/300 | train=0.001162 | val=0.001457 | best=0.001125@125 | patience=6/30 | time=5.44s
[2026-04-27 05:42:21] epoch  132/300 | train=0.001128 | val=0.001215 | best=0.001125@125 | patience=7/30 | time=5.35s
[2026-04-27 05:42:26] epoch  133/300 | train=0.001097 | val=0.001318 | best=0.001125@125 | patience=8/30 | time=5.24s
[2026-04-27 05:42:32] epoch  134/300 | train=0.001093 | val=0.001156 | best=0.001125@125 | patience=9/30 | time=5.51s
[2026-04-27 05:42:38] epoch  135/300 | train=0.001081 | val=0.001103 | best=0.001103@135 | patience=0/30 | time=5.36s *
[2026-04-27 05:42:44] epoch  136/300 | train=0.001074 | val=0.001097 | best=0.001097@136 | patience=0/30 | time=5.45s *
[2026-04-27 05:42:49] epoch  137/300 | train=0.001074 | val=0.001089 | best=0.001089@137 | patience=0/30 | time=5.35s *
[2026-04-27 05:42:55] epoch  138/300 | train=0.001074 | val=0.001181 | best=0.001089@137 | patience=1/30 | time=5.27s
[2026-04-27 05:43:00] epoch  139/300 | train=0.001099 | val=0.001630 | best=0.001089@137 | patience=2/30 | time=5.48s
[2026-04-27 05:43:06] epoch  140/300 | train=0.001068 | val=0.001258 | best=0.001089@137 | patience=3/30 | time=5.37s
[2026-04-27 05:43:11] epoch  141/300 | train=0.001069 | val=0.001211 | best=0.001089@137 | patience=4/30 | time=5.45s
[2026-04-27 05:43:17] epoch  142/300 | train=0.001121 | val=0.001568 | best=0.001089@137 | patience=5/30 | time=5.35s
[2026-04-27 05:43:22] epoch  143/300 | train=0.001370 | val=0.001334 | best=0.001089@137 | patience=6/30 | time=5.25s
[2026-04-27 05:43:28] epoch  144/300 | train=0.001188 | val=0.001257 | best=0.001089@137 | patience=7/30 | time=5.55s
[2026-04-27 05:43:33] epoch  145/300 | train=0.001120 | val=0.001203 | best=0.001089@137 | patience=8/30 | time=5.39s
[2026-04-27 05:43:39] epoch  146/300 | train=0.001090 | val=0.001100 | best=0.001089@137 | patience=9/30 | time=5.43s
[2026-04-27 05:43:44] epoch  147/300 | train=0.001077 | val=0.001111 | best=0.001089@137 | patience=10/30 | time=5.35s
[2026-04-27 05:43:50] epoch  148/300 | train=0.001083 | val=0.001130 | best=0.001089@137 | patience=11/30 | time=5.25s
[2026-04-27 05:43:56] epoch  149/300 | train=0.001087 | val=0.001105 | best=0.001089@137 | patience=12/30 | time=5.68s
[2026-04-27 05:44:01] epoch  150/300 | train=0.001056 | val=0.001079 | best=0.001079@150 | patience=0/30 | time=5.22s *
[2026-04-27 05:44:07] epoch  151/300 | train=0.001056 | val=0.001085 | best=0.001079@150 | patience=1/30 | time=5.57s
[2026-04-27 05:44:13] epoch  152/300 | train=0.001054 | val=0.001074 | best=0.001074@152 | patience=0/30 | time=5.24s *
[2026-04-27 05:44:18] epoch  153/300 | train=0.001030 | val=0.001118 | best=0.001074@152 | patience=1/30 | time=5.55s
[2026-04-27 05:44:24] epoch  154/300 | train=0.001031 | val=0.001046 | best=0.001046@154 | patience=0/30 | time=5.35s *
[2026-04-27 05:44:30] epoch  155/300 | train=0.001031 | val=0.001051 | best=0.001046@154 | patience=1/30 | time=5.48s
[2026-04-27 05:44:35] epoch  156/300 | train=0.001015 | val=0.001394 | best=0.001046@154 | patience=2/30 | time=5.34s
[2026-04-27 05:44:41] epoch  157/300 | train=0.001044 | val=0.001042 | best=0.001042@157 | patience=0/30 | time=5.24s *
[2026-04-27 05:44:47] epoch  158/300 | train=0.001015 | val=0.001124 | best=0.001042@157 | patience=1/30 | time=5.52s
[2026-04-27 05:44:52] epoch  159/300 | train=0.001024 | val=0.001216 | best=0.001042@157 | patience=2/30 | time=5.36s
[2026-04-27 05:44:58] epoch  160/300 | train=0.001018 | val=0.001090 | best=0.001042@157 | patience=3/30 | time=5.49s
[2026-04-27 05:45:03] epoch  161/300 | train=0.001020 | val=0.001157 | best=0.001042@157 | patience=4/30 | time=5.33s
[2026-04-27 05:45:09] epoch  162/300 | train=0.001032 | val=0.001028 | best=0.001028@162 | patience=0/30 | time=5.27s *
[2026-04-27 05:45:15] epoch  163/300 | train=0.001009 | val=0.001022 | best=0.001022@163 | patience=0/30 | time=5.52s *
[2026-04-27 05:45:21] epoch  164/300 | train=0.000992 | val=0.001075 | best=0.001022@163 | patience=1/30 | time=5.35s
[2026-04-27 05:45:27] epoch  165/300 | train=0.000994 | val=0.001150 | best=0.001022@163 | patience=2/30 | time=5.43s
[2026-04-27 05:45:32] epoch  166/300 | train=0.001003 | val=0.001166 | best=0.001022@163 | patience=3/30 | time=5.36s
[2026-04-27 05:45:38] epoch  167/300 | train=0.000979 | val=0.001053 | best=0.001022@163 | patience=4/30 | time=5.24s
[2026-04-27 05:45:44] epoch  168/300 | train=0.000980 | val=0.001064 | best=0.001022@163 | patience=5/30 | time=5.70s
[2026-04-27 05:45:49] epoch  169/300 | train=0.000991 | val=0.001027 | best=0.001022@163 | patience=6/30 | time=5.21s
[2026-04-27 05:45:54] epoch  170/300 | train=0.000996 | val=0.001037 | best=0.001022@163 | patience=7/30 | time=5.48s
[2026-04-27 05:46:00] epoch  171/300 | train=0.000975 | val=0.001001 | best=0.001001@171 | patience=0/30 | time=5.35s *
[2026-04-27 05:46:06] epoch  172/300 | train=0.000966 | val=0.001237 | best=0.001001@171 | patience=1/30 | time=5.25s
[2026-04-27 05:46:11] epoch  173/300 | train=0.001027 | val=0.001414 | best=0.001001@171 | patience=2/30 | time=5.62s
[2026-04-27 05:46:17] epoch  174/300 | train=0.000966 | val=0.001016 | best=0.001001@171 | patience=3/30 | time=5.22s
[2026-04-27 05:46:22] epoch  175/300 | train=0.000965 | val=0.001185 | best=0.001001@171 | patience=4/30 | time=5.55s
[2026-04-27 05:46:28] epoch  176/300 | train=0.000989 | val=0.001126 | best=0.001001@171 | patience=5/30 | time=5.24s
[2026-04-27 05:46:34] epoch  177/300 | train=0.000972 | val=0.000995 | best=0.000995@177 | patience=0/30 | time=5.55s *
[2026-04-27 05:46:39] epoch  178/300 | train=0.000952 | val=0.001033 | best=0.000995@177 | patience=1/30 | time=5.37s
[2026-04-27 05:46:45] epoch  179/300 | train=0.000956 | val=0.001009 | best=0.000995@177 | patience=2/30 | time=5.43s
[2026-04-27 05:46:51] epoch  180/300 | train=0.000961 | val=0.000978 | best=0.000978@180 | patience=0/30 | time=5.34s *
[2026-04-27 05:46:56] epoch  181/300 | train=0.000956 | val=0.001007 | best=0.000978@180 | patience=1/30 | time=5.27s
[2026-04-27 05:47:02] epoch  182/300 | train=0.000947 | val=0.000968 | best=0.000968@182 | patience=0/30 | time=5.53s *
[2026-04-27 05:47:08] epoch  183/300 | train=0.000932 | val=0.000968 | best=0.000968@182 | patience=1/30 | time=5.37s
[2026-04-27 05:47:13] epoch  184/300 | train=0.000928 | val=0.000990 | best=0.000968@182 | patience=2/30 | time=5.49s
[2026-04-27 05:47:19] epoch  185/300 | train=0.000936 | val=0.000983 | best=0.000968@182 | patience=3/30 | time=5.34s
[2026-04-27 05:47:24] epoch  186/300 | train=0.000933 | val=0.001084 | best=0.000968@182 | patience=4/30 | time=5.27s
[2026-04-27 05:47:30] epoch  187/300 | train=0.000937 | val=0.001032 | best=0.000968@182 | patience=5/30 | time=5.47s
[2026-04-27 05:47:35] epoch  188/300 | train=0.000932 | val=0.001178 | best=0.000968@182 | patience=6/30 | time=5.36s
[2026-04-27 05:47:41] epoch  189/300 | train=0.000924 | val=0.000986 | best=0.000968@182 | patience=7/30 | time=5.44s
[2026-04-27 05:47:46] epoch  190/300 | train=0.000920 | val=0.001312 | best=0.000968@182 | patience=8/30 | time=5.34s
[2026-04-27 05:47:52] epoch  191/300 | train=0.000904 | val=0.000979 | best=0.000968@182 | patience=9/30 | time=5.25s
[2026-04-27 05:47:58] epoch  192/300 | train=0.000906 | val=0.000937 | best=0.000937@192 | patience=0/30 | time=5.53s *
[2026-04-27 05:48:03] epoch  193/300 | train=0.000893 | val=0.000996 | best=0.000937@192 | patience=1/30 | time=5.23s
[2026-04-27 05:48:09] epoch  194/300 | train=0.000905 | val=0.000954 | best=0.000937@192 | patience=2/30 | time=5.49s
[2026-04-27 05:48:14] epoch  195/300 | train=0.000908 | val=0.000984 | best=0.000937@192 | patience=3/30 | time=5.36s
[2026-04-27 05:48:20] epoch  196/300 | train=0.000899 | val=0.000957 | best=0.000937@192 | patience=4/30 | time=5.25s
[2026-04-27 05:48:25] epoch  197/300 | train=0.000891 | val=0.000992 | best=0.000937@192 | patience=5/30 | time=5.71s
[2026-04-27 05:48:31] epoch  198/300 | train=0.000891 | val=0.000965 | best=0.000937@192 | patience=6/30 | time=5.22s
[2026-04-27 05:48:36] epoch  199/300 | train=0.000900 | val=0.001101 | best=0.000937@192 | patience=7/30 | time=5.48s
[2026-04-27 05:48:42] epoch  200/300 | train=0.000896 | val=0.000946 | best=0.000937@192 | patience=8/30 | time=5.37s
[2026-04-27 05:48:47] epoch  201/300 | train=0.000877 | val=0.000951 | best=0.000937@192 | patience=9/30 | time=5.25s
[2026-04-27 05:48:53] epoch  202/300 | train=0.000893 | val=0.001083 | best=0.000937@192 | patience=10/30 | time=5.68s
[2026-04-27 05:48:58] epoch  203/300 | train=0.000910 | val=0.000959 | best=0.000937@192 | patience=11/30 | time=5.21s
[2026-04-27 05:49:04] epoch  204/300 | train=0.000876 | val=0.000947 | best=0.000937@192 | patience=12/30 | time=5.55s
[2026-04-27 05:49:09] epoch  205/300 | train=0.000864 | val=0.000969 | best=0.000937@192 | patience=13/30 | time=5.25s
[2026-04-27 05:49:15] epoch  206/300 | train=0.000878 | val=0.000940 | best=0.000937@192 | patience=14/30 | time=5.25s
[2026-04-27 05:49:21] epoch  207/300 | train=0.000861 | val=0.001853 | best=0.000937@192 | patience=15/30 | time=5.68s
[2026-04-27 05:49:26] epoch  208/300 | train=0.001251 | val=0.001385 | best=0.000937@192 | patience=16/30 | time=5.22s
[2026-04-27 05:49:32] epoch  209/300 | train=0.001098 | val=0.001245 | best=0.000937@192 | patience=17/30 | time=5.55s
[2026-04-27 05:49:37] epoch  210/300 | train=0.001115 | val=0.001323 | best=0.000937@192 | patience=18/30 | time=5.24s
[2026-04-27 05:49:43] epoch  211/300 | train=0.001047 | val=0.001086 | best=0.000937@192 | patience=19/30 | time=5.56s
[2026-04-27 05:49:48] epoch  212/300 | train=0.000962 | val=0.001101 | best=0.000937@192 | patience=20/30 | time=5.36s
[2026-04-27 05:49:53] epoch  213/300 | train=0.000969 | val=0.001061 | best=0.000937@192 | patience=21/30 | time=5.22s
[2026-04-27 05:49:59] epoch  214/300 | train=0.000920 | val=0.000965 | best=0.000937@192 | patience=22/30 | time=5.56s
[2026-04-27 05:50:04] epoch  215/300 | train=0.000902 | val=0.001069 | best=0.000937@192 | patience=23/30 | time=5.25s
[2026-04-27 05:50:10] epoch  216/300 | train=0.000889 | val=0.001070 | best=0.000937@192 | patience=24/30 | time=5.56s
[2026-04-27 05:50:16] epoch  217/300 | train=0.000918 | val=0.000949 | best=0.000937@192 | patience=25/30 | time=5.38s
[2026-04-27 05:50:21] epoch  218/300 | train=0.000912 | val=0.000977 | best=0.000937@192 | patience=26/30 | time=5.44s
[2026-04-27 05:50:27] epoch  219/300 | train=0.000885 | val=0.000971 | best=0.000937@192 | patience=27/30 | time=5.34s
[2026-04-27 05:50:32] epoch  220/300 | train=0.000887 | val=0.000942 | best=0.000937@192 | patience=28/30 | time=5.24s
[2026-04-27 05:50:38] epoch  221/300 | train=0.000865 | val=0.000910 | best=0.000910@221 | patience=0/30 | time=5.50s *
[2026-04-27 05:50:44] epoch  222/300 | train=0.000864 | val=0.001131 | best=0.000910@221 | patience=1/30 | time=5.39s
[2026-04-27 05:50:49] epoch  223/300 | train=0.000973 | val=0.001471 | best=0.000910@221 | patience=2/30 | time=5.45s
[2026-04-27 05:50:55] epoch  224/300 | train=0.000954 | val=0.000989 | best=0.000910@221 | patience=3/30 | time=5.34s
[2026-04-27 05:51:01] epoch  225/300 | train=0.000904 | val=0.000973 | best=0.000910@221 | patience=4/30 | time=5.25s
[2026-04-27 05:51:06] epoch  226/300 | train=0.000872 | val=0.001133 | best=0.000910@221 | patience=5/30 | time=5.52s
[2026-04-27 05:51:12] epoch  227/300 | train=0.000856 | val=0.000902 | best=0.000902@227 | patience=0/30 | time=5.37s *
[2026-04-27 05:51:18] epoch  228/300 | train=0.000844 | val=0.000888 | best=0.000888@228 | patience=0/30 | time=5.49s *
[2026-04-27 05:51:24] epoch  229/300 | train=0.000837 | val=0.000893 | best=0.000888@228 | patience=1/30 | time=5.38s
[2026-04-27 05:51:29] epoch  230/300 | train=0.000833 | val=0.000905 | best=0.000888@228 | patience=2/30 | time=5.25s
[2026-04-27 05:51:35] epoch  231/300 | train=0.000842 | val=0.000964 | best=0.000888@228 | patience=3/30 | time=5.67s
[2026-04-27 05:51:40] epoch  232/300 | train=0.000848 | val=0.000921 | best=0.000888@228 | patience=4/30 | time=5.21s
[2026-04-27 05:51:46] epoch  233/300 | train=0.000850 | val=0.000896 | best=0.000888@228 | patience=5/30 | time=5.49s
[2026-04-27 05:51:51] epoch  234/300 | train=0.000832 | val=0.000935 | best=0.000888@228 | patience=6/30 | time=5.24s
[2026-04-27 05:51:57] epoch  235/300 | train=0.000840 | val=0.000909 | best=0.000888@228 | patience=7/30 | time=5.26s
[2026-04-27 05:52:03] epoch  236/300 | train=0.000829 | val=0.000935 | best=0.000888@228 | patience=8/30 | time=5.69s
[2026-04-27 05:52:08] epoch  237/300 | train=0.000828 | val=0.001003 | best=0.000888@228 | patience=9/30 | time=5.22s
[2026-04-27 05:52:14] epoch  238/300 | train=0.000807 | val=0.000884 | best=0.000884@238 | patience=0/30 | time=5.63s *
[2026-04-27 05:52:19] epoch  239/300 | train=0.000828 | val=0.000902 | best=0.000884@238 | patience=1/30 | time=5.24s
[2026-04-27 05:52:25] epoch  240/300 | train=0.000812 | val=0.000897 | best=0.000884@238 | patience=2/30 | time=5.56s
[2026-04-27 05:52:31] epoch  241/300 | train=0.000805 | val=0.001062 | best=0.000884@238 | patience=3/30 | time=5.37s
[2026-04-27 05:52:36] epoch  242/300 | train=0.000844 | val=0.000933 | best=0.000884@238 | patience=4/30 | time=5.48s
[2026-04-27 05:52:42] epoch  243/300 | train=0.000813 | val=0.000901 | best=0.000884@238 | patience=5/30 | time=5.33s
[2026-04-27 05:52:47] epoch  244/300 | train=0.000826 | val=0.000959 | best=0.000884@238 | patience=6/30 | time=5.24s
[2026-04-27 05:52:53] epoch  245/300 | train=0.000817 | val=0.000884 | best=0.000884@238 | patience=7/30 | time=5.57s
[2026-04-27 05:52:58] epoch  246/300 | train=0.000805 | val=0.000990 | best=0.000884@238 | patience=8/30 | time=5.36s
[2026-04-27 05:53:04] epoch  247/300 | train=0.000841 | val=0.000988 | best=0.000884@238 | patience=9/30 | time=5.49s
[2026-04-27 05:53:10] epoch  248/300 | train=0.000803 | val=0.000865 | best=0.000865@248 | patience=0/30 | time=5.34s *
[2026-04-27 05:53:15] epoch  249/300 | train=0.000780 | val=0.000939 | best=0.000865@248 | patience=1/30 | time=5.28s
[2026-04-27 05:53:21] epoch  250/300 | train=0.000849 | val=0.000963 | best=0.000865@248 | patience=2/30 | time=5.47s
[2026-04-27 05:53:26] epoch  251/300 | train=0.000851 | val=0.000900 | best=0.000865@248 | patience=3/30 | time=5.37s
[2026-04-27 05:53:32] epoch  252/300 | train=0.000799 | val=0.000866 | best=0.000865@248 | patience=4/30 | time=5.48s
[2026-04-27 05:53:37] epoch  253/300 | train=0.000784 | val=0.000878 | best=0.000865@248 | patience=5/30 | time=5.35s
[2026-04-27 05:53:43] epoch  254/300 | train=0.000775 | val=0.000893 | best=0.000865@248 | patience=6/30 | time=5.28s
[2026-04-27 05:53:48] epoch  255/300 | train=0.000801 | val=0.000902 | best=0.000865@248 | patience=7/30 | time=5.52s
[2026-04-27 05:53:54] epoch  256/300 | train=0.000787 | val=0.000908 | best=0.000865@248 | patience=8/30 | time=5.36s
[2026-04-27 05:54:00] epoch  257/300 | train=0.000804 | val=0.000919 | best=0.000865@248 | patience=9/30 | time=5.48s
[2026-04-27 05:54:06] epoch  258/300 | train=0.000773 | val=0.000853 | best=0.000853@258 | patience=0/30 | time=5.38s *
[2026-04-27 05:54:11] epoch  259/300 | train=0.000763 | val=0.000885 | best=0.000853@258 | patience=1/30 | time=5.25s
[2026-04-27 05:54:17] epoch  260/300 | train=0.000769 | val=0.000868 | best=0.000853@258 | patience=2/30 | time=5.66s
[2026-04-27 05:54:22] epoch  261/300 | train=0.000778 | val=0.000851 | best=0.000851@261 | patience=0/30 | time=5.22s *
[2026-04-27 05:54:28] epoch  262/300 | train=0.000746 | val=0.000880 | best=0.000851@261 | patience=1/30 | time=5.62s
[2026-04-27 05:54:34] epoch  263/300 | train=0.000769 | val=0.000872 | best=0.000851@261 | patience=2/30 | time=5.24s
[2026-04-27 05:54:39] epoch  264/300 | train=0.000756 | val=0.000877 | best=0.000851@261 | patience=3/30 | time=5.56s
[2026-04-27 05:54:45] epoch  265/300 | train=0.000765 | val=0.000888 | best=0.000851@261 | patience=4/30 | time=5.36s
[2026-04-27 05:54:50] epoch  266/300 | train=0.000761 | val=0.000909 | best=0.000851@261 | patience=5/30 | time=5.21s
[2026-04-27 05:54:56] epoch  267/300 | train=0.000804 | val=0.000954 | best=0.000851@261 | patience=6/30 | time=5.60s
[2026-04-27 05:55:02] epoch  268/300 | train=0.000773 | val=0.000875 | best=0.000851@261 | patience=7/30 | time=5.27s
[2026-04-27 05:55:08] epoch  269/300 | train=0.000759 | val=0.000859 | best=0.000851@261 | patience=8/30 | time=5.46s
[2026-04-27 05:55:13] epoch  270/300 | train=0.000742 | val=0.000862 | best=0.000851@261 | patience=9/30 | time=5.36s
[2026-04-27 05:55:19] epoch  271/300 | train=0.000753 | val=0.000965 | best=0.000851@261 | patience=10/30 | time=5.49s
[2026-04-27 05:55:24] epoch  272/300 | train=0.000771 | val=0.000873 | best=0.000851@261 | patience=11/30 | time=5.35s
[2026-04-27 05:55:30] epoch  273/300 | train=0.000748 | val=0.000871 | best=0.000851@261 | patience=12/30 | time=5.27s
[2026-04-27 05:55:35] epoch  274/300 | train=0.000742 | val=0.000879 | best=0.000851@261 | patience=13/30 | time=5.52s
[2026-04-27 05:55:41] epoch  275/300 | train=0.000731 | val=0.000854 | best=0.000851@261 | patience=14/30 | time=5.37s
[2026-04-27 05:55:46] epoch  276/300 | train=0.000718 | val=0.000859 | best=0.000851@261 | patience=15/30 | time=5.43s
[2026-04-27 05:55:52] epoch  277/300 | train=0.000722 | val=0.000844 | best=0.000844@277 | patience=0/30 | time=5.33s *
[2026-04-27 05:55:58] epoch  278/300 | train=0.000705 | val=0.000912 | best=0.000844@277 | patience=1/30 | time=5.28s
[2026-04-27 05:56:03] epoch  279/300 | train=0.000756 | val=0.000879 | best=0.000844@277 | patience=2/30 | time=5.47s
[2026-04-27 05:56:09] epoch  280/300 | train=0.000740 | val=0.000895 | best=0.000844@277 | patience=3/30 | time=5.36s
[2026-04-27 05:56:14] epoch  281/300 | train=0.000759 | val=0.000913 | best=0.000844@277 | patience=4/30 | time=5.48s
[2026-04-27 05:56:20] epoch  282/300 | train=0.000723 | val=0.000843 | best=0.000843@282 | patience=0/30 | time=5.36s *
[2026-04-27 05:56:26] epoch  283/300 | train=0.000700 | val=0.000849 | best=0.000843@282 | patience=1/30 | time=5.25s
[2026-04-27 05:56:31] epoch  284/300 | train=0.000707 | val=0.000995 | best=0.000843@282 | patience=2/30 | time=5.70s
[2026-04-27 05:56:37] epoch  285/300 | train=0.000787 | val=0.000901 | best=0.000843@282 | patience=3/30 | time=5.21s
[2026-04-27 05:56:43] epoch  286/300 | train=0.000766 | val=0.000897 | best=0.000843@282 | patience=4/30 | time=5.58s
[2026-04-27 05:56:48] epoch  287/300 | train=0.000749 | val=0.000868 | best=0.000843@282 | patience=5/30 | time=5.24s
[2026-04-27 05:56:53] epoch  288/300 | train=0.000741 | val=0.000857 | best=0.000843@282 | patience=6/30 | time=5.25s
[2026-04-27 05:56:59] epoch  289/300 | train=0.000731 | val=0.000874 | best=0.000843@282 | patience=7/30 | time=5.60s
[2026-04-27 05:57:04] epoch  290/300 | train=0.000745 | val=0.000873 | best=0.000843@282 | patience=8/30 | time=5.21s
[2026-04-27 05:57:10] epoch  291/300 | train=0.000714 | val=0.000853 | best=0.000843@282 | patience=9/30 | time=5.60s
[2026-04-27 05:57:16] epoch  292/300 | train=0.000701 | val=0.000852 | best=0.000843@282 | patience=10/30 | time=5.24s
[2026-04-27 05:57:21] epoch  293/300 | train=0.000708 | val=0.001029 | best=0.000843@282 | patience=11/30 | time=5.55s
[2026-04-27 05:57:27] epoch  294/300 | train=0.000783 | val=0.000949 | best=0.000843@282 | patience=12/30 | time=5.37s
[2026-04-27 05:57:32] epoch  295/300 | train=0.000726 | val=0.000852 | best=0.000843@282 | patience=13/30 | time=5.22s
[2026-04-27 05:57:38] epoch  296/300 | train=0.000701 | val=0.000848 | best=0.000843@282 | patience=14/30 | time=5.60s
[2026-04-27 05:57:43] epoch  297/300 | train=0.000694 | val=0.000901 | best=0.000843@282 | patience=15/30 | time=5.24s
[2026-04-27 05:57:49] epoch  298/300 | train=0.000727 | val=0.000853 | best=0.000843@282 | patience=16/30 | time=5.56s
[2026-04-27 05:57:54] epoch  299/300 | train=0.000691 | val=0.000853 | best=0.000843@282 | patience=17/30 | time=5.36s
[2026-04-27 05:58:00] epoch  300/300 | train=0.000683 | val=0.000846 | best=0.000843@282 | patience=18/30 | time=5.49s
[2026-04-27 05:58:00] Training done: stop_reason=max_epochs, total_epochs=300, best_epoch=282, best_val=0.000843
[2026-04-27 05:58:00] Reloading best checkpoint (epoch 282) for evaluation
[2026-04-27 05:58:11] ------------------------------------------------------------
[2026-04-27 05:58:11] Evaluation:
[2026-04-27 05:58:11]   AUC broken_lcfs         : 0.6210
[2026-04-27 05:58:11]   AUC bad_black_core      : 0.9971
[2026-04-27 05:58:11]   AUC bad_nonconverged    : 0.9980
[2026-04-27 05:58:11]   objective      : 0.8469
[2026-04-27 05:58:11]   floor_ok       : True
[2026-04-27 05:58:11]   threshold      : 0.0668
[2026-04-27 05:58:11]   mu / sigma     : 0.000699033 / 0.00019713
[2026-04-27 05:58:11] Train time=1875.9s, eval time=10.6s
