[2026-04-27 10:39:37] ============================================================
[2026-04-27 10:39:37] Trial 164 starting on cuda:0
[2026-04-27 10:39:37] Timestamp: 2026-04-27T10:39:37.690414
[2026-04-27 10:39:37] --- Config summary ---
  bottleneck_dim  : 138
  n_enc_layers    : 5
  n_dec_layers    : 5
  base_channels   : 64
  growth_factor   : 1.5559493208350619
  use_batchnorm   : True
  use_hpf         : True
  hpf_sigma       : 1.0512983891579342
  lr              : 0.00044417037144824334
  batch_size      : 56
  max_epochs      : 300
  patience        : 30
  seed            : 42
  deterministic   : False
  trial_num       : 164
[2026-04-27 10:39:37] Loading train/val/selection splits...
[2026-04-27 10:40:42] Splits loaded in 64.5s: n_train=722, n_val=120, n_selection=405
[2026-04-27 10:40:42] --- Architecture summary ---
  channels per enc layer : [64, 100, 155, 241, 375]
  final spatial size     : 8x8
  flat size before latent: 24000
  bottleneck_dim         : 138
  total parameters       : 19,150,346
[2026-04-27 10:40:42] Starting training: n_train=722, n_val=120, device=cuda:0
[2026-04-27 10:48:49] epoch    1/300 | train=0.006220 | val=0.004848 | best=0.004848@1 | patience=0/30 | time=486.75s *
[2026-04-27 10:48:58] epoch    2/300 | train=0.003266 | val=0.004158 | best=0.004158@2 | patience=0/30 | time=8.29s *
[2026-04-27 10:49:08] epoch    3/300 | train=0.003000 | val=0.003368 | best=0.003368@3 | patience=0/30 | time=8.99s *
[2026-04-27 10:49:17] epoch    4/300 | train=0.002838 | val=0.003080 | best=0.003080@4 | patience=0/30 | time=8.56s *
[2026-04-27 10:49:26] epoch    5/300 | train=0.002750 | val=0.002841 | best=0.002841@5 | patience=0/30 | time=9.34s *
[2026-04-27 10:49:36] epoch    6/300 | train=0.002726 | val=0.002767 | best=0.002767@6 | patience=0/30 | time=9.17s *
[2026-04-27 10:49:48] epoch    7/300 | train=0.002716 | val=0.002731 | best=0.002731@7 | patience=0/30 | time=11.33s *
[2026-04-27 10:49:57] epoch    8/300 | train=0.002696 | val=0.002718 | best=0.002718@8 | patience=0/30 | time=8.37s *
[2026-04-27 10:50:05] epoch    9/300 | train=0.002680 | val=0.002699 | best=0.002699@9 | patience=0/30 | time=8.30s *
[2026-04-27 10:50:15] epoch   10/300 | train=0.002663 | val=0.002690 | best=0.002690@10 | patience=0/30 | time=9.45s *
[2026-04-27 10:50:24] epoch   11/300 | train=0.002663 | val=0.002680 | best=0.002680@11 | patience=0/30 | time=8.37s *
[2026-04-27 10:50:33] epoch   12/300 | train=0.002647 | val=0.002673 | best=0.002673@12 | patience=0/30 | time=8.45s *
[2026-04-27 10:50:42] epoch   13/300 | train=0.002623 | val=0.002639 | best=0.002639@13 | patience=0/30 | time=8.91s *
[2026-04-27 10:50:51] epoch   14/300 | train=0.002585 | val=0.002650 | best=0.002639@13 | patience=1/30 | time=8.31s
[2026-04-27 10:50:59] epoch   15/300 | train=0.002592 | val=0.002715 | best=0.002639@13 | patience=2/30 | time=8.38s
[2026-04-27 10:51:08] epoch   16/300 | train=0.002633 | val=0.002831 | best=0.002639@13 | patience=3/30 | time=8.63s
[2026-04-27 10:51:17] epoch   17/300 | train=0.002416 | val=0.002527 | best=0.002527@17 | patience=0/30 | time=8.44s *
[2026-04-27 10:51:26] epoch   18/300 | train=0.002291 | val=0.002327 | best=0.002327@18 | patience=0/30 | time=8.93s *
[2026-04-27 10:51:35] epoch   19/300 | train=0.002218 | val=0.002236 | best=0.002236@19 | patience=0/30 | time=8.65s *
[2026-04-27 10:51:44] epoch   20/300 | train=0.002149 | val=0.002176 | best=0.002176@20 | patience=0/30 | time=8.42s *
[2026-04-27 10:51:53] epoch   21/300 | train=0.002106 | val=0.002121 | best=0.002121@21 | patience=0/30 | time=8.36s *
[2026-04-27 10:52:02] epoch   22/300 | train=0.002061 | val=0.002071 | best=0.002071@22 | patience=0/30 | time=8.54s *
[2026-04-27 10:52:12] epoch   23/300 | train=0.002021 | val=0.002037 | best=0.002037@23 | patience=0/30 | time=10.28s *
[2026-04-27 10:52:21] epoch   24/300 | train=0.001976 | val=0.001984 | best=0.001984@24 | patience=0/30 | time=8.36s *
[2026-04-27 10:52:30] epoch   25/300 | train=0.001913 | val=0.001947 | best=0.001947@25 | patience=0/30 | time=8.43s *
[2026-04-27 10:52:41] epoch   26/300 | train=0.001870 | val=0.001875 | best=0.001875@26 | patience=0/30 | time=10.40s *
[2026-04-27 10:52:50] epoch   27/300 | train=0.001827 | val=0.001829 | best=0.001829@27 | patience=0/30 | time=8.36s *
[2026-04-27 10:52:59] epoch   28/300 | train=0.001782 | val=0.001812 | best=0.001812@28 | patience=0/30 | time=8.45s *
[2026-04-27 10:53:09] epoch   29/300 | train=0.001756 | val=0.001707 | best=0.001707@29 | patience=0/30 | time=10.32s *
[2026-04-27 10:53:19] epoch   30/300 | train=0.001643 | val=0.001637 | best=0.001637@30 | patience=0/30 | time=8.71s *
[2026-04-27 10:53:27] epoch   31/300 | train=0.001611 | val=0.001592 | best=0.001592@31 | patience=0/30 | time=8.46s *
[2026-04-27 10:53:38] epoch   32/300 | train=0.001584 | val=0.001557 | best=0.001557@32 | patience=0/30 | time=9.64s *
[2026-04-27 10:53:46] epoch   33/300 | train=0.001545 | val=0.001550 | best=0.001550@33 | patience=0/30 | time=8.37s *
[2026-04-27 10:53:55] epoch   34/300 | train=0.001520 | val=0.001506 | best=0.001506@34 | patience=0/30 | time=8.62s *
[2026-04-27 10:54:05] epoch   35/300 | train=0.001483 | val=0.001464 | best=0.001464@35 | patience=0/30 | time=9.38s *
[2026-04-27 10:54:14] epoch   36/300 | train=0.001458 | val=0.001454 | best=0.001454@36 | patience=0/30 | time=8.69s *
[2026-04-27 10:54:23] epoch   37/300 | train=0.001445 | val=0.001426 | best=0.001426@37 | patience=0/30 | time=8.48s *
[2026-04-27 10:54:33] epoch   38/300 | train=0.001423 | val=0.001409 | best=0.001409@38 | patience=0/30 | time=9.51s *
[2026-04-27 10:54:42] epoch   39/300 | train=0.001410 | val=0.001405 | best=0.001405@39 | patience=0/30 | time=8.39s *
[2026-04-27 10:54:51] epoch   40/300 | train=0.001404 | val=0.001385 | best=0.001385@40 | patience=0/30 | time=8.44s *
[2026-04-27 10:55:02] epoch   41/300 | train=0.001382 | val=0.001373 | best=0.001373@41 | patience=0/30 | time=10.53s *
[2026-04-27 10:55:11] epoch   42/300 | train=0.001375 | val=0.001379 | best=0.001373@41 | patience=1/30 | time=8.89s
[2026-04-27 10:55:19] epoch   43/300 | train=0.001374 | val=0.001404 | best=0.001373@41 | patience=2/30 | time=8.46s
[2026-04-27 10:55:30] epoch   44/300 | train=0.001393 | val=0.001367 | best=0.001367@44 | patience=0/30 | time=10.37s *
[2026-04-27 10:55:40] epoch   45/300 | train=0.001371 | val=0.001359 | best=0.001359@45 | patience=0/30 | time=8.89s *
[2026-04-27 10:55:49] epoch   46/300 | train=0.001363 | val=0.001351 | best=0.001351@46 | patience=0/30 | time=8.53s *
[2026-04-27 10:56:01] epoch   47/300 | train=0.001346 | val=0.001338 | best=0.001338@47 | patience=0/30 | time=11.82s *
[2026-04-27 10:56:10] epoch   48/300 | train=0.001335 | val=0.001327 | best=0.001327@48 | patience=0/30 | time=8.89s *
[2026-04-27 10:56:19] epoch   49/300 | train=0.001327 | val=0.001315 | best=0.001315@49 | patience=0/30 | time=8.38s *
[2026-04-27 10:56:28] epoch   50/300 | train=0.001333 | val=0.001321 | best=0.001315@49 | patience=1/30 | time=8.81s
[2026-04-27 10:56:28]   pruned at epoch 50
[2026-04-27 10:56:28] Training done: stop_reason=pruned, total_epochs=50, best_epoch=49, best_val=0.001315
[2026-04-27 10:56:28] Reloading best checkpoint (epoch 49) for evaluation
[2026-04-27 10:56:46] ------------------------------------------------------------
[2026-04-27 10:56:46] Evaluation:
[2026-04-27 10:56:46]   AUC broken_lcfs         : 0.6082
[2026-04-27 10:56:46]   AUC bad_black_core      : 0.9755
[2026-04-27 10:56:46]   AUC bad_nonconverged    : 0.9845
[2026-04-27 10:56:46]   objective      : 0.8313
[2026-04-27 10:56:46]   floor_ok       : True
[2026-04-27 10:56:46]   threshold      : 0.0039
[2026-04-27 10:56:46]   mu / sigma     : 0.00131319 / 0.000283675
[2026-04-27 10:56:46] Train time=945.6s, eval time=18.2s
