[2026-04-27 03:12:11] ============================================================
[2026-04-27 03:12:11] Trial 64 starting on cuda:0
[2026-04-27 03:12:11] Timestamp: 2026-04-27T03:12:11.013686
[2026-04-27 03:12:11] --- Config summary ---
  bottleneck_dim  : 145
  n_enc_layers    : 4
  n_dec_layers    : 5
  base_channels   : 63
  growth_factor   : 1.5622693296679344
  use_batchnorm   : True
  use_hpf         : True
  hpf_sigma       : 1.06132019383923
  lr              : 0.00039493179273988345
  batch_size      : 32
  max_epochs      : 300
  patience        : 30
  seed            : 42
  deterministic   : False
  trial_num       : 64
[2026-04-27 03:12:11] Loading train/val/selection splits...
[2026-04-27 03:13:10] Splits loaded in 59.3s: n_train=722, n_val=120, n_selection=405
[2026-04-27 03:13:11] --- Architecture summary ---
  channels per enc layer : [63, 98, 154, 240]
  final spatial size     : 16x16
  flat size before latent: 61440
  bottleneck_dim         : 145
  total parameters       : 22,872,278
[2026-04-27 03:13:11] Starting training: n_train=722, n_val=120, device=cuda:0
[2026-04-27 03:17:23] epoch    1/300 | train=0.004382 | val=0.004382 | best=0.004382@1 | patience=0/30 | time=252.42s *
[2026-04-27 03:17:32] epoch    2/300 | train=0.002809 | val=0.003433 | best=0.003433@2 | patience=0/30 | time=8.51s *
[2026-04-27 03:17:41] epoch    3/300 | train=0.002558 | val=0.003257 | best=0.003257@3 | patience=0/30 | time=8.40s *
[2026-04-27 03:17:50] epoch    4/300 | train=0.002233 | val=0.002316 | best=0.002316@4 | patience=0/30 | time=8.28s *
[2026-04-27 03:17:59] epoch    5/300 | train=0.001919 | val=0.001765 | best=0.001765@5 | patience=0/30 | time=8.47s *
[2026-04-27 03:18:08] epoch    6/300 | train=0.001599 | val=0.001566 | best=0.001566@6 | patience=0/30 | time=8.40s *
[2026-04-27 03:18:17] epoch    7/300 | train=0.001498 | val=0.001459 | best=0.001459@7 | patience=0/30 | time=8.27s *
[2026-04-27 03:18:26] epoch    8/300 | train=0.001435 | val=0.001407 | best=0.001407@8 | patience=0/30 | time=8.41s *
[2026-04-27 03:18:35] epoch    9/300 | train=0.001396 | val=0.001358 | best=0.001358@9 | patience=0/30 | time=8.45s *
[2026-04-27 03:18:43] epoch   10/300 | train=0.001368 | val=0.001448 | best=0.001358@9 | patience=1/30 | time=8.34s
[2026-04-27 03:18:52] epoch   11/300 | train=0.001355 | val=0.001337 | best=0.001337@11 | patience=0/30 | time=8.42s *
[2026-04-27 03:19:00] epoch   12/300 | train=0.001343 | val=0.001346 | best=0.001337@11 | patience=1/30 | time=8.36s
[2026-04-27 03:19:09] epoch   13/300 | train=0.001337 | val=0.001332 | best=0.001332@13 | patience=0/30 | time=8.30s *
[2026-04-27 03:19:18] epoch   14/300 | train=0.001327 | val=0.001310 | best=0.001310@14 | patience=0/30 | time=8.42s *
[2026-04-27 03:19:27] epoch   15/300 | train=0.001326 | val=0.001348 | best=0.001310@14 | patience=1/30 | time=8.37s
[2026-04-27 03:19:35] epoch   16/300 | train=0.001347 | val=0.001323 | best=0.001310@14 | patience=2/30 | time=8.28s
[2026-04-27 03:19:44] epoch   17/300 | train=0.001312 | val=0.001303 | best=0.001303@17 | patience=0/30 | time=8.46s *
[2026-04-27 03:19:52] epoch   18/300 | train=0.001317 | val=0.001303 | best=0.001303@17 | patience=1/30 | time=8.37s
[2026-04-27 03:20:01] epoch   19/300 | train=0.001303 | val=0.001338 | best=0.001303@17 | patience=2/30 | time=8.30s
[2026-04-27 03:20:09] epoch   20/300 | train=0.001298 | val=0.001310 | best=0.001303@17 | patience=3/30 | time=8.41s
[2026-04-27 03:20:18] epoch   21/300 | train=0.001304 | val=0.001303 | best=0.001303@17 | patience=4/30 | time=8.42s
[2026-04-27 03:20:27] epoch   22/300 | train=0.001285 | val=0.001281 | best=0.001281@22 | patience=0/30 | time=8.30s *
[2026-04-27 03:20:35] epoch   23/300 | train=0.001283 | val=0.001294 | best=0.001281@22 | patience=1/30 | time=8.43s
[2026-04-27 03:20:44] epoch   24/300 | train=0.001272 | val=0.001264 | best=0.001264@24 | patience=0/30 | time=8.18s *
[2026-04-27 03:20:52] epoch   25/300 | train=0.001259 | val=0.001495 | best=0.001264@24 | patience=1/30 | time=8.30s
[2026-04-27 03:21:01] epoch   26/300 | train=0.001257 | val=0.001350 | best=0.001264@24 | patience=2/30 | time=8.43s
[2026-04-27 03:21:10] epoch   27/300 | train=0.001252 | val=0.001261 | best=0.001261@27 | patience=0/30 | time=8.18s *
[2026-04-27 03:21:18] epoch   28/300 | train=0.001239 | val=0.001299 | best=0.001261@27 | patience=1/30 | time=8.52s
[2026-04-27 03:21:27] epoch   29/300 | train=0.001232 | val=0.002201 | best=0.001261@27 | patience=2/30 | time=8.43s
[2026-04-27 03:21:35] epoch   30/300 | train=0.001220 | val=0.001281 | best=0.001261@27 | patience=3/30 | time=8.18s
[2026-04-27 03:21:44] epoch   31/300 | train=0.001210 | val=0.001565 | best=0.001261@27 | patience=4/30 | time=8.48s
[2026-04-27 03:21:53] epoch   32/300 | train=0.001188 | val=0.001356 | best=0.001261@27 | patience=5/30 | time=8.43s
[2026-04-27 03:22:01] epoch   33/300 | train=0.001192 | val=0.001202 | best=0.001202@33 | patience=0/30 | time=8.19s *
[2026-04-27 03:22:10] epoch   34/300 | train=0.001189 | val=0.001199 | best=0.001199@34 | patience=0/30 | time=8.50s *
[2026-04-27 03:22:19] epoch   35/300 | train=0.001167 | val=0.001422 | best=0.001199@34 | patience=1/30 | time=8.45s
[2026-04-27 03:22:28] epoch   36/300 | train=0.001155 | val=0.001167 | best=0.001167@36 | patience=0/30 | time=8.18s *
[2026-04-27 03:22:36] epoch   37/300 | train=0.001131 | val=0.001279 | best=0.001167@36 | patience=1/30 | time=8.51s
[2026-04-27 03:22:45] epoch   38/300 | train=0.001121 | val=0.001139 | best=0.001139@38 | patience=0/30 | time=8.20s *
[2026-04-27 03:22:53] epoch   39/300 | train=0.001106 | val=0.001495 | best=0.001139@38 | patience=1/30 | time=8.18s
[2026-04-27 03:23:02] epoch   40/300 | train=0.001126 | val=0.001165 | best=0.001139@38 | patience=2/30 | time=8.53s
[2026-04-27 03:23:10] epoch   41/300 | train=0.001093 | val=0.001181 | best=0.001139@38 | patience=3/30 | time=8.20s
[2026-04-27 03:23:19] epoch   42/300 | train=0.001089 | val=0.001156 | best=0.001139@38 | patience=4/30 | time=8.48s
[2026-04-27 03:23:28] epoch   43/300 | train=0.001070 | val=0.001267 | best=0.001139@38 | patience=5/30 | time=8.53s
[2026-04-27 03:23:36] epoch   44/300 | train=0.001070 | val=0.001201 | best=0.001139@38 | patience=6/30 | time=8.21s
[2026-04-27 03:23:45] epoch   45/300 | train=0.001048 | val=0.001119 | best=0.001119@45 | patience=0/30 | time=8.44s *
[2026-04-27 03:23:54] epoch   46/300 | train=0.001038 | val=0.001064 | best=0.001064@46 | patience=0/30 | time=8.54s *
[2026-04-27 03:24:02] epoch   47/300 | train=0.001025 | val=0.001136 | best=0.001064@46 | patience=1/30 | time=8.21s
[2026-04-27 03:24:11] epoch   48/300 | train=0.001011 | val=0.001314 | best=0.001064@46 | patience=2/30 | time=8.49s
[2026-04-27 03:24:19] epoch   49/300 | train=0.001012 | val=0.001087 | best=0.001064@46 | patience=3/30 | time=8.41s
[2026-04-27 03:24:28] epoch   50/300 | train=0.001012 | val=0.001087 | best=0.001064@46 | patience=4/30 | time=8.20s
[2026-04-27 03:24:36] epoch   51/300 | train=0.001010 | val=0.001146 | best=0.001064@46 | patience=5/30 | time=8.49s
[2026-04-27 03:24:45] epoch   52/300 | train=0.000977 | val=0.001066 | best=0.001064@46 | patience=6/30 | time=8.41s
[2026-04-27 03:24:53] epoch   53/300 | train=0.000981 | val=0.001154 | best=0.001064@46 | patience=7/30 | time=8.29s
[2026-04-27 03:25:02] epoch   54/300 | train=0.000968 | val=0.001023 | best=0.001023@54 | patience=0/30 | time=8.46s *
[2026-04-27 03:25:11] epoch   55/300 | train=0.000964 | val=0.001054 | best=0.001023@54 | patience=1/30 | time=8.41s
[2026-04-27 03:25:19] epoch   56/300 | train=0.000955 | val=0.001059 | best=0.001023@54 | patience=2/30 | time=8.29s
[2026-04-27 03:25:28] epoch   57/300 | train=0.000943 | val=0.001022 | best=0.001022@57 | patience=0/30 | time=8.47s *
[2026-04-27 03:25:37] epoch   58/300 | train=0.000929 | val=0.001009 | best=0.001009@58 | patience=0/30 | time=8.37s *
[2026-04-27 03:25:46] epoch   59/300 | train=0.000921 | val=0.001151 | best=0.001009@58 | patience=1/30 | time=8.31s
[2026-04-27 03:25:54] epoch   60/300 | train=0.000916 | val=0.000983 | best=0.000983@60 | patience=0/30 | time=8.42s *
[2026-04-27 03:26:03] epoch   61/300 | train=0.000914 | val=0.001042 | best=0.000983@60 | patience=1/30 | time=8.37s
[2026-04-27 03:26:11] epoch   62/300 | train=0.000914 | val=0.001087 | best=0.000983@60 | patience=2/30 | time=8.29s
[2026-04-27 03:26:20] epoch   63/300 | train=0.000907 | val=0.000999 | best=0.000983@60 | patience=3/30 | time=8.48s
[2026-04-27 03:26:29] epoch   64/300 | train=0.000884 | val=0.000970 | best=0.000970@64 | patience=0/30 | time=8.19s *
[2026-04-27 03:26:37] epoch   65/300 | train=0.000879 | val=0.000980 | best=0.000970@64 | patience=1/30 | time=8.31s
[2026-04-27 03:26:46] epoch   66/300 | train=0.000881 | val=0.000963 | best=0.000963@66 | patience=0/30 | time=8.43s *
[2026-04-27 03:26:54] epoch   67/300 | train=0.000868 | val=0.000971 | best=0.000963@66 | patience=1/30 | time=8.18s
[2026-04-27 03:27:03] epoch   68/300 | train=0.000864 | val=0.001002 | best=0.000963@66 | patience=2/30 | time=8.54s
[2026-04-27 03:27:12] epoch   69/300 | train=0.000844 | val=0.000973 | best=0.000963@66 | patience=3/30 | time=8.43s
[2026-04-27 03:27:20] epoch   70/300 | train=0.000838 | val=0.000961 | best=0.000961@70 | patience=0/30 | time=8.19s *
[2026-04-27 03:27:29] epoch   71/300 | train=0.000844 | val=0.000970 | best=0.000961@70 | patience=1/30 | time=8.52s
[2026-04-27 03:27:38] epoch   72/300 | train=0.000842 | val=0.000995 | best=0.000961@70 | patience=2/30 | time=8.51s
[2026-04-27 03:27:46] epoch   73/300 | train=0.000823 | val=0.000942 | best=0.000942@73 | patience=0/30 | time=8.18s *
[2026-04-27 03:27:55] epoch   74/300 | train=0.000810 | val=0.000939 | best=0.000939@74 | patience=0/30 | time=8.53s *
[2026-04-27 03:28:04] epoch   75/300 | train=0.000815 | val=0.000955 | best=0.000939@74 | patience=1/30 | time=8.48s
[2026-04-27 03:28:12] epoch   76/300 | train=0.000814 | val=0.000958 | best=0.000939@74 | patience=2/30 | time=8.19s
[2026-04-27 03:28:21] epoch   77/300 | train=0.000795 | val=0.000992 | best=0.000939@74 | patience=3/30 | time=8.50s
[2026-04-27 03:28:29] epoch   78/300 | train=0.000800 | val=0.000939 | best=0.000939@74 | patience=4/30 | time=8.21s
[2026-04-27 03:28:38] epoch   79/300 | train=0.000790 | val=0.000934 | best=0.000934@79 | patience=0/30 | time=8.49s *
[2026-04-27 03:28:47] epoch   80/300 | train=0.000768 | val=0.000919 | best=0.000919@80 | patience=0/30 | time=8.48s *
[2026-04-27 03:28:56] epoch   81/300 | train=0.000772 | val=0.000926 | best=0.000919@80 | patience=1/30 | time=8.21s
[2026-04-27 03:29:04] epoch   82/300 | train=0.000766 | val=0.000950 | best=0.000919@80 | patience=2/30 | time=8.49s
[2026-04-27 03:29:13] epoch   83/300 | train=0.000766 | val=0.000952 | best=0.000919@80 | patience=3/30 | time=8.53s
[2026-04-27 03:29:21] epoch   84/300 | train=0.000770 | val=0.000963 | best=0.000919@80 | patience=4/30 | time=8.20s
[2026-04-27 03:29:30] epoch   85/300 | train=0.000778 | val=0.000947 | best=0.000919@80 | patience=5/30 | time=8.48s
[2026-04-27 03:29:38] epoch   86/300 | train=0.000751 | val=0.000920 | best=0.000919@80 | patience=6/30 | time=8.54s
[2026-04-27 03:29:47] epoch   87/300 | train=0.000749 | val=0.000931 | best=0.000919@80 | patience=7/30 | time=8.20s
[2026-04-27 03:29:55] epoch   88/300 | train=0.000741 | val=0.000972 | best=0.000919@80 | patience=8/30 | time=8.49s
[2026-04-27 03:30:04] epoch   89/300 | train=0.000725 | val=0.000941 | best=0.000919@80 | patience=9/30 | time=8.49s
[2026-04-27 03:30:12] epoch   90/300 | train=0.000730 | val=0.000926 | best=0.000919@80 | patience=10/30 | time=8.21s
[2026-04-27 03:30:21] epoch   91/300 | train=0.000720 | val=0.000924 | best=0.000919@80 | patience=11/30 | time=8.44s
[2026-04-27 03:30:29] epoch   92/300 | train=0.000712 | val=0.000921 | best=0.000919@80 | patience=12/30 | time=8.38s
[2026-04-27 03:30:38] epoch   93/300 | train=0.000698 | val=0.000918 | best=0.000919@80 | patience=13/30 | time=8.35s
[2026-04-27 03:30:46] epoch   94/300 | train=0.000705 | val=0.000999 | best=0.000919@80 | patience=14/30 | time=8.44s
[2026-04-27 03:30:55] epoch   95/300 | train=0.000701 | val=0.000914 | best=0.000914@95 | patience=0/30 | time=8.37s *
[2026-04-27 03:31:04] epoch   96/300 | train=0.000688 | val=0.000927 | best=0.000914@95 | patience=1/30 | time=8.31s
[2026-04-27 03:31:12] epoch   97/300 | train=0.000702 | val=0.000924 | best=0.000914@95 | patience=2/30 | time=8.44s
[2026-04-27 03:31:21] epoch   98/300 | train=0.000687 | val=0.000913 | best=0.000914@95 | patience=3/30 | time=8.36s
[2026-04-27 03:31:30] epoch   99/300 | train=0.000661 | val=0.000907 | best=0.000907@99 | patience=0/30 | time=8.29s *
[2026-04-27 03:31:38] epoch  100/300 | train=0.000653 | val=0.000915 | best=0.000907@99 | patience=1/30 | time=8.50s
[2026-04-27 03:31:47] epoch  101/300 | train=0.000651 | val=0.000948 | best=0.000907@99 | patience=2/30 | time=8.42s
[2026-04-27 03:31:55] epoch  102/300 | train=0.000648 | val=0.000935 | best=0.000907@99 | patience=3/30 | time=8.29s
[2026-04-27 03:32:04] epoch  103/300 | train=0.000643 | val=0.000915 | best=0.000907@99 | patience=4/30 | time=8.47s
[2026-04-27 03:32:12] epoch  104/300 | train=0.000641 | val=0.000920 | best=0.000907@99 | patience=5/30 | time=8.46s
[2026-04-27 03:32:21] epoch  105/300 | train=0.000635 | val=0.000922 | best=0.000907@99 | patience=6/30 | time=8.29s
[2026-04-27 03:32:31] epoch  106/300 | train=0.000626 | val=0.000900 | best=0.000900@106 | patience=0/30 | time=8.48s *
[2026-04-27 03:32:39] epoch  107/300 | train=0.000612 | val=0.000957 | best=0.000900@106 | patience=1/30 | time=8.37s
[2026-04-27 03:32:48] epoch  108/300 | train=0.000627 | val=0.000913 | best=0.000900@106 | patience=2/30 | time=8.30s
[2026-04-27 03:32:56] epoch  109/300 | train=0.000640 | val=0.000936 | best=0.000900@106 | patience=3/30 | time=8.43s
[2026-04-27 03:33:04] epoch  110/300 | train=0.000624 | val=0.000909 | best=0.000900@106 | patience=4/30 | time=8.19s
[2026-04-27 03:33:13] epoch  111/300 | train=0.000605 | val=0.000909 | best=0.000900@106 | patience=5/30 | time=8.53s
[2026-04-27 03:33:22] epoch  112/300 | train=0.000594 | val=0.000926 | best=0.000900@106 | patience=6/30 | time=8.43s
[2026-04-27 03:33:30] epoch  113/300 | train=0.000590 | val=0.000913 | best=0.000900@106 | patience=7/30 | time=8.19s
[2026-04-27 03:33:39] epoch  114/300 | train=0.000593 | val=0.000929 | best=0.000900@106 | patience=8/30 | time=8.54s
[2026-04-27 03:33:47] epoch  115/300 | train=0.000596 | val=0.000925 | best=0.000900@106 | patience=9/30 | time=8.42s
[2026-04-27 03:33:56] epoch  116/300 | train=0.000592 | val=0.000910 | best=0.000900@106 | patience=10/30 | time=8.19s
[2026-04-27 03:34:04] epoch  117/300 | train=0.000583 | val=0.000918 | best=0.000900@106 | patience=11/30 | time=8.48s
[2026-04-27 03:34:13] epoch  118/300 | train=0.000574 | val=0.000919 | best=0.000900@106 | patience=12/30 | time=8.20s
[2026-04-27 03:34:21] epoch  119/300 | train=0.000562 | val=0.000913 | best=0.000900@106 | patience=13/30 | time=8.19s
[2026-04-27 03:34:30] epoch  120/300 | train=0.000558 | val=0.000922 | best=0.000900@106 | patience=14/30 | time=8.51s
[2026-04-27 03:34:38] epoch  121/300 | train=0.000548 | val=0.000932 | best=0.000900@106 | patience=15/30 | time=8.20s
[2026-04-27 03:34:47] epoch  122/300 | train=0.000551 | val=0.000913 | best=0.000900@106 | patience=16/30 | time=8.44s
[2026-04-27 03:34:55] epoch  123/300 | train=0.000538 | val=0.000911 | best=0.000900@106 | patience=17/30 | time=8.49s
[2026-04-27 03:35:04] epoch  124/300 | train=0.000527 | val=0.000915 | best=0.000900@106 | patience=18/30 | time=8.20s
[2026-04-27 03:35:12] epoch  125/300 | train=0.000524 | val=0.000919 | best=0.000900@106 | patience=19/30 | time=8.44s
[2026-04-27 03:35:21] epoch  126/300 | train=0.000527 | val=0.000916 | best=0.000900@106 | patience=20/30 | time=8.36s
[2026-04-27 03:35:29] epoch  127/300 | train=0.000529 | val=0.000932 | best=0.000900@106 | patience=21/30 | time=8.34s
[2026-04-27 03:35:38] epoch  128/300 | train=0.000521 | val=0.000940 | best=0.000900@106 | patience=22/30 | time=8.44s
[2026-04-27 03:35:46] epoch  129/300 | train=0.000534 | val=0.000937 | best=0.000900@106 | patience=23/30 | time=8.36s
[2026-04-27 03:35:55] epoch  130/300 | train=0.000530 | val=0.000913 | best=0.000900@106 | patience=24/30 | time=8.29s
[2026-04-27 03:36:03] epoch  131/300 | train=0.000512 | val=0.000933 | best=0.000900@106 | patience=25/30 | time=8.52s
[2026-04-27 03:36:12] epoch  132/300 | train=0.000499 | val=0.000906 | best=0.000900@106 | patience=26/30 | time=8.42s
[2026-04-27 03:36:20] epoch  133/300 | train=0.000483 | val=0.000908 | best=0.000900@106 | patience=27/30 | time=8.29s
[2026-04-27 03:36:29] epoch  134/300 | train=0.000487 | val=0.000919 | best=0.000900@106 | patience=28/30 | time=8.48s
[2026-04-27 03:36:37] epoch  135/300 | train=0.000481 | val=0.000926 | best=0.000900@106 | patience=29/30 | time=8.36s
[2026-04-27 03:36:46] epoch  136/300 | train=0.000477 | val=0.000917 | best=0.000900@106 | patience=30/30 | time=8.29s
[2026-04-27 03:36:46]   early stopping at epoch 136 (no improvement for 30 epochs)
[2026-04-27 03:36:46] Training done: stop_reason=early_stop, total_epochs=136, best_epoch=106, best_val=0.000900
[2026-04-27 03:36:46] Reloading best checkpoint (epoch 106) for evaluation
[2026-04-27 03:37:02] ------------------------------------------------------------
[2026-04-27 03:37:02] Evaluation:
[2026-04-27 03:37:02]   AUC broken_lcfs         : 0.5903
[2026-04-27 03:37:02]   AUC bad_black_core      : 0.9954
[2026-04-27 03:37:02]   AUC bad_nonconverged    : 0.9953
[2026-04-27 03:37:02]   objective      : 0.8333
[2026-04-27 03:37:02]   floor_ok       : True
[2026-04-27 03:37:02]   threshold      : 0.1161
[2026-04-27 03:37:02]   mu / sigma     : 0.000603458 / 0.000154368
[2026-04-27 03:37:02] Train time=1415.3s, eval time=15.4s
