[2026-04-27 07:15:22] ============================================================
[2026-04-27 07:15:22] Trial 119 starting on cuda:0
[2026-04-27 07:15:22] Timestamp: 2026-04-27T07:15:22.919903
[2026-04-27 07:15:22] --- Config summary ---
  bottleneck_dim  : 237
  n_enc_layers    : 5
  n_dec_layers    : 4
  base_channels   : 55
  growth_factor   : 1.5318360790295769
  use_batchnorm   : True
  use_hpf         : True
  hpf_sigma       : 1.0518157528787642
  lr              : 0.0019291006192373862
  batch_size      : 8
  max_epochs      : 300
  patience        : 30
  seed            : 42
  deterministic   : False
  trial_num       : 119
[2026-04-27 07:15:22] Loading train/val/selection splits...
[2026-04-27 07:15:31] Splits loaded in 8.2s: n_train=722, n_val=120, n_selection=405
[2026-04-27 07:15:31] --- Architecture summary ---
  channels per enc layer : [55, 84, 129, 198, 303]
  final spatial size     : 8x8
  flat size before latent: 19392
  bottleneck_dim         : 237
  total parameters       : 16,126,505
[2026-04-27 07:15:31] Starting training: n_train=722, n_val=120, device=cuda:0
[2026-04-27 07:16:16] epoch    1/300 | train=0.003862 | val=0.003083 | best=0.003083@1 | patience=0/30 | time=45.69s *
[2026-04-27 07:16:23] epoch    2/300 | train=0.002923 | val=0.002929 | best=0.002929@2 | patience=0/30 | time=6.02s *
[2026-04-27 07:16:29] epoch    3/300 | train=0.002874 | val=0.002903 | best=0.002903@3 | patience=0/30 | time=6.12s *
[2026-04-27 07:16:35] epoch    4/300 | train=0.002849 | val=0.002910 | best=0.002903@3 | patience=1/30 | time=6.06s
[2026-04-27 07:16:41] epoch    5/300 | train=0.002802 | val=0.002853 | best=0.002853@5 | patience=0/30 | time=6.04s *
[2026-04-27 07:16:47] epoch    6/300 | train=0.002742 | val=0.002794 | best=0.002794@6 | patience=0/30 | time=6.06s *
[2026-04-27 07:16:53] epoch    7/300 | train=0.002501 | val=0.002413 | best=0.002413@7 | patience=0/30 | time=6.12s *
[2026-04-27 07:16:59] epoch    8/300 | train=0.002185 | val=0.002184 | best=0.002184@8 | patience=0/30 | time=6.03s *
[2026-04-27 07:17:06] epoch    9/300 | train=0.002050 | val=0.002032 | best=0.002032@9 | patience=0/30 | time=6.09s *
[2026-04-27 07:17:12] epoch   10/300 | train=0.001961 | val=0.002046 | best=0.002032@9 | patience=1/30 | time=6.06s
[2026-04-27 07:17:18] epoch   11/300 | train=0.001834 | val=0.001756 | best=0.001756@11 | patience=0/30 | time=6.07s *
[2026-04-27 07:17:24] epoch   12/300 | train=0.001663 | val=0.001591 | best=0.001591@12 | patience=0/30 | time=6.07s *
[2026-04-27 07:17:30] epoch   13/300 | train=0.001556 | val=0.001535 | best=0.001535@13 | patience=0/30 | time=6.09s *
[2026-04-27 07:17:36] epoch   14/300 | train=0.001491 | val=0.001471 | best=0.001471@14 | patience=0/30 | time=6.05s *
[2026-04-27 07:17:43] epoch   15/300 | train=0.001430 | val=0.001410 | best=0.001410@15 | patience=0/30 | time=6.09s *
[2026-04-27 07:17:49] epoch   16/300 | train=0.001410 | val=0.001380 | best=0.001380@16 | patience=0/30 | time=6.07s *
[2026-04-27 07:17:55] epoch   17/300 | train=0.001383 | val=0.001417 | best=0.001380@16 | patience=1/30 | time=6.08s
[2026-04-27 07:18:01] epoch   18/300 | train=0.001382 | val=0.001377 | best=0.001377@18 | patience=0/30 | time=6.07s *
[2026-04-27 07:18:07] epoch   19/300 | train=0.001353 | val=0.001343 | best=0.001343@19 | patience=0/30 | time=6.09s *
[2026-04-27 07:18:13] epoch   20/300 | train=0.001342 | val=0.001356 | best=0.001343@19 | patience=1/30 | time=6.08s
[2026-04-27 07:18:19] epoch   21/300 | train=0.001341 | val=0.001343 | best=0.001343@19 | patience=2/30 | time=6.06s
[2026-04-27 07:18:26] epoch   22/300 | train=0.001329 | val=0.001322 | best=0.001322@22 | patience=0/30 | time=6.07s *
[2026-04-27 07:18:32] epoch   23/300 | train=0.001325 | val=0.001425 | best=0.001322@22 | patience=1/30 | time=6.05s
[2026-04-27 07:18:38] epoch   24/300 | train=0.001340 | val=0.001350 | best=0.001322@22 | patience=2/30 | time=6.12s
[2026-04-27 07:18:44] epoch   25/300 | train=0.001320 | val=0.001313 | best=0.001313@25 | patience=0/30 | time=6.08s *
[2026-04-27 07:18:50] epoch   26/300 | train=0.001311 | val=0.001331 | best=0.001313@25 | patience=1/30 | time=6.05s
[2026-04-27 07:18:56] epoch   27/300 | train=0.001313 | val=0.001332 | best=0.001313@25 | patience=2/30 | time=6.06s
[2026-04-27 07:19:02] epoch   28/300 | train=0.001308 | val=0.001311 | best=0.001311@28 | patience=0/30 | time=6.12s *
[2026-04-27 07:19:08] epoch   29/300 | train=0.001305 | val=0.001312 | best=0.001311@28 | patience=1/30 | time=6.03s
[2026-04-27 07:19:15] epoch   30/300 | train=0.001313 | val=0.001301 | best=0.001301@30 | patience=0/30 | time=6.11s *
[2026-04-27 07:19:21] epoch   31/300 | train=0.001305 | val=0.001330 | best=0.001301@30 | patience=1/30 | time=6.06s
[2026-04-27 07:19:27] epoch   32/300 | train=0.001297 | val=0.001297 | best=0.001297@32 | patience=0/30 | time=6.08s *
[2026-04-27 07:19:33] epoch   33/300 | train=0.001289 | val=0.001333 | best=0.001297@32 | patience=1/30 | time=6.07s
[2026-04-27 07:19:39] epoch   34/300 | train=0.001288 | val=0.001290 | best=0.001290@34 | patience=0/30 | time=6.10s *
[2026-04-27 07:19:45] epoch   35/300 | train=0.001292 | val=0.001312 | best=0.001290@34 | patience=1/30 | time=6.05s
[2026-04-27 07:19:51] epoch   36/300 | train=0.001280 | val=0.001278 | best=0.001278@36 | patience=0/30 | time=6.09s *
[2026-04-27 07:19:58] epoch   37/300 | train=0.001279 | val=0.001275 | best=0.001275@37 | patience=0/30 | time=6.08s *
[2026-04-27 07:20:04] epoch   38/300 | train=0.001277 | val=0.001417 | best=0.001275@37 | patience=1/30 | time=6.07s
[2026-04-27 07:20:10] epoch   39/300 | train=0.001287 | val=0.001808 | best=0.001275@37 | patience=2/30 | time=6.07s
[2026-04-27 07:20:16] epoch   40/300 | train=0.001284 | val=0.001273 | best=0.001273@40 | patience=0/30 | time=6.05s *
[2026-04-27 07:20:22] epoch   41/300 | train=0.001264 | val=0.001266 | best=0.001266@41 | patience=0/30 | time=6.12s *
[2026-04-27 07:20:28] epoch   42/300 | train=0.001261 | val=0.001493 | best=0.001266@41 | patience=1/30 | time=6.08s
[2026-04-27 07:20:34] epoch   43/300 | train=0.001271 | val=0.001274 | best=0.001266@41 | patience=2/30 | time=6.05s
[2026-04-27 07:20:40] epoch   44/300 | train=0.001252 | val=0.001235 | best=0.001235@44 | patience=0/30 | time=6.06s *
[2026-04-27 07:20:47] epoch   45/300 | train=0.001245 | val=0.001270 | best=0.001235@44 | patience=1/30 | time=6.12s
[2026-04-27 07:20:53] epoch   46/300 | train=0.001277 | val=0.001246 | best=0.001235@44 | patience=2/30 | time=6.03s
[2026-04-27 07:20:59] epoch   47/300 | train=0.001236 | val=0.001304 | best=0.001235@44 | patience=3/30 | time=6.10s
[2026-04-27 07:21:05] epoch   48/300 | train=0.001235 | val=0.001252 | best=0.001235@44 | patience=4/30 | time=6.06s
[2026-04-27 07:21:11] epoch   49/300 | train=0.001229 | val=0.001379 | best=0.001235@44 | patience=5/30 | time=6.08s
[2026-04-27 07:21:17] epoch   50/300 | train=0.001233 | val=0.001248 | best=0.001235@44 | patience=6/30 | time=6.07s
[2026-04-27 07:21:23] epoch   51/300 | train=0.001206 | val=0.001215 | best=0.001215@51 | patience=0/30 | time=6.10s *
[2026-04-27 07:21:29] epoch   52/300 | train=0.001202 | val=0.001220 | best=0.001215@51 | patience=1/30 | time=6.05s
[2026-04-27 07:21:36] epoch   53/300 | train=0.001212 | val=0.001208 | best=0.001208@53 | patience=0/30 | time=6.09s *
[2026-04-27 07:21:42] epoch   54/300 | train=0.001196 | val=0.001213 | best=0.001208@53 | patience=1/30 | time=6.07s
[2026-04-27 07:21:48] epoch   55/300 | train=0.001188 | val=0.001198 | best=0.001198@55 | patience=0/30 | time=6.08s *
[2026-04-27 07:21:54] epoch   56/300 | train=0.001178 | val=0.001323 | best=0.001198@55 | patience=1/30 | time=6.08s
[2026-04-27 07:22:00] epoch   57/300 | train=0.001176 | val=0.001180 | best=0.001180@57 | patience=0/30 | time=6.10s *
[2026-04-27 07:22:06] epoch   58/300 | train=0.001166 | val=0.001170 | best=0.001170@58 | patience=0/30 | time=6.08s *
[2026-04-27 07:22:12] epoch   59/300 | train=0.001157 | val=0.001186 | best=0.001170@58 | patience=1/30 | time=6.07s
[2026-04-27 07:22:19] epoch   60/300 | train=0.001157 | val=0.001155 | best=0.001155@60 | patience=0/30 | time=6.07s *
[2026-04-27 07:22:25] epoch   61/300 | train=0.001155 | val=0.001154 | best=0.001154@61 | patience=0/30 | time=6.05s *
[2026-04-27 07:22:31] epoch   62/300 | train=0.001149 | val=0.001158 | best=0.001154@61 | patience=1/30 | time=6.11s
[2026-04-27 07:22:37] epoch   63/300 | train=0.001137 | val=0.001147 | best=0.001147@63 | patience=0/30 | time=6.09s *
[2026-04-27 07:22:43] epoch   64/300 | train=0.001122 | val=0.001132 | best=0.001132@64 | patience=0/30 | time=6.06s *
[2026-04-27 07:22:49] epoch   65/300 | train=0.001115 | val=0.001148 | best=0.001132@64 | patience=1/30 | time=6.06s
[2026-04-27 07:22:56] epoch   66/300 | train=0.001112 | val=0.001114 | best=0.001114@66 | patience=0/30 | time=6.12s *
[2026-04-27 07:23:02] epoch   67/300 | train=0.001092 | val=0.001096 | best=0.001096@67 | patience=0/30 | time=6.04s *
[2026-04-27 07:23:08] epoch   68/300 | train=0.001084 | val=0.001114 | best=0.001096@67 | patience=1/30 | time=6.10s
[2026-04-27 07:23:14] epoch   69/300 | train=0.001087 | val=0.001094 | best=0.001094@69 | patience=0/30 | time=6.07s *
[2026-04-27 07:23:20] epoch   70/300 | train=0.001070 | val=0.001091 | best=0.001091@70 | patience=0/30 | time=6.08s *
[2026-04-27 07:23:26] epoch   71/300 | train=0.001061 | val=0.001139 | best=0.001091@70 | patience=1/30 | time=6.08s
[2026-04-27 07:23:33] epoch   72/300 | train=0.001058 | val=0.001124 | best=0.001091@70 | patience=2/30 | time=6.10s
[2026-04-27 07:23:39] epoch   73/300 | train=0.001057 | val=0.001123 | best=0.001091@70 | patience=3/30 | time=6.05s
[2026-04-27 07:23:45] epoch   74/300 | train=0.001064 | val=0.001088 | best=0.001088@74 | patience=0/30 | time=6.10s *
[2026-04-27 07:23:51] epoch   75/300 | train=0.001039 | val=0.001049 | best=0.001049@75 | patience=0/30 | time=6.08s *
[2026-04-27 07:23:57] epoch   76/300 | train=0.001039 | val=0.001199 | best=0.001049@75 | patience=1/30 | time=6.08s
[2026-04-27 07:24:03] epoch   77/300 | train=0.001019 | val=0.001058 | best=0.001049@75 | patience=2/30 | time=6.07s
[2026-04-27 07:24:09] epoch   78/300 | train=0.001004 | val=0.001058 | best=0.001049@75 | patience=3/30 | time=6.05s
[2026-04-27 07:24:15] epoch   79/300 | train=0.001008 | val=0.001027 | best=0.001027@79 | patience=0/30 | time=6.11s *
[2026-04-27 07:24:22] epoch   80/300 | train=0.000994 | val=0.001024 | best=0.001024@80 | patience=0/30 | time=6.08s *
[2026-04-27 07:24:28] epoch   81/300 | train=0.000996 | val=0.001031 | best=0.001024@80 | patience=1/30 | time=6.06s
[2026-04-27 07:24:34] epoch   82/300 | train=0.001036 | val=0.001024 | best=0.001024@80 | patience=2/30 | time=6.06s
[2026-04-27 07:24:40] epoch   83/300 | train=0.000980 | val=0.001015 | best=0.001015@83 | patience=0/30 | time=6.12s *
[2026-04-27 07:24:46] epoch   84/300 | train=0.000988 | val=0.001008 | best=0.001008@84 | patience=0/30 | time=6.04s *
[2026-04-27 07:24:52] epoch   85/300 | train=0.000976 | val=0.001000 | best=0.001000@85 | patience=0/30 | time=6.09s *
[2026-04-27 07:24:58] epoch   86/300 | train=0.000958 | val=0.000992 | best=0.000992@86 | patience=0/30 | time=6.06s *
[2026-04-27 07:25:05] epoch   87/300 | train=0.000950 | val=0.001154 | best=0.000992@86 | patience=1/30 | time=6.08s
[2026-04-27 07:25:11] epoch   88/300 | train=0.000967 | val=0.000984 | best=0.000984@88 | patience=0/30 | time=6.08s *
[2026-04-27 07:25:17] epoch   89/300 | train=0.000946 | val=0.000980 | best=0.000980@89 | patience=0/30 | time=6.10s *
[2026-04-27 07:25:23] epoch   90/300 | train=0.000938 | val=0.000982 | best=0.000980@89 | patience=1/30 | time=6.05s
[2026-04-27 07:25:29] epoch   91/300 | train=0.000938 | val=0.000988 | best=0.000980@89 | patience=2/30 | time=6.10s
[2026-04-27 07:25:35] epoch   92/300 | train=0.000930 | val=0.000970 | best=0.000970@92 | patience=0/30 | time=6.08s *
[2026-04-27 07:25:41] epoch   93/300 | train=0.000920 | val=0.000962 | best=0.000962@93 | patience=0/30 | time=6.07s *
[2026-04-27 07:25:48] epoch   94/300 | train=0.000919 | val=0.000975 | best=0.000962@93 | patience=1/30 | time=6.07s
[2026-04-27 07:25:54] epoch   95/300 | train=0.000913 | val=0.000958 | best=0.000958@95 | patience=0/30 | time=6.10s *
[2026-04-27 07:26:00] epoch   96/300 | train=0.000909 | val=0.000982 | best=0.000958@95 | patience=1/30 | time=6.08s
[2026-04-27 07:26:06] epoch   97/300 | train=0.000911 | val=0.000977 | best=0.000958@95 | patience=2/30 | time=6.10s
[2026-04-27 07:26:12] epoch   98/300 | train=0.000900 | val=0.000969 | best=0.000958@95 | patience=3/30 | time=6.07s
[2026-04-27 07:26:18] epoch   99/300 | train=0.000893 | val=0.000934 | best=0.000934@99 | patience=0/30 | time=6.05s *
[2026-04-27 07:26:24] epoch  100/300 | train=0.000886 | val=0.000942 | best=0.000934@99 | patience=1/30 | time=6.12s
[2026-04-27 07:26:30] epoch  101/300 | train=0.000881 | val=0.000957 | best=0.000934@99 | patience=2/30 | time=6.08s
[2026-04-27 07:26:37] epoch  102/300 | train=0.000890 | val=0.000946 | best=0.000934@99 | patience=3/30 | time=6.05s
[2026-04-27 07:26:43] epoch  103/300 | train=0.000878 | val=0.000957 | best=0.000934@99 | patience=4/30 | time=6.07s
[2026-04-27 07:26:49] epoch  104/300 | train=0.000872 | val=0.000933 | best=0.000933@104 | patience=0/30 | time=6.12s *
[2026-04-27 07:26:55] epoch  105/300 | train=0.000863 | val=0.000939 | best=0.000933@104 | patience=1/30 | time=6.04s
[2026-04-27 07:27:01] epoch  106/300 | train=0.000858 | val=0.000941 | best=0.000933@104 | patience=2/30 | time=6.10s
[2026-04-27 07:27:07] epoch  107/300 | train=0.000854 | val=0.000928 | best=0.000928@107 | patience=0/30 | time=6.05s *
[2026-04-27 07:27:13] epoch  108/300 | train=0.000857 | val=0.000933 | best=0.000928@107 | patience=1/30 | time=6.10s
[2026-04-27 07:27:20] epoch  109/300 | train=0.000853 | val=0.000920 | best=0.000920@109 | patience=0/30 | time=6.07s *
[2026-04-27 07:27:26] epoch  110/300 | train=0.000854 | val=0.000924 | best=0.000920@109 | patience=1/30 | time=6.07s
[2026-04-27 07:27:32] epoch  111/300 | train=0.000843 | val=0.000911 | best=0.000911@111 | patience=0/30 | time=6.07s *
[2026-04-27 07:27:38] epoch  112/300 | train=0.000837 | val=0.000914 | best=0.000911@111 | patience=1/30 | time=6.10s
[2026-04-27 07:27:44] epoch  113/300 | train=0.000833 | val=0.000902 | best=0.000902@113 | patience=0/30 | time=6.08s *
[2026-04-27 07:27:50] epoch  114/300 | train=0.000825 | val=0.000954 | best=0.000902@113 | patience=1/30 | time=6.08s
[2026-04-27 07:27:56] epoch  115/300 | train=0.000826 | val=0.000915 | best=0.000902@113 | patience=2/30 | time=6.07s
[2026-04-27 07:28:02] epoch  116/300 | train=0.000821 | val=0.000907 | best=0.000902@113 | patience=3/30 | time=6.05s
[2026-04-27 07:28:09] epoch  117/300 | train=0.000818 | val=0.000910 | best=0.000902@113 | patience=4/30 | time=6.12s
[2026-04-27 07:28:15] epoch  118/300 | train=0.000815 | val=0.000913 | best=0.000902@113 | patience=5/30 | time=6.08s
[2026-04-27 07:28:21] epoch  119/300 | train=0.000819 | val=0.000904 | best=0.000902@113 | patience=6/30 | time=6.06s
[2026-04-27 07:28:27] epoch  120/300 | train=0.000809 | val=0.000898 | best=0.000898@120 | patience=0/30 | time=6.07s *
[2026-04-27 07:28:33] epoch  121/300 | train=0.000800 | val=0.000920 | best=0.000898@120 | patience=1/30 | time=6.12s
[2026-04-27 07:28:39] epoch  122/300 | train=0.000796 | val=0.000885 | best=0.000885@122 | patience=0/30 | time=6.04s *
[2026-04-27 07:28:45] epoch  123/300 | train=0.000788 | val=0.000911 | best=0.000885@122 | patience=1/30 | time=6.09s
[2026-04-27 07:28:51] epoch  124/300 | train=0.000786 | val=0.000898 | best=0.000885@122 | patience=2/30 | time=6.07s
[2026-04-27 07:28:57] epoch  125/300 | train=0.000790 | val=0.000911 | best=0.000885@122 | patience=3/30 | time=6.09s
[2026-04-27 07:29:04] epoch  126/300 | train=0.000787 | val=0.000900 | best=0.000885@122 | patience=4/30 | time=6.08s
[2026-04-27 07:29:10] epoch  127/300 | train=0.000777 | val=0.000892 | best=0.000885@122 | patience=5/30 | time=6.09s
[2026-04-27 07:29:16] epoch  128/300 | train=0.000770 | val=0.000910 | best=0.000885@122 | patience=6/30 | time=6.05s
[2026-04-27 07:29:22] epoch  129/300 | train=0.000778 | val=0.000891 | best=0.000885@122 | patience=7/30 | time=6.10s
[2026-04-27 07:29:28] epoch  130/300 | train=0.000773 | val=0.000879 | best=0.000879@130 | patience=0/30 | time=6.08s *
[2026-04-27 07:29:34] epoch  131/300 | train=0.000763 | val=0.000885 | best=0.000879@130 | patience=1/30 | time=6.08s
[2026-04-27 07:29:40] epoch  132/300 | train=0.000759 | val=0.000886 | best=0.000879@130 | patience=2/30 | time=6.07s
[2026-04-27 07:29:46] epoch  133/300 | train=0.000757 | val=0.000879 | best=0.000879@130 | patience=3/30 | time=6.05s
[2026-04-27 07:29:53] epoch  134/300 | train=0.000753 | val=0.000887 | best=0.000879@130 | patience=4/30 | time=6.13s
[2026-04-27 07:29:59] epoch  135/300 | train=0.000743 | val=0.000895 | best=0.000879@130 | patience=5/30 | time=6.08s
[2026-04-27 07:30:05] epoch  136/300 | train=0.000741 | val=0.000873 | best=0.000873@136 | patience=0/30 | time=6.06s *
[2026-04-27 07:30:11] epoch  137/300 | train=0.000736 | val=0.000879 | best=0.000873@136 | patience=1/30 | time=6.07s
[2026-04-27 07:30:17] epoch  138/300 | train=0.000737 | val=0.000886 | best=0.000873@136 | patience=2/30 | time=6.12s
[2026-04-27 07:30:23] epoch  139/300 | train=0.000730 | val=0.000899 | best=0.000873@136 | patience=3/30 | time=6.04s
[2026-04-27 07:30:29] epoch  140/300 | train=0.000730 | val=0.000878 | best=0.000873@136 | patience=4/30 | time=6.10s
[2026-04-27 07:30:35] epoch  141/300 | train=0.000724 | val=0.000878 | best=0.000873@136 | patience=5/30 | time=6.06s
[2026-04-27 07:30:42] epoch  142/300 | train=0.000726 | val=0.000895 | best=0.000873@136 | patience=6/30 | time=6.12s
[2026-04-27 07:30:48] epoch  143/300 | train=0.000725 | val=0.000871 | best=0.000871@143 | patience=0/30 | time=6.04s *
[2026-04-27 07:30:54] epoch  144/300 | train=0.000717 | val=0.000869 | best=0.000869@144 | patience=0/30 | time=6.06s *
[2026-04-27 07:31:00] epoch  145/300 | train=0.000709 | val=0.000879 | best=0.000869@144 | patience=1/30 | time=6.07s
[2026-04-27 07:31:06] epoch  146/300 | train=0.000709 | val=0.000883 | best=0.000869@144 | patience=2/30 | time=6.13s
[2026-04-27 07:31:12] epoch  147/300 | train=0.000700 | val=0.000891 | best=0.000869@144 | patience=3/30 | time=6.08s
[2026-04-27 07:31:18] epoch  148/300 | train=0.000699 | val=0.000892 | best=0.000869@144 | patience=4/30 | time=6.06s
[2026-04-27 07:31:24] epoch  149/300 | train=0.000696 | val=0.000871 | best=0.000869@144 | patience=5/30 | time=6.07s
[2026-04-27 07:31:31] epoch  150/300 | train=0.000688 | val=0.000877 | best=0.000869@144 | patience=6/30 | time=6.12s
[2026-04-27 07:31:37] epoch  151/300 | train=0.000685 | val=0.000879 | best=0.000869@144 | patience=7/30 | time=6.08s
[2026-04-27 07:31:43] epoch  152/300 | train=0.000687 | val=0.000866 | best=0.000866@152 | patience=0/30 | time=6.06s *
[2026-04-27 07:31:49] epoch  153/300 | train=0.000675 | val=0.000866 | best=0.000866@152 | patience=1/30 | time=6.07s
[2026-04-27 07:31:55] epoch  154/300 | train=0.000676 | val=0.000873 | best=0.000866@152 | patience=2/30 | time=6.13s
[2026-04-27 07:32:01] epoch  155/300 | train=0.000679 | val=0.000866 | best=0.000866@152 | patience=3/30 | time=6.08s
[2026-04-27 07:32:07] epoch  156/300 | train=0.000673 | val=0.000886 | best=0.000866@152 | patience=4/30 | time=6.06s
[2026-04-27 07:32:13] epoch  157/300 | train=0.000668 | val=0.000872 | best=0.000866@152 | patience=5/30 | time=6.07s
[2026-04-27 07:32:19] epoch  158/300 | train=0.000663 | val=0.000863 | best=0.000863@158 | patience=0/30 | time=6.11s *
[2026-04-27 07:32:26] epoch  159/300 | train=0.000662 | val=0.000873 | best=0.000863@158 | patience=1/30 | time=6.08s
[2026-04-27 07:32:32] epoch  160/300 | train=0.000659 | val=0.000875 | best=0.000863@158 | patience=2/30 | time=6.06s
[2026-04-27 07:32:38] epoch  161/300 | train=0.000647 | val=0.000867 | best=0.000863@158 | patience=3/30 | time=6.07s
[2026-04-27 07:32:44] epoch  162/300 | train=0.000650 | val=0.000866 | best=0.000863@158 | patience=4/30 | time=6.13s
[2026-04-27 07:32:50] epoch  163/300 | train=0.000646 | val=0.000867 | best=0.000863@158 | patience=5/30 | time=6.07s
[2026-04-27 07:32:56] epoch  164/300 | train=0.000642 | val=0.000867 | best=0.000863@158 | patience=6/30 | time=6.06s
[2026-04-27 07:33:02] epoch  165/300 | train=0.000637 | val=0.000874 | best=0.000863@158 | patience=7/30 | time=6.07s
[2026-04-27 07:33:08] epoch  166/300 | train=0.000634 | val=0.000874 | best=0.000863@158 | patience=8/30 | time=6.13s
[2026-04-27 07:33:15] epoch  167/300 | train=0.000631 | val=0.000876 | best=0.000863@158 | patience=9/30 | time=6.08s
[2026-04-27 07:33:21] epoch  168/300 | train=0.000625 | val=0.000886 | best=0.000863@158 | patience=10/30 | time=6.06s
[2026-04-27 07:33:27] epoch  169/300 | train=0.000625 | val=0.000880 | best=0.000863@158 | patience=11/30 | time=6.07s
[2026-04-27 07:33:33] epoch  170/300 | train=0.000635 | val=0.000866 | best=0.000863@158 | patience=12/30 | time=6.13s
[2026-04-27 07:33:39] epoch  171/300 | train=0.000616 | val=0.000886 | best=0.000863@158 | patience=13/30 | time=6.04s
[2026-04-27 07:33:45] epoch  172/300 | train=0.000611 | val=0.000875 | best=0.000863@158 | patience=14/30 | time=6.10s
[2026-04-27 07:33:51] epoch  173/300 | train=0.000612 | val=0.000863 | best=0.000863@158 | patience=15/30 | time=6.06s
[2026-04-27 07:33:57] epoch  174/300 | train=0.000603 | val=0.000874 | best=0.000863@158 | patience=16/30 | time=6.08s
[2026-04-27 07:34:03] epoch  175/300 | train=0.000608 | val=0.000867 | best=0.000863@158 | patience=17/30 | time=6.08s
[2026-04-27 07:34:10] epoch  176/300 | train=0.000602 | val=0.000876 | best=0.000863@158 | patience=18/30 | time=6.10s
[2026-04-27 07:34:16] epoch  177/300 | train=0.000594 | val=0.000862 | best=0.000862@177 | patience=0/30 | time=6.05s *
[2026-04-27 07:34:22] epoch  178/300 | train=0.000590 | val=0.000969 | best=0.000862@177 | patience=1/30 | time=6.10s
[2026-04-27 07:34:28] epoch  179/300 | train=0.000589 | val=0.000879 | best=0.000862@177 | patience=2/30 | time=6.08s
[2026-04-27 07:34:34] epoch  180/300 | train=0.000587 | val=0.000879 | best=0.000862@177 | patience=3/30 | time=6.08s
[2026-04-27 07:34:40] epoch  181/300 | train=0.000587 | val=0.000872 | best=0.000862@177 | patience=4/30 | time=6.07s
[2026-04-27 07:34:46] epoch  182/300 | train=0.000582 | val=0.000865 | best=0.000862@177 | patience=5/30 | time=6.05s
[2026-04-27 07:34:52] epoch  183/300 | train=0.000571 | val=0.000883 | best=0.000862@177 | patience=6/30 | time=6.11s
[2026-04-27 07:34:59] epoch  184/300 | train=0.000569 | val=0.000869 | best=0.000862@177 | patience=7/30 | time=6.08s
[2026-04-27 07:35:05] epoch  185/300 | train=0.000568 | val=0.000875 | best=0.000862@177 | patience=8/30 | time=6.06s
[2026-04-27 07:35:11] epoch  186/300 | train=0.000566 | val=0.000877 | best=0.000862@177 | patience=9/30 | time=6.06s
[2026-04-27 07:35:17] epoch  187/300 | train=0.000562 | val=0.000879 | best=0.000862@177 | patience=10/30 | time=6.12s
[2026-04-27 07:35:23] epoch  188/300 | train=0.000563 | val=0.000898 | best=0.000862@177 | patience=11/30 | time=6.03s
[2026-04-27 07:35:29] epoch  189/300 | train=0.000563 | val=0.000879 | best=0.000862@177 | patience=12/30 | time=6.10s
[2026-04-27 07:35:35] epoch  190/300 | train=0.000558 | val=0.000877 | best=0.000862@177 | patience=13/30 | time=6.06s
[2026-04-27 07:35:41] epoch  191/300 | train=0.000551 | val=0.000878 | best=0.000862@177 | patience=14/30 | time=6.08s
[2026-04-27 07:35:47] epoch  192/300 | train=0.000545 | val=0.000882 | best=0.000862@177 | patience=15/30 | time=6.07s
[2026-04-27 07:35:54] epoch  193/300 | train=0.000550 | val=0.000876 | best=0.000862@177 | patience=16/30 | time=6.09s
[2026-04-27 07:36:00] epoch  194/300 | train=0.000545 | val=0.000875 | best=0.000862@177 | patience=17/30 | time=6.05s
[2026-04-27 07:36:06] epoch  195/300 | train=0.000543 | val=0.000873 | best=0.000862@177 | patience=18/30 | time=6.09s
[2026-04-27 07:36:12] epoch  196/300 | train=0.000536 | val=0.000875 | best=0.000862@177 | patience=19/30 | time=6.07s
[2026-04-27 07:36:18] epoch  197/300 | train=0.000528 | val=0.000886 | best=0.000862@177 | patience=20/30 | time=6.07s
[2026-04-27 07:36:24] epoch  198/300 | train=0.000530 | val=0.000873 | best=0.000862@177 | patience=21/30 | time=6.08s
[2026-04-27 07:36:30] epoch  199/300 | train=0.000527 | val=0.000874 | best=0.000862@177 | patience=22/30 | time=6.09s
[2026-04-27 07:36:36] epoch  200/300 | train=0.000522 | val=0.000877 | best=0.000862@177 | patience=23/30 | time=6.07s
[2026-04-27 07:36:42] epoch  201/300 | train=0.000518 | val=0.000886 | best=0.000862@177 | patience=24/30 | time=6.07s
[2026-04-27 07:36:49] epoch  202/300 | train=0.000517 | val=0.000887 | best=0.000862@177 | patience=25/30 | time=6.07s
[2026-04-27 07:36:55] epoch  203/300 | train=0.000514 | val=0.000880 | best=0.000862@177 | patience=26/30 | time=6.09s
[2026-04-27 07:37:01] epoch  204/300 | train=0.000515 | val=0.000893 | best=0.000862@177 | patience=27/30 | time=6.07s
[2026-04-27 07:37:07] epoch  205/300 | train=0.000510 | val=0.000884 | best=0.000862@177 | patience=28/30 | time=6.06s
[2026-04-27 07:37:13] epoch  206/300 | train=0.000504 | val=0.000874 | best=0.000862@177 | patience=29/30 | time=6.07s
[2026-04-27 07:37:19] epoch  207/300 | train=0.000496 | val=0.000983 | best=0.000862@177 | patience=30/30 | time=6.05s
[2026-04-27 07:37:19]   early stopping at epoch 207 (no improvement for 30 epochs)
[2026-04-27 07:37:19] Training done: stop_reason=early_stop, total_epochs=207, best_epoch=177, best_val=0.000862
[2026-04-27 07:37:19] Reloading best checkpoint (epoch 177) for evaluation
[2026-04-27 07:37:25] ------------------------------------------------------------
[2026-04-27 07:37:25] Evaluation:
[2026-04-27 07:37:25]   AUC broken_lcfs         : 0.5849
[2026-04-27 07:37:25]   AUC bad_black_core      : 0.9946
[2026-04-27 07:37:25]   AUC bad_nonconverged    : 0.9980
[2026-04-27 07:37:25]   objective      : 0.8317
[2026-04-27 07:37:25]   floor_ok       : True
[2026-04-27 07:37:25]   threshold      : 0.0944
[2026-04-27 07:37:25]   mu / sigma     : 0.000576966 / 0.000174348
[2026-04-27 07:37:25] Train time=1308.4s, eval time=6.0s
