[2026-04-27 07:15:43] ============================================================
[2026-04-27 07:15:43] Trial 121 starting on cuda:0
[2026-04-27 07:15:43] Timestamp: 2026-04-27T07:15:43.861604
[2026-04-27 07:15:43] --- Config summary ---
  bottleneck_dim  : 46
  n_enc_layers    : 5
  n_dec_layers    : 5
  base_channels   : 57
  growth_factor   : 1.9101999055477452
  use_batchnorm   : True
  use_hpf         : True
  hpf_sigma       : 1.0328546380184531
  lr              : 5.439445322960576e-05
  batch_size      : 56
  max_epochs      : 300
  patience        : 30
  seed            : 42
  deterministic   : False
  trial_num       : 121
[2026-04-27 07:15:43] Loading train/val/selection splits...
[2026-04-27 07:16:44] Splits loaded in 61.0s: n_train=722, n_val=120, n_selection=405
[2026-04-27 07:16:46] --- Architecture summary ---
  channels per enc layer : [57, 109, 208, 397, 759]
  final spatial size     : 8x8
  flat size before latent: 48576
  bottleneck_dim         : 46
  total parameters       : 45,675,590
[2026-04-27 07:16:46] Starting training: n_train=722, n_val=120, device=cuda:0
[2026-04-27 07:28:59] epoch    1/300 | train=0.006222 | val=0.005675 | best=0.005675@1 | patience=0/30 | time=732.64s *
[2026-04-27 07:29:15] epoch    2/300 | train=0.003081 | val=0.004468 | best=0.004468@2 | patience=0/30 | time=14.64s *
[2026-04-27 07:29:27] epoch    3/300 | train=0.002542 | val=0.003199 | best=0.003199@3 | patience=0/30 | time=11.02s *
[2026-04-27 07:29:41] epoch    4/300 | train=0.002185 | val=0.003137 | best=0.003137@4 | patience=0/30 | time=13.66s *
[2026-04-27 07:29:52] epoch    5/300 | train=0.001913 | val=0.002867 | best=0.002867@5 | patience=0/30 | time=10.46s *
[2026-04-27 07:30:05] epoch    6/300 | train=0.001743 | val=0.001961 | best=0.001961@6 | patience=0/30 | time=11.63s *
[2026-04-27 07:30:16] epoch    7/300 | train=0.001597 | val=0.001597 | best=0.001597@7 | patience=0/30 | time=10.44s *
[2026-04-27 07:30:31] epoch    8/300 | train=0.001565 | val=0.001551 | best=0.001551@8 | patience=0/30 | time=13.63s *
[2026-04-27 07:30:43] epoch    9/300 | train=0.001483 | val=0.001459 | best=0.001459@9 | patience=0/30 | time=11.10s *
[2026-04-27 07:30:55] epoch   10/300 | train=0.001416 | val=0.001395 | best=0.001395@10 | patience=0/30 | time=11.93s *
[2026-04-27 07:31:06] epoch   11/300 | train=0.001365 | val=0.001359 | best=0.001359@11 | patience=0/30 | time=10.45s *
[2026-04-27 07:31:21] epoch   12/300 | train=0.001336 | val=0.001351 | best=0.001351@12 | patience=0/30 | time=13.81s *
[2026-04-27 07:31:32] epoch   13/300 | train=0.001339 | val=0.001332 | best=0.001332@13 | patience=0/30 | time=10.43s *
[2026-04-27 07:31:44] epoch   14/300 | train=0.001334 | val=0.001346 | best=0.001332@13 | patience=1/30 | time=11.71s
[2026-04-27 07:31:56] epoch   15/300 | train=0.001317 | val=0.001304 | best=0.001304@15 | patience=0/30 | time=10.98s *
[2026-04-27 07:32:11] epoch   16/300 | train=0.001299 | val=0.001290 | best=0.001290@16 | patience=0/30 | time=14.74s *
[2026-04-27 07:32:23] epoch   17/300 | train=0.001265 | val=0.001257 | best=0.001257@17 | patience=0/30 | time=10.44s *
[2026-04-27 07:32:34] epoch   18/300 | train=0.001240 | val=0.001247 | best=0.001247@18 | patience=0/30 | time=10.84s *
[2026-04-27 07:32:46] epoch   19/300 | train=0.001226 | val=0.001223 | best=0.001223@19 | patience=0/30 | time=10.44s *
[2026-04-27 07:32:57] epoch   20/300 | train=0.001207 | val=0.001209 | best=0.001209@20 | patience=0/30 | time=10.70s *
[2026-04-27 07:33:09] epoch   21/300 | train=0.001201 | val=0.001209 | best=0.001209@20 | patience=1/30 | time=12.02s
[2026-04-27 07:33:21] epoch   22/300 | train=0.001190 | val=0.001193 | best=0.001193@22 | patience=0/30 | time=10.44s *
[2026-04-27 07:33:31] epoch   23/300 | train=0.001175 | val=0.001192 | best=0.001193@22 | patience=1/30 | time=10.49s
[2026-04-27 07:33:43] epoch   24/300 | train=0.001169 | val=0.001174 | best=0.001174@24 | patience=0/30 | time=10.53s *
[2026-04-27 07:33:59] epoch   25/300 | train=0.001165 | val=0.001197 | best=0.001174@24 | patience=1/30 | time=15.14s
[2026-04-27 07:34:09] epoch   26/300 | train=0.001164 | val=0.001195 | best=0.001174@24 | patience=2/30 | time=10.72s
[2026-04-27 07:34:24] epoch   27/300 | train=0.001160 | val=0.001167 | best=0.001167@27 | patience=0/30 | time=13.60s *
[2026-04-27 07:34:35] epoch   28/300 | train=0.001146 | val=0.001149 | best=0.001149@28 | patience=0/30 | time=10.67s *
[2026-04-27 07:34:48] epoch   29/300 | train=0.001141 | val=0.001148 | best=0.001149@28 | patience=1/30 | time=12.33s
[2026-04-27 07:34:59] epoch   30/300 | train=0.001120 | val=0.001131 | best=0.001131@30 | patience=0/30 | time=10.41s *
[2026-04-27 07:35:10] epoch   31/300 | train=0.001121 | val=0.001136 | best=0.001131@30 | patience=1/30 | time=10.76s
[2026-04-27 07:35:22] epoch   32/300 | train=0.001116 | val=0.001128 | best=0.001128@32 | patience=0/30 | time=11.14s *
[2026-04-27 07:35:34] epoch   33/300 | train=0.001109 | val=0.001142 | best=0.001128@32 | patience=1/30 | time=11.89s
[2026-04-27 07:35:46] epoch   34/300 | train=0.001111 | val=0.001125 | best=0.001125@34 | patience=0/30 | time=10.92s *
[2026-04-27 07:36:01] epoch   35/300 | train=0.001095 | val=0.001108 | best=0.001108@35 | patience=0/30 | time=14.76s *
[2026-04-27 07:36:13] epoch   36/300 | train=0.001080 | val=0.001092 | best=0.001092@36 | patience=0/30 | time=11.17s *
[2026-04-27 07:36:27] epoch   37/300 | train=0.001079 | val=0.001098 | best=0.001092@36 | patience=1/30 | time=13.51s
[2026-04-27 07:36:38] epoch   38/300 | train=0.001067 | val=0.001091 | best=0.001092@36 | patience=2/30 | time=11.14s
[2026-04-27 07:36:50] epoch   39/300 | train=0.001056 | val=0.001091 | best=0.001092@36 | patience=3/30 | time=11.69s
[2026-04-27 07:37:02] epoch   40/300 | train=0.001055 | val=0.001067 | best=0.001067@40 | patience=0/30 | time=10.88s *
[2026-04-27 07:37:17] epoch   41/300 | train=0.001044 | val=0.001064 | best=0.001064@41 | patience=0/30 | time=14.63s *
[2026-04-27 07:37:29] epoch   42/300 | train=0.001032 | val=0.001054 | best=0.001054@42 | patience=0/30 | time=11.14s *
[2026-04-27 07:37:41] epoch   43/300 | train=0.001032 | val=0.001067 | best=0.001054@42 | patience=1/30 | time=11.72s
[2026-04-27 07:37:52] epoch   44/300 | train=0.001040 | val=0.001071 | best=0.001054@42 | patience=2/30 | time=10.88s
[2026-04-27 07:38:07] epoch   45/300 | train=0.001027 | val=0.001054 | best=0.001054@42 | patience=3/30 | time=14.66s
[2026-04-27 07:38:18] epoch   46/300 | train=0.001019 | val=0.001044 | best=0.001044@46 | patience=0/30 | time=10.44s *
[2026-04-27 07:38:33] epoch   47/300 | train=0.001003 | val=0.001027 | best=0.001027@47 | patience=0/30 | time=14.10s *
[2026-04-27 07:38:44] epoch   48/300 | train=0.000997 | val=0.001040 | best=0.001027@47 | patience=1/30 | time=10.60s
[2026-04-27 07:38:57] epoch   49/300 | train=0.000988 | val=0.001030 | best=0.001027@47 | patience=2/30 | time=13.13s
[2026-04-27 07:39:08] epoch   50/300 | train=0.000992 | val=0.001030 | best=0.001027@47 | patience=3/30 | time=10.44s
[2026-04-27 07:39:22] epoch   51/300 | train=0.000989 | val=0.001029 | best=0.001027@47 | patience=4/30 | time=13.79s
[2026-04-27 07:39:33] epoch   52/300 | train=0.000983 | val=0.001022 | best=0.001022@52 | patience=0/30 | time=10.44s *
[2026-04-27 07:39:44] epoch   53/300 | train=0.000994 | val=0.001040 | best=0.001022@52 | patience=1/30 | time=10.76s
[2026-04-27 07:39:56] epoch   54/300 | train=0.000981 | val=0.001013 | best=0.001013@54 | patience=0/30 | time=11.09s *
[2026-04-27 07:40:11] epoch   55/300 | train=0.000978 | val=0.001006 | best=0.001006@55 | patience=0/30 | time=14.71s *
[2026-04-27 07:40:22] epoch   56/300 | train=0.000968 | val=0.001014 | best=0.001006@55 | patience=1/30 | time=10.93s
[2026-04-27 07:40:37] epoch   57/300 | train=0.000960 | val=0.000997 | best=0.000997@57 | patience=0/30 | time=14.30s *
[2026-04-27 07:40:49] epoch   58/300 | train=0.000953 | val=0.000986 | best=0.000986@58 | patience=0/30 | time=10.85s *
[2026-04-27 07:41:00] epoch   59/300 | train=0.000945 | val=0.001002 | best=0.000986@58 | patience=1/30 | time=10.84s
[2026-04-27 07:41:11] epoch   60/300 | train=0.000946 | val=0.000992 | best=0.000986@58 | patience=2/30 | time=10.46s
[2026-04-27 07:41:21] epoch   61/300 | train=0.000958 | val=0.000994 | best=0.000986@58 | patience=3/30 | time=10.69s
[2026-04-27 07:41:33] epoch   62/300 | train=0.000949 | val=0.000981 | best=0.000981@62 | patience=0/30 | time=10.52s *
[2026-04-27 07:41:44] epoch   63/300 | train=0.000930 | val=0.000968 | best=0.000968@63 | patience=0/30 | time=10.44s *
[2026-04-27 07:41:55] epoch   64/300 | train=0.000919 | val=0.000979 | best=0.000968@63 | patience=1/30 | time=10.83s
[2026-04-27 07:42:05] epoch   65/300 | train=0.000926 | val=0.000969 | best=0.000968@63 | patience=2/30 | time=10.48s
[2026-04-27 07:42:16] epoch   66/300 | train=0.000914 | val=0.000969 | best=0.000968@63 | patience=3/30 | time=10.79s
[2026-04-27 07:42:27] epoch   67/300 | train=0.000917 | val=0.000972 | best=0.000968@63 | patience=4/30 | time=10.79s
[2026-04-27 07:42:38] epoch   68/300 | train=0.000917 | val=0.000969 | best=0.000968@63 | patience=5/30 | time=10.76s
[2026-04-27 07:42:50] epoch   69/300 | train=0.000906 | val=0.000962 | best=0.000962@69 | patience=0/30 | time=10.59s *
[2026-04-27 07:43:00] epoch   70/300 | train=0.000899 | val=0.000974 | best=0.000962@69 | patience=1/30 | time=10.44s
[2026-04-27 07:43:12] epoch   71/300 | train=0.000899 | val=0.000974 | best=0.000962@69 | patience=2/30 | time=11.61s
[2026-04-27 07:43:24] epoch   72/300 | train=0.000902 | val=0.000959 | best=0.000959@72 | patience=0/30 | time=11.23s *
[2026-04-27 07:43:38] epoch   73/300 | train=0.000901 | val=0.000965 | best=0.000959@72 | patience=1/30 | time=14.23s
[2026-04-27 07:43:50] epoch   74/300 | train=0.000887 | val=0.000950 | best=0.000950@74 | patience=0/30 | time=10.78s *
[2026-04-27 07:44:01] epoch   75/300 | train=0.000879 | val=0.000946 | best=0.000946@75 | patience=0/30 | time=10.76s *
[2026-04-27 07:44:14] epoch   76/300 | train=0.000875 | val=0.000945 | best=0.000945@76 | patience=0/30 | time=11.17s *
[2026-04-27 07:44:29] epoch   77/300 | train=0.000867 | val=0.000938 | best=0.000938@77 | patience=0/30 | time=14.60s *
[2026-04-27 07:44:40] epoch   78/300 | train=0.000865 | val=0.000956 | best=0.000938@77 | patience=1/30 | time=10.43s
[2026-04-27 07:44:51] epoch   79/300 | train=0.000877 | val=0.000962 | best=0.000938@77 | patience=2/30 | time=10.81s
[2026-04-27 07:45:02] epoch   80/300 | train=0.000868 | val=0.000940 | best=0.000938@77 | patience=3/30 | time=10.93s
[2026-04-27 07:45:14] epoch   81/300 | train=0.000864 | val=0.000940 | best=0.000938@77 | patience=4/30 | time=11.87s
[2026-04-27 07:45:25] epoch   82/300 | train=0.000872 | val=0.000945 | best=0.000938@77 | patience=5/30 | time=11.00s
[2026-04-27 07:45:38] epoch   83/300 | train=0.000862 | val=0.000936 | best=0.000936@83 | patience=0/30 | time=10.85s *
[2026-04-27 07:45:49] epoch   84/300 | train=0.000854 | val=0.000934 | best=0.000934@84 | patience=0/30 | time=10.86s *
[2026-04-27 07:46:01] epoch   85/300 | train=0.000852 | val=0.000931 | best=0.000931@85 | patience=0/30 | time=10.75s *
[2026-04-27 07:46:11] epoch   86/300 | train=0.000845 | val=0.000936 | best=0.000931@85 | patience=1/30 | time=10.56s
[2026-04-27 07:46:22] epoch   87/300 | train=0.000849 | val=0.000937 | best=0.000931@85 | patience=2/30 | time=10.44s
[2026-04-27 07:46:34] epoch   88/300 | train=0.000835 | val=0.000926 | best=0.000926@88 | patience=0/30 | time=11.52s *
[2026-04-27 07:46:46] epoch   89/300 | train=0.000840 | val=0.000930 | best=0.000926@88 | patience=1/30 | time=11.32s
[2026-04-27 07:47:01] epoch   90/300 | train=0.000834 | val=0.000927 | best=0.000926@88 | patience=2/30 | time=14.85s
[2026-04-27 07:47:12] epoch   91/300 | train=0.000827 | val=0.000925 | best=0.000925@91 | patience=0/30 | time=10.72s *
[2026-04-27 07:47:26] epoch   92/300 | train=0.000824 | val=0.000936 | best=0.000925@91 | patience=1/30 | time=13.56s
[2026-04-27 07:47:37] epoch   93/300 | train=0.000819 | val=0.000923 | best=0.000923@93 | patience=0/30 | time=10.60s *
[2026-04-27 07:47:48] epoch   94/300 | train=0.000828 | val=0.000942 | best=0.000923@93 | patience=1/30 | time=10.74s
[2026-04-27 07:47:59] epoch   95/300 | train=0.000832 | val=0.000931 | best=0.000923@93 | patience=2/30 | time=11.18s
[2026-04-27 07:48:13] epoch   96/300 | train=0.000822 | val=0.000930 | best=0.000923@93 | patience=3/30 | time=13.22s
[2026-04-27 07:48:24] epoch   97/300 | train=0.000814 | val=0.000916 | best=0.000916@97 | patience=0/30 | time=10.64s *
[2026-04-27 07:48:36] epoch   98/300 | train=0.000803 | val=0.000905 | best=0.000905@98 | patience=0/30 | time=11.02s *
[2026-04-27 07:48:47] epoch   99/300 | train=0.000790 | val=0.000913 | best=0.000905@98 | patience=1/30 | time=10.44s
[2026-04-27 07:48:57] epoch  100/300 | train=0.000795 | val=0.000917 | best=0.000905@98 | patience=2/30 | time=10.71s
[2026-04-27 07:49:09] epoch  101/300 | train=0.000800 | val=0.000918 | best=0.000905@98 | patience=3/30 | time=12.01s
[2026-04-27 07:49:20] epoch  102/300 | train=0.000807 | val=0.000915 | best=0.000905@98 | patience=4/30 | time=10.59s
[2026-04-27 07:49:35] epoch  103/300 | train=0.000810 | val=0.000920 | best=0.000905@98 | patience=5/30 | time=14.26s
[2026-04-27 07:49:45] epoch  104/300 | train=0.000794 | val=0.000915 | best=0.000905@98 | patience=6/30 | time=10.74s
[2026-04-27 07:50:00] epoch  105/300 | train=0.000786 | val=0.000906 | best=0.000905@98 | patience=7/30 | time=14.19s
[2026-04-27 07:50:14] epoch  106/300 | train=0.000772 | val=0.000901 | best=0.000901@106 | patience=0/30 | time=10.79s *
[2026-04-27 07:50:27] epoch  107/300 | train=0.000769 | val=0.000893 | best=0.000893@107 | patience=0/30 | time=11.95s *
[2026-04-27 07:50:38] epoch  108/300 | train=0.000784 | val=0.000931 | best=0.000893@107 | patience=1/30 | time=10.70s
[2026-04-27 07:50:53] epoch  109/300 | train=0.000775 | val=0.000911 | best=0.000893@107 | patience=2/30 | time=14.87s
[2026-04-27 07:51:03] epoch  110/300 | train=0.000766 | val=0.000894 | best=0.000893@107 | patience=3/30 | time=10.43s
[2026-04-27 07:51:14] epoch  111/300 | train=0.000773 | val=0.000907 | best=0.000893@107 | patience=4/30 | time=10.81s
[2026-04-27 07:51:25] epoch  112/300 | train=0.000765 | val=0.000911 | best=0.000893@107 | patience=5/30 | time=10.47s
[2026-04-27 07:51:36] epoch  113/300 | train=0.000767 | val=0.000905 | best=0.000893@107 | patience=6/30 | time=11.48s
[2026-04-27 07:51:47] epoch  114/300 | train=0.000764 | val=0.000904 | best=0.000893@107 | patience=7/30 | time=10.44s
[2026-04-27 07:51:58] epoch  115/300 | train=0.000759 | val=0.000902 | best=0.000893@107 | patience=8/30 | time=10.76s
[2026-04-27 07:52:09] epoch  116/300 | train=0.000754 | val=0.000893 | best=0.000893@107 | patience=9/30 | time=11.08s
[2026-04-27 07:52:23] epoch  117/300 | train=0.000754 | val=0.000903 | best=0.000893@107 | patience=10/30 | time=13.84s
[2026-04-27 07:52:35] epoch  118/300 | train=0.000748 | val=0.000900 | best=0.000893@107 | patience=11/30 | time=11.88s
[2026-04-27 07:52:46] epoch  119/300 | train=0.000738 | val=0.000894 | best=0.000893@107 | patience=12/30 | time=10.71s
[2026-04-27 07:53:00] epoch  120/300 | train=0.000742 | val=0.000899 | best=0.000893@107 | patience=13/30 | time=13.80s
[2026-04-27 07:53:11] epoch  121/300 | train=0.000740 | val=0.000910 | best=0.000893@107 | patience=14/30 | time=10.72s
[2026-04-27 07:53:25] epoch  122/300 | train=0.000752 | val=0.000899 | best=0.000893@107 | patience=15/30 | time=14.49s
[2026-04-27 07:53:37] epoch  123/300 | train=0.000731 | val=0.000891 | best=0.000891@123 | patience=0/30 | time=10.73s *
[2026-04-27 07:53:48] epoch  124/300 | train=0.000720 | val=0.000887 | best=0.000887@124 | patience=0/30 | time=10.83s *
[2026-04-27 07:54:00] epoch  125/300 | train=0.000717 | val=0.000887 | best=0.000887@124 | patience=1/30 | time=11.13s
[2026-04-27 07:54:13] epoch  126/300 | train=0.000720 | val=0.000908 | best=0.000887@124 | patience=2/30 | time=13.72s
[2026-04-27 07:54:25] epoch  127/300 | train=0.000727 | val=0.000903 | best=0.000887@124 | patience=3/30 | time=10.93s
[2026-04-27 07:54:36] epoch  128/300 | train=0.000721 | val=0.000894 | best=0.000887@124 | patience=4/30 | time=11.02s
[2026-04-27 07:54:46] epoch  129/300 | train=0.000713 | val=0.000895 | best=0.000887@124 | patience=5/30 | time=10.45s
[2026-04-27 07:54:58] epoch  130/300 | train=0.000702 | val=0.000881 | best=0.000881@130 | patience=0/30 | time=10.75s *
[2026-04-27 07:55:08] epoch  131/300 | train=0.000698 | val=0.000889 | best=0.000881@130 | patience=1/30 | time=10.44s
[2026-04-27 07:55:19] epoch  132/300 | train=0.000693 | val=0.000881 | best=0.000881@130 | patience=2/30 | time=10.70s
[2026-04-27 07:55:31] epoch  133/300 | train=0.000691 | val=0.000890 | best=0.000881@130 | patience=3/30 | time=11.58s
[2026-04-27 07:55:42] epoch  134/300 | train=0.000702 | val=0.000893 | best=0.000881@130 | patience=4/30 | time=10.44s
[2026-04-27 07:55:53] epoch  135/300 | train=0.000695 | val=0.000892 | best=0.000881@130 | patience=5/30 | time=10.82s
[2026-04-27 07:56:03] epoch  136/300 | train=0.000682 | val=0.000887 | best=0.000881@130 | patience=6/30 | time=10.48s
[2026-04-27 07:56:15] epoch  137/300 | train=0.000686 | val=0.000892 | best=0.000881@130 | patience=7/30 | time=11.71s
[2026-04-27 07:56:26] epoch  138/300 | train=0.000686 | val=0.000883 | best=0.000881@130 | patience=8/30 | time=10.99s
[2026-04-27 07:56:37] epoch  139/300 | train=0.000673 | val=0.000886 | best=0.000881@130 | patience=9/30 | time=11.11s
[2026-04-27 07:56:49] epoch  140/300 | train=0.000673 | val=0.000883 | best=0.000881@130 | patience=10/30 | time=12.00s
[2026-04-27 07:57:00] epoch  141/300 | train=0.000671 | val=0.000890 | best=0.000881@130 | patience=11/30 | time=10.43s
[2026-04-27 07:57:11] epoch  142/300 | train=0.000667 | val=0.000908 | best=0.000881@130 | patience=12/30 | time=10.84s
[2026-04-27 07:57:22] epoch  143/300 | train=0.000667 | val=0.000889 | best=0.000881@130 | patience=13/30 | time=10.48s
[2026-04-27 07:57:33] epoch  144/300 | train=0.000678 | val=0.000899 | best=0.000881@130 | patience=14/30 | time=10.79s
[2026-04-27 07:57:44] epoch  145/300 | train=0.000669 | val=0.000890 | best=0.000881@130 | patience=15/30 | time=11.13s
[2026-04-27 07:57:58] epoch  146/300 | train=0.000672 | val=0.000893 | best=0.000881@130 | patience=16/30 | time=13.81s
[2026-04-27 07:58:09] epoch  147/300 | train=0.000662 | val=0.000892 | best=0.000881@130 | patience=17/30 | time=11.20s
[2026-04-27 07:58:23] epoch  148/300 | train=0.000662 | val=0.000888 | best=0.000881@130 | patience=18/30 | time=13.74s
[2026-04-27 07:58:34] epoch  149/300 | train=0.000647 | val=0.000883 | best=0.000881@130 | patience=19/30 | time=10.43s
[2026-04-27 07:58:49] epoch  150/300 | train=0.000643 | val=0.000886 | best=0.000881@130 | patience=20/30 | time=14.70s
[2026-04-27 07:58:59] epoch  151/300 | train=0.000643 | val=0.000884 | best=0.000881@130 | patience=21/30 | time=10.47s
[2026-04-27 07:59:12] epoch  152/300 | train=0.000632 | val=0.000880 | best=0.000880@152 | patience=0/30 | time=11.68s *
[2026-04-27 07:59:23] epoch  153/300 | train=0.000623 | val=0.000875 | best=0.000875@153 | patience=0/30 | time=10.44s *
[2026-04-27 07:59:37] epoch  154/300 | train=0.000621 | val=0.000881 | best=0.000875@153 | patience=1/30 | time=13.85s
[2026-04-27 07:59:49] epoch  155/300 | train=0.000621 | val=0.000880 | best=0.000875@153 | patience=2/30 | time=10.98s
[2026-04-27 08:00:03] epoch  156/300 | train=0.000615 | val=0.000891 | best=0.000875@153 | patience=3/30 | time=13.78s
[2026-04-27 08:00:14] epoch  157/300 | train=0.000618 | val=0.000887 | best=0.000875@153 | patience=4/30 | time=10.99s
[2026-04-27 08:00:28] epoch  158/300 | train=0.000621 | val=0.000884 | best=0.000875@153 | patience=5/30 | time=13.76s
[2026-04-27 08:00:39] epoch  159/300 | train=0.000609 | val=0.000880 | best=0.000875@153 | patience=6/30 | time=10.85s
[2026-04-27 08:00:50] epoch  160/300 | train=0.000613 | val=0.000882 | best=0.000875@153 | patience=7/30 | time=10.76s
[2026-04-27 08:01:00] epoch  161/300 | train=0.000616 | val=0.000894 | best=0.000875@153 | patience=8/30 | time=10.56s
[2026-04-27 08:01:11] epoch  162/300 | train=0.000617 | val=0.000887 | best=0.000875@153 | patience=9/30 | time=10.44s
[2026-04-27 08:01:23] epoch  163/300 | train=0.000617 | val=0.000897 | best=0.000875@153 | patience=10/30 | time=11.56s
[2026-04-27 08:01:33] epoch  164/300 | train=0.000611 | val=0.000894 | best=0.000875@153 | patience=11/30 | time=10.41s
[2026-04-27 08:01:45] epoch  165/300 | train=0.000603 | val=0.000888 | best=0.000875@153 | patience=12/30 | time=11.60s
[2026-04-27 08:01:56] epoch  166/300 | train=0.000604 | val=0.000900 | best=0.000875@153 | patience=13/30 | time=10.94s
[2026-04-27 08:02:07] epoch  167/300 | train=0.000599 | val=0.000890 | best=0.000875@153 | patience=14/30 | time=10.99s
[2026-04-27 08:02:18] epoch  168/300 | train=0.000603 | val=0.000895 | best=0.000875@153 | patience=15/30 | time=10.45s
[2026-04-27 08:02:29] epoch  169/300 | train=0.000595 | val=0.000887 | best=0.000875@153 | patience=16/30 | time=10.71s
[2026-04-27 08:02:39] epoch  170/300 | train=0.000591 | val=0.000896 | best=0.000875@153 | patience=17/30 | time=10.58s
[2026-04-27 08:02:50] epoch  171/300 | train=0.000597 | val=0.000890 | best=0.000875@153 | patience=18/30 | time=10.44s
[2026-04-27 08:03:02] epoch  172/300 | train=0.000587 | val=0.000889 | best=0.000875@153 | patience=19/30 | time=11.70s
[2026-04-27 08:03:13] epoch  173/300 | train=0.000575 | val=0.000880 | best=0.000875@153 | patience=20/30 | time=11.17s
[2026-04-27 08:03:28] epoch  174/300 | train=0.000562 | val=0.000875 | best=0.000875@153 | patience=21/30 | time=14.58s
[2026-04-27 08:03:39] epoch  175/300 | train=0.000563 | val=0.000894 | best=0.000875@153 | patience=22/30 | time=11.28s
[2026-04-27 08:03:54] epoch  176/300 | train=0.000568 | val=0.000887 | best=0.000875@153 | patience=23/30 | time=14.91s
[2026-04-27 08:04:05] epoch  177/300 | train=0.000572 | val=0.000897 | best=0.000875@153 | patience=24/30 | time=10.75s
[2026-04-27 08:04:20] epoch  178/300 | train=0.000561 | val=0.000888 | best=0.000875@153 | patience=25/30 | time=14.36s
[2026-04-27 08:04:31] epoch  179/300 | train=0.000553 | val=0.000882 | best=0.000875@153 | patience=26/30 | time=10.73s
[2026-04-27 08:04:46] epoch  180/300 | train=0.000542 | val=0.000878 | best=0.000875@153 | patience=27/30 | time=14.89s
[2026-04-27 08:04:57] epoch  181/300 | train=0.000544 | val=0.000886 | best=0.000875@153 | patience=28/30 | time=10.74s
[2026-04-27 08:05:11] epoch  182/300 | train=0.000542 | val=0.000887 | best=0.000875@153 | patience=29/30 | time=14.59s
[2026-04-27 08:05:22] epoch  183/300 | train=0.000536 | val=0.000889 | best=0.000875@153 | patience=30/30 | time=10.75s
[2026-04-27 08:05:22]   early stopping at epoch 183 (no improvement for 30 epochs)
[2026-04-27 08:05:22] Training done: stop_reason=early_stop, total_epochs=183, best_epoch=153, best_val=0.000875
[2026-04-27 08:05:22] Reloading best checkpoint (epoch 153) for evaluation
[2026-04-27 08:05:43] ------------------------------------------------------------
[2026-04-27 08:05:43] Evaluation:
[2026-04-27 08:05:43]   AUC broken_lcfs         : 0.6063
[2026-04-27 08:05:43]   AUC bad_black_core      : 0.9950
[2026-04-27 08:05:43]   AUC bad_nonconverged    : 0.9973
[2026-04-27 08:05:43]   objective      : 0.8402
[2026-04-27 08:05:43]   floor_ok       : True
[2026-04-27 08:05:43]   threshold      : 0.1019
[2026-04-27 08:05:43]   mu / sigma     : 0.000614081 / 0.000163155
[2026-04-27 08:05:43] Train time=2916.2s, eval time=19.9s
