[2026-04-27 11:56:57] ============================================================
[2026-04-27 11:56:57] Trial 183 starting on cuda:0
[2026-04-27 11:56:57] Timestamp: 2026-04-27T11:56:57.570895
[2026-04-27 11:56:57] --- Config summary ---
  bottleneck_dim  : 203
  n_enc_layers    : 2
  n_dec_layers    : 4
  base_channels   : 10
  growth_factor   : 2.9869023604430636
  use_batchnorm   : True
  use_hpf         : True
  hpf_sigma       : 1.0490884919104353
  lr              : 0.00026785239954576004
  batch_size      : 40
  max_epochs      : 300
  patience        : 30
  seed            : 42
  deterministic   : False
  trial_num       : 183
[2026-04-27 11:56:57] Loading train/val/selection splits...
[2026-04-27 11:57:55] Splits loaded in 58.4s: n_train=722, n_val=120, n_selection=405
[2026-04-27 11:57:59] --- Architecture summary ---
  channels per enc layer : [10, 30]
  final spatial size     : 64x64
  flat size before latent: 122880
  bottleneck_dim         : 203
  total parameters       : 50,053,564
[2026-04-27 11:57:59] Starting training: n_train=722, n_val=120, device=cuda:0
[2026-04-27 11:59:17] epoch    1/300 | train=0.009548 | val=0.004908 | best=0.004908@1 | patience=0/30 | time=76.02s *
[2026-04-27 11:59:20] epoch    2/300 | train=0.004453 | val=0.004616 | best=0.004616@2 | patience=0/30 | time=1.38s *
[2026-04-27 11:59:25] epoch    3/300 | train=0.003377 | val=0.003388 | best=0.003388@3 | patience=0/30 | time=1.22s *
[2026-04-27 11:59:29] epoch    4/300 | train=0.002662 | val=0.002565 | best=0.002565@4 | patience=0/30 | time=2.22s *
[2026-04-27 11:59:32] epoch    5/300 | train=0.002260 | val=0.002180 | best=0.002180@5 | patience=0/30 | time=1.24s *
[2026-04-27 11:59:35] epoch    6/300 | train=0.002005 | val=0.001933 | best=0.001933@6 | patience=0/30 | time=1.22s *
[2026-04-27 11:59:38] epoch    7/300 | train=0.001841 | val=0.001783 | best=0.001783@7 | patience=0/30 | time=1.23s *
[2026-04-27 11:59:41] epoch    8/300 | train=0.001735 | val=0.001712 | best=0.001712@8 | patience=0/30 | time=1.82s *
[2026-04-27 11:59:44] epoch    9/300 | train=0.001677 | val=0.001637 | best=0.001637@9 | patience=0/30 | time=1.23s *
[2026-04-27 11:59:47] epoch   10/300 | train=0.001630 | val=0.001616 | best=0.001616@10 | patience=0/30 | time=1.22s *
[2026-04-27 11:59:49] epoch   11/300 | train=0.001608 | val=0.001579 | best=0.001579@11 | patience=0/30 | time=1.23s *
[2026-04-27 11:59:52] epoch   12/300 | train=0.001576 | val=0.001557 | best=0.001557@12 | patience=0/30 | time=1.22s *
[2026-04-27 11:59:55] epoch   13/300 | train=0.001555 | val=0.001525 | best=0.001525@13 | patience=0/30 | time=1.47s *
[2026-04-27 12:00:00] epoch   14/300 | train=0.001524 | val=0.001500 | best=0.001500@14 | patience=0/30 | time=1.23s *
[2026-04-27 12:00:02] epoch   15/300 | train=0.001500 | val=0.001486 | best=0.001486@15 | patience=0/30 | time=1.23s *
[2026-04-27 12:00:05] epoch   16/300 | train=0.001481 | val=0.001461 | best=0.001461@16 | patience=0/30 | time=1.24s *
[2026-04-27 12:00:08] epoch   17/300 | train=0.001449 | val=0.001448 | best=0.001448@17 | patience=0/30 | time=1.22s *
[2026-04-27 12:00:11] epoch   18/300 | train=0.001439 | val=0.001425 | best=0.001425@18 | patience=0/30 | time=1.23s *
[2026-04-27 12:00:14] epoch   19/300 | train=0.001412 | val=0.001406 | best=0.001406@19 | patience=0/30 | time=1.23s *
[2026-04-27 12:00:16] epoch   20/300 | train=0.001396 | val=0.001425 | best=0.001406@19 | patience=1/30 | time=1.22s
[2026-04-27 12:00:18] epoch   21/300 | train=0.001403 | val=0.001402 | best=0.001402@21 | patience=0/30 | time=1.22s *
[2026-04-27 12:00:21] epoch   22/300 | train=0.001385 | val=0.001371 | best=0.001371@22 | patience=0/30 | time=1.22s *
[2026-04-27 12:00:23] epoch   23/300 | train=0.001363 | val=0.001378 | best=0.001371@22 | patience=1/30 | time=1.41s
[2026-04-27 12:00:26] epoch   24/300 | train=0.001364 | val=0.001364 | best=0.001364@24 | patience=0/30 | time=1.22s *
[2026-04-27 12:00:32] epoch   25/300 | train=0.001354 | val=0.001357 | best=0.001357@25 | patience=0/30 | time=5.19s *
[2026-04-27 12:00:34] epoch   26/300 | train=0.001346 | val=0.001358 | best=0.001357@25 | patience=1/30 | time=1.24s
[2026-04-27 12:00:37] epoch   27/300 | train=0.001344 | val=0.001341 | best=0.001341@27 | patience=0/30 | time=1.22s *
[2026-04-27 12:00:40] epoch   28/300 | train=0.001327 | val=0.001336 | best=0.001336@28 | patience=0/30 | time=1.22s *
[2026-04-27 12:00:43] epoch   29/300 | train=0.001322 | val=0.001330 | best=0.001330@29 | patience=0/30 | time=1.22s *
[2026-04-27 12:00:46] epoch   30/300 | train=0.001316 | val=0.001321 | best=0.001321@30 | patience=0/30 | time=1.23s *
[2026-04-27 12:00:49] epoch   31/300 | train=0.001309 | val=0.001317 | best=0.001317@31 | patience=0/30 | time=1.22s *
[2026-04-27 12:00:52] epoch   32/300 | train=0.001307 | val=0.001313 | best=0.001313@32 | patience=0/30 | time=1.30s *
[2026-04-27 12:00:54] epoch   33/300 | train=0.001301 | val=0.001303 | best=0.001303@33 | patience=0/30 | time=1.22s *
[2026-04-27 12:00:59] epoch   34/300 | train=0.001285 | val=0.001297 | best=0.001297@34 | patience=0/30 | time=1.22s *
[2026-04-27 12:01:02] epoch   35/300 | train=0.001282 | val=0.001285 | best=0.001285@35 | patience=0/30 | time=1.22s *
[2026-04-27 12:01:06] epoch   36/300 | train=0.001272 | val=0.001282 | best=0.001282@36 | patience=0/30 | time=2.15s *
[2026-04-27 12:01:09] epoch   37/300 | train=0.001267 | val=0.001274 | best=0.001274@37 | patience=0/30 | time=1.22s *
[2026-04-27 12:01:10] epoch   38/300 | train=0.001260 | val=0.001293 | best=0.001274@37 | patience=1/30 | time=1.23s
[2026-04-27 12:01:12] epoch   39/300 | train=0.001267 | val=0.001277 | best=0.001274@37 | patience=2/30 | time=1.23s
[2026-04-27 12:01:14] epoch   40/300 | train=0.001253 | val=0.001267 | best=0.001267@40 | patience=0/30 | time=1.23s *
[2026-04-27 12:01:18] epoch   41/300 | train=0.001251 | val=0.001263 | best=0.001263@41 | patience=0/30 | time=1.23s *
[2026-04-27 12:01:21] epoch   42/300 | train=0.001247 | val=0.001260 | best=0.001260@42 | patience=0/30 | time=1.23s *
[2026-04-27 12:01:24] epoch   43/300 | train=0.001240 | val=0.001243 | best=0.001243@43 | patience=0/30 | time=1.23s *
[2026-04-27 12:01:25] epoch   44/300 | train=0.001230 | val=0.001245 | best=0.001243@43 | patience=1/30 | time=1.23s
[2026-04-27 12:01:27] epoch   45/300 | train=0.001227 | val=0.001262 | best=0.001243@43 | patience=2/30 | time=1.23s
[2026-04-27 12:01:30] epoch   46/300 | train=0.001232 | val=0.001238 | best=0.001238@46 | patience=0/30 | time=1.26s *
[2026-04-27 12:01:31] epoch   47/300 | train=0.001222 | val=0.001237 | best=0.001238@46 | patience=1/30 | time=1.23s
[2026-04-27 12:01:34] epoch   48/300 | train=0.001216 | val=0.001229 | best=0.001229@48 | patience=0/30 | time=1.47s *
[2026-04-27 12:01:37] epoch   49/300 | train=0.001212 | val=0.001226 | best=0.001226@49 | patience=0/30 | time=1.23s *
[2026-04-27 12:01:40] epoch   50/300 | train=0.001206 | val=0.001216 | best=0.001216@50 | patience=0/30 | time=1.22s *
[2026-04-27 12:01:40]   pruned at epoch 50
[2026-04-27 12:01:40] Training done: stop_reason=pruned, total_epochs=50, best_epoch=50, best_val=0.001216
[2026-04-27 12:01:40] Reloading best checkpoint (epoch 50) for evaluation
[2026-04-27 12:01:46] ------------------------------------------------------------
[2026-04-27 12:01:46] Evaluation:
[2026-04-27 12:01:46]   AUC broken_lcfs         : 0.6285
[2026-04-27 12:01:46]   AUC bad_black_core      : 0.9832
[2026-04-27 12:01:46]   AUC bad_nonconverged    : 0.9906
[2026-04-27 12:01:46]   objective      : 0.8435
[2026-04-27 12:01:46]   floor_ok       : True
[2026-04-27 12:01:46]   threshold      : 0.0658
[2026-04-27 12:01:46]   mu / sigma     : 0.00120457 / 0.000256808
[2026-04-27 12:01:46] Train time=220.9s, eval time=4.6s
