[2026-04-27 00:35:45] ============================================================
[2026-04-27 00:35:45] Trial 12 starting on cuda:0
[2026-04-27 00:35:45] Timestamp: 2026-04-27T00:35:45.892248
[2026-04-27 00:35:45] --- Config summary ---
  bottleneck_dim  : 151
  n_enc_layers    : 4
  n_dec_layers    : 5
  base_channels   : 17
  growth_factor   : 2.6680100759396126
  use_batchnorm   : True
  use_hpf         : True
  hpf_sigma       : 5.770387855769913
  lr              : 0.00014152342421804996
  batch_size      : 64
  max_epochs      : 300
  patience        : 30
  seed            : 42
  deterministic   : False
  trial_num       : 12
[2026-04-27 00:35:45] Loading train/val/selection splits...
[2026-04-27 00:37:10] Splits loaded in 84.5s: n_train=722, n_val=120, n_selection=405
[2026-04-27 00:37:11] --- Architecture summary ---
  channels per enc layer : [17, 45, 121, 323]
  final spatial size     : 16x16
  flat size before latent: 82688
  bottleneck_dim         : 151
  total parameters       : 31,184,353
[2026-04-27 00:37:11] Starting training: n_train=722, n_val=120, device=cuda:0
[2026-04-27 00:40:54] epoch    1/300 | train=0.017136 | val=0.014252 | best=0.014252@1 | patience=0/30 | time=222.42s *
[2026-04-27 00:40:58] epoch    2/300 | train=0.009790 | val=0.014252 | best=0.014252@1 | patience=1/30 | time=3.66s
[2026-04-27 00:41:03] epoch    3/300 | train=0.007804 | val=0.013144 | best=0.013144@3 | patience=0/30 | time=3.65s *
[2026-04-27 00:41:07] epoch    4/300 | train=0.006826 | val=0.011300 | best=0.011300@4 | patience=0/30 | time=3.65s *
[2026-04-27 00:41:11] epoch    5/300 | train=0.006249 | val=0.008783 | best=0.008783@5 | patience=0/30 | time=3.73s *
[2026-04-27 00:41:15] epoch    6/300 | train=0.005666 | val=0.006175 | best=0.006175@6 | patience=0/30 | time=3.73s *
[2026-04-27 00:41:21] epoch    7/300 | train=0.005458 | val=0.005388 | best=0.005388@7 | patience=0/30 | time=4.51s *
[2026-04-27 00:41:25] epoch    8/300 | train=0.005230 | val=0.005189 | best=0.005189@8 | patience=0/30 | time=3.66s *
[2026-04-27 00:41:29] epoch    9/300 | train=0.005120 | val=0.005081 | best=0.005081@9 | patience=0/30 | time=3.91s *
[2026-04-27 00:41:34] epoch   10/300 | train=0.004943 | val=0.004950 | best=0.004950@10 | patience=0/30 | time=3.65s *
[2026-04-27 00:41:38] epoch   11/300 | train=0.004874 | val=0.004876 | best=0.004876@11 | patience=0/30 | time=3.73s *
[2026-04-27 00:41:42] epoch   12/300 | train=0.004767 | val=0.004804 | best=0.004804@12 | patience=0/30 | time=3.74s *
[2026-04-27 00:41:48] epoch   13/300 | train=0.004645 | val=0.004667 | best=0.004667@13 | patience=0/30 | time=4.71s *
[2026-04-27 00:41:52] epoch   14/300 | train=0.004522 | val=0.004491 | best=0.004491@14 | patience=0/30 | time=3.65s *
[2026-04-27 00:41:56] epoch   15/300 | train=0.004373 | val=0.004394 | best=0.004394@15 | patience=0/30 | time=3.72s *
[2026-04-27 00:42:00] epoch   16/300 | train=0.004464 | val=0.004499 | best=0.004394@15 | patience=1/30 | time=3.66s
[2026-04-27 00:42:04] epoch   17/300 | train=0.004276 | val=0.004322 | best=0.004322@17 | patience=0/30 | time=3.74s *
[2026-04-27 00:42:08] epoch   18/300 | train=0.004167 | val=0.004242 | best=0.004242@18 | patience=0/30 | time=3.71s *
[2026-04-27 00:42:13] epoch   19/300 | train=0.004098 | val=0.004085 | best=0.004085@19 | patience=0/30 | time=3.86s *
[2026-04-27 00:42:17] epoch   20/300 | train=0.003963 | val=0.004039 | best=0.004039@20 | patience=0/30 | time=3.77s *
[2026-04-27 00:42:21] epoch   21/300 | train=0.003997 | val=0.003847 | best=0.003847@21 | patience=0/30 | time=3.72s *
[2026-04-27 00:42:25] epoch   22/300 | train=0.003695 | val=0.003937 | best=0.003847@21 | patience=1/30 | time=3.66s
[2026-04-27 00:42:30] epoch   23/300 | train=0.003641 | val=0.003783 | best=0.003783@23 | patience=0/30 | time=3.77s *
[2026-04-27 00:42:34] epoch   24/300 | train=0.003528 | val=0.003432 | best=0.003432@24 | patience=0/30 | time=3.73s *
[2026-04-27 00:42:39] epoch   25/300 | train=0.003376 | val=0.003421 | best=0.003421@25 | patience=0/30 | time=4.75s *
[2026-04-27 00:42:44] epoch   26/300 | train=0.003427 | val=0.003327 | best=0.003327@26 | patience=0/30 | time=3.78s *
[2026-04-27 00:42:48] epoch   27/300 | train=0.003300 | val=0.003364 | best=0.003327@26 | patience=1/30 | time=3.98s
[2026-04-27 00:42:51] epoch   28/300 | train=0.003333 | val=0.003404 | best=0.003327@26 | patience=2/30 | time=3.66s
[2026-04-27 00:42:55] epoch   29/300 | train=0.003250 | val=0.003465 | best=0.003327@26 | patience=3/30 | time=3.68s
[2026-04-27 00:42:59] epoch   30/300 | train=0.003324 | val=0.003246 | best=0.003246@30 | patience=0/30 | time=3.72s *
[2026-04-27 00:43:04] epoch   31/300 | train=0.003128 | val=0.003143 | best=0.003143@31 | patience=0/30 | time=3.86s *
[2026-04-27 00:43:08] epoch   32/300 | train=0.003078 | val=0.003255 | best=0.003143@31 | patience=1/30 | time=3.78s
[2026-04-27 00:43:12] epoch   33/300 | train=0.003117 | val=0.003148 | best=0.003143@31 | patience=2/30 | time=3.66s
[2026-04-27 00:43:16] epoch   34/300 | train=0.002964 | val=0.003032 | best=0.003032@34 | patience=0/30 | time=3.73s *
[2026-04-27 00:43:20] epoch   35/300 | train=0.002950 | val=0.003027 | best=0.003027@35 | patience=0/30 | time=3.66s *
[2026-04-27 00:43:24] epoch   36/300 | train=0.002921 | val=0.002992 | best=0.002992@36 | patience=0/30 | time=3.74s *
[2026-04-27 00:43:28] epoch   37/300 | train=0.002883 | val=0.003003 | best=0.002992@36 | patience=1/30 | time=3.68s
[2026-04-27 00:43:34] epoch   38/300 | train=0.002805 | val=0.002987 | best=0.002987@38 | patience=0/30 | time=4.83s *
[2026-04-27 00:43:37] epoch   39/300 | train=0.002796 | val=0.003001 | best=0.002987@38 | patience=1/30 | time=3.66s
[2026-04-27 00:43:42] epoch   40/300 | train=0.002794 | val=0.002879 | best=0.002879@40 | patience=0/30 | time=4.06s *
[2026-04-27 00:43:46] epoch   41/300 | train=0.002733 | val=0.002899 | best=0.002879@40 | patience=1/30 | time=3.66s
[2026-04-27 00:43:50] epoch   42/300 | train=0.002727 | val=0.002831 | best=0.002831@42 | patience=0/30 | time=3.68s *
[2026-04-27 00:43:54] epoch   43/300 | train=0.002756 | val=0.002899 | best=0.002831@42 | patience=1/30 | time=3.73s
[2026-04-27 00:43:58] epoch   44/300 | train=0.002678 | val=0.002815 | best=0.002815@44 | patience=0/30 | time=3.87s *
[2026-04-27 00:44:03] epoch   45/300 | train=0.002651 | val=0.002779 | best=0.002779@45 | patience=0/30 | time=3.71s *
[2026-04-27 00:44:07] epoch   46/300 | train=0.002576 | val=0.002722 | best=0.002722@46 | patience=0/30 | time=3.66s *
[2026-04-27 00:44:11] epoch   47/300 | train=0.002574 | val=0.002780 | best=0.002722@46 | patience=1/30 | time=3.66s
[2026-04-27 00:44:15] epoch   48/300 | train=0.002553 | val=0.002759 | best=0.002722@46 | patience=2/30 | time=3.76s
[2026-04-27 00:44:18] epoch   49/300 | train=0.002534 | val=0.002749 | best=0.002722@46 | patience=3/30 | time=3.67s
[2026-04-27 00:44:24] epoch   50/300 | train=0.002510 | val=0.002659 | best=0.002659@50 | patience=0/30 | time=4.79s *
[2026-04-27 00:44:28] epoch   51/300 | train=0.002471 | val=0.002680 | best=0.002659@50 | patience=1/30 | time=3.70s
[2026-04-27 00:44:31] epoch   52/300 | train=0.002496 | val=0.002706 | best=0.002659@50 | patience=2/30 | time=3.66s
[2026-04-27 00:44:36] epoch   53/300 | train=0.002480 | val=0.002703 | best=0.002659@50 | patience=3/30 | time=4.05s
[2026-04-27 00:44:40] epoch   54/300 | train=0.002467 | val=0.002656 | best=0.002656@54 | patience=0/30 | time=3.66s *
[2026-04-27 00:44:44] epoch   55/300 | train=0.002406 | val=0.002632 | best=0.002632@55 | patience=0/30 | time=3.68s *
[2026-04-27 00:44:48] epoch   56/300 | train=0.002442 | val=0.002677 | best=0.002632@55 | patience=1/30 | time=3.73s
[2026-04-27 00:44:53] epoch   57/300 | train=0.002378 | val=0.002598 | best=0.002598@57 | patience=0/30 | time=4.54s *
[2026-04-27 00:44:57] epoch   58/300 | train=0.002341 | val=0.002583 | best=0.002583@58 | patience=0/30 | time=3.66s *
[2026-04-27 00:45:02] epoch   59/300 | train=0.002319 | val=0.002571 | best=0.002571@59 | patience=0/30 | time=4.09s *
[2026-04-27 00:45:07] epoch   60/300 | train=0.002327 | val=0.002550 | best=0.002550@60 | patience=0/30 | time=3.66s *
[2026-04-27 00:45:11] epoch   61/300 | train=0.002318 | val=0.002672 | best=0.002550@60 | patience=1/30 | time=3.75s
[2026-04-27 00:45:15] epoch   62/300 | train=0.002369 | val=0.002582 | best=0.002550@60 | patience=2/30 | time=3.68s
[2026-04-27 00:45:20] epoch   63/300 | train=0.002283 | val=0.002516 | best=0.002516@63 | patience=0/30 | time=4.87s *
[2026-04-27 00:45:24] epoch   64/300 | train=0.002240 | val=0.002627 | best=0.002516@63 | patience=1/30 | time=3.66s
[2026-04-27 00:45:28] epoch   65/300 | train=0.002308 | val=0.002579 | best=0.002516@63 | patience=2/30 | time=4.07s
[2026-04-27 00:45:32] epoch   66/300 | train=0.002279 | val=0.002588 | best=0.002516@63 | patience=3/30 | time=3.66s
[2026-04-27 00:45:36] epoch   67/300 | train=0.002281 | val=0.002549 | best=0.002516@63 | patience=4/30 | time=3.68s
[2026-04-27 00:45:40] epoch   68/300 | train=0.002255 | val=0.002489 | best=0.002489@68 | patience=0/30 | time=3.73s *
[2026-04-27 00:45:44] epoch   69/300 | train=0.002185 | val=0.002445 | best=0.002445@69 | patience=0/30 | time=3.88s *
[2026-04-27 00:45:49] epoch   70/300 | train=0.002140 | val=0.002440 | best=0.002440@70 | patience=0/30 | time=3.84s *
[2026-04-27 00:45:53] epoch   71/300 | train=0.002135 | val=0.002525 | best=0.002440@70 | patience=1/30 | time=3.66s
[2026-04-27 00:45:57] epoch   72/300 | train=0.002187 | val=0.002503 | best=0.002440@70 | patience=2/30 | time=4.14s
[2026-04-27 00:46:01] epoch   73/300 | train=0.002155 | val=0.002459 | best=0.002440@70 | patience=3/30 | time=3.66s
[2026-04-27 00:46:04] epoch   74/300 | train=0.002106 | val=0.002467 | best=0.002440@70 | patience=4/30 | time=3.71s
[2026-04-27 00:46:08] epoch   75/300 | train=0.002114 | val=0.002469 | best=0.002440@70 | patience=5/30 | time=3.66s
[2026-04-27 00:46:14] epoch   76/300 | train=0.002098 | val=0.002437 | best=0.002437@76 | patience=0/30 | time=4.76s *
[2026-04-27 00:46:17] epoch   77/300 | train=0.002070 | val=0.002452 | best=0.002437@76 | patience=1/30 | time=3.66s
[2026-04-27 00:46:22] epoch   78/300 | train=0.002124 | val=0.002594 | best=0.002437@76 | patience=2/30 | time=3.97s
[2026-04-27 00:46:25] epoch   79/300 | train=0.002180 | val=0.002497 | best=0.002437@76 | patience=3/30 | time=3.66s
[2026-04-27 00:46:29] epoch   80/300 | train=0.002113 | val=0.002450 | best=0.002437@76 | patience=4/30 | time=3.68s
[2026-04-27 00:46:33] epoch   81/300 | train=0.002098 | val=0.002463 | best=0.002437@76 | patience=5/30 | time=3.70s
[2026-04-27 00:46:37] epoch   82/300 | train=0.002094 | val=0.002533 | best=0.002437@76 | patience=6/30 | time=3.88s
[2026-04-27 00:46:41] epoch   83/300 | train=0.002123 | val=0.002478 | best=0.002437@76 | patience=7/30 | time=3.85s
[2026-04-27 00:46:45] epoch   84/300 | train=0.002134 | val=0.002506 | best=0.002437@76 | patience=8/30 | time=3.66s
[2026-04-27 00:46:48] epoch   85/300 | train=0.002151 | val=0.002562 | best=0.002437@76 | patience=9/30 | time=3.73s
[2026-04-27 00:46:52] epoch   86/300 | train=0.002101 | val=0.002497 | best=0.002437@76 | patience=10/30 | time=3.66s
[2026-04-27 00:46:56] epoch   87/300 | train=0.002070 | val=0.002418 | best=0.002418@87 | patience=0/30 | time=3.68s *
[2026-04-27 00:47:00] epoch   88/300 | train=0.002028 | val=0.002445 | best=0.002418@87 | patience=1/30 | time=3.68s
[2026-04-27 00:47:05] epoch   89/300 | train=0.002059 | val=0.002384 | best=0.002384@89 | patience=0/30 | time=3.87s *
[2026-04-27 00:47:09] epoch   90/300 | train=0.002010 | val=0.002433 | best=0.002384@89 | patience=1/30 | time=3.79s
[2026-04-27 00:47:12] epoch   91/300 | train=0.002003 | val=0.002422 | best=0.002384@89 | patience=2/30 | time=3.66s
[2026-04-27 00:47:17] epoch   92/300 | train=0.002037 | val=0.002486 | best=0.002384@89 | patience=3/30 | time=3.99s
[2026-04-27 00:47:20] epoch   93/300 | train=0.002003 | val=0.002393 | best=0.002384@89 | patience=4/30 | time=3.66s
[2026-04-27 00:47:24] epoch   94/300 | train=0.001953 | val=0.002436 | best=0.002384@89 | patience=5/30 | time=3.75s
[2026-04-27 00:47:28] epoch   95/300 | train=0.001986 | val=0.002446 | best=0.002384@89 | patience=6/30 | time=3.73s
[2026-04-27 00:47:32] epoch   96/300 | train=0.001991 | val=0.002442 | best=0.002384@89 | patience=7/30 | time=3.66s
[2026-04-27 00:47:36] epoch   97/300 | train=0.001992 | val=0.002432 | best=0.002384@89 | patience=8/30 | time=3.83s
[2026-04-27 00:47:40] epoch   98/300 | train=0.001952 | val=0.002362 | best=0.002362@98 | patience=0/30 | time=3.66s *
[2026-04-27 00:47:44] epoch   99/300 | train=0.001900 | val=0.002310 | best=0.002310@99 | patience=0/30 | time=3.66s *
[2026-04-27 00:47:48] epoch  100/300 | train=0.001894 | val=0.002384 | best=0.002310@99 | patience=1/30 | time=3.68s
[2026-04-27 00:47:52] epoch  101/300 | train=0.001914 | val=0.002438 | best=0.002310@99 | patience=2/30 | time=3.68s
[2026-04-27 00:47:56] epoch  102/300 | train=0.001902 | val=0.002360 | best=0.002310@99 | patience=3/30 | time=3.91s
[2026-04-27 00:48:00] epoch  103/300 | train=0.001867 | val=0.002315 | best=0.002310@99 | patience=4/30 | time=3.70s
[2026-04-27 00:48:04] epoch  104/300 | train=0.001831 | val=0.002380 | best=0.002310@99 | patience=5/30 | time=3.66s
[2026-04-27 00:48:08] epoch  105/300 | train=0.001883 | val=0.002376 | best=0.002310@99 | patience=6/30 | time=3.72s
[2026-04-27 00:48:11] epoch  106/300 | train=0.001873 | val=0.002445 | best=0.002310@99 | patience=7/30 | time=3.66s
[2026-04-27 00:48:15] epoch  107/300 | train=0.001899 | val=0.002402 | best=0.002310@99 | patience=8/30 | time=3.75s
[2026-04-27 00:48:19] epoch  108/300 | train=0.001874 | val=0.002328 | best=0.002310@99 | patience=9/30 | time=3.73s
[2026-04-27 00:48:25] epoch  109/300 | train=0.001825 | val=0.002297 | best=0.002297@109 | patience=0/30 | time=5.31s *
[2026-04-27 00:48:29] epoch  110/300 | train=0.001796 | val=0.002279 | best=0.002279@110 | patience=0/30 | time=3.80s *
[2026-04-27 00:48:33] epoch  111/300 | train=0.001802 | val=0.002287 | best=0.002279@110 | patience=1/30 | time=3.66s
[2026-04-27 00:48:37] epoch  112/300 | train=0.001794 | val=0.002377 | best=0.002279@110 | patience=2/30 | time=3.66s
[2026-04-27 00:48:41] epoch  113/300 | train=0.001828 | val=0.002314 | best=0.002279@110 | patience=3/30 | time=3.78s
[2026-04-27 00:48:45] epoch  114/300 | train=0.001804 | val=0.002319 | best=0.002279@110 | patience=4/30 | time=3.73s
[2026-04-27 00:48:50] epoch  115/300 | train=0.001786 | val=0.002392 | best=0.002279@110 | patience=5/30 | time=5.07s
[2026-04-27 00:48:54] epoch  116/300 | train=0.001846 | val=0.002401 | best=0.002279@110 | patience=6/30 | time=3.80s
[2026-04-27 00:48:58] epoch  117/300 | train=0.001856 | val=0.002463 | best=0.002279@110 | patience=7/30 | time=3.66s
[2026-04-27 00:49:02] epoch  118/300 | train=0.001843 | val=0.002323 | best=0.002279@110 | patience=8/30 | time=3.98s
[2026-04-27 00:49:07] epoch  119/300 | train=0.001784 | val=0.002297 | best=0.002279@110 | patience=9/30 | time=3.66s
[2026-04-27 00:49:10] epoch  120/300 | train=0.001759 | val=0.002299 | best=0.002279@110 | patience=10/30 | time=3.68s
[2026-04-27 00:49:14] epoch  121/300 | train=0.001754 | val=0.002316 | best=0.002279@110 | patience=11/30 | time=3.73s
[2026-04-27 00:49:19] epoch  122/300 | train=0.001777 | val=0.002346 | best=0.002279@110 | patience=12/30 | time=4.70s
[2026-04-27 00:49:23] epoch  123/300 | train=0.001734 | val=0.002281 | best=0.002279@110 | patience=13/30 | time=3.70s
[2026-04-27 00:49:27] epoch  124/300 | train=0.001700 | val=0.002308 | best=0.002279@110 | patience=14/30 | time=3.66s
[2026-04-27 00:49:31] epoch  125/300 | train=0.001720 | val=0.002281 | best=0.002279@110 | patience=15/30 | time=4.00s
[2026-04-27 00:49:35] epoch  126/300 | train=0.001699 | val=0.002266 | best=0.002266@126 | patience=0/30 | time=3.66s *
[2026-04-27 00:49:39] epoch  127/300 | train=0.001675 | val=0.002247 | best=0.002247@127 | patience=0/30 | time=3.68s *
[2026-04-27 00:49:43] epoch  128/300 | train=0.001657 | val=0.002323 | best=0.002247@127 | patience=1/30 | time=3.72s
[2026-04-27 00:49:47] epoch  129/300 | train=0.001687 | val=0.002293 | best=0.002247@127 | patience=2/30 | time=3.87s
[2026-04-27 00:49:51] epoch  130/300 | train=0.001673 | val=0.002286 | best=0.002247@127 | patience=3/30 | time=3.67s
[2026-04-27 00:49:55] epoch  131/300 | train=0.001673 | val=0.002264 | best=0.002247@127 | patience=4/30 | time=3.66s
[2026-04-27 00:49:59] epoch  132/300 | train=0.001648 | val=0.002249 | best=0.002247@127 | patience=5/30 | time=4.08s
[2026-04-27 00:50:03] epoch  133/300 | train=0.001626 | val=0.002236 | best=0.002236@133 | patience=0/30 | time=3.80s *
[2026-04-27 00:50:07] epoch  134/300 | train=0.001644 | val=0.002250 | best=0.002236@133 | patience=1/30 | time=3.75s
[2026-04-27 00:50:13] epoch  135/300 | train=0.001631 | val=0.002245 | best=0.002236@133 | patience=2/30 | time=5.16s
[2026-04-27 00:50:16] epoch  136/300 | train=0.001625 | val=0.002321 | best=0.002236@133 | patience=3/30 | time=3.80s
[2026-04-27 00:50:20] epoch  137/300 | train=0.001659 | val=0.002265 | best=0.002236@133 | patience=4/30 | time=3.66s
[2026-04-27 00:50:24] epoch  138/300 | train=0.001634 | val=0.002246 | best=0.002236@133 | patience=5/30 | time=4.05s
[2026-04-27 00:50:28] epoch  139/300 | train=0.001610 | val=0.002294 | best=0.002236@133 | patience=6/30 | time=3.66s
[2026-04-27 00:50:32] epoch  140/300 | train=0.001615 | val=0.002244 | best=0.002236@133 | patience=7/30 | time=3.68s
[2026-04-27 00:50:36] epoch  141/300 | train=0.001592 | val=0.002377 | best=0.002236@133 | patience=8/30 | time=3.68s
[2026-04-27 00:50:41] epoch  142/300 | train=0.001652 | val=0.002328 | best=0.002236@133 | patience=9/30 | time=5.32s
[2026-04-27 00:50:45] epoch  143/300 | train=0.001634 | val=0.002293 | best=0.002236@133 | patience=10/30 | time=3.66s
[2026-04-27 00:50:49] epoch  144/300 | train=0.001640 | val=0.002300 | best=0.002236@133 | patience=11/30 | time=3.99s
[2026-04-27 00:50:53] epoch  145/300 | train=0.001605 | val=0.002271 | best=0.002236@133 | patience=12/30 | time=3.66s
[2026-04-27 00:50:57] epoch  146/300 | train=0.001596 | val=0.002512 | best=0.002236@133 | patience=13/30 | time=3.73s
[2026-04-27 00:51:01] epoch  147/300 | train=0.001724 | val=0.002346 | best=0.002236@133 | patience=14/30 | time=3.68s
[2026-04-27 00:51:06] epoch  148/300 | train=0.001666 | val=0.002368 | best=0.002236@133 | patience=15/30 | time=4.82s
[2026-04-27 00:51:09] epoch  149/300 | train=0.001671 | val=0.002297 | best=0.002236@133 | patience=16/30 | time=3.70s
[2026-04-27 00:51:13] epoch  150/300 | train=0.001630 | val=0.002263 | best=0.002236@133 | patience=17/30 | time=3.66s
[2026-04-27 00:51:18] epoch  151/300 | train=0.001582 | val=0.002229 | best=0.002229@151 | patience=0/30 | time=3.99s *
[2026-04-27 00:51:22] epoch  152/300 | train=0.001550 | val=0.002233 | best=0.002229@151 | patience=1/30 | time=3.68s
[2026-04-27 00:51:25] epoch  153/300 | train=0.001534 | val=0.002277 | best=0.002229@151 | patience=2/30 | time=3.71s
[2026-04-27 00:51:30] epoch  154/300 | train=0.001540 | val=0.002223 | best=0.002223@154 | patience=0/30 | time=3.86s *
[2026-04-27 00:51:34] epoch  155/300 | train=0.001524 | val=0.002210 | best=0.002210@155 | patience=0/30 | time=3.78s *
[2026-04-27 00:51:38] epoch  156/300 | train=0.001497 | val=0.002217 | best=0.002210@155 | patience=1/30 | time=3.66s
[2026-04-27 00:51:42] epoch  157/300 | train=0.001493 | val=0.002239 | best=0.002210@155 | patience=2/30 | time=3.73s
[2026-04-27 00:51:46] epoch  158/300 | train=0.001507 | val=0.002226 | best=0.002210@155 | patience=3/30 | time=3.66s
[2026-04-27 00:51:50] epoch  159/300 | train=0.001493 | val=0.002234 | best=0.002210@155 | patience=4/30 | time=3.77s
[2026-04-27 00:51:53] epoch  160/300 | train=0.001502 | val=0.002247 | best=0.002210@155 | patience=5/30 | time=3.72s
[2026-04-27 00:52:00] epoch  161/300 | train=0.001517 | val=0.002259 | best=0.002210@155 | patience=6/30 | time=5.34s
[2026-04-27 00:52:03] epoch  162/300 | train=0.001505 | val=0.002234 | best=0.002210@155 | patience=7/30 | time=3.66s
[2026-04-27 00:52:07] epoch  163/300 | train=0.001488 | val=0.002262 | best=0.002210@155 | patience=8/30 | time=3.66s
[2026-04-27 00:52:11] epoch  164/300 | train=0.001490 | val=0.002259 | best=0.002210@155 | patience=9/30 | time=3.66s
[2026-04-27 00:52:15] epoch  165/300 | train=0.001477 | val=0.002215 | best=0.002210@155 | patience=10/30 | time=3.66s
[2026-04-27 00:52:19] epoch  166/300 | train=0.001458 | val=0.002239 | best=0.002210@155 | patience=11/30 | time=3.66s
[2026-04-27 00:52:23] epoch  167/300 | train=0.001481 | val=0.002278 | best=0.002210@155 | patience=12/30 | time=3.92s
[2026-04-27 00:52:27] epoch  168/300 | train=0.001464 | val=0.002258 | best=0.002210@155 | patience=13/30 | time=3.82s
[2026-04-27 00:52:30] epoch  169/300 | train=0.001454 | val=0.002209 | best=0.002210@155 | patience=14/30 | time=3.66s
[2026-04-27 00:52:34] epoch  170/300 | train=0.001438 | val=0.002254 | best=0.002210@155 | patience=15/30 | time=3.73s
[2026-04-27 00:52:38] epoch  171/300 | train=0.001466 | val=0.002260 | best=0.002210@155 | patience=16/30 | time=3.66s
[2026-04-27 00:52:42] epoch  172/300 | train=0.001471 | val=0.002254 | best=0.002210@155 | patience=17/30 | time=3.77s
[2026-04-27 00:52:46] epoch  173/300 | train=0.001450 | val=0.002229 | best=0.002210@155 | patience=18/30 | time=3.70s
[2026-04-27 00:52:50] epoch  174/300 | train=0.001446 | val=0.002224 | best=0.002210@155 | patience=19/30 | time=3.85s
[2026-04-27 00:52:54] epoch  175/300 | train=0.001454 | val=0.002232 | best=0.002210@155 | patience=20/30 | time=3.77s
[2026-04-27 00:52:58] epoch  176/300 | train=0.001441 | val=0.002220 | best=0.002210@155 | patience=21/30 | time=3.66s
[2026-04-27 00:53:01] epoch  177/300 | train=0.001420 | val=0.002246 | best=0.002210@155 | patience=22/30 | time=3.72s
[2026-04-27 00:53:05] epoch  178/300 | train=0.001407 | val=0.002214 | best=0.002210@155 | patience=23/30 | time=3.66s
[2026-04-27 00:53:09] epoch  179/300 | train=0.001398 | val=0.002184 | best=0.002184@179 | patience=0/30 | time=3.68s *
[2026-04-27 00:53:13] epoch  180/300 | train=0.001375 | val=0.002196 | best=0.002184@179 | patience=1/30 | time=3.72s
[2026-04-27 00:53:17] epoch  181/300 | train=0.001377 | val=0.002240 | best=0.002184@179 | patience=2/30 | time=3.88s
[2026-04-27 00:53:21] epoch  182/300 | train=0.001402 | val=0.002230 | best=0.002184@179 | patience=3/30 | time=3.82s
[2026-04-27 00:53:25] epoch  183/300 | train=0.001406 | val=0.002240 | best=0.002184@179 | patience=4/30 | time=3.66s
[2026-04-27 00:53:29] epoch  184/300 | train=0.001401 | val=0.002225 | best=0.002184@179 | patience=5/30 | time=4.02s
[2026-04-27 00:53:33] epoch  185/300 | train=0.001387 | val=0.002285 | best=0.002184@179 | patience=6/30 | time=3.66s
[2026-04-27 00:53:37] epoch  186/300 | train=0.001395 | val=0.002229 | best=0.002184@179 | patience=7/30 | time=3.68s
[2026-04-27 00:53:41] epoch  187/300 | train=0.001387 | val=0.002278 | best=0.002184@179 | patience=8/30 | time=3.71s
[2026-04-27 00:53:45] epoch  188/300 | train=0.001418 | val=0.002230 | best=0.002184@179 | patience=9/30 | time=3.88s
[2026-04-27 00:53:49] epoch  189/300 | train=0.001408 | val=0.002289 | best=0.002184@179 | patience=10/30 | time=3.79s
[2026-04-27 00:53:52] epoch  190/300 | train=0.001419 | val=0.002219 | best=0.002184@179 | patience=11/30 | time=3.66s
[2026-04-27 00:53:57] epoch  191/300 | train=0.001387 | val=0.002190 | best=0.002184@179 | patience=12/30 | time=4.10s
[2026-04-27 00:54:00] epoch  192/300 | train=0.001345 | val=0.002201 | best=0.002184@179 | patience=13/30 | time=3.66s
[2026-04-27 00:54:04] epoch  193/300 | train=0.001333 | val=0.002207 | best=0.002184@179 | patience=14/30 | time=3.77s
[2026-04-27 00:54:08] epoch  194/300 | train=0.001328 | val=0.002212 | best=0.002184@179 | patience=15/30 | time=3.71s
[2026-04-27 00:54:14] epoch  195/300 | train=0.001364 | val=0.002273 | best=0.002184@179 | patience=16/30 | time=5.79s
[2026-04-27 00:54:18] epoch  196/300 | train=0.001383 | val=0.002236 | best=0.002184@179 | patience=17/30 | time=3.66s
[2026-04-27 00:54:22] epoch  197/300 | train=0.001369 | val=0.002303 | best=0.002184@179 | patience=18/30 | time=3.73s
[2026-04-27 00:54:26] epoch  198/300 | train=0.001375 | val=0.002265 | best=0.002184@179 | patience=19/30 | time=3.66s
[2026-04-27 00:54:30] epoch  199/300 | train=0.001368 | val=0.002252 | best=0.002184@179 | patience=20/30 | time=3.75s
[2026-04-27 00:54:34] epoch  200/300 | train=0.001371 | val=0.002317 | best=0.002184@179 | patience=21/30 | time=3.67s
[2026-04-27 00:54:39] epoch  201/300 | train=0.001385 | val=0.002253 | best=0.002184@179 | patience=22/30 | time=5.33s
[2026-04-27 00:54:43] epoch  202/300 | train=0.001370 | val=0.002244 | best=0.002184@179 | patience=23/30 | time=3.66s
[2026-04-27 00:54:47] epoch  203/300 | train=0.001362 | val=0.002255 | best=0.002184@179 | patience=24/30 | time=3.66s
[2026-04-27 00:54:51] epoch  204/300 | train=0.001359 | val=0.002208 | best=0.002184@179 | patience=25/30 | time=3.66s
[2026-04-27 00:54:55] epoch  205/300 | train=0.001302 | val=0.002212 | best=0.002184@179 | patience=26/30 | time=3.68s
[2026-04-27 00:54:59] epoch  206/300 | train=0.001301 | val=0.002197 | best=0.002184@179 | patience=27/30 | time=3.72s
[2026-04-27 00:55:03] epoch  207/300 | train=0.001279 | val=0.002228 | best=0.002184@179 | patience=28/30 | time=3.87s
[2026-04-27 00:55:07] epoch  208/300 | train=0.001272 | val=0.002220 | best=0.002184@179 | patience=29/30 | time=3.79s
[2026-04-27 00:55:11] epoch  209/300 | train=0.001271 | val=0.002187 | best=0.002184@179 | patience=30/30 | time=3.66s
[2026-04-27 00:55:11]   early stopping at epoch 209 (no improvement for 30 epochs)
[2026-04-27 00:55:11] Training done: stop_reason=early_stop, total_epochs=209, best_epoch=179, best_val=0.002184
[2026-04-27 00:55:11] Reloading best checkpoint (epoch 179) for evaluation
[2026-04-27 00:55:19] ------------------------------------------------------------
[2026-04-27 00:55:19] Evaluation:
[2026-04-27 00:55:19]   AUC broken_lcfs         : 0.5707
[2026-04-27 00:55:19]   AUC bad_black_core      : 0.9986
[2026-04-27 00:55:19]   AUC bad_nonconverged    : 0.9980
[2026-04-27 00:55:19]   objective      : 0.8272
[2026-04-27 00:55:19]   floor_ok       : True
[2026-04-27 00:55:19]   threshold      : 0.2098
[2026-04-27 00:55:19]   mu / sigma     : 0.00138825 / 0.000325227
[2026-04-27 00:55:19] Train time=1079.5s, eval time=7.7s
