[2026-04-27 09:08:31] ============================================================
[2026-04-27 09:08:31] Trial 147 starting on cuda:0
[2026-04-27 09:08:31] Timestamp: 2026-04-27T09:08:31.191337
[2026-04-27 09:08:31] --- Config summary ---
  bottleneck_dim  : 173
  n_enc_layers    : 3
  n_dec_layers    : 5
  base_channels   : 27
  growth_factor   : 2.984009581237162
  use_batchnorm   : True
  use_hpf         : True
  hpf_sigma       : 1.8694688531331822
  lr              : 0.0015990939562731123
  batch_size      : 32
  max_epochs      : 300
  patience        : 30
  seed            : 42
  deterministic   : False
  trial_num       : 147
[2026-04-27 09:08:31] Loading train/val/selection splits...
[2026-04-27 09:09:32] Splits loaded in 61.2s: n_train=722, n_val=120, n_selection=405
[2026-04-27 09:09:36] --- Architecture summary ---
  channels per enc layer : [27, 81, 240]
  final spatial size     : 32x32
  flat size before latent: 245760
  bottleneck_dim         : 173
  total parameters       : 88,529,154
[2026-04-27 09:09:36] Starting training: n_train=722, n_val=120, device=cuda:0
[2026-04-27 09:12:55] epoch    1/300 | train=0.007532 | val=0.007114 | best=0.007114@1 | patience=0/30 | time=195.40s *
[2026-04-27 09:13:04] epoch    2/300 | train=0.005297 | val=0.005390 | best=0.005390@2 | patience=0/30 | time=6.23s *
[2026-04-27 09:13:14] epoch    3/300 | train=0.005202 | val=0.005246 | best=0.005246@3 | patience=0/30 | time=5.76s *
[2026-04-27 09:13:24] epoch    4/300 | train=0.005098 | val=0.005209 | best=0.005209@4 | patience=0/30 | time=6.91s *
[2026-04-27 09:13:32] epoch    5/300 | train=0.004758 | val=0.005004 | best=0.005004@5 | patience=0/30 | time=5.74s *
[2026-04-27 09:13:45] epoch    6/300 | train=0.004402 | val=0.004378 | best=0.004378@6 | patience=0/30 | time=8.36s *
[2026-04-27 09:13:54] epoch    7/300 | train=0.004259 | val=0.004235 | best=0.004235@7 | patience=0/30 | time=6.21s *
[2026-04-27 09:14:02] epoch    8/300 | train=0.004135 | val=0.004103 | best=0.004103@8 | patience=0/30 | time=5.89s *
[2026-04-27 09:14:13] epoch    9/300 | train=0.003949 | val=0.003983 | best=0.003983@9 | patience=0/30 | time=6.03s *
[2026-04-27 09:14:21] epoch   10/300 | train=0.003788 | val=0.003859 | best=0.003859@10 | patience=0/30 | time=5.76s *
[2026-04-27 09:14:30] epoch   11/300 | train=0.003606 | val=0.003759 | best=0.003759@11 | patience=0/30 | time=5.90s *
[2026-04-27 09:14:43] epoch   12/300 | train=0.003394 | val=0.003326 | best=0.003326@12 | patience=0/30 | time=9.90s *
[2026-04-27 09:14:51] epoch   13/300 | train=0.003195 | val=0.003180 | best=0.003180@13 | patience=0/30 | time=6.25s *
[2026-04-27 09:15:00] epoch   14/300 | train=0.003064 | val=0.003041 | best=0.003041@14 | patience=0/30 | time=5.88s *
[2026-04-27 09:15:09] epoch   15/300 | train=0.002925 | val=0.003022 | best=0.003022@15 | patience=0/30 | time=6.25s *
[2026-04-27 09:15:19] epoch   16/300 | train=0.002904 | val=0.002922 | best=0.002922@16 | patience=0/30 | time=6.60s *
[2026-04-27 09:15:27] epoch   17/300 | train=0.002797 | val=0.002772 | best=0.002772@17 | patience=0/30 | time=5.84s *
[2026-04-27 09:15:39] epoch   18/300 | train=0.002768 | val=0.002742 | best=0.002742@18 | patience=0/30 | time=8.98s *
[2026-04-27 09:15:47] epoch   19/300 | train=0.002715 | val=0.002680 | best=0.002680@19 | patience=0/30 | time=5.74s *
[2026-04-27 09:15:56] epoch   20/300 | train=0.002674 | val=0.002661 | best=0.002661@20 | patience=0/30 | time=5.76s *
[2026-04-27 09:16:05] epoch   21/300 | train=0.002655 | val=0.002673 | best=0.002661@20 | patience=1/30 | time=9.49s
[2026-04-27 09:16:14] epoch   22/300 | train=0.002602 | val=0.002612 | best=0.002612@22 | patience=0/30 | time=6.23s *
[2026-04-27 09:16:23] epoch   23/300 | train=0.002586 | val=0.002581 | best=0.002581@23 | patience=0/30 | time=5.77s *
[2026-04-27 09:16:34] epoch   24/300 | train=0.002576 | val=0.002548 | best=0.002548@24 | patience=0/30 | time=8.17s *
[2026-04-27 09:16:40] epoch   25/300 | train=0.002543 | val=0.002567 | best=0.002548@24 | patience=1/30 | time=5.81s
[2026-04-27 09:16:46] epoch   26/300 | train=0.002537 | val=0.002565 | best=0.002548@24 | patience=2/30 | time=5.78s
[2026-04-27 09:16:52] epoch   27/300 | train=0.002564 | val=0.002554 | best=0.002548@24 | patience=3/30 | time=6.05s
[2026-04-27 09:17:01] epoch   28/300 | train=0.002513 | val=0.002510 | best=0.002510@28 | patience=0/30 | time=5.87s *
[2026-04-27 09:17:07] epoch   29/300 | train=0.002509 | val=0.002530 | best=0.002510@28 | patience=1/30 | time=5.81s
[2026-04-27 09:17:13] epoch   30/300 | train=0.002496 | val=0.002636 | best=0.002510@28 | patience=2/30 | time=5.83s
[2026-04-27 09:17:22] epoch   31/300 | train=0.002474 | val=0.002455 | best=0.002455@31 | patience=0/30 | time=6.05s *
[2026-04-27 09:17:27] epoch   32/300 | train=0.002443 | val=0.002462 | best=0.002455@31 | patience=1/30 | time=5.77s
[2026-04-27 09:17:37] epoch   33/300 | train=0.002445 | val=0.002452 | best=0.002452@33 | patience=0/30 | time=6.31s *
[2026-04-27 09:17:46] epoch   34/300 | train=0.002448 | val=0.002439 | best=0.002439@34 | patience=0/30 | time=6.25s *
[2026-04-27 09:17:55] epoch   35/300 | train=0.002419 | val=0.002431 | best=0.002431@35 | patience=0/30 | time=5.87s *
[2026-04-27 09:18:03] epoch   36/300 | train=0.002413 | val=0.002411 | best=0.002411@36 | patience=0/30 | time=5.77s *
[2026-04-27 09:18:12] epoch   37/300 | train=0.002417 | val=0.002397 | best=0.002397@37 | patience=0/30 | time=6.08s *
[2026-04-27 09:18:18] epoch   38/300 | train=0.002392 | val=0.002412 | best=0.002397@37 | patience=1/30 | time=5.77s
[2026-04-27 09:18:27] epoch   39/300 | train=0.002379 | val=0.002395 | best=0.002395@39 | patience=0/30 | time=5.81s *
[2026-04-27 09:18:33] epoch   40/300 | train=0.002382 | val=0.002407 | best=0.002395@39 | patience=1/30 | time=5.78s
[2026-04-27 09:18:42] epoch   41/300 | train=0.002367 | val=0.002416 | best=0.002395@39 | patience=2/30 | time=9.45s
[2026-04-27 09:18:51] epoch   42/300 | train=0.002378 | val=0.002391 | best=0.002391@42 | patience=0/30 | time=6.30s *
[2026-04-27 09:18:57] epoch   43/300 | train=0.002366 | val=0.002421 | best=0.002391@42 | patience=1/30 | time=6.03s
[2026-04-27 09:19:09] epoch   44/300 | train=0.002379 | val=0.002383 | best=0.002383@44 | patience=0/30 | time=9.36s *
[2026-04-27 09:19:18] epoch   45/300 | train=0.002362 | val=0.002372 | best=0.002372@45 | patience=0/30 | time=6.19s *
[2026-04-27 09:19:27] epoch   46/300 | train=0.002360 | val=0.002366 | best=0.002366@46 | patience=0/30 | time=5.90s *
[2026-04-27 09:19:36] epoch   47/300 | train=0.002343 | val=0.002342 | best=0.002342@47 | patience=0/30 | time=6.12s *
[2026-04-27 09:19:42] epoch   48/300 | train=0.002339 | val=0.002405 | best=0.002342@47 | patience=1/30 | time=6.15s
[2026-04-27 09:19:48] epoch   49/300 | train=0.002345 | val=0.002383 | best=0.002342@47 | patience=2/30 | time=5.89s
[2026-04-27 09:19:54] epoch   50/300 | train=0.002346 | val=0.002657 | best=0.002342@47 | patience=3/30 | time=5.96s
[2026-04-27 09:19:54]   pruned at epoch 50
[2026-04-27 09:19:54] Training done: stop_reason=pruned, total_epochs=50, best_epoch=47, best_val=0.002342
[2026-04-27 09:19:54] Reloading best checkpoint (epoch 47) for evaluation
[2026-04-27 09:20:09] ------------------------------------------------------------
[2026-04-27 09:20:09] Evaluation:
[2026-04-27 09:20:09]   AUC broken_lcfs         : 0.6140
[2026-04-27 09:20:09]   AUC bad_black_core      : 0.9721
[2026-04-27 09:20:09]   AUC bad_nonconverged    : 0.9771
[2026-04-27 09:20:09]   objective      : 0.8304
[2026-04-27 09:20:09]   floor_ok       : True
[2026-04-27 09:20:09]   threshold      : 0.0862
[2026-04-27 09:20:09]   mu / sigma     : 0.00232666 / 0.000504118
[2026-04-27 09:20:09] Train time=617.6s, eval time=10.3s
