[2026-04-27 01:40:19] ============================================================
[2026-04-27 01:40:19] Trial 29 starting on cuda:0
[2026-04-27 01:40:19] Timestamp: 2026-04-27T01:40:19.964879
[2026-04-27 01:40:19] --- Config summary ---
  bottleneck_dim  : 188
  n_enc_layers    : 2
  n_dec_layers    : 2
  base_channels   : 44
  growth_factor   : 2.782987921890939
  use_batchnorm   : True
  use_hpf         : True
  hpf_sigma       : 1.2729859448712475
  lr              : 0.0018344013988813707
  batch_size      : 32
  max_epochs      : 300
  patience        : 30
  seed            : 42
  deterministic   : False
  trial_num       : 29
[2026-04-27 01:40:19] Loading train/val/selection splits...
[2026-04-27 01:41:19] Splits loaded in 59.6s: n_train=722, n_val=120, n_selection=405
[2026-04-27 01:41:29] --- Architecture summary ---
  channels per enc layer : [44, 122]
  final spatial size     : 64x64
  flat size before latent: 499712
  bottleneck_dim         : 188
  total parameters       : 188,775,507
[2026-04-27 01:41:29] Starting training: n_train=722, n_val=120, device=cuda:0
[2026-04-27 01:43:52] epoch    1/300 | train=0.005254 | val=0.002922 | best=0.002922@1 | patience=0/30 | time=137.59s *
[2026-04-27 01:44:01] epoch    2/300 | train=0.002186 | val=0.002780 | best=0.002780@2 | patience=0/30 | time=3.71s *
[2026-04-27 01:44:05] epoch    3/300 | train=0.001947 | val=0.003265 | best=0.002780@2 | patience=1/30 | time=3.81s
[2026-04-27 01:44:09] epoch    4/300 | train=0.001879 | val=0.003537 | best=0.002780@2 | patience=2/30 | time=3.69s
[2026-04-27 01:44:13] epoch    5/300 | train=0.001854 | val=0.002938 | best=0.002780@2 | patience=3/30 | time=3.70s
[2026-04-27 01:44:23] epoch    6/300 | train=0.001775 | val=0.002427 | best=0.002427@6 | patience=0/30 | time=3.93s *
[2026-04-27 01:44:33] epoch    7/300 | train=0.001756 | val=0.001900 | best=0.001900@7 | patience=0/30 | time=3.68s *
[2026-04-27 01:44:42] epoch    8/300 | train=0.001736 | val=0.001868 | best=0.001868@8 | patience=0/30 | time=3.80s *
[2026-04-27 01:44:52] epoch    9/300 | train=0.001710 | val=0.001811 | best=0.001811@9 | patience=0/30 | time=4.01s *
[2026-04-27 01:45:02] epoch   10/300 | train=0.001678 | val=0.001676 | best=0.001676@10 | patience=0/30 | time=3.69s *
[2026-04-27 01:45:05] epoch   11/300 | train=0.001675 | val=0.001732 | best=0.001676@10 | patience=1/30 | time=3.79s
[2026-04-27 01:45:09] epoch   12/300 | train=0.001662 | val=0.001686 | best=0.001676@10 | patience=2/30 | time=3.69s
[2026-04-27 01:45:13] epoch   13/300 | train=0.001660 | val=0.001757 | best=0.001676@10 | patience=3/30 | time=3.92s
[2026-04-27 01:45:23] epoch   14/300 | train=0.001642 | val=0.001638 | best=0.001638@14 | patience=0/30 | time=3.71s *
[2026-04-27 01:45:27] epoch   15/300 | train=0.001645 | val=0.001697 | best=0.001638@14 | patience=1/30 | time=3.89s
[2026-04-27 01:45:31] epoch   16/300 | train=0.001677 | val=0.001704 | best=0.001638@14 | patience=2/30 | time=3.81s
[2026-04-27 01:45:40] epoch   17/300 | train=0.001632 | val=0.001633 | best=0.001633@17 | patience=0/30 | time=3.69s *
[2026-04-27 01:45:44] epoch   18/300 | train=0.001633 | val=0.001635 | best=0.001633@17 | patience=1/30 | time=3.71s
[2026-04-27 01:45:48] epoch   19/300 | train=0.001620 | val=0.001684 | best=0.001633@17 | patience=2/30 | time=3.67s
[2026-04-27 01:45:57] epoch   20/300 | train=0.001614 | val=0.001623 | best=0.001623@20 | patience=0/30 | time=3.91s *
[2026-04-27 01:46:01] epoch   21/300 | train=0.001618 | val=0.001624 | best=0.001623@20 | patience=1/30 | time=3.70s
[2026-04-27 01:46:05] epoch   22/300 | train=0.001607 | val=0.001696 | best=0.001623@20 | patience=2/30 | time=3.93s
[2026-04-27 01:46:14] epoch   23/300 | train=0.001603 | val=0.001622 | best=0.001622@23 | patience=0/30 | time=3.71s *
[2026-04-27 01:46:18] epoch   24/300 | train=0.001598 | val=0.001637 | best=0.001622@23 | patience=1/30 | time=3.66s
[2026-04-27 01:46:22] epoch   25/300 | train=0.001600 | val=0.001623 | best=0.001622@23 | patience=2/30 | time=3.90s
[2026-04-27 01:46:26] epoch   26/300 | train=0.001602 | val=0.001693 | best=0.001622@23 | patience=3/30 | time=3.81s
[2026-04-27 01:46:30] epoch   27/300 | train=0.001604 | val=0.001725 | best=0.001622@23 | patience=4/30 | time=3.70s
[2026-04-27 01:46:40] epoch   28/300 | train=0.001602 | val=0.001618 | best=0.001618@28 | patience=0/30 | time=3.92s *
[2026-04-27 01:46:49] epoch   29/300 | train=0.001597 | val=0.001611 | best=0.001611@29 | patience=0/30 | time=3.71s *
[2026-04-27 01:46:58] epoch   30/300 | train=0.001587 | val=0.001591 | best=0.001591@30 | patience=0/30 | time=3.79s *
[2026-04-27 01:47:02] epoch   31/300 | train=0.001584 | val=0.001615 | best=0.001591@30 | patience=1/30 | time=3.70s
[2026-04-27 01:47:06] epoch   32/300 | train=0.001568 | val=0.001595 | best=0.001591@30 | patience=2/30 | time=3.92s
[2026-04-27 01:47:10] epoch   33/300 | train=0.001544 | val=0.001596 | best=0.001591@30 | patience=3/30 | time=3.71s
[2026-04-27 01:47:19] epoch   34/300 | train=0.001525 | val=0.001550 | best=0.001550@34 | patience=0/30 | time=3.67s *
[2026-04-27 01:47:23] epoch   35/300 | train=0.001494 | val=0.001723 | best=0.001550@34 | patience=1/30 | time=3.94s
[2026-04-27 01:47:33] epoch   36/300 | train=0.001473 | val=0.001510 | best=0.001510@36 | patience=0/30 | time=3.80s *
[2026-04-27 01:47:43] epoch   37/300 | train=0.001448 | val=0.001476 | best=0.001476@37 | patience=0/30 | time=3.98s *
[2026-04-27 01:47:46] epoch   38/300 | train=0.001422 | val=0.001552 | best=0.001476@37 | patience=1/30 | time=3.69s
[2026-04-27 01:47:50] epoch   39/300 | train=0.001396 | val=0.001586 | best=0.001476@37 | patience=2/30 | time=3.95s
[2026-04-27 01:48:00] epoch   40/300 | train=0.001377 | val=0.001428 | best=0.001428@40 | patience=0/30 | time=3.79s *
[2026-04-27 01:48:09] epoch   41/300 | train=0.001340 | val=0.001354 | best=0.001354@41 | patience=0/30 | time=3.92s *
[2026-04-27 01:48:13] epoch   42/300 | train=0.001319 | val=0.001433 | best=0.001354@41 | patience=1/30 | time=3.70s
[2026-04-27 01:48:23] epoch   43/300 | train=0.001293 | val=0.001343 | best=0.001343@43 | patience=0/30 | time=3.67s *
[2026-04-27 01:48:26] epoch   44/300 | train=0.001273 | val=0.001396 | best=0.001343@43 | patience=1/30 | time=3.69s
[2026-04-27 01:48:36] epoch   45/300 | train=0.001237 | val=0.001275 | best=0.001275@45 | patience=0/30 | time=3.70s *
[2026-04-27 01:48:40] epoch   46/300 | train=0.001223 | val=0.001332 | best=0.001275@45 | patience=1/30 | time=3.70s
[2026-04-27 01:48:49] epoch   47/300 | train=0.001202 | val=0.001263 | best=0.001263@47 | patience=0/30 | time=3.67s *
[2026-04-27 01:48:53] epoch   48/300 | train=0.001187 | val=0.001289 | best=0.001263@47 | patience=1/30 | time=3.69s
[2026-04-27 01:49:03] epoch   49/300 | train=0.001166 | val=0.001249 | best=0.001249@49 | patience=0/30 | time=3.70s *
[2026-04-27 01:49:12] epoch   50/300 | train=0.001143 | val=0.001199 | best=0.001199@50 | patience=0/30 | time=3.70s *
[2026-04-27 01:49:16] epoch   51/300 | train=0.001128 | val=0.001379 | best=0.001199@50 | patience=1/30 | time=3.89s
[2026-04-27 01:49:20] epoch   52/300 | train=0.001120 | val=0.001439 | best=0.001199@50 | patience=2/30 | time=3.79s
[2026-04-27 01:49:29] epoch   53/300 | train=0.001109 | val=0.001197 | best=0.001197@53 | patience=0/30 | time=3.69s *
[2026-04-27 01:49:33] epoch   54/300 | train=0.001073 | val=0.001227 | best=0.001197@53 | patience=1/30 | time=3.71s
[2026-04-27 01:49:37] epoch   55/300 | train=0.001050 | val=0.001247 | best=0.001197@53 | patience=2/30 | time=3.67s
[2026-04-27 01:49:46] epoch   56/300 | train=0.001036 | val=0.001131 | best=0.001131@56 | patience=0/30 | time=3.90s *
[2026-04-27 01:49:50] epoch   57/300 | train=0.001008 | val=0.001132 | best=0.001131@56 | patience=1/30 | time=3.69s
[2026-04-27 01:50:00] epoch   58/300 | train=0.001000 | val=0.001117 | best=0.001117@58 | patience=0/30 | time=3.69s *
[2026-04-27 01:50:09] epoch   59/300 | train=0.000984 | val=0.001116 | best=0.001116@59 | patience=0/30 | time=3.70s *
[2026-04-27 01:50:13] epoch   60/300 | train=0.000960 | val=0.001121 | best=0.001116@59 | patience=1/30 | time=3.79s
[2026-04-27 01:50:22] epoch   61/300 | train=0.000945 | val=0.001099 | best=0.001099@61 | patience=0/30 | time=3.69s *
[2026-04-27 01:50:26] epoch   62/300 | train=0.000924 | val=0.001123 | best=0.001099@61 | patience=1/30 | time=3.95s
[2026-04-27 01:50:30] epoch   63/300 | train=0.000915 | val=0.001100 | best=0.001099@61 | patience=2/30 | time=3.67s
[2026-04-27 01:50:40] epoch   64/300 | train=0.000890 | val=0.001078 | best=0.001078@64 | patience=0/30 | time=3.94s *
[2026-04-27 01:50:44] epoch   65/300 | train=0.000880 | val=0.001121 | best=0.001078@64 | patience=1/30 | time=3.80s
[2026-04-27 01:50:47] epoch   66/300 | train=0.000917 | val=0.001153 | best=0.001078@64 | patience=2/30 | time=3.69s
[2026-04-27 01:50:51] epoch   67/300 | train=0.000864 | val=0.001161 | best=0.001078@64 | patience=3/30 | time=3.70s
[2026-04-27 01:51:01] epoch   68/300 | train=0.000823 | val=0.001049 | best=0.001049@68 | patience=0/30 | time=3.94s *
[2026-04-27 01:51:05] epoch   69/300 | train=0.000801 | val=0.001139 | best=0.001049@68 | patience=1/30 | time=3.67s
[2026-04-27 01:51:09] epoch   70/300 | train=0.000791 | val=0.001364 | best=0.001049@68 | patience=2/30 | time=3.94s
[2026-04-27 01:51:13] epoch   71/300 | train=0.000789 | val=0.001066 | best=0.001049@68 | patience=3/30 | time=3.79s
[2026-04-27 01:51:17] epoch   72/300 | train=0.000755 | val=0.001064 | best=0.001049@68 | patience=4/30 | time=3.69s
[2026-04-27 01:51:27] epoch   73/300 | train=0.000736 | val=0.001047 | best=0.001047@73 | patience=0/30 | time=3.69s *
[2026-04-27 01:51:30] epoch   74/300 | train=0.000706 | val=0.001061 | best=0.001047@73 | patience=1/30 | time=3.70s
[2026-04-27 01:51:34] epoch   75/300 | train=0.000692 | val=0.001056 | best=0.001047@73 | patience=2/30 | time=3.67s
[2026-04-27 01:51:44] epoch   76/300 | train=0.000687 | val=0.001045 | best=0.001045@76 | patience=0/30 | time=3.89s *
[2026-04-27 01:51:48] epoch   77/300 | train=0.000669 | val=0.001061 | best=0.001045@76 | patience=1/30 | time=3.69s
[2026-04-27 01:51:51] epoch   78/300 | train=0.000641 | val=0.001070 | best=0.001045@76 | patience=2/30 | time=3.69s
[2026-04-27 01:51:55] epoch   79/300 | train=0.000635 | val=0.001058 | best=0.001045@76 | patience=3/30 | time=3.93s
[2026-04-27 01:51:59] epoch   80/300 | train=0.000622 | val=0.001111 | best=0.001045@76 | patience=4/30 | time=3.70s
[2026-04-27 01:52:03] epoch   81/300 | train=0.000609 | val=0.001061 | best=0.001045@76 | patience=5/30 | time=3.67s
[2026-04-27 01:52:07] epoch   82/300 | train=0.000582 | val=0.001056 | best=0.001045@76 | patience=6/30 | time=3.90s
[2026-04-27 01:52:11] epoch   83/300 | train=0.000550 | val=0.001056 | best=0.001045@76 | patience=7/30 | time=3.81s
[2026-04-27 01:52:15] epoch   84/300 | train=0.000552 | val=0.001052 | best=0.001045@76 | patience=8/30 | time=3.69s
[2026-04-27 01:52:19] epoch   85/300 | train=0.000523 | val=0.001071 | best=0.001045@76 | patience=9/30 | time=3.70s
[2026-04-27 01:52:23] epoch   86/300 | train=0.000509 | val=0.001251 | best=0.001045@76 | patience=10/30 | time=3.92s
[2026-04-27 01:52:32] epoch   87/300 | train=0.000530 | val=0.001043 | best=0.001043@87 | patience=0/30 | time=3.73s *
[2026-04-27 01:52:36] epoch   88/300 | train=0.000488 | val=0.001069 | best=0.001043@87 | patience=1/30 | time=3.97s
[2026-04-27 01:52:40] epoch   89/300 | train=0.000473 | val=0.001083 | best=0.001043@87 | patience=2/30 | time=3.80s
[2026-04-27 01:52:49] epoch   90/300 | train=0.000443 | val=0.001037 | best=0.001037@90 | patience=0/30 | time=3.69s *
[2026-04-27 01:52:59] epoch   91/300 | train=0.000437 | val=0.001029 | best=0.001029@91 | patience=0/30 | time=3.70s *
[2026-04-27 01:53:03] epoch   92/300 | train=0.000419 | val=0.001050 | best=0.001029@91 | patience=1/30 | time=3.81s
[2026-04-27 01:53:06] epoch   93/300 | train=0.000412 | val=0.001087 | best=0.001029@91 | patience=2/30 | time=3.69s
[2026-04-27 01:53:10] epoch   94/300 | train=0.000445 | val=0.001366 | best=0.001029@91 | patience=3/30 | time=3.69s
[2026-04-27 01:53:14] epoch   95/300 | train=0.000672 | val=0.001302 | best=0.001029@91 | patience=4/30 | time=3.91s
[2026-04-27 01:53:18] epoch   96/300 | train=0.000499 | val=0.001085 | best=0.001029@91 | patience=5/30 | time=3.70s
[2026-04-27 01:53:22] epoch   97/300 | train=0.000416 | val=0.001055 | best=0.001029@91 | patience=6/30 | time=3.67s
[2026-04-27 01:53:26] epoch   98/300 | train=0.000370 | val=0.001052 | best=0.001029@91 | patience=7/30 | time=4.07s
[2026-04-27 01:53:30] epoch   99/300 | train=0.000341 | val=0.001033 | best=0.001029@91 | patience=8/30 | time=3.69s
[2026-04-27 01:53:34] epoch  100/300 | train=0.000337 | val=0.001046 | best=0.001029@91 | patience=9/30 | time=3.70s
[2026-04-27 01:53:38] epoch  101/300 | train=0.000317 | val=0.001071 | best=0.001029@91 | patience=10/30 | time=3.97s
[2026-04-27 01:53:42] epoch  102/300 | train=0.000307 | val=0.001074 | best=0.001029@91 | patience=11/30 | time=3.70s
[2026-04-27 01:53:45] epoch  103/300 | train=0.000312 | val=0.001041 | best=0.001029@91 | patience=12/30 | time=3.67s
[2026-04-27 01:53:50] epoch  104/300 | train=0.000291 | val=0.001055 | best=0.001029@91 | patience=13/30 | time=3.89s
[2026-04-27 01:53:53] epoch  105/300 | train=0.000279 | val=0.001103 | best=0.001029@91 | patience=14/30 | time=3.80s
[2026-04-27 01:53:57] epoch  106/300 | train=0.000271 | val=0.001051 | best=0.001029@91 | patience=15/30 | time=3.69s
[2026-04-27 01:54:01] epoch  107/300 | train=0.000253 | val=0.001078 | best=0.001029@91 | patience=16/30 | time=3.69s
[2026-04-27 01:54:05] epoch  108/300 | train=0.000249 | val=0.001066 | best=0.001029@91 | patience=17/30 | time=3.93s
[2026-04-27 01:54:09] epoch  109/300 | train=0.000248 | val=0.001166 | best=0.001029@91 | patience=18/30 | time=3.70s
[2026-04-27 01:54:13] epoch  110/300 | train=0.000241 | val=0.001083 | best=0.001029@91 | patience=19/30 | time=3.67s
[2026-04-27 01:54:17] epoch  111/300 | train=0.000235 | val=0.001065 | best=0.001029@91 | patience=20/30 | time=3.94s
[2026-04-27 01:54:21] epoch  112/300 | train=0.000226 | val=0.001136 | best=0.001029@91 | patience=21/30 | time=3.79s
[2026-04-27 01:54:25] epoch  113/300 | train=0.000220 | val=0.001067 | best=0.001029@91 | patience=22/30 | time=3.69s
[2026-04-27 01:54:28] epoch  114/300 | train=0.000216 | val=0.001172 | best=0.001029@91 | patience=23/30 | time=3.70s
[2026-04-27 01:54:33] epoch  115/300 | train=0.000206 | val=0.001098 | best=0.001029@91 | patience=24/30 | time=3.70s
[2026-04-27 01:54:37] epoch  116/300 | train=0.000203 | val=0.001103 | best=0.001029@91 | patience=25/30 | time=3.66s
[2026-04-27 01:54:41] epoch  117/300 | train=0.000224 | val=0.001203 | best=0.001029@91 | patience=26/30 | time=3.89s
[2026-04-27 01:54:45] epoch  118/300 | train=0.000229 | val=0.001091 | best=0.001029@91 | patience=27/30 | time=3.80s
[2026-04-27 01:54:49] epoch  119/300 | train=0.000203 | val=0.001148 | best=0.001029@91 | patience=28/30 | time=3.69s
[2026-04-27 01:54:53] epoch  120/300 | train=0.000208 | val=0.001194 | best=0.001029@91 | patience=29/30 | time=3.70s
[2026-04-27 01:54:57] epoch  121/300 | train=0.000198 | val=0.001065 | best=0.001029@91 | patience=30/30 | time=3.93s
[2026-04-27 01:54:57]   early stopping at epoch 121 (no improvement for 30 epochs)
[2026-04-27 01:54:57] Training done: stop_reason=early_stop, total_epochs=121, best_epoch=91, best_val=0.001029
[2026-04-27 01:54:57] Reloading best checkpoint (epoch 91) for evaluation
[2026-04-27 01:55:09] ------------------------------------------------------------
[2026-04-27 01:55:09] Evaluation:
[2026-04-27 01:55:09]   AUC broken_lcfs         : 0.5870
[2026-04-27 01:55:09]   AUC bad_black_core      : 0.9956
[2026-04-27 01:55:09]   AUC bad_nonconverged    : 0.9987
[2026-04-27 01:55:09]   objective      : 0.8331
[2026-04-27 01:55:09]   floor_ok       : True
[2026-04-27 01:55:09]   threshold      : 0.3486
[2026-04-27 01:55:09]   mu / sigma     : 0.00042765 / 8.3876e-05
[2026-04-27 01:55:09] Train time=807.8s, eval time=7.3s
