[2026-04-27 01:25:03] ============================================================
[2026-04-27 01:25:03] Trial 23 starting on cuda:0
[2026-04-27 01:25:03] Timestamp: 2026-04-27T01:25:03.812983
[2026-04-27 01:25:03] --- Config summary ---
  bottleneck_dim  : 115
  n_enc_layers    : 5
  n_dec_layers    : 5
  base_channels   : 59
  growth_factor   : 1.6053219275924853
  use_batchnorm   : True
  use_hpf         : True
  hpf_sigma       : 1.3226390353741044
  lr              : 7.356048085942726e-05
  batch_size      : 64
  max_epochs      : 300
  patience        : 30
  seed            : 42
  deterministic   : False
  trial_num       : 23
[2026-04-27 01:25:03] Loading train/val/selection splits...
[2026-04-27 01:26:02] Splits loaded in 59.1s: n_train=722, n_val=120, n_selection=405
[2026-04-27 01:26:03] --- Architecture summary ---
  channels per enc layer : [59, 95, 152, 244, 392]
  final spatial size     : 8x8
  flat size before latent: 25088
  bottleneck_dim         : 115
  total parameters       : 18,903,184
[2026-04-27 01:26:03] Starting training: n_train=722, n_val=120, device=cuda:0
[2026-04-27 01:32:06] epoch    1/300 | train=0.008011 | val=0.006072 | best=0.006072@1 | patience=0/30 | time=363.07s *
[2026-04-27 01:32:15] epoch    2/300 | train=0.004361 | val=0.005440 | best=0.005440@2 | patience=0/30 | time=8.23s *
[2026-04-27 01:32:24] epoch    3/300 | train=0.003522 | val=0.004214 | best=0.004214@3 | patience=0/30 | time=8.23s *
[2026-04-27 01:32:32] epoch    4/300 | train=0.003110 | val=0.004131 | best=0.004131@4 | patience=0/30 | time=8.01s *
[2026-04-27 01:32:41] epoch    5/300 | train=0.002771 | val=0.004050 | best=0.004050@5 | patience=0/30 | time=8.23s *
[2026-04-27 01:32:50] epoch    6/300 | train=0.002522 | val=0.003019 | best=0.003019@6 | patience=0/30 | time=8.25s *
[2026-04-27 01:32:58] epoch    7/300 | train=0.002339 | val=0.002374 | best=0.002374@7 | patience=0/30 | time=8.02s *
[2026-04-27 01:33:07] epoch    8/300 | train=0.002188 | val=0.002179 | best=0.002179@8 | patience=0/30 | time=8.23s *
[2026-04-27 01:33:15] epoch    9/300 | train=0.002094 | val=0.002086 | best=0.002086@9 | patience=0/30 | time=8.25s *
[2026-04-27 01:33:24] epoch   10/300 | train=0.002007 | val=0.001980 | best=0.001980@10 | patience=0/30 | time=8.02s *
[2026-04-27 01:33:33] epoch   11/300 | train=0.001945 | val=0.001913 | best=0.001913@11 | patience=0/30 | time=8.26s *
[2026-04-27 01:33:41] epoch   12/300 | train=0.001878 | val=0.001861 | best=0.001861@12 | patience=0/30 | time=8.31s *
[2026-04-27 01:33:50] epoch   13/300 | train=0.001833 | val=0.001851 | best=0.001851@13 | patience=0/30 | time=8.02s *
[2026-04-27 01:33:58] epoch   14/300 | train=0.001824 | val=0.001804 | best=0.001804@14 | patience=0/30 | time=8.25s *
[2026-04-27 01:34:07] epoch   15/300 | train=0.001790 | val=0.001796 | best=0.001796@15 | patience=0/30 | time=8.24s *
[2026-04-27 01:34:15] epoch   16/300 | train=0.001828 | val=0.001862 | best=0.001796@15 | patience=1/30 | time=8.02s
[2026-04-27 01:34:24] epoch   17/300 | train=0.001784 | val=0.001756 | best=0.001756@17 | patience=0/30 | time=8.26s *
[2026-04-27 01:34:32] epoch   18/300 | train=0.001741 | val=0.001789 | best=0.001756@17 | patience=1/30 | time=8.24s
[2026-04-27 01:34:41] epoch   19/300 | train=0.001733 | val=0.001719 | best=0.001719@19 | patience=0/30 | time=8.02s *
[2026-04-27 01:34:49] epoch   20/300 | train=0.001694 | val=0.001693 | best=0.001693@20 | patience=0/30 | time=8.23s *
[2026-04-27 01:34:58] epoch   21/300 | train=0.001669 | val=0.001679 | best=0.001679@21 | patience=0/30 | time=8.27s *
[2026-04-27 01:35:07] epoch   22/300 | train=0.001651 | val=0.001651 | best=0.001651@22 | patience=0/30 | time=8.03s *
[2026-04-27 01:35:15] epoch   23/300 | train=0.001636 | val=0.001648 | best=0.001648@23 | patience=0/30 | time=8.24s *
[2026-04-27 01:35:24] epoch   24/300 | train=0.001623 | val=0.001636 | best=0.001636@24 | patience=0/30 | time=8.33s *
[2026-04-27 01:35:32] epoch   25/300 | train=0.001611 | val=0.001665 | best=0.001636@24 | patience=1/30 | time=8.03s
[2026-04-27 01:35:40] epoch   26/300 | train=0.001624 | val=0.001658 | best=0.001636@24 | patience=2/30 | time=8.24s
[2026-04-27 01:35:49] epoch   27/300 | train=0.001606 | val=0.001617 | best=0.001617@27 | patience=0/30 | time=8.27s *
[2026-04-27 01:35:58] epoch   28/300 | train=0.001578 | val=0.001593 | best=0.001593@28 | patience=0/30 | time=8.03s *
[2026-04-27 01:36:06] epoch   29/300 | train=0.001570 | val=0.001617 | best=0.001593@28 | patience=1/30 | time=8.21s
[2026-04-27 01:36:15] epoch   30/300 | train=0.001580 | val=0.001575 | best=0.001575@30 | patience=0/30 | time=8.28s *
[2026-04-27 01:36:23] epoch   31/300 | train=0.001547 | val=0.001563 | best=0.001563@31 | patience=0/30 | time=8.02s *
[2026-04-27 01:36:32] epoch   32/300 | train=0.001532 | val=0.001557 | best=0.001557@32 | patience=0/30 | time=8.21s *
[2026-04-27 01:36:40] epoch   33/300 | train=0.001536 | val=0.001556 | best=0.001556@33 | patience=0/30 | time=8.28s *
[2026-04-27 01:36:49] epoch   34/300 | train=0.001520 | val=0.001533 | best=0.001533@34 | patience=0/30 | time=8.04s *
[2026-04-27 01:36:58] epoch   35/300 | train=0.001503 | val=0.001525 | best=0.001525@35 | patience=0/30 | time=8.24s *
[2026-04-27 01:37:06] epoch   36/300 | train=0.001490 | val=0.001539 | best=0.001525@35 | patience=1/30 | time=8.34s
[2026-04-27 01:37:15] epoch   37/300 | train=0.001497 | val=0.001507 | best=0.001507@37 | patience=0/30 | time=8.03s *
[2026-04-27 01:37:23] epoch   38/300 | train=0.001468 | val=0.001504 | best=0.001504@38 | patience=0/30 | time=8.23s *
[2026-04-27 01:37:32] epoch   39/300 | train=0.001465 | val=0.001529 | best=0.001504@38 | patience=1/30 | time=8.28s
[2026-04-27 01:37:40] epoch   40/300 | train=0.001478 | val=0.001503 | best=0.001504@38 | patience=2/30 | time=8.03s
[2026-04-27 01:37:48] epoch   41/300 | train=0.001464 | val=0.001492 | best=0.001492@41 | patience=0/30 | time=8.21s *
[2026-04-27 01:37:57] epoch   42/300 | train=0.001448 | val=0.001474 | best=0.001474@42 | patience=0/30 | time=7.99s *
[2026-04-27 01:38:05] epoch   43/300 | train=0.001435 | val=0.001481 | best=0.001474@42 | patience=1/30 | time=8.37s
[2026-04-27 01:38:14] epoch   44/300 | train=0.001431 | val=0.001451 | best=0.001451@44 | patience=0/30 | time=8.24s *
[2026-04-27 01:38:22] epoch   45/300 | train=0.001413 | val=0.001479 | best=0.001451@44 | patience=1/30 | time=8.00s
[2026-04-27 01:38:31] epoch   46/300 | train=0.001415 | val=0.001451 | best=0.001451@44 | patience=2/30 | time=8.37s
[2026-04-27 01:38:39] epoch   47/300 | train=0.001400 | val=0.001444 | best=0.001444@47 | patience=0/30 | time=8.24s *
[2026-04-27 01:38:48] epoch   48/300 | train=0.001395 | val=0.001426 | best=0.001426@48 | patience=0/30 | time=7.99s *
[2026-04-27 01:38:56] epoch   49/300 | train=0.001387 | val=0.001448 | best=0.001426@48 | patience=1/30 | time=8.31s
[2026-04-27 01:39:05] epoch   50/300 | train=0.001391 | val=0.001424 | best=0.001424@50 | patience=0/30 | time=8.24s *
[2026-04-27 01:39:13] epoch   51/300 | train=0.001377 | val=0.001414 | best=0.001414@51 | patience=0/30 | time=7.99s *
[2026-04-27 01:39:22] epoch   52/300 | train=0.001368 | val=0.001405 | best=0.001405@52 | patience=0/30 | time=8.30s *
[2026-04-27 01:39:30] epoch   53/300 | train=0.001373 | val=0.001424 | best=0.001405@52 | patience=1/30 | time=8.21s
[2026-04-27 01:39:39] epoch   54/300 | train=0.001364 | val=0.001403 | best=0.001403@54 | patience=0/30 | time=7.99s *
[2026-04-27 01:39:47] epoch   55/300 | train=0.001352 | val=0.001394 | best=0.001394@55 | patience=0/30 | time=8.31s *
[2026-04-27 01:39:56] epoch   56/300 | train=0.001346 | val=0.001396 | best=0.001394@55 | patience=1/30 | time=8.19s
[2026-04-27 01:40:04] epoch   57/300 | train=0.001327 | val=0.001379 | best=0.001379@57 | patience=0/30 | time=8.00s *
[2026-04-27 01:40:13] epoch   58/300 | train=0.001314 | val=0.001377 | best=0.001377@58 | patience=0/30 | time=8.30s *
[2026-04-27 01:40:21] epoch   59/300 | train=0.001316 | val=0.001384 | best=0.001377@58 | patience=1/30 | time=8.21s
[2026-04-27 01:40:30] epoch   60/300 | train=0.001307 | val=0.001354 | best=0.001354@60 | patience=0/30 | time=7.99s *
[2026-04-27 01:40:39] epoch   61/300 | train=0.001307 | val=0.001480 | best=0.001354@60 | patience=1/30 | time=8.30s
[2026-04-27 01:40:47] epoch   62/300 | train=0.001349 | val=0.001384 | best=0.001354@60 | patience=2/30 | time=8.20s
[2026-04-27 01:40:55] epoch   63/300 | train=0.001309 | val=0.001368 | best=0.001354@60 | patience=3/30 | time=8.00s
[2026-04-27 01:41:04] epoch   64/300 | train=0.001293 | val=0.001367 | best=0.001354@60 | patience=4/30 | time=8.31s
[2026-04-27 01:41:12] epoch   65/300 | train=0.001298 | val=0.001351 | best=0.001351@65 | patience=0/30 | time=8.14s *
[2026-04-27 01:41:21] epoch   66/300 | train=0.001281 | val=0.001349 | best=0.001349@66 | patience=0/30 | time=8.08s *
[2026-04-27 01:41:29] epoch   67/300 | train=0.001289 | val=0.001355 | best=0.001349@66 | patience=1/30 | time=8.31s
[2026-04-27 01:41:38] epoch   68/300 | train=0.001275 | val=0.001335 | best=0.001335@68 | patience=0/30 | time=8.13s *
[2026-04-27 01:41:46] epoch   69/300 | train=0.001253 | val=0.001329 | best=0.001329@69 | patience=0/30 | time=8.07s *
[2026-04-27 01:41:55] epoch   70/300 | train=0.001244 | val=0.001333 | best=0.001329@69 | patience=1/30 | time=8.30s
[2026-04-27 01:42:03] epoch   71/300 | train=0.001248 | val=0.001335 | best=0.001329@69 | patience=2/30 | time=8.13s
[2026-04-27 01:42:11] epoch   72/300 | train=0.001251 | val=0.001329 | best=0.001329@69 | patience=3/30 | time=8.08s
[2026-04-27 01:42:20] epoch   73/300 | train=0.001240 | val=0.001321 | best=0.001321@73 | patience=0/30 | time=8.32s *
[2026-04-27 01:42:28] epoch   74/300 | train=0.001232 | val=0.001330 | best=0.001321@73 | patience=1/30 | time=8.12s
[2026-04-27 01:42:36] epoch   75/300 | train=0.001228 | val=0.001321 | best=0.001321@73 | patience=2/30 | time=8.05s
[2026-04-27 01:42:45] epoch   76/300 | train=0.001221 | val=0.001323 | best=0.001321@73 | patience=3/30 | time=8.39s
[2026-04-27 01:42:53] epoch   77/300 | train=0.001217 | val=0.001329 | best=0.001321@73 | patience=4/30 | time=8.17s
[2026-04-27 01:43:01] epoch   78/300 | train=0.001231 | val=0.001377 | best=0.001321@73 | patience=5/30 | time=8.05s
[2026-04-27 01:43:10] epoch   79/300 | train=0.001249 | val=0.001322 | best=0.001321@73 | patience=6/30 | time=8.32s
[2026-04-27 01:43:18] epoch   80/300 | train=0.001218 | val=0.001307 | best=0.001307@80 | patience=0/30 | time=8.26s *
[2026-04-27 01:43:27] epoch   81/300 | train=0.001209 | val=0.001295 | best=0.001295@81 | patience=0/30 | time=8.05s *
[2026-04-27 01:43:35] epoch   82/300 | train=0.001210 | val=0.001307 | best=0.001295@81 | patience=1/30 | time=8.32s
[2026-04-27 01:43:44] epoch   83/300 | train=0.001201 | val=0.001300 | best=0.001295@81 | patience=2/30 | time=8.26s
[2026-04-27 01:43:52] epoch   84/300 | train=0.001190 | val=0.001284 | best=0.001284@84 | patience=0/30 | time=8.05s *
[2026-04-27 01:44:01] epoch   85/300 | train=0.001201 | val=0.001308 | best=0.001284@84 | patience=1/30 | time=8.25s
[2026-04-27 01:44:09] epoch   86/300 | train=0.001189 | val=0.001322 | best=0.001284@84 | patience=2/30 | time=8.03s
[2026-04-27 01:44:17] epoch   87/300 | train=0.001203 | val=0.001297 | best=0.001284@84 | patience=3/30 | time=8.27s
[2026-04-27 01:44:26] epoch   88/300 | train=0.001171 | val=0.001296 | best=0.001284@84 | patience=4/30 | time=8.25s
[2026-04-27 01:44:34] epoch   89/300 | train=0.001181 | val=0.001280 | best=0.001280@89 | patience=0/30 | time=8.03s *
[2026-04-27 01:44:43] epoch   90/300 | train=0.001158 | val=0.001273 | best=0.001273@90 | patience=0/30 | time=8.22s *
[2026-04-27 01:44:51] epoch   91/300 | train=0.001146 | val=0.001272 | best=0.001273@90 | patience=1/30 | time=8.31s
[2026-04-27 01:44:59] epoch   92/300 | train=0.001141 | val=0.001281 | best=0.001273@90 | patience=2/30 | time=8.03s
[2026-04-27 01:45:08] epoch   93/300 | train=0.001146 | val=0.001287 | best=0.001273@90 | patience=3/30 | time=8.23s
[2026-04-27 01:45:16] epoch   94/300 | train=0.001158 | val=0.001312 | best=0.001273@90 | patience=4/30 | time=8.28s
[2026-04-27 01:45:24] epoch   95/300 | train=0.001161 | val=0.001289 | best=0.001273@90 | patience=5/30 | time=8.04s
[2026-04-27 01:45:33] epoch   96/300 | train=0.001139 | val=0.001286 | best=0.001273@90 | patience=6/30 | time=8.21s
[2026-04-27 01:45:41] epoch   97/300 | train=0.001146 | val=0.001272 | best=0.001273@90 | patience=7/30 | time=8.00s
[2026-04-27 01:45:49] epoch   98/300 | train=0.001117 | val=0.001254 | best=0.001254@98 | patience=0/30 | time=8.31s *
[2026-04-27 01:45:58] epoch   99/300 | train=0.001112 | val=0.001268 | best=0.001254@98 | patience=1/30 | time=8.23s
[2026-04-27 01:46:06] epoch  100/300 | train=0.001130 | val=0.001278 | best=0.001254@98 | patience=2/30 | time=8.00s
[2026-04-27 01:46:14] epoch  101/300 | train=0.001124 | val=0.001261 | best=0.001254@98 | patience=3/30 | time=8.37s
[2026-04-27 01:46:23] epoch  102/300 | train=0.001113 | val=0.001251 | best=0.001251@102 | patience=0/30 | time=8.22s *
[2026-04-27 01:46:31] epoch  103/300 | train=0.001116 | val=0.001251 | best=0.001251@102 | patience=1/30 | time=8.00s
[2026-04-27 01:46:40] epoch  104/300 | train=0.001089 | val=0.001243 | best=0.001243@104 | patience=0/30 | time=8.37s *
[2026-04-27 01:46:48] epoch  105/300 | train=0.001089 | val=0.001267 | best=0.001243@104 | patience=1/30 | time=8.24s
[2026-04-27 01:46:56] epoch  106/300 | train=0.001087 | val=0.001258 | best=0.001243@104 | patience=2/30 | time=8.00s
[2026-04-27 01:47:05] epoch  107/300 | train=0.001085 | val=0.001250 | best=0.001243@104 | patience=3/30 | time=8.30s
[2026-04-27 01:47:13] epoch  108/300 | train=0.001099 | val=0.001256 | best=0.001243@104 | patience=4/30 | time=8.13s
[2026-04-27 01:47:21] epoch  109/300 | train=0.001100 | val=0.001249 | best=0.001243@104 | patience=5/30 | time=8.08s
[2026-04-27 01:47:30] epoch  110/300 | train=0.001076 | val=0.001240 | best=0.001240@110 | patience=0/30 | time=8.31s *
[2026-04-27 01:47:39] epoch  111/300 | train=0.001069 | val=0.001237 | best=0.001237@111 | patience=0/30 | time=8.16s *
[2026-04-27 01:47:47] epoch  112/300 | train=0.001069 | val=0.001288 | best=0.001237@111 | patience=1/30 | time=8.07s
[2026-04-27 01:47:55] epoch  113/300 | train=0.001093 | val=0.001254 | best=0.001237@111 | patience=2/30 | time=8.32s
[2026-04-27 01:48:04] epoch  114/300 | train=0.001078 | val=0.001254 | best=0.001237@111 | patience=3/30 | time=8.16s
[2026-04-27 01:48:12] epoch  115/300 | train=0.001064 | val=0.001234 | best=0.001234@115 | patience=0/30 | time=8.04s *
[2026-04-27 01:48:21] epoch  116/300 | train=0.001060 | val=0.001242 | best=0.001234@115 | patience=1/30 | time=8.39s
[2026-04-27 01:48:29] epoch  117/300 | train=0.001052 | val=0.001288 | best=0.001234@115 | patience=2/30 | time=8.17s
[2026-04-27 01:48:37] epoch  118/300 | train=0.001065 | val=0.001238 | best=0.001234@115 | patience=3/30 | time=8.05s
[2026-04-27 01:48:46] epoch  119/300 | train=0.001044 | val=0.001227 | best=0.001227@119 | patience=0/30 | time=8.25s *
[2026-04-27 01:48:54] epoch  120/300 | train=0.001043 | val=0.001232 | best=0.001227@119 | patience=1/30 | time=8.14s
[2026-04-27 01:49:02] epoch  121/300 | train=0.001036 | val=0.001227 | best=0.001227@119 | patience=2/30 | time=8.05s
[2026-04-27 01:49:11] epoch  122/300 | train=0.001046 | val=0.001240 | best=0.001227@119 | patience=3/30 | time=8.25s
[2026-04-27 01:49:19] epoch  123/300 | train=0.001032 | val=0.001223 | best=0.001223@123 | patience=0/30 | time=8.02s *
[2026-04-27 01:49:28] epoch  124/300 | train=0.001015 | val=0.001209 | best=0.001209@124 | patience=0/30 | time=8.24s *
[2026-04-27 01:49:36] epoch  125/300 | train=0.001009 | val=0.001233 | best=0.001209@124 | patience=1/30 | time=8.25s
[2026-04-27 01:49:44] epoch  126/300 | train=0.001023 | val=0.001214 | best=0.001209@124 | patience=2/30 | time=8.03s
[2026-04-27 01:49:53] epoch  127/300 | train=0.000999 | val=0.001219 | best=0.001209@124 | patience=3/30 | time=8.23s
[2026-04-27 01:50:01] epoch  128/300 | train=0.000996 | val=0.001376 | best=0.001209@124 | patience=4/30 | time=8.26s
[2026-04-27 01:50:09] epoch  129/300 | train=0.001093 | val=0.001267 | best=0.001209@124 | patience=5/30 | time=8.03s
[2026-04-27 01:50:18] epoch  130/300 | train=0.001035 | val=0.001218 | best=0.001209@124 | patience=6/30 | time=8.19s
[2026-04-27 01:50:26] epoch  131/300 | train=0.000996 | val=0.001200 | best=0.001200@131 | patience=0/30 | time=8.34s *
[2026-04-27 01:50:35] epoch  132/300 | train=0.000981 | val=0.001207 | best=0.001200@131 | patience=1/30 | time=8.02s
[2026-04-27 01:50:44] epoch  133/300 | train=0.000978 | val=0.001196 | best=0.001196@133 | patience=0/30 | time=8.23s *
[2026-04-27 01:50:52] epoch  134/300 | train=0.000976 | val=0.001211 | best=0.001196@133 | patience=1/30 | time=8.31s
[2026-04-27 01:51:00] epoch  135/300 | train=0.000986 | val=0.001210 | best=0.001196@133 | patience=2/30 | time=8.04s
[2026-04-27 01:51:09] epoch  136/300 | train=0.000969 | val=0.001213 | best=0.001196@133 | patience=3/30 | time=8.22s
[2026-04-27 01:51:17] epoch  137/300 | train=0.000967 | val=0.001197 | best=0.001196@133 | patience=4/30 | time=8.00s
[2026-04-27 01:51:25] epoch  138/300 | train=0.000963 | val=0.001203 | best=0.001196@133 | patience=5/30 | time=8.02s
[2026-04-27 01:51:34] epoch  139/300 | train=0.000954 | val=0.001213 | best=0.001196@133 | patience=6/30 | time=8.21s
[2026-04-27 01:51:42] epoch  140/300 | train=0.000965 | val=0.001197 | best=0.001196@133 | patience=7/30 | time=8.00s
[2026-04-27 01:51:50] epoch  141/300 | train=0.000956 | val=0.001258 | best=0.001196@133 | patience=8/30 | time=8.31s
[2026-04-27 01:51:59] epoch  142/300 | train=0.000985 | val=0.001253 | best=0.001196@133 | patience=9/30 | time=8.20s
[2026-04-27 01:52:07] epoch  143/300 | train=0.000984 | val=0.001214 | best=0.001196@133 | patience=10/30 | time=8.00s
[2026-04-27 01:52:15] epoch  144/300 | train=0.000959 | val=0.001227 | best=0.001196@133 | patience=11/30 | time=8.30s
[2026-04-27 01:52:23] epoch  145/300 | train=0.000956 | val=0.001200 | best=0.001196@133 | patience=12/30 | time=8.12s
[2026-04-27 01:52:32] epoch  146/300 | train=0.000952 | val=0.001223 | best=0.001196@133 | patience=13/30 | time=8.08s
[2026-04-27 01:52:40] epoch  147/300 | train=0.000960 | val=0.001210 | best=0.001196@133 | patience=14/30 | time=8.31s
[2026-04-27 01:52:48] epoch  148/300 | train=0.000945 | val=0.001207 | best=0.001196@133 | patience=15/30 | time=8.13s
[2026-04-27 01:52:57] epoch  149/300 | train=0.000942 | val=0.001191 | best=0.001191@149 | patience=0/30 | time=8.05s *
[2026-04-27 01:53:05] epoch  150/300 | train=0.000923 | val=0.001192 | best=0.001191@149 | patience=1/30 | time=8.31s
[2026-04-27 01:53:14] epoch  151/300 | train=0.000911 | val=0.001202 | best=0.001191@149 | patience=2/30 | time=8.13s
[2026-04-27 01:53:22] epoch  152/300 | train=0.000918 | val=0.001193 | best=0.001191@149 | patience=3/30 | time=8.05s
[2026-04-27 01:53:30] epoch  153/300 | train=0.000907 | val=0.001208 | best=0.001191@149 | patience=4/30 | time=8.33s
[2026-04-27 01:53:39] epoch  154/300 | train=0.000908 | val=0.001183 | best=0.001183@154 | patience=0/30 | time=8.17s *
[2026-04-27 01:53:47] epoch  155/300 | train=0.000898 | val=0.001173 | best=0.001173@155 | patience=0/30 | time=8.04s *
[2026-04-27 01:53:56] epoch  156/300 | train=0.000881 | val=0.001185 | best=0.001173@155 | patience=1/30 | time=8.38s
[2026-04-27 01:54:04] epoch  157/300 | train=0.000894 | val=0.001246 | best=0.001173@155 | patience=2/30 | time=8.17s
[2026-04-27 01:54:12] epoch  158/300 | train=0.000908 | val=0.001185 | best=0.001173@155 | patience=3/30 | time=8.04s
[2026-04-27 01:54:21] epoch  159/300 | train=0.000890 | val=0.001202 | best=0.001173@155 | patience=4/30 | time=8.31s
[2026-04-27 01:54:29] epoch  160/300 | train=0.000898 | val=0.001194 | best=0.001173@155 | patience=5/30 | time=8.25s
[2026-04-27 01:54:37] epoch  161/300 | train=0.000896 | val=0.001192 | best=0.001173@155 | patience=6/30 | time=8.04s
[2026-04-27 01:54:46] epoch  162/300 | train=0.000881 | val=0.001186 | best=0.001173@155 | patience=7/30 | time=8.32s
[2026-04-27 01:54:54] epoch  163/300 | train=0.000873 | val=0.001209 | best=0.001173@155 | patience=8/30 | time=8.02s
[2026-04-27 01:55:02] epoch  164/300 | train=0.000884 | val=0.001186 | best=0.001173@155 | patience=9/30 | time=8.27s
[2026-04-27 01:55:11] epoch  165/300 | train=0.000882 | val=0.001198 | best=0.001173@155 | patience=10/30 | time=8.32s
[2026-04-27 01:55:19] epoch  166/300 | train=0.000877 | val=0.001207 | best=0.001173@155 | patience=11/30 | time=8.03s
[2026-04-27 01:55:27] epoch  167/300 | train=0.000884 | val=0.001231 | best=0.001173@155 | patience=12/30 | time=8.22s
[2026-04-27 01:55:36] epoch  168/300 | train=0.000882 | val=0.001208 | best=0.001173@155 | patience=13/30 | time=8.29s
[2026-04-27 01:55:44] epoch  169/300 | train=0.000878 | val=0.001201 | best=0.001173@155 | patience=14/30 | time=8.02s
[2026-04-27 01:55:52] epoch  170/300 | train=0.000868 | val=0.001191 | best=0.001173@155 | patience=15/30 | time=8.19s
[2026-04-27 01:56:00] epoch  171/300 | train=0.000873 | val=0.001191 | best=0.001173@155 | patience=16/30 | time=8.00s
[2026-04-27 01:56:09] epoch  172/300 | train=0.000871 | val=0.001194 | best=0.001173@155 | patience=17/30 | time=8.30s
[2026-04-27 01:56:17] epoch  173/300 | train=0.000854 | val=0.001189 | best=0.001173@155 | patience=18/30 | time=8.23s
[2026-04-27 01:56:25] epoch  174/300 | train=0.000839 | val=0.001190 | best=0.001173@155 | patience=19/30 | time=8.01s
[2026-04-27 01:56:34] epoch  175/300 | train=0.000850 | val=0.001224 | best=0.001173@155 | patience=20/30 | time=8.37s
[2026-04-27 01:56:42] epoch  176/300 | train=0.000880 | val=0.001199 | best=0.001173@155 | patience=21/30 | time=8.23s
[2026-04-27 01:56:51] epoch  177/300 | train=0.000854 | val=0.001192 | best=0.001173@155 | patience=22/30 | time=8.00s
[2026-04-27 01:56:59] epoch  178/300 | train=0.000838 | val=0.001178 | best=0.001173@155 | patience=23/30 | time=8.31s
[2026-04-27 01:57:08] epoch  179/300 | train=0.000837 | val=0.001184 | best=0.001173@155 | patience=24/30 | time=8.24s
[2026-04-27 01:57:16] epoch  180/300 | train=0.000818 | val=0.001171 | best=0.001171@180 | patience=0/30 | time=8.00s *
[2026-04-27 01:57:25] epoch  181/300 | train=0.000827 | val=0.001184 | best=0.001171@180 | patience=1/30 | time=8.32s
[2026-04-27 01:57:33] epoch  182/300 | train=0.000825 | val=0.001189 | best=0.001171@180 | patience=2/30 | time=8.12s
[2026-04-27 01:57:41] epoch  183/300 | train=0.000814 | val=0.001178 | best=0.001171@180 | patience=3/30 | time=8.07s
[2026-04-27 01:57:50] epoch  184/300 | train=0.000810 | val=0.001178 | best=0.001171@180 | patience=4/30 | time=8.30s
[2026-04-27 01:57:58] epoch  185/300 | train=0.000804 | val=0.001180 | best=0.001171@180 | patience=5/30 | time=8.16s
[2026-04-27 01:58:06] epoch  186/300 | train=0.000795 | val=0.001177 | best=0.001171@180 | patience=6/30 | time=8.05s
[2026-04-27 01:58:15] epoch  187/300 | train=0.000793 | val=0.001213 | best=0.001171@180 | patience=7/30 | time=8.34s
[2026-04-27 01:58:23] epoch  188/300 | train=0.000807 | val=0.001180 | best=0.001171@180 | patience=8/30 | time=8.17s
[2026-04-27 01:58:31] epoch  189/300 | train=0.000791 | val=0.001181 | best=0.001171@180 | patience=9/30 | time=8.05s
[2026-04-27 01:58:39] epoch  190/300 | train=0.000789 | val=0.001182 | best=0.001171@180 | patience=10/30 | time=8.25s
[2026-04-27 01:58:48] epoch  191/300 | train=0.000784 | val=0.001183 | best=0.001171@180 | patience=11/30 | time=8.19s
[2026-04-27 01:58:56] epoch  192/300 | train=0.000776 | val=0.001200 | best=0.001171@180 | patience=12/30 | time=8.05s
[2026-04-27 01:59:04] epoch  193/300 | train=0.000777 | val=0.001177 | best=0.001171@180 | patience=13/30 | time=8.32s
[2026-04-27 01:59:13] epoch  194/300 | train=0.000773 | val=0.001172 | best=0.001171@180 | patience=14/30 | time=8.02s
[2026-04-27 01:59:21] epoch  195/300 | train=0.000779 | val=0.001229 | best=0.001171@180 | patience=15/30 | time=8.23s
[2026-04-27 01:59:29] epoch  196/300 | train=0.000802 | val=0.001190 | best=0.001171@180 | patience=16/30 | time=8.25s
[2026-04-27 01:59:37] epoch  197/300 | train=0.000777 | val=0.001186 | best=0.001171@180 | patience=17/30 | time=8.03s
[2026-04-27 01:59:46] epoch  198/300 | train=0.000771 | val=0.001183 | best=0.001171@180 | patience=18/30 | time=8.19s
[2026-04-27 01:59:54] epoch  199/300 | train=0.000778 | val=0.001206 | best=0.001171@180 | patience=19/30 | time=8.35s
[2026-04-27 02:00:02] epoch  200/300 | train=0.000772 | val=0.001192 | best=0.001171@180 | patience=20/30 | time=8.02s
[2026-04-27 02:00:11] epoch  201/300 | train=0.000763 | val=0.001181 | best=0.001171@180 | patience=21/30 | time=8.22s
[2026-04-27 02:00:19] epoch  202/300 | train=0.000759 | val=0.001190 | best=0.001171@180 | patience=22/30 | time=8.00s
[2026-04-27 02:00:27] epoch  203/300 | train=0.000770 | val=0.001201 | best=0.001171@180 | patience=23/30 | time=8.36s
[2026-04-27 02:00:36] epoch  204/300 | train=0.000758 | val=0.001176 | best=0.001171@180 | patience=24/30 | time=8.19s
[2026-04-27 02:00:44] epoch  205/300 | train=0.000742 | val=0.001190 | best=0.001171@180 | patience=25/30 | time=8.00s
[2026-04-27 02:00:52] epoch  206/300 | train=0.000749 | val=0.001198 | best=0.001171@180 | patience=26/30 | time=8.30s
[2026-04-27 02:01:01] epoch  207/300 | train=0.000749 | val=0.001276 | best=0.001171@180 | patience=27/30 | time=8.23s
[2026-04-27 02:01:09] epoch  208/300 | train=0.000796 | val=0.001226 | best=0.001171@180 | patience=28/30 | time=8.00s
[2026-04-27 02:01:17] epoch  209/300 | train=0.000771 | val=0.001194 | best=0.001171@180 | patience=29/30 | time=8.31s
[2026-04-27 02:01:26] epoch  210/300 | train=0.000749 | val=0.001168 | best=0.001168@210 | patience=0/30 | time=8.17s *
[2026-04-27 02:01:34] epoch  211/300 | train=0.000737 | val=0.001187 | best=0.001168@210 | patience=1/30 | time=8.08s
[2026-04-27 02:01:43] epoch  212/300 | train=0.000732 | val=0.001179 | best=0.001168@210 | patience=2/30 | time=8.36s
[2026-04-27 02:01:51] epoch  213/300 | train=0.000726 | val=0.001195 | best=0.001168@210 | patience=3/30 | time=8.16s
[2026-04-27 02:01:59] epoch  214/300 | train=0.000728 | val=0.001172 | best=0.001168@210 | patience=4/30 | time=8.05s
[2026-04-27 02:02:08] epoch  215/300 | train=0.000716 | val=0.001194 | best=0.001168@210 | patience=5/30 | time=8.32s
[2026-04-27 02:02:16] epoch  216/300 | train=0.000723 | val=0.001173 | best=0.001168@210 | patience=6/30 | time=8.16s
[2026-04-27 02:02:24] epoch  217/300 | train=0.000714 | val=0.001169 | best=0.001168@210 | patience=7/30 | time=8.05s
[2026-04-27 02:02:33] epoch  218/300 | train=0.000703 | val=0.001175 | best=0.001168@210 | patience=8/30 | time=8.39s
[2026-04-27 02:02:41] epoch  219/300 | train=0.000721 | val=0.001199 | best=0.001168@210 | patience=9/30 | time=8.13s
[2026-04-27 02:02:50] epoch  220/300 | train=0.000726 | val=0.001198 | best=0.001168@210 | patience=10/30 | time=8.03s
[2026-04-27 02:02:58] epoch  221/300 | train=0.000731 | val=0.001187 | best=0.001168@210 | patience=11/30 | time=8.31s
[2026-04-27 02:03:07] epoch  222/300 | train=0.000717 | val=0.001178 | best=0.001168@210 | patience=12/30 | time=8.13s
[2026-04-27 02:03:15] epoch  223/300 | train=0.000705 | val=0.001179 | best=0.001168@210 | patience=13/30 | time=8.05s
[2026-04-27 02:03:23] epoch  224/300 | train=0.000696 | val=0.001196 | best=0.001168@210 | patience=14/30 | time=8.26s
[2026-04-27 02:03:31] epoch  225/300 | train=0.000705 | val=0.001191 | best=0.001168@210 | patience=15/30 | time=8.02s
[2026-04-27 02:03:40] epoch  226/300 | train=0.000701 | val=0.001191 | best=0.001168@210 | patience=16/30 | time=8.24s
[2026-04-27 02:03:48] epoch  227/300 | train=0.000708 | val=0.001215 | best=0.001168@210 | patience=17/30 | time=8.26s
[2026-04-27 02:03:56] epoch  228/300 | train=0.000710 | val=0.001179 | best=0.001168@210 | patience=18/30 | time=8.02s
[2026-04-27 02:04:05] epoch  229/300 | train=0.000682 | val=0.001174 | best=0.001168@210 | patience=19/30 | time=8.21s
[2026-04-27 02:04:13] epoch  230/300 | train=0.000678 | val=0.001161 | best=0.001161@230 | patience=0/30 | time=8.27s *
[2026-04-27 02:04:22] epoch  231/300 | train=0.000671 | val=0.001205 | best=0.001161@230 | patience=1/30 | time=8.02s
[2026-04-27 02:04:30] epoch  232/300 | train=0.000676 | val=0.001186 | best=0.001161@230 | patience=2/30 | time=8.18s
[2026-04-27 02:04:38] epoch  233/300 | train=0.000674 | val=0.001180 | best=0.001161@230 | patience=3/30 | time=8.00s
[2026-04-27 02:04:46] epoch  234/300 | train=0.000670 | val=0.001183 | best=0.001161@230 | patience=4/30 | time=8.37s
[2026-04-27 02:04:55] epoch  235/300 | train=0.000665 | val=0.001182 | best=0.001161@230 | patience=5/30 | time=8.24s
[2026-04-27 02:05:03] epoch  236/300 | train=0.000656 | val=0.001172 | best=0.001161@230 | patience=6/30 | time=8.00s
[2026-04-27 02:05:12] epoch  237/300 | train=0.000654 | val=0.001185 | best=0.001161@230 | patience=7/30 | time=8.36s
[2026-04-27 02:05:20] epoch  238/300 | train=0.000657 | val=0.001195 | best=0.001161@230 | patience=8/30 | time=8.24s
[2026-04-27 02:05:28] epoch  239/300 | train=0.000674 | val=0.001193 | best=0.001161@230 | patience=9/30 | time=8.00s
[2026-04-27 02:05:37] epoch  240/300 | train=0.000665 | val=0.001195 | best=0.001161@230 | patience=10/30 | time=8.33s
[2026-04-27 02:05:45] epoch  241/300 | train=0.000661 | val=0.001185 | best=0.001161@230 | patience=11/30 | time=8.16s
[2026-04-27 02:05:53] epoch  242/300 | train=0.000655 | val=0.001183 | best=0.001161@230 | patience=12/30 | time=8.00s
[2026-04-27 02:06:02] epoch  243/300 | train=0.000656 | val=0.001191 | best=0.001161@230 | patience=13/30 | time=8.36s
[2026-04-27 02:06:10] epoch  244/300 | train=0.000664 | val=0.001203 | best=0.001161@230 | patience=14/30 | time=8.11s
[2026-04-27 02:06:18] epoch  245/300 | train=0.000665 | val=0.001215 | best=0.001161@230 | patience=15/30 | time=8.05s
[2026-04-27 02:06:27] epoch  246/300 | train=0.000668 | val=0.001210 | best=0.001161@230 | patience=16/30 | time=8.30s
[2026-04-27 02:06:35] epoch  247/300 | train=0.000664 | val=0.001179 | best=0.001161@230 | patience=17/30 | time=8.13s
[2026-04-27 02:06:44] epoch  248/300 | train=0.000648 | val=0.001205 | best=0.001161@230 | patience=18/30 | time=8.05s
[2026-04-27 02:06:52] epoch  249/300 | train=0.000642 | val=0.001185 | best=0.001161@230 | patience=19/30 | time=8.35s
[2026-04-27 02:07:00] epoch  250/300 | train=0.000634 | val=0.001175 | best=0.001161@230 | patience=20/30 | time=8.12s
[2026-04-27 02:07:09] epoch  251/300 | train=0.000633 | val=0.001172 | best=0.001161@230 | patience=21/30 | time=8.04s
[2026-04-27 02:07:17] epoch  252/300 | train=0.000629 | val=0.001203 | best=0.001161@230 | patience=22/30 | time=8.25s
[2026-04-27 02:07:25] epoch  253/300 | train=0.000638 | val=0.001180 | best=0.001161@230 | patience=23/30 | time=8.24s
[2026-04-27 02:07:34] epoch  254/300 | train=0.000628 | val=0.001187 | best=0.001161@230 | patience=24/30 | time=8.05s
[2026-04-27 02:07:42] epoch  255/300 | train=0.000637 | val=0.001183 | best=0.001161@230 | patience=25/30 | time=8.25s
[2026-04-27 02:07:50] epoch  256/300 | train=0.000634 | val=0.001189 | best=0.001161@230 | patience=26/30 | time=8.02s
[2026-04-27 02:07:59] epoch  257/300 | train=0.000630 | val=0.001174 | best=0.001161@230 | patience=27/30 | time=8.27s
[2026-04-27 02:08:07] epoch  258/300 | train=0.000622 | val=0.001188 | best=0.001161@230 | patience=28/30 | time=8.26s
[2026-04-27 02:08:15] epoch  259/300 | train=0.000618 | val=0.001219 | best=0.001161@230 | patience=29/30 | time=8.02s
[2026-04-27 02:08:24] epoch  260/300 | train=0.000643 | val=0.001187 | best=0.001161@230 | patience=30/30 | time=8.23s
[2026-04-27 02:08:24]   early stopping at epoch 260 (no improvement for 30 epochs)
[2026-04-27 02:08:24] Training done: stop_reason=early_stop, total_epochs=260, best_epoch=230, best_val=0.001161
[2026-04-27 02:08:24] Reloading best checkpoint (epoch 230) for evaluation
[2026-04-27 02:08:40] ------------------------------------------------------------
[2026-04-27 02:08:40] Evaluation:
[2026-04-27 02:08:40]   AUC broken_lcfs         : 0.5955
[2026-04-27 02:08:40]   AUC bad_black_core      : 0.9955
[2026-04-27 02:08:40]   AUC bad_nonconverged    : 0.9980
[2026-04-27 02:08:40]   objective      : 0.8362
[2026-04-27 02:08:40]   floor_ok       : True
[2026-04-27 02:08:40]   threshold      : 0.1411
[2026-04-27 02:08:40]   mu / sigma     : 0.000668084 / 0.000184526
[2026-04-27 02:08:40] Train time=2540.8s, eval time=15.4s
