[2026-04-27 00:02:08] ============================================================
[2026-04-27 00:02:08] Trial 5 starting on cuda:0
[2026-04-27 00:02:08] Timestamp: 2026-04-27T00:02:08.020858
[2026-04-27 00:02:08] --- Config summary ---
  bottleneck_dim  : 97
  n_enc_layers    : 5
  n_dec_layers    : 5
  base_channels   : 56
  growth_factor   : 1.6596472481597233
  use_batchnorm   : True
  use_hpf         : True
  hpf_sigma       : 1.4046702386707033
  lr              : 0.0003029992506401183
  batch_size      : 64
  max_epochs      : 300
  patience        : 30
  seed            : 42
  deterministic   : False
  trial_num       : 5
[2026-04-27 00:02:08] Loading train/val/selection splits...
[2026-04-27 00:03:12] Splits loaded in 64.3s: n_train=722, n_val=120, n_selection=405
[2026-04-27 00:03:13] --- Architecture summary ---
  channels per enc layer : [56, 93, 154, 256, 425]
  final spatial size     : 8x8
  flat size before latent: 27200
  bottleneck_dim         : 97
  total parameters       : 20,107,399
[2026-04-27 00:03:13] Starting training: n_train=722, n_val=120, device=cuda:0
[2026-04-27 00:08:41] epoch    1/300 | train=0.006971 | val=0.007075 | best=0.007075@1 | patience=0/30 | time=328.17s *
[2026-04-27 00:08:49] epoch    2/300 | train=0.003965 | val=0.005318 | best=0.005318@2 | patience=0/30 | time=7.57s *
[2026-04-27 00:08:57] epoch    3/300 | train=0.003695 | val=0.004286 | best=0.004286@3 | patience=0/30 | time=7.64s *
[2026-04-27 00:09:05] epoch    4/300 | train=0.003428 | val=0.004420 | best=0.004286@3 | patience=1/30 | time=7.48s
[2026-04-27 00:09:13] epoch    5/300 | train=0.003188 | val=0.004081 | best=0.004081@5 | patience=0/30 | time=7.87s *
[2026-04-27 00:09:21] epoch    6/300 | train=0.002821 | val=0.003092 | best=0.003092@6 | patience=0/30 | time=7.65s *
[2026-04-27 00:09:29] epoch    7/300 | train=0.002604 | val=0.002571 | best=0.002571@7 | patience=0/30 | time=7.40s *
[2026-04-27 00:09:37] epoch    8/300 | train=0.002336 | val=0.002331 | best=0.002331@8 | patience=0/30 | time=7.52s *
[2026-04-27 00:09:45] epoch    9/300 | train=0.002176 | val=0.002119 | best=0.002119@9 | patience=0/30 | time=7.47s *
[2026-04-27 00:09:54] epoch   10/300 | train=0.002035 | val=0.002006 | best=0.002006@10 | patience=0/30 | time=7.49s *
[2026-04-27 00:10:02] epoch   11/300 | train=0.002005 | val=0.001961 | best=0.001961@11 | patience=0/30 | time=7.55s *
[2026-04-27 00:10:10] epoch   12/300 | train=0.001962 | val=0.001975 | best=0.001961@11 | patience=1/30 | time=7.47s
[2026-04-27 00:10:17] epoch   13/300 | train=0.001948 | val=0.001965 | best=0.001961@11 | patience=2/30 | time=7.62s
[2026-04-27 00:10:25] epoch   14/300 | train=0.001940 | val=0.001900 | best=0.001900@14 | patience=0/30 | time=7.41s *
[2026-04-27 00:10:33] epoch   15/300 | train=0.001890 | val=0.001865 | best=0.001865@15 | patience=0/30 | time=7.42s *
[2026-04-27 00:10:41] epoch   16/300 | train=0.001908 | val=0.001895 | best=0.001865@15 | patience=1/30 | time=7.63s
[2026-04-27 00:10:49] epoch   17/300 | train=0.001858 | val=0.001868 | best=0.001865@15 | patience=2/30 | time=7.43s
[2026-04-27 00:10:56] epoch   18/300 | train=0.001855 | val=0.001871 | best=0.001865@15 | patience=3/30 | time=7.57s
[2026-04-27 00:11:04] epoch   19/300 | train=0.001873 | val=0.001840 | best=0.001840@19 | patience=0/30 | time=7.67s *
[2026-04-27 00:11:12] epoch   20/300 | train=0.001845 | val=0.001847 | best=0.001840@19 | patience=1/30 | time=7.44s
[2026-04-27 00:11:20] epoch   21/300 | train=0.001841 | val=0.001836 | best=0.001836@21 | patience=0/30 | time=7.51s *
[2026-04-27 00:11:28] epoch   22/300 | train=0.001822 | val=0.001814 | best=0.001814@22 | patience=0/30 | time=7.63s *
[2026-04-27 00:11:36] epoch   23/300 | train=0.001815 | val=0.001823 | best=0.001814@22 | patience=1/30 | time=7.40s
[2026-04-27 00:11:44] epoch   24/300 | train=0.001809 | val=0.001806 | best=0.001806@24 | patience=0/30 | time=7.51s *
[2026-04-27 00:11:51] epoch   25/300 | train=0.001822 | val=0.001857 | best=0.001806@24 | patience=1/30 | time=7.41s
[2026-04-27 00:11:59] epoch   26/300 | train=0.001840 | val=0.001864 | best=0.001806@24 | patience=2/30 | time=7.45s
[2026-04-27 00:12:06] epoch   27/300 | train=0.001841 | val=0.001830 | best=0.001806@24 | patience=3/30 | time=7.41s
[2026-04-27 00:12:14] epoch   28/300 | train=0.001815 | val=0.001824 | best=0.001806@24 | patience=4/30 | time=7.52s
[2026-04-27 00:12:22] epoch   29/300 | train=0.001815 | val=0.001857 | best=0.001806@24 | patience=5/30 | time=7.44s
[2026-04-27 00:12:29] epoch   30/300 | train=0.001820 | val=0.001825 | best=0.001806@24 | patience=6/30 | time=7.41s
[2026-04-27 00:12:37] epoch   31/300 | train=0.001810 | val=0.001808 | best=0.001806@24 | patience=7/30 | time=7.59s
[2026-04-27 00:12:45] epoch   32/300 | train=0.001800 | val=0.001794 | best=0.001794@32 | patience=0/30 | time=7.66s *
[2026-04-27 00:12:52] epoch   33/300 | train=0.001812 | val=0.001816 | best=0.001794@32 | patience=1/30 | time=7.40s
[2026-04-27 00:13:00] epoch   34/300 | train=0.001810 | val=0.001796 | best=0.001794@32 | patience=2/30 | time=7.52s
[2026-04-27 00:13:08] epoch   35/300 | train=0.001791 | val=0.001791 | best=0.001791@35 | patience=0/30 | time=7.48s *
[2026-04-27 00:13:16] epoch   36/300 | train=0.001791 | val=0.001839 | best=0.001791@35 | patience=1/30 | time=7.60s
[2026-04-27 00:13:24] epoch   37/300 | train=0.001791 | val=0.001780 | best=0.001780@37 | patience=0/30 | time=7.47s *
[2026-04-27 00:13:32] epoch   38/300 | train=0.001767 | val=0.001772 | best=0.001772@38 | patience=0/30 | time=7.47s *
[2026-04-27 00:13:40] epoch   39/300 | train=0.001768 | val=0.001850 | best=0.001772@38 | patience=1/30 | time=7.66s
[2026-04-27 00:13:48] epoch   40/300 | train=0.001809 | val=0.001798 | best=0.001772@38 | patience=2/30 | time=7.48s
[2026-04-27 00:13:56] epoch   41/300 | train=0.001763 | val=0.001872 | best=0.001772@38 | patience=3/30 | time=7.96s
[2026-04-27 00:14:04] epoch   42/300 | train=0.001751 | val=0.001750 | best=0.001750@42 | patience=0/30 | time=7.66s *
[2026-04-27 00:14:11] epoch   43/300 | train=0.001736 | val=0.001792 | best=0.001750@42 | patience=1/30 | time=7.40s
[2026-04-27 00:14:19] epoch   44/300 | train=0.001745 | val=0.001749 | best=0.001750@42 | patience=2/30 | time=7.60s
[2026-04-27 00:14:27] epoch   45/300 | train=0.001734 | val=0.002081 | best=0.001750@42 | patience=3/30 | time=7.44s
[2026-04-27 00:14:34] epoch   46/300 | train=0.001768 | val=0.001753 | best=0.001750@42 | patience=4/30 | time=7.47s
[2026-04-27 00:14:43] epoch   47/300 | train=0.001731 | val=0.001800 | best=0.001750@42 | patience=5/30 | time=7.96s
[2026-04-27 00:14:51] epoch   48/300 | train=0.001712 | val=0.001728 | best=0.001728@48 | patience=0/30 | time=7.47s *
[2026-04-27 00:14:59] epoch   49/300 | train=0.001713 | val=0.001836 | best=0.001728@48 | patience=1/30 | time=7.44s
[2026-04-27 00:15:06] epoch   50/300 | train=0.001727 | val=0.001777 | best=0.001728@48 | patience=2/30 | time=7.53s
[2026-04-27 00:15:14] epoch   51/300 | train=0.001695 | val=0.001770 | best=0.001728@48 | patience=3/30 | time=7.48s
[2026-04-27 00:15:22] epoch   52/300 | train=0.001679 | val=0.001753 | best=0.001728@48 | patience=4/30 | time=7.44s
[2026-04-27 00:15:29] epoch   53/300 | train=0.001752 | val=0.001853 | best=0.001728@48 | patience=5/30 | time=7.46s
[2026-04-27 00:15:37] epoch   54/300 | train=0.001698 | val=0.002042 | best=0.001728@48 | patience=6/30 | time=7.96s
[2026-04-27 00:15:45] epoch   55/300 | train=0.001671 | val=0.001720 | best=0.001720@55 | patience=0/30 | time=7.69s *
[2026-04-27 00:15:53] epoch   56/300 | train=0.001667 | val=0.001763 | best=0.001720@55 | patience=1/30 | time=7.40s
[2026-04-27 00:16:01] epoch   57/300 | train=0.001638 | val=0.001663 | best=0.001663@57 | patience=0/30 | time=7.63s *
[2026-04-27 00:16:09] epoch   58/300 | train=0.001636 | val=0.001728 | best=0.001663@57 | patience=1/30 | time=7.45s
[2026-04-27 00:16:16] epoch   59/300 | train=0.001642 | val=0.001726 | best=0.001663@57 | patience=2/30 | time=7.40s
[2026-04-27 00:16:24] epoch   60/300 | train=0.001675 | val=0.001674 | best=0.001663@57 | patience=3/30 | time=7.50s
[2026-04-27 00:16:31] epoch   61/300 | train=0.001651 | val=0.001688 | best=0.001663@57 | patience=4/30 | time=7.42s
[2026-04-27 00:16:39] epoch   62/300 | train=0.001643 | val=0.001689 | best=0.001663@57 | patience=5/30 | time=7.44s
[2026-04-27 00:16:47] epoch   63/300 | train=0.001629 | val=0.001624 | best=0.001624@63 | patience=0/30 | time=7.49s *
[2026-04-27 00:16:55] epoch   64/300 | train=0.001594 | val=0.001629 | best=0.001624@63 | patience=1/30 | time=7.96s
[2026-04-27 00:17:03] epoch   65/300 | train=0.001587 | val=0.001782 | best=0.001624@63 | patience=2/30 | time=7.44s
[2026-04-27 00:17:10] epoch   66/300 | train=0.001589 | val=0.001713 | best=0.001624@63 | patience=3/30 | time=7.42s
[2026-04-27 00:17:18] epoch   67/300 | train=0.001607 | val=0.001644 | best=0.001624@63 | patience=4/30 | time=7.55s
[2026-04-27 00:17:26] epoch   68/300 | train=0.001593 | val=0.001670 | best=0.001624@63 | patience=5/30 | time=7.44s
[2026-04-27 00:17:33] epoch   69/300 | train=0.001570 | val=0.001602 | best=0.001602@69 | patience=0/30 | time=7.40s *
[2026-04-27 00:17:41] epoch   70/300 | train=0.001567 | val=0.001597 | best=0.001597@70 | patience=0/30 | time=7.50s *
[2026-04-27 00:17:49] epoch   71/300 | train=0.001577 | val=0.001682 | best=0.001597@70 | patience=1/30 | time=7.48s
[2026-04-27 00:17:57] epoch   72/300 | train=0.001570 | val=0.001735 | best=0.001597@70 | patience=2/30 | time=7.63s
[2026-04-27 00:18:04] epoch   73/300 | train=0.001554 | val=0.001719 | best=0.001597@70 | patience=3/30 | time=7.46s
[2026-04-27 00:18:12] epoch   74/300 | train=0.001511 | val=0.001636 | best=0.001597@70 | patience=4/30 | time=7.47s
[2026-04-27 00:18:20] epoch   75/300 | train=0.001513 | val=0.001668 | best=0.001597@70 | patience=5/30 | time=7.66s
[2026-04-27 00:18:28] epoch   76/300 | train=0.001492 | val=0.001544 | best=0.001544@76 | patience=0/30 | time=7.46s *
[2026-04-27 00:18:36] epoch   77/300 | train=0.001498 | val=0.001589 | best=0.001544@76 | patience=1/30 | time=7.52s
[2026-04-27 00:18:43] epoch   78/300 | train=0.001529 | val=0.001802 | best=0.001544@76 | patience=2/30 | time=7.44s
[2026-04-27 00:18:51] epoch   79/300 | train=0.001525 | val=0.001570 | best=0.001544@76 | patience=3/30 | time=7.46s
[2026-04-27 00:18:59] epoch   80/300 | train=0.001468 | val=0.001590 | best=0.001544@76 | patience=4/30 | time=7.98s
[2026-04-27 00:19:07] epoch   81/300 | train=0.001496 | val=0.001552 | best=0.001544@76 | patience=5/30 | time=7.48s
[2026-04-27 00:19:14] epoch   82/300 | train=0.001498 | val=0.001792 | best=0.001544@76 | patience=6/30 | time=7.50s
[2026-04-27 00:19:23] epoch   83/300 | train=0.001467 | val=0.001537 | best=0.001537@83 | patience=0/30 | time=7.95s *
[2026-04-27 00:19:30] epoch   84/300 | train=0.001448 | val=0.001734 | best=0.001537@83 | patience=1/30 | time=7.50s
[2026-04-27 00:19:39] epoch   85/300 | train=0.001477 | val=0.001709 | best=0.001537@83 | patience=2/30 | time=7.44s
[2026-04-27 00:19:47] epoch   86/300 | train=0.001457 | val=0.001513 | best=0.001513@86 | patience=0/30 | time=7.48s *
[2026-04-27 00:19:55] epoch   87/300 | train=0.001445 | val=0.001487 | best=0.001487@87 | patience=0/30 | time=7.54s *
[2026-04-27 00:20:02] epoch   88/300 | train=0.001413 | val=0.001583 | best=0.001487@87 | patience=1/30 | time=7.44s
[2026-04-27 00:20:10] epoch   89/300 | train=0.001450 | val=0.001477 | best=0.001477@89 | patience=0/30 | time=7.41s *
[2026-04-27 00:20:18] epoch   90/300 | train=0.001398 | val=0.001482 | best=0.001477@89 | patience=1/30 | time=7.59s
[2026-04-27 00:20:25] epoch   91/300 | train=0.001390 | val=0.001496 | best=0.001477@89 | patience=2/30 | time=7.44s
[2026-04-27 00:20:33] epoch   92/300 | train=0.001393 | val=0.001461 | best=0.001461@92 | patience=0/30 | time=7.44s *
[2026-04-27 00:20:41] epoch   93/300 | train=0.001408 | val=0.001730 | best=0.001461@92 | patience=1/30 | time=7.96s
[2026-04-27 00:20:49] epoch   94/300 | train=0.001407 | val=0.001900 | best=0.001461@92 | patience=2/30 | time=7.44s
[2026-04-27 00:20:57] epoch   95/300 | train=0.001376 | val=0.001471 | best=0.001461@92 | patience=3/30 | time=7.45s
[2026-04-27 00:21:05] epoch   96/300 | train=0.001358 | val=0.001504 | best=0.001461@92 | patience=4/30 | time=7.98s
[2026-04-27 00:21:12] epoch   97/300 | train=0.001353 | val=0.001554 | best=0.001461@92 | patience=5/30 | time=7.48s
[2026-04-27 00:21:21] epoch   98/300 | train=0.001330 | val=0.001439 | best=0.001439@98 | patience=0/30 | time=7.73s *
[2026-04-27 00:21:28] epoch   99/300 | train=0.001330 | val=0.001438 | best=0.001439@98 | patience=1/30 | time=7.49s
[2026-04-27 00:21:36] epoch  100/300 | train=0.001330 | val=0.001496 | best=0.001439@98 | patience=2/30 | time=7.48s
[2026-04-27 00:21:44] epoch  101/300 | train=0.001334 | val=0.001451 | best=0.001439@98 | patience=3/30 | time=7.44s
[2026-04-27 00:21:52] epoch  102/300 | train=0.001331 | val=0.001414 | best=0.001414@102 | patience=0/30 | time=7.45s *
[2026-04-27 00:22:00] epoch  103/300 | train=0.001314 | val=0.001413 | best=0.001413@103 | patience=0/30 | time=7.90s *
[2026-04-27 00:22:08] epoch  104/300 | train=0.001281 | val=0.001452 | best=0.001413@103 | patience=1/30 | time=7.44s
[2026-04-27 00:22:15] epoch  105/300 | train=0.001270 | val=0.001418 | best=0.001413@103 | patience=2/30 | time=7.45s
[2026-04-27 00:22:23] epoch  106/300 | train=0.001268 | val=0.001483 | best=0.001413@103 | patience=3/30 | time=7.50s
[2026-04-27 00:22:31] epoch  107/300 | train=0.001271 | val=0.001616 | best=0.001413@103 | patience=4/30 | time=7.48s
[2026-04-27 00:22:38] epoch  108/300 | train=0.001270 | val=0.001569 | best=0.001413@103 | patience=5/30 | time=7.68s
[2026-04-27 00:22:46] epoch  109/300 | train=0.001275 | val=0.001468 | best=0.001413@103 | patience=6/30 | time=7.53s
[2026-04-27 00:22:54] epoch  110/300 | train=0.001286 | val=0.001399 | best=0.001399@110 | patience=0/30 | time=7.48s *
[2026-04-27 00:23:02] epoch  111/300 | train=0.001252 | val=0.001410 | best=0.001399@110 | patience=1/30 | time=7.73s
[2026-04-27 00:23:10] epoch  112/300 | train=0.001232 | val=0.001371 | best=0.001371@112 | patience=0/30 | time=7.50s *
[2026-04-27 00:23:18] epoch  113/300 | train=0.001225 | val=0.001364 | best=0.001364@113 | patience=0/30 | time=8.05s *
[2026-04-27 00:23:26] epoch  114/300 | train=0.001224 | val=0.001401 | best=0.001364@113 | patience=1/30 | time=7.69s
[2026-04-27 00:23:34] epoch  115/300 | train=0.001223 | val=0.001423 | best=0.001364@113 | patience=2/30 | time=7.44s
[2026-04-27 00:23:41] epoch  116/300 | train=0.001244 | val=0.001416 | best=0.001364@113 | patience=3/30 | time=7.59s
[2026-04-27 00:23:49] epoch  117/300 | train=0.001241 | val=0.001412 | best=0.001364@113 | patience=4/30 | time=7.65s
[2026-04-27 00:23:57] epoch  118/300 | train=0.001221 | val=0.001413 | best=0.001364@113 | patience=5/30 | time=7.40s
[2026-04-27 00:24:04] epoch  119/300 | train=0.001199 | val=0.001405 | best=0.001364@113 | patience=6/30 | time=7.52s
[2026-04-27 00:24:12] epoch  120/300 | train=0.001181 | val=0.001344 | best=0.001344@120 | patience=0/30 | time=7.49s *
[2026-04-27 00:24:20] epoch  121/300 | train=0.001174 | val=0.001476 | best=0.001344@120 | patience=1/30 | time=7.75s
[2026-04-27 00:24:28] epoch  122/300 | train=0.001206 | val=0.001375 | best=0.001344@120 | patience=2/30 | time=7.87s
[2026-04-27 00:24:36] epoch  123/300 | train=0.001185 | val=0.001376 | best=0.001344@120 | patience=3/30 | time=7.42s
[2026-04-27 00:24:45] epoch  124/300 | train=0.001154 | val=0.001328 | best=0.001328@124 | patience=0/30 | time=7.65s *
[2026-04-27 00:24:52] epoch  125/300 | train=0.001142 | val=0.001399 | best=0.001328@124 | patience=1/30 | time=7.42s
[2026-04-27 00:25:00] epoch  126/300 | train=0.001140 | val=0.001339 | best=0.001328@124 | patience=2/30 | time=7.60s
[2026-04-27 00:25:08] epoch  127/300 | train=0.001115 | val=0.001331 | best=0.001328@124 | patience=3/30 | time=7.70s
[2026-04-27 00:25:15] epoch  128/300 | train=0.001103 | val=0.001483 | best=0.001328@124 | patience=4/30 | time=7.45s
[2026-04-27 00:25:23] epoch  129/300 | train=0.001218 | val=0.001395 | best=0.001328@124 | patience=5/30 | time=8.04s
[2026-04-27 00:25:31] epoch  130/300 | train=0.001153 | val=0.001422 | best=0.001328@124 | patience=6/30 | time=7.44s
[2026-04-27 00:25:39] epoch  131/300 | train=0.001133 | val=0.001367 | best=0.001328@124 | patience=7/30 | time=7.45s
[2026-04-27 00:25:47] epoch  132/300 | train=0.001114 | val=0.001297 | best=0.001297@132 | patience=0/30 | time=8.00s *
[2026-04-27 00:25:55] epoch  133/300 | train=0.001080 | val=0.001351 | best=0.001297@132 | patience=1/30 | time=7.68s
[2026-04-27 00:26:02] epoch  134/300 | train=0.001117 | val=0.001314 | best=0.001297@132 | patience=2/30 | time=7.40s
[2026-04-27 00:26:10] epoch  135/300 | train=0.001102 | val=0.001404 | best=0.001297@132 | patience=3/30 | time=7.53s
[2026-04-27 00:26:18] epoch  136/300 | train=0.001082 | val=0.001360 | best=0.001297@132 | patience=4/30 | time=7.50s
[2026-04-27 00:26:25] epoch  137/300 | train=0.001081 | val=0.001375 | best=0.001297@132 | patience=5/30 | time=7.43s
[2026-04-27 00:26:33] epoch  138/300 | train=0.001060 | val=0.001293 | best=0.001293@138 | patience=0/30 | time=7.44s *
[2026-04-27 00:26:41] epoch  139/300 | train=0.001042 | val=0.001321 | best=0.001293@138 | patience=1/30 | time=7.59s
[2026-04-27 00:26:49] epoch  140/300 | train=0.001052 | val=0.001308 | best=0.001293@138 | patience=2/30 | time=7.71s
[2026-04-27 00:26:56] epoch  141/300 | train=0.001038 | val=0.001341 | best=0.001293@138 | patience=3/30 | time=7.47s
[2026-04-27 00:27:04] epoch  142/300 | train=0.001088 | val=0.001398 | best=0.001293@138 | patience=4/30 | time=8.05s
[2026-04-27 00:27:12] epoch  143/300 | train=0.001080 | val=0.001308 | best=0.001293@138 | patience=5/30 | time=7.70s
[2026-04-27 00:27:20] epoch  144/300 | train=0.001045 | val=0.001331 | best=0.001293@138 | patience=6/30 | time=7.40s
[2026-04-27 00:27:28] epoch  145/300 | train=0.001028 | val=0.001289 | best=0.001289@145 | patience=0/30 | time=7.52s *
[2026-04-27 00:27:35] epoch  146/300 | train=0.001019 | val=0.001392 | best=0.001289@145 | patience=1/30 | time=7.49s
[2026-04-27 00:27:43] epoch  147/300 | train=0.001045 | val=0.001287 | best=0.001287@147 | patience=0/30 | time=7.44s *
[2026-04-27 00:27:51] epoch  148/300 | train=0.001007 | val=0.001343 | best=0.001287@147 | patience=1/30 | time=7.51s
[2026-04-27 00:27:58] epoch  149/300 | train=0.001035 | val=0.001323 | best=0.001287@147 | patience=2/30 | time=7.47s
[2026-04-27 00:28:06] epoch  150/300 | train=0.000999 | val=0.001292 | best=0.001287@147 | patience=3/30 | time=7.44s
[2026-04-27 00:28:13] epoch  151/300 | train=0.000966 | val=0.001304 | best=0.001287@147 | patience=4/30 | time=7.45s
[2026-04-27 00:28:22] epoch  152/300 | train=0.000969 | val=0.001302 | best=0.001287@147 | patience=5/30 | time=7.95s
[2026-04-27 00:28:29] epoch  153/300 | train=0.000985 | val=0.001363 | best=0.001287@147 | patience=6/30 | time=7.63s
[2026-04-27 00:28:37] epoch  154/300 | train=0.001013 | val=0.001320 | best=0.001287@147 | patience=7/30 | time=7.40s
[2026-04-27 00:28:44] epoch  155/300 | train=0.000978 | val=0.001286 | best=0.001287@147 | patience=8/30 | time=7.53s
[2026-04-27 00:28:52] epoch  156/300 | train=0.000952 | val=0.001326 | best=0.001287@147 | patience=9/30 | time=7.49s
[2026-04-27 00:29:00] epoch  157/300 | train=0.000935 | val=0.001365 | best=0.001287@147 | patience=10/30 | time=7.46s
[2026-04-27 00:29:08] epoch  158/300 | train=0.000942 | val=0.001324 | best=0.001287@147 | patience=11/30 | time=8.07s
[2026-04-27 00:29:16] epoch  159/300 | train=0.000925 | val=0.001321 | best=0.001287@147 | patience=12/30 | time=7.49s
[2026-04-27 00:29:23] epoch  160/300 | train=0.000924 | val=0.001292 | best=0.001287@147 | patience=13/30 | time=7.45s
[2026-04-27 00:29:31] epoch  161/300 | train=0.000916 | val=0.001297 | best=0.001287@147 | patience=14/30 | time=7.46s
[2026-04-27 00:29:39] epoch  162/300 | train=0.000911 | val=0.001342 | best=0.001287@147 | patience=15/30 | time=7.99s
[2026-04-27 00:29:47] epoch  163/300 | train=0.000926 | val=0.001307 | best=0.001287@147 | patience=16/30 | time=7.66s
[2026-04-27 00:29:54] epoch  164/300 | train=0.000907 | val=0.001333 | best=0.001287@147 | patience=17/30 | time=7.40s
[2026-04-27 00:30:02] epoch  165/300 | train=0.000915 | val=0.001294 | best=0.001287@147 | patience=18/30 | time=7.62s
[2026-04-27 00:30:10] epoch  166/300 | train=0.000892 | val=0.001342 | best=0.001287@147 | patience=19/30 | time=7.71s
[2026-04-27 00:30:18] epoch  167/300 | train=0.000910 | val=0.001285 | best=0.001285@167 | patience=0/30 | time=7.40s *
[2026-04-27 00:30:25] epoch  168/300 | train=0.000883 | val=0.001292 | best=0.001285@167 | patience=1/30 | time=7.54s
[2026-04-27 00:30:33] epoch  169/300 | train=0.000878 | val=0.001302 | best=0.001285@167 | patience=2/30 | time=7.50s
[2026-04-27 00:30:41] epoch  170/300 | train=0.000865 | val=0.001308 | best=0.001285@167 | patience=3/30 | time=7.44s
[2026-04-27 00:30:48] epoch  171/300 | train=0.000895 | val=0.001336 | best=0.001285@167 | patience=4/30 | time=7.48s
[2026-04-27 00:30:56] epoch  172/300 | train=0.000898 | val=0.001347 | best=0.001285@167 | patience=5/30 | time=7.57s
[2026-04-27 00:31:03] epoch  173/300 | train=0.000874 | val=0.001289 | best=0.001285@167 | patience=6/30 | time=7.44s
[2026-04-27 00:31:11] epoch  174/300 | train=0.000855 | val=0.001302 | best=0.001285@167 | patience=7/30 | time=7.44s
[2026-04-27 00:31:19] epoch  175/300 | train=0.000861 | val=0.001365 | best=0.001285@167 | patience=8/30 | time=7.94s
[2026-04-27 00:31:27] epoch  176/300 | train=0.000854 | val=0.001289 | best=0.001285@167 | patience=9/30 | time=7.65s
[2026-04-27 00:31:35] epoch  177/300 | train=0.000824 | val=0.001272 | best=0.001272@177 | patience=0/30 | time=7.40s *
[2026-04-27 00:31:42] epoch  178/300 | train=0.000803 | val=0.001274 | best=0.001272@177 | patience=1/30 | time=7.54s
[2026-04-27 00:31:50] epoch  179/300 | train=0.000805 | val=0.001295 | best=0.001272@177 | patience=2/30 | time=7.50s
[2026-04-27 00:31:58] epoch  180/300 | train=0.000804 | val=0.001306 | best=0.001272@177 | patience=3/30 | time=7.72s
[2026-04-27 00:32:06] epoch  181/300 | train=0.000816 | val=0.001298 | best=0.001272@177 | patience=4/30 | time=8.01s
[2026-04-27 00:32:14] epoch  182/300 | train=0.000805 | val=0.001307 | best=0.001272@177 | patience=5/30 | time=7.49s
[2026-04-27 00:32:22] epoch  183/300 | train=0.000812 | val=0.001315 | best=0.001272@177 | patience=6/30 | time=7.65s
[2026-04-27 00:32:29] epoch  184/300 | train=0.000836 | val=0.001326 | best=0.001272@177 | patience=7/30 | time=7.44s
[2026-04-27 00:32:37] epoch  185/300 | train=0.000815 | val=0.001296 | best=0.001272@177 | patience=8/30 | time=7.57s
[2026-04-27 00:32:45] epoch  186/300 | train=0.000784 | val=0.001284 | best=0.001272@177 | patience=9/30 | time=7.45s
[2026-04-27 00:32:53] epoch  187/300 | train=0.000773 | val=0.001343 | best=0.001272@177 | patience=10/30 | time=7.51s
[2026-04-27 00:33:00] epoch  188/300 | train=0.000797 | val=0.001316 | best=0.001272@177 | patience=11/30 | time=7.60s
[2026-04-27 00:33:08] epoch  189/300 | train=0.000773 | val=0.001290 | best=0.001272@177 | patience=12/30 | time=7.70s
[2026-04-27 00:33:16] epoch  190/300 | train=0.000754 | val=0.001283 | best=0.001272@177 | patience=13/30 | time=7.46s
[2026-04-27 00:33:24] epoch  191/300 | train=0.000746 | val=0.001333 | best=0.001272@177 | patience=14/30 | time=8.01s
[2026-04-27 00:33:32] epoch  192/300 | train=0.000731 | val=0.001283 | best=0.001272@177 | patience=15/30 | time=7.47s
[2026-04-27 00:33:39] epoch  193/300 | train=0.000735 | val=0.001347 | best=0.001272@177 | patience=16/30 | time=7.44s
[2026-04-27 00:33:47] epoch  194/300 | train=0.000750 | val=0.001302 | best=0.001272@177 | patience=17/30 | time=7.47s
[2026-04-27 00:33:55] epoch  195/300 | train=0.000752 | val=0.001298 | best=0.001272@177 | patience=18/30 | time=8.01s
[2026-04-27 00:34:03] epoch  196/300 | train=0.000732 | val=0.001291 | best=0.001272@177 | patience=19/30 | time=7.71s
[2026-04-27 00:34:10] epoch  197/300 | train=0.000710 | val=0.001323 | best=0.001272@177 | patience=20/30 | time=7.50s
[2026-04-27 00:34:19] epoch  198/300 | train=0.000709 | val=0.001313 | best=0.001272@177 | patience=21/30 | time=8.08s
[2026-04-27 00:34:27] epoch  199/300 | train=0.000698 | val=0.001301 | best=0.001272@177 | patience=22/30 | time=7.68s
[2026-04-27 00:34:34] epoch  200/300 | train=0.000688 | val=0.001299 | best=0.001272@177 | patience=23/30 | time=7.47s
[2026-04-27 00:34:42] epoch  201/300 | train=0.000704 | val=0.001301 | best=0.001272@177 | patience=24/30 | time=7.50s
[2026-04-27 00:34:49] epoch  202/300 | train=0.000701 | val=0.001373 | best=0.001272@177 | patience=25/30 | time=7.42s
[2026-04-27 00:34:57] epoch  203/300 | train=0.000724 | val=0.001331 | best=0.001272@177 | patience=26/30 | time=7.47s
[2026-04-27 00:35:05] epoch  204/300 | train=0.000723 | val=0.001338 | best=0.001272@177 | patience=27/30 | time=7.99s
[2026-04-27 00:35:13] epoch  205/300 | train=0.000691 | val=0.001294 | best=0.001272@177 | patience=28/30 | time=7.51s
[2026-04-27 00:35:21] epoch  206/300 | train=0.000684 | val=0.001306 | best=0.001272@177 | patience=29/30 | time=7.71s
[2026-04-27 00:35:28] epoch  207/300 | train=0.000677 | val=0.001342 | best=0.001272@177 | patience=30/30 | time=7.49s
[2026-04-27 00:35:28]   early stopping at epoch 207 (no improvement for 30 epochs)
[2026-04-27 00:35:28] Training done: stop_reason=early_stop, total_epochs=207, best_epoch=177, best_val=0.001272
[2026-04-27 00:35:28] Reloading best checkpoint (epoch 177) for evaluation
[2026-04-27 00:35:44] ------------------------------------------------------------
[2026-04-27 00:35:44] Evaluation:
[2026-04-27 00:35:44]   AUC broken_lcfs         : 0.5929
[2026-04-27 00:35:44]   AUC bad_black_core      : 0.9966
[2026-04-27 00:35:44]   AUC bad_nonconverged    : 0.9953
[2026-04-27 00:35:44]   objective      : 0.8347
[2026-04-27 00:35:44]   floor_ok       : True
[2026-04-27 00:35:44]   threshold      : 0.1415
[2026-04-27 00:35:44]   mu / sigma     : 0.000817634 / 0.000214325
[2026-04-27 00:35:44] Train time=1935.8s, eval time=15.1s
