[2026-04-27 00:16:34] ============================================================
[2026-04-27 00:16:34] Trial 8 starting on cuda:0
[2026-04-27 00:16:34] Timestamp: 2026-04-27T00:16:34.417691
[2026-04-27 00:16:34] --- Config summary ---
  bottleneck_dim  : 65
  n_enc_layers    : 4
  n_dec_layers    : 3
  base_channels   : 9
  growth_factor   : 2.1442009642692166
  use_batchnorm   : False
  use_hpf         : True
  hpf_sigma       : 4.6374360068416705
  lr              : 2.8908599335841103e-05
  batch_size      : 24
  max_epochs      : 300
  patience        : 30
  seed            : 42
  deterministic   : False
  trial_num       : 8
[2026-04-27 00:16:34] Loading train/val/selection splits...
[2026-04-27 00:16:55] Splits loaded in 20.9s: n_train=722, n_val=120, n_selection=405
[2026-04-27 00:16:55] --- Architecture summary ---
  channels per enc layer : [9, 19, 41, 89]
  final spatial size     : 16x16
  flat size before latent: 22784
  bottleneck_dim         : 65
  total parameters       : 3,320,355
[2026-04-27 00:16:55] Starting training: n_train=722, n_val=120, device=cuda:0
[2026-04-27 00:17:30] epoch    1/300 | train=0.013267 | val=0.013236 | best=0.013236@1 | patience=0/30 | time=34.75s *
[2026-04-27 00:17:30] epoch    2/300 | train=0.013186 | val=0.013154 | best=0.013154@2 | patience=0/30 | time=0.69s *
[2026-04-27 00:17:31] epoch    3/300 | train=0.013098 | val=0.013058 | best=0.013058@3 | patience=0/30 | time=0.69s *
[2026-04-27 00:17:32] epoch    4/300 | train=0.012968 | val=0.012736 | best=0.012736@4 | patience=0/30 | time=0.70s *
[2026-04-27 00:17:33] epoch    5/300 | train=0.012152 | val=0.012008 | best=0.012008@5 | patience=0/30 | time=0.70s *
[2026-04-27 00:17:33] epoch    6/300 | train=0.011972 | val=0.011971 | best=0.011971@6 | patience=0/30 | time=0.69s *
[2026-04-27 00:17:34] epoch    7/300 | train=0.011944 | val=0.011945 | best=0.011945@7 | patience=0/30 | time=0.70s *
[2026-04-27 00:17:35] epoch    8/300 | train=0.011916 | val=0.011912 | best=0.011912@8 | patience=0/30 | time=0.71s *
[2026-04-27 00:17:36] epoch    9/300 | train=0.011877 | val=0.011861 | best=0.011861@9 | patience=0/30 | time=0.70s *
[2026-04-27 00:17:36] epoch   10/300 | train=0.011807 | val=0.011759 | best=0.011759@10 | patience=0/30 | time=0.70s *
[2026-04-27 00:17:37] epoch   11/300 | train=0.011680 | val=0.011600 | best=0.011600@11 | patience=0/30 | time=0.70s *
[2026-04-27 00:17:38] epoch   12/300 | train=0.011494 | val=0.011354 | best=0.011354@12 | patience=0/30 | time=0.70s *
[2026-04-27 00:17:39] epoch   13/300 | train=0.011145 | val=0.010847 | best=0.010847@13 | patience=0/30 | time=0.70s *
[2026-04-27 00:17:39] epoch   14/300 | train=0.010509 | val=0.010078 | best=0.010078@14 | patience=0/30 | time=0.70s *
[2026-04-27 00:17:40] epoch   15/300 | train=0.009819 | val=0.009546 | best=0.009546@15 | patience=0/30 | time=0.70s *
[2026-04-27 00:17:41] epoch   16/300 | train=0.009343 | val=0.009090 | best=0.009090@16 | patience=0/30 | time=0.70s *
[2026-04-27 00:17:42] epoch   17/300 | train=0.008831 | val=0.008513 | best=0.008513@17 | patience=0/30 | time=0.70s *
[2026-04-27 00:17:43] epoch   18/300 | train=0.008382 | val=0.008191 | best=0.008191@18 | patience=0/30 | time=0.74s *
[2026-04-27 00:17:43] epoch   19/300 | train=0.008177 | val=0.008045 | best=0.008045@19 | patience=0/30 | time=0.70s *
[2026-04-27 00:17:44] epoch   20/300 | train=0.008046 | val=0.007974 | best=0.007974@20 | patience=0/30 | time=0.70s *
[2026-04-27 00:17:45] epoch   21/300 | train=0.007968 | val=0.007848 | best=0.007848@21 | patience=0/30 | time=0.70s *
[2026-04-27 00:17:45] epoch   22/300 | train=0.007861 | val=0.007736 | best=0.007736@22 | patience=0/30 | time=0.70s *
[2026-04-27 00:17:46] epoch   23/300 | train=0.007763 | val=0.007663 | best=0.007663@23 | patience=0/30 | time=0.70s *
[2026-04-27 00:17:47] epoch   24/300 | train=0.007659 | val=0.007529 | best=0.007529@24 | patience=0/30 | time=0.70s *
[2026-04-27 00:17:48] epoch   25/300 | train=0.007559 | val=0.007459 | best=0.007459@25 | patience=0/30 | time=0.70s *
[2026-04-27 00:17:48] epoch   26/300 | train=0.007499 | val=0.007457 | best=0.007457@26 | patience=0/30 | time=0.70s *
[2026-04-27 00:17:49] epoch   27/300 | train=0.007461 | val=0.007364 | best=0.007364@27 | patience=0/30 | time=0.70s *
[2026-04-27 00:17:50] epoch   28/300 | train=0.007409 | val=0.007330 | best=0.007330@28 | patience=0/30 | time=0.70s *
[2026-04-27 00:17:51] epoch   29/300 | train=0.007369 | val=0.007280 | best=0.007280@29 | patience=0/30 | time=0.70s *
[2026-04-27 00:17:51] epoch   30/300 | train=0.007340 | val=0.007255 | best=0.007255@30 | patience=0/30 | time=0.74s *
[2026-04-27 00:17:52] epoch   31/300 | train=0.007314 | val=0.007232 | best=0.007232@31 | patience=0/30 | time=0.70s *
[2026-04-27 00:17:53] epoch   32/300 | train=0.007292 | val=0.007206 | best=0.007206@32 | patience=0/30 | time=0.70s *
[2026-04-27 00:17:54] epoch   33/300 | train=0.007265 | val=0.007212 | best=0.007206@32 | patience=1/30 | time=0.70s
[2026-04-27 00:17:54] epoch   34/300 | train=0.007253 | val=0.007172 | best=0.007172@34 | patience=0/30 | time=0.70s *
[2026-04-27 00:17:55] epoch   35/300 | train=0.007219 | val=0.007158 | best=0.007158@35 | patience=0/30 | time=0.70s *
[2026-04-27 00:17:56] epoch   36/300 | train=0.007199 | val=0.007140 | best=0.007140@36 | patience=0/30 | time=0.72s *
[2026-04-27 00:17:57] epoch   37/300 | train=0.007182 | val=0.007088 | best=0.007088@37 | patience=0/30 | time=0.70s *
[2026-04-27 00:17:57] epoch   38/300 | train=0.007147 | val=0.007134 | best=0.007088@37 | patience=1/30 | time=0.70s
[2026-04-27 00:17:58] epoch   39/300 | train=0.007152 | val=0.007089 | best=0.007088@37 | patience=2/30 | time=0.70s
[2026-04-27 00:17:59] epoch   40/300 | train=0.007124 | val=0.007036 | best=0.007036@40 | patience=0/30 | time=0.70s *
[2026-04-27 00:18:00] epoch   41/300 | train=0.007091 | val=0.007027 | best=0.007027@41 | patience=0/30 | time=0.71s *
[2026-04-27 00:18:00] epoch   42/300 | train=0.007080 | val=0.007035 | best=0.007027@41 | patience=1/30 | time=0.70s
[2026-04-27 00:18:01] epoch   43/300 | train=0.007068 | val=0.006982 | best=0.006982@43 | patience=0/30 | time=0.70s *
[2026-04-27 00:18:02] epoch   44/300 | train=0.007043 | val=0.006962 | best=0.006962@44 | patience=0/30 | time=0.70s *
[2026-04-27 00:18:03] epoch   45/300 | train=0.007021 | val=0.007032 | best=0.006962@44 | patience=1/30 | time=0.70s
[2026-04-27 00:18:03] epoch   46/300 | train=0.007037 | val=0.006961 | best=0.006962@44 | patience=2/30 | time=0.70s
[2026-04-27 00:18:04] epoch   47/300 | train=0.007002 | val=0.006941 | best=0.006941@47 | patience=0/30 | time=0.70s *
[2026-04-27 00:18:05] epoch   48/300 | train=0.006980 | val=0.006904 | best=0.006904@48 | patience=0/30 | time=0.70s *
[2026-04-27 00:18:06] epoch   49/300 | train=0.006964 | val=0.006894 | best=0.006894@49 | patience=0/30 | time=0.70s *
[2026-04-27 00:18:06] epoch   50/300 | train=0.006959 | val=0.006885 | best=0.006885@50 | patience=0/30 | time=0.70s *
[2026-04-27 00:18:07] epoch   51/300 | train=0.006942 | val=0.006869 | best=0.006869@51 | patience=0/30 | time=0.70s *
[2026-04-27 00:18:08] epoch   52/300 | train=0.006934 | val=0.006873 | best=0.006869@51 | patience=1/30 | time=0.70s
[2026-04-27 00:18:09] epoch   53/300 | train=0.006945 | val=0.006859 | best=0.006859@53 | patience=0/30 | time=0.73s *
[2026-04-27 00:18:09] epoch   54/300 | train=0.006922 | val=0.006842 | best=0.006842@54 | patience=0/30 | time=0.70s *
[2026-04-27 00:18:10] epoch   55/300 | train=0.006906 | val=0.006833 | best=0.006833@55 | patience=0/30 | time=0.70s *
[2026-04-27 00:18:11] epoch   56/300 | train=0.006900 | val=0.006817 | best=0.006817@56 | patience=0/30 | time=0.70s *
[2026-04-27 00:18:11] epoch   57/300 | train=0.006885 | val=0.006808 | best=0.006808@57 | patience=0/30 | time=0.70s *
[2026-04-27 00:18:12] epoch   58/300 | train=0.006879 | val=0.006809 | best=0.006808@57 | patience=1/30 | time=0.70s
[2026-04-27 00:18:13] epoch   59/300 | train=0.006874 | val=0.006822 | best=0.006808@57 | patience=2/30 | time=0.70s
[2026-04-27 00:18:14] epoch   60/300 | train=0.006863 | val=0.006782 | best=0.006782@60 | patience=0/30 | time=0.70s *
[2026-04-27 00:18:14] epoch   61/300 | train=0.006859 | val=0.006775 | best=0.006775@61 | patience=0/30 | time=0.70s *
[2026-04-27 00:18:15] epoch   62/300 | train=0.006849 | val=0.006766 | best=0.006766@62 | patience=0/30 | time=0.70s *
[2026-04-27 00:18:16] epoch   63/300 | train=0.006846 | val=0.006784 | best=0.006766@62 | patience=1/30 | time=0.70s
[2026-04-27 00:18:17] epoch   64/300 | train=0.006840 | val=0.006757 | best=0.006757@64 | patience=0/30 | time=0.74s *
[2026-04-27 00:18:17] epoch   65/300 | train=0.006823 | val=0.006743 | best=0.006743@65 | patience=0/30 | time=0.70s *
[2026-04-27 00:18:18] epoch   66/300 | train=0.006815 | val=0.006725 | best=0.006725@66 | patience=0/30 | time=0.70s *
[2026-04-27 00:18:19] epoch   67/300 | train=0.006808 | val=0.006751 | best=0.006725@66 | patience=1/30 | time=0.70s
[2026-04-27 00:18:20] epoch   68/300 | train=0.006808 | val=0.006728 | best=0.006725@66 | patience=2/30 | time=0.70s
[2026-04-27 00:18:21] epoch   69/300 | train=0.006794 | val=0.006728 | best=0.006725@66 | patience=3/30 | time=0.72s
[2026-04-27 00:18:21] epoch   70/300 | train=0.006794 | val=0.006714 | best=0.006714@70 | patience=0/30 | time=0.70s *
[2026-04-27 00:18:22] epoch   71/300 | train=0.006786 | val=0.006695 | best=0.006695@71 | patience=0/30 | time=0.70s *
[2026-04-27 00:18:23] epoch   72/300 | train=0.006785 | val=0.006726 | best=0.006695@71 | patience=1/30 | time=0.70s
[2026-04-27 00:18:23] epoch   73/300 | train=0.006774 | val=0.006694 | best=0.006695@71 | patience=2/30 | time=0.70s
[2026-04-27 00:18:24] epoch   74/300 | train=0.006765 | val=0.006690 | best=0.006690@74 | patience=0/30 | time=0.70s *
[2026-04-27 00:18:25] epoch   75/300 | train=0.006758 | val=0.006679 | best=0.006679@75 | patience=0/30 | time=0.71s *
[2026-04-27 00:18:26] epoch   76/300 | train=0.006751 | val=0.006663 | best=0.006663@76 | patience=0/30 | time=0.70s *
[2026-04-27 00:18:26] epoch   77/300 | train=0.006748 | val=0.006667 | best=0.006663@76 | patience=1/30 | time=0.70s
[2026-04-27 00:18:27] epoch   78/300 | train=0.006757 | val=0.006713 | best=0.006663@76 | patience=2/30 | time=0.70s
[2026-04-27 00:18:28] epoch   79/300 | train=0.006756 | val=0.006651 | best=0.006651@79 | patience=0/30 | time=0.70s *
[2026-04-27 00:18:29] epoch   80/300 | train=0.006727 | val=0.006664 | best=0.006651@79 | patience=1/30 | time=0.70s
[2026-04-27 00:18:29] epoch   81/300 | train=0.006729 | val=0.006656 | best=0.006651@79 | patience=2/30 | time=0.70s
[2026-04-27 00:18:30] epoch   82/300 | train=0.006721 | val=0.006645 | best=0.006645@82 | patience=0/30 | time=0.70s *
[2026-04-27 00:18:31] epoch   83/300 | train=0.006709 | val=0.006660 | best=0.006645@82 | patience=1/30 | time=0.70s
[2026-04-27 00:18:32] epoch   84/300 | train=0.006711 | val=0.006628 | best=0.006628@84 | patience=0/30 | time=0.70s *
[2026-04-27 00:18:32] epoch   85/300 | train=0.006706 | val=0.006607 | best=0.006607@85 | patience=0/30 | time=0.70s *
[2026-04-27 00:18:33] epoch   86/300 | train=0.006686 | val=0.006596 | best=0.006596@86 | patience=0/30 | time=0.73s *
[2026-04-27 00:18:34] epoch   87/300 | train=0.006684 | val=0.006639 | best=0.006596@86 | patience=1/30 | time=0.70s
[2026-04-27 00:18:35] epoch   88/300 | train=0.006687 | val=0.006595 | best=0.006595@88 | patience=0/30 | time=0.70s *
[2026-04-27 00:18:35] epoch   89/300 | train=0.006668 | val=0.006601 | best=0.006595@88 | patience=1/30 | time=0.70s
[2026-04-27 00:18:36] epoch   90/300 | train=0.006665 | val=0.006571 | best=0.006571@90 | patience=0/30 | time=0.70s *
[2026-04-27 00:18:37] epoch   91/300 | train=0.006651 | val=0.006559 | best=0.006559@91 | patience=0/30 | time=0.70s *
[2026-04-27 00:18:38] epoch   92/300 | train=0.006652 | val=0.006568 | best=0.006559@91 | patience=1/30 | time=0.70s
[2026-04-27 00:18:38] epoch   93/300 | train=0.006643 | val=0.006580 | best=0.006559@91 | patience=2/30 | time=0.70s
[2026-04-27 00:18:39] epoch   94/300 | train=0.006650 | val=0.006556 | best=0.006556@94 | patience=0/30 | time=0.70s *
[2026-04-27 00:18:40] epoch   95/300 | train=0.006630 | val=0.006607 | best=0.006556@94 | patience=1/30 | time=0.70s
[2026-04-27 00:18:41] epoch   96/300 | train=0.006633 | val=0.006554 | best=0.006554@96 | patience=0/30 | time=0.70s *
[2026-04-27 00:18:41] epoch   97/300 | train=0.006614 | val=0.006535 | best=0.006535@97 | patience=0/30 | time=0.70s *
[2026-04-27 00:18:42] epoch   98/300 | train=0.006612 | val=0.006511 | best=0.006511@98 | patience=0/30 | time=0.74s *
[2026-04-27 00:18:43] epoch   99/300 | train=0.006596 | val=0.006520 | best=0.006511@98 | patience=1/30 | time=0.70s
[2026-04-27 00:18:43] epoch  100/300 | train=0.006596 | val=0.006519 | best=0.006511@98 | patience=2/30 | time=0.70s
[2026-04-27 00:18:44] epoch  101/300 | train=0.006589 | val=0.006587 | best=0.006511@98 | patience=3/30 | time=0.70s
[2026-04-27 00:18:45] epoch  102/300 | train=0.006609 | val=0.006489 | best=0.006489@102 | patience=0/30 | time=0.70s *
[2026-04-27 00:18:46] epoch  103/300 | train=0.006576 | val=0.006506 | best=0.006489@102 | patience=1/30 | time=0.72s
[2026-04-27 00:18:46] epoch  104/300 | train=0.006565 | val=0.006498 | best=0.006489@102 | patience=2/30 | time=0.70s
[2026-04-27 00:18:47] epoch  105/300 | train=0.006565 | val=0.006476 | best=0.006476@105 | patience=0/30 | time=0.70s *
[2026-04-27 00:18:48] epoch  106/300 | train=0.006548 | val=0.006562 | best=0.006476@105 | patience=1/30 | time=0.70s
[2026-04-27 00:18:49] epoch  107/300 | train=0.006564 | val=0.006485 | best=0.006476@105 | patience=2/30 | time=0.70s
[2026-04-27 00:18:49] epoch  108/300 | train=0.006530 | val=0.006434 | best=0.006434@108 | patience=0/30 | time=0.70s *
[2026-04-27 00:18:50] epoch  109/300 | train=0.006518 | val=0.006451 | best=0.006434@108 | patience=1/30 | time=0.71s
[2026-04-27 00:18:51] epoch  110/300 | train=0.006514 | val=0.006411 | best=0.006411@110 | patience=0/30 | time=0.70s *
[2026-04-27 00:18:52] epoch  111/300 | train=0.006499 | val=0.006420 | best=0.006411@110 | patience=1/30 | time=0.70s
[2026-04-27 00:18:53] epoch  112/300 | train=0.006492 | val=0.006410 | best=0.006410@112 | patience=0/30 | time=0.70s *
[2026-04-27 00:18:53] epoch  113/300 | train=0.006496 | val=0.006387 | best=0.006387@113 | patience=0/30 | time=0.70s *
[2026-04-27 00:18:54] epoch  114/300 | train=0.006469 | val=0.006395 | best=0.006387@113 | patience=1/30 | time=0.70s
[2026-04-27 00:18:55] epoch  115/300 | train=0.006454 | val=0.006411 | best=0.006387@113 | patience=2/30 | time=0.70s
[2026-04-27 00:18:55] epoch  116/300 | train=0.006456 | val=0.006353 | best=0.006353@116 | patience=0/30 | time=0.70s *
[2026-04-27 00:18:56] epoch  117/300 | train=0.006428 | val=0.006360 | best=0.006353@116 | patience=1/30 | time=0.70s
[2026-04-27 00:18:57] epoch  118/300 | train=0.006423 | val=0.006441 | best=0.006353@116 | patience=2/30 | time=0.70s
[2026-04-27 00:18:58] epoch  119/300 | train=0.006432 | val=0.006328 | best=0.006328@119 | patience=0/30 | time=0.70s *
[2026-04-27 00:18:58] epoch  120/300 | train=0.006394 | val=0.006335 | best=0.006328@119 | patience=1/30 | time=0.73s
[2026-04-27 00:18:59] epoch  121/300 | train=0.006384 | val=0.006308 | best=0.006308@121 | patience=0/30 | time=0.70s *
[2026-04-27 00:19:00] epoch  122/300 | train=0.006363 | val=0.006273 | best=0.006273@122 | patience=0/30 | time=0.70s *
[2026-04-27 00:19:01] epoch  123/300 | train=0.006349 | val=0.006269 | best=0.006269@123 | patience=0/30 | time=0.70s *
[2026-04-27 00:19:01] epoch  124/300 | train=0.006326 | val=0.006214 | best=0.006214@124 | patience=0/30 | time=0.70s *
[2026-04-27 00:19:02] epoch  125/300 | train=0.006299 | val=0.006207 | best=0.006207@125 | patience=0/30 | time=0.70s *
[2026-04-27 00:19:03] epoch  126/300 | train=0.006283 | val=0.006192 | best=0.006192@126 | patience=0/30 | time=0.70s *
[2026-04-27 00:19:04] epoch  127/300 | train=0.006269 | val=0.006174 | best=0.006174@127 | patience=0/30 | time=0.70s *
[2026-04-27 00:19:04] epoch  128/300 | train=0.006245 | val=0.006237 | best=0.006174@127 | patience=1/30 | time=0.70s
[2026-04-27 00:19:05] epoch  129/300 | train=0.006261 | val=0.006186 | best=0.006174@127 | patience=2/30 | time=0.70s
[2026-04-27 00:19:06] epoch  130/300 | train=0.006225 | val=0.006109 | best=0.006109@130 | patience=0/30 | time=0.70s *
[2026-04-27 00:19:07] epoch  131/300 | train=0.006195 | val=0.006121 | best=0.006109@130 | patience=1/30 | time=0.73s
[2026-04-27 00:19:07] epoch  132/300 | train=0.006168 | val=0.006066 | best=0.006066@132 | patience=0/30 | time=0.70s *
[2026-04-27 00:19:08] epoch  133/300 | train=0.006145 | val=0.006065 | best=0.006066@132 | patience=1/30 | time=0.70s
[2026-04-27 00:19:09] epoch  134/300 | train=0.006136 | val=0.006044 | best=0.006044@134 | patience=0/30 | time=0.70s *
[2026-04-27 00:19:10] epoch  135/300 | train=0.006108 | val=0.006012 | best=0.006012@135 | patience=0/30 | time=0.70s *
[2026-04-27 00:19:10] epoch  136/300 | train=0.006096 | val=0.005998 | best=0.005998@136 | patience=0/30 | time=0.70s *
[2026-04-27 00:19:11] epoch  137/300 | train=0.006066 | val=0.005975 | best=0.005975@137 | patience=0/30 | time=0.72s *
[2026-04-27 00:19:12] epoch  138/300 | train=0.006052 | val=0.006037 | best=0.005975@137 | patience=1/30 | time=0.70s
[2026-04-27 00:19:13] epoch  139/300 | train=0.006045 | val=0.005957 | best=0.005957@139 | patience=0/30 | time=0.70s *
[2026-04-27 00:19:13] epoch  140/300 | train=0.006015 | val=0.005922 | best=0.005922@140 | patience=0/30 | time=0.70s *
[2026-04-27 00:19:14] epoch  141/300 | train=0.005995 | val=0.005922 | best=0.005922@140 | patience=1/30 | time=0.70s
[2026-04-27 00:19:15] epoch  142/300 | train=0.005982 | val=0.005992 | best=0.005922@140 | patience=2/30 | time=0.70s
[2026-04-27 00:19:16] epoch  143/300 | train=0.006004 | val=0.005881 | best=0.005881@143 | patience=0/30 | time=0.71s *
[2026-04-27 00:19:16] epoch  144/300 | train=0.005951 | val=0.005877 | best=0.005877@144 | patience=0/30 | time=0.70s *
[2026-04-27 00:19:17] epoch  145/300 | train=0.005941 | val=0.005844 | best=0.005844@145 | patience=0/30 | time=0.70s *
[2026-04-27 00:19:18] epoch  146/300 | train=0.005921 | val=0.005835 | best=0.005835@146 | patience=0/30 | time=0.70s *
[2026-04-27 00:19:19] epoch  147/300 | train=0.005904 | val=0.005837 | best=0.005835@146 | patience=1/30 | time=0.70s
[2026-04-27 00:19:19] epoch  148/300 | train=0.005889 | val=0.005838 | best=0.005835@146 | patience=2/30 | time=0.70s
[2026-04-27 00:19:20] epoch  149/300 | train=0.005886 | val=0.005802 | best=0.005802@149 | patience=0/30 | time=0.70s *
[2026-04-27 00:19:21] epoch  150/300 | train=0.005870 | val=0.005803 | best=0.005802@149 | patience=1/30 | time=0.70s
[2026-04-27 00:19:22] epoch  151/300 | train=0.005858 | val=0.005773 | best=0.005773@151 | patience=0/30 | time=0.70s *
[2026-04-27 00:19:22] epoch  152/300 | train=0.005829 | val=0.005743 | best=0.005743@152 | patience=0/30 | time=0.70s *
[2026-04-27 00:19:23] epoch  153/300 | train=0.005813 | val=0.005725 | best=0.005725@153 | patience=0/30 | time=0.70s *
[2026-04-27 00:19:24] epoch  154/300 | train=0.005796 | val=0.005714 | best=0.005714@154 | patience=0/30 | time=0.73s *
[2026-04-27 00:19:25] epoch  155/300 | train=0.005784 | val=0.005726 | best=0.005714@154 | patience=1/30 | time=0.70s
[2026-04-27 00:19:25] epoch  156/300 | train=0.005776 | val=0.005709 | best=0.005709@156 | patience=0/30 | time=0.70s *
[2026-04-27 00:19:26] epoch  157/300 | train=0.005761 | val=0.005679 | best=0.005679@157 | patience=0/30 | time=0.70s *
[2026-04-27 00:19:27] epoch  158/300 | train=0.005741 | val=0.005666 | best=0.005666@158 | patience=0/30 | time=0.70s *
[2026-04-27 00:19:28] epoch  159/300 | train=0.005727 | val=0.005664 | best=0.005664@159 | patience=0/30 | time=0.70s *
[2026-04-27 00:19:28] epoch  160/300 | train=0.005717 | val=0.005657 | best=0.005657@160 | patience=0/30 | time=0.70s *
[2026-04-27 00:19:29] epoch  161/300 | train=0.005704 | val=0.005667 | best=0.005657@160 | patience=1/30 | time=0.70s
[2026-04-27 00:19:30] epoch  162/300 | train=0.005697 | val=0.005650 | best=0.005650@162 | patience=0/30 | time=0.70s *
[2026-04-27 00:19:31] epoch  163/300 | train=0.005683 | val=0.005633 | best=0.005633@163 | patience=0/30 | time=0.70s *
[2026-04-27 00:19:31] epoch  164/300 | train=0.005678 | val=0.005591 | best=0.005591@164 | patience=0/30 | time=0.70s *
[2026-04-27 00:19:32] epoch  165/300 | train=0.005650 | val=0.005578 | best=0.005578@165 | patience=0/30 | time=0.74s *
[2026-04-27 00:19:33] epoch  166/300 | train=0.005638 | val=0.005582 | best=0.005578@165 | patience=1/30 | time=0.70s
[2026-04-27 00:19:34] epoch  167/300 | train=0.005635 | val=0.005562 | best=0.005562@167 | patience=0/30 | time=0.70s *
[2026-04-27 00:19:34] epoch  168/300 | train=0.005618 | val=0.005586 | best=0.005562@167 | patience=1/30 | time=0.70s
[2026-04-27 00:19:35] epoch  169/300 | train=0.005613 | val=0.005535 | best=0.005535@169 | patience=0/30 | time=0.70s *
[2026-04-27 00:19:36] epoch  170/300 | train=0.005600 | val=0.005527 | best=0.005527@170 | patience=0/30 | time=0.70s *
[2026-04-27 00:19:37] epoch  171/300 | train=0.005587 | val=0.005520 | best=0.005520@171 | patience=0/30 | time=0.72s *
[2026-04-27 00:19:37] epoch  172/300 | train=0.005586 | val=0.005534 | best=0.005520@171 | patience=1/30 | time=0.70s
[2026-04-27 00:19:38] epoch  173/300 | train=0.005569 | val=0.005504 | best=0.005504@173 | patience=0/30 | time=0.70s *
[2026-04-27 00:19:39] epoch  174/300 | train=0.005561 | val=0.005492 | best=0.005492@174 | patience=0/30 | time=0.70s *
[2026-04-27 00:19:40] epoch  175/300 | train=0.005544 | val=0.005509 | best=0.005492@174 | patience=1/30 | time=0.70s
[2026-04-27 00:19:40] epoch  176/300 | train=0.005540 | val=0.005514 | best=0.005492@174 | patience=2/30 | time=0.71s
[2026-04-27 00:19:41] epoch  177/300 | train=0.005544 | val=0.005480 | best=0.005480@177 | patience=0/30 | time=0.70s *
[2026-04-27 00:19:42] epoch  178/300 | train=0.005523 | val=0.005452 | best=0.005452@178 | patience=0/30 | time=0.70s *
[2026-04-27 00:19:43] epoch  179/300 | train=0.005507 | val=0.005453 | best=0.005452@178 | patience=1/30 | time=0.70s
[2026-04-27 00:19:43] epoch  180/300 | train=0.005508 | val=0.005465 | best=0.005452@178 | patience=2/30 | time=0.70s
[2026-04-27 00:19:44] epoch  181/300 | train=0.005496 | val=0.005447 | best=0.005447@181 | patience=0/30 | time=0.70s *
[2026-04-27 00:19:45] epoch  182/300 | train=0.005486 | val=0.005420 | best=0.005420@182 | patience=0/30 | time=0.70s *
[2026-04-27 00:19:46] epoch  183/300 | train=0.005476 | val=0.005419 | best=0.005420@182 | patience=1/30 | time=0.70s
[2026-04-27 00:19:46] epoch  184/300 | train=0.005473 | val=0.005405 | best=0.005405@184 | patience=0/30 | time=0.70s *
[2026-04-27 00:19:47] epoch  185/300 | train=0.005460 | val=0.005424 | best=0.005405@184 | patience=1/30 | time=0.70s
[2026-04-27 00:19:48] epoch  186/300 | train=0.005453 | val=0.005402 | best=0.005402@186 | patience=0/30 | time=0.70s *
[2026-04-27 00:19:49] epoch  187/300 | train=0.005447 | val=0.005382 | best=0.005382@187 | patience=0/30 | time=0.73s *
[2026-04-27 00:19:49] epoch  188/300 | train=0.005440 | val=0.005400 | best=0.005382@187 | patience=1/30 | time=0.70s
[2026-04-27 00:19:50] epoch  189/300 | train=0.005432 | val=0.005380 | best=0.005380@189 | patience=0/30 | time=0.70s *
[2026-04-27 00:19:51] epoch  190/300 | train=0.005425 | val=0.005359 | best=0.005359@190 | patience=0/30 | time=0.70s *
[2026-04-27 00:19:52] epoch  191/300 | train=0.005416 | val=0.005379 | best=0.005359@190 | patience=1/30 | time=0.70s
[2026-04-27 00:19:52] epoch  192/300 | train=0.005410 | val=0.005360 | best=0.005359@190 | patience=2/30 | time=0.70s
[2026-04-27 00:19:53] epoch  193/300 | train=0.005401 | val=0.005341 | best=0.005341@193 | patience=0/30 | time=0.70s *
[2026-04-27 00:19:54] epoch  194/300 | train=0.005393 | val=0.005339 | best=0.005339@194 | patience=0/30 | time=0.70s *
[2026-04-27 00:19:55] epoch  195/300 | train=0.005391 | val=0.005324 | best=0.005324@195 | patience=0/30 | time=0.70s *
[2026-04-27 00:19:55] epoch  196/300 | train=0.005378 | val=0.005334 | best=0.005324@195 | patience=1/30 | time=0.70s
[2026-04-27 00:19:56] epoch  197/300 | train=0.005373 | val=0.005314 | best=0.005314@197 | patience=0/30 | time=0.70s *
[2026-04-27 00:19:57] epoch  198/300 | train=0.005366 | val=0.005321 | best=0.005314@197 | patience=1/30 | time=0.70s
[2026-04-27 00:19:58] epoch  199/300 | train=0.005365 | val=0.005310 | best=0.005310@199 | patience=0/30 | time=0.74s *
[2026-04-27 00:19:58] epoch  200/300 | train=0.005353 | val=0.005346 | best=0.005310@199 | patience=1/30 | time=0.70s
[2026-04-27 00:19:59] epoch  201/300 | train=0.005357 | val=0.005309 | best=0.005309@201 | patience=0/30 | time=0.70s *
[2026-04-27 00:20:00] epoch  202/300 | train=0.005338 | val=0.005287 | best=0.005287@202 | patience=0/30 | time=0.70s *
[2026-04-27 00:20:01] epoch  203/300 | train=0.005332 | val=0.005276 | best=0.005276@203 | patience=0/30 | time=0.70s *
[2026-04-27 00:20:01] epoch  204/300 | train=0.005324 | val=0.005277 | best=0.005276@203 | patience=1/30 | time=0.72s
[2026-04-27 00:20:02] epoch  205/300 | train=0.005323 | val=0.005263 | best=0.005263@205 | patience=0/30 | time=0.70s *
[2026-04-27 00:20:03] epoch  206/300 | train=0.005316 | val=0.005273 | best=0.005263@205 | patience=1/30 | time=0.70s
[2026-04-27 00:20:04] epoch  207/300 | train=0.005311 | val=0.005410 | best=0.005263@205 | patience=2/30 | time=0.70s
[2026-04-27 00:20:04] epoch  208/300 | train=0.005340 | val=0.005248 | best=0.005248@208 | patience=0/30 | time=0.70s *
[2026-04-27 00:20:05] epoch  209/300 | train=0.005298 | val=0.005246 | best=0.005246@209 | patience=0/30 | time=0.70s *
[2026-04-27 00:20:06] epoch  210/300 | train=0.005295 | val=0.005253 | best=0.005246@209 | patience=1/30 | time=0.71s
[2026-04-27 00:20:06] epoch  211/300 | train=0.005295 | val=0.005248 | best=0.005246@209 | patience=2/30 | time=0.70s
[2026-04-27 00:20:07] epoch  212/300 | train=0.005279 | val=0.005237 | best=0.005237@212 | patience=0/30 | time=0.70s *
[2026-04-27 00:20:08] epoch  213/300 | train=0.005276 | val=0.005231 | best=0.005231@213 | patience=0/30 | time=0.70s *
[2026-04-27 00:20:09] epoch  214/300 | train=0.005265 | val=0.005230 | best=0.005230@214 | patience=0/30 | time=0.70s *
[2026-04-27 00:20:09] epoch  215/300 | train=0.005259 | val=0.005213 | best=0.005213@215 | patience=0/30 | time=0.70s *
[2026-04-27 00:20:10] epoch  216/300 | train=0.005256 | val=0.005227 | best=0.005213@215 | patience=1/30 | time=0.70s
[2026-04-27 00:20:11] epoch  217/300 | train=0.005270 | val=0.005219 | best=0.005213@215 | patience=2/30 | time=0.70s
[2026-04-27 00:20:12] epoch  218/300 | train=0.005250 | val=0.005191 | best=0.005191@218 | patience=0/30 | time=0.70s *
[2026-04-27 00:20:12] epoch  219/300 | train=0.005248 | val=0.005247 | best=0.005191@218 | patience=1/30 | time=0.70s
[2026-04-27 00:20:13] epoch  220/300 | train=0.005259 | val=0.005205 | best=0.005191@218 | patience=2/30 | time=0.70s
[2026-04-27 00:20:14] epoch  221/300 | train=0.005232 | val=0.005187 | best=0.005187@221 | patience=0/30 | time=0.73s *
[2026-04-27 00:20:15] epoch  222/300 | train=0.005222 | val=0.005192 | best=0.005187@221 | patience=1/30 | time=0.70s
[2026-04-27 00:20:16] epoch  223/300 | train=0.005224 | val=0.005173 | best=0.005173@223 | patience=0/30 | time=0.70s *
[2026-04-27 00:20:16] epoch  224/300 | train=0.005215 | val=0.005196 | best=0.005173@223 | patience=1/30 | time=0.70s
[2026-04-27 00:20:17] epoch  225/300 | train=0.005221 | val=0.005177 | best=0.005173@223 | patience=2/30 | time=0.70s
[2026-04-27 00:20:18] epoch  226/300 | train=0.005210 | val=0.005155 | best=0.005155@226 | patience=0/30 | time=0.70s *
[2026-04-27 00:20:19] epoch  227/300 | train=0.005203 | val=0.005155 | best=0.005155@226 | patience=1/30 | time=0.70s
[2026-04-27 00:20:19] epoch  228/300 | train=0.005197 | val=0.005156 | best=0.005155@226 | patience=2/30 | time=0.70s
[2026-04-27 00:20:20] epoch  229/300 | train=0.005192 | val=0.005158 | best=0.005155@226 | patience=3/30 | time=0.70s
[2026-04-27 00:20:21] epoch  230/300 | train=0.005183 | val=0.005140 | best=0.005140@230 | patience=0/30 | time=0.70s *
[2026-04-27 00:20:21] epoch  231/300 | train=0.005178 | val=0.005169 | best=0.005140@230 | patience=1/30 | time=0.70s
[2026-04-27 00:20:22] epoch  232/300 | train=0.005186 | val=0.005150 | best=0.005140@230 | patience=2/30 | time=0.76s
[2026-04-27 00:20:23] epoch  233/300 | train=0.005175 | val=0.005117 | best=0.005117@233 | patience=0/30 | time=0.70s *
[2026-04-27 00:20:24] epoch  234/300 | train=0.005161 | val=0.005122 | best=0.005117@233 | patience=1/30 | time=0.70s
[2026-04-27 00:20:24] epoch  235/300 | train=0.005164 | val=0.005120 | best=0.005117@233 | patience=2/30 | time=0.70s
[2026-04-27 00:20:25] epoch  236/300 | train=0.005153 | val=0.005117 | best=0.005117@233 | patience=3/30 | time=0.70s
[2026-04-27 00:20:26] epoch  237/300 | train=0.005153 | val=0.005115 | best=0.005115@237 | patience=0/30 | time=0.70s *
[2026-04-27 00:20:27] epoch  238/300 | train=0.005142 | val=0.005087 | best=0.005087@238 | patience=0/30 | time=0.72s *
[2026-04-27 00:20:27] epoch  239/300 | train=0.005135 | val=0.005103 | best=0.005087@238 | patience=1/30 | time=0.70s
[2026-04-27 00:20:28] epoch  240/300 | train=0.005146 | val=0.005117 | best=0.005087@238 | patience=2/30 | time=0.70s
[2026-04-27 00:20:29] epoch  241/300 | train=0.005134 | val=0.005087 | best=0.005087@238 | patience=3/30 | time=0.70s
[2026-04-27 00:20:30] epoch  242/300 | train=0.005127 | val=0.005137 | best=0.005087@238 | patience=4/30 | time=0.70s
[2026-04-27 00:20:30] epoch  243/300 | train=0.005143 | val=0.005109 | best=0.005087@238 | patience=5/30 | time=0.71s
[2026-04-27 00:20:31] epoch  244/300 | train=0.005124 | val=0.005101 | best=0.005087@238 | patience=6/30 | time=0.70s
[2026-04-27 00:20:32] epoch  245/300 | train=0.005117 | val=0.005082 | best=0.005082@245 | patience=0/30 | time=0.70s *
[2026-04-27 00:20:33] epoch  246/300 | train=0.005120 | val=0.005125 | best=0.005082@245 | patience=1/30 | time=0.70s
[2026-04-27 00:20:33] epoch  247/300 | train=0.005125 | val=0.005082 | best=0.005082@245 | patience=2/30 | time=0.70s
[2026-04-27 00:20:34] epoch  248/300 | train=0.005104 | val=0.005064 | best=0.005064@248 | patience=0/30 | time=0.70s *
[2026-04-27 00:20:35] epoch  249/300 | train=0.005096 | val=0.005092 | best=0.005064@248 | patience=1/30 | time=0.70s
[2026-04-27 00:20:36] epoch  250/300 | train=0.005105 | val=0.005089 | best=0.005064@248 | patience=2/30 | time=0.70s
[2026-04-27 00:20:36] epoch  251/300 | train=0.005100 | val=0.005070 | best=0.005064@248 | patience=3/30 | time=0.70s
[2026-04-27 00:20:37] epoch  252/300 | train=0.005091 | val=0.005046 | best=0.005046@252 | patience=0/30 | time=0.70s *
[2026-04-27 00:20:38] epoch  253/300 | train=0.005081 | val=0.005064 | best=0.005046@252 | patience=1/30 | time=0.70s
[2026-04-27 00:20:39] epoch  254/300 | train=0.005075 | val=0.005072 | best=0.005046@252 | patience=2/30 | time=0.70s
[2026-04-27 00:20:39] epoch  255/300 | train=0.005078 | val=0.005028 | best=0.005028@255 | patience=0/30 | time=0.73s *
[2026-04-27 00:20:40] epoch  256/300 | train=0.005068 | val=0.005037 | best=0.005028@255 | patience=1/30 | time=0.70s
[2026-04-27 00:20:41] epoch  257/300 | train=0.005084 | val=0.005035 | best=0.005028@255 | patience=2/30 | time=0.70s
[2026-04-27 00:20:42] epoch  258/300 | train=0.005059 | val=0.005019 | best=0.005019@258 | patience=0/30 | time=0.70s *
[2026-04-27 00:20:42] epoch  259/300 | train=0.005053 | val=0.005020 | best=0.005019@258 | patience=1/30 | time=0.70s
[2026-04-27 00:20:43] epoch  260/300 | train=0.005050 | val=0.005045 | best=0.005019@258 | patience=2/30 | time=0.70s
[2026-04-27 00:20:44] epoch  261/300 | train=0.005060 | val=0.005020 | best=0.005019@258 | patience=3/30 | time=0.70s
[2026-04-27 00:20:45] epoch  262/300 | train=0.005049 | val=0.005023 | best=0.005019@258 | patience=4/30 | time=0.70s
[2026-04-27 00:20:45] epoch  263/300 | train=0.005044 | val=0.005009 | best=0.005009@263 | patience=0/30 | time=0.70s *
[2026-04-27 00:20:46] epoch  264/300 | train=0.005041 | val=0.005012 | best=0.005009@263 | patience=1/30 | time=0.70s
[2026-04-27 00:20:47] epoch  265/300 | train=0.005034 | val=0.004989 | best=0.004989@265 | patience=0/30 | time=0.70s *
[2026-04-27 00:20:48] epoch  266/300 | train=0.005025 | val=0.004993 | best=0.004989@265 | patience=1/30 | time=0.74s
[2026-04-27 00:20:48] epoch  267/300 | train=0.005025 | val=0.005000 | best=0.004989@265 | patience=2/30 | time=0.70s
[2026-04-27 00:20:49] epoch  268/300 | train=0.005029 | val=0.004982 | best=0.004982@268 | patience=0/30 | time=0.70s *
[2026-04-27 00:20:50] epoch  269/300 | train=0.005014 | val=0.004978 | best=0.004978@269 | patience=0/30 | time=0.70s *
[2026-04-27 00:20:51] epoch  270/300 | train=0.005017 | val=0.004989 | best=0.004978@269 | patience=1/30 | time=0.70s
[2026-04-27 00:20:51] epoch  271/300 | train=0.005011 | val=0.004964 | best=0.004964@271 | patience=0/30 | time=0.70s *
[2026-04-27 00:20:52] epoch  272/300 | train=0.005007 | val=0.004958 | best=0.004958@272 | patience=0/30 | time=0.72s *
[2026-04-27 00:20:53] epoch  273/300 | train=0.005008 | val=0.004965 | best=0.004958@272 | patience=1/30 | time=0.70s
[2026-04-27 00:20:54] epoch  274/300 | train=0.005001 | val=0.004968 | best=0.004958@272 | patience=2/30 | time=0.70s
[2026-04-27 00:20:54] epoch  275/300 | train=0.004997 | val=0.004956 | best=0.004956@275 | patience=0/30 | time=0.70s *
[2026-04-27 00:20:55] epoch  276/300 | train=0.004993 | val=0.004956 | best=0.004956@275 | patience=1/30 | time=0.70s
[2026-04-27 00:20:56] epoch  277/300 | train=0.004988 | val=0.004947 | best=0.004947@277 | patience=0/30 | time=0.71s *
[2026-04-27 00:20:57] epoch  278/300 | train=0.004985 | val=0.004943 | best=0.004943@278 | patience=0/30 | time=0.70s *
[2026-04-27 00:20:57] epoch  279/300 | train=0.004984 | val=0.004962 | best=0.004943@278 | patience=1/30 | time=0.70s
[2026-04-27 00:20:58] epoch  280/300 | train=0.004976 | val=0.004945 | best=0.004943@278 | patience=2/30 | time=0.70s
[2026-04-27 00:20:59] epoch  281/300 | train=0.004977 | val=0.004937 | best=0.004937@281 | patience=0/30 | time=0.70s *
[2026-04-27 00:21:00] epoch  282/300 | train=0.004969 | val=0.004933 | best=0.004933@282 | patience=0/30 | time=0.70s *
[2026-04-27 00:21:00] epoch  283/300 | train=0.004967 | val=0.004934 | best=0.004933@282 | patience=1/30 | time=0.70s
[2026-04-27 00:21:01] epoch  284/300 | train=0.004973 | val=0.005037 | best=0.004933@282 | patience=2/30 | time=0.70s
[2026-04-27 00:21:02] epoch  285/300 | train=0.004992 | val=0.004931 | best=0.004931@285 | patience=0/30 | time=0.70s *
[2026-04-27 00:21:03] epoch  286/300 | train=0.004950 | val=0.004942 | best=0.004931@285 | patience=1/30 | time=0.70s
[2026-04-27 00:21:03] epoch  287/300 | train=0.004960 | val=0.004921 | best=0.004921@287 | patience=0/30 | time=0.70s *
[2026-04-27 00:21:04] epoch  288/300 | train=0.004946 | val=0.004934 | best=0.004921@287 | patience=1/30 | time=0.73s
[2026-04-27 00:21:05] epoch  289/300 | train=0.004949 | val=0.004913 | best=0.004913@289 | patience=0/30 | time=0.70s *
[2026-04-27 00:21:06] epoch  290/300 | train=0.004932 | val=0.004895 | best=0.004895@290 | patience=0/30 | time=0.70s *
[2026-04-27 00:21:06] epoch  291/300 | train=0.004932 | val=0.004904 | best=0.004895@290 | patience=1/30 | time=0.70s
[2026-04-27 00:21:07] epoch  292/300 | train=0.004923 | val=0.004907 | best=0.004895@290 | patience=2/30 | time=0.70s
[2026-04-27 00:21:08] epoch  293/300 | train=0.004930 | val=0.004888 | best=0.004888@293 | patience=0/30 | time=0.70s *
[2026-04-27 00:21:09] epoch  294/300 | train=0.004922 | val=0.004912 | best=0.004888@293 | patience=1/30 | time=0.70s
[2026-04-27 00:21:09] epoch  295/300 | train=0.004929 | val=0.004886 | best=0.004886@295 | patience=0/30 | time=0.70s *
[2026-04-27 00:21:10] epoch  296/300 | train=0.004924 | val=0.004924 | best=0.004886@295 | patience=1/30 | time=0.70s
[2026-04-27 00:21:11] epoch  297/300 | train=0.004921 | val=0.004893 | best=0.004886@295 | patience=2/30 | time=0.70s
[2026-04-27 00:21:12] epoch  298/300 | train=0.004910 | val=0.004863 | best=0.004863@298 | patience=0/30 | time=0.70s *
[2026-04-27 00:21:12] epoch  299/300 | train=0.004904 | val=0.004893 | best=0.004863@298 | patience=1/30 | time=0.74s
[2026-04-27 00:21:13] epoch  300/300 | train=0.004898 | val=0.004864 | best=0.004863@298 | patience=2/30 | time=0.70s
[2026-04-27 00:21:13] Training done: stop_reason=max_epochs, total_epochs=300, best_epoch=298, best_val=0.004863
[2026-04-27 00:21:13] Reloading best checkpoint (epoch 298) for evaluation
[2026-04-27 00:21:15] ------------------------------------------------------------
[2026-04-27 00:21:15] Evaluation:
[2026-04-27 00:21:15]   AUC broken_lcfs         : 0.6099
[2026-04-27 00:21:15]   AUC bad_black_core      : 0.9526
[2026-04-27 00:21:15]   AUC bad_nonconverged    : 0.9306
[2026-04-27 00:21:15]   objective      : 0.8089
[2026-04-27 00:21:15]   floor_ok       : True
[2026-04-27 00:21:15]   threshold      : 0.0550
[2026-04-27 00:21:15]   mu / sigma     : 0.00489825 / 0.000925249
[2026-04-27 00:21:15] Train time=258.3s, eval time=1.6s
