[2026-04-27 01:59:36] ============================================================
[2026-04-27 01:59:36] Trial 32 starting on cuda:0
[2026-04-27 01:59:36] Timestamp: 2026-04-27T01:59:36.956276
[2026-04-27 01:59:36] --- Config summary ---
  bottleneck_dim  : 139
  n_enc_layers    : 4
  n_dec_layers    : 5
  base_channels   : 25
  growth_factor   : 1.5343512945554685
  use_batchnorm   : True
  use_hpf         : True
  hpf_sigma       : 1.0696541994219912
  lr              : 3.276488704982549e-05
  batch_size      : 56
  max_epochs      : 300
  patience        : 30
  seed            : 42
  deterministic   : False
  trial_num       : 32
[2026-04-27 01:59:36] Loading train/val/selection splits...
[2026-04-27 02:00:36] Splits loaded in 59.3s: n_train=722, n_val=120, n_selection=405
[2026-04-27 02:00:36] --- Architecture summary ---
  channels per enc layer : [25, 38, 59, 90]
  final spatial size     : 16x16
  flat size before latent: 23040
  bottleneck_dim         : 139
  total parameters       : 7,149,702
[2026-04-27 02:00:36] Starting training: n_train=722, n_val=120, device=cuda:0
[2026-04-27 02:04:21] epoch    1/300 | train=0.013480 | val=0.007695 | best=0.007695@1 | patience=0/30 | time=224.40s *
[2026-04-27 02:04:23] epoch    2/300 | train=0.008392 | val=0.006485 | best=0.006485@2 | patience=0/30 | time=2.52s *
[2026-04-27 02:04:27] epoch    3/300 | train=0.007124 | val=0.005972 | best=0.005972@3 | patience=0/30 | time=2.51s *
[2026-04-27 02:04:30] epoch    4/300 | train=0.006238 | val=0.005735 | best=0.005735@4 | patience=0/30 | time=2.54s *
[2026-04-27 02:04:33] epoch    5/300 | train=0.005446 | val=0.005478 | best=0.005478@5 | patience=0/30 | time=2.81s *
[2026-04-27 02:04:36] epoch    6/300 | train=0.004741 | val=0.004763 | best=0.004763@6 | patience=0/30 | time=2.55s *
[2026-04-27 02:04:39] epoch    7/300 | train=0.004180 | val=0.004153 | best=0.004153@7 | patience=0/30 | time=2.51s *
[2026-04-27 02:04:41] epoch    8/300 | train=0.003760 | val=0.003742 | best=0.003742@8 | patience=0/30 | time=2.50s *
[2026-04-27 02:04:44] epoch    9/300 | train=0.003448 | val=0.003452 | best=0.003452@9 | patience=0/30 | time=2.73s *
[2026-04-27 02:04:47] epoch   10/300 | train=0.003209 | val=0.003239 | best=0.003239@10 | patience=0/30 | time=2.50s *
[2026-04-27 02:04:50] epoch   11/300 | train=0.003016 | val=0.003072 | best=0.003072@11 | patience=0/30 | time=2.63s *
[2026-04-27 02:04:53] epoch   12/300 | train=0.002861 | val=0.002930 | best=0.002930@12 | patience=0/30 | time=2.53s *
[2026-04-27 02:04:56] epoch   13/300 | train=0.002739 | val=0.002815 | best=0.002815@13 | patience=0/30 | time=2.50s *
[2026-04-27 02:04:58] epoch   14/300 | train=0.002640 | val=0.002710 | best=0.002710@14 | patience=0/30 | time=2.51s *
[2026-04-27 02:05:02] epoch   15/300 | train=0.002556 | val=0.002619 | best=0.002619@15 | patience=0/30 | time=2.81s *
[2026-04-27 02:05:04] epoch   16/300 | train=0.002485 | val=0.002539 | best=0.002539@16 | patience=0/30 | time=2.54s *
[2026-04-27 02:05:07] epoch   17/300 | train=0.002419 | val=0.002471 | best=0.002471@17 | patience=0/30 | time=2.50s *
[2026-04-27 02:05:10] epoch   18/300 | train=0.002361 | val=0.002414 | best=0.002414@18 | patience=0/30 | time=2.50s *
[2026-04-27 02:05:13] epoch   19/300 | train=0.002311 | val=0.002359 | best=0.002359@19 | patience=0/30 | time=2.76s *
[2026-04-27 02:05:16] epoch   20/300 | train=0.002269 | val=0.002313 | best=0.002313@20 | patience=0/30 | time=2.62s *
[2026-04-27 02:05:19] epoch   21/300 | train=0.002231 | val=0.002268 | best=0.002268@21 | patience=0/30 | time=2.50s *
[2026-04-27 02:05:22] epoch   22/300 | train=0.002195 | val=0.002226 | best=0.002226@22 | patience=0/30 | time=2.53s *
[2026-04-27 02:05:24] epoch   23/300 | train=0.002160 | val=0.002189 | best=0.002189@23 | patience=0/30 | time=2.54s *
[2026-04-27 02:05:27] epoch   24/300 | train=0.002125 | val=0.002149 | best=0.002149@24 | patience=0/30 | time=2.50s *
[2026-04-27 02:05:30] epoch   25/300 | train=0.002091 | val=0.002121 | best=0.002121@25 | patience=0/30 | time=2.75s *
[2026-04-27 02:05:33] epoch   26/300 | train=0.002064 | val=0.002089 | best=0.002089@26 | patience=0/30 | time=2.54s *
[2026-04-27 02:05:36] epoch   27/300 | train=0.002038 | val=0.002064 | best=0.002064@27 | patience=0/30 | time=2.50s *
[2026-04-27 02:05:39] epoch   28/300 | train=0.002011 | val=0.002039 | best=0.002039@28 | patience=0/30 | time=2.50s *
[2026-04-27 02:05:42] epoch   29/300 | train=0.001989 | val=0.002012 | best=0.002012@29 | patience=0/30 | time=2.78s *
[2026-04-27 02:05:45] epoch   30/300 | train=0.001962 | val=0.001992 | best=0.001992@30 | patience=0/30 | time=2.62s *
[2026-04-27 02:05:47] epoch   31/300 | train=0.001949 | val=0.001976 | best=0.001976@31 | patience=0/30 | time=2.50s *
[2026-04-27 02:05:51] epoch   32/300 | train=0.001930 | val=0.001955 | best=0.001955@32 | patience=0/30 | time=2.50s *
[2026-04-27 02:05:54] epoch   33/300 | train=0.001912 | val=0.001955 | best=0.001955@32 | patience=1/30 | time=2.54s
[2026-04-27 02:05:57] epoch   34/300 | train=0.001903 | val=0.001923 | best=0.001923@34 | patience=0/30 | time=2.81s *
[2026-04-27 02:05:59] epoch   35/300 | train=0.001879 | val=0.001905 | best=0.001905@35 | patience=0/30 | time=2.50s *
[2026-04-27 02:06:02] epoch   36/300 | train=0.001865 | val=0.001895 | best=0.001895@36 | patience=0/30 | time=2.54s *
[2026-04-27 02:06:05] epoch   37/300 | train=0.001852 | val=0.001882 | best=0.001882@37 | patience=0/30 | time=2.50s *
[2026-04-27 02:06:08] epoch   38/300 | train=0.001839 | val=0.001865 | best=0.001865@38 | patience=0/30 | time=2.50s *
[2026-04-27 02:06:11] epoch   39/300 | train=0.001829 | val=0.001871 | best=0.001865@38 | patience=1/30 | time=2.78s
[2026-04-27 02:06:14] epoch   40/300 | train=0.001822 | val=0.001844 | best=0.001844@40 | patience=0/30 | time=2.63s *
[2026-04-27 02:06:17] epoch   41/300 | train=0.001807 | val=0.001832 | best=0.001832@41 | patience=0/30 | time=2.53s *
[2026-04-27 02:06:19] epoch   42/300 | train=0.001798 | val=0.001824 | best=0.001824@42 | patience=0/30 | time=2.50s *
[2026-04-27 02:06:22] epoch   43/300 | train=0.001790 | val=0.001818 | best=0.001818@43 | patience=0/30 | time=2.54s *
[2026-04-27 02:06:25] epoch   44/300 | train=0.001785 | val=0.001806 | best=0.001806@44 | patience=0/30 | time=2.76s *
[2026-04-27 02:06:28] epoch   45/300 | train=0.001777 | val=0.001800 | best=0.001800@45 | patience=0/30 | time=2.50s *
[2026-04-27 02:06:31] epoch   46/300 | train=0.001767 | val=0.001787 | best=0.001787@46 | patience=0/30 | time=2.54s *
[2026-04-27 02:06:34] epoch   47/300 | train=0.001757 | val=0.001781 | best=0.001781@47 | patience=0/30 | time=2.51s *
[2026-04-27 02:06:37] epoch   48/300 | train=0.001748 | val=0.001775 | best=0.001775@48 | patience=0/30 | time=2.50s *
[2026-04-27 02:06:40] epoch   49/300 | train=0.001738 | val=0.001761 | best=0.001761@49 | patience=0/30 | time=2.51s *
[2026-04-27 02:06:42] epoch   50/300 | train=0.001735 | val=0.001761 | best=0.001761@49 | patience=1/30 | time=2.63s
[2026-04-27 02:06:45] epoch   51/300 | train=0.001731 | val=0.001752 | best=0.001752@51 | patience=0/30 | time=2.53s *
[2026-04-27 02:06:48] epoch   52/300 | train=0.001722 | val=0.001747 | best=0.001747@52 | patience=0/30 | time=2.50s *
[2026-04-27 02:06:51] epoch   53/300 | train=0.001716 | val=0.001739 | best=0.001739@53 | patience=0/30 | time=2.54s *
[2026-04-27 02:06:54] epoch   54/300 | train=0.001709 | val=0.001736 | best=0.001736@54 | patience=0/30 | time=2.75s *
[2026-04-27 02:06:57] epoch   55/300 | train=0.001702 | val=0.001728 | best=0.001728@55 | patience=0/30 | time=2.55s *
[2026-04-27 02:07:00] epoch   56/300 | train=0.001700 | val=0.001719 | best=0.001719@56 | patience=0/30 | time=2.51s *
[2026-04-27 02:07:03] epoch   57/300 | train=0.001685 | val=0.001710 | best=0.001710@57 | patience=0/30 | time=2.51s *
[2026-04-27 02:07:06] epoch   58/300 | train=0.001677 | val=0.001694 | best=0.001694@58 | patience=0/30 | time=2.73s *
[2026-04-27 02:07:09] epoch   59/300 | train=0.001668 | val=0.001689 | best=0.001689@59 | patience=0/30 | time=2.51s *
[2026-04-27 02:07:12] epoch   60/300 | train=0.001665 | val=0.001691 | best=0.001689@59 | patience=1/30 | time=2.63s
[2026-04-27 02:07:14] epoch   61/300 | train=0.001666 | val=0.001685 | best=0.001685@61 | patience=0/30 | time=2.53s *
[2026-04-27 02:07:17] epoch   62/300 | train=0.001658 | val=0.001677 | best=0.001677@62 | patience=0/30 | time=2.50s *
[2026-04-27 02:07:20] epoch   63/300 | train=0.001652 | val=0.001670 | best=0.001670@63 | patience=0/30 | time=2.54s *
[2026-04-27 02:07:23] epoch   64/300 | train=0.001649 | val=0.001669 | best=0.001669@64 | patience=0/30 | time=2.82s *
[2026-04-27 02:07:26] epoch   65/300 | train=0.001647 | val=0.001669 | best=0.001669@64 | patience=1/30 | time=2.54s
[2026-04-27 02:07:29] epoch   66/300 | train=0.001644 | val=0.001664 | best=0.001664@66 | patience=0/30 | time=2.51s *
[2026-04-27 02:07:32] epoch   67/300 | train=0.001638 | val=0.001661 | best=0.001661@67 | patience=0/30 | time=2.51s *
[2026-04-27 02:07:35] epoch   68/300 | train=0.001636 | val=0.001655 | best=0.001655@68 | patience=0/30 | time=2.78s *
[2026-04-27 02:07:38] epoch   69/300 | train=0.001628 | val=0.001650 | best=0.001650@69 | patience=0/30 | time=2.50s *
[2026-04-27 02:07:41] epoch   70/300 | train=0.001622 | val=0.001646 | best=0.001646@70 | patience=0/30 | time=2.51s *
[2026-04-27 02:07:44] epoch   71/300 | train=0.001621 | val=0.001646 | best=0.001646@70 | patience=1/30 | time=2.53s
[2026-04-27 02:07:47] epoch   72/300 | train=0.001622 | val=0.001641 | best=0.001641@72 | patience=0/30 | time=2.50s *
[2026-04-27 02:07:49] epoch   73/300 | train=0.001617 | val=0.001637 | best=0.001637@73 | patience=0/30 | time=2.51s *
[2026-04-27 02:07:52] epoch   74/300 | train=0.001612 | val=0.001632 | best=0.001632@74 | patience=0/30 | time=2.81s *
[2026-04-27 02:07:55] epoch   75/300 | train=0.001608 | val=0.001631 | best=0.001631@75 | patience=0/30 | time=2.55s *
[2026-04-27 02:07:58] epoch   76/300 | train=0.001606 | val=0.001626 | best=0.001626@76 | patience=0/30 | time=2.50s *
[2026-04-27 02:08:01] epoch   77/300 | train=0.001600 | val=0.001626 | best=0.001626@76 | patience=1/30 | time=2.51s
[2026-04-27 02:08:04] epoch   78/300 | train=0.001601 | val=0.001622 | best=0.001622@78 | patience=0/30 | time=2.73s *
[2026-04-27 02:08:07] epoch   79/300 | train=0.001599 | val=0.001621 | best=0.001621@79 | patience=0/30 | time=2.50s *
[2026-04-27 02:08:10] epoch   80/300 | train=0.001597 | val=0.001616 | best=0.001616@80 | patience=0/30 | time=2.64s *
[2026-04-27 02:08:12] epoch   81/300 | train=0.001593 | val=0.001619 | best=0.001616@80 | patience=1/30 | time=2.53s
[2026-04-27 02:08:15] epoch   82/300 | train=0.001598 | val=0.001616 | best=0.001616@80 | patience=2/30 | time=2.50s
[2026-04-27 02:08:18] epoch   83/300 | train=0.001590 | val=0.001610 | best=0.001610@83 | patience=0/30 | time=2.50s *
[2026-04-27 02:08:22] epoch   84/300 | train=0.001584 | val=0.001607 | best=0.001607@84 | patience=0/30 | time=2.82s *
[2026-04-27 02:08:24] epoch   85/300 | train=0.001582 | val=0.001605 | best=0.001605@85 | patience=0/30 | time=2.55s *
[2026-04-27 02:08:27] epoch   86/300 | train=0.001575 | val=0.001597 | best=0.001597@86 | patience=0/30 | time=2.50s *
[2026-04-27 02:08:30] epoch   87/300 | train=0.001577 | val=0.001605 | best=0.001597@86 | patience=1/30 | time=2.51s
[2026-04-27 02:08:33] epoch   88/300 | train=0.001572 | val=0.001593 | best=0.001593@88 | patience=0/30 | time=2.78s *
[2026-04-27 02:08:36] epoch   89/300 | train=0.001576 | val=0.001598 | best=0.001593@88 | patience=1/30 | time=2.51s
[2026-04-27 02:08:38] epoch   90/300 | train=0.001572 | val=0.001596 | best=0.001593@88 | patience=2/30 | time=2.50s
[2026-04-27 02:08:41] epoch   91/300 | train=0.001569 | val=0.001587 | best=0.001587@91 | patience=0/30 | time=2.53s *
[2026-04-27 02:08:44] epoch   92/300 | train=0.001567 | val=0.001600 | best=0.001587@91 | patience=1/30 | time=2.54s
[2026-04-27 02:08:47] epoch   93/300 | train=0.001562 | val=0.001585 | best=0.001585@93 | patience=0/30 | time=2.51s *
[2026-04-27 02:08:50] epoch   94/300 | train=0.001560 | val=0.001588 | best=0.001585@93 | patience=1/30 | time=2.81s
[2026-04-27 02:08:52] epoch   95/300 | train=0.001559 | val=0.001578 | best=0.001578@95 | patience=0/30 | time=2.55s *
[2026-04-27 02:08:55] epoch   96/300 | train=0.001554 | val=0.001575 | best=0.001575@96 | patience=0/30 | time=2.50s *
[2026-04-27 02:08:58] epoch   97/300 | train=0.001548 | val=0.001571 | best=0.001571@97 | patience=0/30 | time=2.50s *
[2026-04-27 02:09:01] epoch   98/300 | train=0.001546 | val=0.001569 | best=0.001569@98 | patience=0/30 | time=2.78s *
[2026-04-27 02:09:04] epoch   99/300 | train=0.001541 | val=0.001567 | best=0.001567@99 | patience=0/30 | time=2.50s *
[2026-04-27 02:09:07] epoch  100/300 | train=0.001541 | val=0.001565 | best=0.001565@100 | patience=0/30 | time=2.50s *
[2026-04-27 02:09:09] epoch  101/300 | train=0.001539 | val=0.001567 | best=0.001565@100 | patience=1/30 | time=2.52s
[2026-04-27 02:09:12] epoch  102/300 | train=0.001544 | val=0.001570 | best=0.001565@100 | patience=2/30 | time=2.50s
[2026-04-27 02:09:15] epoch  103/300 | train=0.001554 | val=0.001586 | best=0.001565@100 | patience=3/30 | time=2.53s
[2026-04-27 02:09:18] epoch  104/300 | train=0.001548 | val=0.001568 | best=0.001565@100 | patience=4/30 | time=2.81s
[2026-04-27 02:09:20] epoch  105/300 | train=0.001542 | val=0.001561 | best=0.001561@105 | patience=0/30 | time=2.50s *
[2026-04-27 02:09:23] epoch  106/300 | train=0.001532 | val=0.001555 | best=0.001555@106 | patience=0/30 | time=2.51s *
[2026-04-27 02:09:26] epoch  107/300 | train=0.001528 | val=0.001551 | best=0.001551@107 | patience=0/30 | time=2.50s *
[2026-04-27 02:09:29] epoch  108/300 | train=0.001534 | val=0.001552 | best=0.001551@107 | patience=1/30 | time=2.72s
[2026-04-27 02:09:32] epoch  109/300 | train=0.001520 | val=0.001535 | best=0.001535@109 | patience=0/30 | time=2.50s *
[2026-04-27 02:09:35] epoch  110/300 | train=0.001509 | val=0.001534 | best=0.001534@110 | patience=0/30 | time=2.63s *
[2026-04-27 02:09:38] epoch  111/300 | train=0.001508 | val=0.001530 | best=0.001530@111 | patience=0/30 | time=2.52s *
[2026-04-27 02:09:41] epoch  112/300 | train=0.001504 | val=0.001528 | best=0.001528@112 | patience=0/30 | time=2.54s *
[2026-04-27 02:09:43] epoch  113/300 | train=0.001502 | val=0.001529 | best=0.001528@112 | patience=1/30 | time=2.50s
[2026-04-27 02:09:46] epoch  114/300 | train=0.001501 | val=0.001527 | best=0.001528@112 | patience=2/30 | time=2.76s
[2026-04-27 02:09:49] epoch  115/300 | train=0.001501 | val=0.001531 | best=0.001528@112 | patience=3/30 | time=2.55s
[2026-04-27 02:09:52] epoch  116/300 | train=0.001501 | val=0.001523 | best=0.001523@116 | patience=0/30 | time=2.51s *
[2026-04-27 02:09:54] epoch  117/300 | train=0.001499 | val=0.001529 | best=0.001523@116 | patience=1/30 | time=2.51s
[2026-04-27 02:09:57] epoch  118/300 | train=0.001498 | val=0.001519 | best=0.001519@118 | patience=0/30 | time=2.50s *
[2026-04-27 02:10:00] epoch  119/300 | train=0.001491 | val=0.001514 | best=0.001514@119 | patience=0/30 | time=2.50s *
[2026-04-27 02:10:03] epoch  120/300 | train=0.001490 | val=0.001519 | best=0.001514@119 | patience=1/30 | time=2.64s
[2026-04-27 02:10:05] epoch  121/300 | train=0.001492 | val=0.001514 | best=0.001514@119 | patience=2/30 | time=2.50s
[2026-04-27 02:10:08] epoch  122/300 | train=0.001489 | val=0.001514 | best=0.001514@119 | patience=3/30 | time=2.51s
[2026-04-27 02:10:11] epoch  123/300 | train=0.001485 | val=0.001510 | best=0.001510@123 | patience=0/30 | time=2.54s *
[2026-04-27 02:10:14] epoch  124/300 | train=0.001483 | val=0.001510 | best=0.001510@123 | patience=1/30 | time=2.75s
[2026-04-27 02:10:16] epoch  125/300 | train=0.001486 | val=0.001512 | best=0.001510@123 | patience=2/30 | time=2.51s
[2026-04-27 02:10:19] epoch  126/300 | train=0.001485 | val=0.001515 | best=0.001510@123 | patience=3/30 | time=2.55s
[2026-04-27 02:10:22] epoch  127/300 | train=0.001486 | val=0.001511 | best=0.001510@123 | patience=4/30 | time=2.50s
[2026-04-27 02:10:24] epoch  128/300 | train=0.001482 | val=0.001510 | best=0.001510@123 | patience=5/30 | time=2.51s
[2026-04-27 02:10:27] epoch  129/300 | train=0.001481 | val=0.001508 | best=0.001508@129 | patience=0/30 | time=2.74s *
[2026-04-27 02:10:30] epoch  130/300 | train=0.001476 | val=0.001500 | best=0.001500@130 | patience=0/30 | time=2.64s *
[2026-04-27 02:10:33] epoch  131/300 | train=0.001474 | val=0.001500 | best=0.001500@130 | patience=1/30 | time=2.50s
[2026-04-27 02:10:36] epoch  132/300 | train=0.001472 | val=0.001496 | best=0.001496@132 | patience=0/30 | time=2.53s *
[2026-04-27 02:10:38] epoch  133/300 | train=0.001471 | val=0.001496 | best=0.001496@132 | patience=1/30 | time=2.54s
[2026-04-27 02:10:41] epoch  134/300 | train=0.001473 | val=0.001499 | best=0.001496@132 | patience=2/30 | time=2.50s
[2026-04-27 02:10:44] epoch  135/300 | train=0.001470 | val=0.001494 | best=0.001494@135 | patience=0/30 | time=2.76s *
[2026-04-27 02:10:47] epoch  136/300 | train=0.001468 | val=0.001494 | best=0.001494@135 | patience=1/30 | time=2.55s
[2026-04-27 02:10:50] epoch  137/300 | train=0.001466 | val=0.001493 | best=0.001493@137 | patience=0/30 | time=2.50s *
[2026-04-27 02:10:52] epoch  138/300 | train=0.001467 | val=0.001490 | best=0.001490@138 | patience=0/30 | time=2.51s *
[2026-04-27 02:10:55] epoch  139/300 | train=0.001463 | val=0.001495 | best=0.001490@138 | patience=1/30 | time=2.78s
[2026-04-27 02:10:58] epoch  140/300 | train=0.001462 | val=0.001488 | best=0.001488@140 | patience=0/30 | time=2.62s *
[2026-04-27 02:11:01] epoch  141/300 | train=0.001461 | val=0.001491 | best=0.001488@140 | patience=1/30 | time=2.50s
[2026-04-27 02:11:03] epoch  142/300 | train=0.001460 | val=0.001498 | best=0.001488@140 | patience=2/30 | time=2.53s
[2026-04-27 02:11:06] epoch  143/300 | train=0.001462 | val=0.001487 | best=0.001487@143 | patience=0/30 | time=2.54s *
[2026-04-27 02:11:09] epoch  144/300 | train=0.001459 | val=0.001491 | best=0.001487@143 | patience=1/30 | time=2.50s
[2026-04-27 02:11:12] epoch  145/300 | train=0.001453 | val=0.001478 | best=0.001478@145 | patience=0/30 | time=2.76s *
[2026-04-27 02:11:15] epoch  146/300 | train=0.001451 | val=0.001483 | best=0.001478@145 | patience=1/30 | time=2.55s
[2026-04-27 02:11:18] epoch  147/300 | train=0.001451 | val=0.001477 | best=0.001478@145 | patience=2/30 | time=2.50s
[2026-04-27 02:11:21] epoch  148/300 | train=0.001451 | val=0.001478 | best=0.001478@145 | patience=3/30 | time=2.51s
[2026-04-27 02:11:24] epoch  149/300 | train=0.001448 | val=0.001474 | best=0.001474@149 | patience=0/30 | time=2.73s *
[2026-04-27 02:11:26] epoch  150/300 | train=0.001446 | val=0.001475 | best=0.001474@149 | patience=1/30 | time=2.64s
[2026-04-27 02:11:29] epoch  151/300 | train=0.001446 | val=0.001474 | best=0.001474@149 | patience=2/30 | time=2.50s
[2026-04-27 02:11:32] epoch  152/300 | train=0.001447 | val=0.001473 | best=0.001474@149 | patience=3/30 | time=2.53s
[2026-04-27 02:11:35] epoch  153/300 | train=0.001442 | val=0.001469 | best=0.001469@153 | patience=0/30 | time=2.53s *
[2026-04-27 02:11:37] epoch  154/300 | train=0.001442 | val=0.001471 | best=0.001469@153 | patience=1/30 | time=2.50s
[2026-04-27 02:11:40] epoch  155/300 | train=0.001438 | val=0.001467 | best=0.001467@155 | patience=0/30 | time=2.75s *
[2026-04-27 02:11:43] epoch  156/300 | train=0.001439 | val=0.001468 | best=0.001467@155 | patience=1/30 | time=2.54s
[2026-04-27 02:11:45] epoch  157/300 | train=0.001440 | val=0.001471 | best=0.001467@155 | patience=2/30 | time=2.50s
[2026-04-27 02:11:48] epoch  158/300 | train=0.001439 | val=0.001471 | best=0.001467@155 | patience=3/30 | time=2.51s
[2026-04-27 02:11:51] epoch  159/300 | train=0.001436 | val=0.001466 | best=0.001466@159 | patience=0/30 | time=2.74s *
[2026-04-27 02:11:54] epoch  160/300 | train=0.001435 | val=0.001460 | best=0.001460@160 | patience=0/30 | time=2.50s *
[2026-04-27 02:11:57] epoch  161/300 | train=0.001436 | val=0.001466 | best=0.001460@160 | patience=1/30 | time=2.64s
[2026-04-27 02:11:59] epoch  162/300 | train=0.001437 | val=0.001463 | best=0.001460@160 | patience=2/30 | time=2.53s
[2026-04-27 02:12:02] epoch  163/300 | train=0.001433 | val=0.001462 | best=0.001460@160 | patience=3/30 | time=2.50s
[2026-04-27 02:12:05] epoch  164/300 | train=0.001431 | val=0.001463 | best=0.001460@160 | patience=4/30 | time=2.53s
[2026-04-27 02:12:08] epoch  165/300 | train=0.001434 | val=0.001462 | best=0.001460@160 | patience=5/30 | time=2.81s
[2026-04-27 02:12:10] epoch  166/300 | train=0.001430 | val=0.001462 | best=0.001460@160 | patience=6/30 | time=2.50s
[2026-04-27 02:12:13] epoch  167/300 | train=0.001430 | val=0.001456 | best=0.001456@167 | patience=0/30 | time=2.55s *
[2026-04-27 02:12:16] epoch  168/300 | train=0.001431 | val=0.001461 | best=0.001456@167 | patience=1/30 | time=2.51s
[2026-04-27 02:12:18] epoch  169/300 | train=0.001427 | val=0.001457 | best=0.001456@167 | patience=2/30 | time=2.50s
[2026-04-27 02:12:21] epoch  170/300 | train=0.001426 | val=0.001457 | best=0.001456@167 | patience=3/30 | time=2.73s
[2026-04-27 02:12:24] epoch  171/300 | train=0.001429 | val=0.001456 | best=0.001456@167 | patience=4/30 | time=2.64s
[2026-04-27 02:12:27] epoch  172/300 | train=0.001428 | val=0.001457 | best=0.001456@167 | patience=5/30 | time=2.50s
[2026-04-27 02:12:29] epoch  173/300 | train=0.001425 | val=0.001454 | best=0.001454@173 | patience=0/30 | time=2.53s *
[2026-04-27 02:12:32] epoch  174/300 | train=0.001420 | val=0.001448 | best=0.001448@174 | patience=0/30 | time=2.54s *
[2026-04-27 02:12:35] epoch  175/300 | train=0.001419 | val=0.001450 | best=0.001448@174 | patience=1/30 | time=2.81s
[2026-04-27 02:12:38] epoch  176/300 | train=0.001422 | val=0.001453 | best=0.001448@174 | patience=2/30 | time=2.50s
[2026-04-27 02:12:41] epoch  177/300 | train=0.001423 | val=0.001458 | best=0.001448@174 | patience=3/30 | time=2.53s
[2026-04-27 02:12:44] epoch  178/300 | train=0.001423 | val=0.001451 | best=0.001448@174 | patience=4/30 | time=2.50s
[2026-04-27 02:12:46] epoch  179/300 | train=0.001417 | val=0.001448 | best=0.001448@174 | patience=5/30 | time=2.50s
[2026-04-27 02:12:49] epoch  180/300 | train=0.001414 | val=0.001445 | best=0.001445@180 | patience=0/30 | time=2.73s *
[2026-04-27 02:12:52] epoch  181/300 | train=0.001414 | val=0.001445 | best=0.001445@180 | patience=1/30 | time=2.64s
[2026-04-27 02:12:55] epoch  182/300 | train=0.001417 | val=0.001449 | best=0.001445@180 | patience=2/30 | time=2.50s
[2026-04-27 02:12:58] epoch  183/300 | train=0.001415 | val=0.001441 | best=0.001441@183 | patience=0/30 | time=2.53s *
[2026-04-27 02:13:00] epoch  184/300 | train=0.001410 | val=0.001439 | best=0.001439@184 | patience=0/30 | time=2.54s *
[2026-04-27 02:13:03] epoch  185/300 | train=0.001412 | val=0.001444 | best=0.001439@184 | patience=1/30 | time=2.77s
[2026-04-27 02:13:06] epoch  186/300 | train=0.001409 | val=0.001443 | best=0.001439@184 | patience=2/30 | time=2.50s
[2026-04-27 02:13:09] epoch  187/300 | train=0.001410 | val=0.001438 | best=0.001439@184 | patience=3/30 | time=2.55s
[2026-04-27 02:13:11] epoch  188/300 | train=0.001407 | val=0.001434 | best=0.001434@188 | patience=0/30 | time=2.50s *
[2026-04-27 02:13:14] epoch  189/300 | train=0.001401 | val=0.001432 | best=0.001432@189 | patience=0/30 | time=2.50s *
[2026-04-27 02:13:17] epoch  190/300 | train=0.001401 | val=0.001433 | best=0.001432@189 | patience=1/30 | time=2.74s
[2026-04-27 02:13:20] epoch  191/300 | train=0.001400 | val=0.001430 | best=0.001430@191 | patience=0/30 | time=2.62s *
[2026-04-27 02:13:23] epoch  192/300 | train=0.001397 | val=0.001430 | best=0.001430@191 | patience=1/30 | time=2.50s
[2026-04-27 02:13:25] epoch  193/300 | train=0.001399 | val=0.001431 | best=0.001430@191 | patience=2/30 | time=2.54s
[2026-04-27 02:13:28] epoch  194/300 | train=0.001398 | val=0.001432 | best=0.001430@191 | patience=3/30 | time=2.54s
[2026-04-27 02:13:31] epoch  195/300 | train=0.001402 | val=0.001430 | best=0.001430@191 | patience=4/30 | time=2.51s
[2026-04-27 02:13:34] epoch  196/300 | train=0.001395 | val=0.001430 | best=0.001430@191 | patience=5/30 | time=2.76s
[2026-04-27 02:13:36] epoch  197/300 | train=0.001398 | val=0.001434 | best=0.001430@191 | patience=6/30 | time=2.55s
[2026-04-27 02:13:39] epoch  198/300 | train=0.001397 | val=0.001430 | best=0.001430@191 | patience=7/30 | time=2.51s
[2026-04-27 02:13:42] epoch  199/300 | train=0.001397 | val=0.001432 | best=0.001430@191 | patience=8/30 | time=2.51s
[2026-04-27 02:13:45] epoch  200/300 | train=0.001393 | val=0.001429 | best=0.001429@200 | patience=0/30 | time=2.76s *
[2026-04-27 02:13:47] epoch  201/300 | train=0.001395 | val=0.001426 | best=0.001426@201 | patience=0/30 | time=2.51s *
[2026-04-27 02:13:50] epoch  202/300 | train=0.001393 | val=0.001427 | best=0.001426@201 | patience=1/30 | time=2.66s
[2026-04-27 02:13:53] epoch  203/300 | train=0.001392 | val=0.001427 | best=0.001426@201 | patience=2/30 | time=2.53s
[2026-04-27 02:13:56] epoch  204/300 | train=0.001391 | val=0.001422 | best=0.001422@204 | patience=0/30 | time=2.51s *
[2026-04-27 02:13:58] epoch  205/300 | train=0.001388 | val=0.001422 | best=0.001422@204 | patience=1/30 | time=2.54s
[2026-04-27 02:14:01] epoch  206/300 | train=0.001389 | val=0.001423 | best=0.001422@204 | patience=2/30 | time=2.75s
[2026-04-27 02:14:04] epoch  207/300 | train=0.001386 | val=0.001421 | best=0.001422@204 | patience=3/30 | time=2.54s
[2026-04-27 02:14:07] epoch  208/300 | train=0.001385 | val=0.001420 | best=0.001420@208 | patience=0/30 | time=2.51s *
[2026-04-27 02:14:10] epoch  209/300 | train=0.001385 | val=0.001419 | best=0.001420@208 | patience=1/30 | time=2.51s
[2026-04-27 02:14:13] epoch  210/300 | train=0.001390 | val=0.001418 | best=0.001418@210 | patience=0/30 | time=2.74s *
[2026-04-27 02:14:16] epoch  211/300 | train=0.001386 | val=0.001419 | best=0.001418@210 | patience=1/30 | time=2.50s
[2026-04-27 02:14:19] epoch  212/300 | train=0.001381 | val=0.001415 | best=0.001415@212 | patience=0/30 | time=2.64s *
[2026-04-27 02:14:21] epoch  213/300 | train=0.001380 | val=0.001413 | best=0.001413@213 | patience=0/30 | time=2.54s *
[2026-04-27 02:14:24] epoch  214/300 | train=0.001378 | val=0.001415 | best=0.001413@213 | patience=1/30 | time=2.53s
[2026-04-27 02:14:27] epoch  215/300 | train=0.001383 | val=0.001411 | best=0.001411@215 | patience=0/30 | time=2.50s *
[2026-04-27 02:14:30] epoch  216/300 | train=0.001378 | val=0.001413 | best=0.001411@215 | patience=1/30 | time=2.81s
[2026-04-27 02:14:33] epoch  217/300 | train=0.001379 | val=0.001414 | best=0.001411@215 | patience=2/30 | time=2.55s
[2026-04-27 02:14:35] epoch  218/300 | train=0.001378 | val=0.001411 | best=0.001411@215 | patience=3/30 | time=2.50s
[2026-04-27 02:14:38] epoch  219/300 | train=0.001377 | val=0.001413 | best=0.001411@215 | patience=4/30 | time=2.51s
[2026-04-27 02:14:41] epoch  220/300 | train=0.001380 | val=0.001413 | best=0.001411@215 | patience=5/30 | time=2.73s
[2026-04-27 02:14:44] epoch  221/300 | train=0.001376 | val=0.001409 | best=0.001409@221 | patience=0/30 | time=2.51s *
[2026-04-27 02:14:46] epoch  222/300 | train=0.001375 | val=0.001413 | best=0.001409@221 | patience=1/30 | time=2.63s
[2026-04-27 02:14:49] epoch  223/300 | train=0.001377 | val=0.001411 | best=0.001409@221 | patience=2/30 | time=2.53s
[2026-04-27 02:14:52] epoch  224/300 | train=0.001375 | val=0.001408 | best=0.001409@221 | patience=3/30 | time=2.50s
[2026-04-27 02:14:54] epoch  225/300 | train=0.001372 | val=0.001406 | best=0.001406@225 | patience=0/30 | time=2.53s *
[2026-04-27 02:14:58] epoch  226/300 | train=0.001371 | val=0.001404 | best=0.001404@226 | patience=0/30 | time=2.77s *
[2026-04-27 02:15:00] epoch  227/300 | train=0.001370 | val=0.001405 | best=0.001404@226 | patience=1/30 | time=2.50s
[2026-04-27 02:15:03] epoch  228/300 | train=0.001369 | val=0.001409 | best=0.001404@226 | patience=2/30 | time=2.53s
[2026-04-27 02:15:05] epoch  229/300 | train=0.001370 | val=0.001404 | best=0.001404@226 | patience=3/30 | time=2.51s
[2026-04-27 02:15:08] epoch  230/300 | train=0.001367 | val=0.001404 | best=0.001404@226 | patience=4/30 | time=2.50s
[2026-04-27 02:15:11] epoch  231/300 | train=0.001367 | val=0.001399 | best=0.001399@231 | patience=0/30 | time=2.78s *
[2026-04-27 02:15:14] epoch  232/300 | train=0.001365 | val=0.001399 | best=0.001399@231 | patience=1/30 | time=2.62s
[2026-04-27 02:15:17] epoch  233/300 | train=0.001364 | val=0.001400 | best=0.001399@231 | patience=2/30 | time=2.53s
[2026-04-27 02:15:20] epoch  234/300 | train=0.001365 | val=0.001401 | best=0.001399@231 | patience=3/30 | time=2.50s
[2026-04-27 02:15:23] epoch  235/300 | train=0.001363 | val=0.001395 | best=0.001395@235 | patience=0/30 | time=2.53s *
[2026-04-27 02:15:26] epoch  236/300 | train=0.001360 | val=0.001395 | best=0.001395@235 | patience=1/30 | time=2.75s
[2026-04-27 02:15:28] epoch  237/300 | train=0.001361 | val=0.001395 | best=0.001395@235 | patience=2/30 | time=2.50s
[2026-04-27 02:15:31] epoch  238/300 | train=0.001358 | val=0.001398 | best=0.001395@235 | patience=3/30 | time=2.55s
[2026-04-27 02:15:34] epoch  239/300 | train=0.001358 | val=0.001391 | best=0.001391@239 | patience=0/30 | time=2.51s *
[2026-04-27 02:15:36] epoch  240/300 | train=0.001354 | val=0.001392 | best=0.001391@239 | patience=1/30 | time=2.50s
[2026-04-27 02:15:40] epoch  241/300 | train=0.001353 | val=0.001388 | best=0.001388@241 | patience=0/30 | time=2.78s *
[2026-04-27 02:15:42] epoch  242/300 | train=0.001353 | val=0.001387 | best=0.001387@242 | patience=0/30 | time=2.62s *
[2026-04-27 02:15:45] epoch  243/300 | train=0.001352 | val=0.001394 | best=0.001387@242 | patience=1/30 | time=2.51s
[2026-04-27 02:15:48] epoch  244/300 | train=0.001357 | val=0.001389 | best=0.001387@242 | patience=2/30 | time=2.53s
[2026-04-27 02:15:50] epoch  245/300 | train=0.001351 | val=0.001387 | best=0.001387@242 | patience=3/30 | time=2.55s
[2026-04-27 02:15:53] epoch  246/300 | train=0.001354 | val=0.001387 | best=0.001387@242 | patience=4/30 | time=2.50s
[2026-04-27 02:15:56] epoch  247/300 | train=0.001352 | val=0.001394 | best=0.001387@242 | patience=5/30 | time=2.81s
[2026-04-27 02:15:58] epoch  248/300 | train=0.001356 | val=0.001389 | best=0.001387@242 | patience=6/30 | time=2.55s
[2026-04-27 02:16:01] epoch  249/300 | train=0.001348 | val=0.001382 | best=0.001382@249 | patience=0/30 | time=2.50s *
[2026-04-27 02:16:04] epoch  250/300 | train=0.001347 | val=0.001381 | best=0.001381@250 | patience=0/30 | time=2.51s *
[2026-04-27 02:16:07] epoch  251/300 | train=0.001344 | val=0.001380 | best=0.001381@250 | patience=1/30 | time=2.78s
[2026-04-27 02:16:10] epoch  252/300 | train=0.001344 | val=0.001383 | best=0.001381@250 | patience=2/30 | time=2.63s
[2026-04-27 02:16:12] epoch  253/300 | train=0.001347 | val=0.001381 | best=0.001381@250 | patience=3/30 | time=2.51s
[2026-04-27 02:16:15] epoch  254/300 | train=0.001346 | val=0.001385 | best=0.001381@250 | patience=4/30 | time=2.53s
[2026-04-27 02:16:18] epoch  255/300 | train=0.001348 | val=0.001384 | best=0.001381@250 | patience=5/30 | time=2.50s
[2026-04-27 02:16:20] epoch  256/300 | train=0.001343 | val=0.001380 | best=0.001381@250 | patience=6/30 | time=2.51s
[2026-04-27 02:16:23] epoch  257/300 | train=0.001342 | val=0.001382 | best=0.001381@250 | patience=7/30 | time=2.81s
[2026-04-27 02:16:26] epoch  258/300 | train=0.001341 | val=0.001376 | best=0.001376@258 | patience=0/30 | time=2.53s *
[2026-04-27 02:16:28] epoch  259/300 | train=0.001339 | val=0.001378 | best=0.001376@258 | patience=1/30 | time=2.51s
[2026-04-27 02:16:31] epoch  260/300 | train=0.001339 | val=0.001375 | best=0.001375@260 | patience=0/30 | time=2.51s *
[2026-04-27 02:16:34] epoch  261/300 | train=0.001337 | val=0.001374 | best=0.001374@261 | patience=0/30 | time=2.78s *
[2026-04-27 02:16:37] epoch  262/300 | train=0.001339 | val=0.001377 | best=0.001374@261 | patience=1/30 | time=2.51s
[2026-04-27 02:16:40] epoch  263/300 | train=0.001339 | val=0.001374 | best=0.001374@261 | patience=2/30 | time=2.62s
[2026-04-27 02:16:42] epoch  264/300 | train=0.001342 | val=0.001379 | best=0.001374@261 | patience=3/30 | time=2.52s
[2026-04-27 02:16:45] epoch  265/300 | train=0.001338 | val=0.001377 | best=0.001374@261 | patience=4/30 | time=2.50s
[2026-04-27 02:16:48] epoch  266/300 | train=0.001338 | val=0.001375 | best=0.001374@261 | patience=5/30 | time=2.53s
[2026-04-27 02:16:51] epoch  267/300 | train=0.001336 | val=0.001372 | best=0.001372@267 | patience=0/30 | time=2.81s *
[2026-04-27 02:16:53] epoch  268/300 | train=0.001339 | val=0.001376 | best=0.001372@267 | patience=1/30 | time=2.50s
[2026-04-27 02:16:56] epoch  269/300 | train=0.001335 | val=0.001374 | best=0.001372@267 | patience=2/30 | time=2.54s
[2026-04-27 02:16:59] epoch  270/300 | train=0.001334 | val=0.001372 | best=0.001372@267 | patience=3/30 | time=2.51s
[2026-04-27 02:17:01] epoch  271/300 | train=0.001334 | val=0.001372 | best=0.001372@267 | patience=4/30 | time=2.50s
[2026-04-27 02:17:04] epoch  272/300 | train=0.001331 | val=0.001368 | best=0.001368@272 | patience=0/30 | time=2.73s *
[2026-04-27 02:17:07] epoch  273/300 | train=0.001331 | val=0.001369 | best=0.001368@272 | patience=1/30 | time=2.62s
[2026-04-27 02:17:09] epoch  274/300 | train=0.001332 | val=0.001369 | best=0.001368@272 | patience=2/30 | time=2.50s
[2026-04-27 02:17:12] epoch  275/300 | train=0.001335 | val=0.001369 | best=0.001368@272 | patience=3/30 | time=2.54s
[2026-04-27 02:17:15] epoch  276/300 | train=0.001329 | val=0.001368 | best=0.001368@272 | patience=4/30 | time=2.54s
[2026-04-27 02:17:18] epoch  277/300 | train=0.001327 | val=0.001365 | best=0.001365@277 | patience=0/30 | time=2.50s *
[2026-04-27 02:17:21] epoch  278/300 | train=0.001326 | val=0.001363 | best=0.001363@278 | patience=0/30 | time=2.82s *
[2026-04-27 02:17:23] epoch  279/300 | train=0.001325 | val=0.001365 | best=0.001363@278 | patience=1/30 | time=2.55s
[2026-04-27 02:17:26] epoch  280/300 | train=0.001327 | val=0.001366 | best=0.001363@278 | patience=2/30 | time=2.50s
[2026-04-27 02:17:29] epoch  281/300 | train=0.001324 | val=0.001363 | best=0.001363@278 | patience=3/30 | time=2.51s
[2026-04-27 02:17:31] epoch  282/300 | train=0.001323 | val=0.001365 | best=0.001363@278 | patience=4/30 | time=2.78s
[2026-04-27 02:17:34] epoch  283/300 | train=0.001325 | val=0.001374 | best=0.001363@278 | patience=5/30 | time=2.51s
[2026-04-27 02:17:37] epoch  284/300 | train=0.001327 | val=0.001363 | best=0.001363@278 | patience=6/30 | time=2.65s
[2026-04-27 02:17:40] epoch  285/300 | train=0.001322 | val=0.001360 | best=0.001360@285 | patience=0/30 | time=2.54s *
[2026-04-27 02:17:42] epoch  286/300 | train=0.001322 | val=0.001364 | best=0.001360@285 | patience=1/30 | time=2.54s
[2026-04-27 02:17:45] epoch  287/300 | train=0.001322 | val=0.001362 | best=0.001360@285 | patience=2/30 | time=2.50s
[2026-04-27 02:17:48] epoch  288/300 | train=0.001322 | val=0.001361 | best=0.001360@285 | patience=3/30 | time=2.81s
[2026-04-27 02:17:50] epoch  289/300 | train=0.001322 | val=0.001366 | best=0.001360@285 | patience=4/30 | time=2.55s
[2026-04-27 02:17:53] epoch  290/300 | train=0.001321 | val=0.001364 | best=0.001360@285 | patience=5/30 | time=2.51s
[2026-04-27 02:17:57] epoch  291/300 | train=0.001320 | val=0.001358 | best=0.001358@291 | patience=0/30 | time=2.51s *
[2026-04-27 02:17:59] epoch  292/300 | train=0.001317 | val=0.001359 | best=0.001358@291 | patience=1/30 | time=2.78s
[2026-04-27 02:18:02] epoch  293/300 | train=0.001319 | val=0.001358 | best=0.001358@291 | patience=2/30 | time=2.51s
[2026-04-27 02:18:05] epoch  294/300 | train=0.001317 | val=0.001357 | best=0.001357@294 | patience=0/30 | time=2.64s *
[2026-04-27 02:18:08] epoch  295/300 | train=0.001317 | val=0.001361 | best=0.001357@294 | patience=1/30 | time=2.54s
[2026-04-27 02:18:10] epoch  296/300 | train=0.001321 | val=0.001359 | best=0.001357@294 | patience=2/30 | time=2.50s
[2026-04-27 02:18:13] epoch  297/300 | train=0.001317 | val=0.001360 | best=0.001357@294 | patience=3/30 | time=2.54s
[2026-04-27 02:18:16] epoch  298/300 | train=0.001318 | val=0.001358 | best=0.001357@294 | patience=4/30 | time=2.81s
[2026-04-27 02:18:19] epoch  299/300 | train=0.001318 | val=0.001360 | best=0.001357@294 | patience=5/30 | time=2.54s
[2026-04-27 02:18:21] epoch  300/300 | train=0.001317 | val=0.001358 | best=0.001357@294 | patience=6/30 | time=2.51s
[2026-04-27 02:18:21] Training done: stop_reason=max_epochs, total_epochs=300, best_epoch=294, best_val=0.001357
[2026-04-27 02:18:21] Reloading best checkpoint (epoch 294) for evaluation
[2026-04-27 02:18:27] ------------------------------------------------------------
[2026-04-27 02:18:27] Evaluation:
[2026-04-27 02:18:27]   AUC broken_lcfs         : 0.6284
[2026-04-27 02:18:27]   AUC bad_black_core      : 0.9886
[2026-04-27 02:18:27]   AUC bad_nonconverged    : 0.9973
[2026-04-27 02:18:27]   objective      : 0.8472
[2026-04-27 02:18:27]   floor_ok       : True
[2026-04-27 02:18:27]   threshold      : 0.0769
[2026-04-27 02:18:27]   mu / sigma     : 0.00131648 / 0.000260464
[2026-04-27 02:18:27] Train time=1065.3s, eval time=5.8s
