[2026-04-27 10:17:22] ============================================================
[2026-04-27 10:17:22] Trial 161 starting on cuda:0
[2026-04-27 10:17:22] Timestamp: 2026-04-27T10:17:22.435701
[2026-04-27 10:17:22] --- Config summary ---
  bottleneck_dim  : 212
  n_enc_layers    : 2
  n_dec_layers    : 3
  base_channels   : 35
  growth_factor   : 2.1408745911103075
  use_batchnorm   : True
  use_hpf         : True
  hpf_sigma       : 1.028238889888469
  lr              : 0.00021252670634857297
  batch_size      : 24
  max_epochs      : 300
  patience        : 30
  seed            : 42
  deterministic   : False
  trial_num       : 161
[2026-04-27 10:17:22] Loading train/val/selection splits...
[2026-04-27 10:18:21] Splits loaded in 59.4s: n_train=722, n_val=120, n_selection=405
[2026-04-27 10:18:28] --- Architecture summary ---
  channels per enc layer : [35, 75]
  final spatial size     : 64x64
  flat size before latent: 307200
  bottleneck_dim         : 212
  total parameters       : 130,783,058
[2026-04-27 10:18:28] Starting training: n_train=722, n_val=120, device=cuda:0
[2026-04-27 10:19:41] epoch    1/300 | train=0.003416 | val=0.003274 | best=0.003274@1 | patience=0/30 | time=68.42s *
[2026-04-27 10:19:49] epoch    2/300 | train=0.001501 | val=0.001604 | best=0.001604@2 | patience=0/30 | time=3.57s *
[2026-04-27 10:19:56] epoch    3/300 | train=0.001463 | val=0.001427 | best=0.001427@3 | patience=0/30 | time=3.29s *
[2026-04-27 10:20:04] epoch    4/300 | train=0.001448 | val=0.001413 | best=0.001413@4 | patience=0/30 | time=3.51s *
[2026-04-27 10:20:11] epoch    5/300 | train=0.001427 | val=0.001405 | best=0.001405@5 | patience=0/30 | time=3.30s *
[2026-04-27 10:20:19] epoch    6/300 | train=0.001404 | val=0.001392 | best=0.001392@6 | patience=0/30 | time=3.53s *
[2026-04-27 10:20:26] epoch    7/300 | train=0.001389 | val=0.001381 | best=0.001381@7 | patience=0/30 | time=3.29s *
[2026-04-27 10:20:34] epoch    8/300 | train=0.001353 | val=0.001342 | best=0.001342@8 | patience=0/30 | time=3.52s *
[2026-04-27 10:20:41] epoch    9/300 | train=0.001313 | val=0.001287 | best=0.001287@9 | patience=0/30 | time=3.30s *
[2026-04-27 10:20:49] epoch   10/300 | train=0.001281 | val=0.001280 | best=0.001280@10 | patience=0/30 | time=3.51s *
[2026-04-27 10:20:56] epoch   11/300 | train=0.001267 | val=0.001253 | best=0.001253@11 | patience=0/30 | time=3.28s *
[2026-04-27 10:21:04] epoch   12/300 | train=0.001238 | val=0.001243 | best=0.001243@12 | patience=0/30 | time=3.50s *
[2026-04-27 10:21:11] epoch   13/300 | train=0.001225 | val=0.001223 | best=0.001223@13 | patience=0/30 | time=3.30s *
[2026-04-27 10:21:19] epoch   14/300 | train=0.001210 | val=0.001211 | best=0.001211@14 | patience=0/30 | time=3.51s *
[2026-04-27 10:21:26] epoch   15/300 | train=0.001196 | val=0.001207 | best=0.001207@15 | patience=0/30 | time=3.29s *
[2026-04-27 10:21:34] epoch   16/300 | train=0.001185 | val=0.001188 | best=0.001188@16 | patience=0/30 | time=3.28s *
[2026-04-27 10:21:41] epoch   17/300 | train=0.001170 | val=0.001178 | best=0.001178@17 | patience=0/30 | time=3.27s *
[2026-04-27 10:21:48] epoch   18/300 | train=0.001167 | val=0.001165 | best=0.001165@18 | patience=0/30 | time=3.27s *
[2026-04-27 10:21:56] epoch   19/300 | train=0.001148 | val=0.001156 | best=0.001156@19 | patience=0/30 | time=3.27s *
[2026-04-27 10:21:59] epoch   20/300 | train=0.001139 | val=0.001174 | best=0.001156@19 | patience=1/30 | time=3.27s
[2026-04-27 10:22:07] epoch   21/300 | train=0.001140 | val=0.001146 | best=0.001146@21 | patience=0/30 | time=3.42s *
[2026-04-27 10:22:14] epoch   22/300 | train=0.001128 | val=0.001132 | best=0.001132@22 | patience=0/30 | time=3.49s *
[2026-04-27 10:22:17] epoch   23/300 | train=0.001116 | val=0.001140 | best=0.001132@22 | patience=1/30 | time=3.30s
[2026-04-27 10:22:25] epoch   24/300 | train=0.001110 | val=0.001124 | best=0.001124@24 | patience=0/30 | time=3.30s *
[2026-04-27 10:22:32] epoch   25/300 | train=0.001106 | val=0.001114 | best=0.001114@25 | patience=0/30 | time=3.45s *
[2026-04-27 10:22:36] epoch   26/300 | train=0.001097 | val=0.001130 | best=0.001114@25 | patience=1/30 | time=3.54s
[2026-04-27 10:22:43] epoch   27/300 | train=0.001093 | val=0.001105 | best=0.001105@27 | patience=0/30 | time=3.40s *
[2026-04-27 10:22:47] epoch   28/300 | train=0.001082 | val=0.001113 | best=0.001105@27 | patience=1/30 | time=3.31s
[2026-04-27 10:22:55] epoch   29/300 | train=0.001080 | val=0.001092 | best=0.001092@29 | patience=0/30 | time=3.52s *
[2026-04-27 10:23:02] epoch   30/300 | train=0.001073 | val=0.001083 | best=0.001083@30 | patience=0/30 | time=3.28s *
[2026-04-27 10:23:09] epoch   31/300 | train=0.001067 | val=0.001071 | best=0.001071@31 | patience=0/30 | time=3.41s *
[2026-04-27 10:23:13] epoch   32/300 | train=0.001057 | val=0.001072 | best=0.001071@31 | patience=1/30 | time=3.30s
[2026-04-27 10:23:21] epoch   33/300 | train=0.001056 | val=0.001063 | best=0.001063@33 | patience=0/30 | time=3.52s *
[2026-04-27 10:23:24] epoch   34/300 | train=0.001043 | val=0.001068 | best=0.001063@33 | patience=1/30 | time=3.27s
[2026-04-27 10:23:28] epoch   35/300 | train=0.001042 | val=0.001067 | best=0.001063@33 | patience=2/30 | time=3.29s
[2026-04-27 10:23:35] epoch   36/300 | train=0.001033 | val=0.001053 | best=0.001053@36 | patience=0/30 | time=3.27s *
[2026-04-27 10:23:42] epoch   37/300 | train=0.001030 | val=0.001045 | best=0.001045@37 | patience=0/30 | time=3.38s *
[2026-04-27 10:23:46] epoch   38/300 | train=0.001020 | val=0.001100 | best=0.001045@37 | patience=1/30 | time=3.30s
[2026-04-27 10:23:49] epoch   39/300 | train=0.001029 | val=0.001052 | best=0.001045@37 | patience=2/30 | time=3.51s
[2026-04-27 10:23:53] epoch   40/300 | train=0.001015 | val=0.001049 | best=0.001045@37 | patience=3/30 | time=3.41s
[2026-04-27 10:24:00] epoch   41/300 | train=0.001011 | val=0.001040 | best=0.001040@41 | patience=0/30 | time=3.27s *
[2026-04-27 10:24:04] epoch   42/300 | train=0.001007 | val=0.001068 | best=0.001040@41 | patience=1/30 | time=3.50s
[2026-04-27 10:24:11] epoch   43/300 | train=0.001004 | val=0.001026 | best=0.001026@43 | patience=0/30 | time=3.38s *
[2026-04-27 10:24:19] epoch   44/300 | train=0.000996 | val=0.001022 | best=0.001022@44 | patience=0/30 | time=3.30s *
[2026-04-27 10:24:22] epoch   45/300 | train=0.000991 | val=0.001045 | best=0.001022@44 | patience=1/30 | time=3.43s
[2026-04-27 10:24:26] epoch   46/300 | train=0.000991 | val=0.001031 | best=0.001022@44 | patience=2/30 | time=3.27s
[2026-04-27 10:24:33] epoch   47/300 | train=0.000986 | val=0.001012 | best=0.001012@47 | patience=0/30 | time=3.49s *
[2026-04-27 10:24:37] epoch   48/300 | train=0.000981 | val=0.001030 | best=0.001012@47 | patience=1/30 | time=3.29s
[2026-04-27 10:24:44] epoch   49/300 | train=0.000977 | val=0.001002 | best=0.001002@49 | patience=0/30 | time=3.30s *
[2026-04-27 10:24:52] epoch   50/300 | train=0.000972 | val=0.000994 | best=0.000994@50 | patience=0/30 | time=3.42s *
[2026-04-27 10:24:55] epoch   51/300 | train=0.000967 | val=0.001014 | best=0.000994@50 | patience=1/30 | time=3.53s
[2026-04-27 10:24:59] epoch   52/300 | train=0.000964 | val=0.000999 | best=0.000994@50 | patience=2/30 | time=3.40s
[2026-04-27 10:25:06] epoch   53/300 | train=0.000957 | val=0.000990 | best=0.000990@53 | patience=0/30 | time=3.27s *
[2026-04-27 10:25:09] epoch   54/300 | train=0.000953 | val=0.000994 | best=0.000990@53 | patience=1/30 | time=3.29s
[2026-04-27 10:25:17] epoch   55/300 | train=0.000952 | val=0.000982 | best=0.000982@55 | patience=0/30 | time=3.31s *
[2026-04-27 10:25:21] epoch   56/300 | train=0.000947 | val=0.000984 | best=0.000982@55 | patience=1/30 | time=3.27s
[2026-04-27 10:25:28] epoch   57/300 | train=0.000942 | val=0.000980 | best=0.000980@57 | patience=0/30 | time=3.27s *
[2026-04-27 10:25:32] epoch   58/300 | train=0.000942 | val=0.000992 | best=0.000980@57 | patience=1/30 | time=3.39s
[2026-04-27 10:25:39] epoch   59/300 | train=0.000936 | val=0.000966 | best=0.000966@59 | patience=0/30 | time=3.29s *
[2026-04-27 10:25:43] epoch   60/300 | train=0.000933 | val=0.000987 | best=0.000966@59 | patience=1/30 | time=3.57s
[2026-04-27 10:25:50] epoch   61/300 | train=0.000930 | val=0.000963 | best=0.000963@61 | patience=0/30 | time=3.42s *
[2026-04-27 10:25:54] epoch   62/300 | train=0.000923 | val=0.000970 | best=0.000963@61 | patience=1/30 | time=3.49s
[2026-04-27 10:25:57] epoch   63/300 | train=0.000921 | val=0.000968 | best=0.000963@61 | patience=2/30 | time=3.39s
[2026-04-27 10:26:01] epoch   64/300 | train=0.000917 | val=0.000968 | best=0.000963@61 | patience=3/30 | time=3.30s
[2026-04-27 10:26:04] epoch   65/300 | train=0.000918 | val=0.000975 | best=0.000963@61 | patience=4/30 | time=3.27s
[2026-04-27 10:26:12] epoch   66/300 | train=0.000911 | val=0.000961 | best=0.000961@66 | patience=0/30 | time=3.30s *
[2026-04-27 10:26:15] epoch   67/300 | train=0.000909 | val=0.000968 | best=0.000961@66 | patience=1/30 | time=3.28s
[2026-04-27 10:26:23] epoch   68/300 | train=0.000905 | val=0.000951 | best=0.000951@68 | patience=0/30 | time=3.43s *
[2026-04-27 10:26:26] epoch   69/300 | train=0.000904 | val=0.000993 | best=0.000951@68 | patience=1/30 | time=3.50s
[2026-04-27 10:26:30] epoch   70/300 | train=0.000899 | val=0.000956 | best=0.000951@68 | patience=2/30 | time=3.38s
[2026-04-27 10:26:37] epoch   71/300 | train=0.000898 | val=0.000942 | best=0.000942@71 | patience=0/30 | time=3.30s *
[2026-04-27 10:26:41] epoch   72/300 | train=0.000892 | val=0.000984 | best=0.000942@71 | patience=1/30 | time=3.57s
[2026-04-27 10:26:44] epoch   73/300 | train=0.000895 | val=0.000947 | best=0.000942@71 | patience=2/30 | time=3.43s
[2026-04-27 10:26:48] epoch   74/300 | train=0.000885 | val=0.000946 | best=0.000942@71 | patience=3/30 | time=3.27s
[2026-04-27 10:26:55] epoch   75/300 | train=0.000882 | val=0.000937 | best=0.000937@75 | patience=0/30 | time=3.54s *
[2026-04-27 10:27:03] epoch   76/300 | train=0.000887 | val=0.000933 | best=0.000933@76 | patience=0/30 | time=3.29s *
[2026-04-27 10:27:06] epoch   77/300 | train=0.000881 | val=0.000937 | best=0.000933@76 | patience=1/30 | time=3.56s
[2026-04-27 10:27:10] epoch   78/300 | train=0.000884 | val=0.000978 | best=0.000933@76 | patience=2/30 | time=3.41s
[2026-04-27 10:27:13] epoch   79/300 | train=0.000878 | val=0.000948 | best=0.000933@76 | patience=3/30 | time=3.27s
[2026-04-27 10:27:21] epoch   80/300 | train=0.000872 | val=0.000927 | best=0.000927@80 | patience=0/30 | time=3.27s *
[2026-04-27 10:27:24] epoch   81/300 | train=0.000875 | val=0.000967 | best=0.000927@80 | patience=1/30 | time=3.39s
[2026-04-27 10:27:31] epoch   82/300 | train=0.000871 | val=0.000925 | best=0.000925@82 | patience=0/30 | time=3.30s *
[2026-04-27 10:27:35] epoch   83/300 | train=0.000864 | val=0.001070 | best=0.000925@82 | patience=1/30 | time=3.51s
[2026-04-27 10:27:42] epoch   84/300 | train=0.000870 | val=0.000920 | best=0.000920@84 | patience=0/30 | time=3.42s *
[2026-04-27 10:27:46] epoch   85/300 | train=0.000867 | val=0.000921 | best=0.000920@84 | patience=1/30 | time=3.49s
[2026-04-27 10:27:53] epoch   86/300 | train=0.000858 | val=0.000915 | best=0.000915@86 | patience=0/30 | time=3.38s *
[2026-04-27 10:27:57] epoch   87/300 | train=0.000854 | val=0.000941 | best=0.000915@86 | patience=1/30 | time=3.30s
[2026-04-27 10:28:05] epoch   88/300 | train=0.000859 | val=0.000912 | best=0.000912@88 | patience=0/30 | time=3.56s *
[2026-04-27 10:28:08] epoch   89/300 | train=0.000848 | val=0.000915 | best=0.000912@88 | patience=1/30 | time=3.28s
[2026-04-27 10:28:12] epoch   90/300 | train=0.000844 | val=0.000918 | best=0.000912@88 | patience=2/30 | time=3.27s
[2026-04-27 10:28:19] epoch   91/300 | train=0.000846 | val=0.000900 | best=0.000900@91 | patience=0/30 | time=3.27s *
[2026-04-27 10:28:23] epoch   92/300 | train=0.000840 | val=0.000924 | best=0.000900@91 | patience=1/30 | time=3.40s
[2026-04-27 10:28:26] epoch   93/300 | train=0.000843 | val=0.000931 | best=0.000900@91 | patience=2/30 | time=3.30s
[2026-04-27 10:28:29] epoch   94/300 | train=0.000843 | val=0.000907 | best=0.000900@91 | patience=3/30 | time=3.31s
[2026-04-27 10:28:33] epoch   95/300 | train=0.000836 | val=0.000966 | best=0.000900@91 | patience=4/30 | time=3.56s
[2026-04-27 10:28:37] epoch   96/300 | train=0.000832 | val=0.000915 | best=0.000900@91 | patience=5/30 | time=3.43s
[2026-04-27 10:28:40] epoch   97/300 | train=0.000831 | val=0.000947 | best=0.000900@91 | patience=6/30 | time=3.27s
[2026-04-27 10:28:43] epoch   98/300 | train=0.000830 | val=0.000900 | best=0.000900@91 | patience=7/30 | time=3.27s
[2026-04-27 10:28:51] epoch   99/300 | train=0.000829 | val=0.000891 | best=0.000891@99 | patience=0/30 | time=3.27s *
[2026-04-27 10:28:54] epoch  100/300 | train=0.000823 | val=0.000897 | best=0.000891@99 | patience=1/30 | time=3.30s
[2026-04-27 10:28:58] epoch  101/300 | train=0.000821 | val=0.000909 | best=0.000891@99 | patience=2/30 | time=3.30s
[2026-04-27 10:29:01] epoch  102/300 | train=0.000820 | val=0.000907 | best=0.000891@99 | patience=3/30 | time=3.57s
[2026-04-27 10:29:05] epoch  103/300 | train=0.000817 | val=0.000903 | best=0.000891@99 | patience=4/30 | time=3.43s
[2026-04-27 10:29:08] epoch  104/300 | train=0.000814 | val=0.000894 | best=0.000891@99 | patience=5/30 | time=3.27s
[2026-04-27 10:29:12] epoch  105/300 | train=0.000812 | val=0.000906 | best=0.000891@99 | patience=6/30 | time=3.49s
[2026-04-27 10:29:16] epoch  106/300 | train=0.000806 | val=0.000896 | best=0.000891@99 | patience=7/30 | time=3.39s
[2026-04-27 10:29:23] epoch  107/300 | train=0.000808 | val=0.000881 | best=0.000881@107 | patience=0/30 | time=3.27s *
[2026-04-27 10:29:26] epoch  108/300 | train=0.000803 | val=0.000893 | best=0.000881@107 | patience=1/30 | time=3.30s
[2026-04-27 10:29:30] epoch  109/300 | train=0.000803 | val=0.000900 | best=0.000881@107 | patience=2/30 | time=3.52s
[2026-04-27 10:29:33] epoch  110/300 | train=0.000805 | val=0.000880 | best=0.000881@107 | patience=3/30 | time=3.41s
[2026-04-27 10:29:37] epoch  111/300 | train=0.000800 | val=0.000920 | best=0.000881@107 | patience=4/30 | time=3.27s
[2026-04-27 10:29:40] epoch  112/300 | train=0.000800 | val=0.000927 | best=0.000881@107 | patience=5/30 | time=3.48s
[2026-04-27 10:29:48] epoch  113/300 | train=0.000796 | val=0.000876 | best=0.000876@113 | patience=0/30 | time=3.40s *
[2026-04-27 10:29:51] epoch  114/300 | train=0.000789 | val=0.000891 | best=0.000876@113 | patience=1/30 | time=3.30s
[2026-04-27 10:29:55] epoch  115/300 | train=0.000786 | val=0.000882 | best=0.000876@113 | patience=2/30 | time=3.27s
[2026-04-27 10:30:03] epoch  116/300 | train=0.000784 | val=0.000871 | best=0.000871@116 | patience=0/30 | time=3.52s *
[2026-04-27 10:30:06] epoch  117/300 | train=0.000781 | val=0.000874 | best=0.000871@116 | patience=1/30 | time=3.29s
[2026-04-27 10:30:09] epoch  118/300 | train=0.000779 | val=0.000904 | best=0.000871@116 | patience=2/30 | time=3.27s
[2026-04-27 10:30:13] epoch  119/300 | train=0.000780 | val=0.000876 | best=0.000871@116 | patience=3/30 | time=3.55s
[2026-04-27 10:30:17] epoch  120/300 | train=0.000775 | val=0.000887 | best=0.000871@116 | patience=4/30 | time=3.39s
[2026-04-27 10:30:20] epoch  121/300 | train=0.000775 | val=0.000878 | best=0.000871@116 | patience=5/30 | time=3.30s
[2026-04-27 10:30:23] epoch  122/300 | train=0.000774 | val=0.000888 | best=0.000871@116 | patience=6/30 | time=3.27s
[2026-04-27 10:30:27] epoch  123/300 | train=0.000772 | val=0.000887 | best=0.000871@116 | patience=7/30 | time=3.27s
[2026-04-27 10:30:30] epoch  124/300 | train=0.000769 | val=0.000873 | best=0.000871@116 | patience=8/30 | time=3.51s
[2026-04-27 10:30:34] epoch  125/300 | train=0.000768 | val=0.000880 | best=0.000871@116 | patience=9/30 | time=3.42s
[2026-04-27 10:30:37] epoch  126/300 | train=0.000762 | val=0.000892 | best=0.000871@116 | patience=10/30 | time=3.28s
[2026-04-27 10:30:45] epoch  127/300 | train=0.000760 | val=0.000869 | best=0.000869@127 | patience=0/30 | time=3.55s *
[2026-04-27 10:30:49] epoch  128/300 | train=0.000756 | val=0.000994 | best=0.000869@127 | patience=1/30 | time=3.30s
[2026-04-27 10:30:52] epoch  129/300 | train=0.000768 | val=0.003013 | best=0.000869@127 | patience=2/30 | time=3.30s
[2026-04-27 10:30:56] epoch  130/300 | train=0.000821 | val=0.001006 | best=0.000869@127 | patience=3/30 | time=3.52s
[2026-04-27 10:31:03] epoch  131/300 | train=0.000779 | val=0.000862 | best=0.000862@131 | patience=0/30 | time=3.27s *
[2026-04-27 10:31:07] epoch  132/300 | train=0.000759 | val=0.000880 | best=0.000862@131 | patience=1/30 | time=3.29s
[2026-04-27 10:31:14] epoch  133/300 | train=0.000751 | val=0.000851 | best=0.000851@133 | patience=0/30 | time=3.27s *
[2026-04-27 10:31:17] epoch  134/300 | train=0.000747 | val=0.000855 | best=0.000851@133 | patience=1/30 | time=3.40s
[2026-04-27 10:31:21] epoch  135/300 | train=0.000744 | val=0.000866 | best=0.000851@133 | patience=2/30 | time=3.29s
[2026-04-27 10:31:24] epoch  136/300 | train=0.000742 | val=0.000860 | best=0.000851@133 | patience=3/30 | time=3.30s
[2026-04-27 10:31:28] epoch  137/300 | train=0.000740 | val=0.000858 | best=0.000851@133 | patience=4/30 | time=3.57s
[2026-04-27 10:31:31] epoch  138/300 | train=0.000734 | val=0.000907 | best=0.000851@133 | patience=5/30 | time=3.41s
[2026-04-27 10:31:35] epoch  139/300 | train=0.000731 | val=0.000868 | best=0.000851@133 | patience=6/30 | time=3.27s
[2026-04-27 10:31:38] epoch  140/300 | train=0.000732 | val=0.000864 | best=0.000851@133 | patience=7/30 | time=3.28s
[2026-04-27 10:31:42] epoch  141/300 | train=0.000728 | val=0.000922 | best=0.000851@133 | patience=8/30 | time=3.49s
[2026-04-27 10:31:45] epoch  142/300 | train=0.000733 | val=0.001042 | best=0.000851@133 | patience=9/30 | time=3.39s
[2026-04-27 10:31:53] epoch  143/300 | train=0.000736 | val=0.000845 | best=0.000845@143 | patience=0/30 | time=3.29s *
[2026-04-27 10:31:56] epoch  144/300 | train=0.000723 | val=0.000850 | best=0.000845@143 | patience=1/30 | time=3.56s
[2026-04-27 10:32:00] epoch  145/300 | train=0.000719 | val=0.000862 | best=0.000845@143 | patience=2/30 | time=3.41s
[2026-04-27 10:32:07] epoch  146/300 | train=0.000715 | val=0.000842 | best=0.000842@146 | patience=0/30 | time=3.27s *
[2026-04-27 10:32:11] epoch  147/300 | train=0.000716 | val=0.000848 | best=0.000842@146 | patience=1/30 | time=3.27s
[2026-04-27 10:32:14] epoch  148/300 | train=0.000714 | val=0.000843 | best=0.000842@146 | patience=2/30 | time=3.38s
[2026-04-27 10:32:18] epoch  149/300 | train=0.000714 | val=0.000854 | best=0.000842@146 | patience=3/30 | time=3.30s
[2026-04-27 10:32:21] epoch  150/300 | train=0.000707 | val=0.000853 | best=0.000842@146 | patience=4/30 | time=3.30s
[2026-04-27 10:32:25] epoch  151/300 | train=0.000707 | val=0.000864 | best=0.000842@146 | patience=5/30 | time=3.51s
[2026-04-27 10:32:32] epoch  152/300 | train=0.000706 | val=0.000837 | best=0.000837@152 | patience=0/30 | time=3.41s *
[2026-04-27 10:32:36] epoch  153/300 | train=0.000701 | val=0.000861 | best=0.000837@152 | patience=1/30 | time=3.50s
[2026-04-27 10:32:43] epoch  154/300 | train=0.000699 | val=0.000836 | best=0.000836@154 | patience=0/30 | time=3.27s *
[2026-04-27 10:32:47] epoch  155/300 | train=0.000696 | val=0.000857 | best=0.000836@154 | patience=1/30 | time=3.27s
[2026-04-27 10:32:51] epoch  156/300 | train=0.000698 | val=0.000871 | best=0.000836@154 | patience=2/30 | time=3.52s
[2026-04-27 10:32:54] epoch  157/300 | train=0.000695 | val=0.000840 | best=0.000836@154 | patience=3/30 | time=3.45s
[2026-04-27 10:32:58] epoch  158/300 | train=0.000690 | val=0.000841 | best=0.000836@154 | patience=4/30 | time=3.27s
[2026-04-27 10:33:01] epoch  159/300 | train=0.000685 | val=0.000853 | best=0.000836@154 | patience=5/30 | time=3.27s
[2026-04-27 10:33:09] epoch  160/300 | train=0.000692 | val=0.000832 | best=0.000832@160 | patience=0/30 | time=3.50s *
[2026-04-27 10:33:12] epoch  161/300 | train=0.000688 | val=0.000833 | best=0.000832@160 | patience=1/30 | time=3.30s
[2026-04-27 10:33:16] epoch  162/300 | train=0.000685 | val=0.000835 | best=0.000832@160 | patience=2/30 | time=3.30s
[2026-04-27 10:33:19] epoch  163/300 | train=0.000677 | val=0.000838 | best=0.000832@160 | patience=3/30 | time=3.51s
[2026-04-27 10:33:23] epoch  164/300 | train=0.000677 | val=0.000833 | best=0.000832@160 | patience=4/30 | time=3.41s
[2026-04-27 10:33:30] epoch  165/300 | train=0.000675 | val=0.000829 | best=0.000829@165 | patience=0/30 | time=3.27s *
[2026-04-27 10:33:38] epoch  166/300 | train=0.000671 | val=0.000823 | best=0.000823@166 | patience=0/30 | time=3.27s *
[2026-04-27 10:33:41] epoch  167/300 | train=0.000667 | val=0.000834 | best=0.000823@166 | patience=1/30 | time=3.41s
[2026-04-27 10:33:45] epoch  168/300 | train=0.000669 | val=0.000834 | best=0.000823@166 | patience=2/30 | time=3.30s
[2026-04-27 10:33:48] epoch  169/300 | train=0.000662 | val=0.000908 | best=0.000823@166 | patience=3/30 | time=3.30s
[2026-04-27 10:33:52] epoch  170/300 | train=0.000666 | val=0.000873 | best=0.000823@166 | patience=4/30 | time=3.51s
[2026-04-27 10:33:55] epoch  171/300 | train=0.000660 | val=0.000825 | best=0.000823@166 | patience=5/30 | time=3.42s
[2026-04-27 10:33:59] epoch  172/300 | train=0.000658 | val=0.000908 | best=0.000823@166 | patience=6/30 | time=3.27s
[2026-04-27 10:34:02] epoch  173/300 | train=0.000663 | val=0.000825 | best=0.000823@166 | patience=7/30 | time=3.27s
[2026-04-27 10:34:06] epoch  174/300 | train=0.000652 | val=0.000826 | best=0.000823@166 | patience=8/30 | time=3.49s
[2026-04-27 10:34:09] epoch  175/300 | train=0.000654 | val=0.000844 | best=0.000823@166 | patience=9/30 | time=3.39s
[2026-04-27 10:34:12] epoch  176/300 | train=0.000654 | val=0.000830 | best=0.000823@166 | patience=10/30 | time=3.29s
[2026-04-27 10:34:16] epoch  177/300 | train=0.000650 | val=0.000868 | best=0.000823@166 | patience=11/30 | time=3.29s
[2026-04-27 10:34:20] epoch  178/300 | train=0.000650 | val=0.000831 | best=0.000823@166 | patience=12/30 | time=3.51s
[2026-04-27 10:34:23] epoch  179/300 | train=0.000644 | val=0.000870 | best=0.000823@166 | patience=13/30 | time=3.44s
[2026-04-27 10:34:26] epoch  180/300 | train=0.000641 | val=0.000825 | best=0.000823@166 | patience=14/30 | time=3.27s
[2026-04-27 10:34:30] epoch  181/300 | train=0.000637 | val=0.000917 | best=0.000823@166 | patience=15/30 | time=3.49s
[2026-04-27 10:34:37] epoch  182/300 | train=0.000635 | val=0.000814 | best=0.000814@182 | patience=0/30 | time=3.26s *
[2026-04-27 10:34:41] epoch  183/300 | train=0.000631 | val=0.000871 | best=0.000814@182 | patience=1/30 | time=3.29s
[2026-04-27 10:34:44] epoch  184/300 | train=0.000630 | val=0.000818 | best=0.000814@182 | patience=2/30 | time=3.30s
[2026-04-27 10:34:48] epoch  185/300 | train=0.000627 | val=0.000822 | best=0.000814@182 | patience=3/30 | time=3.56s
[2026-04-27 10:34:55] epoch  186/300 | train=0.000622 | val=0.000811 | best=0.000811@186 | patience=0/30 | time=3.40s *
[2026-04-27 10:34:59] epoch  187/300 | train=0.000625 | val=0.000812 | best=0.000811@186 | patience=1/30 | time=3.54s
[2026-04-27 10:35:03] epoch  188/300 | train=0.000622 | val=0.000967 | best=0.000811@186 | patience=2/30 | time=3.39s
[2026-04-27 10:35:06] epoch  189/300 | train=0.000623 | val=0.000817 | best=0.000811@186 | patience=3/30 | time=3.30s
[2026-04-27 10:35:09] epoch  190/300 | train=0.000614 | val=0.000848 | best=0.000811@186 | patience=4/30 | time=3.30s
[2026-04-27 10:35:13] epoch  191/300 | train=0.000609 | val=0.000855 | best=0.000811@186 | patience=5/30 | time=3.50s
[2026-04-27 10:35:17] epoch  192/300 | train=0.000608 | val=0.000823 | best=0.000811@186 | patience=6/30 | time=3.45s
[2026-04-27 10:35:20] epoch  193/300 | train=0.000603 | val=0.000819 | best=0.000811@186 | patience=7/30 | time=3.28s
[2026-04-27 10:35:24] epoch  194/300 | train=0.000603 | val=0.000816 | best=0.000811@186 | patience=8/30 | time=3.27s
[2026-04-27 10:35:28] epoch  195/300 | train=0.000604 | val=0.000908 | best=0.000811@186 | patience=9/30 | time=3.27s
[2026-04-27 10:35:31] epoch  196/300 | train=0.000602 | val=0.000846 | best=0.000811@186 | patience=10/30 | time=3.41s
[2026-04-27 10:35:35] epoch  197/300 | train=0.000602 | val=0.000897 | best=0.000811@186 | patience=11/30 | time=3.30s
[2026-04-27 10:35:38] epoch  198/300 | train=0.000601 | val=0.000821 | best=0.000811@186 | patience=12/30 | time=3.31s
[2026-04-27 10:35:42] epoch  199/300 | train=0.000596 | val=0.000821 | best=0.000811@186 | patience=13/30 | time=3.50s
[2026-04-27 10:35:49] epoch  200/300 | train=0.000589 | val=0.000810 | best=0.000810@200 | patience=0/30 | time=3.42s *
[2026-04-27 10:35:53] epoch  201/300 | train=0.000585 | val=0.000814 | best=0.000810@200 | patience=1/30 | time=3.54s
[2026-04-27 10:36:00] epoch  202/300 | train=0.000585 | val=0.000807 | best=0.000807@202 | patience=0/30 | time=3.39s *
[2026-04-27 10:36:04] epoch  203/300 | train=0.000583 | val=0.000808 | best=0.000807@202 | patience=1/30 | time=3.31s
[2026-04-27 10:36:07] epoch  204/300 | train=0.000582 | val=0.000821 | best=0.000807@202 | patience=2/30 | time=3.50s
[2026-04-27 10:36:15] epoch  205/300 | train=0.000580 | val=0.000805 | best=0.000805@205 | patience=0/30 | time=3.27s *
[2026-04-27 10:36:18] epoch  206/300 | train=0.000576 | val=0.000804 | best=0.000805@205 | patience=1/30 | time=3.28s
[2026-04-27 10:36:22] epoch  207/300 | train=0.000575 | val=0.004754 | best=0.000805@205 | patience=2/30 | time=3.27s
[2026-04-27 10:36:26] epoch  208/300 | train=0.000668 | val=0.000978 | best=0.000805@205 | patience=3/30 | time=3.54s
[2026-04-27 10:36:29] epoch  209/300 | train=0.000678 | val=0.000872 | best=0.000805@205 | patience=4/30 | time=3.39s
[2026-04-27 10:36:32] epoch  210/300 | train=0.000597 | val=0.000830 | best=0.000805@205 | patience=5/30 | time=3.30s
[2026-04-27 10:36:36] epoch  211/300 | train=0.000580 | val=0.000868 | best=0.000805@205 | patience=6/30 | time=3.30s
[2026-04-27 10:36:40] epoch  212/300 | train=0.000571 | val=0.000838 | best=0.000805@205 | patience=7/30 | time=3.57s
[2026-04-27 10:36:43] epoch  213/300 | train=0.000564 | val=0.000808 | best=0.000805@205 | patience=8/30 | time=3.44s
[2026-04-27 10:36:50] epoch  214/300 | train=0.000558 | val=0.000799 | best=0.000799@214 | patience=0/30 | time=3.27s *
[2026-04-27 10:36:54] epoch  215/300 | train=0.000555 | val=0.000821 | best=0.000799@214 | patience=1/30 | time=3.49s
[2026-04-27 10:36:58] epoch  216/300 | train=0.000548 | val=0.000798 | best=0.000799@214 | patience=2/30 | time=3.41s
[2026-04-27 10:37:01] epoch  217/300 | train=0.000544 | val=0.000805 | best=0.000799@214 | patience=3/30 | time=3.30s
[2026-04-27 10:37:08] epoch  218/300 | train=0.000545 | val=0.000797 | best=0.000797@218 | patience=0/30 | time=3.31s *
[2026-04-27 10:37:12] epoch  219/300 | train=0.000540 | val=0.000865 | best=0.000797@218 | patience=1/30 | time=3.42s
[2026-04-27 10:37:15] epoch  220/300 | train=0.000540 | val=0.000805 | best=0.000797@218 | patience=2/30 | time=3.27s
[2026-04-27 10:37:19] epoch  221/300 | train=0.000536 | val=0.000798 | best=0.000797@218 | patience=3/30 | time=3.50s
[2026-04-27 10:37:22] epoch  222/300 | train=0.000533 | val=0.000843 | best=0.000797@218 | patience=4/30 | time=3.38s
[2026-04-27 10:37:26] epoch  223/300 | train=0.000536 | val=0.000807 | best=0.000797@218 | patience=5/30 | time=3.29s
[2026-04-27 10:37:29] epoch  224/300 | train=0.000531 | val=0.000819 | best=0.000797@218 | patience=6/30 | time=3.27s
[2026-04-27 10:37:33] epoch  225/300 | train=0.000528 | val=0.000820 | best=0.000797@218 | patience=7/30 | time=3.31s
[2026-04-27 10:37:36] epoch  226/300 | train=0.000528 | val=0.000800 | best=0.000797@218 | patience=8/30 | time=3.50s
[2026-04-27 10:37:40] epoch  227/300 | train=0.000519 | val=0.000807 | best=0.000797@218 | patience=9/30 | time=3.41s
[2026-04-27 10:37:47] epoch  228/300 | train=0.000517 | val=0.000791 | best=0.000791@228 | patience=0/30 | time=3.27s *
[2026-04-27 10:37:51] epoch  229/300 | train=0.000513 | val=0.000801 | best=0.000791@228 | patience=1/30 | time=3.41s
[2026-04-27 10:37:54] epoch  230/300 | train=0.000516 | val=0.000824 | best=0.000791@228 | patience=2/30 | time=3.30s
[2026-04-27 10:37:58] epoch  231/300 | train=0.000513 | val=0.000830 | best=0.000791@228 | patience=3/30 | time=3.30s
[2026-04-27 10:38:01] epoch  232/300 | train=0.000512 | val=0.000795 | best=0.000791@228 | patience=4/30 | time=3.27s
[2026-04-27 10:38:05] epoch  233/300 | train=0.000506 | val=0.000807 | best=0.000791@228 | patience=5/30 | time=3.57s
[2026-04-27 10:38:08] epoch  234/300 | train=0.000504 | val=0.000964 | best=0.000791@228 | patience=6/30 | time=3.42s
[2026-04-27 10:38:12] epoch  235/300 | train=0.000506 | val=0.000836 | best=0.000791@228 | patience=7/30 | time=3.28s
[2026-04-27 10:38:15] epoch  236/300 | train=0.000500 | val=0.000817 | best=0.000791@228 | patience=8/30 | time=3.55s
[2026-04-27 10:38:19] epoch  237/300 | train=0.000499 | val=0.000807 | best=0.000791@228 | patience=9/30 | time=3.38s
[2026-04-27 10:38:22] epoch  238/300 | train=0.000494 | val=0.000796 | best=0.000791@228 | patience=10/30 | time=3.29s
[2026-04-27 10:38:26] epoch  239/300 | train=0.000497 | val=0.000821 | best=0.000791@228 | patience=11/30 | time=3.30s
[2026-04-27 10:38:29] epoch  240/300 | train=0.000492 | val=0.000807 | best=0.000791@228 | patience=12/30 | time=3.26s
[2026-04-27 10:38:33] epoch  241/300 | train=0.000487 | val=0.000799 | best=0.000791@228 | patience=13/30 | time=3.52s
[2026-04-27 10:38:36] epoch  242/300 | train=0.000485 | val=0.000804 | best=0.000791@228 | patience=14/30 | time=3.41s
[2026-04-27 10:38:40] epoch  243/300 | train=0.000484 | val=0.000794 | best=0.000791@228 | patience=15/30 | time=3.27s
[2026-04-27 10:38:43] epoch  244/300 | train=0.000482 | val=0.000813 | best=0.000791@228 | patience=16/30 | time=3.48s
[2026-04-27 10:38:47] epoch  245/300 | train=0.000484 | val=0.000814 | best=0.000791@228 | patience=17/30 | time=3.38s
[2026-04-27 10:38:50] epoch  246/300 | train=0.000481 | val=0.000798 | best=0.000791@228 | patience=18/30 | time=3.30s
[2026-04-27 10:38:54] epoch  247/300 | train=0.000480 | val=0.000790 | best=0.000791@228 | patience=19/30 | time=3.31s
[2026-04-27 10:39:01] epoch  248/300 | train=0.000476 | val=0.000789 | best=0.000789@248 | patience=0/30 | time=3.27s *
[2026-04-27 10:39:05] epoch  249/300 | train=0.000466 | val=0.001095 | best=0.000789@248 | patience=1/30 | time=3.42s
[2026-04-27 10:39:08] epoch  250/300 | train=0.000480 | val=0.000981 | best=0.000789@248 | patience=2/30 | time=3.27s
[2026-04-27 10:39:12] epoch  251/300 | train=0.000480 | val=0.000790 | best=0.000789@248 | patience=3/30 | time=3.49s
[2026-04-27 10:39:15] epoch  252/300 | train=0.000469 | val=0.000790 | best=0.000789@248 | patience=4/30 | time=3.38s
[2026-04-27 10:39:18] epoch  253/300 | train=0.000460 | val=0.000793 | best=0.000789@248 | patience=5/30 | time=3.29s
[2026-04-27 10:39:22] epoch  254/300 | train=0.000457 | val=0.000815 | best=0.000789@248 | patience=6/30 | time=3.30s
[2026-04-27 10:39:26] epoch  255/300 | train=0.000457 | val=0.000824 | best=0.000789@248 | patience=7/30 | time=3.52s
[2026-04-27 10:39:29] epoch  256/300 | train=0.000457 | val=0.000875 | best=0.000789@248 | patience=8/30 | time=3.26s
[2026-04-27 10:39:32] epoch  257/300 | train=0.000451 | val=0.000790 | best=0.000789@248 | patience=9/30 | time=3.41s
[2026-04-27 10:39:36] epoch  258/300 | train=0.000448 | val=0.000804 | best=0.000789@248 | patience=10/30 | time=3.27s
[2026-04-27 10:39:39] epoch  259/300 | train=0.000446 | val=0.000798 | best=0.000789@248 | patience=11/30 | time=3.50s
[2026-04-27 10:39:44] epoch  260/300 | train=0.000440 | val=0.000811 | best=0.000789@248 | patience=12/30 | time=3.41s
[2026-04-27 10:39:47] epoch  261/300 | train=0.000438 | val=0.000804 | best=0.000789@248 | patience=13/30 | time=3.30s
[2026-04-27 10:39:50] epoch  262/300 | train=0.000434 | val=0.000819 | best=0.000789@248 | patience=14/30 | time=3.31s
[2026-04-27 10:39:54] epoch  263/300 | train=0.000434 | val=0.000790 | best=0.000789@248 | patience=15/30 | time=3.52s
[2026-04-27 10:39:58] epoch  264/300 | train=0.000429 | val=0.000793 | best=0.000789@248 | patience=16/30 | time=3.42s
[2026-04-27 10:40:01] epoch  265/300 | train=0.000428 | val=0.000791 | best=0.000789@248 | patience=17/30 | time=3.27s
[2026-04-27 10:40:04] epoch  266/300 | train=0.000428 | val=0.000822 | best=0.000789@248 | patience=18/30 | time=3.27s
[2026-04-27 10:40:12] epoch  267/300 | train=0.000427 | val=0.000786 | best=0.000786@267 | patience=0/30 | time=3.49s *
[2026-04-27 10:40:15] epoch  268/300 | train=0.000420 | val=0.000787 | best=0.000786@267 | patience=1/30 | time=3.30s
[2026-04-27 10:40:19] epoch  269/300 | train=0.000421 | val=0.000815 | best=0.000786@267 | patience=2/30 | time=3.30s
[2026-04-27 10:40:22] epoch  270/300 | train=0.000417 | val=0.000818 | best=0.000786@267 | patience=3/30 | time=3.51s
[2026-04-27 10:40:26] epoch  271/300 | train=0.000415 | val=0.000792 | best=0.000786@267 | patience=4/30 | time=3.45s
[2026-04-27 10:40:29] epoch  272/300 | train=0.000414 | val=0.000810 | best=0.000786@267 | patience=5/30 | time=3.28s
[2026-04-27 10:40:33] epoch  273/300 | train=0.000412 | val=0.000789 | best=0.000786@267 | patience=6/30 | time=3.27s
[2026-04-27 10:40:36] epoch  274/300 | train=0.000409 | val=0.000786 | best=0.000786@267 | patience=7/30 | time=3.50s
[2026-04-27 10:40:40] epoch  275/300 | train=0.000406 | val=0.000795 | best=0.000786@267 | patience=8/30 | time=3.38s
[2026-04-27 10:40:43] epoch  276/300 | train=0.000406 | val=0.000797 | best=0.000786@267 | patience=9/30 | time=3.30s
[2026-04-27 10:40:47] epoch  277/300 | train=0.000406 | val=0.000786 | best=0.000786@267 | patience=10/30 | time=3.30s
[2026-04-27 10:40:50] epoch  278/300 | train=0.000403 | val=0.000853 | best=0.000786@267 | patience=11/30 | time=3.57s
[2026-04-27 10:40:54] epoch  279/300 | train=0.000406 | val=0.000848 | best=0.000786@267 | patience=12/30 | time=3.44s
[2026-04-27 10:40:57] epoch  280/300 | train=0.000402 | val=0.000852 | best=0.000786@267 | patience=13/30 | time=3.28s
[2026-04-27 10:41:01] epoch  281/300 | train=0.000401 | val=0.000857 | best=0.000786@267 | patience=14/30 | time=3.49s
[2026-04-27 10:41:04] epoch  282/300 | train=0.000396 | val=0.000813 | best=0.000786@267 | patience=15/30 | time=3.27s
[2026-04-27 10:41:08] epoch  283/300 | train=0.000389 | val=0.000797 | best=0.000786@267 | patience=16/30 | time=3.27s
[2026-04-27 10:41:11] epoch  284/300 | train=0.000389 | val=0.000988 | best=0.000786@267 | patience=17/30 | time=3.30s
[2026-04-27 10:41:15] epoch  285/300 | train=0.000412 | val=0.000853 | best=0.000786@267 | patience=18/30 | time=3.30s
[2026-04-27 10:41:18] epoch  286/300 | train=0.000411 | val=0.000933 | best=0.000786@267 | patience=19/30 | time=3.52s
[2026-04-27 10:41:22] epoch  287/300 | train=0.000404 | val=0.000865 | best=0.000786@267 | patience=20/30 | time=3.42s
[2026-04-27 10:41:25] epoch  288/300 | train=0.000389 | val=0.000819 | best=0.000786@267 | patience=21/30 | time=3.27s
[2026-04-27 10:41:29] epoch  289/300 | train=0.000384 | val=0.000836 | best=0.000786@267 | patience=22/30 | time=3.54s
[2026-04-27 10:41:32] epoch  290/300 | train=0.000385 | val=0.000797 | best=0.000786@267 | patience=23/30 | time=3.39s
[2026-04-27 10:41:36] epoch  291/300 | train=0.000378 | val=0.000845 | best=0.000786@267 | patience=24/30 | time=3.27s
[2026-04-27 10:41:39] epoch  292/300 | train=0.000373 | val=0.000835 | best=0.000786@267 | patience=25/30 | time=3.29s
[2026-04-27 10:41:42] epoch  293/300 | train=0.000374 | val=0.000789 | best=0.000786@267 | patience=26/30 | time=3.30s
[2026-04-27 10:41:46] epoch  294/300 | train=0.000371 | val=0.000826 | best=0.000786@267 | patience=27/30 | time=3.50s
[2026-04-27 10:41:50] epoch  295/300 | train=0.000368 | val=0.000791 | best=0.000786@267 | patience=28/30 | time=3.45s
[2026-04-27 10:41:53] epoch  296/300 | train=0.000368 | val=0.000842 | best=0.000786@267 | patience=29/30 | time=3.27s
[2026-04-27 10:41:57] epoch  297/300 | train=0.000369 | val=0.000819 | best=0.000786@267 | patience=30/30 | time=3.49s
[2026-04-27 10:41:57]   early stopping at epoch 297 (no improvement for 30 epochs)
[2026-04-27 10:41:57] Training done: stop_reason=early_stop, total_epochs=297, best_epoch=267, best_val=0.000786
[2026-04-27 10:41:57] Reloading best checkpoint (epoch 267) for evaluation
[2026-04-27 10:42:06] ------------------------------------------------------------
[2026-04-27 10:42:06] Evaluation:
[2026-04-27 10:42:06]   AUC broken_lcfs         : 0.6151
[2026-04-27 10:42:06]   AUC bad_black_core      : 0.9937
[2026-04-27 10:42:06]   AUC bad_nonconverged    : 0.9993
[2026-04-27 10:42:06]   objective      : 0.8440
[2026-04-27 10:42:06]   floor_ok       : True
[2026-04-27 10:42:06]   threshold      : 0.2392
[2026-04-27 10:42:06]   mu / sigma     : 0.000420597 / 8.37872e-05
[2026-04-27 10:42:06] Train time=1408.4s, eval time=5.4s
