[2026-04-27 01:25:23] ============================================================
[2026-04-27 01:25:23] Trial 25 starting on cuda:0
[2026-04-27 01:25:23] Timestamp: 2026-04-27T01:25:23.595517
[2026-04-27 01:25:23] --- Config summary ---
  bottleneck_dim  : 150
  n_enc_layers    : 4
  n_dec_layers    : 5
  base_channels   : 12
  growth_factor   : 1.8895412052777856
  use_batchnorm   : True
  use_hpf         : True
  hpf_sigma       : 2.431735696582163
  lr              : 1.0376876999336673e-05
  batch_size      : 24
  max_epochs      : 300
  patience        : 30
  seed            : 42
  deterministic   : False
  trial_num       : 25
[2026-04-27 01:25:23] Loading train/val/selection splits...
[2026-04-27 01:26:30] Splits loaded in 66.9s: n_train=722, n_val=120, n_selection=405
[2026-04-27 01:26:30] --- Architecture summary ---
  channels per enc layer : [12, 23, 43, 81]
  final spatial size     : 16x16
  flat size before latent: 20736
  bottleneck_dim         : 150
  total parameters       : 6,716,170
[2026-04-27 01:26:30] Starting training: n_train=722, n_val=120, device=cuda:0
[2026-04-27 01:27:26] epoch    1/300 | train=0.014505 | val=0.008915 | best=0.008915@1 | patience=0/30 | time=55.16s *
[2026-04-27 01:27:28] epoch    2/300 | train=0.010936 | val=0.009846 | best=0.008915@1 | patience=1/30 | time=2.14s
[2026-04-27 01:27:30] epoch    3/300 | train=0.009754 | val=0.009612 | best=0.008915@1 | patience=2/30 | time=2.11s
[2026-04-27 01:27:32] epoch    4/300 | train=0.009355 | val=0.009283 | best=0.008915@1 | patience=3/30 | time=2.11s
[2026-04-27 01:27:34] epoch    5/300 | train=0.009097 | val=0.009044 | best=0.008915@1 | patience=4/30 | time=2.11s
[2026-04-27 01:27:37] epoch    6/300 | train=0.008867 | val=0.008798 | best=0.008798@6 | patience=0/30 | time=2.11s *
[2026-04-27 01:27:39] epoch    7/300 | train=0.008578 | val=0.008480 | best=0.008480@7 | patience=0/30 | time=2.34s *
[2026-04-27 01:27:42] epoch    8/300 | train=0.008177 | val=0.008056 | best=0.008056@8 | patience=0/30 | time=2.11s *
[2026-04-27 01:27:44] epoch    9/300 | train=0.007766 | val=0.007650 | best=0.007650@9 | patience=0/30 | time=2.23s *
[2026-04-27 01:27:46] epoch   10/300 | train=0.007413 | val=0.007311 | best=0.007311@10 | patience=0/30 | time=2.11s *
[2026-04-27 01:27:49] epoch   11/300 | train=0.007107 | val=0.007013 | best=0.007013@11 | patience=0/30 | time=2.11s *
[2026-04-27 01:27:51] epoch   12/300 | train=0.006800 | val=0.006689 | best=0.006689@12 | patience=0/30 | time=2.17s *
[2026-04-27 01:27:54] epoch   13/300 | train=0.006490 | val=0.006379 | best=0.006379@13 | patience=0/30 | time=2.11s *
[2026-04-27 01:27:56] epoch   14/300 | train=0.006210 | val=0.006127 | best=0.006127@14 | patience=0/30 | time=2.14s *
[2026-04-27 01:27:58] epoch   15/300 | train=0.005986 | val=0.005923 | best=0.005923@15 | patience=0/30 | time=2.11s *
[2026-04-27 01:28:01] epoch   16/300 | train=0.005802 | val=0.005743 | best=0.005743@16 | patience=0/30 | time=2.38s *
[2026-04-27 01:28:03] epoch   17/300 | train=0.005632 | val=0.005583 | best=0.005583@17 | patience=0/30 | time=2.14s *
[2026-04-27 01:28:06] epoch   18/300 | train=0.005487 | val=0.005445 | best=0.005445@18 | patience=0/30 | time=2.16s *
[2026-04-27 01:28:08] epoch   19/300 | train=0.005357 | val=0.005320 | best=0.005320@19 | patience=0/30 | time=2.10s *
[2026-04-27 01:28:10] epoch   20/300 | train=0.005242 | val=0.005222 | best=0.005222@20 | patience=0/30 | time=2.10s *
[2026-04-27 01:28:13] epoch   21/300 | train=0.005145 | val=0.005110 | best=0.005110@21 | patience=0/30 | time=2.11s *
[2026-04-27 01:28:15] epoch   22/300 | train=0.005047 | val=0.005024 | best=0.005024@22 | patience=0/30 | time=2.10s *
[2026-04-27 01:28:17] epoch   23/300 | train=0.004957 | val=0.004941 | best=0.004941@23 | patience=0/30 | time=2.10s *
[2026-04-27 01:28:20] epoch   24/300 | train=0.004877 | val=0.004859 | best=0.004859@24 | patience=0/30 | time=2.33s *
[2026-04-27 01:28:22] epoch   25/300 | train=0.004799 | val=0.004777 | best=0.004777@25 | patience=0/30 | time=2.11s *
[2026-04-27 01:28:25] epoch   26/300 | train=0.004726 | val=0.004714 | best=0.004714@26 | patience=0/30 | time=2.21s *
[2026-04-27 01:28:27] epoch   27/300 | train=0.004661 | val=0.004648 | best=0.004648@27 | patience=0/30 | time=2.10s *
[2026-04-27 01:28:29] epoch   28/300 | train=0.004592 | val=0.004582 | best=0.004582@28 | patience=0/30 | time=2.13s *
[2026-04-27 01:28:32] epoch   29/300 | train=0.004528 | val=0.004517 | best=0.004517@29 | patience=0/30 | time=2.11s *
[2026-04-27 01:28:34] epoch   30/300 | train=0.004473 | val=0.004463 | best=0.004463@30 | patience=0/30 | time=2.10s *
[2026-04-27 01:28:36] epoch   31/300 | train=0.004420 | val=0.004402 | best=0.004402@31 | patience=0/30 | time=2.13s *
[2026-04-27 01:28:39] epoch   32/300 | train=0.004361 | val=0.004357 | best=0.004357@32 | patience=0/30 | time=2.10s *
[2026-04-27 01:28:41] epoch   33/300 | train=0.004316 | val=0.004304 | best=0.004304@33 | patience=0/30 | time=2.36s *
[2026-04-27 01:28:44] epoch   34/300 | train=0.004260 | val=0.004263 | best=0.004263@34 | patience=0/30 | time=2.11s *
[2026-04-27 01:28:46] epoch   35/300 | train=0.004213 | val=0.004210 | best=0.004210@35 | patience=0/30 | time=2.11s *
[2026-04-27 01:28:48] epoch   36/300 | train=0.004165 | val=0.004168 | best=0.004168@36 | patience=0/30 | time=2.16s *
[2026-04-27 01:28:51] epoch   37/300 | train=0.004124 | val=0.004118 | best=0.004118@37 | patience=0/30 | time=2.10s *
[2026-04-27 01:28:53] epoch   38/300 | train=0.004074 | val=0.004085 | best=0.004085@38 | patience=0/30 | time=2.11s *
[2026-04-27 01:28:55] epoch   39/300 | train=0.004043 | val=0.004054 | best=0.004054@39 | patience=0/30 | time=2.07s *
[2026-04-27 01:28:58] epoch   40/300 | train=0.004002 | val=0.004011 | best=0.004011@40 | patience=0/30 | time=2.04s *
[2026-04-27 01:29:00] epoch   41/300 | train=0.003964 | val=0.003972 | best=0.003972@41 | patience=0/30 | time=2.06s *
[2026-04-27 01:29:02] epoch   42/300 | train=0.003928 | val=0.003941 | best=0.003941@42 | patience=0/30 | time=2.03s *
[2026-04-27 01:29:05] epoch   43/300 | train=0.003895 | val=0.003900 | best=0.003900@43 | patience=0/30 | time=2.15s *
[2026-04-27 01:29:07] epoch   44/300 | train=0.003854 | val=0.003866 | best=0.003866@44 | patience=0/30 | time=2.04s *
[2026-04-27 01:29:09] epoch   45/300 | train=0.003822 | val=0.003849 | best=0.003849@45 | patience=0/30 | time=2.09s *
[2026-04-27 01:29:12] epoch   46/300 | train=0.003798 | val=0.003807 | best=0.003807@46 | patience=0/30 | time=2.06s *
[2026-04-27 01:29:14] epoch   47/300 | train=0.003761 | val=0.003782 | best=0.003782@47 | patience=0/30 | time=2.06s *
[2026-04-27 01:29:16] epoch   48/300 | train=0.003734 | val=0.003753 | best=0.003753@48 | patience=0/30 | time=2.09s *
[2026-04-27 01:29:19] epoch   49/300 | train=0.003709 | val=0.003737 | best=0.003737@49 | patience=0/30 | time=2.06s *
[2026-04-27 01:29:21] epoch   50/300 | train=0.003686 | val=0.003707 | best=0.003707@50 | patience=0/30 | time=2.32s *
[2026-04-27 01:29:23] epoch   51/300 | train=0.003666 | val=0.003707 | best=0.003707@50 | patience=1/30 | time=2.05s
[2026-04-27 01:29:26] epoch   52/300 | train=0.003662 | val=0.003673 | best=0.003673@52 | patience=0/30 | time=2.10s *
[2026-04-27 01:29:28] epoch   53/300 | train=0.003627 | val=0.003650 | best=0.003650@53 | patience=0/30 | time=2.03s *
[2026-04-27 01:29:30] epoch   54/300 | train=0.003605 | val=0.003626 | best=0.003626@54 | patience=0/30 | time=2.03s *
[2026-04-27 01:29:32] epoch   55/300 | train=0.003577 | val=0.003605 | best=0.003605@55 | patience=0/30 | time=2.03s *
[2026-04-27 01:29:35] epoch   56/300 | train=0.003562 | val=0.003587 | best=0.003587@56 | patience=0/30 | time=2.03s *
[2026-04-27 01:29:37] epoch   57/300 | train=0.003540 | val=0.003565 | best=0.003565@57 | patience=0/30 | time=2.03s *
[2026-04-27 01:29:39] epoch   58/300 | train=0.003521 | val=0.003544 | best=0.003544@58 | patience=0/30 | time=2.26s *
[2026-04-27 01:29:42] epoch   59/300 | train=0.003503 | val=0.003533 | best=0.003533@59 | patience=0/30 | time=2.03s *
[2026-04-27 01:29:44] epoch   60/300 | train=0.003486 | val=0.003517 | best=0.003517@60 | patience=0/30 | time=2.14s *
[2026-04-27 01:29:46] epoch   61/300 | train=0.003480 | val=0.003515 | best=0.003515@61 | patience=0/30 | time=2.03s *
[2026-04-27 01:29:46]   pruned at epoch 61
[2026-04-27 01:29:46] Training done: stop_reason=pruned, total_epochs=61, best_epoch=61, best_val=0.003515
[2026-04-27 01:29:46] Reloading best checkpoint (epoch 61) for evaluation
[2026-04-27 01:29:51] ------------------------------------------------------------
[2026-04-27 01:29:51] Evaluation:
[2026-04-27 01:29:51]   AUC broken_lcfs         : 0.6069
[2026-04-27 01:29:51]   AUC bad_black_core      : 0.9656
[2026-04-27 01:29:51]   AUC bad_nonconverged    : 0.9609
[2026-04-27 01:29:51]   objective      : 0.8207
[2026-04-27 01:29:51]   floor_ok       : True
[2026-04-27 01:29:51]   threshold      : 0.0679
[2026-04-27 01:29:51]   mu / sigma     : 0.00348151 / 0.000702762
[2026-04-27 01:29:51] Train time=196.2s, eval time=4.6s
