[2026-04-27 00:55:19] ============================================================
[2026-04-27 00:55:19] Trial 16 starting on cuda:0
[2026-04-27 00:55:19] Timestamp: 2026-04-27T00:55:19.972128
[2026-04-27 00:55:19] --- Config summary ---
  bottleneck_dim  : 153
  n_enc_layers    : 4
  n_dec_layers    : 2
  base_channels   : 22
  growth_factor   : 1.867599448154543
  use_batchnorm   : False
  use_hpf         : True
  hpf_sigma       : 1.6020369817067728
  lr              : 0.00031405723427388265
  batch_size      : 24
  max_epochs      : 300
  patience        : 30
  seed            : 42
  deterministic   : False
  trial_num       : 16
[2026-04-27 00:55:19] Loading train/val/selection splits...
[2026-04-27 00:56:23] Splits loaded in 63.8s: n_train=722, n_val=120, n_selection=405
[2026-04-27 00:56:24] --- Architecture summary ---
  channels per enc layer : [22, 41, 77, 143]
  final spatial size     : 16x16
  flat size before latent: 36608
  bottleneck_dim         : 153
  total parameters       : 11,952,067
[2026-04-27 00:56:24] Starting training: n_train=722, n_val=120, device=cuda:0
[2026-04-27 00:57:24] epoch    1/300 | train=0.007291 | val=0.006746 | best=0.006746@1 | patience=0/30 | time=60.33s *
[2026-04-27 00:57:26] epoch    2/300 | train=0.005342 | val=0.004746 | best=0.004746@2 | patience=0/30 | time=1.34s *
[2026-04-27 00:57:27] epoch    3/300 | train=0.004587 | val=0.004556 | best=0.004556@3 | patience=0/30 | time=1.34s *
[2026-04-27 00:57:29] epoch    4/300 | train=0.004482 | val=0.004404 | best=0.004404@4 | patience=0/30 | time=1.41s *
[2026-04-27 00:57:31] epoch    5/300 | train=0.004266 | val=0.004215 | best=0.004215@5 | patience=0/30 | time=1.34s *
[2026-04-27 00:57:32] epoch    6/300 | train=0.004153 | val=0.004137 | best=0.004137@6 | patience=0/30 | time=1.34s *
[2026-04-27 00:57:35] epoch    7/300 | train=0.004067 | val=0.004035 | best=0.004035@7 | patience=0/30 | time=2.77s *
[2026-04-27 00:57:37] epoch    8/300 | train=0.003888 | val=0.003776 | best=0.003776@8 | patience=0/30 | time=1.34s *
[2026-04-27 00:57:39] epoch    9/300 | train=0.003607 | val=0.003398 | best=0.003398@9 | patience=0/30 | time=1.34s *
[2026-04-27 00:57:40] epoch   10/300 | train=0.003292 | val=0.003136 | best=0.003136@10 | patience=0/30 | time=1.46s *
[2026-04-27 00:57:42] epoch   11/300 | train=0.003004 | val=0.002892 | best=0.002892@11 | patience=0/30 | time=1.34s *
[2026-04-27 00:57:43] epoch   12/300 | train=0.002833 | val=0.002920 | best=0.002892@11 | patience=1/30 | time=1.34s
[2026-04-27 00:57:45] epoch   13/300 | train=0.002771 | val=0.002676 | best=0.002676@13 | patience=0/30 | time=1.34s *
[2026-04-27 00:57:47] epoch   14/300 | train=0.002690 | val=0.002604 | best=0.002604@14 | patience=0/30 | time=1.34s *
[2026-04-27 00:57:48] epoch   15/300 | train=0.002621 | val=0.002554 | best=0.002554@15 | patience=0/30 | time=1.39s *
[2026-04-27 00:57:50] epoch   16/300 | train=0.002595 | val=0.002521 | best=0.002521@16 | patience=0/30 | time=1.34s *
[2026-04-27 00:57:51] epoch   17/300 | train=0.002561 | val=0.002528 | best=0.002521@16 | patience=1/30 | time=1.34s
[2026-04-27 00:57:53] epoch   18/300 | train=0.002551 | val=0.002499 | best=0.002499@18 | patience=0/30 | time=1.34s *
[2026-04-27 00:57:54] epoch   19/300 | train=0.002527 | val=0.002475 | best=0.002475@19 | patience=0/30 | time=1.33s *
[2026-04-27 00:57:56] epoch   20/300 | train=0.002514 | val=0.002562 | best=0.002475@19 | patience=1/30 | time=1.33s
[2026-04-27 00:57:58] epoch   21/300 | train=0.002519 | val=0.002446 | best=0.002446@21 | patience=0/30 | time=1.33s *
[2026-04-27 00:57:59] epoch   22/300 | train=0.002486 | val=0.002423 | best=0.002423@22 | patience=0/30 | time=1.36s *
[2026-04-27 00:58:01] epoch   23/300 | train=0.002485 | val=0.002511 | best=0.002423@22 | patience=1/30 | time=1.33s
[2026-04-27 00:58:02] epoch   24/300 | train=0.002497 | val=0.002437 | best=0.002423@22 | patience=2/30 | time=1.33s
[2026-04-27 00:58:03] epoch   25/300 | train=0.002475 | val=0.002443 | best=0.002423@22 | patience=3/30 | time=1.35s
[2026-04-27 00:58:05] epoch   26/300 | train=0.002461 | val=0.002489 | best=0.002423@22 | patience=4/30 | time=1.33s
[2026-04-27 00:58:07] epoch   27/300 | train=0.002468 | val=0.002403 | best=0.002403@27 | patience=0/30 | time=1.33s *
[2026-04-27 00:58:08] epoch   28/300 | train=0.002451 | val=0.002414 | best=0.002403@27 | patience=1/30 | time=1.54s
[2026-04-27 00:58:10] epoch   29/300 | train=0.002450 | val=0.002402 | best=0.002402@29 | patience=0/30 | time=1.33s *
[2026-04-27 00:58:11] epoch   30/300 | train=0.002467 | val=0.002385 | best=0.002385@30 | patience=0/30 | time=1.33s *
[2026-04-27 00:58:13] epoch   31/300 | train=0.002445 | val=0.002396 | best=0.002385@30 | patience=1/30 | time=1.37s
[2026-04-27 00:58:14] epoch   32/300 | train=0.002437 | val=0.002390 | best=0.002385@30 | patience=2/30 | time=1.33s
[2026-04-27 00:58:16] epoch   33/300 | train=0.002427 | val=0.002371 | best=0.002371@33 | patience=0/30 | time=1.33s *
[2026-04-27 00:58:17] epoch   34/300 | train=0.002411 | val=0.002365 | best=0.002365@34 | patience=0/30 | time=1.34s *
[2026-04-27 00:58:19] epoch   35/300 | train=0.002372 | val=0.002336 | best=0.002336@35 | patience=0/30 | time=1.33s *
[2026-04-27 00:58:21] epoch   36/300 | train=0.002334 | val=0.002319 | best=0.002319@36 | patience=0/30 | time=1.33s *
[2026-04-27 00:58:22] epoch   37/300 | train=0.002312 | val=0.002461 | best=0.002319@36 | patience=1/30 | time=1.33s
[2026-04-27 00:58:24] epoch   38/300 | train=0.002280 | val=0.002237 | best=0.002237@38 | patience=0/30 | time=1.39s *
[2026-04-27 00:58:25] epoch   39/300 | train=0.002212 | val=0.002273 | best=0.002237@38 | patience=1/30 | time=1.33s
[2026-04-27 00:58:27] epoch   40/300 | train=0.002190 | val=0.002168 | best=0.002168@40 | patience=0/30 | time=1.33s *
[2026-04-27 00:58:28] epoch   41/300 | train=0.002164 | val=0.002325 | best=0.002168@40 | patience=1/30 | time=1.33s
[2026-04-27 00:58:30] epoch   42/300 | train=0.002175 | val=0.002171 | best=0.002168@40 | patience=2/30 | time=1.33s
[2026-04-27 00:58:31] epoch   43/300 | train=0.002132 | val=0.002143 | best=0.002143@43 | patience=0/30 | time=1.33s *
[2026-04-27 00:58:33] epoch   44/300 | train=0.002127 | val=0.002104 | best=0.002104@44 | patience=0/30 | time=1.35s *
[2026-04-27 00:58:34] epoch   45/300 | train=0.002100 | val=0.002127 | best=0.002104@44 | patience=1/30 | time=1.33s
[2026-04-27 00:58:36] epoch   46/300 | train=0.002099 | val=0.002099 | best=0.002099@46 | patience=0/30 | time=1.33s *
[2026-04-27 00:58:37] epoch   47/300 | train=0.002086 | val=0.002120 | best=0.002099@46 | patience=1/30 | time=1.34s
[2026-04-27 00:58:39] epoch   48/300 | train=0.002088 | val=0.002092 | best=0.002092@48 | patience=0/30 | time=1.33s *
[2026-04-27 00:58:41] epoch   49/300 | train=0.002077 | val=0.002075 | best=0.002075@49 | patience=0/30 | time=1.33s *
[2026-04-27 00:58:42] epoch   50/300 | train=0.002065 | val=0.002090 | best=0.002075@49 | patience=1/30 | time=1.53s
[2026-04-27 00:58:44] epoch   51/300 | train=0.002072 | val=0.002077 | best=0.002075@49 | patience=2/30 | time=1.33s
[2026-04-27 00:58:45] epoch   52/300 | train=0.002067 | val=0.002080 | best=0.002075@49 | patience=3/30 | time=1.33s
[2026-04-27 00:58:47] epoch   53/300 | train=0.002051 | val=0.002064 | best=0.002064@53 | patience=0/30 | time=1.33s *
[2026-04-27 00:58:48] epoch   54/300 | train=0.002046 | val=0.002052 | best=0.002052@54 | patience=0/30 | time=1.34s *
[2026-04-27 00:58:50] epoch   55/300 | train=0.002042 | val=0.002056 | best=0.002052@54 | patience=1/30 | time=1.33s
[2026-04-27 00:58:52] epoch   56/300 | train=0.002023 | val=0.002032 | best=0.002032@56 | patience=0/30 | time=1.33s *
[2026-04-27 00:58:53] epoch   57/300 | train=0.002014 | val=0.002035 | best=0.002032@56 | patience=1/30 | time=1.33s
[2026-04-27 00:58:55] epoch   58/300 | train=0.002006 | val=0.002028 | best=0.002028@58 | patience=0/30 | time=1.33s *
[2026-04-27 00:58:57] epoch   59/300 | train=0.001992 | val=0.002036 | best=0.002028@58 | patience=1/30 | time=1.40s
[2026-04-27 00:58:58] epoch   60/300 | train=0.001985 | val=0.001999 | best=0.001999@60 | patience=0/30 | time=1.33s *
[2026-04-27 00:59:00] epoch   61/300 | train=0.001979 | val=0.002000 | best=0.001999@60 | patience=1/30 | time=1.33s
[2026-04-27 00:59:01] epoch   62/300 | train=0.001967 | val=0.002032 | best=0.001999@60 | patience=2/30 | time=1.33s
[2026-04-27 00:59:03] epoch   63/300 | train=0.001973 | val=0.001969 | best=0.001969@63 | patience=0/30 | time=1.33s *
[2026-04-27 00:59:04] epoch   64/300 | train=0.001974 | val=0.001957 | best=0.001957@64 | patience=0/30 | time=1.33s *
[2026-04-27 00:59:06] epoch   65/300 | train=0.001932 | val=0.001948 | best=0.001948@65 | patience=0/30 | time=1.33s *
[2026-04-27 00:59:07] epoch   66/300 | train=0.001918 | val=0.001929 | best=0.001929@66 | patience=0/30 | time=1.33s *
[2026-04-27 00:59:09] epoch   67/300 | train=0.001906 | val=0.001929 | best=0.001929@66 | patience=1/30 | time=1.33s
[2026-04-27 00:59:10] epoch   68/300 | train=0.001896 | val=0.001917 | best=0.001917@68 | patience=0/30 | time=1.33s *
[2026-04-27 00:59:12] epoch   69/300 | train=0.001888 | val=0.001926 | best=0.001917@68 | patience=1/30 | time=1.34s
[2026-04-27 00:59:13] epoch   70/300 | train=0.001878 | val=0.001917 | best=0.001917@68 | patience=2/30 | time=1.33s
[2026-04-27 00:59:15] epoch   71/300 | train=0.001870 | val=0.001888 | best=0.001888@71 | patience=0/30 | time=1.33s *
[2026-04-27 00:59:17] epoch   72/300 | train=0.001850 | val=0.001886 | best=0.001886@72 | patience=0/30 | time=1.54s *
[2026-04-27 00:59:18] epoch   73/300 | train=0.001847 | val=0.001883 | best=0.001883@73 | patience=0/30 | time=1.33s *
[2026-04-27 00:59:20] epoch   74/300 | train=0.001884 | val=0.001953 | best=0.001883@73 | patience=1/30 | time=1.33s
[2026-04-27 00:59:22] epoch   75/300 | train=0.001856 | val=0.001880 | best=0.001880@75 | patience=0/30 | time=1.50s *
[2026-04-27 00:59:23] epoch   76/300 | train=0.001827 | val=0.001860 | best=0.001860@76 | patience=0/30 | time=1.36s *
[2026-04-27 00:59:25] epoch   77/300 | train=0.001812 | val=0.001883 | best=0.001860@76 | patience=1/30 | time=1.34s
[2026-04-27 00:59:26] epoch   78/300 | train=0.001817 | val=0.001853 | best=0.001853@78 | patience=0/30 | time=1.35s *
[2026-04-27 00:59:28] epoch   79/300 | train=0.001789 | val=0.001851 | best=0.001851@79 | patience=0/30 | time=1.33s *
[2026-04-27 00:59:29] epoch   80/300 | train=0.001784 | val=0.001816 | best=0.001816@80 | patience=0/30 | time=1.33s *
[2026-04-27 00:59:31] epoch   81/300 | train=0.001772 | val=0.001819 | best=0.001816@80 | patience=1/30 | time=1.79s
[2026-04-27 00:59:33] epoch   82/300 | train=0.001769 | val=0.001804 | best=0.001804@82 | patience=0/30 | time=1.33s *
[2026-04-27 00:59:34] epoch   83/300 | train=0.001755 | val=0.002241 | best=0.001804@82 | patience=1/30 | time=1.33s
[2026-04-27 00:59:36] epoch   84/300 | train=0.001976 | val=0.001834 | best=0.001804@82 | patience=2/30 | time=1.33s
[2026-04-27 00:59:37] epoch   85/300 | train=0.001760 | val=0.001799 | best=0.001799@85 | patience=0/30 | time=1.33s *
[2026-04-27 00:59:39] epoch   86/300 | train=0.001735 | val=0.001767 | best=0.001767@86 | patience=0/30 | time=1.33s *
[2026-04-27 00:59:40] epoch   87/300 | train=0.001719 | val=0.001826 | best=0.001767@86 | patience=1/30 | time=1.33s
[2026-04-27 00:59:42] epoch   88/300 | train=0.001722 | val=0.001781 | best=0.001767@86 | patience=2/30 | time=1.33s
[2026-04-27 00:59:43] epoch   89/300 | train=0.001710 | val=0.001771 | best=0.001767@86 | patience=3/30 | time=1.33s
[2026-04-27 00:59:45] epoch   90/300 | train=0.001698 | val=0.001742 | best=0.001742@90 | patience=0/30 | time=1.33s *
[2026-04-27 00:59:47] epoch   91/300 | train=0.001688 | val=0.001744 | best=0.001742@90 | patience=1/30 | time=1.39s
[2026-04-27 00:59:48] epoch   92/300 | train=0.001677 | val=0.001753 | best=0.001742@90 | patience=2/30 | time=1.33s
[2026-04-27 00:59:50] epoch   93/300 | train=0.001683 | val=0.001728 | best=0.001728@93 | patience=0/30 | time=1.33s *
[2026-04-27 00:59:53] epoch   94/300 | train=0.001671 | val=0.001768 | best=0.001728@93 | patience=1/30 | time=3.32s
[2026-04-27 00:59:55] epoch   95/300 | train=0.001682 | val=0.001728 | best=0.001728@93 | patience=2/30 | time=1.46s
[2026-04-27 00:59:56] epoch   96/300 | train=0.001646 | val=0.001723 | best=0.001723@96 | patience=0/30 | time=1.33s *
[2026-04-27 00:59:58] epoch   97/300 | train=0.001649 | val=0.001744 | best=0.001723@96 | patience=1/30 | time=1.33s
[2026-04-27 00:59:59] epoch   98/300 | train=0.001654 | val=0.001730 | best=0.001723@96 | patience=2/30 | time=1.33s
[2026-04-27 01:00:01] epoch   99/300 | train=0.001653 | val=0.001714 | best=0.001714@99 | patience=0/30 | time=1.33s *
[2026-04-27 01:00:02] epoch  100/300 | train=0.001632 | val=0.001689 | best=0.001689@100 | patience=0/30 | time=1.33s *
[2026-04-27 01:00:04] epoch  101/300 | train=0.001625 | val=0.001689 | best=0.001689@100 | patience=1/30 | time=1.33s
[2026-04-27 01:00:06] epoch  102/300 | train=0.001617 | val=0.001728 | best=0.001689@100 | patience=2/30 | time=1.75s
[2026-04-27 01:00:07] epoch  103/300 | train=0.001615 | val=0.001688 | best=0.001689@100 | patience=3/30 | time=1.33s
[2026-04-27 01:00:08] epoch  104/300 | train=0.001625 | val=0.001729 | best=0.001689@100 | patience=4/30 | time=1.33s
[2026-04-27 01:00:10] epoch  105/300 | train=0.001605 | val=0.001659 | best=0.001659@105 | patience=0/30 | time=1.33s *
[2026-04-27 01:00:11] epoch  106/300 | train=0.001579 | val=0.001663 | best=0.001659@105 | patience=1/30 | time=1.33s
[2026-04-27 01:00:13] epoch  107/300 | train=0.001575 | val=0.001680 | best=0.001659@105 | patience=2/30 | time=1.33s
[2026-04-27 01:00:14] epoch  108/300 | train=0.001579 | val=0.001665 | best=0.001659@105 | patience=3/30 | time=1.45s
[2026-04-27 01:00:16] epoch  109/300 | train=0.001564 | val=0.001634 | best=0.001634@109 | patience=0/30 | time=1.33s *
[2026-04-27 01:00:18] epoch  110/300 | train=0.001558 | val=0.001631 | best=0.001631@110 | patience=0/30 | time=1.33s *
[2026-04-27 01:00:19] epoch  111/300 | train=0.001562 | val=0.001673 | best=0.001631@110 | patience=1/30 | time=1.35s
[2026-04-27 01:00:20] epoch  112/300 | train=0.001556 | val=0.001642 | best=0.001631@110 | patience=2/30 | time=1.33s
[2026-04-27 01:00:22] epoch  113/300 | train=0.001539 | val=0.001760 | best=0.001631@110 | patience=3/30 | time=1.33s
[2026-04-27 01:00:23] epoch  114/300 | train=0.001578 | val=0.001646 | best=0.001631@110 | patience=4/30 | time=1.33s
[2026-04-27 01:00:25] epoch  115/300 | train=0.001525 | val=0.001615 | best=0.001615@115 | patience=0/30 | time=1.33s *
[2026-04-27 01:00:27] epoch  116/300 | train=0.001512 | val=0.001602 | best=0.001602@116 | patience=0/30 | time=1.33s *
[2026-04-27 01:00:28] epoch  117/300 | train=0.001509 | val=0.001640 | best=0.001602@116 | patience=1/30 | time=1.33s
[2026-04-27 01:00:30] epoch  118/300 | train=0.001517 | val=0.001633 | best=0.001602@116 | patience=2/30 | time=1.46s
[2026-04-27 01:00:31] epoch  119/300 | train=0.001510 | val=0.001599 | best=0.001599@119 | patience=0/30 | time=1.33s *
[2026-04-27 01:00:33] epoch  120/300 | train=0.001497 | val=0.001601 | best=0.001599@119 | patience=1/30 | time=1.33s
[2026-04-27 01:00:34] epoch  121/300 | train=0.001486 | val=0.001654 | best=0.001599@119 | patience=2/30 | time=1.33s
[2026-04-27 01:00:36] epoch  122/300 | train=0.001493 | val=0.001656 | best=0.001599@119 | patience=3/30 | time=1.33s
[2026-04-27 01:00:37] epoch  123/300 | train=0.001513 | val=0.001569 | best=0.001569@123 | patience=0/30 | time=1.33s *
[2026-04-27 01:00:39] epoch  124/300 | train=0.001461 | val=0.001631 | best=0.001569@123 | patience=1/30 | time=1.72s
[2026-04-27 01:00:41] epoch  125/300 | train=0.001490 | val=0.001585 | best=0.001569@123 | patience=2/30 | time=1.33s
[2026-04-27 01:00:42] epoch  126/300 | train=0.001464 | val=0.001584 | best=0.001569@123 | patience=3/30 | time=1.33s
[2026-04-27 01:00:43] epoch  127/300 | train=0.001460 | val=0.001582 | best=0.001569@123 | patience=4/30 | time=1.33s
[2026-04-27 01:00:45] epoch  128/300 | train=0.001445 | val=0.001615 | best=0.001569@123 | patience=5/30 | time=1.33s
[2026-04-27 01:00:46] epoch  129/300 | train=0.001461 | val=0.001823 | best=0.001569@123 | patience=6/30 | time=1.33s
[2026-04-27 01:00:48] epoch  130/300 | train=0.001502 | val=0.001558 | best=0.001558@130 | patience=0/30 | time=1.33s *
[2026-04-27 01:00:49] epoch  131/300 | train=0.001437 | val=0.001565 | best=0.001558@130 | patience=1/30 | time=1.33s
[2026-04-27 01:00:51] epoch  132/300 | train=0.001436 | val=0.001581 | best=0.001558@130 | patience=2/30 | time=1.33s
[2026-04-27 01:00:52] epoch  133/300 | train=0.001426 | val=0.001567 | best=0.001558@130 | patience=3/30 | time=1.33s
[2026-04-27 01:00:54] epoch  134/300 | train=0.001422 | val=0.001569 | best=0.001558@130 | patience=4/30 | time=1.42s
[2026-04-27 01:00:55] epoch  135/300 | train=0.001414 | val=0.001553 | best=0.001553@135 | patience=0/30 | time=1.33s *
[2026-04-27 01:00:59] epoch  136/300 | train=0.001413 | val=0.001549 | best=0.001549@136 | patience=0/30 | time=3.45s *
[2026-04-27 01:01:01] epoch  137/300 | train=0.001399 | val=0.001537 | best=0.001537@137 | patience=0/30 | time=1.47s *
[2026-04-27 01:01:02] epoch  138/300 | train=0.001406 | val=0.001540 | best=0.001537@137 | patience=1/30 | time=1.33s
[2026-04-27 01:01:04] epoch  139/300 | train=0.001386 | val=0.001540 | best=0.001537@137 | patience=2/30 | time=1.33s
[2026-04-27 01:01:05] epoch  140/300 | train=0.001382 | val=0.001550 | best=0.001537@137 | patience=3/30 | time=1.33s
[2026-04-27 01:01:07] epoch  141/300 | train=0.001383 | val=0.001546 | best=0.001537@137 | patience=4/30 | time=1.33s
[2026-04-27 01:01:08] epoch  142/300 | train=0.001381 | val=0.001525 | best=0.001525@142 | patience=0/30 | time=1.33s *
[2026-04-27 01:01:10] epoch  143/300 | train=0.001366 | val=0.001513 | best=0.001513@143 | patience=0/30 | time=1.33s *
[2026-04-27 01:01:12] epoch  144/300 | train=0.001365 | val=0.001507 | best=0.001507@144 | patience=0/30 | time=1.33s *
[2026-04-27 01:01:13] epoch  145/300 | train=0.001371 | val=0.001537 | best=0.001507@144 | patience=1/30 | time=1.33s
[2026-04-27 01:01:15] epoch  146/300 | train=0.001357 | val=0.001641 | best=0.001507@144 | patience=2/30 | time=1.33s
[2026-04-27 01:01:16] epoch  147/300 | train=0.001391 | val=0.001545 | best=0.001507@144 | patience=3/30 | time=1.33s
[2026-04-27 01:01:18] epoch  148/300 | train=0.001360 | val=0.001505 | best=0.001505@148 | patience=0/30 | time=1.33s *
[2026-04-27 01:01:19] epoch  149/300 | train=0.001343 | val=0.001513 | best=0.001505@148 | patience=1/30 | time=1.33s
[2026-04-27 01:01:21] epoch  150/300 | train=0.001341 | val=0.001537 | best=0.001505@148 | patience=2/30 | time=1.40s
[2026-04-27 01:01:22] epoch  151/300 | train=0.001344 | val=0.001581 | best=0.001505@148 | patience=3/30 | time=1.33s
[2026-04-27 01:01:24] epoch  152/300 | train=0.001375 | val=0.001554 | best=0.001505@148 | patience=4/30 | time=1.38s
[2026-04-27 01:01:25] epoch  153/300 | train=0.001343 | val=0.001493 | best=0.001493@153 | patience=0/30 | time=1.33s *
[2026-04-27 01:01:27] epoch  154/300 | train=0.001322 | val=0.001478 | best=0.001478@154 | patience=0/30 | time=1.33s *
[2026-04-27 01:01:28] epoch  155/300 | train=0.001310 | val=0.001498 | best=0.001478@154 | patience=1/30 | time=1.33s
[2026-04-27 01:01:32] epoch  156/300 | train=0.001330 | val=0.001513 | best=0.001478@154 | patience=2/30 | time=3.22s
[2026-04-27 01:01:33] epoch  157/300 | train=0.001329 | val=0.001489 | best=0.001478@154 | patience=3/30 | time=1.33s
[2026-04-27 01:01:34] epoch  158/300 | train=0.001301 | val=0.001502 | best=0.001478@154 | patience=4/30 | time=1.33s
[2026-04-27 01:01:36] epoch  159/300 | train=0.001296 | val=0.001471 | best=0.001471@159 | patience=0/30 | time=1.33s *
[2026-04-27 01:01:38] epoch  160/300 | train=0.001298 | val=0.001478 | best=0.001471@159 | patience=1/30 | time=1.48s
[2026-04-27 01:01:39] epoch  161/300 | train=0.001291 | val=0.001497 | best=0.001471@159 | patience=2/30 | time=1.33s
[2026-04-27 01:01:41] epoch  162/300 | train=0.001302 | val=0.001487 | best=0.001471@159 | patience=3/30 | time=1.33s
[2026-04-27 01:01:42] epoch  163/300 | train=0.001299 | val=0.001505 | best=0.001471@159 | patience=4/30 | time=1.33s
[2026-04-27 01:01:43] epoch  164/300 | train=0.001304 | val=0.001487 | best=0.001471@159 | patience=5/30 | time=1.33s
[2026-04-27 01:01:45] epoch  165/300 | train=0.001275 | val=0.001477 | best=0.001471@159 | patience=6/30 | time=1.33s
[2026-04-27 01:01:46] epoch  166/300 | train=0.001272 | val=0.001471 | best=0.001471@159 | patience=7/30 | time=1.33s
[2026-04-27 01:01:48] epoch  167/300 | train=0.001258 | val=0.001467 | best=0.001467@167 | patience=0/30 | time=1.76s *
[2026-04-27 01:01:50] epoch  168/300 | train=0.001272 | val=0.001467 | best=0.001467@167 | patience=1/30 | time=1.33s
[2026-04-27 01:01:52] epoch  169/300 | train=0.001272 | val=0.001456 | best=0.001456@169 | patience=0/30 | time=1.33s *
[2026-04-27 01:01:53] epoch  170/300 | train=0.001254 | val=0.001490 | best=0.001456@169 | patience=1/30 | time=1.33s
[2026-04-27 01:01:55] epoch  171/300 | train=0.001273 | val=0.001482 | best=0.001456@169 | patience=2/30 | time=1.33s
[2026-04-27 01:01:56] epoch  172/300 | train=0.001247 | val=0.001464 | best=0.001456@169 | patience=3/30 | time=1.39s
[2026-04-27 01:01:58] epoch  173/300 | train=0.001242 | val=0.001450 | best=0.001450@173 | patience=0/30 | time=1.33s *
[2026-04-27 01:01:59] epoch  174/300 | train=0.001241 | val=0.001463 | best=0.001450@173 | patience=1/30 | time=1.33s
[2026-04-27 01:02:01] epoch  175/300 | train=0.001251 | val=0.001454 | best=0.001450@173 | patience=2/30 | time=1.33s
[2026-04-27 01:02:02] epoch  176/300 | train=0.001236 | val=0.001454 | best=0.001450@173 | patience=3/30 | time=1.33s
[2026-04-27 01:02:04] epoch  177/300 | train=0.001251 | val=0.001484 | best=0.001450@173 | patience=4/30 | time=1.33s
[2026-04-27 01:02:05] epoch  178/300 | train=0.001273 | val=0.001475 | best=0.001450@173 | patience=5/30 | time=1.33s
[2026-04-27 01:02:09] epoch  179/300 | train=0.001286 | val=0.001500 | best=0.001450@173 | patience=6/30 | time=3.10s
[2026-04-27 01:02:10] epoch  180/300 | train=0.001246 | val=0.001450 | best=0.001450@173 | patience=7/30 | time=1.33s
[2026-04-27 01:02:12] epoch  181/300 | train=0.001223 | val=0.001438 | best=0.001438@181 | patience=0/30 | time=1.33s *
[2026-04-27 01:02:13] epoch  182/300 | train=0.001216 | val=0.001465 | best=0.001438@181 | patience=1/30 | time=1.47s
[2026-04-27 01:02:15] epoch  183/300 | train=0.001228 | val=0.001429 | best=0.001429@183 | patience=0/30 | time=1.33s *
[2026-04-27 01:02:16] epoch  184/300 | train=0.001207 | val=0.001432 | best=0.001429@183 | patience=1/30 | time=1.33s
[2026-04-27 01:02:18] epoch  185/300 | train=0.001196 | val=0.001427 | best=0.001427@185 | patience=0/30 | time=1.33s *
[2026-04-27 01:02:19] epoch  186/300 | train=0.001192 | val=0.001462 | best=0.001427@185 | patience=1/30 | time=1.33s
[2026-04-27 01:02:21] epoch  187/300 | train=0.001218 | val=0.001499 | best=0.001427@185 | patience=2/30 | time=1.33s
[2026-04-27 01:02:22] epoch  188/300 | train=0.001228 | val=0.001473 | best=0.001427@185 | patience=3/30 | time=1.33s
[2026-04-27 01:02:24] epoch  189/300 | train=0.001218 | val=0.001442 | best=0.001427@185 | patience=4/30 | time=1.38s
[2026-04-27 01:02:25] epoch  190/300 | train=0.001202 | val=0.001439 | best=0.001427@185 | patience=5/30 | time=1.33s
[2026-04-27 01:02:27] epoch  191/300 | train=0.001183 | val=0.001435 | best=0.001427@185 | patience=6/30 | time=1.33s
[2026-04-27 01:02:28] epoch  192/300 | train=0.001192 | val=0.001437 | best=0.001427@185 | patience=7/30 | time=1.33s
[2026-04-27 01:02:29] epoch  193/300 | train=0.001181 | val=0.001477 | best=0.001427@185 | patience=8/30 | time=1.33s
[2026-04-27 01:02:31] epoch  194/300 | train=0.001188 | val=0.001421 | best=0.001421@194 | patience=0/30 | time=1.33s *
[2026-04-27 01:02:33] epoch  195/300 | train=0.001172 | val=0.001421 | best=0.001421@194 | patience=1/30 | time=1.33s
[2026-04-27 01:02:34] epoch  196/300 | train=0.001178 | val=0.001446 | best=0.001421@194 | patience=2/30 | time=1.33s
[2026-04-27 01:02:35] epoch  197/300 | train=0.001182 | val=0.001444 | best=0.001421@194 | patience=3/30 | time=1.33s
[2026-04-27 01:02:37] epoch  198/300 | train=0.001190 | val=0.001438 | best=0.001421@194 | patience=4/30 | time=1.33s
[2026-04-27 01:02:38] epoch  199/300 | train=0.001167 | val=0.001425 | best=0.001421@194 | patience=5/30 | time=1.38s
[2026-04-27 01:02:40] epoch  200/300 | train=0.001172 | val=0.001423 | best=0.001421@194 | patience=6/30 | time=1.33s
[2026-04-27 01:02:41] epoch  201/300 | train=0.001165 | val=0.001431 | best=0.001421@194 | patience=7/30 | time=1.33s
[2026-04-27 01:02:45] epoch  202/300 | train=0.001157 | val=0.001475 | best=0.001421@194 | patience=8/30 | time=3.25s
[2026-04-27 01:02:46] epoch  203/300 | train=0.001178 | val=0.001451 | best=0.001421@194 | patience=9/30 | time=1.33s
[2026-04-27 01:02:48] epoch  204/300 | train=0.001174 | val=0.001455 | best=0.001421@194 | patience=10/30 | time=1.47s
[2026-04-27 01:02:49] epoch  205/300 | train=0.001167 | val=0.001442 | best=0.001421@194 | patience=11/30 | time=1.33s
[2026-04-27 01:02:51] epoch  206/300 | train=0.001150 | val=0.001436 | best=0.001421@194 | patience=12/30 | time=1.33s
[2026-04-27 01:02:52] epoch  207/300 | train=0.001140 | val=0.001614 | best=0.001421@194 | patience=13/30 | time=1.33s
[2026-04-27 01:02:53] epoch  208/300 | train=0.001406 | val=0.001470 | best=0.001421@194 | patience=14/30 | time=1.33s
[2026-04-27 01:02:55] epoch  209/300 | train=0.001188 | val=0.001439 | best=0.001421@194 | patience=15/30 | time=1.33s
[2026-04-27 01:02:58] epoch  210/300 | train=0.001145 | val=0.001417 | best=0.001417@210 | patience=0/30 | time=1.79s *
[2026-04-27 01:02:59] epoch  211/300 | train=0.001131 | val=0.001424 | best=0.001417@210 | patience=1/30 | time=1.34s
[2026-04-27 01:03:01] epoch  212/300 | train=0.001142 | val=0.001461 | best=0.001417@210 | patience=2/30 | time=1.34s
[2026-04-27 01:03:02] epoch  213/300 | train=0.001142 | val=0.001428 | best=0.001417@210 | patience=3/30 | time=1.34s
[2026-04-27 01:03:04] epoch  214/300 | train=0.001142 | val=0.001436 | best=0.001417@210 | patience=4/30 | time=1.34s
[2026-04-27 01:03:05] epoch  215/300 | train=0.001145 | val=0.001426 | best=0.001417@210 | patience=5/30 | time=1.34s
[2026-04-27 01:03:07] epoch  216/300 | train=0.001114 | val=0.001403 | best=0.001403@216 | patience=0/30 | time=1.34s *
[2026-04-27 01:03:08] epoch  217/300 | train=0.001113 | val=0.001411 | best=0.001403@216 | patience=1/30 | time=1.34s
[2026-04-27 01:03:10] epoch  218/300 | train=0.001115 | val=0.001415 | best=0.001403@216 | patience=2/30 | time=1.34s
[2026-04-27 01:03:11] epoch  219/300 | train=0.001112 | val=0.001412 | best=0.001403@216 | patience=3/30 | time=1.34s
[2026-04-27 01:03:13] epoch  220/300 | train=0.001107 | val=0.001407 | best=0.001403@216 | patience=4/30 | time=1.43s
[2026-04-27 01:03:14] epoch  221/300 | train=0.001111 | val=0.001425 | best=0.001403@216 | patience=5/30 | time=1.34s
[2026-04-27 01:03:16] epoch  222/300 | train=0.001106 | val=0.001431 | best=0.001403@216 | patience=6/30 | time=1.34s
[2026-04-27 01:03:17] epoch  223/300 | train=0.001133 | val=0.001405 | best=0.001403@216 | patience=7/30 | time=1.56s
[2026-04-27 01:03:19] epoch  224/300 | train=0.001104 | val=0.001419 | best=0.001403@216 | patience=8/30 | time=1.34s
[2026-04-27 01:03:20] epoch  225/300 | train=0.001099 | val=0.001418 | best=0.001403@216 | patience=9/30 | time=1.34s
[2026-04-27 01:03:22] epoch  226/300 | train=0.001097 | val=0.001424 | best=0.001403@216 | patience=10/30 | time=1.39s
[2026-04-27 01:03:23] epoch  227/300 | train=0.001094 | val=0.001412 | best=0.001403@216 | patience=11/30 | time=1.34s
[2026-04-27 01:03:25] epoch  228/300 | train=0.001087 | val=0.001407 | best=0.001403@216 | patience=12/30 | time=1.34s
[2026-04-27 01:03:26] epoch  229/300 | train=0.001093 | val=0.001464 | best=0.001403@216 | patience=13/30 | time=1.34s
[2026-04-27 01:03:27] epoch  230/300 | train=0.001101 | val=0.001412 | best=0.001403@216 | patience=14/30 | time=1.34s
[2026-04-27 01:03:29] epoch  231/300 | train=0.001092 | val=0.001458 | best=0.001403@216 | patience=15/30 | time=1.34s
[2026-04-27 01:03:30] epoch  232/300 | train=0.001104 | val=0.001407 | best=0.001403@216 | patience=16/30 | time=1.34s
[2026-04-27 01:03:32] epoch  233/300 | train=0.001083 | val=0.001450 | best=0.001403@216 | patience=17/30 | time=1.73s
[2026-04-27 01:03:34] epoch  234/300 | train=0.001088 | val=0.001423 | best=0.001403@216 | patience=18/30 | time=1.34s
[2026-04-27 01:03:35] epoch  235/300 | train=0.001075 | val=0.001416 | best=0.001403@216 | patience=19/30 | time=1.34s
[2026-04-27 01:03:37] epoch  236/300 | train=0.001072 | val=0.001419 | best=0.001403@216 | patience=20/30 | time=1.34s
[2026-04-27 01:03:38] epoch  237/300 | train=0.001095 | val=0.001410 | best=0.001403@216 | patience=21/30 | time=1.34s
[2026-04-27 01:03:40] epoch  238/300 | train=0.001084 | val=0.001515 | best=0.001403@216 | patience=22/30 | time=1.34s
[2026-04-27 01:03:41] epoch  239/300 | train=0.001137 | val=0.001425 | best=0.001403@216 | patience=23/30 | time=1.34s
[2026-04-27 01:03:43] epoch  240/300 | train=0.001068 | val=0.001400 | best=0.001400@240 | patience=0/30 | time=1.43s *
[2026-04-27 01:03:44] epoch  241/300 | train=0.001056 | val=0.001427 | best=0.001400@240 | patience=1/30 | time=1.33s
[2026-04-27 01:03:46] epoch  242/300 | train=0.001076 | val=0.001474 | best=0.001400@240 | patience=2/30 | time=1.34s
[2026-04-27 01:03:47] epoch  243/300 | train=0.001086 | val=0.001406 | best=0.001400@240 | patience=3/30 | time=1.40s
[2026-04-27 01:03:49] epoch  244/300 | train=0.001058 | val=0.001414 | best=0.001400@240 | patience=4/30 | time=1.33s
[2026-04-27 01:03:50] epoch  245/300 | train=0.001053 | val=0.001407 | best=0.001400@240 | patience=5/30 | time=1.33s
[2026-04-27 01:03:51] epoch  246/300 | train=0.001054 | val=0.001436 | best=0.001400@240 | patience=6/30 | time=1.34s
[2026-04-27 01:03:55] epoch  247/300 | train=0.001064 | val=0.001421 | best=0.001400@240 | patience=7/30 | time=3.50s
[2026-04-27 01:03:57] epoch  248/300 | train=0.001045 | val=0.001388 | best=0.001388@248 | patience=0/30 | time=1.51s *
[2026-04-27 01:03:58] epoch  249/300 | train=0.001033 | val=0.001400 | best=0.001388@248 | patience=1/30 | time=1.34s
[2026-04-27 01:04:00] epoch  250/300 | train=0.001042 | val=0.001473 | best=0.001388@248 | patience=2/30 | time=1.34s
[2026-04-27 01:04:01] epoch  251/300 | train=0.001104 | val=0.001503 | best=0.001388@248 | patience=3/30 | time=1.35s
[2026-04-27 01:04:03] epoch  252/300 | train=0.001098 | val=0.001453 | best=0.001388@248 | patience=4/30 | time=1.33s
[2026-04-27 01:04:04] epoch  253/300 | train=0.001063 | val=0.001419 | best=0.001388@248 | patience=5/30 | time=1.33s
[2026-04-27 01:04:07] epoch  254/300 | train=0.001055 | val=0.001453 | best=0.001388@248 | patience=6/30 | time=1.73s
[2026-04-27 01:04:08] epoch  255/300 | train=0.001085 | val=0.001447 | best=0.001388@248 | patience=7/30 | time=1.33s
[2026-04-27 01:04:10] epoch  256/300 | train=0.001072 | val=0.001412 | best=0.001388@248 | patience=8/30 | time=1.33s
[2026-04-27 01:04:11] epoch  257/300 | train=0.001030 | val=0.001401 | best=0.001388@248 | patience=9/30 | time=1.33s
[2026-04-27 01:04:13] epoch  258/300 | train=0.001030 | val=0.001400 | best=0.001388@248 | patience=10/30 | time=1.33s
[2026-04-27 01:04:14] epoch  259/300 | train=0.001022 | val=0.001406 | best=0.001388@248 | patience=11/30 | time=1.33s
[2026-04-27 01:04:15] epoch  260/300 | train=0.001018 | val=0.001408 | best=0.001388@248 | patience=12/30 | time=1.33s
[2026-04-27 01:04:17] epoch  261/300 | train=0.001009 | val=0.001410 | best=0.001388@248 | patience=13/30 | time=1.40s
[2026-04-27 01:04:18] epoch  262/300 | train=0.001013 | val=0.001405 | best=0.001388@248 | patience=14/30 | time=1.33s
[2026-04-27 01:04:20] epoch  263/300 | train=0.001024 | val=0.001399 | best=0.001388@248 | patience=15/30 | time=1.39s
[2026-04-27 01:04:21] epoch  264/300 | train=0.001012 | val=0.001418 | best=0.001388@248 | patience=16/30 | time=1.33s
[2026-04-27 01:04:23] epoch  265/300 | train=0.001030 | val=0.001520 | best=0.001388@248 | patience=17/30 | time=1.33s
[2026-04-27 01:04:24] epoch  266/300 | train=0.001059 | val=0.001440 | best=0.001388@248 | patience=18/30 | time=1.33s
[2026-04-27 01:04:28] epoch  267/300 | train=0.001026 | val=0.001418 | best=0.001388@248 | patience=19/30 | time=3.34s
[2026-04-27 01:04:29] epoch  268/300 | train=0.001006 | val=0.001421 | best=0.001388@248 | patience=20/30 | time=1.33s
[2026-04-27 01:04:31] epoch  269/300 | train=0.001015 | val=0.001393 | best=0.001388@248 | patience=21/30 | time=1.47s
[2026-04-27 01:04:32] epoch  270/300 | train=0.001004 | val=0.001397 | best=0.001388@248 | patience=22/30 | time=1.33s
[2026-04-27 01:04:34] epoch  271/300 | train=0.001000 | val=0.001400 | best=0.001388@248 | patience=23/30 | time=1.33s
[2026-04-27 01:04:35] epoch  272/300 | train=0.000996 | val=0.001400 | best=0.001388@248 | patience=24/30 | time=1.33s
[2026-04-27 01:04:37] epoch  273/300 | train=0.000995 | val=0.001408 | best=0.001388@248 | patience=25/30 | time=1.33s
[2026-04-27 01:04:38] epoch  274/300 | train=0.001007 | val=0.001435 | best=0.001388@248 | patience=26/30 | time=1.33s
[2026-04-27 01:04:40] epoch  275/300 | train=0.000990 | val=0.001389 | best=0.001388@248 | patience=27/30 | time=1.34s
[2026-04-27 01:04:41] epoch  276/300 | train=0.000989 | val=0.001402 | best=0.001388@248 | patience=28/30 | time=1.39s
[2026-04-27 01:04:43] epoch  277/300 | train=0.000988 | val=0.001416 | best=0.001388@248 | patience=29/30 | time=1.34s
[2026-04-27 01:04:44] epoch  278/300 | train=0.001008 | val=0.001424 | best=0.001388@248 | patience=30/30 | time=1.34s
[2026-04-27 01:04:44]   early stopping at epoch 278 (no improvement for 30 epochs)
[2026-04-27 01:04:44] Training done: stop_reason=early_stop, total_epochs=278, best_epoch=248, best_val=0.001388
[2026-04-27 01:04:44] Reloading best checkpoint (epoch 248) for evaluation
[2026-04-27 01:04:50] ------------------------------------------------------------
[2026-04-27 01:04:50] Evaluation:
[2026-04-27 01:04:50]   AUC broken_lcfs         : 0.5836
[2026-04-27 01:04:50]   AUC bad_black_core      : 0.9982
[2026-04-27 01:04:50]   AUC bad_nonconverged    : 1.0000
[2026-04-27 01:04:50]   objective      : 0.8329
[2026-04-27 01:04:50]   floor_ok       : True
[2026-04-27 01:04:50]   threshold      : 0.1011
[2026-04-27 01:04:50]   mu / sigma     : 0.00102208 / 0.000252345
[2026-04-27 01:04:50] Train time=500.5s, eval time=5.5s
