[2026-04-27 02:42:13] ============================================================
[2026-04-27 02:42:13] Trial 52 starting on cuda:0
[2026-04-27 02:42:13] Timestamp: 2026-04-27T02:42:13.682867
[2026-04-27 02:42:13] --- Config summary ---
  bottleneck_dim  : 146
  n_enc_layers    : 2
  n_dec_layers    : 4
  base_channels   : 40
  growth_factor   : 2.988941454841802
  use_batchnorm   : True
  use_hpf         : True
  hpf_sigma       : 2.387813373731456
  lr              : 0.0005283228192605143
  batch_size      : 16
  max_epochs      : 300
  patience        : 30
  seed            : 42
  deterministic   : False
  trial_num       : 52
[2026-04-27 02:42:13] Loading train/val/selection splits...
[2026-04-27 02:42:21] Splits loaded in 8.1s: n_train=722, n_val=120, n_selection=405
[2026-04-27 02:42:22] --- Architecture summary ---
  channels per enc layer : [40, 120]
  final spatial size     : 64x64
  flat size before latent: 491520
  bottleneck_dim         : 146
  total parameters       : 144,666,307
[2026-04-27 02:42:22] Starting training: n_train=722, n_val=120, device=cuda:0
[2026-04-27 02:42:56] epoch    1/300 | train=0.005163 | val=0.003703 | best=0.003703@1 | patience=0/30 | time=33.53s *
[2026-04-27 02:43:03] epoch    2/300 | train=0.003300 | val=0.003254 | best=0.003254@2 | patience=0/30 | time=5.40s *
[2026-04-27 02:43:09] epoch    3/300 | train=0.003098 | val=0.003074 | best=0.003074@3 | patience=0/30 | time=5.45s *
[2026-04-27 02:43:15] epoch    4/300 | train=0.002941 | val=0.002922 | best=0.002922@4 | patience=0/30 | time=5.38s *
[2026-04-27 02:43:20] epoch    5/300 | train=0.002865 | val=0.003070 | best=0.002922@4 | patience=1/30 | time=5.43s
[2026-04-27 02:43:26] epoch    6/300 | train=0.002800 | val=0.002865 | best=0.002865@6 | patience=0/30 | time=5.40s *
[2026-04-27 02:43:32] epoch    7/300 | train=0.002724 | val=0.002885 | best=0.002865@6 | patience=1/30 | time=5.42s
[2026-04-27 02:43:38] epoch    8/300 | train=0.002658 | val=0.002710 | best=0.002710@8 | patience=0/30 | time=5.41s *
[2026-04-27 02:43:43] epoch    9/300 | train=0.002549 | val=0.002745 | best=0.002710@8 | patience=1/30 | time=5.41s
[2026-04-27 02:43:49] epoch   10/300 | train=0.002466 | val=0.002719 | best=0.002710@8 | patience=2/30 | time=5.42s
[2026-04-27 02:43:55] epoch   11/300 | train=0.002390 | val=0.002392 | best=0.002392@11 | patience=0/30 | time=5.44s *
[2026-04-27 02:44:01] epoch   12/300 | train=0.002291 | val=0.002296 | best=0.002296@12 | patience=0/30 | time=5.41s *
[2026-04-27 02:44:07] epoch   13/300 | train=0.002213 | val=0.002452 | best=0.002296@12 | patience=1/30 | time=5.42s
[2026-04-27 02:44:12] epoch   14/300 | train=0.002164 | val=0.002316 | best=0.002296@12 | patience=2/30 | time=5.42s
[2026-04-27 02:44:18] epoch   15/300 | train=0.002085 | val=0.002172 | best=0.002172@15 | patience=0/30 | time=5.39s *
[2026-04-27 02:44:24] epoch   16/300 | train=0.002014 | val=0.002250 | best=0.002172@15 | patience=1/30 | time=5.46s
[2026-04-27 02:44:30] epoch   17/300 | train=0.001948 | val=0.002030 | best=0.002030@17 | patience=0/30 | time=5.38s *
[2026-04-27 02:44:35] epoch   18/300 | train=0.001894 | val=0.002110 | best=0.002030@17 | patience=1/30 | time=5.40s
[2026-04-27 02:44:42] epoch   19/300 | train=0.001825 | val=0.002001 | best=0.002001@19 | patience=0/30 | time=5.40s *
[2026-04-27 02:44:47] epoch   20/300 | train=0.001769 | val=0.002005 | best=0.002001@19 | patience=1/30 | time=5.43s
[2026-04-27 02:44:53] epoch   21/300 | train=0.001725 | val=0.001898 | best=0.001898@21 | patience=0/30 | time=5.41s *
[2026-04-27 02:44:59] epoch   22/300 | train=0.001705 | val=0.001886 | best=0.001886@22 | patience=0/30 | time=5.44s *
[2026-04-27 02:45:05] epoch   23/300 | train=0.001637 | val=0.001830 | best=0.001830@23 | patience=0/30 | time=5.40s *
[2026-04-27 02:45:11] epoch   24/300 | train=0.001608 | val=0.001957 | best=0.001830@23 | patience=1/30 | time=5.44s
[2026-04-27 02:45:16] epoch   25/300 | train=0.001586 | val=0.001879 | best=0.001830@23 | patience=2/30 | time=5.41s
[2026-04-27 02:45:22] epoch   26/300 | train=0.001511 | val=0.001889 | best=0.001830@23 | patience=3/30 | time=5.42s
[2026-04-27 02:45:28] epoch   27/300 | train=0.001504 | val=0.001735 | best=0.001735@27 | patience=0/30 | time=5.42s *
[2026-04-27 02:45:33] epoch   28/300 | train=0.001443 | val=0.001750 | best=0.001735@27 | patience=1/30 | time=5.40s
[2026-04-27 02:45:39] epoch   29/300 | train=0.001415 | val=0.001765 | best=0.001735@27 | patience=2/30 | time=5.46s
[2026-04-27 02:45:45] epoch   30/300 | train=0.001383 | val=0.001720 | best=0.001720@30 | patience=0/30 | time=5.42s *
[2026-04-27 02:45:50] epoch   31/300 | train=0.001392 | val=0.001807 | best=0.001720@30 | patience=1/30 | time=5.40s
[2026-04-27 02:45:56] epoch   32/300 | train=0.001323 | val=0.001870 | best=0.001720@30 | patience=2/30 | time=5.41s
[2026-04-27 02:46:01] epoch   33/300 | train=0.001301 | val=0.001927 | best=0.001720@30 | patience=3/30 | time=5.43s
[2026-04-27 02:46:07] epoch   34/300 | train=0.001258 | val=0.001905 | best=0.001720@30 | patience=4/30 | time=5.41s
[2026-04-27 02:46:12] epoch   35/300 | train=0.001273 | val=0.001774 | best=0.001720@30 | patience=5/30 | time=5.42s
[2026-04-27 02:46:18] epoch   36/300 | train=0.001264 | val=0.001946 | best=0.001720@30 | patience=6/30 | time=5.42s
[2026-04-27 02:46:23] epoch   37/300 | train=0.001268 | val=0.001832 | best=0.001720@30 | patience=7/30 | time=5.44s
[2026-04-27 02:46:29] epoch   38/300 | train=0.001195 | val=0.001996 | best=0.001720@30 | patience=8/30 | time=5.41s
[2026-04-27 02:46:34] epoch   39/300 | train=0.001238 | val=0.001823 | best=0.001720@30 | patience=9/30 | time=5.43s
[2026-04-27 02:46:40] epoch   40/300 | train=0.001150 | val=0.001648 | best=0.001648@40 | patience=0/30 | time=5.40s *
[2026-04-27 02:46:46] epoch   41/300 | train=0.001123 | val=0.001710 | best=0.001648@40 | patience=1/30 | time=5.41s
[2026-04-27 02:46:51] epoch   42/300 | train=0.001091 | val=0.001849 | best=0.001648@40 | patience=2/30 | time=5.46s
[2026-04-27 02:46:57] epoch   43/300 | train=0.001085 | val=0.001674 | best=0.001648@40 | patience=3/30 | time=5.38s
[2026-04-27 02:47:02] epoch   44/300 | train=0.001052 | val=0.001760 | best=0.001648@40 | patience=4/30 | time=5.45s
[2026-04-27 02:47:07] epoch   45/300 | train=0.001019 | val=0.003400 | best=0.001648@40 | patience=5/30 | time=5.39s
[2026-04-27 02:47:13] epoch   46/300 | train=0.001072 | val=0.002158 | best=0.001648@40 | patience=6/30 | time=5.44s
[2026-04-27 02:47:18] epoch   47/300 | train=0.001032 | val=0.001849 | best=0.001648@40 | patience=7/30 | time=5.41s
[2026-04-27 02:47:24] epoch   48/300 | train=0.000985 | val=0.001788 | best=0.001648@40 | patience=8/30 | time=5.42s
[2026-04-27 02:47:29] epoch   49/300 | train=0.000960 | val=0.001660 | best=0.001648@40 | patience=9/30 | time=5.40s
[2026-04-27 02:47:35] epoch   50/300 | train=0.000928 | val=0.001624 | best=0.001624@50 | patience=0/30 | time=5.41s *
[2026-04-27 02:47:41] epoch   51/300 | train=0.000893 | val=0.001662 | best=0.001624@50 | patience=1/30 | time=5.45s
[2026-04-27 02:47:46] epoch   52/300 | train=0.000878 | val=0.001743 | best=0.001624@50 | patience=2/30 | time=5.38s
[2026-04-27 02:47:52] epoch   53/300 | train=0.000872 | val=0.001657 | best=0.001624@50 | patience=3/30 | time=5.44s
[2026-04-27 02:47:57] epoch   54/300 | train=0.000870 | val=0.001862 | best=0.001624@50 | patience=4/30 | time=5.40s
[2026-04-27 02:48:03] epoch   55/300 | train=0.000869 | val=0.001851 | best=0.001624@50 | patience=5/30 | time=5.44s
[2026-04-27 02:48:08] epoch   56/300 | train=0.000858 | val=0.002063 | best=0.001624@50 | patience=6/30 | time=5.41s
[2026-04-27 02:48:14] epoch   57/300 | train=0.000879 | val=0.001717 | best=0.001624@50 | patience=7/30 | time=5.42s
[2026-04-27 02:48:19] epoch   58/300 | train=0.000807 | val=0.001757 | best=0.001624@50 | patience=8/30 | time=5.42s
[2026-04-27 02:48:24] epoch   59/300 | train=0.000769 | val=0.001737 | best=0.001624@50 | patience=9/30 | time=5.40s
[2026-04-27 02:48:30] epoch   60/300 | train=0.000753 | val=0.001680 | best=0.001624@50 | patience=10/30 | time=5.46s
[2026-04-27 02:48:35] epoch   61/300 | train=0.000731 | val=0.001655 | best=0.001624@50 | patience=11/30 | time=5.38s
[2026-04-27 02:48:41] epoch   62/300 | train=0.000710 | val=0.001687 | best=0.001624@50 | patience=12/30 | time=5.45s
[2026-04-27 02:48:46] epoch   63/300 | train=0.000709 | val=0.001770 | best=0.001624@50 | patience=13/30 | time=5.39s
[2026-04-27 02:48:52] epoch   64/300 | train=0.000715 | val=0.001671 | best=0.001624@50 | patience=14/30 | time=5.44s
[2026-04-27 02:48:57] epoch   65/300 | train=0.000705 | val=0.001714 | best=0.001624@50 | patience=15/30 | time=5.41s
[2026-04-27 02:49:03] epoch   66/300 | train=0.000699 | val=0.001968 | best=0.001624@50 | patience=16/30 | time=5.42s
[2026-04-27 02:49:08] epoch   67/300 | train=0.000670 | val=0.001822 | best=0.001624@50 | patience=17/30 | time=5.42s
[2026-04-27 02:49:13] epoch   68/300 | train=0.000669 | val=0.001659 | best=0.001624@50 | patience=18/30 | time=5.39s
[2026-04-27 02:49:19] epoch   69/300 | train=0.000631 | val=0.001787 | best=0.001624@50 | patience=19/30 | time=5.46s
[2026-04-27 02:49:24] epoch   70/300 | train=0.000639 | val=0.001840 | best=0.001624@50 | patience=20/30 | time=5.38s
[2026-04-27 02:49:30] epoch   71/300 | train=0.000603 | val=0.001707 | best=0.001624@50 | patience=21/30 | time=5.44s
[2026-04-27 02:49:35] epoch   72/300 | train=0.000581 | val=0.001742 | best=0.001624@50 | patience=22/30 | time=5.41s
[2026-04-27 02:49:41] epoch   73/300 | train=0.000580 | val=0.001685 | best=0.001624@50 | patience=23/30 | time=5.43s
[2026-04-27 02:49:46] epoch   74/300 | train=0.000595 | val=0.001738 | best=0.001624@50 | patience=24/30 | time=5.41s
[2026-04-27 02:49:52] epoch   75/300 | train=0.000566 | val=0.001642 | best=0.001624@50 | patience=25/30 | time=5.42s
[2026-04-27 02:49:57] epoch   76/300 | train=0.000557 | val=0.001729 | best=0.001624@50 | patience=26/30 | time=5.42s
[2026-04-27 02:50:03] epoch   77/300 | train=0.000551 | val=0.001789 | best=0.001624@50 | patience=27/30 | time=5.39s
[2026-04-27 02:50:08] epoch   78/300 | train=0.000529 | val=0.001814 | best=0.001624@50 | patience=28/30 | time=5.46s
[2026-04-27 02:50:13] epoch   79/300 | train=0.000556 | val=0.001800 | best=0.001624@50 | patience=29/30 | time=5.42s
[2026-04-27 02:50:19] epoch   80/300 | train=0.000535 | val=0.001728 | best=0.001624@50 | patience=30/30 | time=5.40s
[2026-04-27 02:50:19]   early stopping at epoch 80 (no improvement for 30 epochs)
[2026-04-27 02:50:19] Training done: stop_reason=early_stop, total_epochs=80, best_epoch=50, best_val=0.001624
[2026-04-27 02:50:19] Reloading best checkpoint (epoch 50) for evaluation
[2026-04-27 02:50:24] ------------------------------------------------------------
[2026-04-27 02:50:24] Evaluation:
[2026-04-27 02:50:24]   AUC broken_lcfs         : 0.5874
[2026-04-27 02:50:24]   AUC bad_black_core      : 0.9967
[2026-04-27 02:50:24]   AUC bad_nonconverged    : 0.9980
[2026-04-27 02:50:24]   objective      : 0.8334
[2026-04-27 02:50:24]   floor_ok       : True
[2026-04-27 02:50:24]   threshold      : 0.2259
[2026-04-27 02:50:24]   mu / sigma     : 0.000863885 / 0.000181797
[2026-04-27 02:50:24] Train time=476.7s, eval time=4.0s
