[2026-04-27 01:04:51] ============================================================
[2026-04-27 01:04:51] Trial 18 starting on cuda:0
[2026-04-27 01:04:51] Timestamp: 2026-04-27T01:04:51.599559
[2026-04-27 01:04:51] --- Config summary ---
  bottleneck_dim  : 182
  n_enc_layers    : 4
  n_dec_layers    : 5
  base_channels   : 16
  growth_factor   : 1.9755830241798509
  use_batchnorm   : True
  use_hpf         : True
  hpf_sigma       : 2.07298950758924
  lr              : 1.3844366376060612e-05
  batch_size      : 48
  max_epochs      : 300
  patience        : 30
  seed            : 42
  deterministic   : False
  trial_num       : 18
[2026-04-27 01:04:51] Loading train/val/selection splits...
[2026-04-27 01:05:53] Splits loaded in 61.7s: n_train=722, n_val=120, n_selection=405
[2026-04-27 01:05:53] --- Architecture summary ---
  channels per enc layer : [16, 32, 62, 123]
  final spatial size     : 16x16
  flat size before latent: 31488
  bottleneck_dim         : 182
  total parameters       : 12,545,122
[2026-04-27 01:05:53] Starting training: n_train=722, n_val=120, device=cuda:0
[2026-04-27 01:07:27] epoch    1/300 | train=0.019447 | val=0.012971 | best=0.012971@1 | patience=0/30 | time=93.58s *
[2026-04-27 01:07:29] epoch    2/300 | train=0.013476 | val=0.011459 | best=0.011459@2 | patience=0/30 | time=1.98s *
[2026-04-27 01:07:32] epoch    3/300 | train=0.011781 | val=0.011084 | best=0.011084@3 | patience=0/30 | time=2.03s *
[2026-04-27 01:07:34] epoch    4/300 | train=0.011127 | val=0.011052 | best=0.011052@4 | patience=0/30 | time=1.96s *
[2026-04-27 01:07:36] epoch    5/300 | train=0.010694 | val=0.010623 | best=0.010623@5 | patience=0/30 | time=1.97s *
[2026-04-27 01:07:39] epoch    6/300 | train=0.010314 | val=0.010270 | best=0.010270@6 | patience=0/30 | time=1.98s *
[2026-04-27 01:07:41] epoch    7/300 | train=0.009942 | val=0.009926 | best=0.009926@7 | patience=0/30 | time=1.97s *
[2026-04-27 01:07:43] epoch    8/300 | train=0.009580 | val=0.009564 | best=0.009564@8 | patience=0/30 | time=1.98s *
[2026-04-27 01:07:46] epoch    9/300 | train=0.009253 | val=0.009236 | best=0.009236@9 | patience=0/30 | time=1.96s *
[2026-04-27 01:07:50] epoch   10/300 | train=0.008953 | val=0.008936 | best=0.008936@10 | patience=0/30 | time=4.08s *
[2026-04-27 01:07:52] epoch   11/300 | train=0.008671 | val=0.008644 | best=0.008644@11 | patience=0/30 | time=1.96s *
[2026-04-27 01:07:55] epoch   12/300 | train=0.008364 | val=0.008311 | best=0.008311@12 | patience=0/30 | time=2.00s *
[2026-04-27 01:07:57] epoch   13/300 | train=0.008038 | val=0.007959 | best=0.007959@13 | patience=0/30 | time=1.96s *
[2026-04-27 01:07:59] epoch   14/300 | train=0.007721 | val=0.007654 | best=0.007654@14 | patience=0/30 | time=1.96s *
[2026-04-27 01:08:01] epoch   15/300 | train=0.007454 | val=0.007428 | best=0.007428@15 | patience=0/30 | time=1.96s *
[2026-04-27 01:08:04] epoch   16/300 | train=0.007181 | val=0.007188 | best=0.007188@16 | patience=0/30 | time=2.47s *
[2026-04-27 01:08:06] epoch   17/300 | train=0.006877 | val=0.006899 | best=0.006899@17 | patience=0/30 | time=1.96s *
[2026-04-27 01:08:09] epoch   18/300 | train=0.006561 | val=0.006585 | best=0.006585@18 | patience=0/30 | time=1.96s *
[2026-04-27 01:08:11] epoch   19/300 | train=0.006241 | val=0.006267 | best=0.006267@19 | patience=0/30 | time=1.98s *
[2026-04-27 01:08:13] epoch   20/300 | train=0.005961 | val=0.005996 | best=0.005996@20 | patience=0/30 | time=1.96s *
[2026-04-27 01:08:16] epoch   21/300 | train=0.005741 | val=0.005776 | best=0.005776@21 | patience=0/30 | time=2.02s *
[2026-04-27 01:08:18] epoch   22/300 | train=0.005560 | val=0.005571 | best=0.005571@22 | patience=0/30 | time=1.96s *
[2026-04-27 01:08:20] epoch   23/300 | train=0.005382 | val=0.005408 | best=0.005408@23 | patience=0/30 | time=2.17s *
[2026-04-27 01:08:23] epoch   24/300 | train=0.005244 | val=0.005276 | best=0.005276@24 | patience=0/30 | time=1.96s *
[2026-04-27 01:08:25] epoch   25/300 | train=0.005131 | val=0.005141 | best=0.005141@25 | patience=0/30 | time=2.13s *
[2026-04-27 01:08:27] epoch   26/300 | train=0.005014 | val=0.005048 | best=0.005048@26 | patience=0/30 | time=1.96s *
[2026-04-27 01:08:30] epoch   27/300 | train=0.004925 | val=0.004930 | best=0.004930@27 | patience=0/30 | time=1.96s *
[2026-04-27 01:08:32] epoch   28/300 | train=0.004820 | val=0.004838 | best=0.004838@28 | patience=0/30 | time=1.96s *
[2026-04-27 01:08:34] epoch   29/300 | train=0.004737 | val=0.004773 | best=0.004773@29 | patience=0/30 | time=2.03s *
[2026-04-27 01:08:36] epoch   30/300 | train=0.004668 | val=0.004692 | best=0.004692@30 | patience=0/30 | time=1.96s *
[2026-04-27 01:08:39] epoch   31/300 | train=0.004603 | val=0.004615 | best=0.004615@31 | patience=0/30 | time=1.96s *
[2026-04-27 01:08:41] epoch   32/300 | train=0.004533 | val=0.004563 | best=0.004563@32 | patience=0/30 | time=1.98s *
[2026-04-27 01:08:43] epoch   33/300 | train=0.004477 | val=0.004500 | best=0.004500@33 | patience=0/30 | time=1.97s *
[2026-04-27 01:08:46] epoch   34/300 | train=0.004410 | val=0.004439 | best=0.004439@34 | patience=0/30 | time=1.98s *
[2026-04-27 01:08:48] epoch   35/300 | train=0.004362 | val=0.004387 | best=0.004387@35 | patience=0/30 | time=1.97s *
[2026-04-27 01:08:52] epoch   36/300 | train=0.004311 | val=0.004322 | best=0.004322@36 | patience=0/30 | time=4.07s *
[2026-04-27 01:08:55] epoch   37/300 | train=0.004251 | val=0.004274 | best=0.004274@37 | patience=0/30 | time=2.13s *
[2026-04-27 01:08:57] epoch   38/300 | train=0.004201 | val=0.004266 | best=0.004266@38 | patience=0/30 | time=1.96s *
[2026-04-27 01:08:59] epoch   39/300 | train=0.004183 | val=0.004196 | best=0.004196@39 | patience=0/30 | time=1.96s *
[2026-04-27 01:09:02] epoch   40/300 | train=0.004118 | val=0.004140 | best=0.004140@40 | patience=0/30 | time=1.96s *
[2026-04-27 01:09:04] epoch   41/300 | train=0.004076 | val=0.004115 | best=0.004115@41 | patience=0/30 | time=1.96s *
[2026-04-27 01:09:06] epoch   42/300 | train=0.004045 | val=0.004083 | best=0.004083@42 | patience=0/30 | time=1.96s *
[2026-04-27 01:09:09] epoch   43/300 | train=0.004013 | val=0.004030 | best=0.004030@43 | patience=0/30 | time=1.96s *
[2026-04-27 01:09:11] epoch   44/300 | train=0.003969 | val=0.003993 | best=0.003993@44 | patience=0/30 | time=2.03s *
[2026-04-27 01:09:13] epoch   45/300 | train=0.003935 | val=0.003999 | best=0.003993@44 | patience=1/30 | time=1.96s
[2026-04-27 01:09:15] epoch   46/300 | train=0.003923 | val=0.003948 | best=0.003948@46 | patience=0/30 | time=2.03s *
[2026-04-27 01:09:18] epoch   47/300 | train=0.003886 | val=0.003929 | best=0.003929@47 | patience=0/30 | time=1.96s *
[2026-04-27 01:09:20] epoch   48/300 | train=0.003856 | val=0.003896 | best=0.003896@48 | patience=0/30 | time=2.19s *
[2026-04-27 01:09:22] epoch   49/300 | train=0.003830 | val=0.003847 | best=0.003847@49 | patience=0/30 | time=1.96s *
[2026-04-27 01:09:25] epoch   50/300 | train=0.003790 | val=0.003819 | best=0.003819@50 | patience=0/30 | time=2.01s *
[2026-04-27 01:09:27] epoch   51/300 | train=0.003770 | val=0.003808 | best=0.003808@51 | patience=0/30 | time=1.97s *
[2026-04-27 01:09:29] epoch   52/300 | train=0.003745 | val=0.003771 | best=0.003771@52 | patience=0/30 | time=1.97s *
[2026-04-27 01:09:32] epoch   53/300 | train=0.003713 | val=0.003750 | best=0.003750@53 | patience=0/30 | time=1.97s *
[2026-04-27 01:09:34] epoch   54/300 | train=0.003693 | val=0.003729 | best=0.003729@54 | patience=0/30 | time=2.03s *
[2026-04-27 01:09:36] epoch   55/300 | train=0.003669 | val=0.003701 | best=0.003701@55 | patience=0/30 | time=1.96s *
[2026-04-27 01:09:38] epoch   56/300 | train=0.003643 | val=0.003669 | best=0.003669@56 | patience=0/30 | time=1.96s *
[2026-04-27 01:09:41] epoch   57/300 | train=0.003614 | val=0.003653 | best=0.003653@57 | patience=0/30 | time=2.03s *
[2026-04-27 01:09:43] epoch   58/300 | train=0.003601 | val=0.003633 | best=0.003633@58 | patience=0/30 | time=1.96s *
[2026-04-27 01:09:45] epoch   59/300 | train=0.003575 | val=0.003601 | best=0.003601@59 | patience=0/30 | time=1.98s *
[2026-04-27 01:09:48] epoch   60/300 | train=0.003554 | val=0.003581 | best=0.003581@60 | patience=0/30 | time=1.96s *
[2026-04-27 01:09:50] epoch   61/300 | train=0.003533 | val=0.003557 | best=0.003557@61 | patience=0/30 | time=2.16s *
[2026-04-27 01:09:52] epoch   62/300 | train=0.003505 | val=0.003537 | best=0.003537@62 | patience=0/30 | time=1.96s *
[2026-04-27 01:09:55] epoch   63/300 | train=0.003487 | val=0.003536 | best=0.003537@62 | patience=1/30 | time=2.08s
[2026-04-27 01:09:57] epoch   64/300 | train=0.003471 | val=0.003508 | best=0.003508@64 | patience=0/30 | time=1.96s *
[2026-04-27 01:09:59] epoch   65/300 | train=0.003448 | val=0.003478 | best=0.003478@65 | patience=0/30 | time=1.96s *
[2026-04-27 01:10:01] epoch   66/300 | train=0.003424 | val=0.003465 | best=0.003465@66 | patience=0/30 | time=1.97s *
[2026-04-27 01:10:04] epoch   67/300 | train=0.003410 | val=0.003453 | best=0.003453@67 | patience=0/30 | time=2.03s *
[2026-04-27 01:10:06] epoch   68/300 | train=0.003395 | val=0.003427 | best=0.003427@68 | patience=0/30 | time=1.96s *
[2026-04-27 01:10:08] epoch   69/300 | train=0.003373 | val=0.003441 | best=0.003427@68 | patience=1/30 | time=1.96s
[2026-04-27 01:10:10] epoch   70/300 | train=0.003368 | val=0.003407 | best=0.003407@70 | patience=0/30 | time=1.96s *
[2026-04-27 01:10:13] epoch   71/300 | train=0.003349 | val=0.003387 | best=0.003387@71 | patience=0/30 | time=1.97s *
[2026-04-27 01:10:15] epoch   72/300 | train=0.003325 | val=0.003392 | best=0.003387@71 | patience=1/30 | time=1.98s
[2026-04-27 01:10:17] epoch   73/300 | train=0.003317 | val=0.003378 | best=0.003378@73 | patience=0/30 | time=1.97s *
[2026-04-27 01:10:20] epoch   74/300 | train=0.003303 | val=0.003367 | best=0.003367@74 | patience=0/30 | time=2.18s *
[2026-04-27 01:10:22] epoch   75/300 | train=0.003286 | val=0.003337 | best=0.003337@75 | patience=0/30 | time=1.97s *
[2026-04-27 01:10:24] epoch   76/300 | train=0.003275 | val=0.003322 | best=0.003322@76 | patience=0/30 | time=2.03s *
[2026-04-27 01:10:27] epoch   77/300 | train=0.003249 | val=0.003310 | best=0.003310@77 | patience=0/30 | time=1.97s *
[2026-04-27 01:10:29] epoch   78/300 | train=0.003245 | val=0.003288 | best=0.003288@78 | patience=0/30 | time=1.97s *
[2026-04-27 01:10:31] epoch   79/300 | train=0.003227 | val=0.003266 | best=0.003266@79 | patience=0/30 | time=1.97s *
[2026-04-27 01:10:33] epoch   80/300 | train=0.003203 | val=0.003269 | best=0.003266@79 | patience=1/30 | time=2.02s
[2026-04-27 01:10:36] epoch   81/300 | train=0.003201 | val=0.003258 | best=0.003258@81 | patience=0/30 | time=1.97s *
[2026-04-27 01:10:38] epoch   82/300 | train=0.003185 | val=0.003241 | best=0.003241@82 | patience=0/30 | time=1.97s *
[2026-04-27 01:10:40] epoch   83/300 | train=0.003174 | val=0.003268 | best=0.003241@82 | patience=1/30 | time=1.97s
[2026-04-27 01:10:42] epoch   84/300 | train=0.003192 | val=0.003221 | best=0.003221@84 | patience=0/30 | time=2.05s *
[2026-04-27 01:10:45] epoch   85/300 | train=0.003155 | val=0.003201 | best=0.003201@85 | patience=0/30 | time=1.97s *
[2026-04-27 01:10:47] epoch   86/300 | train=0.003130 | val=0.003177 | best=0.003177@86 | patience=0/30 | time=1.99s *
[2026-04-27 01:10:49] epoch   87/300 | train=0.003120 | val=0.003255 | best=0.003177@86 | patience=1/30 | time=1.97s
[2026-04-27 01:10:51] epoch   88/300 | train=0.003145 | val=0.003158 | best=0.003158@88 | patience=0/30 | time=2.17s *
[2026-04-27 01:10:54] epoch   89/300 | train=0.003094 | val=0.003149 | best=0.003149@89 | patience=0/30 | time=1.97s *
[2026-04-27 01:10:56] epoch   90/300 | train=0.003081 | val=0.003129 | best=0.003129@90 | patience=0/30 | time=2.01s *
[2026-04-27 01:10:58] epoch   91/300 | train=0.003067 | val=0.003121 | best=0.003121@91 | patience=0/30 | time=1.97s *
[2026-04-27 01:11:01] epoch   92/300 | train=0.003060 | val=0.003120 | best=0.003121@91 | patience=1/30 | time=1.97s
[2026-04-27 01:11:03] epoch   93/300 | train=0.003056 | val=0.003126 | best=0.003121@91 | patience=2/30 | time=1.97s
[2026-04-27 01:11:05] epoch   94/300 | train=0.003053 | val=0.003099 | best=0.003099@94 | patience=0/30 | time=2.04s *
[2026-04-27 01:11:07] epoch   95/300 | train=0.003033 | val=0.003090 | best=0.003090@95 | patience=0/30 | time=1.97s *
[2026-04-27 01:11:10] epoch   96/300 | train=0.003023 | val=0.003082 | best=0.003082@96 | patience=0/30 | time=1.97s *
[2026-04-27 01:11:12] epoch   97/300 | train=0.003012 | val=0.003071 | best=0.003071@97 | patience=0/30 | time=1.97s *
[2026-04-27 01:11:14] epoch   98/300 | train=0.003007 | val=0.003055 | best=0.003055@98 | patience=0/30 | time=1.97s *
[2026-04-27 01:11:16] epoch   99/300 | train=0.002990 | val=0.003045 | best=0.003045@99 | patience=0/30 | time=1.98s *
[2026-04-27 01:11:19] epoch  100/300 | train=0.002978 | val=0.003041 | best=0.003041@100 | patience=0/30 | time=1.97s *
[2026-04-27 01:11:21] epoch  101/300 | train=0.002975 | val=0.003052 | best=0.003041@100 | patience=1/30 | time=2.19s
[2026-04-27 01:11:24] epoch  102/300 | train=0.002974 | val=0.003029 | best=0.003029@102 | patience=0/30 | time=1.96s *
[2026-04-27 01:11:26] epoch  103/300 | train=0.002959 | val=0.003019 | best=0.003019@103 | patience=0/30 | time=2.02s *
[2026-04-27 01:11:29] epoch  104/300 | train=0.002945 | val=0.003007 | best=0.003007@104 | patience=0/30 | time=1.97s *
[2026-04-27 01:11:31] epoch  105/300 | train=0.002942 | val=0.003009 | best=0.003007@104 | patience=1/30 | time=1.97s
[2026-04-27 01:11:33] epoch  106/300 | train=0.002937 | val=0.003033 | best=0.003007@104 | patience=2/30 | time=1.97s
[2026-04-27 01:11:35] epoch  107/300 | train=0.002941 | val=0.002987 | best=0.002987@107 | patience=0/30 | time=2.04s *
[2026-04-27 01:11:38] epoch  108/300 | train=0.002922 | val=0.002983 | best=0.002983@108 | patience=0/30 | time=1.97s *
[2026-04-27 01:11:40] epoch  109/300 | train=0.002911 | val=0.002967 | best=0.002967@109 | patience=0/30 | time=1.97s *
[2026-04-27 01:11:42] epoch  110/300 | train=0.002902 | val=0.002953 | best=0.002953@110 | patience=0/30 | time=1.97s *
[2026-04-27 01:11:44] epoch  111/300 | train=0.002888 | val=0.002962 | best=0.002953@110 | patience=1/30 | time=1.99s
[2026-04-27 01:11:46] epoch  112/300 | train=0.002893 | val=0.002960 | best=0.002953@110 | patience=2/30 | time=1.97s
[2026-04-27 01:11:49] epoch  113/300 | train=0.002890 | val=0.002945 | best=0.002945@113 | patience=0/30 | time=1.98s *
[2026-04-27 01:11:51] epoch  114/300 | train=0.002877 | val=0.002959 | best=0.002945@113 | patience=1/30 | time=1.97s
[2026-04-27 01:11:53] epoch  115/300 | train=0.002875 | val=0.002946 | best=0.002945@113 | patience=2/30 | time=2.21s
[2026-04-27 01:11:55] epoch  116/300 | train=0.002870 | val=0.002926 | best=0.002926@116 | patience=0/30 | time=1.97s *
[2026-04-27 01:11:57] epoch  117/300 | train=0.002851 | val=0.002934 | best=0.002926@116 | patience=1/30 | time=2.01s
[2026-04-27 01:12:00] epoch  118/300 | train=0.002855 | val=0.002960 | best=0.002926@116 | patience=2/30 | time=1.97s
[2026-04-27 01:12:02] epoch  119/300 | train=0.002869 | val=0.002923 | best=0.002923@119 | patience=0/30 | time=1.97s *
[2026-04-27 01:12:04] epoch  120/300 | train=0.002845 | val=0.002921 | best=0.002921@120 | patience=0/30 | time=1.97s *
[2026-04-27 01:12:07] epoch  121/300 | train=0.002839 | val=0.002907 | best=0.002907@121 | patience=0/30 | time=2.03s *
[2026-04-27 01:12:09] epoch  122/300 | train=0.002832 | val=0.002900 | best=0.002900@122 | patience=0/30 | time=1.97s *
[2026-04-27 01:12:11] epoch  123/300 | train=0.002828 | val=0.002899 | best=0.002899@123 | patience=0/30 | time=1.97s *
[2026-04-27 01:12:13] epoch  124/300 | train=0.002814 | val=0.002893 | best=0.002893@124 | patience=0/30 | time=1.99s *
[2026-04-27 01:12:16] epoch  125/300 | train=0.002815 | val=0.002881 | best=0.002881@125 | patience=0/30 | time=1.97s *
[2026-04-27 01:12:18] epoch  126/300 | train=0.002806 | val=0.002866 | best=0.002866@126 | patience=0/30 | time=1.98s *
[2026-04-27 01:12:20] epoch  127/300 | train=0.002792 | val=0.002864 | best=0.002864@127 | patience=0/30 | time=1.97s *
[2026-04-27 01:12:23] epoch  128/300 | train=0.002783 | val=0.002876 | best=0.002864@127 | patience=1/30 | time=2.19s
[2026-04-27 01:12:25] epoch  129/300 | train=0.002784 | val=0.002893 | best=0.002864@127 | patience=2/30 | time=1.97s
[2026-04-27 01:12:27] epoch  130/300 | train=0.002799 | val=0.002851 | best=0.002851@130 | patience=0/30 | time=2.12s *
[2026-04-27 01:12:30] epoch  131/300 | train=0.002762 | val=0.002845 | best=0.002845@131 | patience=0/30 | time=1.97s *
[2026-04-27 01:12:32] epoch  132/300 | train=0.002754 | val=0.002816 | best=0.002816@132 | patience=0/30 | time=1.97s *
[2026-04-27 01:12:34] epoch  133/300 | train=0.002731 | val=0.002790 | best=0.002790@133 | patience=0/30 | time=1.97s *
[2026-04-27 01:12:37] epoch  134/300 | train=0.002722 | val=0.002783 | best=0.002783@134 | patience=0/30 | time=2.04s *
[2026-04-27 01:12:39] epoch  135/300 | train=0.002707 | val=0.002777 | best=0.002777@135 | patience=0/30 | time=1.97s *
[2026-04-27 01:12:41] epoch  136/300 | train=0.002707 | val=0.002782 | best=0.002777@135 | patience=1/30 | time=1.97s
[2026-04-27 01:12:43] epoch  137/300 | train=0.002702 | val=0.002765 | best=0.002765@137 | patience=0/30 | time=1.96s *
[2026-04-27 01:12:45] epoch  138/300 | train=0.002690 | val=0.002791 | best=0.002765@137 | patience=1/30 | time=2.09s
[2026-04-27 01:12:48] epoch  139/300 | train=0.002703 | val=0.002784 | best=0.002765@137 | patience=2/30 | time=1.96s
[2026-04-27 01:12:50] epoch  140/300 | train=0.002699 | val=0.002757 | best=0.002757@140 | patience=0/30 | time=2.04s *
[2026-04-27 01:12:52] epoch  141/300 | train=0.002679 | val=0.002779 | best=0.002757@140 | patience=1/30 | time=1.96s
[2026-04-27 01:12:56] epoch  142/300 | train=0.002694 | val=0.002838 | best=0.002757@140 | patience=2/30 | time=4.38s
[2026-04-27 01:12:59] epoch  143/300 | train=0.002721 | val=0.002775 | best=0.002757@140 | patience=3/30 | time=1.96s
[2026-04-27 01:13:01] epoch  144/300 | train=0.002680 | val=0.002758 | best=0.002757@140 | patience=4/30 | time=1.96s
[2026-04-27 01:13:03] epoch  145/300 | train=0.002668 | val=0.002749 | best=0.002749@145 | patience=0/30 | time=1.96s *
[2026-04-27 01:13:06] epoch  146/300 | train=0.002667 | val=0.002747 | best=0.002747@146 | patience=0/30 | time=1.96s *
[2026-04-27 01:13:08] epoch  147/300 | train=0.002665 | val=0.002750 | best=0.002747@146 | patience=1/30 | time=1.97s
[2026-04-27 01:13:10] epoch  148/300 | train=0.002658 | val=0.002741 | best=0.002741@148 | patience=0/30 | time=1.97s *
[2026-04-27 01:13:13] epoch  149/300 | train=0.002652 | val=0.002726 | best=0.002726@149 | patience=0/30 | time=1.97s *
[2026-04-27 01:13:15] epoch  150/300 | train=0.002646 | val=0.002711 | best=0.002711@150 | patience=0/30 | time=2.12s *
[2026-04-27 01:13:17] epoch  151/300 | train=0.002635 | val=0.002734 | best=0.002711@150 | patience=1/30 | time=1.97s
[2026-04-27 01:13:19] epoch  152/300 | train=0.002653 | val=0.002717 | best=0.002711@150 | patience=2/30 | time=2.04s
[2026-04-27 01:13:22] epoch  153/300 | train=0.002634 | val=0.002705 | best=0.002705@153 | patience=0/30 | time=1.97s *
[2026-04-27 01:13:26] epoch  154/300 | train=0.002627 | val=0.002707 | best=0.002705@153 | patience=1/30 | time=4.03s
[2026-04-27 01:13:28] epoch  155/300 | train=0.002622 | val=0.002715 | best=0.002705@153 | patience=2/30 | time=2.13s
[2026-04-27 01:13:30] epoch  156/300 | train=0.002628 | val=0.002702 | best=0.002702@156 | patience=0/30 | time=1.97s *
[2026-04-27 01:13:33] epoch  157/300 | train=0.002619 | val=0.002700 | best=0.002700@157 | patience=0/30 | time=1.97s *
[2026-04-27 01:13:35] epoch  158/300 | train=0.002609 | val=0.002693 | best=0.002693@158 | patience=0/30 | time=1.97s *
[2026-04-27 01:13:37] epoch  159/300 | train=0.002606 | val=0.002703 | best=0.002693@158 | patience=1/30 | time=2.50s
[2026-04-27 01:13:40] epoch  160/300 | train=0.002614 | val=0.002687 | best=0.002687@160 | patience=0/30 | time=1.97s *
[2026-04-27 01:13:42] epoch  161/300 | train=0.002606 | val=0.002682 | best=0.002682@161 | patience=0/30 | time=1.97s *
[2026-04-27 01:13:44] epoch  162/300 | train=0.002602 | val=0.002684 | best=0.002682@161 | patience=1/30 | time=1.96s
[2026-04-27 01:13:46] epoch  163/300 | train=0.002597 | val=0.002687 | best=0.002682@161 | patience=2/30 | time=2.08s
[2026-04-27 01:13:49] epoch  164/300 | train=0.002599 | val=0.002679 | best=0.002679@164 | patience=0/30 | time=1.97s *
[2026-04-27 01:13:51] epoch  165/300 | train=0.002592 | val=0.002683 | best=0.002679@164 | patience=1/30 | time=2.02s
[2026-04-27 01:13:53] epoch  166/300 | train=0.002587 | val=0.002660 | best=0.002660@166 | patience=0/30 | time=1.96s *
[2026-04-27 01:13:55] epoch  167/300 | train=0.002573 | val=0.002675 | best=0.002660@166 | patience=1/30 | time=2.18s
[2026-04-27 01:13:57] epoch  168/300 | train=0.002587 | val=0.002683 | best=0.002660@166 | patience=2/30 | time=1.96s
[2026-04-27 01:14:00] epoch  169/300 | train=0.002580 | val=0.002729 | best=0.002660@166 | patience=3/30 | time=2.08s
[2026-04-27 01:14:02] epoch  170/300 | train=0.002596 | val=0.002664 | best=0.002660@166 | patience=4/30 | time=1.97s
[2026-04-27 01:14:05] epoch  171/300 | train=0.002572 | val=0.002655 | best=0.002655@171 | patience=0/30 | time=1.96s *
[2026-04-27 01:14:07] epoch  172/300 | train=0.002562 | val=0.002669 | best=0.002655@171 | patience=1/30 | time=1.96s
[2026-04-27 01:14:09] epoch  173/300 | train=0.002564 | val=0.002648 | best=0.002648@173 | patience=0/30 | time=2.02s *
[2026-04-27 01:14:11] epoch  174/300 | train=0.002553 | val=0.002652 | best=0.002648@173 | patience=1/30 | time=1.96s
[2026-04-27 01:14:14] epoch  175/300 | train=0.002552 | val=0.002624 | best=0.002624@175 | patience=0/30 | time=1.97s *
[2026-04-27 01:14:16] epoch  176/300 | train=0.002533 | val=0.002636 | best=0.002624@175 | patience=1/30 | time=1.96s
[2026-04-27 01:14:18] epoch  177/300 | train=0.002539 | val=0.002617 | best=0.002617@177 | patience=0/30 | time=2.04s *
[2026-04-27 01:14:20] epoch  178/300 | train=0.002529 | val=0.002611 | best=0.002611@178 | patience=0/30 | time=1.96s *
[2026-04-27 01:14:23] epoch  179/300 | train=0.002518 | val=0.002605 | best=0.002605@179 | patience=0/30 | time=1.98s *
[2026-04-27 01:14:25] epoch  180/300 | train=0.002515 | val=0.002595 | best=0.002595@180 | patience=0/30 | time=1.96s *
[2026-04-27 01:14:27] epoch  181/300 | train=0.002513 | val=0.002600 | best=0.002595@180 | patience=1/30 | time=2.18s
[2026-04-27 01:14:29] epoch  182/300 | train=0.002513 | val=0.002617 | best=0.002595@180 | patience=2/30 | time=1.96s
[2026-04-27 01:14:32] epoch  183/300 | train=0.002513 | val=0.002599 | best=0.002595@180 | patience=3/30 | time=2.16s
[2026-04-27 01:14:34] epoch  184/300 | train=0.002506 | val=0.002592 | best=0.002592@184 | patience=0/30 | time=1.97s *
[2026-04-27 01:14:36] epoch  185/300 | train=0.002497 | val=0.002585 | best=0.002585@185 | patience=0/30 | time=1.97s *
[2026-04-27 01:14:38] epoch  186/300 | train=0.002489 | val=0.002605 | best=0.002585@185 | patience=1/30 | time=1.96s
[2026-04-27 01:14:41] epoch  187/300 | train=0.002504 | val=0.002581 | best=0.002581@187 | patience=0/30 | time=2.52s *
[2026-04-27 01:14:43] epoch  188/300 | train=0.002493 | val=0.002611 | best=0.002581@187 | patience=1/30 | time=1.96s
[2026-04-27 01:14:45] epoch  189/300 | train=0.002504 | val=0.002580 | best=0.002581@187 | patience=2/30 | time=1.96s
[2026-04-27 01:14:48] epoch  190/300 | train=0.002483 | val=0.002566 | best=0.002566@190 | patience=0/30 | time=1.99s *
[2026-04-27 01:14:50] epoch  191/300 | train=0.002475 | val=0.002574 | best=0.002566@190 | patience=1/30 | time=1.96s
[2026-04-27 01:14:52] epoch  192/300 | train=0.002473 | val=0.002555 | best=0.002555@192 | patience=0/30 | time=1.98s *
[2026-04-27 01:14:54] epoch  193/300 | train=0.002467 | val=0.002601 | best=0.002555@192 | patience=1/30 | time=1.96s
[2026-04-27 01:14:57] epoch  194/300 | train=0.002497 | val=0.002593 | best=0.002555@192 | patience=2/30 | time=3.35s
[2026-04-27 01:15:00] epoch  195/300 | train=0.002493 | val=0.002570 | best=0.002555@192 | patience=3/30 | time=1.96s
[2026-04-27 01:15:02] epoch  196/300 | train=0.002471 | val=0.002556 | best=0.002555@192 | patience=4/30 | time=2.15s
[2026-04-27 01:15:04] epoch  197/300 | train=0.002465 | val=0.002581 | best=0.002555@192 | patience=5/30 | time=1.97s
[2026-04-27 01:15:06] epoch  198/300 | train=0.002475 | val=0.002563 | best=0.002555@192 | patience=6/30 | time=1.97s
[2026-04-27 01:15:09] epoch  199/300 | train=0.002471 | val=0.002537 | best=0.002537@199 | patience=0/30 | time=2.43s *
[2026-04-27 01:15:11] epoch  200/300 | train=0.002448 | val=0.002548 | best=0.002537@199 | patience=1/30 | time=1.97s
[2026-04-27 01:15:13] epoch  201/300 | train=0.002449 | val=0.002557 | best=0.002537@199 | patience=2/30 | time=1.97s
[2026-04-27 01:15:15] epoch  202/300 | train=0.002456 | val=0.002571 | best=0.002537@199 | patience=3/30 | time=1.97s
[2026-04-27 01:15:17] epoch  203/300 | train=0.002464 | val=0.002548 | best=0.002537@199 | patience=4/30 | time=1.97s
[2026-04-27 01:15:19] epoch  204/300 | train=0.002455 | val=0.002571 | best=0.002537@199 | patience=5/30 | time=1.99s
[2026-04-27 01:15:21] epoch  205/300 | train=0.002455 | val=0.002545 | best=0.002537@199 | patience=6/30 | time=1.97s
[2026-04-27 01:15:24] epoch  206/300 | train=0.002449 | val=0.002540 | best=0.002537@199 | patience=7/30 | time=2.06s
[2026-04-27 01:15:26] epoch  207/300 | train=0.002446 | val=0.002636 | best=0.002537@199 | patience=8/30 | time=1.96s
[2026-04-27 01:15:30] epoch  208/300 | train=0.002516 | val=0.002589 | best=0.002537@199 | patience=9/30 | time=3.98s
[2026-04-27 01:15:32] epoch  209/300 | train=0.002471 | val=0.002552 | best=0.002537@199 | patience=10/30 | time=1.96s
[2026-04-27 01:15:34] epoch  210/300 | train=0.002450 | val=0.002561 | best=0.002537@199 | patience=11/30 | time=2.15s
[2026-04-27 01:15:36] epoch  211/300 | train=0.002451 | val=0.002558 | best=0.002537@199 | patience=12/30 | time=1.96s
[2026-04-27 01:15:38] epoch  212/300 | train=0.002455 | val=0.002551 | best=0.002537@199 | patience=13/30 | time=1.96s
[2026-04-27 01:15:40] epoch  213/300 | train=0.002451 | val=0.002540 | best=0.002537@199 | patience=14/30 | time=1.96s
[2026-04-27 01:15:43] epoch  214/300 | train=0.002435 | val=0.002529 | best=0.002529@214 | patience=0/30 | time=2.40s *
[2026-04-27 01:15:45] epoch  215/300 | train=0.002428 | val=0.002521 | best=0.002521@215 | patience=0/30 | time=1.96s *
[2026-04-27 01:15:47] epoch  216/300 | train=0.002424 | val=0.002527 | best=0.002521@215 | patience=1/30 | time=1.96s
[2026-04-27 01:15:50] epoch  217/300 | train=0.002431 | val=0.002525 | best=0.002521@215 | patience=2/30 | time=1.96s
[2026-04-27 01:15:53] epoch  218/300 | train=0.002422 | val=0.002504 | best=0.002504@218 | patience=0/30 | time=2.07s *
[2026-04-27 01:15:55] epoch  219/300 | train=0.002411 | val=0.002513 | best=0.002504@218 | patience=1/30 | time=1.96s
[2026-04-27 01:15:57] epoch  220/300 | train=0.002411 | val=0.002505 | best=0.002504@218 | patience=2/30 | time=1.96s
[2026-04-27 01:15:59] epoch  221/300 | train=0.002409 | val=0.002529 | best=0.002504@218 | patience=3/30 | time=1.96s
[2026-04-27 01:16:03] epoch  222/300 | train=0.002417 | val=0.002504 | best=0.002504@218 | patience=4/30 | time=3.85s
[2026-04-27 01:16:05] epoch  223/300 | train=0.002411 | val=0.002510 | best=0.002504@218 | patience=5/30 | time=2.16s
[2026-04-27 01:16:07] epoch  224/300 | train=0.002409 | val=0.002519 | best=0.002504@218 | patience=6/30 | time=1.96s
[2026-04-27 01:16:09] epoch  225/300 | train=0.002416 | val=0.002519 | best=0.002504@218 | patience=7/30 | time=1.96s
[2026-04-27 01:16:11] epoch  226/300 | train=0.002413 | val=0.002523 | best=0.002504@218 | patience=8/30 | time=1.96s
[2026-04-27 01:16:14] epoch  227/300 | train=0.002412 | val=0.002509 | best=0.002504@218 | patience=9/30 | time=2.03s
[2026-04-27 01:16:16] epoch  228/300 | train=0.002399 | val=0.002499 | best=0.002499@228 | patience=0/30 | time=1.96s *
[2026-04-27 01:16:18] epoch  229/300 | train=0.002396 | val=0.002503 | best=0.002499@228 | patience=1/30 | time=1.96s
[2026-04-27 01:16:20] epoch  230/300 | train=0.002396 | val=0.002491 | best=0.002491@230 | patience=0/30 | time=1.96s *
[2026-04-27 01:16:23] epoch  231/300 | train=0.002396 | val=0.002485 | best=0.002485@231 | patience=0/30 | time=2.08s *
[2026-04-27 01:16:25] epoch  232/300 | train=0.002385 | val=0.002484 | best=0.002485@231 | patience=1/30 | time=1.96s
[2026-04-27 01:16:27] epoch  233/300 | train=0.002381 | val=0.002498 | best=0.002485@231 | patience=2/30 | time=2.03s
[2026-04-27 01:16:29] epoch  234/300 | train=0.002391 | val=0.002483 | best=0.002483@234 | patience=0/30 | time=1.96s *
[2026-04-27 01:16:33] epoch  235/300 | train=0.002380 | val=0.002478 | best=0.002478@235 | patience=0/30 | time=3.77s *
[2026-04-27 01:16:35] epoch  236/300 | train=0.002374 | val=0.002495 | best=0.002478@235 | patience=1/30 | time=1.96s
[2026-04-27 01:16:38] epoch  237/300 | train=0.002390 | val=0.002472 | best=0.002472@237 | patience=0/30 | time=2.02s *
[2026-04-27 01:16:40] epoch  238/300 | train=0.002371 | val=0.002473 | best=0.002472@237 | patience=1/30 | time=1.97s
[2026-04-27 01:16:42] epoch  239/300 | train=0.002376 | val=0.002484 | best=0.002472@237 | patience=2/30 | time=1.97s
[2026-04-27 01:16:44] epoch  240/300 | train=0.002375 | val=0.002481 | best=0.002472@237 | patience=3/30 | time=1.97s
[2026-04-27 01:16:46] epoch  241/300 | train=0.002371 | val=0.002485 | best=0.002472@237 | patience=4/30 | time=2.03s
[2026-04-27 01:16:48] epoch  242/300 | train=0.002372 | val=0.002481 | best=0.002472@237 | patience=5/30 | time=1.97s
[2026-04-27 01:16:51] epoch  243/300 | train=0.002379 | val=0.002499 | best=0.002472@237 | patience=6/30 | time=1.97s
[2026-04-27 01:16:53] epoch  244/300 | train=0.002379 | val=0.002480 | best=0.002472@237 | patience=7/30 | time=1.97s
[2026-04-27 01:16:55] epoch  245/300 | train=0.002368 | val=0.002474 | best=0.002472@237 | patience=8/30 | time=1.97s
[2026-04-27 01:16:57] epoch  246/300 | train=0.002367 | val=0.002483 | best=0.002472@237 | patience=9/30 | time=1.97s
[2026-04-27 01:17:00] epoch  247/300 | train=0.002370 | val=0.002453 | best=0.002453@247 | patience=0/30 | time=1.97s *
[2026-04-27 01:17:04] epoch  248/300 | train=0.002351 | val=0.002436 | best=0.002436@248 | patience=0/30 | time=3.75s *
[2026-04-27 01:17:06] epoch  249/300 | train=0.002335 | val=0.002472 | best=0.002436@248 | patience=1/30 | time=2.14s
[2026-04-27 01:17:08] epoch  250/300 | train=0.002361 | val=0.002474 | best=0.002436@248 | patience=2/30 | time=1.96s
[2026-04-27 01:17:10] epoch  251/300 | train=0.002362 | val=0.002450 | best=0.002436@248 | patience=3/30 | time=1.96s
[2026-04-27 01:17:13] epoch  252/300 | train=0.002346 | val=0.002440 | best=0.002436@248 | patience=4/30 | time=1.96s
[2026-04-27 01:17:15] epoch  253/300 | train=0.002337 | val=0.002445 | best=0.002436@248 | patience=5/30 | time=1.96s
[2026-04-27 01:17:17] epoch  254/300 | train=0.002339 | val=0.002446 | best=0.002436@248 | patience=6/30 | time=2.47s
[2026-04-27 01:17:19] epoch  255/300 | train=0.002340 | val=0.002438 | best=0.002436@248 | patience=7/30 | time=1.97s
[2026-04-27 01:17:21] epoch  256/300 | train=0.002336 | val=0.002470 | best=0.002436@248 | patience=8/30 | time=1.97s
[2026-04-27 01:17:24] epoch  257/300 | train=0.002358 | val=0.002449 | best=0.002436@248 | patience=9/30 | time=1.97s
[2026-04-27 01:17:26] epoch  258/300 | train=0.002337 | val=0.002453 | best=0.002436@248 | patience=10/30 | time=2.07s
[2026-04-27 01:17:28] epoch  259/300 | train=0.002335 | val=0.002462 | best=0.002436@248 | patience=11/30 | time=1.97s
[2026-04-27 01:17:30] epoch  260/300 | train=0.002343 | val=0.002470 | best=0.002436@248 | patience=12/30 | time=2.04s
[2026-04-27 01:17:32] epoch  261/300 | train=0.002340 | val=0.002418 | best=0.002418@261 | patience=0/30 | time=1.96s *
[2026-04-27 01:17:35] epoch  262/300 | train=0.002315 | val=0.002448 | best=0.002418@261 | patience=1/30 | time=2.22s
[2026-04-27 01:17:37] epoch  263/300 | train=0.002334 | val=0.002458 | best=0.002418@261 | patience=2/30 | time=1.96s
[2026-04-27 01:17:39] epoch  264/300 | train=0.002333 | val=0.002469 | best=0.002418@261 | patience=3/30 | time=1.99s
[2026-04-27 01:17:41] epoch  265/300 | train=0.002341 | val=0.002447 | best=0.002418@261 | patience=4/30 | time=1.96s
[2026-04-27 01:17:43] epoch  266/300 | train=0.002335 | val=0.002460 | best=0.002418@261 | patience=5/30 | time=1.96s
[2026-04-27 01:17:45] epoch  267/300 | train=0.002338 | val=0.002439 | best=0.002418@261 | patience=6/30 | time=1.96s
[2026-04-27 01:17:47] epoch  268/300 | train=0.002322 | val=0.002422 | best=0.002418@261 | patience=7/30 | time=2.03s
[2026-04-27 01:17:49] epoch  269/300 | train=0.002317 | val=0.002422 | best=0.002418@261 | patience=8/30 | time=1.96s
[2026-04-27 01:17:52] epoch  270/300 | train=0.002314 | val=0.002427 | best=0.002418@261 | patience=9/30 | time=1.96s
[2026-04-27 01:17:54] epoch  271/300 | train=0.002313 | val=0.002444 | best=0.002418@261 | patience=10/30 | time=1.96s
[2026-04-27 01:17:56] epoch  272/300 | train=0.002321 | val=0.002422 | best=0.002418@261 | patience=11/30 | time=1.99s
[2026-04-27 01:17:58] epoch  273/300 | train=0.002312 | val=0.002437 | best=0.002418@261 | patience=12/30 | time=1.96s
[2026-04-27 01:18:01] epoch  274/300 | train=0.002312 | val=0.002430 | best=0.002418@261 | patience=13/30 | time=1.96s
[2026-04-27 01:18:03] epoch  275/300 | train=0.002312 | val=0.002406 | best=0.002406@275 | patience=0/30 | time=1.96s *
[2026-04-27 01:18:05] epoch  276/300 | train=0.002297 | val=0.002425 | best=0.002406@275 | patience=1/30 | time=1.96s
[2026-04-27 01:18:07] epoch  277/300 | train=0.002300 | val=0.002411 | best=0.002406@275 | patience=2/30 | time=1.96s
[2026-04-27 01:18:09] epoch  278/300 | train=0.002297 | val=0.002425 | best=0.002406@275 | patience=3/30 | time=1.97s
[2026-04-27 01:18:11] epoch  279/300 | train=0.002305 | val=0.002434 | best=0.002406@275 | patience=4/30 | time=1.96s
[2026-04-27 01:18:14] epoch  280/300 | train=0.002308 | val=0.002438 | best=0.002406@275 | patience=5/30 | time=1.96s
[2026-04-27 01:18:16] epoch  281/300 | train=0.002313 | val=0.002425 | best=0.002406@275 | patience=6/30 | time=1.96s
[2026-04-27 01:18:18] epoch  282/300 | train=0.002301 | val=0.002407 | best=0.002406@275 | patience=7/30 | time=2.01s
[2026-04-27 01:18:20] epoch  283/300 | train=0.002291 | val=0.002409 | best=0.002406@275 | patience=8/30 | time=1.96s
[2026-04-27 01:18:22] epoch  284/300 | train=0.002293 | val=0.002451 | best=0.002406@275 | patience=9/30 | time=1.96s
[2026-04-27 01:18:24] epoch  285/300 | train=0.002330 | val=0.002427 | best=0.002406@275 | patience=10/30 | time=1.96s
[2026-04-27 01:18:26] epoch  286/300 | train=0.002304 | val=0.002426 | best=0.002406@275 | patience=11/30 | time=1.98s
[2026-04-27 01:18:29] epoch  287/300 | train=0.002299 | val=0.002405 | best=0.002405@287 | patience=0/30 | time=1.96s *
[2026-04-27 01:18:31] epoch  288/300 | train=0.002289 | val=0.002409 | best=0.002405@287 | patience=1/30 | time=1.98s
[2026-04-27 01:18:33] epoch  289/300 | train=0.002283 | val=0.002410 | best=0.002405@287 | patience=2/30 | time=1.96s
[2026-04-27 01:18:37] epoch  290/300 | train=0.002295 | val=0.002407 | best=0.002405@287 | patience=3/30 | time=3.92s
[2026-04-27 01:18:39] epoch  291/300 | train=0.002283 | val=0.002396 | best=0.002396@291 | patience=0/30 | time=1.96s *
[2026-04-27 01:18:41] epoch  292/300 | train=0.002275 | val=0.002418 | best=0.002396@291 | patience=1/30 | time=2.01s
[2026-04-27 01:18:43] epoch  293/300 | train=0.002287 | val=0.002406 | best=0.002396@291 | patience=2/30 | time=1.96s
[2026-04-27 01:18:46] epoch  294/300 | train=0.002280 | val=0.002395 | best=0.002396@291 | patience=3/30 | time=1.96s
[2026-04-27 01:18:48] epoch  295/300 | train=0.002274 | val=0.002396 | best=0.002396@291 | patience=4/30 | time=1.96s
[2026-04-27 01:18:50] epoch  296/300 | train=0.002273 | val=0.002409 | best=0.002396@291 | patience=5/30 | time=2.03s
[2026-04-27 01:18:53] epoch  297/300 | train=0.002288 | val=0.002401 | best=0.002396@291 | patience=6/30 | time=1.96s
[2026-04-27 01:18:55] epoch  298/300 | train=0.002269 | val=0.002403 | best=0.002396@291 | patience=7/30 | time=1.96s
[2026-04-27 01:18:57] epoch  299/300 | train=0.002270 | val=0.002377 | best=0.002377@299 | patience=0/30 | time=1.96s *
[2026-04-27 01:18:59] epoch  300/300 | train=0.002264 | val=0.002386 | best=0.002377@299 | patience=1/30 | time=1.96s
[2026-04-27 01:18:59] Training done: stop_reason=max_epochs, total_epochs=300, best_epoch=299, best_val=0.002377
[2026-04-27 01:18:59] Reloading best checkpoint (epoch 299) for evaluation
[2026-04-27 01:19:03] ------------------------------------------------------------
[2026-04-27 01:19:03] Evaluation:
[2026-04-27 01:19:03]   AUC broken_lcfs         : 0.6016
[2026-04-27 01:19:03]   AUC bad_black_core      : 0.9836
[2026-04-27 01:19:03]   AUC bad_nonconverged    : 0.9953
[2026-04-27 01:19:03]   objective      : 0.8343
[2026-04-27 01:19:03]   floor_ok       : True
[2026-04-27 01:19:03]   threshold      : 0.0460
[2026-04-27 01:19:03]   mu / sigma     : 0.00227826 / 0.000519552
[2026-04-27 01:19:03] Train time=786.0s, eval time=3.9s
