[2026-04-27 06:46:48] ============================================================
[2026-04-27 06:46:48] Trial 113 starting on cuda:0
[2026-04-27 06:46:48] Timestamp: 2026-04-27T06:46:48.309621
[2026-04-27 06:46:48] --- Config summary ---
  bottleneck_dim  : 151
  n_enc_layers    : 5
  n_dec_layers    : 5
  base_channels   : 62
  growth_factor   : 1.6889597826172074
  use_batchnorm   : True
  use_hpf         : True
  hpf_sigma       : 1.08627255882891
  lr              : 2.431889501502815e-05
  batch_size      : 24
  max_epochs      : 300
  patience        : 30
  seed            : 42
  deterministic   : False
  trial_num       : 113
[2026-04-27 06:46:48] Loading train/val/selection splits...
[2026-04-27 06:47:47] Splits loaded in 58.8s: n_train=722, n_val=120, n_selection=405
[2026-04-27 06:47:48] --- Architecture summary ---
  channels per enc layer : [62, 105, 177, 299, 505]
  final spatial size     : 8x8
  flat size before latent: 32320
  bottleneck_dim         : 151
  total parameters       : 30,294,319
[2026-04-27 06:47:48] Starting training: n_train=722, n_val=120, device=cuda:0
[2026-04-27 06:50:52] epoch    1/300 | train=0.008246 | val=0.004801 | best=0.004801@1 | patience=0/30 | time=184.27s *
[2026-04-27 06:51:02] epoch    2/300 | train=0.003766 | val=0.003605 | best=0.003605@2 | patience=0/30 | time=9.20s *
[2026-04-27 06:51:13] epoch    3/300 | train=0.002858 | val=0.002678 | best=0.002678@3 | patience=0/30 | time=9.59s *
[2026-04-27 06:51:23] epoch    4/300 | train=0.002449 | val=0.002307 | best=0.002307@4 | patience=0/30 | time=9.43s *
[2026-04-27 06:51:32] epoch    5/300 | train=0.002135 | val=0.002051 | best=0.002051@5 | patience=0/30 | time=9.23s *
[2026-04-27 06:51:43] epoch    6/300 | train=0.001926 | val=0.001909 | best=0.001909@6 | patience=0/30 | time=9.61s *
[2026-04-27 06:51:53] epoch    7/300 | train=0.001808 | val=0.001779 | best=0.001779@7 | patience=0/30 | time=9.47s *
[2026-04-27 06:52:02] epoch    8/300 | train=0.001724 | val=0.001784 | best=0.001779@7 | patience=1/30 | time=9.51s
[2026-04-27 06:52:12] epoch    9/300 | train=0.001688 | val=0.001653 | best=0.001653@9 | patience=0/30 | time=9.35s *
[2026-04-27 06:52:22] epoch   10/300 | train=0.001613 | val=0.001646 | best=0.001646@10 | patience=0/30 | time=9.50s *
[2026-04-27 06:52:33] epoch   11/300 | train=0.001600 | val=0.001583 | best=0.001583@11 | patience=0/30 | time=9.48s *
[2026-04-27 06:52:43] epoch   12/300 | train=0.001548 | val=0.001569 | best=0.001569@12 | patience=0/30 | time=9.57s *
[2026-04-27 06:52:53] epoch   13/300 | train=0.001526 | val=0.001523 | best=0.001523@13 | patience=0/30 | time=9.29s *
[2026-04-27 06:53:02] epoch   14/300 | train=0.001506 | val=0.001527 | best=0.001523@13 | patience=1/30 | time=9.64s
[2026-04-27 06:53:12] epoch   15/300 | train=0.001490 | val=0.001507 | best=0.001507@15 | patience=0/30 | time=9.37s *
[2026-04-27 06:53:22] epoch   16/300 | train=0.001476 | val=0.001465 | best=0.001465@16 | patience=0/30 | time=9.31s *
[2026-04-27 06:53:32] epoch   17/300 | train=0.001444 | val=0.001474 | best=0.001465@16 | patience=1/30 | time=9.66s
[2026-04-27 06:53:42] epoch   18/300 | train=0.001447 | val=0.001449 | best=0.001449@18 | patience=0/30 | time=9.43s *
[2026-04-27 06:53:52] epoch   19/300 | train=0.001416 | val=0.001432 | best=0.001432@19 | patience=0/30 | time=9.24s *
[2026-04-27 06:54:02] epoch   20/300 | train=0.001401 | val=0.001622 | best=0.001432@19 | patience=1/30 | time=9.67s
[2026-04-27 06:54:11] epoch   21/300 | train=0.001469 | val=0.001440 | best=0.001432@19 | patience=2/30 | time=9.42s
[2026-04-27 06:54:21] epoch   22/300 | train=0.001395 | val=0.001396 | best=0.001396@22 | patience=0/30 | time=9.50s *
[2026-04-27 06:54:31] epoch   23/300 | train=0.001374 | val=0.001411 | best=0.001396@22 | patience=1/30 | time=9.37s
[2026-04-27 06:54:41] epoch   24/300 | train=0.001364 | val=0.001386 | best=0.001386@24 | patience=0/30 | time=9.50s *
[2026-04-27 06:54:51] epoch   25/300 | train=0.001356 | val=0.001398 | best=0.001386@24 | patience=1/30 | time=9.54s
[2026-04-27 06:55:00] epoch   26/300 | train=0.001353 | val=0.001400 | best=0.001386@24 | patience=2/30 | time=9.55s
[2026-04-27 06:55:10] epoch   27/300 | train=0.001349 | val=0.001366 | best=0.001366@27 | patience=0/30 | time=9.29s *
[2026-04-27 06:55:20] epoch   28/300 | train=0.001326 | val=0.001368 | best=0.001366@27 | patience=1/30 | time=9.63s
[2026-04-27 06:55:30] epoch   29/300 | train=0.001331 | val=0.001349 | best=0.001349@29 | patience=0/30 | time=9.35s *
[2026-04-27 06:55:40] epoch   30/300 | train=0.001313 | val=0.001331 | best=0.001331@30 | patience=0/30 | time=9.31s *
[2026-04-27 06:55:50] epoch   31/300 | train=0.001302 | val=0.001319 | best=0.001319@31 | patience=0/30 | time=9.62s *
[2026-04-27 06:56:00] epoch   32/300 | train=0.001295 | val=0.001328 | best=0.001319@31 | patience=1/30 | time=9.46s
[2026-04-27 06:56:10] epoch   33/300 | train=0.001288 | val=0.001322 | best=0.001319@31 | patience=2/30 | time=9.24s
[2026-04-27 06:56:20] epoch   34/300 | train=0.001281 | val=0.001312 | best=0.001312@34 | patience=0/30 | time=9.71s *
[2026-04-27 06:56:30] epoch   35/300 | train=0.001276 | val=0.001304 | best=0.001304@35 | patience=0/30 | time=9.42s *
[2026-04-27 06:56:40] epoch   36/300 | train=0.001263 | val=0.001306 | best=0.001304@35 | patience=1/30 | time=9.50s
[2026-04-27 06:56:50] epoch   37/300 | train=0.001256 | val=0.001275 | best=0.001275@37 | patience=0/30 | time=9.37s *
[2026-04-27 06:56:59] epoch   38/300 | train=0.001241 | val=0.001339 | best=0.001275@37 | patience=1/30 | time=9.47s
[2026-04-27 06:57:09] epoch   39/300 | train=0.001269 | val=0.001282 | best=0.001275@37 | patience=2/30 | time=9.49s
[2026-04-27 06:57:18] epoch   40/300 | train=0.001235 | val=0.001274 | best=0.001275@37 | patience=3/30 | time=9.35s
[2026-04-27 06:57:28] epoch   41/300 | train=0.001230 | val=0.001282 | best=0.001275@37 | patience=4/30 | time=9.47s
[2026-04-27 06:57:38] epoch   42/300 | train=0.001230 | val=0.001285 | best=0.001275@37 | patience=5/30 | time=9.54s
[2026-04-27 06:57:48] epoch   43/300 | train=0.001232 | val=0.001266 | best=0.001266@43 | patience=0/30 | time=9.57s *
[2026-04-27 06:57:57] epoch   44/300 | train=0.001217 | val=0.001266 | best=0.001266@43 | patience=1/30 | time=9.28s
[2026-04-27 06:58:07] epoch   45/300 | train=0.001205 | val=0.001283 | best=0.001266@43 | patience=2/30 | time=9.66s
[2026-04-27 06:58:17] epoch   46/300 | train=0.001219 | val=0.001251 | best=0.001251@46 | patience=0/30 | time=9.36s *
[2026-04-27 06:58:27] epoch   47/300 | train=0.001198 | val=0.001272 | best=0.001251@46 | patience=1/30 | time=9.33s
[2026-04-27 06:58:36] epoch   48/300 | train=0.001198 | val=0.001250 | best=0.001251@46 | patience=2/30 | time=9.67s
[2026-04-27 06:58:46] epoch   49/300 | train=0.001189 | val=0.001253 | best=0.001251@46 | patience=3/30 | time=9.45s
[2026-04-27 06:58:56] epoch   50/300 | train=0.001185 | val=0.001221 | best=0.001221@50 | patience=0/30 | time=9.25s *
[2026-04-27 06:59:06] epoch   51/300 | train=0.001172 | val=0.001227 | best=0.001221@50 | patience=1/30 | time=9.65s
[2026-04-27 06:59:15] epoch   52/300 | train=0.001170 | val=0.001222 | best=0.001221@50 | patience=2/30 | time=9.43s
[2026-04-27 06:59:25] epoch   53/300 | train=0.001160 | val=0.001218 | best=0.001218@53 | patience=0/30 | time=9.24s *
[2026-04-27 06:59:35] epoch   54/300 | train=0.001164 | val=0.001228 | best=0.001218@53 | patience=1/30 | time=9.34s
[2026-04-27 06:59:45] epoch   55/300 | train=0.001151 | val=0.001204 | best=0.001204@55 | patience=0/30 | time=9.43s *
[2026-04-27 06:59:55] epoch   56/300 | train=0.001140 | val=0.001199 | best=0.001199@56 | patience=0/30 | time=9.48s *
[2026-04-27 07:00:04] epoch   57/300 | train=0.001128 | val=0.001213 | best=0.001199@56 | patience=1/30 | time=9.35s
[2026-04-27 07:00:14] epoch   58/300 | train=0.001135 | val=0.001194 | best=0.001194@58 | patience=0/30 | time=9.49s *
[2026-04-27 07:00:24] epoch   59/300 | train=0.001131 | val=0.001195 | best=0.001194@58 | patience=1/30 | time=9.48s
[2026-04-27 07:00:34] epoch   60/300 | train=0.001121 | val=0.001183 | best=0.001183@60 | patience=0/30 | time=9.40s *
[2026-04-27 07:00:44] epoch   61/300 | train=0.001121 | val=0.001185 | best=0.001183@60 | patience=1/30 | time=9.29s
[2026-04-27 07:00:54] epoch   62/300 | train=0.001112 | val=0.001175 | best=0.001175@62 | patience=0/30 | time=9.64s *
[2026-04-27 07:01:03] epoch   63/300 | train=0.001105 | val=0.001177 | best=0.001175@62 | patience=1/30 | time=9.35s
[2026-04-27 07:01:13] epoch   64/300 | train=0.001096 | val=0.001202 | best=0.001175@62 | patience=2/30 | time=9.32s
[2026-04-27 07:01:23] epoch   65/300 | train=0.001102 | val=0.001151 | best=0.001151@65 | patience=0/30 | time=9.62s *
[2026-04-27 07:01:33] epoch   66/300 | train=0.001079 | val=0.001152 | best=0.001151@65 | patience=1/30 | time=9.41s
[2026-04-27 07:01:43] epoch   67/300 | train=0.001073 | val=0.001143 | best=0.001143@67 | patience=0/30 | time=9.24s *
[2026-04-27 07:01:52] epoch   68/300 | train=0.001069 | val=0.001144 | best=0.001143@67 | patience=1/30 | time=9.63s
[2026-04-27 07:02:02] epoch   69/300 | train=0.001064 | val=0.001158 | best=0.001143@67 | patience=2/30 | time=9.47s
[2026-04-27 07:02:11] epoch   70/300 | train=0.001065 | val=0.001149 | best=0.001143@67 | patience=3/30 | time=9.24s
[2026-04-27 07:02:22] epoch   71/300 | train=0.001059 | val=0.001129 | best=0.001129@71 | patience=0/30 | time=9.36s *
[2026-04-27 07:02:31] epoch   72/300 | train=0.001049 | val=0.001185 | best=0.001129@71 | patience=1/30 | time=9.46s
[2026-04-27 07:02:42] epoch   73/300 | train=0.001065 | val=0.001128 | best=0.001128@73 | patience=0/30 | time=9.46s *
[2026-04-27 07:02:52] epoch   74/300 | train=0.001038 | val=0.001128 | best=0.001128@73 | patience=1/30 | time=9.37s
[2026-04-27 07:03:01] epoch   75/300 | train=0.001034 | val=0.001131 | best=0.001128@73 | patience=2/30 | time=9.29s
[2026-04-27 07:03:11] epoch   76/300 | train=0.001041 | val=0.001130 | best=0.001128@73 | patience=3/30 | time=9.53s
[2026-04-27 07:03:21] epoch   77/300 | train=0.001032 | val=0.001139 | best=0.001128@73 | patience=4/30 | time=9.55s
[2026-04-27 07:03:30] epoch   78/300 | train=0.001041 | val=0.001135 | best=0.001128@73 | patience=5/30 | time=9.28s
[2026-04-27 07:03:40] epoch   79/300 | train=0.001041 | val=0.001119 | best=0.001119@79 | patience=0/30 | time=9.69s *
[2026-04-27 07:03:50] epoch   80/300 | train=0.001021 | val=0.001126 | best=0.001119@79 | patience=1/30 | time=9.39s
[2026-04-27 07:03:59] epoch   81/300 | train=0.001020 | val=0.001126 | best=0.001119@79 | patience=2/30 | time=9.31s
[2026-04-27 07:04:10] epoch   82/300 | train=0.001021 | val=0.001117 | best=0.001117@82 | patience=0/30 | time=9.66s *
[2026-04-27 07:04:19] epoch   83/300 | train=0.001008 | val=0.001214 | best=0.001117@82 | patience=1/30 | time=9.45s
[2026-04-27 07:04:29] epoch   84/300 | train=0.001052 | val=0.001128 | best=0.001117@82 | patience=2/30 | time=9.24s
[2026-04-27 07:04:39] epoch   85/300 | train=0.001025 | val=0.001116 | best=0.001116@85 | patience=0/30 | time=9.66s *
[2026-04-27 07:04:49] epoch   86/300 | train=0.001006 | val=0.001116 | best=0.001116@85 | patience=1/30 | time=9.42s
[2026-04-27 07:04:58] epoch   87/300 | train=0.001000 | val=0.001180 | best=0.001116@85 | patience=2/30 | time=9.24s
[2026-04-27 07:05:08] epoch   88/300 | train=0.001019 | val=0.001105 | best=0.001105@88 | patience=0/30 | time=9.34s *
[2026-04-27 07:05:18] epoch   89/300 | train=0.000987 | val=0.001111 | best=0.001105@88 | patience=1/30 | time=9.44s
[2026-04-27 07:05:28] epoch   90/300 | train=0.000984 | val=0.001091 | best=0.001091@90 | patience=0/30 | time=9.56s *
[2026-04-27 07:05:38] epoch   91/300 | train=0.000979 | val=0.001099 | best=0.001091@90 | patience=1/30 | time=9.39s
[2026-04-27 07:05:47] epoch   92/300 | train=0.000979 | val=0.001100 | best=0.001091@90 | patience=2/30 | time=9.47s
[2026-04-27 07:05:57] epoch   93/300 | train=0.000973 | val=0.001093 | best=0.001091@90 | patience=3/30 | time=9.49s
[2026-04-27 07:06:06] epoch   94/300 | train=0.000974 | val=0.001097 | best=0.001091@90 | patience=4/30 | time=9.53s
[2026-04-27 07:06:16] epoch   95/300 | train=0.000969 | val=0.001086 | best=0.001086@95 | patience=0/30 | time=9.28s *
[2026-04-27 07:06:26] epoch   96/300 | train=0.000957 | val=0.001090 | best=0.001086@95 | patience=1/30 | time=9.63s
[2026-04-27 07:06:36] epoch   97/300 | train=0.000957 | val=0.001082 | best=0.001082@97 | patience=0/30 | time=9.36s *
[2026-04-27 07:06:46] epoch   98/300 | train=0.000959 | val=0.001082 | best=0.001082@97 | patience=1/30 | time=9.31s
[2026-04-27 07:06:57] epoch   99/300 | train=0.000954 | val=0.001078 | best=0.001078@99 | patience=0/30 | time=9.69s *
[2026-04-27 07:07:07] epoch  100/300 | train=0.000943 | val=0.001074 | best=0.001074@100 | patience=0/30 | time=9.42s *
[2026-04-27 07:07:16] epoch  101/300 | train=0.000939 | val=0.001091 | best=0.001074@100 | patience=1/30 | time=9.24s
[2026-04-27 07:07:26] epoch  102/300 | train=0.000944 | val=0.001080 | best=0.001074@100 | patience=2/30 | time=9.61s
[2026-04-27 07:07:35] epoch  103/300 | train=0.000931 | val=0.001097 | best=0.001074@100 | patience=3/30 | time=9.44s
[2026-04-27 07:07:45] epoch  104/300 | train=0.000937 | val=0.001072 | best=0.001072@104 | patience=0/30 | time=9.24s *
[2026-04-27 07:07:55] epoch  105/300 | train=0.000925 | val=0.001087 | best=0.001072@104 | patience=1/30 | time=9.39s
[2026-04-27 07:08:05] epoch  106/300 | train=0.000923 | val=0.001073 | best=0.001072@104 | patience=2/30 | time=9.44s
[2026-04-27 07:08:14] epoch  107/300 | train=0.000918 | val=0.001081 | best=0.001072@104 | patience=3/30 | time=9.57s
[2026-04-27 07:08:24] epoch  108/300 | train=0.000920 | val=0.001075 | best=0.001072@104 | patience=4/30 | time=9.35s
[2026-04-27 07:08:33] epoch  109/300 | train=0.000911 | val=0.001079 | best=0.001072@104 | patience=5/30 | time=9.50s
[2026-04-27 07:08:43] epoch  110/300 | train=0.000916 | val=0.001057 | best=0.001057@110 | patience=0/30 | time=9.47s *
[2026-04-27 07:08:53] epoch  111/300 | train=0.000903 | val=0.001067 | best=0.001057@110 | patience=1/30 | time=9.53s
[2026-04-27 07:09:02] epoch  112/300 | train=0.000905 | val=0.001065 | best=0.001057@110 | patience=2/30 | time=9.29s
[2026-04-27 07:09:12] epoch  113/300 | train=0.000904 | val=0.001059 | best=0.001057@110 | patience=3/30 | time=9.69s
[2026-04-27 07:09:22] epoch  114/300 | train=0.000892 | val=0.001083 | best=0.001057@110 | patience=4/30 | time=9.35s
[2026-04-27 07:09:31] epoch  115/300 | train=0.000896 | val=0.001080 | best=0.001057@110 | patience=5/30 | time=9.28s
[2026-04-27 07:09:41] epoch  116/300 | train=0.000896 | val=0.001050 | best=0.001050@116 | patience=0/30 | time=9.63s *
[2026-04-27 07:09:51] epoch  117/300 | train=0.000880 | val=0.001071 | best=0.001050@116 | patience=1/30 | time=9.40s
[2026-04-27 07:10:00] epoch  118/300 | train=0.000879 | val=0.001070 | best=0.001050@116 | patience=2/30 | time=9.32s
[2026-04-27 07:10:10] epoch  119/300 | train=0.000889 | val=0.001067 | best=0.001050@116 | patience=3/30 | time=9.60s
[2026-04-27 07:10:20] epoch  120/300 | train=0.000880 | val=0.001063 | best=0.001050@116 | patience=4/30 | time=9.36s
[2026-04-27 07:10:29] epoch  121/300 | train=0.000874 | val=0.001060 | best=0.001050@116 | patience=5/30 | time=9.30s
[2026-04-27 07:10:39] epoch  122/300 | train=0.000868 | val=0.001067 | best=0.001050@116 | patience=6/30 | time=9.65s
[2026-04-27 07:10:48] epoch  123/300 | train=0.000873 | val=0.001070 | best=0.001050@116 | patience=7/30 | time=9.46s
[2026-04-27 07:10:58] epoch  124/300 | train=0.000862 | val=0.001043 | best=0.001043@124 | patience=0/30 | time=9.24s *
[2026-04-27 07:11:08] epoch  125/300 | train=0.000856 | val=0.001040 | best=0.001040@125 | patience=0/30 | time=9.66s *
[2026-04-27 07:11:18] epoch  126/300 | train=0.000848 | val=0.001035 | best=0.001035@126 | patience=0/30 | time=9.41s *
[2026-04-27 07:11:28] epoch  127/300 | train=0.000841 | val=0.001036 | best=0.001035@126 | patience=1/30 | time=9.55s
[2026-04-27 07:11:38] epoch  128/300 | train=0.000835 | val=0.001093 | best=0.001035@126 | patience=2/30 | time=9.37s
[2026-04-27 07:11:47] epoch  129/300 | train=0.000853 | val=0.001115 | best=0.001035@126 | patience=3/30 | time=9.45s
[2026-04-27 07:11:57] epoch  130/300 | train=0.000895 | val=0.001064 | best=0.001035@126 | patience=4/30 | time=9.53s
[2026-04-27 07:12:07] epoch  131/300 | train=0.000853 | val=0.001028 | best=0.001028@131 | patience=0/30 | time=9.37s *
[2026-04-27 07:12:16] epoch  132/300 | train=0.000827 | val=0.001046 | best=0.001028@131 | patience=1/30 | time=9.49s
[2026-04-27 07:12:26] epoch  133/300 | train=0.000834 | val=0.001038 | best=0.001028@131 | patience=2/30 | time=9.47s
[2026-04-27 07:12:36] epoch  134/300 | train=0.000828 | val=0.001034 | best=0.001028@131 | patience=3/30 | time=9.52s
[2026-04-27 07:12:45] epoch  135/300 | train=0.000823 | val=0.001041 | best=0.001028@131 | patience=4/30 | time=9.29s
[2026-04-27 07:12:55] epoch  136/300 | train=0.000823 | val=0.001036 | best=0.001028@131 | patience=5/30 | time=9.47s
[2026-04-27 07:13:04] epoch  137/300 | train=0.000814 | val=0.001029 | best=0.001028@131 | patience=6/30 | time=9.53s
[2026-04-27 07:13:14] epoch  138/300 | train=0.000799 | val=0.001032 | best=0.001028@131 | patience=7/30 | time=9.29s
[2026-04-27 07:13:24] epoch  139/300 | train=0.000804 | val=0.001030 | best=0.001028@131 | patience=8/30 | time=9.73s
[2026-04-27 07:13:33] epoch  140/300 | train=0.000801 | val=0.001033 | best=0.001028@131 | patience=9/30 | time=9.39s
[2026-04-27 07:13:43] epoch  141/300 | train=0.000793 | val=0.001036 | best=0.001028@131 | patience=10/30 | time=9.31s
[2026-04-27 07:13:52] epoch  142/300 | train=0.000810 | val=0.001076 | best=0.001028@131 | patience=11/30 | time=9.71s
[2026-04-27 07:14:02] epoch  143/300 | train=0.000821 | val=0.001039 | best=0.001028@131 | patience=12/30 | time=9.39s
[2026-04-27 07:14:11] epoch  144/300 | train=0.000804 | val=0.001037 | best=0.001028@131 | patience=13/30 | time=9.30s
[2026-04-27 07:14:21] epoch  145/300 | train=0.000790 | val=0.001036 | best=0.001028@131 | patience=14/30 | time=9.71s
[2026-04-27 07:14:31] epoch  146/300 | train=0.000785 | val=0.001054 | best=0.001028@131 | patience=15/30 | time=9.43s
[2026-04-27 07:14:40] epoch  147/300 | train=0.000792 | val=0.001043 | best=0.001028@131 | patience=16/30 | time=9.23s
[2026-04-27 07:14:50] epoch  148/300 | train=0.000785 | val=0.001046 | best=0.001028@131 | patience=17/30 | time=9.70s
[2026-04-27 07:15:00] epoch  149/300 | train=0.000788 | val=0.001030 | best=0.001028@131 | patience=18/30 | time=9.43s
[2026-04-27 07:15:09] epoch  150/300 | train=0.000781 | val=0.001035 | best=0.001028@131 | patience=19/30 | time=9.23s
[2026-04-27 07:15:19] epoch  151/300 | train=0.000773 | val=0.001043 | best=0.001028@131 | patience=20/30 | time=9.66s
[2026-04-27 07:15:28] epoch  152/300 | train=0.000779 | val=0.001043 | best=0.001028@131 | patience=21/30 | time=9.42s
[2026-04-27 07:15:39] epoch  153/300 | train=0.000764 | val=0.001022 | best=0.001022@153 | patience=0/30 | time=9.50s *
[2026-04-27 07:15:48] epoch  154/300 | train=0.000759 | val=0.001019 | best=0.001019@154 | patience=0/30 | time=9.35s *
[2026-04-27 07:15:58] epoch  155/300 | train=0.000747 | val=0.001047 | best=0.001019@154 | patience=1/30 | time=9.49s
[2026-04-27 07:16:08] epoch  156/300 | train=0.000760 | val=0.001035 | best=0.001019@154 | patience=2/30 | time=9.49s
[2026-04-27 07:16:17] epoch  157/300 | train=0.000755 | val=0.001021 | best=0.001019@154 | patience=3/30 | time=9.36s
[2026-04-27 07:16:28] epoch  158/300 | train=0.000736 | val=0.001017 | best=0.001017@158 | patience=0/30 | time=9.49s *
[2026-04-27 07:16:38] epoch  159/300 | train=0.000731 | val=0.001029 | best=0.001017@158 | patience=1/30 | time=9.73s
[2026-04-27 07:16:47] epoch  160/300 | train=0.000738 | val=0.001037 | best=0.001017@158 | patience=2/30 | time=9.36s
[2026-04-27 07:16:57] epoch  161/300 | train=0.000740 | val=0.001027 | best=0.001017@158 | patience=3/30 | time=9.28s
[2026-04-27 07:17:07] epoch  162/300 | train=0.000739 | val=0.001010 | best=0.001010@162 | patience=0/30 | time=9.63s *
[2026-04-27 07:17:16] epoch  163/300 | train=0.000726 | val=0.001031 | best=0.001010@162 | patience=1/30 | time=9.36s
[2026-04-27 07:17:26] epoch  164/300 | train=0.000727 | val=0.001025 | best=0.001010@162 | patience=2/30 | time=9.32s
[2026-04-27 07:17:36] epoch  165/300 | train=0.000723 | val=0.001042 | best=0.001010@162 | patience=3/30 | time=9.68s
[2026-04-27 07:17:45] epoch  166/300 | train=0.000722 | val=0.001015 | best=0.001010@162 | patience=4/30 | time=9.39s
[2026-04-27 07:17:54] epoch  167/300 | train=0.000703 | val=0.001026 | best=0.001010@162 | patience=5/30 | time=9.31s
[2026-04-27 07:18:04] epoch  168/300 | train=0.000710 | val=0.001030 | best=0.001010@162 | patience=6/30 | time=9.71s
[2026-04-27 07:18:14] epoch  169/300 | train=0.000708 | val=0.001046 | best=0.001010@162 | patience=7/30 | time=9.43s
[2026-04-27 07:18:23] epoch  170/300 | train=0.000717 | val=0.001021 | best=0.001010@162 | patience=8/30 | time=9.24s
[2026-04-27 07:18:33] epoch  171/300 | train=0.000705 | val=0.001022 | best=0.001010@162 | patience=9/30 | time=9.61s
[2026-04-27 07:18:42] epoch  172/300 | train=0.000697 | val=0.001040 | best=0.001010@162 | patience=10/30 | time=9.42s
[2026-04-27 07:18:52] epoch  173/300 | train=0.000708 | val=0.001007 | best=0.001007@173 | patience=0/30 | time=9.24s *
[2026-04-27 07:19:02] epoch  174/300 | train=0.000687 | val=0.001025 | best=0.001007@173 | patience=1/30 | time=9.63s
[2026-04-27 07:19:12] epoch  175/300 | train=0.000697 | val=0.001040 | best=0.001007@173 | patience=2/30 | time=9.45s
[2026-04-27 07:19:21] epoch  176/300 | train=0.000702 | val=0.001024 | best=0.001007@173 | patience=3/30 | time=9.56s
[2026-04-27 07:19:31] epoch  177/300 | train=0.000692 | val=0.001019 | best=0.001007@173 | patience=4/30 | time=9.35s
[2026-04-27 07:19:40] epoch  178/300 | train=0.000685 | val=0.001030 | best=0.001007@173 | patience=5/30 | time=9.49s
[2026-04-27 07:19:50] epoch  179/300 | train=0.000683 | val=0.001029 | best=0.001007@173 | patience=6/30 | time=9.53s
[2026-04-27 07:20:00] epoch  180/300 | train=0.000673 | val=0.001012 | best=0.001007@173 | patience=7/30 | time=9.59s
[2026-04-27 07:20:09] epoch  181/300 | train=0.000670 | val=0.001015 | best=0.001007@173 | patience=8/30 | time=9.29s
[2026-04-27 07:20:19] epoch  182/300 | train=0.000665 | val=0.001021 | best=0.001007@173 | patience=9/30 | time=9.47s
[2026-04-27 07:20:28] epoch  183/300 | train=0.000669 | val=0.001020 | best=0.001007@173 | patience=10/30 | time=9.57s
[2026-04-27 07:20:38] epoch  184/300 | train=0.000668 | val=0.001023 | best=0.001007@173 | patience=11/30 | time=9.28s
[2026-04-27 07:20:48] epoch  185/300 | train=0.000659 | val=0.001022 | best=0.001007@173 | patience=12/30 | time=9.62s
[2026-04-27 07:20:57] epoch  186/300 | train=0.000656 | val=0.001024 | best=0.001007@173 | patience=13/30 | time=9.37s
[2026-04-27 07:21:06] epoch  187/300 | train=0.000660 | val=0.001023 | best=0.001007@173 | patience=14/30 | time=9.29s
[2026-04-27 07:21:16] epoch  188/300 | train=0.000658 | val=0.001026 | best=0.001007@173 | patience=15/30 | time=9.65s
[2026-04-27 07:21:26] epoch  189/300 | train=0.000655 | val=0.001024 | best=0.001007@173 | patience=16/30 | time=9.40s
[2026-04-27 07:21:35] epoch  190/300 | train=0.000646 | val=0.001017 | best=0.001007@173 | patience=17/30 | time=9.31s
[2026-04-27 07:21:45] epoch  191/300 | train=0.000635 | val=0.001031 | best=0.001007@173 | patience=18/30 | time=9.66s
[2026-04-27 07:21:54] epoch  192/300 | train=0.000644 | val=0.001020 | best=0.001007@173 | patience=19/30 | time=9.37s
[2026-04-27 07:22:04] epoch  193/300 | train=0.000635 | val=0.001014 | best=0.001007@173 | patience=20/30 | time=9.32s
[2026-04-27 07:22:14] epoch  194/300 | train=0.000636 | val=0.001025 | best=0.001007@173 | patience=21/30 | time=9.66s
[2026-04-27 07:22:23] epoch  195/300 | train=0.000640 | val=0.001024 | best=0.001007@173 | patience=22/30 | time=9.44s
[2026-04-27 07:22:33] epoch  196/300 | train=0.000631 | val=0.001024 | best=0.001007@173 | patience=23/30 | time=9.24s
[2026-04-27 07:22:42] epoch  197/300 | train=0.000634 | val=0.001016 | best=0.001007@173 | patience=24/30 | time=9.62s
[2026-04-27 07:22:52] epoch  198/300 | train=0.000631 | val=0.001028 | best=0.001007@173 | patience=25/30 | time=9.44s
[2026-04-27 07:23:01] epoch  199/300 | train=0.000644 | val=0.001019 | best=0.001007@173 | patience=26/30 | time=9.24s
[2026-04-27 07:23:11] epoch  200/300 | train=0.000623 | val=0.001020 | best=0.001007@173 | patience=27/30 | time=9.36s
[2026-04-27 07:23:21] epoch  201/300 | train=0.000615 | val=0.001026 | best=0.001007@173 | patience=28/30 | time=9.47s
[2026-04-27 07:23:30] epoch  202/300 | train=0.000621 | val=0.001032 | best=0.001007@173 | patience=29/30 | time=9.51s
[2026-04-27 07:23:40] epoch  203/300 | train=0.000616 | val=0.001033 | best=0.001007@173 | patience=30/30 | time=9.35s
[2026-04-27 07:23:40]   early stopping at epoch 203 (no improvement for 30 epochs)
[2026-04-27 07:23:40] Training done: stop_reason=early_stop, total_epochs=203, best_epoch=173, best_val=0.001007
[2026-04-27 07:23:40] Reloading best checkpoint (epoch 173) for evaluation
[2026-04-27 07:23:59] ------------------------------------------------------------
[2026-04-27 07:23:59] Evaluation:
[2026-04-27 07:23:59]   AUC broken_lcfs         : 0.6128
[2026-04-27 07:23:59]   AUC bad_black_core      : 0.9958
[2026-04-27 07:23:59]   AUC bad_nonconverged    : 0.9973
[2026-04-27 07:23:59]   objective      : 0.8431
[2026-04-27 07:23:59]   floor_ok       : True
[2026-04-27 07:23:59]   threshold      : 0.1086
[2026-04-27 07:23:59]   mu / sigma     : 0.000693199 / 0.000177283
[2026-04-27 07:23:59] Train time=2152.2s, eval time=18.9s
