[2026-04-27 02:44:35] ============================================================
[2026-04-27 02:44:35] Trial 53 starting on cuda:0
[2026-04-27 02:44:35] Timestamp: 2026-04-27T02:44:35.362709
[2026-04-27 02:44:35] --- Config summary ---
  bottleneck_dim  : 158
  n_enc_layers    : 2
  n_dec_layers    : 5
  base_channels   : 11
  growth_factor   : 2.973087360984415
  use_batchnorm   : True
  use_hpf         : True
  hpf_sigma       : 1.0388403276957832
  lr              : 0.0027366359956071343
  batch_size      : 16
  max_epochs      : 300
  patience        : 30
  seed            : 42
  deterministic   : False
  trial_num       : 53
[2026-04-27 02:44:35] Loading train/val/selection splits...
[2026-04-27 02:45:33] Splits loaded in 58.3s: n_train=722, n_val=120, n_selection=405
[2026-04-27 02:45:35] --- Architecture summary ---
  channels per enc layer : [11, 33]
  final spatial size     : 64x64
  flat size before latent: 135168
  bottleneck_dim         : 158
  total parameters       : 42,909,212
[2026-04-27 02:45:35] Starting training: n_train=722, n_val=120, device=cuda:0
[2026-04-27 02:46:08] epoch    1/300 | train=0.004165 | val=0.002985 | best=0.002985@1 | patience=0/30 | time=31.97s *
[2026-04-27 02:46:10] epoch    2/300 | train=0.002469 | val=0.002233 | best=0.002233@2 | patience=0/30 | time=2.07s *
[2026-04-27 02:46:13] epoch    3/300 | train=0.002015 | val=0.001928 | best=0.001928@3 | patience=0/30 | time=2.35s *
[2026-04-27 02:46:16] epoch    4/300 | train=0.001707 | val=0.001924 | best=0.001924@4 | patience=0/30 | time=2.05s *
[2026-04-27 02:46:19] epoch    5/300 | train=0.001548 | val=0.001879 | best=0.001879@5 | patience=0/30 | time=2.14s *
[2026-04-27 02:46:22] epoch    6/300 | train=0.001473 | val=0.001526 | best=0.001526@6 | patience=0/30 | time=2.05s *
[2026-04-27 02:46:25] epoch    7/300 | train=0.001424 | val=0.001515 | best=0.001515@7 | patience=0/30 | time=2.06s *
[2026-04-27 02:46:27] epoch    8/300 | train=0.001393 | val=0.001368 | best=0.001368@8 | patience=0/30 | time=2.05s *
[2026-04-27 02:46:30] epoch    9/300 | train=0.001351 | val=0.001348 | best=0.001348@9 | patience=0/30 | time=2.06s *
[2026-04-27 02:46:32] epoch   10/300 | train=0.001330 | val=0.001359 | best=0.001348@9 | patience=1/30 | time=2.11s
[2026-04-27 02:46:35] epoch   11/300 | train=0.001324 | val=0.001331 | best=0.001331@11 | patience=0/30 | time=2.04s *
[2026-04-27 02:46:38] epoch   12/300 | train=0.001297 | val=0.001300 | best=0.001300@12 | patience=0/30 | time=2.07s *
[2026-04-27 02:46:40] epoch   13/300 | train=0.001285 | val=0.001306 | best=0.001300@12 | patience=1/30 | time=2.04s
[2026-04-27 02:46:43] epoch   14/300 | train=0.001265 | val=0.001276 | best=0.001276@14 | patience=0/30 | time=2.07s *
[2026-04-27 02:46:45] epoch   15/300 | train=0.001236 | val=0.001263 | best=0.001263@15 | patience=0/30 | time=2.04s *
[2026-04-27 02:46:48] epoch   16/300 | train=0.001214 | val=0.001236 | best=0.001236@16 | patience=0/30 | time=2.32s *
[2026-04-27 02:46:50] epoch   17/300 | train=0.001178 | val=0.001553 | best=0.001236@16 | patience=1/30 | time=2.04s
[2026-04-27 02:46:53] epoch   18/300 | train=0.001176 | val=0.001203 | best=0.001203@18 | patience=0/30 | time=2.14s *
[2026-04-27 02:46:55] epoch   19/300 | train=0.001129 | val=0.001276 | best=0.001203@18 | patience=1/30 | time=2.04s
[2026-04-27 02:46:58] epoch   20/300 | train=0.001109 | val=0.001126 | best=0.001126@20 | patience=0/30 | time=2.05s *
[2026-04-27 02:47:01] epoch   21/300 | train=0.001089 | val=0.001100 | best=0.001100@21 | patience=0/30 | time=2.04s *
[2026-04-27 02:47:03] epoch   22/300 | train=0.001064 | val=0.001123 | best=0.001100@21 | patience=1/30 | time=2.22s
[2026-04-27 02:47:05] epoch   23/300 | train=0.001041 | val=0.001177 | best=0.001100@21 | patience=2/30 | time=2.05s
[2026-04-27 02:47:08] epoch   24/300 | train=0.001033 | val=0.001052 | best=0.001052@24 | patience=0/30 | time=2.04s *
[2026-04-27 02:47:10] epoch   25/300 | train=0.001020 | val=0.001064 | best=0.001052@24 | patience=1/30 | time=2.02s
[2026-04-27 02:47:12] epoch   26/300 | train=0.000998 | val=0.001151 | best=0.001052@24 | patience=2/30 | time=2.02s
[2026-04-27 02:47:15] epoch   27/300 | train=0.001002 | val=0.001019 | best=0.001019@27 | patience=0/30 | time=2.05s *
[2026-04-27 02:47:17] epoch   28/300 | train=0.000969 | val=0.001055 | best=0.001019@27 | patience=1/30 | time=2.02s
[2026-04-27 02:47:19] epoch   29/300 | train=0.000959 | val=0.001052 | best=0.001019@27 | patience=2/30 | time=2.05s
[2026-04-27 02:47:22] epoch   30/300 | train=0.000940 | val=0.000999 | best=0.000999@30 | patience=0/30 | time=2.02s *
[2026-04-27 02:47:24] epoch   31/300 | train=0.000943 | val=0.001004 | best=0.000999@30 | patience=1/30 | time=2.33s
[2026-04-27 02:47:27] epoch   32/300 | train=0.000917 | val=0.001065 | best=0.000999@30 | patience=2/30 | time=2.16s
[2026-04-27 02:47:30] epoch   33/300 | train=0.000909 | val=0.000974 | best=0.000974@33 | patience=0/30 | time=2.25s *
[2026-04-27 02:47:32] epoch   34/300 | train=0.000890 | val=0.000993 | best=0.000974@33 | patience=1/30 | time=2.04s
[2026-04-27 02:47:35] epoch   35/300 | train=0.000887 | val=0.000973 | best=0.000973@35 | patience=0/30 | time=2.02s *
[2026-04-27 02:47:37] epoch   36/300 | train=0.000864 | val=0.000973 | best=0.000973@35 | patience=1/30 | time=2.02s
[2026-04-27 02:47:40] epoch   37/300 | train=0.000870 | val=0.000956 | best=0.000956@37 | patience=0/30 | time=2.19s *
[2026-04-27 02:47:42] epoch   38/300 | train=0.000858 | val=0.001009 | best=0.000956@37 | patience=1/30 | time=2.02s
[2026-04-27 02:47:44] epoch   39/300 | train=0.000860 | val=0.001002 | best=0.000956@37 | patience=2/30 | time=2.02s
[2026-04-27 02:47:46] epoch   40/300 | train=0.000830 | val=0.000957 | best=0.000956@37 | patience=3/30 | time=2.09s
[2026-04-27 02:47:49] epoch   41/300 | train=0.000807 | val=0.000942 | best=0.000942@41 | patience=0/30 | time=2.02s *
[2026-04-27 02:47:51] epoch   42/300 | train=0.000810 | val=0.001013 | best=0.000942@41 | patience=1/30 | time=2.05s
[2026-04-27 02:47:53] epoch   43/300 | train=0.000808 | val=0.000971 | best=0.000942@41 | patience=2/30 | time=2.02s
[2026-04-27 02:47:56] epoch   44/300 | train=0.000789 | val=0.000928 | best=0.000928@44 | patience=0/30 | time=2.05s *
[2026-04-27 02:47:58] epoch   45/300 | train=0.000767 | val=0.000935 | best=0.000928@44 | patience=1/30 | time=2.02s
[2026-04-27 02:48:01] epoch   46/300 | train=0.000758 | val=0.000905 | best=0.000905@46 | patience=0/30 | time=2.31s *
[2026-04-27 02:48:03] epoch   47/300 | train=0.000740 | val=0.000937 | best=0.000905@46 | patience=1/30 | time=2.02s
[2026-04-27 02:48:05] epoch   48/300 | train=0.000746 | val=0.000908 | best=0.000905@46 | patience=2/30 | time=2.11s
[2026-04-27 02:48:07] epoch   49/300 | train=0.000728 | val=0.000928 | best=0.000905@46 | patience=3/30 | time=2.02s
[2026-04-27 02:48:09] epoch   50/300 | train=0.000724 | val=0.000939 | best=0.000905@46 | patience=4/30 | time=2.03s
[2026-04-27 02:48:11] epoch   51/300 | train=0.000725 | val=0.000905 | best=0.000905@46 | patience=5/30 | time=2.02s
[2026-04-27 02:48:14] epoch   52/300 | train=0.000691 | val=0.000940 | best=0.000905@46 | patience=6/30 | time=2.03s
[2026-04-27 02:48:16] epoch   53/300 | train=0.000681 | val=0.000884 | best=0.000884@53 | patience=0/30 | time=2.19s *
[2026-04-27 02:48:19] epoch   54/300 | train=0.000671 | val=0.000903 | best=0.000884@53 | patience=1/30 | time=2.02s
[2026-04-27 02:48:21] epoch   55/300 | train=0.000662 | val=0.000920 | best=0.000884@53 | patience=2/30 | time=2.08s
[2026-04-27 02:48:23] epoch   56/300 | train=0.000653 | val=0.000909 | best=0.000884@53 | patience=3/30 | time=2.02s
[2026-04-27 02:48:25] epoch   57/300 | train=0.000636 | val=0.000889 | best=0.000884@53 | patience=4/30 | time=2.02s
[2026-04-27 02:48:28] epoch   58/300 | train=0.000624 | val=0.000881 | best=0.000881@58 | patience=0/30 | time=2.04s *
[2026-04-27 02:48:30] epoch   59/300 | train=0.000623 | val=0.000891 | best=0.000881@58 | patience=1/30 | time=2.01s
[2026-04-27 02:48:32] epoch   60/300 | train=0.000637 | val=0.000888 | best=0.000881@58 | patience=2/30 | time=2.04s
[2026-04-27 02:48:34] epoch   61/300 | train=0.000609 | val=0.000924 | best=0.000881@58 | patience=3/30 | time=2.02s
[2026-04-27 02:48:36] epoch   62/300 | train=0.000596 | val=0.000935 | best=0.000881@58 | patience=4/30 | time=2.30s
[2026-04-27 02:48:39] epoch   63/300 | train=0.000579 | val=0.000906 | best=0.000881@58 | patience=5/30 | time=2.02s
[2026-04-27 02:48:41] epoch   64/300 | train=0.000575 | val=0.000946 | best=0.000881@58 | patience=6/30 | time=2.11s
[2026-04-27 02:48:44] epoch   65/300 | train=0.000571 | val=0.000885 | best=0.000881@58 | patience=7/30 | time=2.02s
[2026-04-27 02:48:46] epoch   66/300 | train=0.000555 | val=0.000901 | best=0.000881@58 | patience=8/30 | time=2.02s
[2026-04-27 02:48:48] epoch   67/300 | train=0.000548 | val=0.000888 | best=0.000881@58 | patience=9/30 | time=2.02s
[2026-04-27 02:48:50] epoch   68/300 | train=0.000544 | val=0.000989 | best=0.000881@58 | patience=10/30 | time=2.02s
[2026-04-27 02:48:52] epoch   69/300 | train=0.000552 | val=0.000899 | best=0.000881@58 | patience=11/30 | time=2.02s
[2026-04-27 02:48:54] epoch   70/300 | train=0.000527 | val=0.000889 | best=0.000881@58 | patience=12/30 | time=2.02s
[2026-04-27 02:48:56] epoch   71/300 | train=0.000513 | val=0.000899 | best=0.000881@58 | patience=13/30 | time=2.02s
[2026-04-27 02:48:59] epoch   72/300 | train=0.000501 | val=0.000905 | best=0.000881@58 | patience=14/30 | time=2.09s
[2026-04-27 02:49:01] epoch   73/300 | train=0.000504 | val=0.000886 | best=0.000881@58 | patience=15/30 | time=2.02s
[2026-04-27 02:49:03] epoch   74/300 | train=0.000488 | val=0.000885 | best=0.000881@58 | patience=16/30 | time=2.02s
[2026-04-27 02:49:05] epoch   75/300 | train=0.000475 | val=0.000948 | best=0.000881@58 | patience=17/30 | time=2.05s
[2026-04-27 02:49:07] epoch   76/300 | train=0.000493 | val=0.000902 | best=0.000881@58 | patience=18/30 | time=2.02s
[2026-04-27 02:49:09] epoch   77/300 | train=0.000492 | val=0.001031 | best=0.000881@58 | patience=19/30 | time=2.04s
[2026-04-27 02:49:11] epoch   78/300 | train=0.000514 | val=0.000903 | best=0.000881@58 | patience=20/30 | time=2.02s
[2026-04-27 02:49:13] epoch   79/300 | train=0.000515 | val=0.000886 | best=0.000881@58 | patience=21/30 | time=2.02s
[2026-04-27 02:49:16] epoch   80/300 | train=0.000468 | val=0.000877 | best=0.000877@80 | patience=0/30 | time=2.30s *
[2026-04-27 02:49:19] epoch   81/300 | train=0.000458 | val=0.000886 | best=0.000877@80 | patience=1/30 | time=2.02s
[2026-04-27 02:49:21] epoch   82/300 | train=0.000442 | val=0.000906 | best=0.000877@80 | patience=2/30 | time=2.10s
[2026-04-27 02:49:23] epoch   83/300 | train=0.000425 | val=0.000891 | best=0.000877@80 | patience=3/30 | time=2.02s
[2026-04-27 02:49:25] epoch   84/300 | train=0.000436 | val=0.000894 | best=0.000877@80 | patience=4/30 | time=2.02s
[2026-04-27 02:49:27] epoch   85/300 | train=0.000487 | val=0.000919 | best=0.000877@80 | patience=5/30 | time=2.02s
[2026-04-27 02:49:29] epoch   86/300 | train=0.000462 | val=0.000897 | best=0.000877@80 | patience=6/30 | time=2.02s
[2026-04-27 02:49:32] epoch   87/300 | train=0.000433 | val=0.000916 | best=0.000877@80 | patience=7/30 | time=2.21s
[2026-04-27 02:49:34] epoch   88/300 | train=0.000415 | val=0.000915 | best=0.000877@80 | patience=8/30 | time=2.05s
[2026-04-27 02:49:36] epoch   89/300 | train=0.000404 | val=0.000895 | best=0.000877@80 | patience=9/30 | time=2.11s
[2026-04-27 02:49:38] epoch   90/300 | train=0.000402 | val=0.000899 | best=0.000877@80 | patience=10/30 | time=2.05s
[2026-04-27 02:49:40] epoch   91/300 | train=0.000393 | val=0.000893 | best=0.000877@80 | patience=11/30 | time=2.07s
[2026-04-27 02:49:42] epoch   92/300 | train=0.000383 | val=0.000911 | best=0.000877@80 | patience=12/30 | time=2.05s
[2026-04-27 02:49:45] epoch   93/300 | train=0.000388 | val=0.000928 | best=0.000877@80 | patience=13/30 | time=2.04s
[2026-04-27 02:49:47] epoch   94/300 | train=0.000384 | val=0.000880 | best=0.000877@80 | patience=14/30 | time=2.07s
[2026-04-27 02:49:49] epoch   95/300 | train=0.000386 | val=0.000929 | best=0.000877@80 | patience=15/30 | time=2.05s
[2026-04-27 02:49:51] epoch   96/300 | train=0.000397 | val=0.000928 | best=0.000877@80 | patience=16/30 | time=2.05s
[2026-04-27 02:49:54] epoch   97/300 | train=0.000389 | val=0.000886 | best=0.000877@80 | patience=17/30 | time=2.40s
[2026-04-27 02:49:56] epoch   98/300 | train=0.000381 | val=0.000896 | best=0.000877@80 | patience=18/30 | time=2.05s
[2026-04-27 02:49:58] epoch   99/300 | train=0.000364 | val=0.000888 | best=0.000877@80 | patience=19/30 | time=2.14s
[2026-04-27 02:50:00] epoch  100/300 | train=0.000348 | val=0.000928 | best=0.000877@80 | patience=20/30 | time=2.05s
[2026-04-27 02:50:02] epoch  101/300 | train=0.000343 | val=0.000908 | best=0.000877@80 | patience=21/30 | time=2.05s
[2026-04-27 02:50:04] epoch  102/300 | train=0.000343 | val=0.000910 | best=0.000877@80 | patience=22/30 | time=2.05s
[2026-04-27 02:50:07] epoch  103/300 | train=0.000339 | val=0.000901 | best=0.000877@80 | patience=23/30 | time=2.05s
[2026-04-27 02:50:09] epoch  104/300 | train=0.000341 | val=0.000905 | best=0.000877@80 | patience=24/30 | time=2.22s
[2026-04-27 02:50:11] epoch  105/300 | train=0.000342 | val=0.000914 | best=0.000877@80 | patience=25/30 | time=2.05s
[2026-04-27 02:50:13] epoch  106/300 | train=0.000337 | val=0.000909 | best=0.000877@80 | patience=26/30 | time=2.05s
[2026-04-27 02:50:15] epoch  107/300 | train=0.000342 | val=0.000920 | best=0.000877@80 | patience=27/30 | time=2.11s
[2026-04-27 02:50:18] epoch  108/300 | train=0.000338 | val=0.000904 | best=0.000877@80 | patience=28/30 | time=2.05s
[2026-04-27 02:50:20] epoch  109/300 | train=0.000331 | val=0.000915 | best=0.000877@80 | patience=29/30 | time=2.08s
[2026-04-27 02:50:22] epoch  110/300 | train=0.000330 | val=0.000949 | best=0.000877@80 | patience=30/30 | time=2.05s
[2026-04-27 02:50:22]   early stopping at epoch 110 (no improvement for 30 epochs)
[2026-04-27 02:50:22] Training done: stop_reason=early_stop, total_epochs=110, best_epoch=80, best_val=0.000877
[2026-04-27 02:50:22] Reloading best checkpoint (epoch 80) for evaluation
[2026-04-27 02:50:26] ------------------------------------------------------------
[2026-04-27 02:50:26] Evaluation:
[2026-04-27 02:50:26]   AUC broken_lcfs         : 0.6000
[2026-04-27 02:50:26]   AUC bad_black_core      : 0.9924
[2026-04-27 02:50:26]   AUC bad_nonconverged    : 1.0000
[2026-04-27 02:50:26]   objective      : 0.8377
[2026-04-27 02:50:26]   floor_ok       : True
[2026-04-27 02:50:26]   threshold      : 0.3271
[2026-04-27 02:50:26]   mu / sigma     : 0.000459061 / 0.00010416
[2026-04-27 02:50:26] Train time=287.0s, eval time=3.7s
