[2026-04-27 00:21:15] ============================================================
[2026-04-27 00:21:15] Trial 10 starting on cuda:0
[2026-04-27 00:21:15] Timestamp: 2026-04-27T00:21:15.508951
[2026-04-27 00:21:15] --- Config summary ---
  bottleneck_dim  : 227
  n_enc_layers    : 2
  n_dec_layers    : 5
  base_channels   : 47
  growth_factor   : 1.5854829871358653
  use_batchnorm   : True
  use_hpf         : True
  hpf_sigma       : 7.914860458850601
  lr              : 0.00011509145137905113
  batch_size      : 48
  max_epochs      : 300
  patience        : 30
  seed            : 42
  deterministic   : False
  trial_num       : 10
[2026-04-27 00:21:15] Loading train/val/selection splits...
[2026-04-27 00:21:23] Splits loaded in 8.4s: n_train=722, n_val=120, n_selection=405
[2026-04-27 00:21:24] --- Architecture summary ---
  channels per enc layer : [47, 75]
  final spatial size     : 64x64
  flat size before latent: 307200
  bottleneck_dim         : 227
  total parameters       : 140,174,993
[2026-04-27 00:21:24] Starting training: n_train=722, n_val=120, device=cuda:0
[2026-04-27 00:23:28] epoch    1/300 | train=0.017032 | val=0.016257 | best=0.016257@1 | patience=0/30 | time=123.34s *
[2026-04-27 00:23:34] epoch    2/300 | train=0.008347 | val=0.013358 | best=0.013358@2 | patience=0/30 | time=4.84s *
[2026-04-27 00:23:39] epoch    3/300 | train=0.006760 | val=0.010403 | best=0.010403@3 | patience=0/30 | time=4.81s *
[2026-04-27 00:23:45] epoch    4/300 | train=0.006035 | val=0.006531 | best=0.006531@4 | patience=0/30 | time=4.83s *
[2026-04-27 00:23:50] epoch    5/300 | train=0.005571 | val=0.005440 | best=0.005440@5 | patience=0/30 | time=4.82s *
[2026-04-27 00:23:56] epoch    6/300 | train=0.005362 | val=0.005387 | best=0.005387@6 | patience=0/30 | time=4.84s *
[2026-04-27 00:24:01] epoch    7/300 | train=0.005228 | val=0.005128 | best=0.005128@7 | patience=0/30 | time=4.85s *
[2026-04-27 00:24:06] epoch    8/300 | train=0.004924 | val=0.005129 | best=0.005128@7 | patience=1/30 | time=4.83s
[2026-04-27 00:24:12] epoch    9/300 | train=0.004782 | val=0.004824 | best=0.004824@9 | patience=0/30 | time=4.83s *
[2026-04-27 00:24:17] epoch   10/300 | train=0.004532 | val=0.004460 | best=0.004460@10 | patience=0/30 | time=4.84s *
[2026-04-27 00:24:23] epoch   11/300 | train=0.004303 | val=0.004369 | best=0.004369@11 | patience=0/30 | time=4.85s *
[2026-04-27 00:24:28] epoch   12/300 | train=0.004140 | val=0.004266 | best=0.004266@12 | patience=0/30 | time=4.83s *
[2026-04-27 00:24:34] epoch   13/300 | train=0.004023 | val=0.003960 | best=0.003960@13 | patience=0/30 | time=4.81s *
[2026-04-27 00:24:39] epoch   14/300 | train=0.003768 | val=0.003839 | best=0.003839@14 | patience=0/30 | time=4.84s *
[2026-04-27 00:24:44] epoch   15/300 | train=0.003664 | val=0.003867 | best=0.003839@14 | patience=1/30 | time=4.85s
[2026-04-27 00:24:50] epoch   16/300 | train=0.003588 | val=0.003751 | best=0.003751@16 | patience=0/30 | time=4.84s *
[2026-04-27 00:24:55] epoch   17/300 | train=0.003512 | val=0.003650 | best=0.003650@17 | patience=0/30 | time=4.81s *
[2026-04-27 00:25:01] epoch   18/300 | train=0.003415 | val=0.003640 | best=0.003640@18 | patience=0/30 | time=4.85s *
[2026-04-27 00:25:06] epoch   19/300 | train=0.003304 | val=0.003582 | best=0.003582@19 | patience=0/30 | time=4.85s *
[2026-04-27 00:25:12] epoch   20/300 | train=0.003206 | val=0.003569 | best=0.003569@20 | patience=0/30 | time=4.85s *
[2026-04-27 00:25:17] epoch   21/300 | train=0.003267 | val=0.003418 | best=0.003418@21 | patience=0/30 | time=4.82s *
[2026-04-27 00:25:22] epoch   22/300 | train=0.003205 | val=0.003732 | best=0.003418@21 | patience=1/30 | time=4.85s
[2026-04-27 00:25:27] epoch   23/300 | train=0.003140 | val=0.003839 | best=0.003418@21 | patience=2/30 | time=4.86s
[2026-04-27 00:25:33] epoch   24/300 | train=0.003086 | val=0.003254 | best=0.003254@24 | patience=0/30 | time=4.86s *
[2026-04-27 00:25:38] epoch   25/300 | train=0.003055 | val=0.003211 | best=0.003211@25 | patience=0/30 | time=4.82s *
[2026-04-27 00:25:43] epoch   26/300 | train=0.002964 | val=0.003331 | best=0.003211@25 | patience=1/30 | time=4.85s
[2026-04-27 00:25:48] epoch   27/300 | train=0.002938 | val=0.003074 | best=0.003074@27 | patience=0/30 | time=4.85s *
[2026-04-27 00:25:53] epoch   28/300 | train=0.002836 | val=0.003110 | best=0.003074@27 | patience=1/30 | time=4.83s
[2026-04-27 00:25:59] epoch   29/300 | train=0.002860 | val=0.003006 | best=0.003006@29 | patience=0/30 | time=4.81s *
[2026-04-27 00:26:04] epoch   30/300 | train=0.002800 | val=0.003042 | best=0.003006@29 | patience=1/30 | time=4.85s
[2026-04-27 00:26:09] epoch   31/300 | train=0.002767 | val=0.002913 | best=0.002913@31 | patience=0/30 | time=4.82s *
[2026-04-27 00:26:15] epoch   32/300 | train=0.002709 | val=0.002901 | best=0.002901@32 | patience=0/30 | time=4.88s *
[2026-04-27 00:26:20] epoch   33/300 | train=0.002716 | val=0.002976 | best=0.002901@32 | patience=1/30 | time=4.83s
[2026-04-27 00:26:25] epoch   34/300 | train=0.002675 | val=0.002883 | best=0.002883@34 | patience=0/30 | time=4.84s *
[2026-04-27 00:26:30] epoch   35/300 | train=0.002642 | val=0.003296 | best=0.002883@34 | patience=1/30 | time=4.82s
[2026-04-27 00:26:35] epoch   36/300 | train=0.002650 | val=0.003032 | best=0.002883@34 | patience=2/30 | time=4.88s
[2026-04-27 00:26:40] epoch   37/300 | train=0.002656 | val=0.003046 | best=0.002883@34 | patience=3/30 | time=4.83s
[2026-04-27 00:26:45] epoch   38/300 | train=0.002582 | val=0.003221 | best=0.002883@34 | patience=4/30 | time=4.85s
[2026-04-27 00:26:50] epoch   39/300 | train=0.002587 | val=0.003112 | best=0.002883@34 | patience=5/30 | time=4.81s
[2026-04-27 00:26:54] epoch   40/300 | train=0.002530 | val=0.003031 | best=0.002883@34 | patience=6/30 | time=4.88s
[2026-04-27 00:27:00] epoch   41/300 | train=0.002492 | val=0.002777 | best=0.002777@41 | patience=0/30 | time=4.83s *
[2026-04-27 00:27:05] epoch   42/300 | train=0.002503 | val=0.003017 | best=0.002777@41 | patience=1/30 | time=4.85s
[2026-04-27 00:27:10] epoch   43/300 | train=0.002505 | val=0.002800 | best=0.002777@41 | patience=2/30 | time=4.82s
[2026-04-27 00:27:15] epoch   44/300 | train=0.002469 | val=0.002764 | best=0.002764@44 | patience=0/30 | time=4.86s *
[2026-04-27 00:27:20] epoch   45/300 | train=0.002455 | val=0.005186 | best=0.002764@44 | patience=1/30 | time=4.83s
[2026-04-27 00:27:26] epoch   46/300 | train=0.002489 | val=0.002755 | best=0.002755@46 | patience=0/30 | time=4.82s *
[2026-04-27 00:27:31] epoch   47/300 | train=0.002447 | val=0.002799 | best=0.002755@46 | patience=1/30 | time=4.83s
[2026-04-27 00:27:35] epoch   48/300 | train=0.002447 | val=0.002795 | best=0.002755@46 | patience=2/30 | time=4.85s
[2026-04-27 00:27:41] epoch   49/300 | train=0.002401 | val=0.002682 | best=0.002682@49 | patience=0/30 | time=4.85s *
[2026-04-27 00:27:46] epoch   50/300 | train=0.002400 | val=0.002640 | best=0.002640@50 | patience=0/30 | time=4.81s *
[2026-04-27 00:27:51] epoch   51/300 | train=0.002340 | val=0.002994 | best=0.002640@50 | patience=1/30 | time=4.83s
[2026-04-27 00:27:56] epoch   52/300 | train=0.002347 | val=0.002683 | best=0.002640@50 | patience=2/30 | time=4.85s
[2026-04-27 00:28:02] epoch   53/300 | train=0.002342 | val=0.002594 | best=0.002594@53 | patience=0/30 | time=4.85s *
[2026-04-27 00:28:07] epoch   54/300 | train=0.002308 | val=0.002623 | best=0.002594@53 | patience=1/30 | time=4.85s
[2026-04-27 00:28:11] epoch   55/300 | train=0.002310 | val=0.002610 | best=0.002594@53 | patience=2/30 | time=4.85s
[2026-04-27 00:28:16] epoch   56/300 | train=0.002287 | val=0.002984 | best=0.002594@53 | patience=3/30 | time=4.86s
[2026-04-27 00:28:21] epoch   57/300 | train=0.002369 | val=0.002646 | best=0.002594@53 | patience=4/30 | time=4.85s
[2026-04-27 00:28:26] epoch   58/300 | train=0.002286 | val=0.002749 | best=0.002594@53 | patience=5/30 | time=4.81s
[2026-04-27 00:28:32] epoch   59/300 | train=0.002262 | val=0.002552 | best=0.002552@59 | patience=0/30 | time=4.85s *
[2026-04-27 00:28:37] epoch   60/300 | train=0.002219 | val=0.002495 | best=0.002495@60 | patience=0/30 | time=4.85s *
[2026-04-27 00:28:42] epoch   61/300 | train=0.002198 | val=0.002545 | best=0.002495@60 | patience=1/30 | time=4.86s
[2026-04-27 00:28:47] epoch   62/300 | train=0.002180 | val=0.002518 | best=0.002495@60 | patience=2/30 | time=4.82s
[2026-04-27 00:28:52] epoch   63/300 | train=0.002159 | val=0.002881 | best=0.002495@60 | patience=3/30 | time=4.85s
[2026-04-27 00:28:57] epoch   64/300 | train=0.002170 | val=0.002521 | best=0.002495@60 | patience=4/30 | time=4.86s
[2026-04-27 00:29:02] epoch   65/300 | train=0.002146 | val=0.002714 | best=0.002495@60 | patience=5/30 | time=4.85s
[2026-04-27 00:29:07] epoch   66/300 | train=0.002116 | val=0.002448 | best=0.002448@66 | patience=0/30 | time=4.81s *
[2026-04-27 00:29:12] epoch   67/300 | train=0.002105 | val=0.002522 | best=0.002448@66 | patience=1/30 | time=4.85s
[2026-04-27 00:29:17] epoch   68/300 | train=0.002091 | val=0.003032 | best=0.002448@66 | patience=2/30 | time=4.86s
[2026-04-27 00:29:22] epoch   69/300 | train=0.002092 | val=0.002685 | best=0.002448@66 | patience=3/30 | time=4.84s
[2026-04-27 00:29:27] epoch   70/300 | train=0.002073 | val=0.002405 | best=0.002405@70 | patience=0/30 | time=4.83s *
[2026-04-27 00:29:33] epoch   71/300 | train=0.002062 | val=0.002396 | best=0.002396@71 | patience=0/30 | time=4.85s *
[2026-04-27 00:29:38] epoch   72/300 | train=0.002027 | val=0.002477 | best=0.002396@71 | patience=1/30 | time=4.82s
[2026-04-27 00:29:42] epoch   73/300 | train=0.002064 | val=0.002643 | best=0.002396@71 | patience=2/30 | time=4.86s
[2026-04-27 00:29:47] epoch   74/300 | train=0.002012 | val=0.002454 | best=0.002396@71 | patience=3/30 | time=4.86s
[2026-04-27 00:29:52] epoch   75/300 | train=0.002006 | val=0.002429 | best=0.002396@71 | patience=4/30 | time=4.82s
[2026-04-27 00:29:57] epoch   76/300 | train=0.002014 | val=0.002654 | best=0.002396@71 | patience=5/30 | time=4.85s
[2026-04-27 00:30:02] epoch   77/300 | train=0.002022 | val=0.002421 | best=0.002396@71 | patience=6/30 | time=4.90s
[2026-04-27 00:30:07] epoch   78/300 | train=0.002020 | val=0.002896 | best=0.002396@71 | patience=7/30 | time=4.85s
[2026-04-27 00:30:12] epoch   79/300 | train=0.002008 | val=0.002387 | best=0.002387@79 | patience=0/30 | time=4.81s *
[2026-04-27 00:30:17] epoch   80/300 | train=0.001986 | val=0.002526 | best=0.002387@79 | patience=1/30 | time=4.84s
[2026-04-27 00:30:22] epoch   81/300 | train=0.001973 | val=0.002487 | best=0.002387@79 | patience=2/30 | time=4.85s
[2026-04-27 00:30:27] epoch   82/300 | train=0.001959 | val=0.002825 | best=0.002387@79 | patience=3/30 | time=4.83s
[2026-04-27 00:30:32] epoch   83/300 | train=0.001939 | val=0.002394 | best=0.002387@79 | patience=4/30 | time=4.83s
[2026-04-27 00:30:37] epoch   84/300 | train=0.001932 | val=0.002351 | best=0.002351@84 | patience=0/30 | time=4.84s *
[2026-04-27 00:30:42] epoch   85/300 | train=0.001947 | val=0.002484 | best=0.002351@84 | patience=1/30 | time=4.85s
[2026-04-27 00:30:47] epoch   86/300 | train=0.001931 | val=0.002364 | best=0.002351@84 | patience=2/30 | time=4.83s
[2026-04-27 00:30:52] epoch   87/300 | train=0.001902 | val=0.002833 | best=0.002351@84 | patience=3/30 | time=4.83s
[2026-04-27 00:30:57] epoch   88/300 | train=0.001960 | val=0.002351 | best=0.002351@84 | patience=4/30 | time=4.85s
[2026-04-27 00:31:02] epoch   89/300 | train=0.001914 | val=0.002657 | best=0.002351@84 | patience=5/30 | time=4.82s
[2026-04-27 00:31:07] epoch   90/300 | train=0.001885 | val=0.002399 | best=0.002351@84 | patience=6/30 | time=4.88s
[2026-04-27 00:31:12] epoch   91/300 | train=0.001911 | val=0.002713 | best=0.002351@84 | patience=7/30 | time=4.83s
[2026-04-27 00:31:17] epoch   92/300 | train=0.001883 | val=0.002344 | best=0.002344@92 | patience=0/30 | time=4.85s *
[2026-04-27 00:31:22] epoch   93/300 | train=0.001872 | val=0.002473 | best=0.002344@92 | patience=1/30 | time=4.81s
[2026-04-27 00:31:27] epoch   94/300 | train=0.001896 | val=0.002905 | best=0.002344@92 | patience=2/30 | time=4.88s
[2026-04-27 00:31:32] epoch   95/300 | train=0.001858 | val=0.003031 | best=0.002344@92 | patience=3/30 | time=4.83s
[2026-04-27 00:31:37] epoch   96/300 | train=0.001830 | val=0.002318 | best=0.002318@96 | patience=0/30 | time=4.85s *
[2026-04-27 00:31:42] epoch   97/300 | train=0.001818 | val=0.002619 | best=0.002318@96 | patience=1/30 | time=4.81s
[2026-04-27 00:31:47] epoch   98/300 | train=0.001840 | val=0.002326 | best=0.002318@96 | patience=2/30 | time=4.87s
[2026-04-27 00:31:52] epoch   99/300 | train=0.001853 | val=0.002327 | best=0.002318@96 | patience=3/30 | time=4.83s
[2026-04-27 00:31:57] epoch  100/300 | train=0.001827 | val=0.002292 | best=0.002292@100 | patience=0/30 | time=4.81s *
[2026-04-27 00:32:02] epoch  101/300 | train=0.001812 | val=0.002653 | best=0.002292@100 | patience=1/30 | time=4.85s
[2026-04-27 00:32:07] epoch  102/300 | train=0.001810 | val=0.002301 | best=0.002292@100 | patience=2/30 | time=4.81s
[2026-04-27 00:32:12] epoch  103/300 | train=0.001822 | val=0.002335 | best=0.002292@100 | patience=3/30 | time=4.88s
[2026-04-27 00:32:17] epoch  104/300 | train=0.001798 | val=0.002346 | best=0.002292@100 | patience=4/30 | time=4.83s
[2026-04-27 00:32:23] epoch  105/300 | train=0.001807 | val=0.002256 | best=0.002256@105 | patience=0/30 | time=4.84s *
[2026-04-27 00:32:27] epoch  106/300 | train=0.001753 | val=0.002771 | best=0.002256@105 | patience=1/30 | time=4.81s
[2026-04-27 00:32:32] epoch  107/300 | train=0.001753 | val=0.002315 | best=0.002256@105 | patience=2/30 | time=4.88s
[2026-04-27 00:32:37] epoch  108/300 | train=0.001737 | val=0.002895 | best=0.002256@105 | patience=3/30 | time=4.83s
[2026-04-27 00:32:42] epoch  109/300 | train=0.001742 | val=0.003331 | best=0.002256@105 | patience=4/30 | time=4.84s
[2026-04-27 00:32:47] epoch  110/300 | train=0.001756 | val=0.002512 | best=0.002256@105 | patience=5/30 | time=4.81s
[2026-04-27 00:32:52] epoch  111/300 | train=0.001754 | val=0.002257 | best=0.002256@105 | patience=6/30 | time=4.85s
[2026-04-27 00:32:57] epoch  112/300 | train=0.001737 | val=0.002274 | best=0.002256@105 | patience=7/30 | time=4.85s
[2026-04-27 00:33:02] epoch  113/300 | train=0.001733 | val=0.002271 | best=0.002256@105 | patience=8/30 | time=4.81s
[2026-04-27 00:33:06] epoch  114/300 | train=0.001701 | val=0.002513 | best=0.002256@105 | patience=9/30 | time=4.85s
[2026-04-27 00:33:11] epoch  115/300 | train=0.001725 | val=0.002570 | best=0.002256@105 | patience=10/30 | time=4.85s
[2026-04-27 00:33:16] epoch  116/300 | train=0.001714 | val=0.002299 | best=0.002256@105 | patience=11/30 | time=4.84s
[2026-04-27 00:33:21] epoch  117/300 | train=0.001678 | val=0.002500 | best=0.002256@105 | patience=12/30 | time=4.81s
[2026-04-27 00:33:26] epoch  118/300 | train=0.001674 | val=0.002416 | best=0.002256@105 | patience=13/30 | time=4.85s
[2026-04-27 00:33:31] epoch  119/300 | train=0.001690 | val=0.003292 | best=0.002256@105 | patience=14/30 | time=4.85s
[2026-04-27 00:33:36] epoch  120/300 | train=0.001685 | val=0.002352 | best=0.002256@105 | patience=15/30 | time=4.84s
[2026-04-27 00:33:41] epoch  121/300 | train=0.001702 | val=0.002638 | best=0.002256@105 | patience=16/30 | time=4.83s
[2026-04-27 00:33:45] epoch  122/300 | train=0.001689 | val=0.002266 | best=0.002256@105 | patience=17/30 | time=4.85s
[2026-04-27 00:33:50] epoch  123/300 | train=0.001665 | val=0.002413 | best=0.002256@105 | patience=18/30 | time=4.82s
[2026-04-27 00:33:55] epoch  124/300 | train=0.001633 | val=0.002260 | best=0.002256@105 | patience=19/30 | time=4.88s
[2026-04-27 00:34:00] epoch  125/300 | train=0.001648 | val=0.002304 | best=0.002256@105 | patience=20/30 | time=4.83s
[2026-04-27 00:34:05] epoch  126/300 | train=0.001641 | val=0.002378 | best=0.002256@105 | patience=21/30 | time=4.85s
[2026-04-27 00:34:10] epoch  127/300 | train=0.001672 | val=0.002629 | best=0.002256@105 | patience=22/30 | time=4.82s
[2026-04-27 00:34:15] epoch  128/300 | train=0.001644 | val=0.002874 | best=0.002256@105 | patience=23/30 | time=4.87s
[2026-04-27 00:34:20] epoch  129/300 | train=0.001650 | val=0.002503 | best=0.002256@105 | patience=24/30 | time=4.82s
[2026-04-27 00:34:24] epoch  130/300 | train=0.001627 | val=0.002261 | best=0.002256@105 | patience=25/30 | time=4.81s
[2026-04-27 00:34:30] epoch  131/300 | train=0.001614 | val=0.002195 | best=0.002195@131 | patience=0/30 | time=4.85s *
[2026-04-27 00:34:35] epoch  132/300 | train=0.001588 | val=0.002322 | best=0.002195@131 | patience=1/30 | time=4.86s
[2026-04-27 00:34:41] epoch  133/300 | train=0.001578 | val=0.002190 | best=0.002190@133 | patience=0/30 | time=4.85s *
[2026-04-27 00:34:45] epoch  134/300 | train=0.001577 | val=0.002260 | best=0.002190@133 | patience=1/30 | time=4.81s
[2026-04-27 00:34:50] epoch  135/300 | train=0.001560 | val=0.002216 | best=0.002190@133 | patience=2/30 | time=4.85s
[2026-04-27 00:34:55] epoch  136/300 | train=0.001574 | val=0.002228 | best=0.002190@133 | patience=3/30 | time=4.85s
[2026-04-27 00:35:00] epoch  137/300 | train=0.001591 | val=0.002344 | best=0.002190@133 | patience=4/30 | time=4.85s
[2026-04-27 00:35:05] epoch  138/300 | train=0.001568 | val=0.002402 | best=0.002190@133 | patience=5/30 | time=4.82s
[2026-04-27 00:35:10] epoch  139/300 | train=0.001552 | val=0.002174 | best=0.002174@139 | patience=0/30 | time=4.85s *
[2026-04-27 00:35:15] epoch  140/300 | train=0.001541 | val=0.002661 | best=0.002174@139 | patience=1/30 | time=4.86s
[2026-04-27 00:35:20] epoch  141/300 | train=0.001541 | val=0.003025 | best=0.002174@139 | patience=2/30 | time=4.85s
[2026-04-27 00:35:25] epoch  142/300 | train=0.001584 | val=0.007505 | best=0.002174@139 | patience=3/30 | time=4.81s
[2026-04-27 00:35:30] epoch  143/300 | train=0.001714 | val=0.002605 | best=0.002174@139 | patience=4/30 | time=4.84s
[2026-04-27 00:35:35] epoch  144/300 | train=0.001580 | val=0.002188 | best=0.002174@139 | patience=5/30 | time=4.86s
[2026-04-27 00:35:40] epoch  145/300 | train=0.001525 | val=0.002133 | best=0.002133@145 | patience=0/30 | time=4.84s *
[2026-04-27 00:35:45] epoch  146/300 | train=0.001496 | val=0.002175 | best=0.002133@145 | patience=1/30 | time=4.83s
[2026-04-27 00:35:50] epoch  147/300 | train=0.001502 | val=0.002609 | best=0.002133@145 | patience=2/30 | time=4.84s
[2026-04-27 00:35:55] epoch  148/300 | train=0.001580 | val=0.002224 | best=0.002133@145 | patience=3/30 | time=4.86s
[2026-04-27 00:36:00] epoch  149/300 | train=0.001539 | val=0.002664 | best=0.002133@145 | patience=4/30 | time=4.83s
[2026-04-27 00:36:05] epoch  150/300 | train=0.001530 | val=0.002314 | best=0.002133@145 | patience=5/30 | time=4.83s
[2026-04-27 00:36:10] epoch  151/300 | train=0.001497 | val=0.002188 | best=0.002133@145 | patience=6/30 | time=4.85s
[2026-04-27 00:36:15] epoch  152/300 | train=0.001496 | val=0.002146 | best=0.002133@145 | patience=7/30 | time=4.82s
[2026-04-27 00:36:19] epoch  153/300 | train=0.001471 | val=0.002658 | best=0.002133@145 | patience=8/30 | time=4.88s
[2026-04-27 00:36:24] epoch  154/300 | train=0.001483 | val=0.002223 | best=0.002133@145 | patience=9/30 | time=4.83s
[2026-04-27 00:36:29] epoch  155/300 | train=0.001452 | val=0.002152 | best=0.002133@145 | patience=10/30 | time=4.85s
[2026-04-27 00:36:34] epoch  156/300 | train=0.001442 | val=0.002608 | best=0.002133@145 | patience=11/30 | time=4.82s
[2026-04-27 00:36:39] epoch  157/300 | train=0.001469 | val=0.002325 | best=0.002133@145 | patience=12/30 | time=4.87s
[2026-04-27 00:36:44] epoch  158/300 | train=0.001438 | val=0.002129 | best=0.002129@158 | patience=0/30 | time=4.82s *
[2026-04-27 00:36:49] epoch  159/300 | train=0.001413 | val=0.002279 | best=0.002129@158 | patience=1/30 | time=4.84s
[2026-04-27 00:36:54] epoch  160/300 | train=0.001413 | val=0.002195 | best=0.002129@158 | patience=2/30 | time=4.82s
[2026-04-27 00:37:00] epoch  161/300 | train=0.001423 | val=0.002118 | best=0.002118@161 | patience=0/30 | time=4.90s *
[2026-04-27 00:37:05] epoch  162/300 | train=0.001427 | val=0.002275 | best=0.002118@161 | patience=1/30 | time=4.83s
[2026-04-27 00:37:10] epoch  163/300 | train=0.001439 | val=0.002185 | best=0.002118@161 | patience=2/30 | time=4.85s
[2026-04-27 00:37:14] epoch  164/300 | train=0.001412 | val=0.002212 | best=0.002118@161 | patience=3/30 | time=4.85s
[2026-04-27 00:37:19] epoch  165/300 | train=0.001417 | val=0.002529 | best=0.002118@161 | patience=4/30 | time=4.85s
[2026-04-27 00:37:24] epoch  166/300 | train=0.001417 | val=0.002274 | best=0.002118@161 | patience=5/30 | time=4.85s
[2026-04-27 00:37:29] epoch  167/300 | train=0.001388 | val=0.002320 | best=0.002118@161 | patience=6/30 | time=4.81s
[2026-04-27 00:37:34] epoch  168/300 | train=0.001398 | val=0.002130 | best=0.002118@161 | patience=7/30 | time=4.85s
[2026-04-27 00:37:39] epoch  169/300 | train=0.001364 | val=0.002321 | best=0.002118@161 | patience=8/30 | time=4.86s
[2026-04-27 00:37:44] epoch  170/300 | train=0.001395 | val=0.002214 | best=0.002118@161 | patience=9/30 | time=4.83s
[2026-04-27 00:37:49] epoch  171/300 | train=0.001396 | val=0.002328 | best=0.002118@161 | patience=10/30 | time=4.83s
[2026-04-27 00:37:53] epoch  172/300 | train=0.001398 | val=0.002253 | best=0.002118@161 | patience=11/30 | time=4.85s
[2026-04-27 00:37:58] epoch  173/300 | train=0.001404 | val=0.002186 | best=0.002118@161 | patience=12/30 | time=4.86s
[2026-04-27 00:38:03] epoch  174/300 | train=0.001364 | val=0.002295 | best=0.002118@161 | patience=13/30 | time=4.84s
[2026-04-27 00:38:08] epoch  175/300 | train=0.001389 | val=0.002147 | best=0.002118@161 | patience=14/30 | time=4.83s
[2026-04-27 00:38:13] epoch  176/300 | train=0.001372 | val=0.002293 | best=0.002118@161 | patience=15/30 | time=4.85s
[2026-04-27 00:38:18] epoch  177/300 | train=0.001388 | val=0.002808 | best=0.002118@161 | patience=16/30 | time=4.81s
[2026-04-27 00:38:23] epoch  178/300 | train=0.001413 | val=0.002444 | best=0.002118@161 | patience=17/30 | time=4.88s
[2026-04-27 00:38:28] epoch  179/300 | train=0.001368 | val=0.003373 | best=0.002118@161 | patience=18/30 | time=4.83s
[2026-04-27 00:38:32] epoch  180/300 | train=0.001375 | val=0.002577 | best=0.002118@161 | patience=19/30 | time=4.84s
[2026-04-27 00:38:37] epoch  181/300 | train=0.001356 | val=0.002129 | best=0.002118@161 | patience=20/30 | time=4.81s
[2026-04-27 00:38:42] epoch  182/300 | train=0.001319 | val=0.002175 | best=0.002118@161 | patience=21/30 | time=4.86s
[2026-04-27 00:38:47] epoch  183/300 | train=0.001317 | val=0.002613 | best=0.002118@161 | patience=22/30 | time=4.85s
[2026-04-27 00:38:52] epoch  184/300 | train=0.001326 | val=0.002176 | best=0.002118@161 | patience=23/30 | time=4.82s
[2026-04-27 00:38:57] epoch  185/300 | train=0.001311 | val=0.002722 | best=0.002118@161 | patience=24/30 | time=4.85s
[2026-04-27 00:39:02] epoch  186/300 | train=0.001343 | val=0.002124 | best=0.002118@161 | patience=25/30 | time=4.86s
[2026-04-27 00:39:07] epoch  187/300 | train=0.001324 | val=0.002095 | best=0.002095@187 | patience=0/30 | time=4.85s *
[2026-04-27 00:39:12] epoch  188/300 | train=0.001325 | val=0.002431 | best=0.002095@187 | patience=1/30 | time=4.81s
[2026-04-27 00:39:17] epoch  189/300 | train=0.001322 | val=0.002133 | best=0.002095@187 | patience=2/30 | time=4.85s
[2026-04-27 00:39:22] epoch  190/300 | train=0.001292 | val=0.002157 | best=0.002095@187 | patience=3/30 | time=4.86s
[2026-04-27 00:39:27] epoch  191/300 | train=0.001277 | val=0.002200 | best=0.002095@187 | patience=4/30 | time=4.83s
[2026-04-27 00:39:32] epoch  192/300 | train=0.001353 | val=0.002158 | best=0.002095@187 | patience=5/30 | time=4.83s
[2026-04-27 00:39:37] epoch  193/300 | train=0.001313 | val=0.002192 | best=0.002095@187 | patience=6/30 | time=4.84s
[2026-04-27 00:39:41] epoch  194/300 | train=0.001287 | val=0.002363 | best=0.002095@187 | patience=7/30 | time=4.86s
[2026-04-27 00:39:46] epoch  195/300 | train=0.001273 | val=0.002102 | best=0.002095@187 | patience=8/30 | time=4.83s
[2026-04-27 00:39:51] epoch  196/300 | train=0.001276 | val=0.002286 | best=0.002095@187 | patience=9/30 | time=4.83s
[2026-04-27 00:39:56] epoch  197/300 | train=0.001289 | val=0.002818 | best=0.002095@187 | patience=10/30 | time=4.84s
[2026-04-27 00:40:01] epoch  198/300 | train=0.001302 | val=0.002129 | best=0.002095@187 | patience=11/30 | time=4.82s
[2026-04-27 00:40:06] epoch  199/300 | train=0.001299 | val=0.002435 | best=0.002095@187 | patience=12/30 | time=4.87s
[2026-04-27 00:40:11] epoch  200/300 | train=0.001275 | val=0.002126 | best=0.002095@187 | patience=13/30 | time=4.83s
[2026-04-27 00:40:16] epoch  201/300 | train=0.001260 | val=0.002157 | best=0.002095@187 | patience=14/30 | time=4.85s
[2026-04-27 00:40:20] epoch  202/300 | train=0.001240 | val=0.002227 | best=0.002095@187 | patience=15/30 | time=4.81s
[2026-04-27 00:40:25] epoch  203/300 | train=0.001254 | val=0.002159 | best=0.002095@187 | patience=16/30 | time=4.86s
[2026-04-27 00:40:30] epoch  204/300 | train=0.001253 | val=0.002297 | best=0.002095@187 | patience=17/30 | time=4.85s
[2026-04-27 00:40:35] epoch  205/300 | train=0.001247 | val=0.002407 | best=0.002095@187 | patience=18/30 | time=4.81s
[2026-04-27 00:40:40] epoch  206/300 | train=0.001259 | val=0.002208 | best=0.002095@187 | patience=19/30 | time=4.85s
[2026-04-27 00:40:45] epoch  207/300 | train=0.001258 | val=0.004380 | best=0.002095@187 | patience=20/30 | time=4.86s
[2026-04-27 00:40:50] epoch  208/300 | train=0.001346 | val=0.002180 | best=0.002095@187 | patience=21/30 | time=4.85s
[2026-04-27 00:40:55] epoch  209/300 | train=0.001269 | val=0.002524 | best=0.002095@187 | patience=22/30 | time=4.81s
[2026-04-27 00:40:59] epoch  210/300 | train=0.001268 | val=0.002226 | best=0.002095@187 | patience=23/30 | time=4.84s
[2026-04-27 00:41:04] epoch  211/300 | train=0.001283 | val=0.002534 | best=0.002095@187 | patience=24/30 | time=4.85s
[2026-04-27 00:41:09] epoch  212/300 | train=0.001264 | val=0.002640 | best=0.002095@187 | patience=25/30 | time=4.84s
[2026-04-27 00:41:14] epoch  213/300 | train=0.001270 | val=0.002190 | best=0.002095@187 | patience=26/30 | time=4.83s
[2026-04-27 00:41:19] epoch  214/300 | train=0.001265 | val=0.002128 | best=0.002095@187 | patience=27/30 | time=4.85s
[2026-04-27 00:41:24] epoch  215/300 | train=0.001260 | val=0.002177 | best=0.002095@187 | patience=28/30 | time=4.86s
[2026-04-27 00:41:29] epoch  216/300 | train=0.001223 | val=0.002143 | best=0.002095@187 | patience=29/30 | time=4.83s
[2026-04-27 00:41:34] epoch  217/300 | train=0.001187 | val=0.002152 | best=0.002095@187 | patience=30/30 | time=4.83s
[2026-04-27 00:41:34]   early stopping at epoch 217 (no improvement for 30 epochs)
[2026-04-27 00:41:34] Training done: stop_reason=early_stop, total_epochs=217, best_epoch=187, best_val=0.002095
[2026-04-27 00:41:34] Reloading best checkpoint (epoch 187) for evaluation
[2026-04-27 00:41:40] ------------------------------------------------------------
[2026-04-27 00:41:40] Evaluation:
[2026-04-27 00:41:40]   AUC broken_lcfs         : 0.5655
[2026-04-27 00:41:40]   AUC bad_black_core      : 0.9986
[2026-04-27 00:41:40]   AUC bad_nonconverged    : 0.9993
[2026-04-27 00:41:40]   objective      : 0.8256
[2026-04-27 00:41:40]   floor_ok       : True
[2026-04-27 00:41:40]   threshold      : 0.1952
[2026-04-27 00:41:40]   mu / sigma     : 0.00132314 / 0.000318034
[2026-04-27 00:41:40] Train time=1209.3s, eval time=5.9s
