[2026-04-27 10:56:50] ============================================================
[2026-04-27 10:56:50] Trial 168 starting on cuda:0
[2026-04-27 10:56:50] Timestamp: 2026-04-27T10:56:50.920554
[2026-04-27 10:56:50] --- Config summary ---
  bottleneck_dim  : 212
  n_enc_layers    : 2
  n_dec_layers    : 3
  base_channels   : 64
  growth_factor   : 2.240625637722046
  use_batchnorm   : False
  use_hpf         : True
  hpf_sigma       : 1.0457981437610635
  lr              : 0.0014524632786773952
  batch_size      : 16
  max_epochs      : 300
  patience        : 30
  seed            : 42
  deterministic   : False
  trial_num       : 168
[2026-04-27 10:56:50] Loading train/val/selection splits...
[2026-04-27 10:57:50] Splits loaded in 60.1s: n_train=722, n_val=120, n_selection=405
[2026-04-27 10:58:03] --- Architecture summary ---
  channels per enc layer : [64, 143]
  final spatial size     : 64x64
  flat size before latent: 585728
  bottleneck_dim         : 212
  total parameters       : 249,726,668
[2026-04-27 10:58:03] Starting training: n_train=722, n_val=120, device=cuda:0
[2026-04-27 10:59:24] epoch    1/300 | train=0.004149 | val=0.003057 | best=0.003057@1 | patience=0/30 | time=72.69s *
[2026-04-27 10:59:41] epoch    2/300 | train=0.002790 | val=0.002599 | best=0.002599@2 | patience=0/30 | time=6.49s *
[2026-04-27 10:59:55] epoch    3/300 | train=0.002356 | val=0.002145 | best=0.002145@3 | patience=0/30 | time=6.20s *
[2026-04-27 11:00:10] epoch    4/300 | train=0.002043 | val=0.001950 | best=0.001950@4 | patience=0/30 | time=6.34s *
[2026-04-27 11:00:31] epoch    5/300 | train=0.001901 | val=0.001816 | best=0.001816@5 | patience=0/30 | time=13.33s *
[2026-04-27 11:00:44] epoch    6/300 | train=0.001767 | val=0.001681 | best=0.001681@6 | patience=0/30 | time=6.23s *
[2026-04-27 11:00:59] epoch    7/300 | train=0.001660 | val=0.001605 | best=0.001605@7 | patience=0/30 | time=7.07s *
[2026-04-27 11:01:13] epoch    8/300 | train=0.001609 | val=0.001585 | best=0.001585@8 | patience=0/30 | time=6.31s *
[2026-04-27 11:01:31] epoch    9/300 | train=0.001582 | val=0.001540 | best=0.001540@9 | patience=0/30 | time=9.96s *
[2026-04-27 11:01:45] epoch   10/300 | train=0.001562 | val=0.001520 | best=0.001520@10 | patience=0/30 | time=6.73s *
[2026-04-27 11:02:00] epoch   11/300 | train=0.001553 | val=0.001517 | best=0.001517@11 | patience=0/30 | time=7.01s *
[2026-04-27 11:02:06] epoch   12/300 | train=0.001540 | val=0.001518 | best=0.001517@11 | patience=1/30 | time=6.31s
[2026-04-27 11:02:21] epoch   13/300 | train=0.001539 | val=0.001511 | best=0.001511@13 | patience=0/30 | time=6.64s *
[2026-04-27 11:02:34] epoch   14/300 | train=0.001537 | val=0.001484 | best=0.001484@14 | patience=0/30 | time=6.23s *
[2026-04-27 11:02:41] epoch   15/300 | train=0.001522 | val=0.001489 | best=0.001484@14 | patience=1/30 | time=6.39s
[2026-04-27 11:02:55] epoch   16/300 | train=0.001533 | val=0.001478 | best=0.001478@16 | patience=0/30 | time=6.66s *
[2026-04-27 11:03:09] epoch   17/300 | train=0.001513 | val=0.001474 | best=0.001474@17 | patience=0/30 | time=6.22s *
[2026-04-27 11:03:16] epoch   18/300 | train=0.001509 | val=0.001481 | best=0.001474@17 | patience=1/30 | time=6.31s
[2026-04-27 11:03:25] epoch   19/300 | train=0.001505 | val=0.001478 | best=0.001474@17 | patience=2/30 | time=9.10s
[2026-04-27 11:03:31] epoch   20/300 | train=0.001510 | val=0.001514 | best=0.001474@17 | patience=3/30 | time=6.33s
[2026-04-27 11:03:45] epoch   21/300 | train=0.001508 | val=0.001466 | best=0.001466@21 | patience=0/30 | time=6.21s *
[2026-04-27 11:04:03] epoch   22/300 | train=0.001499 | val=0.001455 | best=0.001455@22 | patience=0/30 | time=6.46s *
[2026-04-27 11:04:10] epoch   23/300 | train=0.001498 | val=0.001487 | best=0.001455@22 | patience=1/30 | time=6.22s
[2026-04-27 11:04:17] epoch   24/300 | train=0.001496 | val=0.001482 | best=0.001455@22 | patience=2/30 | time=6.78s
[2026-04-27 11:04:23] epoch   25/300 | train=0.001503 | val=0.001465 | best=0.001455@22 | patience=3/30 | time=6.36s
[2026-04-27 11:04:33] epoch   26/300 | train=0.001492 | val=0.001495 | best=0.001455@22 | patience=4/30 | time=10.21s
[2026-04-27 11:04:40] epoch   27/300 | train=0.001498 | val=0.001474 | best=0.001455@22 | patience=5/30 | time=6.23s
[2026-04-27 11:04:47] epoch   28/300 | train=0.001500 | val=0.001465 | best=0.001455@22 | patience=6/30 | time=6.79s
[2026-04-27 11:04:53] epoch   29/300 | train=0.001498 | val=0.001463 | best=0.001455@22 | patience=7/30 | time=6.43s
[2026-04-27 11:05:10] epoch   30/300 | train=0.001493 | val=0.001451 | best=0.001451@30 | patience=0/30 | time=9.26s *
[2026-04-27 11:05:16] epoch   31/300 | train=0.001501 | val=0.001458 | best=0.001451@30 | patience=1/30 | time=6.27s
[2026-04-27 11:05:22] epoch   32/300 | train=0.001498 | val=0.001456 | best=0.001451@30 | patience=2/30 | time=6.26s
[2026-04-27 11:05:29] epoch   33/300 | train=0.001496 | val=0.001459 | best=0.001451@30 | patience=3/30 | time=6.64s
[2026-04-27 11:05:35] epoch   34/300 | train=0.001493 | val=0.001455 | best=0.001451@30 | patience=4/30 | time=6.23s
[2026-04-27 11:05:42] epoch   35/300 | train=0.001491 | val=0.001458 | best=0.001451@30 | patience=5/30 | time=6.28s
[2026-04-27 11:05:48] epoch   36/300 | train=0.001491 | val=0.001455 | best=0.001451@30 | patience=6/30 | time=6.27s
[2026-04-27 11:06:02] epoch   37/300 | train=0.001502 | val=0.001445 | best=0.001445@37 | patience=0/30 | time=6.52s *
[2026-04-27 11:06:09] epoch   38/300 | train=0.001487 | val=0.001485 | best=0.001445@37 | patience=1/30 | time=6.23s
[2026-04-27 11:06:15] epoch   39/300 | train=0.001491 | val=0.001461 | best=0.001445@37 | patience=2/30 | time=6.67s
[2026-04-27 11:06:22] epoch   40/300 | train=0.001494 | val=0.001453 | best=0.001445@37 | patience=3/30 | time=6.36s
[2026-04-27 11:06:29] epoch   41/300 | train=0.001487 | val=0.001457 | best=0.001445@37 | patience=4/30 | time=6.73s
[2026-04-27 11:06:36] epoch   42/300 | train=0.001490 | val=0.001448 | best=0.001445@37 | patience=5/30 | time=7.27s
[2026-04-27 11:06:43] epoch   43/300 | train=0.001490 | val=0.001456 | best=0.001445@37 | patience=6/30 | time=6.76s
[2026-04-27 11:06:50] epoch   44/300 | train=0.001489 | val=0.001450 | best=0.001445@37 | patience=7/30 | time=6.39s
[2026-04-27 11:06:56] epoch   45/300 | train=0.001489 | val=0.001498 | best=0.001445@37 | patience=8/30 | time=6.38s
[2026-04-27 11:07:06] epoch   46/300 | train=0.001495 | val=0.001483 | best=0.001445@37 | patience=9/30 | time=10.23s
[2026-04-27 11:07:13] epoch   47/300 | train=0.001492 | val=0.001474 | best=0.001445@37 | patience=10/30 | time=6.21s
[2026-04-27 11:07:20] epoch   48/300 | train=0.001492 | val=0.001453 | best=0.001445@37 | patience=11/30 | time=6.79s
[2026-04-27 11:07:26] epoch   49/300 | train=0.001483 | val=0.001449 | best=0.001445@37 | patience=12/30 | time=6.37s
[2026-04-27 11:07:36] epoch   50/300 | train=0.001486 | val=0.001450 | best=0.001445@37 | patience=13/30 | time=10.09s
[2026-04-27 11:07:36]   pruned at epoch 50
[2026-04-27 11:07:36] Training done: stop_reason=pruned, total_epochs=50, best_epoch=37, best_val=0.001445
[2026-04-27 11:07:36] Reloading best checkpoint (epoch 37) for evaluation
[2026-04-27 11:07:50] ------------------------------------------------------------
[2026-04-27 11:07:50] Evaluation:
[2026-04-27 11:07:50]   AUC broken_lcfs         : 0.4760
[2026-04-27 11:07:50]   AUC bad_black_core      : 0.9836
[2026-04-27 11:07:50]   AUC bad_nonconverged    : 0.9360
[2026-04-27 11:07:50]   objective      : 0.7663
[2026-04-27 11:07:50]   floor_ok       : True
[2026-04-27 11:07:50]   threshold      : 0.0575
[2026-04-27 11:07:50]   mu / sigma     : 0.00148271 / 0.00047875
[2026-04-27 11:07:50] Train time=572.9s, eval time=6.7s
