[2026-04-26 23:51:59] ============================================================
[2026-04-26 23:51:59] Trial 0 starting on cuda:0
[2026-04-26 23:51:59] Timestamp: 2026-04-26T23:51:59.862720
[2026-04-26 23:51:59] --- Config summary ---
  bottleneck_dim  : 223
  n_enc_layers    : 3
  n_dec_layers    : 2
  base_channels   : 9
  growth_factor   : 2.5394681375214825
  use_batchnorm   : True
  use_hpf         : False
  hpf_sigma       : 3.0
  lr              : 0.0007601204294125417
  batch_size      : 8
  max_epochs      : 300
  patience        : 30
  seed            : 42
  deterministic   : False
  trial_num       : 0
[2026-04-26 23:51:59] Loading train/val/selection splits...
[2026-04-26 23:53:01] Splits loaded in 61.1s: n_train=722, n_val=120, n_selection=405
[2026-04-26 23:53:02] --- Architecture summary ---
  channels per enc layer : [9, 23, 58]
  final spatial size     : 32x32
  flat size before latent: 59392
  bottleneck_dim         : 223
  total parameters       : 26,643,128
[2026-04-26 23:53:10] Starting training: n_train=722, n_val=120, device=cuda:0
[2026-04-26 23:54:39] epoch    1/300 | train=0.021743 | val=0.011353 | best=0.011353@1 | patience=0/30 | time=88.30s *
[2026-04-26 23:54:44] epoch    2/300 | train=0.010378 | val=0.008883 | best=0.008883@2 | patience=0/30 | time=3.27s *
[2026-04-26 23:54:48] epoch    3/300 | train=0.008759 | val=0.008378 | best=0.008378@3 | patience=0/30 | time=3.14s *
[2026-04-26 23:54:51] epoch    4/300 | train=0.007974 | val=0.007911 | best=0.007911@4 | patience=0/30 | time=3.08s *
[2026-04-26 23:54:55] epoch    5/300 | train=0.007482 | val=0.006988 | best=0.006988@5 | patience=0/30 | time=3.08s *
[2026-04-26 23:54:59] epoch    6/300 | train=0.006760 | val=0.006615 | best=0.006615@6 | patience=0/30 | time=3.07s *
[2026-04-26 23:55:02] epoch    7/300 | train=0.006252 | val=0.006648 | best=0.006615@6 | patience=1/30 | time=3.07s
[2026-04-26 23:55:06] epoch    8/300 | train=0.005700 | val=0.006262 | best=0.006262@8 | patience=0/30 | time=3.09s *
[2026-04-26 23:55:10] epoch    9/300 | train=0.005061 | val=0.005909 | best=0.005909@9 | patience=0/30 | time=3.09s *
[2026-04-26 23:55:15] epoch   10/300 | train=0.004551 | val=0.004532 | best=0.004532@10 | patience=0/30 | time=3.08s *
[2026-04-26 23:55:18] epoch   11/300 | train=0.004124 | val=0.004008 | best=0.004008@11 | patience=0/30 | time=3.09s *
[2026-04-26 23:55:22] epoch   12/300 | train=0.003801 | val=0.003804 | best=0.003804@12 | patience=0/30 | time=3.15s *
[2026-04-26 23:55:26] epoch   13/300 | train=0.003618 | val=0.003470 | best=0.003470@13 | patience=0/30 | time=3.07s *
[2026-04-26 23:55:30] epoch   14/300 | train=0.003529 | val=0.003252 | best=0.003252@14 | patience=0/30 | time=3.07s *
[2026-04-26 23:55:33] epoch   15/300 | train=0.003316 | val=0.003426 | best=0.003252@14 | patience=1/30 | time=3.08s
[2026-04-26 23:55:37] epoch   16/300 | train=0.003308 | val=0.003154 | best=0.003154@16 | patience=0/30 | time=3.08s *
[2026-04-26 23:55:41] epoch   17/300 | train=0.003103 | val=0.003094 | best=0.003094@17 | patience=0/30 | time=2.97s *
[2026-04-26 23:55:45] epoch   18/300 | train=0.003038 | val=0.003039 | best=0.003039@18 | patience=0/30 | time=2.99s *
[2026-04-26 23:55:49] epoch   19/300 | train=0.002844 | val=0.002918 | best=0.002918@19 | patience=0/30 | time=3.25s *
[2026-04-26 23:55:52] epoch   20/300 | train=0.002807 | val=0.002998 | best=0.002918@19 | patience=1/30 | time=3.07s
[2026-04-26 23:55:56] epoch   21/300 | train=0.002975 | val=0.002846 | best=0.002846@21 | patience=0/30 | time=3.14s *
[2026-04-26 23:56:00] epoch   22/300 | train=0.002771 | val=0.002795 | best=0.002795@22 | patience=0/30 | time=3.05s *
[2026-04-26 23:56:03] epoch   23/300 | train=0.002730 | val=0.003018 | best=0.002795@22 | patience=1/30 | time=2.97s
[2026-04-26 23:56:07] epoch   24/300 | train=0.002660 | val=0.002691 | best=0.002691@24 | patience=0/30 | time=2.98s *
[2026-04-26 23:56:11] epoch   25/300 | train=0.002622 | val=0.002640 | best=0.002640@25 | patience=0/30 | time=3.00s *
[2026-04-26 23:56:14] epoch   26/300 | train=0.002620 | val=0.002971 | best=0.002640@25 | patience=1/30 | time=3.07s
[2026-04-26 23:56:18] epoch   27/300 | train=0.002513 | val=0.002574 | best=0.002574@27 | patience=0/30 | time=3.09s *
[2026-04-26 23:56:23] epoch   28/300 | train=0.002399 | val=0.002569 | best=0.002569@28 | patience=0/30 | time=3.26s *
[2026-04-26 23:56:26] epoch   29/300 | train=0.002377 | val=0.002579 | best=0.002569@28 | patience=1/30 | time=2.99s
[2026-04-26 23:56:29] epoch   30/300 | train=0.002456 | val=0.002645 | best=0.002569@28 | patience=2/30 | time=3.04s
[2026-04-26 23:56:33] epoch   31/300 | train=0.002456 | val=0.002546 | best=0.002546@31 | patience=0/30 | time=3.01s *
[2026-04-26 23:56:36] epoch   32/300 | train=0.002744 | val=0.002847 | best=0.002546@31 | patience=1/30 | time=3.01s
[2026-04-26 23:56:39] epoch   33/300 | train=0.002423 | val=0.002592 | best=0.002546@31 | patience=2/30 | time=2.98s
[2026-04-26 23:56:43] epoch   34/300 | train=0.002393 | val=0.002511 | best=0.002511@34 | patience=0/30 | time=2.98s *
[2026-04-26 23:56:47] epoch   35/300 | train=0.002249 | val=0.002460 | best=0.002460@35 | patience=0/30 | time=3.08s *
[2026-04-26 23:56:50] epoch   36/300 | train=0.002209 | val=0.002472 | best=0.002460@35 | patience=1/30 | time=2.99s
[2026-04-26 23:56:54] epoch   37/300 | train=0.002161 | val=0.002400 | best=0.002400@37 | patience=0/30 | time=2.97s *
[2026-04-26 23:56:57] epoch   38/300 | train=0.002164 | val=0.018786 | best=0.002400@37 | patience=1/30 | time=3.26s
[2026-04-26 23:57:00] epoch   39/300 | train=0.004110 | val=0.003600 | best=0.002400@37 | patience=2/30 | time=3.00s
[2026-04-26 23:57:03] epoch   40/300 | train=0.002625 | val=0.002733 | best=0.002400@37 | patience=3/30 | time=3.06s
[2026-04-26 23:57:06] epoch   41/300 | train=0.002305 | val=0.002622 | best=0.002400@37 | patience=4/30 | time=2.98s
[2026-04-26 23:57:09] epoch   42/300 | train=0.002263 | val=0.002465 | best=0.002400@37 | patience=5/30 | time=2.98s
[2026-04-26 23:57:12] epoch   43/300 | train=0.002168 | val=0.002483 | best=0.002400@37 | patience=6/30 | time=3.01s
[2026-04-26 23:57:15] epoch   44/300 | train=0.002114 | val=0.002431 | best=0.002400@37 | patience=7/30 | time=2.98s
[2026-04-26 23:57:18] epoch   45/300 | train=0.002064 | val=0.003667 | best=0.002400@37 | patience=8/30 | time=3.00s
[2026-04-26 23:57:22] epoch   46/300 | train=0.003300 | val=0.002632 | best=0.002400@37 | patience=9/30 | time=2.98s
[2026-04-26 23:57:25] epoch   47/300 | train=0.002250 | val=0.002516 | best=0.002400@37 | patience=10/30 | time=3.02s
[2026-04-26 23:57:28] epoch   48/300 | train=0.002111 | val=0.002418 | best=0.002400@37 | patience=11/30 | time=2.98s
[2026-04-26 23:57:32] epoch   49/300 | train=0.001994 | val=0.002297 | best=0.002297@49 | patience=0/30 | time=3.16s *
[2026-04-26 23:57:35] epoch   50/300 | train=0.002004 | val=0.002299 | best=0.002297@49 | patience=1/30 | time=2.98s
[2026-04-26 23:57:39] epoch   51/300 | train=0.001951 | val=0.002280 | best=0.002280@51 | patience=0/30 | time=3.04s *
[2026-04-26 23:57:42] epoch   52/300 | train=0.001930 | val=0.002287 | best=0.002280@51 | patience=1/30 | time=2.99s
[2026-04-26 23:57:46] epoch   53/300 | train=0.001907 | val=0.002261 | best=0.002261@53 | patience=0/30 | time=2.98s *
[2026-04-26 23:57:49] epoch   54/300 | train=0.001909 | val=0.002304 | best=0.002261@53 | patience=1/30 | time=2.99s
[2026-04-26 23:57:53] epoch   55/300 | train=0.001878 | val=0.002256 | best=0.002256@55 | patience=0/30 | time=3.00s *
[2026-04-26 23:57:56] epoch   56/300 | train=0.001884 | val=0.002246 | best=0.002246@56 | patience=0/30 | time=2.91s *
[2026-04-26 23:58:00] epoch   57/300 | train=0.001816 | val=0.002258 | best=0.002246@56 | patience=1/30 | time=3.03s
[2026-04-26 23:58:04] epoch   58/300 | train=0.001815 | val=0.002233 | best=0.002233@58 | patience=0/30 | time=3.26s *
[2026-04-26 23:58:07] epoch   59/300 | train=0.001792 | val=0.002245 | best=0.002233@58 | patience=1/30 | time=3.09s
[2026-04-26 23:58:10] epoch   60/300 | train=0.001769 | val=0.002233 | best=0.002233@58 | patience=2/30 | time=3.15s
[2026-04-26 23:58:13] epoch   61/300 | train=0.001808 | val=0.002260 | best=0.002233@58 | patience=3/30 | time=3.08s
[2026-04-26 23:58:17] epoch   62/300 | train=0.001834 | val=0.002300 | best=0.002233@58 | patience=4/30 | time=3.09s
[2026-04-26 23:58:21] epoch   63/300 | train=0.001803 | val=0.002231 | best=0.002231@63 | patience=0/30 | time=3.08s *
[2026-04-26 23:58:25] epoch   64/300 | train=0.001748 | val=0.002226 | best=0.002226@64 | patience=0/30 | time=3.09s *
[2026-04-26 23:58:28] epoch   65/300 | train=0.001781 | val=0.002265 | best=0.002226@64 | patience=1/30 | time=3.10s
[2026-04-26 23:58:31] epoch   66/300 | train=0.001776 | val=0.002245 | best=0.002226@64 | patience=2/30 | time=3.12s
[2026-04-26 23:58:34] epoch   67/300 | train=0.001712 | val=0.002226 | best=0.002226@64 | patience=3/30 | time=3.12s
[2026-04-26 23:58:38] epoch   68/300 | train=0.001727 | val=0.002270 | best=0.002226@64 | patience=4/30 | time=3.28s
[2026-04-26 23:58:41] epoch   69/300 | train=0.001699 | val=0.002232 | best=0.002226@64 | patience=5/30 | time=3.08s
[2026-04-26 23:58:44] epoch   70/300 | train=0.001637 | val=0.002231 | best=0.002226@64 | patience=6/30 | time=3.14s
[2026-04-26 23:58:47] epoch   71/300 | train=0.001637 | val=0.002291 | best=0.002226@64 | patience=7/30 | time=3.08s
[2026-04-26 23:58:50] epoch   72/300 | train=0.001617 | val=0.002233 | best=0.002226@64 | patience=8/30 | time=3.08s
[2026-04-26 23:58:53] epoch   73/300 | train=0.001615 | val=0.002242 | best=0.002226@64 | patience=9/30 | time=3.01s
[2026-04-26 23:58:56] epoch   74/300 | train=0.001626 | val=0.002242 | best=0.002226@64 | patience=10/30 | time=2.98s
[2026-04-26 23:59:00] epoch   75/300 | train=0.001612 | val=0.002215 | best=0.002215@75 | patience=0/30 | time=3.00s *
[2026-04-26 23:59:03] epoch   76/300 | train=0.001601 | val=0.002402 | best=0.002215@75 | patience=1/30 | time=3.01s
[2026-04-26 23:59:07] epoch   77/300 | train=0.001727 | val=0.002313 | best=0.002215@75 | patience=2/30 | time=3.00s
[2026-04-26 23:59:10] epoch   78/300 | train=0.001645 | val=0.002242 | best=0.002215@75 | patience=3/30 | time=2.99s
[2026-04-26 23:59:14] epoch   79/300 | train=0.001630 | val=0.002200 | best=0.002200@79 | patience=0/30 | time=3.15s *
[2026-04-26 23:59:18] epoch   80/300 | train=0.001536 | val=0.002192 | best=0.002192@80 | patience=0/30 | time=3.07s *
[2026-04-26 23:59:21] epoch   81/300 | train=0.001521 | val=0.002211 | best=0.002192@80 | patience=1/30 | time=3.00s
[2026-04-26 23:59:24] epoch   82/300 | train=0.001497 | val=0.002209 | best=0.002192@80 | patience=2/30 | time=2.99s
[2026-04-26 23:59:27] epoch   83/300 | train=0.001475 | val=0.002382 | best=0.002192@80 | patience=3/30 | time=2.98s
[2026-04-26 23:59:30] epoch   84/300 | train=0.001598 | val=0.002488 | best=0.002192@80 | patience=4/30 | time=2.99s
[2026-04-26 23:59:33] epoch   85/300 | train=0.001608 | val=0.002234 | best=0.002192@80 | patience=5/30 | time=2.98s
[2026-04-26 23:59:36] epoch   86/300 | train=0.001463 | val=0.002208 | best=0.002192@80 | patience=6/30 | time=3.00s
[2026-04-26 23:59:40] epoch   87/300 | train=0.001451 | val=0.002178 | best=0.002178@87 | patience=0/30 | time=2.98s *
[2026-04-26 23:59:44] epoch   88/300 | train=0.001459 | val=0.002160 | best=0.002160@88 | patience=0/30 | time=2.97s *
[2026-04-26 23:59:48] epoch   89/300 | train=0.001386 | val=0.002142 | best=0.002142@89 | patience=0/30 | time=3.15s *
[2026-04-26 23:59:51] epoch   90/300 | train=0.001357 | val=0.002185 | best=0.002142@89 | patience=1/30 | time=2.98s
[2026-04-26 23:59:55] epoch   91/300 | train=0.001350 | val=0.002130 | best=0.002130@91 | patience=0/30 | time=3.04s *
[2026-04-26 23:59:58] epoch   92/300 | train=0.001342 | val=0.002159 | best=0.002130@91 | patience=1/30 | time=2.99s
[2026-04-27 00:00:01] epoch   93/300 | train=0.001412 | val=0.002278 | best=0.002130@91 | patience=2/30 | time=2.98s
[2026-04-27 00:00:04] epoch   94/300 | train=0.001388 | val=0.002176 | best=0.002130@91 | patience=3/30 | time=2.99s
[2026-04-27 00:00:07] epoch   95/300 | train=0.001350 | val=0.002168 | best=0.002130@91 | patience=4/30 | time=2.98s
[2026-04-27 00:00:11] epoch   96/300 | train=0.001364 | val=0.002186 | best=0.002130@91 | patience=5/30 | time=3.00s
[2026-04-27 00:00:14] epoch   97/300 | train=0.001346 | val=0.002232 | best=0.002130@91 | patience=6/30 | time=2.98s
[2026-04-27 00:00:17] epoch   98/300 | train=0.001297 | val=0.002206 | best=0.002130@91 | patience=7/30 | time=2.99s
[2026-04-27 00:00:20] epoch   99/300 | train=0.001285 | val=0.002147 | best=0.002130@91 | patience=8/30 | time=2.97s
[2026-04-27 00:00:24] epoch  100/300 | train=0.001336 | val=0.002176 | best=0.002130@91 | patience=9/30 | time=3.16s
[2026-04-27 00:00:27] epoch  101/300 | train=0.001264 | val=0.002173 | best=0.002130@91 | patience=10/30 | time=3.04s
[2026-04-27 00:00:30] epoch  102/300 | train=0.001274 | val=0.002157 | best=0.002130@91 | patience=11/30 | time=3.00s
[2026-04-27 00:00:33] epoch  103/300 | train=0.001291 | val=0.002210 | best=0.002130@91 | patience=12/30 | time=2.97s
[2026-04-27 00:00:36] epoch  104/300 | train=0.001253 | val=0.002164 | best=0.002130@91 | patience=13/30 | time=2.97s
[2026-04-27 00:00:39] epoch  105/300 | train=0.001199 | val=0.002146 | best=0.002130@91 | patience=14/30 | time=2.97s
[2026-04-27 00:00:42] epoch  106/300 | train=0.001196 | val=0.002175 | best=0.002130@91 | patience=15/30 | time=2.97s
[2026-04-27 00:00:45] epoch  107/300 | train=0.001183 | val=0.002146 | best=0.002130@91 | patience=16/30 | time=2.99s
[2026-04-27 00:00:48] epoch  108/300 | train=0.001254 | val=0.002251 | best=0.002130@91 | patience=17/30 | time=2.97s
[2026-04-27 00:00:52] epoch  109/300 | train=0.001205 | val=0.002213 | best=0.002130@91 | patience=18/30 | time=3.00s
[2026-04-27 00:00:55] epoch  110/300 | train=0.001198 | val=0.002166 | best=0.002130@91 | patience=19/30 | time=2.97s
[2026-04-27 00:00:58] epoch  111/300 | train=0.001182 | val=0.002176 | best=0.002130@91 | patience=20/30 | time=3.14s
[2026-04-27 00:01:01] epoch  112/300 | train=0.001164 | val=0.002163 | best=0.002130@91 | patience=21/30 | time=2.97s
[2026-04-27 00:01:04] epoch  113/300 | train=0.001157 | val=0.002159 | best=0.002130@91 | patience=22/30 | time=3.03s
[2026-04-27 00:01:07] epoch  114/300 | train=0.001126 | val=0.002144 | best=0.002130@91 | patience=23/30 | time=2.97s
[2026-04-27 00:01:10] epoch  115/300 | train=0.001125 | val=0.002154 | best=0.002130@91 | patience=24/30 | time=2.97s
[2026-04-27 00:01:13] epoch  116/300 | train=0.001122 | val=0.002173 | best=0.002130@91 | patience=25/30 | time=2.97s
[2026-04-27 00:01:16] epoch  117/300 | train=0.001111 | val=0.002231 | best=0.002130@91 | patience=26/30 | time=2.97s
[2026-04-27 00:01:19] epoch  118/300 | train=0.001113 | val=0.002185 | best=0.002130@91 | patience=27/30 | time=2.99s
[2026-04-27 00:01:23] epoch  119/300 | train=0.001120 | val=0.002144 | best=0.002130@91 | patience=28/30 | time=2.97s
[2026-04-27 00:01:26] epoch  120/300 | train=0.001083 | val=0.002191 | best=0.002130@91 | patience=29/30 | time=2.98s
[2026-04-27 00:01:29] epoch  121/300 | train=0.001059 | val=0.002129 | best=0.002130@91 | patience=30/30 | time=2.97s
[2026-04-27 00:01:29]   early stopping at epoch 121 (no improvement for 30 epochs)
[2026-04-27 00:01:29] Training done: stop_reason=early_stop, total_epochs=121, best_epoch=91, best_val=0.002130
[2026-04-27 00:01:29] Reloading best checkpoint (epoch 91) for evaluation
[2026-04-27 00:01:34] ------------------------------------------------------------
[2026-04-27 00:01:34] Evaluation:
[2026-04-27 00:01:34]   AUC broken_lcfs         : 0.5717
[2026-04-27 00:01:34]   AUC bad_black_core      : 0.9999
[2026-04-27 00:01:34]   AUC bad_nonconverged    : 1.0000
[2026-04-27 00:01:34]   objective      : 0.8287
[2026-04-27 00:01:34]   floor_ok       : True
[2026-04-27 00:01:34]   threshold      : 0.5139
[2026-04-27 00:01:34]   mu / sigma     : 0.00127377 / 0.00029378
[2026-04-27 00:01:34] Train time=507.3s, eval time=4.5s
