[2026-04-27 03:34:24] ============================================================
[2026-04-27 03:34:24] Trial 68 starting on cuda:0
[2026-04-27 03:34:24] Timestamp: 2026-04-27T03:34:24.521977
[2026-04-27 03:34:24] --- Config summary ---
  bottleneck_dim  : 229
  n_enc_layers    : 5
  n_dec_layers    : 5
  base_channels   : 32
  growth_factor   : 1.6597352829144312
  use_batchnorm   : True
  use_hpf         : True
  hpf_sigma       : 1.0202722755588414
  lr              : 0.0004855647054970392
  batch_size      : 40
  max_epochs      : 300
  patience        : 30
  seed            : 42
  deterministic   : False
  trial_num       : 68
[2026-04-27 03:34:24] Loading train/val/selection splits...
[2026-04-27 03:35:27] Splits loaded in 63.2s: n_train=722, n_val=120, n_selection=405
[2026-04-27 03:35:28] --- Architecture summary ---
  channels per enc layer : [32, 53, 88, 146, 243]
  final spatial size     : 8x8
  flat size before latent: 15552
  bottleneck_dim         : 229
  total parameters       : 11,974,735
[2026-04-27 03:35:28] Starting training: n_train=722, n_val=120, device=cuda:0
[2026-04-27 03:36:59] epoch    1/300 | train=0.004539 | val=0.004464 | best=0.004464@1 | patience=0/30 | time=91.40s *
[2026-04-27 03:37:04] epoch    2/300 | train=0.002760 | val=0.003016 | best=0.003016@2 | patience=0/30 | time=3.85s *
[2026-04-27 03:37:08] epoch    3/300 | train=0.002615 | val=0.002783 | best=0.002783@3 | patience=0/30 | time=3.87s *
[2026-04-27 03:37:12] epoch    4/300 | train=0.002606 | val=0.002617 | best=0.002617@4 | patience=0/30 | time=3.99s *
[2026-04-27 03:37:19] epoch    5/300 | train=0.002532 | val=0.002512 | best=0.002512@5 | patience=0/30 | time=6.99s *
[2026-04-27 03:37:24] epoch    6/300 | train=0.002406 | val=0.002431 | best=0.002431@6 | patience=0/30 | time=3.84s *
[2026-04-27 03:37:28] epoch    7/300 | train=0.002301 | val=0.002301 | best=0.002301@7 | patience=0/30 | time=4.43s *
[2026-04-27 03:37:32] epoch    8/300 | train=0.002208 | val=0.002417 | best=0.002301@7 | patience=1/30 | time=3.84s
[2026-04-27 03:37:36] epoch    9/300 | train=0.002304 | val=0.002311 | best=0.002301@7 | patience=2/30 | time=4.01s
[2026-04-27 03:37:41] epoch   10/300 | train=0.002160 | val=0.002145 | best=0.002145@10 | patience=0/30 | time=4.01s *
[2026-04-27 03:37:48] epoch   11/300 | train=0.002101 | val=0.002094 | best=0.002094@11 | patience=0/30 | time=6.45s *
[2026-04-27 03:37:52] epoch   12/300 | train=0.002062 | val=0.002051 | best=0.002051@12 | patience=0/30 | time=3.85s *
[2026-04-27 03:37:57] epoch   13/300 | train=0.002012 | val=0.002000 | best=0.002000@13 | patience=0/30 | time=3.84s *
[2026-04-27 03:38:01] epoch   14/300 | train=0.001950 | val=0.001963 | best=0.001963@14 | patience=0/30 | time=3.84s *
[2026-04-27 03:38:05] epoch   15/300 | train=0.001891 | val=0.001888 | best=0.001888@15 | patience=0/30 | time=4.00s *
[2026-04-27 03:38:09] epoch   16/300 | train=0.001824 | val=0.001844 | best=0.001844@16 | patience=0/30 | time=3.87s *
[2026-04-27 03:38:13] epoch   17/300 | train=0.001693 | val=0.001923 | best=0.001844@16 | patience=1/30 | time=4.09s
[2026-04-27 03:38:18] epoch   18/300 | train=0.001710 | val=0.001647 | best=0.001647@18 | patience=0/30 | time=4.00s *
[2026-04-27 03:38:22] epoch   19/300 | train=0.001554 | val=0.001526 | best=0.001526@19 | patience=0/30 | time=3.84s *
[2026-04-27 03:38:26] epoch   20/300 | train=0.001479 | val=0.001879 | best=0.001526@19 | patience=1/30 | time=3.90s
[2026-04-27 03:38:31] epoch   21/300 | train=0.001686 | val=0.001581 | best=0.001526@19 | patience=2/30 | time=3.84s
[2026-04-27 03:38:35] epoch   22/300 | train=0.001497 | val=0.001477 | best=0.001477@22 | patience=0/30 | time=3.86s *
[2026-04-27 03:38:39] epoch   23/300 | train=0.001415 | val=0.001525 | best=0.001477@22 | patience=1/30 | time=4.03s
[2026-04-27 03:38:43] epoch   24/300 | train=0.001461 | val=0.001407 | best=0.001407@24 | patience=0/30 | time=4.10s *
[2026-04-27 03:38:48] epoch   25/300 | train=0.001387 | val=0.001373 | best=0.001373@25 | patience=0/30 | time=3.88s *
[2026-04-27 03:38:52] epoch   26/300 | train=0.001365 | val=0.001377 | best=0.001373@25 | patience=1/30 | time=3.84s
[2026-04-27 03:38:56] epoch   27/300 | train=0.001369 | val=0.001351 | best=0.001351@27 | patience=0/30 | time=3.90s *
[2026-04-27 03:39:00] epoch   28/300 | train=0.001338 | val=0.001326 | best=0.001326@28 | patience=0/30 | time=3.84s *
[2026-04-27 03:39:04] epoch   29/300 | train=0.001328 | val=0.001315 | best=0.001315@29 | patience=0/30 | time=3.87s *
[2026-04-27 03:39:08] epoch   30/300 | train=0.001310 | val=0.001326 | best=0.001315@29 | patience=1/30 | time=3.86s
[2026-04-27 03:39:12] epoch   31/300 | train=0.001316 | val=0.001328 | best=0.001315@29 | patience=2/30 | time=4.10s
[2026-04-27 03:39:17] epoch   32/300 | train=0.001307 | val=0.001296 | best=0.001296@32 | patience=0/30 | time=3.89s *
[2026-04-27 03:39:21] epoch   33/300 | train=0.001303 | val=0.001292 | best=0.001292@33 | patience=0/30 | time=3.84s *
[2026-04-27 03:39:25] epoch   34/300 | train=0.001291 | val=0.001301 | best=0.001292@33 | patience=1/30 | time=3.89s
[2026-04-27 03:39:29] epoch   35/300 | train=0.001292 | val=0.001325 | best=0.001292@33 | patience=2/30 | time=3.84s
[2026-04-27 03:39:33] epoch   36/300 | train=0.001310 | val=0.001305 | best=0.001292@33 | patience=3/30 | time=3.86s
[2026-04-27 03:39:37] epoch   37/300 | train=0.001301 | val=0.001277 | best=0.001277@37 | patience=0/30 | time=3.87s *
[2026-04-27 03:39:41] epoch   38/300 | train=0.001279 | val=0.001399 | best=0.001277@37 | patience=1/30 | time=4.16s
[2026-04-27 03:39:45] epoch   39/300 | train=0.001366 | val=0.001339 | best=0.001277@37 | patience=2/30 | time=3.84s
[2026-04-27 03:39:50] epoch   40/300 | train=0.001291 | val=0.001275 | best=0.001275@40 | patience=0/30 | time=3.85s *
[2026-04-27 03:39:54] epoch   41/300 | train=0.001271 | val=0.001338 | best=0.001275@40 | patience=1/30 | time=3.84s
[2026-04-27 03:39:58] epoch   42/300 | train=0.001318 | val=0.001298 | best=0.001275@40 | patience=2/30 | time=3.91s
[2026-04-27 03:40:02] epoch   43/300 | train=0.001295 | val=0.001267 | best=0.001267@43 | patience=0/30 | time=3.84s *
[2026-04-27 03:40:06] epoch   44/300 | train=0.001268 | val=0.001253 | best=0.001253@44 | patience=0/30 | time=3.87s *
[2026-04-27 03:40:10] epoch   45/300 | train=0.001260 | val=0.001316 | best=0.001253@44 | patience=1/30 | time=3.87s
[2026-04-27 03:40:14] epoch   46/300 | train=0.001322 | val=0.001345 | best=0.001253@44 | patience=2/30 | time=4.16s
[2026-04-27 03:40:18] epoch   47/300 | train=0.001283 | val=0.001389 | best=0.001253@44 | patience=3/30 | time=3.89s
[2026-04-27 03:40:22] epoch   48/300 | train=0.001291 | val=0.001275 | best=0.001253@44 | patience=4/30 | time=3.84s
[2026-04-27 03:40:26] epoch   49/300 | train=0.001258 | val=0.001249 | best=0.001249@49 | patience=0/30 | time=3.91s *
[2026-04-27 03:40:31] epoch   50/300 | train=0.001254 | val=0.001242 | best=0.001242@50 | patience=0/30 | time=3.84s *
[2026-04-27 03:40:35] epoch   51/300 | train=0.001249 | val=0.001244 | best=0.001242@50 | patience=1/30 | time=3.87s
[2026-04-27 03:40:39] epoch   52/300 | train=0.001243 | val=0.001247 | best=0.001242@50 | patience=2/30 | time=3.87s
[2026-04-27 03:40:43] epoch   53/300 | train=0.001252 | val=0.001249 | best=0.001242@50 | patience=3/30 | time=4.15s
[2026-04-27 03:40:47] epoch   54/300 | train=0.001245 | val=0.001239 | best=0.001239@54 | patience=0/30 | time=3.88s *
[2026-04-27 03:40:51] epoch   55/300 | train=0.001239 | val=0.001233 | best=0.001233@55 | patience=0/30 | time=3.84s *
[2026-04-27 03:40:55] epoch   56/300 | train=0.001232 | val=0.001237 | best=0.001233@55 | patience=1/30 | time=3.90s
[2026-04-27 03:40:59] epoch   57/300 | train=0.001231 | val=0.001271 | best=0.001233@55 | patience=2/30 | time=3.84s
[2026-04-27 03:41:03] epoch   58/300 | train=0.001242 | val=0.001286 | best=0.001233@55 | patience=3/30 | time=3.87s
[2026-04-27 03:41:07] epoch   59/300 | train=0.001238 | val=0.001330 | best=0.001233@55 | patience=4/30 | time=3.87s
[2026-04-27 03:41:12] epoch   60/300 | train=0.001244 | val=0.001224 | best=0.001224@60 | patience=0/30 | time=4.10s *
[2026-04-27 03:41:16] epoch   61/300 | train=0.001227 | val=0.001246 | best=0.001224@60 | patience=1/30 | time=3.87s
[2026-04-27 03:41:20] epoch   62/300 | train=0.001216 | val=0.001217 | best=0.001217@62 | patience=0/30 | time=3.84s *
[2026-04-27 03:41:24] epoch   63/300 | train=0.001216 | val=0.001221 | best=0.001217@62 | patience=1/30 | time=3.89s
[2026-04-27 03:41:28] epoch   64/300 | train=0.001215 | val=0.001251 | best=0.001217@62 | patience=2/30 | time=3.84s
[2026-04-27 03:41:32] epoch   65/300 | train=0.001208 | val=0.001223 | best=0.001217@62 | patience=3/30 | time=3.87s
[2026-04-27 03:41:36] epoch   66/300 | train=0.001204 | val=0.001228 | best=0.001217@62 | patience=4/30 | time=3.87s
[2026-04-27 03:41:40] epoch   67/300 | train=0.001212 | val=0.001212 | best=0.001212@67 | patience=0/30 | time=4.09s *
[2026-04-27 03:41:45] epoch   68/300 | train=0.001210 | val=0.001209 | best=0.001209@68 | patience=0/30 | time=3.89s *
[2026-04-27 03:41:49] epoch   69/300 | train=0.001207 | val=0.001697 | best=0.001209@68 | patience=1/30 | time=3.84s
[2026-04-27 03:41:53] epoch   70/300 | train=0.001269 | val=0.001245 | best=0.001209@68 | patience=2/30 | time=3.90s
[2026-04-27 03:41:56] epoch   71/300 | train=0.001218 | val=0.001277 | best=0.001209@68 | patience=3/30 | time=3.84s
[2026-04-27 03:42:00] epoch   72/300 | train=0.001204 | val=0.001400 | best=0.001209@68 | patience=4/30 | time=3.86s
[2026-04-27 03:42:05] epoch   73/300 | train=0.001227 | val=0.001249 | best=0.001209@68 | patience=5/30 | time=3.98s
[2026-04-27 03:42:11] epoch   74/300 | train=0.001209 | val=0.001235 | best=0.001209@68 | patience=6/30 | time=6.66s
[2026-04-27 03:42:16] epoch   75/300 | train=0.001196 | val=0.001191 | best=0.001191@75 | patience=0/30 | time=4.05s *
[2026-04-27 03:42:20] epoch   76/300 | train=0.001190 | val=0.001238 | best=0.001191@75 | patience=1/30 | time=3.84s
[2026-04-27 03:42:24] epoch   77/300 | train=0.001185 | val=0.001200 | best=0.001191@75 | patience=2/30 | time=4.26s
[2026-04-27 03:42:29] epoch   78/300 | train=0.001190 | val=0.001206 | best=0.001191@75 | patience=3/30 | time=3.97s
[2026-04-27 03:42:33] epoch   79/300 | train=0.001194 | val=0.001211 | best=0.001191@75 | patience=4/30 | time=4.04s
[2026-04-27 03:42:39] epoch   80/300 | train=0.001184 | val=0.001226 | best=0.001191@75 | patience=5/30 | time=6.36s
[2026-04-27 03:42:43] epoch   81/300 | train=0.001181 | val=0.001246 | best=0.001191@75 | patience=6/30 | time=4.00s
[2026-04-27 03:42:47] epoch   82/300 | train=0.001213 | val=0.001259 | best=0.001191@75 | patience=7/30 | time=3.84s
[2026-04-27 03:42:52] epoch   83/300 | train=0.001209 | val=0.001240 | best=0.001191@75 | patience=8/30 | time=4.34s
[2026-04-27 03:42:56] epoch   84/300 | train=0.001248 | val=0.001231 | best=0.001191@75 | patience=9/30 | time=3.84s
[2026-04-27 03:43:00] epoch   85/300 | train=0.001213 | val=0.001226 | best=0.001191@75 | patience=10/30 | time=3.87s
[2026-04-27 03:43:04] epoch   86/300 | train=0.001178 | val=0.001189 | best=0.001189@86 | patience=0/30 | time=3.92s *
[2026-04-27 03:43:08] epoch   87/300 | train=0.001183 | val=0.001459 | best=0.001189@86 | patience=1/30 | time=4.16s
[2026-04-27 03:43:12] epoch   88/300 | train=0.001223 | val=0.001314 | best=0.001189@86 | patience=2/30 | time=3.90s
[2026-04-27 03:43:16] epoch   89/300 | train=0.001174 | val=0.001256 | best=0.001189@86 | patience=3/30 | time=3.84s
[2026-04-27 03:43:20] epoch   90/300 | train=0.001175 | val=0.001200 | best=0.001189@86 | patience=4/30 | time=3.91s
[2026-04-27 03:43:24] epoch   91/300 | train=0.001162 | val=0.001272 | best=0.001189@86 | patience=5/30 | time=3.84s
[2026-04-27 03:43:28] epoch   92/300 | train=0.001159 | val=0.001175 | best=0.001175@92 | patience=0/30 | time=3.87s *
[2026-04-27 03:43:32] epoch   93/300 | train=0.001162 | val=0.001200 | best=0.001175@92 | patience=1/30 | time=3.97s
[2026-04-27 03:43:37] epoch   94/300 | train=0.001166 | val=0.001151 | best=0.001151@94 | patience=0/30 | time=4.16s *
[2026-04-27 03:43:41] epoch   95/300 | train=0.001146 | val=0.001208 | best=0.001151@94 | patience=1/30 | time=3.89s
[2026-04-27 03:43:45] epoch   96/300 | train=0.001184 | val=0.001216 | best=0.001151@94 | patience=2/30 | time=3.84s
[2026-04-27 03:43:49] epoch   97/300 | train=0.001188 | val=0.001357 | best=0.001151@94 | patience=3/30 | time=4.45s
[2026-04-27 03:43:53] epoch   98/300 | train=0.001155 | val=0.001270 | best=0.001151@94 | patience=4/30 | time=3.84s
[2026-04-27 03:43:57] epoch   99/300 | train=0.001138 | val=0.001309 | best=0.001151@94 | patience=5/30 | time=3.87s
[2026-04-27 03:44:01] epoch  100/300 | train=0.001156 | val=0.001219 | best=0.001151@94 | patience=6/30 | time=3.99s
[2026-04-27 03:44:06] epoch  101/300 | train=0.001144 | val=0.001173 | best=0.001151@94 | patience=7/30 | time=4.11s
[2026-04-27 03:44:10] epoch  102/300 | train=0.001139 | val=0.001154 | best=0.001151@94 | patience=8/30 | time=3.98s
[2026-04-27 03:44:14] epoch  103/300 | train=0.001132 | val=0.001389 | best=0.001151@94 | patience=9/30 | time=3.84s
[2026-04-27 03:44:18] epoch  104/300 | train=0.001166 | val=0.001148 | best=0.001148@104 | patience=0/30 | time=3.83s *
[2026-04-27 03:44:22] epoch  105/300 | train=0.001130 | val=0.001191 | best=0.001148@104 | patience=1/30 | time=3.83s
[2026-04-27 03:44:26] epoch  106/300 | train=0.001138 | val=0.001175 | best=0.001148@104 | patience=2/30 | time=3.84s
[2026-04-27 03:44:30] epoch  107/300 | train=0.001125 | val=0.001294 | best=0.001148@104 | patience=3/30 | time=4.04s
[2026-04-27 03:44:34] epoch  108/300 | train=0.001189 | val=0.001699 | best=0.001148@104 | patience=4/30 | time=3.99s
[2026-04-27 03:44:41] epoch  109/300 | train=0.001166 | val=0.001261 | best=0.001148@104 | patience=5/30 | time=6.63s
[2026-04-27 03:44:45] epoch  110/300 | train=0.001150 | val=0.001135 | best=0.001135@110 | patience=0/30 | time=3.88s *
[2026-04-27 03:44:49] epoch  111/300 | train=0.001108 | val=0.001183 | best=0.001135@110 | patience=1/30 | time=3.84s
[2026-04-27 03:44:54] epoch  112/300 | train=0.001104 | val=0.001121 | best=0.001121@112 | patience=0/30 | time=4.35s *
[2026-04-27 03:44:58] epoch  113/300 | train=0.001105 | val=0.001200 | best=0.001121@112 | patience=1/30 | time=3.84s
[2026-04-27 03:45:02] epoch  114/300 | train=0.001121 | val=0.001164 | best=0.001121@112 | patience=2/30 | time=3.99s
[2026-04-27 03:45:06] epoch  115/300 | train=0.001123 | val=0.001137 | best=0.001121@112 | patience=3/30 | time=3.99s
[2026-04-27 03:45:10] epoch  116/300 | train=0.001098 | val=0.001115 | best=0.001115@116 | patience=0/30 | time=4.11s *
[2026-04-27 03:45:15] epoch  117/300 | train=0.001095 | val=0.001153 | best=0.001115@116 | patience=1/30 | time=4.06s
[2026-04-27 03:45:19] epoch  118/300 | train=0.001087 | val=0.001156 | best=0.001115@116 | patience=2/30 | time=3.84s
[2026-04-27 03:45:23] epoch  119/300 | train=0.001095 | val=0.001106 | best=0.001106@119 | patience=0/30 | time=4.32s *
[2026-04-27 03:45:27] epoch  120/300 | train=0.001082 | val=0.001090 | best=0.001090@120 | patience=0/30 | time=3.83s *
[2026-04-27 03:45:32] epoch  121/300 | train=0.001066 | val=0.001126 | best=0.001090@120 | patience=1/30 | time=3.97s
[2026-04-27 03:45:36] epoch  122/300 | train=0.001093 | val=0.001327 | best=0.001090@120 | patience=2/30 | time=3.95s
[2026-04-27 03:45:42] epoch  123/300 | train=0.001095 | val=0.001112 | best=0.001090@120 | patience=3/30 | time=6.54s
[2026-04-27 03:45:46] epoch  124/300 | train=0.001074 | val=0.001103 | best=0.001090@120 | patience=4/30 | time=4.00s
[2026-04-27 03:45:51] epoch  125/300 | train=0.001068 | val=0.001068 | best=0.001068@125 | patience=0/30 | time=3.84s *
[2026-04-27 03:45:55] epoch  126/300 | train=0.001051 | val=0.001103 | best=0.001068@125 | patience=1/30 | time=4.32s
[2026-04-27 03:45:59] epoch  127/300 | train=0.001049 | val=0.001080 | best=0.001068@125 | patience=2/30 | time=3.84s
[2026-04-27 03:46:03] epoch  128/300 | train=0.001052 | val=0.001554 | best=0.001068@125 | patience=3/30 | time=4.01s
[2026-04-27 03:46:07] epoch  129/300 | train=0.001286 | val=0.001382 | best=0.001068@125 | patience=4/30 | time=4.00s
[2026-04-27 03:46:14] epoch  130/300 | train=0.001205 | val=0.001151 | best=0.001068@125 | patience=5/30 | time=6.52s
[2026-04-27 03:46:18] epoch  131/300 | train=0.001107 | val=0.001136 | best=0.001068@125 | patience=6/30 | time=4.00s
[2026-04-27 03:46:22] epoch  132/300 | train=0.001084 | val=0.001087 | best=0.001068@125 | patience=7/30 | time=3.85s
[2026-04-27 03:46:26] epoch  133/300 | train=0.001065 | val=0.001097 | best=0.001068@125 | patience=8/30 | time=3.84s
[2026-04-27 03:46:30] epoch  134/300 | train=0.001059 | val=0.001092 | best=0.001068@125 | patience=9/30 | time=4.32s
[2026-04-27 03:46:34] epoch  135/300 | train=0.001042 | val=0.001077 | best=0.001068@125 | patience=10/30 | time=3.86s
[2026-04-27 03:46:38] epoch  136/300 | train=0.001027 | val=0.001091 | best=0.001068@125 | patience=11/30 | time=3.84s
[2026-04-27 03:46:42] epoch  137/300 | train=0.001037 | val=0.001258 | best=0.001068@125 | patience=12/30 | time=3.84s
[2026-04-27 03:46:47] epoch  138/300 | train=0.001056 | val=0.001063 | best=0.001063@138 | patience=0/30 | time=4.11s *
[2026-04-27 03:46:51] epoch  139/300 | train=0.001027 | val=0.001059 | best=0.001059@139 | patience=0/30 | time=3.88s *
[2026-04-27 03:46:55] epoch  140/300 | train=0.001029 | val=0.001104 | best=0.001059@139 | patience=1/30 | time=3.84s
[2026-04-27 03:46:59] epoch  141/300 | train=0.001053 | val=0.001117 | best=0.001059@139 | patience=2/30 | time=4.33s
[2026-04-27 03:47:03] epoch  142/300 | train=0.001065 | val=0.001157 | best=0.001059@139 | patience=3/30 | time=4.00s
[2026-04-27 03:47:07] epoch  143/300 | train=0.001071 | val=0.001087 | best=0.001059@139 | patience=4/30 | time=3.84s
[2026-04-27 03:47:11] epoch  144/300 | train=0.001030 | val=0.001088 | best=0.001059@139 | patience=5/30 | time=3.87s
[2026-04-27 03:47:19] epoch  145/300 | train=0.001017 | val=0.001037 | best=0.001037@145 | patience=0/30 | time=6.79s *
[2026-04-27 03:47:23] epoch  146/300 | train=0.001001 | val=0.001050 | best=0.001037@145 | patience=1/30 | time=3.84s
[2026-04-27 03:47:27] epoch  147/300 | train=0.001007 | val=0.001075 | best=0.001037@145 | patience=2/30 | time=4.38s
[2026-04-27 03:47:31] epoch  148/300 | train=0.001025 | val=0.001099 | best=0.001037@145 | patience=3/30 | time=3.84s
[2026-04-27 03:47:35] epoch  149/300 | train=0.001024 | val=0.001045 | best=0.001037@145 | patience=4/30 | time=3.86s
[2026-04-27 03:47:39] epoch  150/300 | train=0.000987 | val=0.001046 | best=0.001037@145 | patience=5/30 | time=3.87s
[2026-04-27 03:47:43] epoch  151/300 | train=0.001008 | val=0.001036 | best=0.001036@151 | patience=0/30 | time=4.10s *
[2026-04-27 03:47:48] epoch  152/300 | train=0.000996 | val=0.001013 | best=0.001013@152 | patience=0/30 | time=3.99s *
[2026-04-27 03:47:52] epoch  153/300 | train=0.000967 | val=0.000992 | best=0.000992@153 | patience=0/30 | time=3.84s *
[2026-04-27 03:47:56] epoch  154/300 | train=0.000957 | val=0.000999 | best=0.000992@153 | patience=1/30 | time=4.36s
[2026-04-27 03:48:00] epoch  155/300 | train=0.000958 | val=0.000992 | best=0.000992@153 | patience=2/30 | time=3.84s
[2026-04-27 03:48:04] epoch  156/300 | train=0.000958 | val=0.001085 | best=0.000992@153 | patience=3/30 | time=3.88s
[2026-04-27 03:48:09] epoch  157/300 | train=0.001025 | val=0.001043 | best=0.000992@153 | patience=4/30 | time=4.04s
[2026-04-27 03:48:15] epoch  158/300 | train=0.000963 | val=0.001005 | best=0.000992@153 | patience=5/30 | time=6.34s
[2026-04-27 03:48:19] epoch  159/300 | train=0.000953 | val=0.001000 | best=0.000992@153 | patience=6/30 | time=3.89s
[2026-04-27 03:48:23] epoch  160/300 | train=0.000958 | val=0.001035 | best=0.000992@153 | patience=7/30 | time=3.84s
[2026-04-27 03:48:28] epoch  161/300 | train=0.000961 | val=0.001118 | best=0.000992@153 | patience=8/30 | time=4.31s
[2026-04-27 03:48:32] epoch  162/300 | train=0.000995 | val=0.001030 | best=0.000992@153 | patience=9/30 | time=3.84s
[2026-04-27 03:48:36] epoch  163/300 | train=0.000970 | val=0.000990 | best=0.000990@163 | patience=0/30 | time=4.02s *
[2026-04-27 03:48:41] epoch  164/300 | train=0.000945 | val=0.001006 | best=0.000990@163 | patience=1/30 | time=4.02s
[2026-04-27 03:48:47] epoch  165/300 | train=0.000953 | val=0.001005 | best=0.000990@163 | patience=2/30 | time=6.50s
[2026-04-27 03:48:51] epoch  166/300 | train=0.000946 | val=0.000970 | best=0.000970@166 | patience=0/30 | time=3.84s *
[2026-04-27 03:48:56] epoch  167/300 | train=0.000921 | val=0.000983 | best=0.000970@166 | patience=1/30 | time=4.32s
[2026-04-27 03:49:00] epoch  168/300 | train=0.000943 | val=0.001007 | best=0.000970@166 | patience=2/30 | time=3.84s
[2026-04-27 03:49:04] epoch  169/300 | train=0.000945 | val=0.001010 | best=0.000970@166 | patience=3/30 | time=4.04s
[2026-04-27 03:49:08] epoch  170/300 | train=0.000971 | val=0.000995 | best=0.000970@166 | patience=4/30 | time=4.03s
[2026-04-27 03:49:12] epoch  171/300 | train=0.000940 | val=0.000994 | best=0.000970@166 | patience=5/30 | time=4.11s
[2026-04-27 03:49:16] epoch  172/300 | train=0.000934 | val=0.001027 | best=0.000970@166 | patience=6/30 | time=4.03s
[2026-04-27 03:49:20] epoch  173/300 | train=0.000962 | val=0.000972 | best=0.000970@166 | patience=7/30 | time=3.84s
[2026-04-27 03:49:25] epoch  174/300 | train=0.000916 | val=0.000977 | best=0.000970@166 | patience=8/30 | time=4.31s
[2026-04-27 03:49:29] epoch  175/300 | train=0.000924 | val=0.000977 | best=0.000970@166 | patience=9/30 | time=3.84s
[2026-04-27 03:49:33] epoch  176/300 | train=0.000920 | val=0.000981 | best=0.000970@166 | patience=10/30 | time=4.00s
[2026-04-27 03:49:37] epoch  177/300 | train=0.000927 | val=0.000975 | best=0.000970@166 | patience=11/30 | time=3.96s
[2026-04-27 03:49:44] epoch  178/300 | train=0.000915 | val=0.001003 | best=0.000970@166 | patience=12/30 | time=6.75s
[2026-04-27 03:49:48] epoch  179/300 | train=0.000916 | val=0.000960 | best=0.000960@179 | patience=0/30 | time=3.85s *
[2026-04-27 03:49:53] epoch  180/300 | train=0.000901 | val=0.000954 | best=0.000954@180 | patience=0/30 | time=3.84s *
[2026-04-27 03:49:57] epoch  181/300 | train=0.000912 | val=0.001096 | best=0.000954@180 | patience=1/30 | time=3.84s
[2026-04-27 03:50:01] epoch  182/300 | train=0.000924 | val=0.000973 | best=0.000954@180 | patience=2/30 | time=3.84s
[2026-04-27 03:50:05] epoch  183/300 | train=0.000909 | val=0.000967 | best=0.000954@180 | patience=3/30 | time=4.01s
[2026-04-27 03:50:09] epoch  184/300 | train=0.000911 | val=0.001002 | best=0.000954@180 | patience=4/30 | time=3.99s
[2026-04-27 03:50:16] epoch  185/300 | train=0.000916 | val=0.000961 | best=0.000954@180 | patience=5/30 | time=6.68s
[2026-04-27 03:50:20] epoch  186/300 | train=0.000907 | val=0.001018 | best=0.000954@180 | patience=6/30 | time=3.84s
[2026-04-27 03:50:24] epoch  187/300 | train=0.000927 | val=0.001040 | best=0.000954@180 | patience=7/30 | time=3.91s
[2026-04-27 03:50:28] epoch  188/300 | train=0.000920 | val=0.000996 | best=0.000954@180 | patience=8/30 | time=3.84s
[2026-04-27 03:50:32] epoch  189/300 | train=0.000903 | val=0.000952 | best=0.000952@189 | patience=0/30 | time=3.87s *
[2026-04-27 03:50:36] epoch  190/300 | train=0.000877 | val=0.000945 | best=0.000945@190 | patience=0/30 | time=3.87s *
[2026-04-27 03:50:41] epoch  191/300 | train=0.000880 | val=0.000935 | best=0.000935@191 | patience=0/30 | time=4.16s *
[2026-04-27 03:50:45] epoch  192/300 | train=0.000862 | val=0.000935 | best=0.000935@191 | patience=1/30 | time=3.90s
[2026-04-27 03:50:49] epoch  193/300 | train=0.000861 | val=0.000954 | best=0.000935@191 | patience=2/30 | time=3.85s
[2026-04-27 03:50:53] epoch  194/300 | train=0.000878 | val=0.000936 | best=0.000935@191 | patience=3/30 | time=3.91s
[2026-04-27 03:50:57] epoch  195/300 | train=0.000873 | val=0.000929 | best=0.000929@195 | patience=0/30 | time=3.84s *
[2026-04-27 03:51:01] epoch  196/300 | train=0.000857 | val=0.000936 | best=0.000929@195 | patience=1/30 | time=3.88s
[2026-04-27 03:51:06] epoch  197/300 | train=0.000853 | val=0.000948 | best=0.000929@195 | patience=2/30 | time=3.87s
[2026-04-27 03:51:12] epoch  198/300 | train=0.000880 | val=0.000974 | best=0.000929@195 | patience=3/30 | time=6.55s
[2026-04-27 03:51:16] epoch  199/300 | train=0.000894 | val=0.000943 | best=0.000929@195 | patience=4/30 | time=3.89s
[2026-04-27 03:51:20] epoch  200/300 | train=0.000861 | val=0.000934 | best=0.000929@195 | patience=5/30 | time=3.84s
[2026-04-27 03:51:24] epoch  201/300 | train=0.000842 | val=0.000967 | best=0.000929@195 | patience=6/30 | time=3.91s
[2026-04-27 03:51:28] epoch  202/300 | train=0.000861 | val=0.000949 | best=0.000929@195 | patience=7/30 | time=3.85s
[2026-04-27 03:51:32] epoch  203/300 | train=0.000871 | val=0.000975 | best=0.000929@195 | patience=8/30 | time=3.88s
[2026-04-27 03:51:36] epoch  204/300 | train=0.000872 | val=0.000951 | best=0.000929@195 | patience=9/30 | time=3.87s
[2026-04-27 03:51:41] epoch  205/300 | train=0.000852 | val=0.000960 | best=0.000929@195 | patience=10/30 | time=4.11s
[2026-04-27 03:51:45] epoch  206/300 | train=0.000856 | val=0.000921 | best=0.000921@206 | patience=0/30 | time=3.99s *
[2026-04-27 03:51:49] epoch  207/300 | train=0.000839 | val=0.001427 | best=0.000921@206 | patience=1/30 | time=3.84s
[2026-04-27 03:51:53] epoch  208/300 | train=0.001090 | val=0.001120 | best=0.000921@206 | patience=2/30 | time=4.35s
[2026-04-27 03:51:57] epoch  209/300 | train=0.000969 | val=0.001380 | best=0.000921@206 | patience=3/30 | time=3.84s
[2026-04-27 03:52:01] epoch  210/300 | train=0.001088 | val=0.001034 | best=0.000921@206 | patience=4/30 | time=3.98s
[2026-04-27 03:52:06] epoch  211/300 | train=0.000967 | val=0.001000 | best=0.000921@206 | patience=5/30 | time=4.04s
[2026-04-27 03:52:12] epoch  212/300 | train=0.000933 | val=0.001012 | best=0.000921@206 | patience=6/30 | time=6.52s
[2026-04-27 03:52:16] epoch  213/300 | train=0.000934 | val=0.000971 | best=0.000921@206 | patience=7/30 | time=3.88s
[2026-04-27 03:52:20] epoch  214/300 | train=0.000901 | val=0.001012 | best=0.000921@206 | patience=8/30 | time=3.84s
[2026-04-27 03:52:24] epoch  215/300 | train=0.000914 | val=0.000947 | best=0.000921@206 | patience=9/30 | time=3.91s
[2026-04-27 03:52:28] epoch  216/300 | train=0.000877 | val=0.000930 | best=0.000921@206 | patience=10/30 | time=3.84s
[2026-04-27 03:52:33] epoch  217/300 | train=0.000864 | val=0.000915 | best=0.000915@217 | patience=0/30 | time=4.05s *
[2026-04-27 03:52:37] epoch  218/300 | train=0.000861 | val=0.000941 | best=0.000915@217 | patience=1/30 | time=3.87s
[2026-04-27 03:52:41] epoch  219/300 | train=0.000861 | val=0.000933 | best=0.000915@217 | patience=2/30 | time=4.10s
[2026-04-27 03:52:45] epoch  220/300 | train=0.000848 | val=0.000905 | best=0.000905@220 | patience=0/30 | time=3.89s *
[2026-04-27 03:52:49] epoch  221/300 | train=0.000834 | val=0.000923 | best=0.000905@220 | patience=1/30 | time=3.84s
[2026-04-27 03:52:53] epoch  222/300 | train=0.000841 | val=0.001047 | best=0.000905@220 | patience=2/30 | time=3.90s
[2026-04-27 03:52:57] epoch  223/300 | train=0.000932 | val=0.000991 | best=0.000905@220 | patience=3/30 | time=3.84s
[2026-04-27 03:53:01] epoch  224/300 | train=0.000901 | val=0.000944 | best=0.000905@220 | patience=4/30 | time=3.88s
[2026-04-27 03:53:05] epoch  225/300 | train=0.000863 | val=0.000966 | best=0.000905@220 | patience=5/30 | time=3.87s
[2026-04-27 03:53:09] epoch  226/300 | train=0.000866 | val=0.000920 | best=0.000905@220 | patience=6/30 | time=4.09s
[2026-04-27 03:53:13] epoch  227/300 | train=0.000825 | val=0.000908 | best=0.000905@220 | patience=7/30 | time=3.99s
[2026-04-27 03:53:18] epoch  228/300 | train=0.000815 | val=0.000902 | best=0.000902@228 | patience=0/30 | time=3.84s *
[2026-04-27 03:53:22] epoch  229/300 | train=0.000823 | val=0.000901 | best=0.000901@229 | patience=0/30 | time=3.91s *
[2026-04-27 03:53:26] epoch  230/300 | train=0.000810 | val=0.000908 | best=0.000901@229 | patience=1/30 | time=3.84s
[2026-04-27 03:53:30] epoch  231/300 | train=0.000817 | val=0.000916 | best=0.000901@229 | patience=2/30 | time=4.03s
[2026-04-27 03:53:35] epoch  232/300 | train=0.000812 | val=0.000901 | best=0.000901@229 | patience=3/30 | time=3.87s
[2026-04-27 03:53:42] epoch  233/300 | train=0.000808 | val=0.000900 | best=0.000901@229 | patience=4/30 | time=6.76s
[2026-04-27 03:53:46] epoch  234/300 | train=0.000796 | val=0.000893 | best=0.000893@234 | patience=0/30 | time=3.84s *
[2026-04-27 03:53:50] epoch  235/300 | train=0.000789 | val=0.000898 | best=0.000893@234 | patience=1/30 | time=4.42s
[2026-04-27 03:53:54] epoch  236/300 | train=0.000793 | val=0.000898 | best=0.000893@234 | patience=2/30 | time=3.84s
[2026-04-27 03:53:59] epoch  237/300 | train=0.000786 | val=0.000875 | best=0.000875@237 | patience=0/30 | time=4.04s *
[2026-04-27 03:54:03] epoch  238/300 | train=0.000774 | val=0.000917 | best=0.000875@237 | patience=1/30 | time=4.03s
[2026-04-27 03:54:09] epoch  239/300 | train=0.000828 | val=0.000931 | best=0.000875@237 | patience=2/30 | time=6.36s
[2026-04-27 03:54:14] epoch  240/300 | train=0.000830 | val=0.000911 | best=0.000875@237 | patience=3/30 | time=3.85s
[2026-04-27 03:54:18] epoch  241/300 | train=0.000802 | val=0.000914 | best=0.000875@237 | patience=4/30 | time=3.84s
[2026-04-27 03:54:22] epoch  242/300 | train=0.000806 | val=0.000893 | best=0.000875@237 | patience=5/30 | time=4.41s
[2026-04-27 03:54:26] epoch  243/300 | train=0.000800 | val=0.000905 | best=0.000875@237 | patience=6/30 | time=3.84s
[2026-04-27 03:54:30] epoch  244/300 | train=0.000805 | val=0.000976 | best=0.000875@237 | patience=7/30 | time=3.85s
[2026-04-27 03:54:34] epoch  245/300 | train=0.000824 | val=0.000893 | best=0.000875@237 | patience=8/30 | time=4.03s
[2026-04-27 03:54:41] epoch  246/300 | train=0.000790 | val=0.000891 | best=0.000875@237 | patience=9/30 | time=6.52s
[2026-04-27 03:54:45] epoch  247/300 | train=0.000783 | val=0.000892 | best=0.000875@237 | patience=10/30 | time=3.85s
[2026-04-27 03:54:49] epoch  248/300 | train=0.000770 | val=0.000890 | best=0.000875@237 | patience=11/30 | time=4.33s
[2026-04-27 03:54:53] epoch  249/300 | train=0.000759 | val=0.000971 | best=0.000875@237 | patience=12/30 | time=3.84s
[2026-04-27 03:54:57] epoch  250/300 | train=0.000863 | val=0.000936 | best=0.000875@237 | patience=13/30 | time=3.86s
[2026-04-27 03:55:01] epoch  251/300 | train=0.000821 | val=0.000915 | best=0.000875@237 | patience=14/30 | time=3.87s
[2026-04-27 03:55:06] epoch  252/300 | train=0.000796 | val=0.000903 | best=0.000875@237 | patience=15/30 | time=4.10s
[2026-04-27 03:55:10] epoch  253/300 | train=0.000780 | val=0.000885 | best=0.000875@237 | patience=16/30 | time=3.89s
[2026-04-27 03:55:14] epoch  254/300 | train=0.000763 | val=0.000897 | best=0.000875@237 | patience=17/30 | time=3.84s
[2026-04-27 03:55:18] epoch  255/300 | train=0.000776 | val=0.000899 | best=0.000875@237 | patience=18/30 | time=3.91s
[2026-04-27 03:55:22] epoch  256/300 | train=0.000780 | val=0.000916 | best=0.000875@237 | patience=19/30 | time=3.84s
[2026-04-27 03:55:26] epoch  257/300 | train=0.000817 | val=0.000887 | best=0.000875@237 | patience=20/30 | time=3.87s
[2026-04-27 03:55:30] epoch  258/300 | train=0.000771 | val=0.000886 | best=0.000875@237 | patience=21/30 | time=3.87s
[2026-04-27 03:55:34] epoch  259/300 | train=0.000751 | val=0.000885 | best=0.000875@237 | patience=22/30 | time=4.09s
[2026-04-27 03:55:38] epoch  260/300 | train=0.000752 | val=0.000869 | best=0.000869@260 | patience=0/30 | time=3.90s *
[2026-04-27 03:55:42] epoch  261/300 | train=0.000742 | val=0.000868 | best=0.000869@260 | patience=1/30 | time=3.84s
[2026-04-27 03:55:47] epoch  262/300 | train=0.000728 | val=0.000926 | best=0.000869@260 | patience=2/30 | time=4.34s
[2026-04-27 03:55:51] epoch  263/300 | train=0.000773 | val=0.000892 | best=0.000869@260 | patience=3/30 | time=3.85s
[2026-04-27 03:55:55] epoch  264/300 | train=0.000750 | val=0.000893 | best=0.000869@260 | patience=4/30 | time=3.97s
[2026-04-27 03:55:59] epoch  265/300 | train=0.000752 | val=0.000867 | best=0.000867@265 | patience=0/30 | time=4.02s *
[2026-04-27 03:56:03] epoch  266/300 | train=0.000742 | val=0.000898 | best=0.000867@265 | patience=1/30 | time=4.12s
[2026-04-27 03:56:08] epoch  267/300 | train=0.000755 | val=0.000888 | best=0.000867@265 | patience=2/30 | time=3.89s
[2026-04-27 03:56:12] epoch  268/300 | train=0.000746 | val=0.000870 | best=0.000867@265 | patience=3/30 | time=3.84s
[2026-04-27 03:56:16] epoch  269/300 | train=0.000734 | val=0.000881 | best=0.000867@265 | patience=4/30 | time=3.91s
[2026-04-27 03:56:20] epoch  270/300 | train=0.000743 | val=0.000900 | best=0.000867@265 | patience=5/30 | time=3.84s
[2026-04-27 03:56:24] epoch  271/300 | train=0.000750 | val=0.000882 | best=0.000867@265 | patience=6/30 | time=3.97s
[2026-04-27 03:56:28] epoch  272/300 | train=0.000740 | val=0.000899 | best=0.000867@265 | patience=7/30 | time=3.84s
[2026-04-27 03:56:32] epoch  273/300 | train=0.000742 | val=0.000885 | best=0.000867@265 | patience=8/30 | time=3.87s
[2026-04-27 03:56:36] epoch  274/300 | train=0.000739 | val=0.000905 | best=0.000867@265 | patience=9/30 | time=4.10s
[2026-04-27 03:56:41] epoch  275/300 | train=0.000749 | val=0.000878 | best=0.000867@265 | patience=10/30 | time=3.99s
[2026-04-27 03:56:45] epoch  276/300 | train=0.000718 | val=0.000903 | best=0.000867@265 | patience=11/30 | time=3.84s
[2026-04-27 03:56:49] epoch  277/300 | train=0.000741 | val=0.000874 | best=0.000867@265 | patience=12/30 | time=4.38s
[2026-04-27 03:56:53] epoch  278/300 | train=0.000710 | val=0.000890 | best=0.000867@265 | patience=13/30 | time=3.84s
[2026-04-27 03:56:57] epoch  279/300 | train=0.000751 | val=0.000903 | best=0.000867@265 | patience=14/30 | time=3.97s
[2026-04-27 03:57:01] epoch  280/300 | train=0.000747 | val=0.000881 | best=0.000867@265 | patience=15/30 | time=4.04s
[2026-04-27 03:57:08] epoch  281/300 | train=0.000738 | val=0.000877 | best=0.000867@265 | patience=16/30 | time=6.79s
[2026-04-27 03:57:13] epoch  282/300 | train=0.000716 | val=0.000854 | best=0.000854@282 | patience=0/30 | time=3.84s *
[2026-04-27 03:57:17] epoch  283/300 | train=0.000695 | val=0.000892 | best=0.000854@282 | patience=1/30 | time=4.36s
[2026-04-27 03:57:21] epoch  284/300 | train=0.000730 | val=0.000932 | best=0.000854@282 | patience=2/30 | time=3.84s
[2026-04-27 03:57:25] epoch  285/300 | train=0.000814 | val=0.000919 | best=0.000854@282 | patience=3/30 | time=4.02s
[2026-04-27 03:57:29] epoch  286/300 | train=0.000775 | val=0.000901 | best=0.000854@282 | patience=4/30 | time=3.96s
[2026-04-27 03:57:36] epoch  287/300 | train=0.000777 | val=0.000885 | best=0.000854@282 | patience=5/30 | time=6.61s
[2026-04-27 03:57:40] epoch  288/300 | train=0.000756 | val=0.000876 | best=0.000854@282 | patience=6/30 | time=3.84s
[2026-04-27 03:57:45] epoch  289/300 | train=0.000734 | val=0.000866 | best=0.000854@282 | patience=7/30 | time=4.30s
[2026-04-27 03:57:49] epoch  290/300 | train=0.000738 | val=0.000876 | best=0.000854@282 | patience=8/30 | time=3.84s
[2026-04-27 03:57:53] epoch  291/300 | train=0.000717 | val=0.000861 | best=0.000854@282 | patience=9/30 | time=3.96s
[2026-04-27 03:57:57] epoch  292/300 | train=0.000697 | val=0.000857 | best=0.000854@282 | patience=10/30 | time=4.03s
[2026-04-27 03:58:04] epoch  293/300 | train=0.000700 | val=0.000903 | best=0.000854@282 | patience=11/30 | time=6.35s
[2026-04-27 03:58:08] epoch  294/300 | train=0.000754 | val=0.000871 | best=0.000854@282 | patience=12/30 | time=4.02s
[2026-04-27 03:58:12] epoch  295/300 | train=0.000715 | val=0.000883 | best=0.000854@282 | patience=13/30 | time=3.84s
[2026-04-27 03:58:17] epoch  296/300 | train=0.000709 | val=0.000858 | best=0.000854@282 | patience=14/30 | time=4.29s
[2026-04-27 03:58:21] epoch  297/300 | train=0.000704 | val=0.000880 | best=0.000854@282 | patience=15/30 | time=3.84s
[2026-04-27 03:58:25] epoch  298/300 | train=0.000712 | val=0.000877 | best=0.000854@282 | patience=16/30 | time=4.03s
[2026-04-27 03:58:29] epoch  299/300 | train=0.000698 | val=0.000866 | best=0.000854@282 | patience=17/30 | time=4.02s
[2026-04-27 03:58:35] epoch  300/300 | train=0.000691 | val=0.000874 | best=0.000854@282 | patience=18/30 | time=5.60s
[2026-04-27 03:58:35] Training done: stop_reason=max_epochs, total_epochs=300, best_epoch=282, best_val=0.000854
[2026-04-27 03:58:35] Reloading best checkpoint (epoch 282) for evaluation
[2026-04-27 03:58:42] ------------------------------------------------------------
[2026-04-27 03:58:42] Evaluation:
[2026-04-27 03:58:42]   AUC broken_lcfs         : 0.5980
[2026-04-27 03:58:42]   AUC bad_black_core      : 0.9971
[2026-04-27 03:58:42]   AUC bad_nonconverged    : 0.9973
[2026-04-27 03:58:42]   objective      : 0.8375
[2026-04-27 03:58:42]   floor_ok       : True
[2026-04-27 03:58:42]   threshold      : 0.0687
[2026-04-27 03:58:42]   mu / sigma     : 0.000695214 / 0.000190866
[2026-04-27 03:58:42] Train time=1387.1s, eval time=7.0s
