[2026-04-27 02:08:41] ============================================================
[2026-04-27 02:08:41] Trial 33 starting on cuda:0
[2026-04-27 02:08:41] Timestamp: 2026-04-27T02:08:41.090200
[2026-04-27 02:08:41] --- Config summary ---
  bottleneck_dim  : 100
  n_enc_layers    : 5
  n_dec_layers    : 5
  base_channels   : 58
  growth_factor   : 1.6032040452688738
  use_batchnorm   : True
  use_hpf         : True
  hpf_sigma       : 1.2112852332774635
  lr              : 0.00012844625906852157
  batch_size      : 56
  max_epochs      : 300
  patience        : 30
  seed            : 42
  deterministic   : False
  trial_num       : 33
[2026-04-27 02:08:41] Loading train/val/selection splits...
[2026-04-27 02:09:39] Splits loaded in 58.8s: n_train=722, n_val=120, n_selection=405
[2026-04-27 02:09:40] --- Architecture summary ---
  channels per enc layer : [58, 93, 149, 239, 383]
  final spatial size     : 8x8
  flat size before latent: 24512
  bottleneck_dim         : 100
  total parameters       : 17,468,436
[2026-04-27 02:09:40] Starting training: n_train=722, n_val=120, device=cuda:0
[2026-04-27 02:18:11] epoch    1/300 | train=0.007079 | val=0.005668 | best=0.005668@1 | patience=0/30 | time=510.40s *
[2026-04-27 02:18:19] epoch    2/300 | train=0.003671 | val=0.004699 | best=0.004699@2 | patience=0/30 | time=7.35s *
[2026-04-27 02:18:27] epoch    3/300 | train=0.003191 | val=0.003842 | best=0.003842@3 | patience=0/30 | time=7.53s *
[2026-04-27 02:18:34] epoch    4/300 | train=0.002952 | val=0.003812 | best=0.003812@4 | patience=0/30 | time=7.34s *
[2026-04-27 02:18:43] epoch    5/300 | train=0.002671 | val=0.003408 | best=0.003408@5 | patience=0/30 | time=7.40s *
[2026-04-27 02:18:51] epoch    6/300 | train=0.002372 | val=0.002753 | best=0.002753@6 | patience=0/30 | time=7.47s *
[2026-04-27 02:18:59] epoch    7/300 | train=0.002249 | val=0.002232 | best=0.002232@7 | patience=0/30 | time=7.36s *
[2026-04-27 02:19:07] epoch    8/300 | train=0.002098 | val=0.002084 | best=0.002084@8 | patience=0/30 | time=7.68s *
[2026-04-27 02:19:15] epoch    9/300 | train=0.001936 | val=0.001890 | best=0.001890@9 | patience=0/30 | time=7.48s *
[2026-04-27 02:19:23] epoch   10/300 | train=0.001810 | val=0.001782 | best=0.001782@10 | patience=0/30 | time=7.40s *
[2026-04-27 02:19:31] epoch   11/300 | train=0.001753 | val=0.001726 | best=0.001726@11 | patience=0/30 | time=7.63s *
[2026-04-27 02:19:38] epoch   12/300 | train=0.001710 | val=0.001709 | best=0.001709@12 | patience=0/30 | time=7.38s *
[2026-04-27 02:19:46] epoch   13/300 | train=0.001707 | val=0.001674 | best=0.001674@13 | patience=0/30 | time=7.58s *
[2026-04-27 02:19:54] epoch   14/300 | train=0.001663 | val=0.001651 | best=0.001651@14 | patience=0/30 | time=7.37s *
[2026-04-27 02:20:02] epoch   15/300 | train=0.001646 | val=0.001616 | best=0.001616@15 | patience=0/30 | time=7.39s *
[2026-04-27 02:20:10] epoch   16/300 | train=0.001684 | val=0.001698 | best=0.001616@15 | patience=1/30 | time=7.57s
[2026-04-27 02:20:18] epoch   17/300 | train=0.001627 | val=0.001606 | best=0.001606@17 | patience=0/30 | time=7.37s *
[2026-04-27 02:20:26] epoch   18/300 | train=0.001596 | val=0.001582 | best=0.001582@18 | patience=0/30 | time=7.67s *
[2026-04-27 02:20:34] epoch   19/300 | train=0.001584 | val=0.001561 | best=0.001561@19 | patience=0/30 | time=7.49s *
[2026-04-27 02:20:42] epoch   20/300 | train=0.001551 | val=0.001540 | best=0.001540@20 | patience=0/30 | time=7.42s *
[2026-04-27 02:20:49] epoch   21/300 | train=0.001542 | val=0.001548 | best=0.001540@20 | patience=1/30 | time=7.62s
[2026-04-27 02:20:57] epoch   22/300 | train=0.001521 | val=0.001513 | best=0.001513@22 | patience=0/30 | time=7.39s *
[2026-04-27 02:21:05] epoch   23/300 | train=0.001507 | val=0.001515 | best=0.001513@22 | patience=1/30 | time=7.59s
[2026-04-27 02:21:13] epoch   24/300 | train=0.001505 | val=0.001498 | best=0.001498@24 | patience=0/30 | time=7.37s *
[2026-04-27 02:21:21] epoch   25/300 | train=0.001500 | val=0.001495 | best=0.001495@25 | patience=0/30 | time=7.38s *
[2026-04-27 02:21:28] epoch   26/300 | train=0.001493 | val=0.001505 | best=0.001495@25 | patience=1/30 | time=7.56s
[2026-04-27 02:21:36] epoch   27/300 | train=0.001505 | val=0.001501 | best=0.001495@25 | patience=2/30 | time=7.36s
[2026-04-27 02:21:44] epoch   28/300 | train=0.001508 | val=0.001486 | best=0.001486@28 | patience=0/30 | time=7.67s *
[2026-04-27 02:21:52] epoch   29/300 | train=0.001478 | val=0.001469 | best=0.001469@29 | patience=0/30 | time=7.49s *
[2026-04-27 02:22:00] epoch   30/300 | train=0.001446 | val=0.001451 | best=0.001451@30 | patience=0/30 | time=7.41s *
[2026-04-27 02:22:07] epoch   31/300 | train=0.001456 | val=0.001467 | best=0.001451@30 | patience=1/30 | time=7.61s
[2026-04-27 02:22:15] epoch   32/300 | train=0.001456 | val=0.001452 | best=0.001451@30 | patience=2/30 | time=7.40s
[2026-04-27 02:22:23] epoch   33/300 | train=0.001439 | val=0.001431 | best=0.001431@33 | patience=0/30 | time=7.60s *
[2026-04-27 02:22:31] epoch   34/300 | train=0.001423 | val=0.001427 | best=0.001427@34 | patience=0/30 | time=7.37s *
[2026-04-27 02:22:39] epoch   35/300 | train=0.001415 | val=0.001418 | best=0.001418@35 | patience=0/30 | time=7.68s *
[2026-04-27 02:22:47] epoch   36/300 | train=0.001407 | val=0.001396 | best=0.001396@36 | patience=0/30 | time=7.60s *
[2026-04-27 02:22:54] epoch   37/300 | train=0.001398 | val=0.001402 | best=0.001396@36 | patience=1/30 | time=7.36s
[2026-04-27 02:23:02] epoch   38/300 | train=0.001377 | val=0.001392 | best=0.001392@38 | patience=0/30 | time=7.73s *
[2026-04-27 02:23:10] epoch   39/300 | train=0.001364 | val=0.001385 | best=0.001385@39 | patience=0/30 | time=7.55s *
[2026-04-27 02:23:18] epoch   40/300 | train=0.001360 | val=0.001361 | best=0.001361@40 | patience=0/30 | time=7.41s *
[2026-04-27 02:23:26] epoch   41/300 | train=0.001346 | val=0.001359 | best=0.001359@41 | patience=0/30 | time=7.61s *
[2026-04-27 02:23:34] epoch   42/300 | train=0.001340 | val=0.001350 | best=0.001350@42 | patience=0/30 | time=7.38s *
[2026-04-27 02:23:42] epoch   43/300 | train=0.001342 | val=0.001350 | best=0.001350@42 | patience=1/30 | time=7.57s
[2026-04-27 02:23:49] epoch   44/300 | train=0.001360 | val=0.001362 | best=0.001350@42 | patience=2/30 | time=7.36s
[2026-04-27 02:23:57] epoch   45/300 | train=0.001331 | val=0.001346 | best=0.001346@45 | patience=0/30 | time=7.66s *
[2026-04-27 02:24:05] epoch   46/300 | train=0.001321 | val=0.001344 | best=0.001344@46 | patience=0/30 | time=7.58s *
[2026-04-27 02:24:13] epoch   47/300 | train=0.001299 | val=0.001315 | best=0.001315@47 | patience=0/30 | time=7.36s *
[2026-04-27 02:24:21] epoch   48/300 | train=0.001288 | val=0.001303 | best=0.001303@48 | patience=0/30 | time=7.66s *
[2026-04-27 02:24:28] epoch   49/300 | train=0.001283 | val=0.001308 | best=0.001303@48 | patience=1/30 | time=7.48s
[2026-04-27 02:24:36] epoch   50/300 | train=0.001288 | val=0.001301 | best=0.001301@50 | patience=0/30 | time=7.40s *
[2026-04-27 02:24:44] epoch   51/300 | train=0.001291 | val=0.001313 | best=0.001301@50 | patience=1/30 | time=7.67s
[2026-04-27 02:24:52] epoch   52/300 | train=0.001276 | val=0.001293 | best=0.001293@52 | patience=0/30 | time=7.38s *
[2026-04-27 02:25:00] epoch   53/300 | train=0.001286 | val=0.001311 | best=0.001293@52 | patience=1/30 | time=7.56s
[2026-04-27 02:25:07] epoch   54/300 | train=0.001279 | val=0.001292 | best=0.001293@52 | patience=2/30 | time=7.36s
[2026-04-27 02:25:15] epoch   55/300 | train=0.001263 | val=0.001278 | best=0.001278@55 | patience=0/30 | time=7.74s *
[2026-04-27 02:25:23] epoch   56/300 | train=0.001248 | val=0.001280 | best=0.001278@55 | patience=1/30 | time=7.52s
[2026-04-27 02:25:31] epoch   57/300 | train=0.001234 | val=0.001260 | best=0.001260@57 | patience=0/30 | time=7.44s *
[2026-04-27 02:25:39] epoch   58/300 | train=0.001230 | val=0.001256 | best=0.001256@58 | patience=0/30 | time=7.66s *
[2026-04-27 02:25:47] epoch   59/300 | train=0.001222 | val=0.001252 | best=0.001252@59 | patience=0/30 | time=7.49s *
[2026-04-27 02:25:54] epoch   60/300 | train=0.001211 | val=0.001252 | best=0.001252@59 | patience=1/30 | time=7.42s
[2026-04-27 02:26:02] epoch   61/300 | train=0.001223 | val=0.001253 | best=0.001252@59 | patience=2/30 | time=7.63s
[2026-04-27 02:26:10] epoch   62/300 | train=0.001215 | val=0.001242 | best=0.001242@62 | patience=0/30 | time=7.38s *
[2026-04-27 02:26:18] epoch   63/300 | train=0.001190 | val=0.001227 | best=0.001227@63 | patience=0/30 | time=7.55s *
[2026-04-27 02:26:25] epoch   64/300 | train=0.001179 | val=0.001232 | best=0.001227@63 | patience=1/30 | time=7.36s
[2026-04-27 02:26:33] epoch   65/300 | train=0.001191 | val=0.001245 | best=0.001227@63 | patience=2/30 | time=7.66s
[2026-04-27 02:26:40] epoch   66/300 | train=0.001192 | val=0.001230 | best=0.001227@63 | patience=3/30 | time=7.49s
[2026-04-27 02:26:48] epoch   67/300 | train=0.001178 | val=0.001227 | best=0.001227@63 | patience=4/30 | time=7.40s
[2026-04-27 02:26:56] epoch   68/300 | train=0.001175 | val=0.001217 | best=0.001217@68 | patience=0/30 | time=7.61s *
[2026-04-27 02:27:04] epoch   69/300 | train=0.001163 | val=0.001205 | best=0.001205@69 | patience=0/30 | time=7.38s *
[2026-04-27 02:27:12] epoch   70/300 | train=0.001146 | val=0.001209 | best=0.001205@69 | patience=1/30 | time=7.41s
[2026-04-27 02:27:19] epoch   71/300 | train=0.001149 | val=0.001244 | best=0.001205@69 | patience=2/30 | time=7.68s
[2026-04-27 02:27:27] epoch   72/300 | train=0.001146 | val=0.001207 | best=0.001205@69 | patience=3/30 | time=7.40s
[2026-04-27 02:27:35] epoch   73/300 | train=0.001154 | val=0.001214 | best=0.001205@69 | patience=4/30 | time=7.60s
[2026-04-27 02:27:42] epoch   74/300 | train=0.001134 | val=0.001188 | best=0.001188@74 | patience=0/30 | time=7.36s *
[2026-04-27 02:27:50] epoch   75/300 | train=0.001123 | val=0.001194 | best=0.001188@74 | patience=1/30 | time=7.74s
[2026-04-27 02:27:58] epoch   76/300 | train=0.001123 | val=0.001185 | best=0.001185@76 | patience=0/30 | time=7.52s *
[2026-04-27 02:28:06] epoch   77/300 | train=0.001106 | val=0.001173 | best=0.001173@77 | patience=0/30 | time=7.41s *
[2026-04-27 02:28:14] epoch   78/300 | train=0.001114 | val=0.001197 | best=0.001173@77 | patience=1/30 | time=7.63s
[2026-04-27 02:28:21] epoch   79/300 | train=0.001116 | val=0.001182 | best=0.001173@77 | patience=2/30 | time=7.38s
[2026-04-27 02:28:29] epoch   80/300 | train=0.001095 | val=0.001181 | best=0.001173@77 | patience=3/30 | time=7.60s
[2026-04-27 02:28:36] epoch   81/300 | train=0.001106 | val=0.001184 | best=0.001173@77 | patience=4/30 | time=7.37s
[2026-04-27 02:28:44] epoch   82/300 | train=0.001131 | val=0.001192 | best=0.001173@77 | patience=5/30 | time=7.75s
[2026-04-27 02:28:52] epoch   83/300 | train=0.001108 | val=0.001173 | best=0.001173@77 | patience=6/30 | time=7.53s
[2026-04-27 02:28:59] epoch   84/300 | train=0.001093 | val=0.001182 | best=0.001173@77 | patience=7/30 | time=7.37s
[2026-04-27 02:29:07] epoch   85/300 | train=0.001106 | val=0.001178 | best=0.001173@77 | patience=8/30 | time=7.74s
[2026-04-27 02:29:15] epoch   86/300 | train=0.001091 | val=0.001187 | best=0.001173@77 | patience=9/30 | time=7.53s
[2026-04-27 02:29:23] epoch   87/300 | train=0.001087 | val=0.001165 | best=0.001165@87 | patience=0/30 | time=7.42s *
[2026-04-27 02:29:31] epoch   88/300 | train=0.001072 | val=0.001157 | best=0.001157@88 | patience=0/30 | time=7.69s *
[2026-04-27 02:29:38] epoch   89/300 | train=0.001069 | val=0.001171 | best=0.001157@88 | patience=1/30 | time=7.41s
[2026-04-27 02:29:46] epoch   90/300 | train=0.001079 | val=0.001169 | best=0.001157@88 | patience=2/30 | time=7.60s
[2026-04-27 02:29:53] epoch   91/300 | train=0.001059 | val=0.001164 | best=0.001157@88 | patience=3/30 | time=7.36s
[2026-04-27 02:30:01] epoch   92/300 | train=0.001044 | val=0.001162 | best=0.001157@88 | patience=4/30 | time=7.73s
[2026-04-27 02:30:09] epoch   93/300 | train=0.001040 | val=0.001161 | best=0.001157@88 | patience=5/30 | time=7.48s
[2026-04-27 02:30:17] epoch   94/300 | train=0.001041 | val=0.001148 | best=0.001148@94 | patience=0/30 | time=7.40s *
[2026-04-27 02:30:24] epoch   95/300 | train=0.001044 | val=0.001156 | best=0.001148@94 | patience=1/30 | time=7.61s
[2026-04-27 02:30:32] epoch   96/300 | train=0.001033 | val=0.001168 | best=0.001148@94 | patience=2/30 | time=7.38s
[2026-04-27 02:30:40] epoch   97/300 | train=0.001042 | val=0.001148 | best=0.001148@94 | patience=3/30 | time=7.59s
[2026-04-27 02:30:48] epoch   98/300 | train=0.001035 | val=0.001139 | best=0.001139@98 | patience=0/30 | time=7.36s *
[2026-04-27 02:30:55] epoch   99/300 | train=0.001005 | val=0.001150 | best=0.001139@98 | patience=1/30 | time=7.39s
[2026-04-27 02:31:03] epoch  100/300 | train=0.001004 | val=0.001133 | best=0.001133@100 | patience=0/30 | time=7.60s *
[2026-04-27 02:31:11] epoch  101/300 | train=0.001004 | val=0.001151 | best=0.001133@100 | patience=1/30 | time=7.36s
[2026-04-27 02:31:18] epoch  102/300 | train=0.001013 | val=0.001143 | best=0.001133@100 | patience=2/30 | time=7.70s
[2026-04-27 02:31:26] epoch  103/300 | train=0.001009 | val=0.001130 | best=0.001130@103 | patience=0/30 | time=7.49s *
[2026-04-27 02:31:34] epoch  104/300 | train=0.000990 | val=0.001119 | best=0.001119@104 | patience=0/30 | time=7.41s *
[2026-04-27 02:31:42] epoch  105/300 | train=0.000990 | val=0.001128 | best=0.001119@104 | patience=1/30 | time=7.62s
[2026-04-27 02:31:50] epoch  106/300 | train=0.000982 | val=0.001117 | best=0.001117@106 | patience=0/30 | time=7.39s *
[2026-04-27 02:31:57] epoch  107/300 | train=0.000970 | val=0.001130 | best=0.001117@106 | patience=1/30 | time=7.59s
[2026-04-27 02:32:05] epoch  108/300 | train=0.001001 | val=0.001165 | best=0.001117@106 | patience=2/30 | time=7.36s
[2026-04-27 02:32:13] epoch  109/300 | train=0.000997 | val=0.001145 | best=0.001117@106 | patience=3/30 | time=7.67s
[2026-04-27 02:32:21] epoch  110/300 | train=0.000963 | val=0.001110 | best=0.001110@110 | patience=0/30 | time=7.52s *
[2026-04-27 02:32:28] epoch  111/300 | train=0.000964 | val=0.001124 | best=0.001110@110 | patience=1/30 | time=7.36s
[2026-04-27 02:32:36] epoch  112/300 | train=0.000961 | val=0.001109 | best=0.001110@110 | patience=2/30 | time=7.66s
[2026-04-27 02:32:44] epoch  113/300 | train=0.000950 | val=0.001108 | best=0.001108@113 | patience=0/30 | time=7.53s *
[2026-04-27 02:32:51] epoch  114/300 | train=0.000951 | val=0.001118 | best=0.001108@113 | patience=1/30 | time=7.41s
[2026-04-27 02:32:59] epoch  115/300 | train=0.000956 | val=0.001136 | best=0.001108@113 | patience=2/30 | time=7.60s
[2026-04-27 02:33:07] epoch  116/300 | train=0.000946 | val=0.001109 | best=0.001108@113 | patience=3/30 | time=7.37s
[2026-04-27 02:33:14] epoch  117/300 | train=0.000954 | val=0.001141 | best=0.001108@113 | patience=4/30 | time=7.55s
[2026-04-27 02:33:22] epoch  118/300 | train=0.000958 | val=0.001138 | best=0.001108@113 | patience=5/30 | time=7.36s
[2026-04-27 02:33:30] epoch  119/300 | train=0.000929 | val=0.001119 | best=0.001108@113 | patience=6/30 | time=7.73s
[2026-04-27 02:33:37] epoch  120/300 | train=0.000937 | val=0.001116 | best=0.001108@113 | patience=7/30 | time=7.49s
[2026-04-27 02:33:45] epoch  121/300 | train=0.000933 | val=0.001105 | best=0.001105@121 | patience=0/30 | time=7.40s *
[2026-04-27 02:33:53] epoch  122/300 | train=0.000930 | val=0.001127 | best=0.001105@121 | patience=1/30 | time=7.61s
[2026-04-27 02:34:00] epoch  123/300 | train=0.000908 | val=0.001105 | best=0.001105@121 | patience=2/30 | time=7.38s
[2026-04-27 02:34:08] epoch  124/300 | train=0.000897 | val=0.001095 | best=0.001095@124 | patience=0/30 | time=7.59s *
[2026-04-27 02:34:16] epoch  125/300 | train=0.000899 | val=0.001107 | best=0.001095@124 | patience=1/30 | time=7.36s
[2026-04-27 02:34:24] epoch  126/300 | train=0.000904 | val=0.001110 | best=0.001095@124 | patience=2/30 | time=7.67s
[2026-04-27 02:34:31] epoch  127/300 | train=0.000902 | val=0.001125 | best=0.001095@124 | patience=3/30 | time=7.60s
[2026-04-27 02:34:39] epoch  128/300 | train=0.000900 | val=0.001103 | best=0.001095@124 | patience=4/30 | time=7.36s
[2026-04-27 02:34:47] epoch  129/300 | train=0.000884 | val=0.001101 | best=0.001095@124 | patience=5/30 | time=7.65s
[2026-04-27 02:34:55] epoch  130/300 | train=0.000882 | val=0.001091 | best=0.001091@130 | patience=0/30 | time=7.50s *
[2026-04-27 02:35:02] epoch  131/300 | train=0.000866 | val=0.001098 | best=0.001091@130 | patience=1/30 | time=7.41s
[2026-04-27 02:35:10] epoch  132/300 | train=0.000856 | val=0.001093 | best=0.001091@130 | patience=2/30 | time=7.61s
[2026-04-27 02:35:17] epoch  133/300 | train=0.000850 | val=0.001090 | best=0.001091@130 | patience=3/30 | time=7.38s
[2026-04-27 02:35:26] epoch  134/300 | train=0.000880 | val=0.001114 | best=0.001091@130 | patience=4/30 | time=7.55s
[2026-04-27 02:35:33] epoch  135/300 | train=0.000869 | val=0.001099 | best=0.001091@130 | patience=5/30 | time=7.35s
[2026-04-27 02:35:41] epoch  136/300 | train=0.000849 | val=0.001095 | best=0.001091@130 | patience=6/30 | time=7.68s
[2026-04-27 02:35:48] epoch  137/300 | train=0.000844 | val=0.001110 | best=0.001091@130 | patience=7/30 | time=7.49s
[2026-04-27 02:35:56] epoch  138/300 | train=0.000859 | val=0.001096 | best=0.001091@130 | patience=8/30 | time=7.41s
[2026-04-27 02:36:04] epoch  139/300 | train=0.000840 | val=0.001110 | best=0.001091@130 | patience=9/30 | time=7.60s
[2026-04-27 02:36:11] epoch  140/300 | train=0.000838 | val=0.001095 | best=0.001091@130 | patience=10/30 | time=7.38s
[2026-04-27 02:36:19] epoch  141/300 | train=0.000827 | val=0.001118 | best=0.001091@130 | patience=11/30 | time=7.56s
[2026-04-27 02:36:26] epoch  142/300 | train=0.000831 | val=0.001112 | best=0.001091@130 | patience=12/30 | time=7.36s
[2026-04-27 02:36:34] epoch  143/300 | train=0.000831 | val=0.001112 | best=0.001091@130 | patience=13/30 | time=7.67s
[2026-04-27 02:36:42] epoch  144/300 | train=0.000837 | val=0.001097 | best=0.001091@130 | patience=14/30 | time=7.50s
[2026-04-27 02:36:49] epoch  145/300 | train=0.000824 | val=0.001098 | best=0.001091@130 | patience=15/30 | time=7.42s
[2026-04-27 02:36:57] epoch  146/300 | train=0.000818 | val=0.001102 | best=0.001091@130 | patience=16/30 | time=7.76s
[2026-04-27 02:37:05] epoch  147/300 | train=0.000814 | val=0.001091 | best=0.001091@130 | patience=17/30 | time=7.53s
[2026-04-27 02:37:12] epoch  148/300 | train=0.000812 | val=0.001111 | best=0.001091@130 | patience=18/30 | time=7.41s
[2026-04-27 02:37:20] epoch  149/300 | train=0.000805 | val=0.001082 | best=0.001082@149 | patience=0/30 | time=7.61s *
[2026-04-27 02:37:28] epoch  150/300 | train=0.000788 | val=0.001110 | best=0.001082@149 | patience=1/30 | time=7.39s
[2026-04-27 02:37:35] epoch  151/300 | train=0.000804 | val=0.001106 | best=0.001082@149 | patience=2/30 | time=7.55s
[2026-04-27 02:37:43] epoch  152/300 | train=0.000799 | val=0.001083 | best=0.001082@149 | patience=3/30 | time=7.37s
[2026-04-27 02:37:51] epoch  153/300 | train=0.000774 | val=0.001087 | best=0.001082@149 | patience=4/30 | time=7.73s
[2026-04-27 02:37:58] epoch  154/300 | train=0.000765 | val=0.001093 | best=0.001082@149 | patience=5/30 | time=7.48s
[2026-04-27 02:38:06] epoch  155/300 | train=0.000774 | val=0.001089 | best=0.001082@149 | patience=6/30 | time=7.40s
[2026-04-27 02:38:14] epoch  156/300 | train=0.000775 | val=0.001095 | best=0.001082@149 | patience=7/30 | time=7.69s
[2026-04-27 02:38:21] epoch  157/300 | train=0.000776 | val=0.001106 | best=0.001082@149 | patience=8/30 | time=7.38s
[2026-04-27 02:38:29] epoch  158/300 | train=0.000771 | val=0.001082 | best=0.001082@149 | patience=9/30 | time=7.60s
[2026-04-27 02:38:36] epoch  159/300 | train=0.000747 | val=0.001082 | best=0.001082@149 | patience=10/30 | time=7.36s
[2026-04-27 02:38:44] epoch  160/300 | train=0.000744 | val=0.001091 | best=0.001082@149 | patience=11/30 | time=7.67s
[2026-04-27 02:38:52] epoch  161/300 | train=0.000767 | val=0.001092 | best=0.001082@149 | patience=12/30 | time=7.53s
[2026-04-27 02:38:59] epoch  162/300 | train=0.000776 | val=0.001130 | best=0.001082@149 | patience=13/30 | time=7.40s
[2026-04-27 02:39:07] epoch  163/300 | train=0.000780 | val=0.001095 | best=0.001082@149 | patience=14/30 | time=7.63s
[2026-04-27 02:39:15] epoch  164/300 | train=0.000748 | val=0.001095 | best=0.001082@149 | patience=15/30 | time=7.39s
[2026-04-27 02:39:22] epoch  165/300 | train=0.000735 | val=0.001100 | best=0.001082@149 | patience=16/30 | time=7.55s
[2026-04-27 02:39:30] epoch  166/300 | train=0.000734 | val=0.001101 | best=0.001082@149 | patience=17/30 | time=7.64s
[2026-04-27 02:39:37] epoch  167/300 | train=0.000732 | val=0.001084 | best=0.001082@149 | patience=18/30 | time=7.38s
[2026-04-27 02:39:45] epoch  168/300 | train=0.000734 | val=0.001091 | best=0.001082@149 | patience=19/30 | time=7.56s
[2026-04-27 02:39:53] epoch  169/300 | train=0.000725 | val=0.001088 | best=0.001082@149 | patience=20/30 | time=7.36s
[2026-04-27 02:40:01] epoch  170/300 | train=0.000718 | val=0.001080 | best=0.001080@170 | patience=0/30 | time=7.66s *
[2026-04-27 02:40:08] epoch  171/300 | train=0.000724 | val=0.001088 | best=0.001080@170 | patience=1/30 | time=7.50s
[2026-04-27 02:40:16] epoch  172/300 | train=0.000729 | val=0.001115 | best=0.001080@170 | patience=2/30 | time=7.41s
[2026-04-27 02:40:24] epoch  173/300 | train=0.000715 | val=0.001087 | best=0.001080@170 | patience=3/30 | time=7.62s
[2026-04-27 02:40:31] epoch  174/300 | train=0.000686 | val=0.001074 | best=0.001074@174 | patience=0/30 | time=7.39s *
[2026-04-27 02:40:39] epoch  175/300 | train=0.000696 | val=0.001091 | best=0.001074@174 | patience=1/30 | time=7.56s
[2026-04-27 02:40:47] epoch  176/300 | train=0.000698 | val=0.001098 | best=0.001074@174 | patience=2/30 | time=7.37s
[2026-04-27 02:40:54] epoch  177/300 | train=0.000696 | val=0.001096 | best=0.001074@174 | patience=3/30 | time=7.68s
[2026-04-27 02:41:02] epoch  178/300 | train=0.000688 | val=0.001078 | best=0.001074@174 | patience=4/30 | time=7.52s
[2026-04-27 02:41:10] epoch  179/300 | train=0.000678 | val=0.001112 | best=0.001074@174 | patience=5/30 | time=7.42s
[2026-04-27 02:41:17] epoch  180/300 | train=0.000667 | val=0.001082 | best=0.001074@174 | patience=6/30 | time=7.61s
[2026-04-27 02:41:25] epoch  181/300 | train=0.000676 | val=0.001099 | best=0.001074@174 | patience=7/30 | time=7.38s
[2026-04-27 02:41:32] epoch  182/300 | train=0.000674 | val=0.001090 | best=0.001074@174 | patience=8/30 | time=7.57s
[2026-04-27 02:41:40] epoch  183/300 | train=0.000664 | val=0.001096 | best=0.001074@174 | patience=9/30 | time=7.37s
[2026-04-27 02:41:48] epoch  184/300 | train=0.000664 | val=0.001095 | best=0.001074@174 | patience=10/30 | time=7.67s
[2026-04-27 02:41:55] epoch  185/300 | train=0.000668 | val=0.001094 | best=0.001074@174 | patience=11/30 | time=7.50s
[2026-04-27 02:42:03] epoch  186/300 | train=0.000662 | val=0.001104 | best=0.001074@174 | patience=12/30 | time=7.41s
[2026-04-27 02:42:11] epoch  187/300 | train=0.000676 | val=0.001087 | best=0.001074@174 | patience=13/30 | time=7.66s
[2026-04-27 02:42:18] epoch  188/300 | train=0.000662 | val=0.001086 | best=0.001074@174 | patience=14/30 | time=7.31s
[2026-04-27 02:42:26] epoch  189/300 | train=0.000640 | val=0.001079 | best=0.001074@174 | patience=15/30 | time=7.38s
[2026-04-27 02:42:34] epoch  190/300 | train=0.000640 | val=0.001084 | best=0.001074@174 | patience=16/30 | time=7.61s
[2026-04-27 02:42:41] epoch  191/300 | train=0.000635 | val=0.001080 | best=0.001074@174 | patience=17/30 | time=7.38s
[2026-04-27 02:42:49] epoch  192/300 | train=0.000629 | val=0.001105 | best=0.001074@174 | patience=18/30 | time=7.56s
[2026-04-27 02:42:56] epoch  193/300 | train=0.000637 | val=0.001110 | best=0.001074@174 | patience=19/30 | time=7.37s
[2026-04-27 02:43:04] epoch  194/300 | train=0.000640 | val=0.001084 | best=0.001074@174 | patience=20/30 | time=7.75s
[2026-04-27 02:43:12] epoch  195/300 | train=0.000646 | val=0.001082 | best=0.001074@174 | patience=21/30 | time=7.52s
[2026-04-27 02:43:19] epoch  196/300 | train=0.000634 | val=0.001094 | best=0.001074@174 | patience=22/30 | time=7.41s
[2026-04-27 02:43:27] epoch  197/300 | train=0.000626 | val=0.001079 | best=0.001074@174 | patience=23/30 | time=7.68s
[2026-04-27 02:43:35] epoch  198/300 | train=0.000618 | val=0.001084 | best=0.001074@174 | patience=24/30 | time=7.38s
[2026-04-27 02:43:42] epoch  199/300 | train=0.000615 | val=0.001104 | best=0.001074@174 | patience=25/30 | time=7.60s
[2026-04-27 02:43:50] epoch  200/300 | train=0.000612 | val=0.001086 | best=0.001074@174 | patience=26/30 | time=7.37s
[2026-04-27 02:43:58] epoch  201/300 | train=0.000620 | val=0.001088 | best=0.001074@174 | patience=27/30 | time=7.67s
[2026-04-27 02:44:05] epoch  202/300 | train=0.000607 | val=0.001087 | best=0.001074@174 | patience=28/30 | time=7.52s
[2026-04-27 02:44:13] epoch  203/300 | train=0.000598 | val=0.001095 | best=0.001074@174 | patience=29/30 | time=7.41s
[2026-04-27 02:44:21] epoch  204/300 | train=0.000589 | val=0.001088 | best=0.001074@174 | patience=30/30 | time=7.67s
[2026-04-27 02:44:21]   early stopping at epoch 204 (no improvement for 30 epochs)
[2026-04-27 02:44:21] Training done: stop_reason=early_stop, total_epochs=204, best_epoch=174, best_val=0.001074
[2026-04-27 02:44:21] Reloading best checkpoint (epoch 174) for evaluation
[2026-04-27 02:44:34] ------------------------------------------------------------
[2026-04-27 02:44:34] Evaluation:
[2026-04-27 02:44:34]   AUC broken_lcfs         : 0.6208
[2026-04-27 02:44:34]   AUC bad_black_core      : 0.9969
[2026-04-27 02:44:34]   AUC bad_nonconverged    : 0.9980
[2026-04-27 02:44:34]   objective      : 0.8468
[2026-04-27 02:44:34]   floor_ok       : True
[2026-04-27 02:44:34]   threshold      : 0.1261
[2026-04-27 02:44:34]   mu / sigma     : 0.00066273 / 0.00017976
[2026-04-27 02:44:34] Train time=2080.6s, eval time=13.0s
