[2026-04-27 11:18:40] ============================================================
[2026-04-27 11:18:40] Trial 173 starting on cuda:0
[2026-04-27 11:18:40] Timestamp: 2026-04-27T11:18:40.522024
[2026-04-27 11:18:40] --- Config summary ---
  bottleneck_dim  : 183
  n_enc_layers    : 5
  n_dec_layers    : 5
  base_channels   : 43
  growth_factor   : 1.7971091008369213
  use_batchnorm   : True
  use_hpf         : True
  hpf_sigma       : 1.0268061012330656
  lr              : 7.69087519969867e-05
  batch_size      : 32
  max_epochs      : 300
  patience        : 30
  seed            : 42
  deterministic   : False
  trial_num       : 173
[2026-04-27 11:18:40] Loading train/val/selection splits...
[2026-04-27 11:19:39] Splits loaded in 59.3s: n_train=722, n_val=120, n_selection=405
[2026-04-27 11:19:40] --- Architecture summary ---
  channels per enc layer : [43, 77, 139, 250, 449]
  final spatial size     : 8x8
  flat size before latent: 28736
  bottleneck_dim         : 183
  total parameters       : 25,759,831
[2026-04-27 11:19:40] Starting training: n_train=722, n_val=120, device=cuda:0
[2026-04-27 11:23:44] epoch    1/300 | train=0.005648 | val=0.004640 | best=0.004640@1 | patience=0/30 | time=243.27s *
[2026-04-27 11:23:51] epoch    2/300 | train=0.002741 | val=0.003091 | best=0.003091@2 | patience=0/30 | time=6.61s *
[2026-04-27 11:23:59] epoch    3/300 | train=0.002160 | val=0.002620 | best=0.002620@3 | patience=0/30 | time=6.91s *
[2026-04-27 11:24:06] epoch    4/300 | train=0.001849 | val=0.001844 | best=0.001844@4 | patience=0/30 | time=6.61s *
[2026-04-27 11:24:13] epoch    5/300 | train=0.001693 | val=0.001645 | best=0.001645@5 | patience=0/30 | time=6.93s *
[2026-04-27 11:24:20] epoch    6/300 | train=0.001541 | val=0.001504 | best=0.001504@6 | patience=0/30 | time=6.55s *
[2026-04-27 11:24:28] epoch    7/300 | train=0.001468 | val=0.001480 | best=0.001480@7 | patience=0/30 | time=6.68s *
[2026-04-27 11:24:35] epoch    8/300 | train=0.001404 | val=0.001387 | best=0.001387@8 | patience=0/30 | time=6.60s *
[2026-04-27 11:24:42] epoch    9/300 | train=0.001390 | val=0.001378 | best=0.001378@9 | patience=0/30 | time=6.94s *
[2026-04-27 11:24:49] epoch   10/300 | train=0.001370 | val=0.001356 | best=0.001356@10 | patience=0/30 | time=6.78s *
[2026-04-27 11:24:57] epoch   11/300 | train=0.001332 | val=0.001323 | best=0.001323@11 | patience=0/30 | time=6.69s *
[2026-04-27 11:25:04] epoch   12/300 | train=0.001302 | val=0.001292 | best=0.001292@12 | patience=0/30 | time=6.61s *
[2026-04-27 11:25:11] epoch   13/300 | train=0.001285 | val=0.001287 | best=0.001287@13 | patience=0/30 | time=6.94s *
[2026-04-27 11:25:19] epoch   14/300 | train=0.001277 | val=0.001269 | best=0.001269@14 | patience=0/30 | time=6.83s *
[2026-04-27 11:25:26] epoch   15/300 | train=0.001264 | val=0.001259 | best=0.001259@15 | patience=0/30 | time=6.69s *
[2026-04-27 11:25:33] epoch   16/300 | train=0.001266 | val=0.001241 | best=0.001241@16 | patience=0/30 | time=6.58s *
[2026-04-27 11:25:40] epoch   17/300 | train=0.001234 | val=0.001238 | best=0.001238@17 | patience=0/30 | time=6.70s *
[2026-04-27 11:25:48] epoch   18/300 | train=0.001238 | val=0.001229 | best=0.001229@18 | patience=0/30 | time=6.82s *
[2026-04-27 11:25:55] epoch   19/300 | train=0.001205 | val=0.001203 | best=0.001203@19 | patience=0/30 | time=6.70s *
[2026-04-27 11:26:02] epoch   20/300 | train=0.001195 | val=0.001194 | best=0.001194@20 | patience=0/30 | time=6.88s *
[2026-04-27 11:26:09] epoch   21/300 | train=0.001191 | val=0.001192 | best=0.001192@21 | patience=0/30 | time=6.71s *
[2026-04-27 11:26:17] epoch   22/300 | train=0.001173 | val=0.001171 | best=0.001171@22 | patience=0/30 | time=6.83s *
[2026-04-27 11:26:24] epoch   23/300 | train=0.001169 | val=0.001184 | best=0.001171@22 | patience=1/30 | time=6.70s
[2026-04-27 11:26:31] epoch   24/300 | train=0.001166 | val=0.001170 | best=0.001170@24 | patience=0/30 | time=6.82s *
[2026-04-27 11:26:38] epoch   25/300 | train=0.001150 | val=0.001170 | best=0.001170@24 | patience=1/30 | time=6.70s
[2026-04-27 11:26:45] epoch   26/300 | train=0.001146 | val=0.001166 | best=0.001166@26 | patience=0/30 | time=6.76s *
[2026-04-27 11:26:52] epoch   27/300 | train=0.001140 | val=0.001158 | best=0.001158@27 | patience=0/30 | time=6.71s *
[2026-04-27 11:27:00] epoch   28/300 | train=0.001131 | val=0.001136 | best=0.001136@28 | patience=0/30 | time=6.83s *
[2026-04-27 11:27:06] epoch   29/300 | train=0.001130 | val=0.001153 | best=0.001136@28 | patience=1/30 | time=6.73s
[2026-04-27 11:27:14] epoch   30/300 | train=0.001121 | val=0.001119 | best=0.001119@30 | patience=0/30 | time=6.82s *
[2026-04-27 11:27:21] epoch   31/300 | train=0.001108 | val=0.001107 | best=0.001107@31 | patience=0/30 | time=6.69s *
[2026-04-27 11:27:28] epoch   32/300 | train=0.001092 | val=0.001099 | best=0.001099@32 | patience=0/30 | time=6.87s *
[2026-04-27 11:27:35] epoch   33/300 | train=0.001088 | val=0.001110 | best=0.001099@32 | patience=1/30 | time=6.71s
[2026-04-27 11:27:43] epoch   34/300 | train=0.001093 | val=0.001094 | best=0.001094@34 | patience=0/30 | time=6.82s *
[2026-04-27 11:27:50] epoch   35/300 | train=0.001073 | val=0.001089 | best=0.001089@35 | patience=0/30 | time=6.68s *
[2026-04-27 11:27:57] epoch   36/300 | train=0.001066 | val=0.001079 | best=0.001079@36 | patience=0/30 | time=6.89s *
[2026-04-27 11:28:04] epoch   37/300 | train=0.001061 | val=0.001073 | best=0.001073@37 | patience=0/30 | time=6.72s *
[2026-04-27 11:28:12] epoch   38/300 | train=0.001050 | val=0.001069 | best=0.001069@38 | patience=0/30 | time=6.88s *
[2026-04-27 11:28:18] epoch   39/300 | train=0.001047 | val=0.001089 | best=0.001069@38 | patience=1/30 | time=6.57s
[2026-04-27 11:28:26] epoch   40/300 | train=0.001047 | val=0.001055 | best=0.001055@40 | patience=0/30 | time=6.83s *
[2026-04-27 11:28:33] epoch   41/300 | train=0.001032 | val=0.001074 | best=0.001055@40 | patience=1/30 | time=6.70s
[2026-04-27 11:28:40] epoch   42/300 | train=0.001035 | val=0.001040 | best=0.001040@42 | patience=0/30 | time=6.91s *
[2026-04-27 11:28:47] epoch   43/300 | train=0.001014 | val=0.001039 | best=0.001039@43 | patience=0/30 | time=6.57s *
[2026-04-27 11:28:54] epoch   44/300 | train=0.001018 | val=0.001041 | best=0.001039@43 | patience=1/30 | time=6.83s
[2026-04-27 11:29:01] epoch   45/300 | train=0.001009 | val=0.001050 | best=0.001039@43 | patience=2/30 | time=6.71s
[2026-04-27 11:29:08] epoch   46/300 | train=0.001009 | val=0.001027 | best=0.001027@46 | patience=0/30 | time=6.88s *
[2026-04-27 11:29:15] epoch   47/300 | train=0.000990 | val=0.001014 | best=0.001014@47 | patience=0/30 | time=6.57s *
[2026-04-27 11:29:22] epoch   48/300 | train=0.000989 | val=0.001033 | best=0.001014@47 | patience=1/30 | time=6.84s
[2026-04-27 11:29:29] epoch   49/300 | train=0.000985 | val=0.001006 | best=0.001006@49 | patience=0/30 | time=6.71s *
[2026-04-27 11:29:37] epoch   50/300 | train=0.000973 | val=0.001004 | best=0.001004@50 | patience=0/30 | time=6.95s *
[2026-04-27 11:29:44] epoch   51/300 | train=0.000964 | val=0.000992 | best=0.000992@51 | patience=0/30 | time=6.61s *
[2026-04-27 11:29:51] epoch   52/300 | train=0.000956 | val=0.000993 | best=0.000992@51 | patience=1/30 | time=6.78s
[2026-04-27 11:29:58] epoch   53/300 | train=0.000957 | val=0.000990 | best=0.000990@53 | patience=0/30 | time=6.69s *
[2026-04-27 11:30:05] epoch   54/300 | train=0.000954 | val=0.000997 | best=0.000990@53 | patience=1/30 | time=6.88s
[2026-04-27 11:30:12] epoch   55/300 | train=0.000948 | val=0.000984 | best=0.000984@55 | patience=0/30 | time=6.57s *
[2026-04-27 11:30:20] epoch   56/300 | train=0.000942 | val=0.000982 | best=0.000982@56 | patience=0/30 | time=6.82s *
[2026-04-27 11:30:26] epoch   57/300 | train=0.000935 | val=0.000987 | best=0.000982@56 | patience=1/30 | time=6.74s
[2026-04-27 11:30:34] epoch   58/300 | train=0.000929 | val=0.000972 | best=0.000972@58 | patience=0/30 | time=6.92s *
[2026-04-27 11:30:41] epoch   59/300 | train=0.000934 | val=0.000990 | best=0.000972@58 | patience=1/30 | time=6.57s
[2026-04-27 11:30:48] epoch   60/300 | train=0.000925 | val=0.000964 | best=0.000964@60 | patience=0/30 | time=6.82s *
[2026-04-27 11:30:55] epoch   61/300 | train=0.000924 | val=0.000974 | best=0.000964@60 | patience=1/30 | time=6.74s
[2026-04-27 11:31:02] epoch   62/300 | train=0.000936 | val=0.000967 | best=0.000964@60 | patience=2/30 | time=6.92s
[2026-04-27 11:31:08] epoch   63/300 | train=0.000924 | val=0.000973 | best=0.000964@60 | patience=3/30 | time=6.57s
[2026-04-27 11:31:16] epoch   64/300 | train=0.000911 | val=0.000954 | best=0.000954@64 | patience=0/30 | time=6.85s *
[2026-04-27 11:31:23] epoch   65/300 | train=0.000916 | val=0.000956 | best=0.000954@64 | patience=1/30 | time=6.73s
[2026-04-27 11:31:30] epoch   66/300 | train=0.000907 | val=0.000950 | best=0.000950@66 | patience=0/30 | time=6.82s *
[2026-04-27 11:31:37] epoch   67/300 | train=0.000889 | val=0.000945 | best=0.000945@67 | patience=0/30 | time=6.58s *
[2026-04-27 11:31:44] epoch   68/300 | train=0.000888 | val=0.000945 | best=0.000945@67 | patience=1/30 | time=6.83s
[2026-04-27 11:31:51] epoch   69/300 | train=0.000883 | val=0.000942 | best=0.000942@69 | patience=0/30 | time=6.69s *
[2026-04-27 11:31:58] epoch   70/300 | train=0.000880 | val=0.000947 | best=0.000942@69 | patience=1/30 | time=6.87s
[2026-04-27 11:32:05] epoch   71/300 | train=0.000880 | val=0.000950 | best=0.000942@69 | patience=2/30 | time=6.57s
[2026-04-27 11:32:13] epoch   72/300 | train=0.000879 | val=0.000940 | best=0.000940@72 | patience=0/30 | time=6.88s *
[2026-04-27 11:32:19] epoch   73/300 | train=0.000870 | val=0.000947 | best=0.000940@72 | patience=1/30 | time=6.70s
[2026-04-27 11:32:27] epoch   74/300 | train=0.000871 | val=0.000934 | best=0.000934@74 | patience=0/30 | time=6.78s *
[2026-04-27 11:32:33] epoch   75/300 | train=0.000859 | val=0.000937 | best=0.000934@74 | patience=1/30 | time=6.57s
[2026-04-27 11:32:41] epoch   76/300 | train=0.000857 | val=0.000924 | best=0.000924@76 | patience=0/30 | time=6.83s *
[2026-04-27 11:32:48] epoch   77/300 | train=0.000846 | val=0.000928 | best=0.000924@76 | patience=1/30 | time=6.69s
[2026-04-27 11:32:54] epoch   78/300 | train=0.000850 | val=0.000933 | best=0.000924@76 | patience=2/30 | time=6.77s
[2026-04-27 11:33:01] epoch   79/300 | train=0.000860 | val=0.000936 | best=0.000924@76 | patience=3/30 | time=6.69s
[2026-04-27 11:33:08] epoch   80/300 | train=0.000846 | val=0.000932 | best=0.000924@76 | patience=4/30 | time=6.88s
[2026-04-27 11:33:15] epoch   81/300 | train=0.000841 | val=0.000922 | best=0.000922@81 | patience=0/30 | time=6.72s *
[2026-04-27 11:33:23] epoch   82/300 | train=0.000836 | val=0.000921 | best=0.000921@82 | patience=0/30 | time=6.82s *
[2026-04-27 11:33:30] epoch   83/300 | train=0.000827 | val=0.000917 | best=0.000917@83 | patience=0/30 | time=6.57s *
[2026-04-27 11:33:37] epoch   84/300 | train=0.000829 | val=0.000928 | best=0.000917@83 | patience=1/30 | time=6.88s
[2026-04-27 11:33:44] epoch   85/300 | train=0.000833 | val=0.000921 | best=0.000917@83 | patience=2/30 | time=6.71s
[2026-04-27 11:33:51] epoch   86/300 | train=0.000822 | val=0.000937 | best=0.000917@83 | patience=3/30 | time=6.76s
[2026-04-27 11:33:58] epoch   87/300 | train=0.000822 | val=0.000911 | best=0.000911@87 | patience=0/30 | time=6.70s *
[2026-04-27 11:34:05] epoch   88/300 | train=0.000813 | val=0.000919 | best=0.000911@87 | patience=1/30 | time=6.82s
[2026-04-27 11:34:12] epoch   89/300 | train=0.000811 | val=0.000910 | best=0.000911@87 | patience=2/30 | time=6.71s
[2026-04-27 11:34:19] epoch   90/300 | train=0.000802 | val=0.000906 | best=0.000906@90 | patience=0/30 | time=6.82s *
[2026-04-27 11:34:26] epoch   91/300 | train=0.000796 | val=0.000907 | best=0.000906@90 | patience=1/30 | time=6.71s
[2026-04-27 11:34:33] epoch   92/300 | train=0.000794 | val=0.000905 | best=0.000905@92 | patience=0/30 | time=6.88s *
[2026-04-27 11:34:40] epoch   93/300 | train=0.000792 | val=0.000917 | best=0.000905@92 | patience=1/30 | time=6.70s
[2026-04-27 11:34:47] epoch   94/300 | train=0.000801 | val=0.000906 | best=0.000905@92 | patience=2/30 | time=6.82s
[2026-04-27 11:34:54] epoch   95/300 | train=0.000793 | val=0.000924 | best=0.000905@92 | patience=3/30 | time=6.69s
[2026-04-27 11:35:01] epoch   96/300 | train=0.000799 | val=0.000916 | best=0.000905@92 | patience=4/30 | time=6.88s
[2026-04-27 11:35:08] epoch   97/300 | train=0.000785 | val=0.000898 | best=0.000898@97 | patience=0/30 | time=6.71s *
[2026-04-27 11:35:15] epoch   98/300 | train=0.000772 | val=0.000896 | best=0.000896@98 | patience=0/30 | time=6.78s *
[2026-04-27 11:35:22] epoch   99/300 | train=0.000770 | val=0.000904 | best=0.000896@98 | patience=1/30 | time=6.72s
[2026-04-27 11:35:29] epoch  100/300 | train=0.000769 | val=0.000900 | best=0.000896@98 | patience=2/30 | time=6.82s
[2026-04-27 11:35:36] epoch  101/300 | train=0.000767 | val=0.000894 | best=0.000894@101 | patience=0/30 | time=6.70s *
[2026-04-27 11:35:43] epoch  102/300 | train=0.000764 | val=0.000903 | best=0.000894@101 | patience=1/30 | time=6.77s
[2026-04-27 11:35:50] epoch  103/300 | train=0.000764 | val=0.000913 | best=0.000894@101 | patience=2/30 | time=6.69s
[2026-04-27 11:35:57] epoch  104/300 | train=0.000766 | val=0.000903 | best=0.000894@101 | patience=3/30 | time=6.88s
[2026-04-27 11:36:04] epoch  105/300 | train=0.000762 | val=0.000912 | best=0.000894@101 | patience=4/30 | time=6.71s
[2026-04-27 11:36:11] epoch  106/300 | train=0.000753 | val=0.000891 | best=0.000891@106 | patience=0/30 | time=6.82s *
[2026-04-27 11:36:18] epoch  107/300 | train=0.000748 | val=0.000906 | best=0.000891@106 | patience=1/30 | time=6.71s
[2026-04-27 11:36:25] epoch  108/300 | train=0.000747 | val=0.000894 | best=0.000891@106 | patience=2/30 | time=6.81s
[2026-04-27 11:36:32] epoch  109/300 | train=0.000742 | val=0.000898 | best=0.000891@106 | patience=3/30 | time=6.70s
[2026-04-27 11:36:39] epoch  110/300 | train=0.000738 | val=0.000888 | best=0.000888@110 | patience=0/30 | time=6.76s *
[2026-04-27 11:36:46] epoch  111/300 | train=0.000740 | val=0.000887 | best=0.000888@110 | patience=1/30 | time=6.71s
[2026-04-27 11:36:53] epoch  112/300 | train=0.000728 | val=0.000891 | best=0.000888@110 | patience=2/30 | time=6.81s
[2026-04-27 11:37:00] epoch  113/300 | train=0.000718 | val=0.000890 | best=0.000888@110 | patience=3/30 | time=6.69s
[2026-04-27 11:37:07] epoch  114/300 | train=0.000718 | val=0.000886 | best=0.000886@114 | patience=0/30 | time=6.77s *
[2026-04-27 11:37:14] epoch  115/300 | train=0.000710 | val=0.000891 | best=0.000886@114 | patience=1/30 | time=6.72s
[2026-04-27 11:37:21] epoch  116/300 | train=0.000715 | val=0.000912 | best=0.000886@114 | patience=2/30 | time=6.58s
[2026-04-27 11:37:28] epoch  117/300 | train=0.000711 | val=0.000895 | best=0.000886@114 | patience=3/30 | time=6.97s
[2026-04-27 11:37:35] epoch  118/300 | train=0.000701 | val=0.000882 | best=0.000882@118 | patience=0/30 | time=6.79s *
[2026-04-27 11:37:42] epoch  119/300 | train=0.000692 | val=0.000884 | best=0.000882@118 | patience=1/30 | time=6.68s
[2026-04-27 11:37:49] epoch  120/300 | train=0.000700 | val=0.000886 | best=0.000882@118 | patience=2/30 | time=6.58s
[2026-04-27 11:37:56] epoch  121/300 | train=0.000694 | val=0.000884 | best=0.000882@118 | patience=3/30 | time=6.95s
[2026-04-27 11:38:03] epoch  122/300 | train=0.000701 | val=0.000881 | best=0.000881@122 | patience=0/30 | time=6.83s *
[2026-04-27 11:38:10] epoch  123/300 | train=0.000686 | val=0.000884 | best=0.000881@122 | patience=1/30 | time=6.67s
[2026-04-27 11:38:17] epoch  124/300 | train=0.000685 | val=0.000877 | best=0.000877@124 | patience=0/30 | time=6.61s *
[2026-04-27 11:38:24] epoch  125/300 | train=0.000672 | val=0.000879 | best=0.000877@124 | patience=1/30 | time=7.03s
[2026-04-27 11:38:31] epoch  126/300 | train=0.000671 | val=0.000880 | best=0.000877@124 | patience=2/30 | time=6.77s
[2026-04-27 11:38:38] epoch  127/300 | train=0.000673 | val=0.000896 | best=0.000877@124 | patience=3/30 | time=6.68s
[2026-04-27 11:38:45] epoch  128/300 | train=0.000668 | val=0.000897 | best=0.000877@124 | patience=4/30 | time=6.61s
[2026-04-27 11:38:52] epoch  129/300 | train=0.000673 | val=0.000888 | best=0.000877@124 | patience=5/30 | time=6.94s
[2026-04-27 11:38:58] epoch  130/300 | train=0.000670 | val=0.000881 | best=0.000877@124 | patience=6/30 | time=6.55s
[2026-04-27 11:39:05] epoch  131/300 | train=0.000664 | val=0.000881 | best=0.000877@124 | patience=7/30 | time=6.91s
[2026-04-27 11:39:12] epoch  132/300 | train=0.000667 | val=0.000883 | best=0.000877@124 | patience=8/30 | time=6.61s
[2026-04-27 11:39:20] epoch  133/300 | train=0.000651 | val=0.000873 | best=0.000873@133 | patience=0/30 | time=6.79s *
[2026-04-27 11:39:26] epoch  134/300 | train=0.000641 | val=0.000880 | best=0.000873@133 | patience=1/30 | time=6.56s
[2026-04-27 11:39:33] epoch  135/300 | train=0.000642 | val=0.000880 | best=0.000873@133 | patience=2/30 | time=6.91s
[2026-04-27 11:39:40] epoch  136/300 | train=0.000639 | val=0.000876 | best=0.000873@133 | patience=3/30 | time=6.61s
[2026-04-27 11:39:47] epoch  137/300 | train=0.000634 | val=0.000873 | best=0.000873@133 | patience=4/30 | time=6.80s
[2026-04-27 11:39:54] epoch  138/300 | train=0.000639 | val=0.000877 | best=0.000873@133 | patience=5/30 | time=6.73s
[2026-04-27 11:40:01] epoch  139/300 | train=0.000633 | val=0.000883 | best=0.000873@133 | patience=6/30 | time=6.92s
[2026-04-27 11:40:07] epoch  140/300 | train=0.000625 | val=0.000875 | best=0.000873@133 | patience=7/30 | time=6.58s
[2026-04-27 11:40:14] epoch  141/300 | train=0.000609 | val=0.000883 | best=0.000873@133 | patience=8/30 | time=6.83s
[2026-04-27 11:40:21] epoch  142/300 | train=0.000616 | val=0.000891 | best=0.000873@133 | patience=9/30 | time=6.71s
[2026-04-27 11:40:28] epoch  143/300 | train=0.000619 | val=0.000876 | best=0.000873@133 | patience=10/30 | time=6.92s
[2026-04-27 11:40:35] epoch  144/300 | train=0.000620 | val=0.000883 | best=0.000873@133 | patience=11/30 | time=6.58s
[2026-04-27 11:40:42] epoch  145/300 | train=0.000609 | val=0.000875 | best=0.000873@133 | patience=12/30 | time=6.83s
[2026-04-27 11:40:49] epoch  146/300 | train=0.000602 | val=0.000877 | best=0.000873@133 | patience=13/30 | time=6.70s
[2026-04-27 11:40:56] epoch  147/300 | train=0.000606 | val=0.000885 | best=0.000873@133 | patience=14/30 | time=6.76s
[2026-04-27 11:41:03] epoch  148/300 | train=0.000598 | val=0.000872 | best=0.000872@148 | patience=0/30 | time=6.70s *
[2026-04-27 11:41:10] epoch  149/300 | train=0.000592 | val=0.000876 | best=0.000872@148 | patience=1/30 | time=6.82s
[2026-04-27 11:41:16] epoch  150/300 | train=0.000597 | val=0.000884 | best=0.000872@148 | patience=2/30 | time=6.70s
[2026-04-27 11:41:23] epoch  151/300 | train=0.000587 | val=0.000882 | best=0.000872@148 | patience=3/30 | time=6.77s
[2026-04-27 11:41:30] epoch  152/300 | train=0.000585 | val=0.000883 | best=0.000872@148 | patience=4/30 | time=6.71s
[2026-04-27 11:41:38] epoch  153/300 | train=0.000576 | val=0.000869 | best=0.000869@153 | patience=0/30 | time=6.83s *
[2026-04-27 11:41:44] epoch  154/300 | train=0.000569 | val=0.000879 | best=0.000869@153 | patience=1/30 | time=6.70s
[2026-04-27 11:41:52] epoch  155/300 | train=0.000565 | val=0.000865 | best=0.000865@155 | patience=0/30 | time=6.82s *
[2026-04-27 11:41:59] epoch  156/300 | train=0.000559 | val=0.000873 | best=0.000865@155 | patience=1/30 | time=6.58s
[2026-04-27 11:42:05] epoch  157/300 | train=0.000559 | val=0.000873 | best=0.000865@155 | patience=2/30 | time=6.82s
[2026-04-27 11:42:12] epoch  158/300 | train=0.000559 | val=0.000872 | best=0.000865@155 | patience=3/30 | time=6.70s
[2026-04-27 11:42:19] epoch  159/300 | train=0.000560 | val=0.000879 | best=0.000865@155 | patience=4/30 | time=6.82s
[2026-04-27 11:42:26] epoch  160/300 | train=0.000555 | val=0.000872 | best=0.000865@155 | patience=5/30 | time=6.69s
[2026-04-27 11:42:33] epoch  161/300 | train=0.000561 | val=0.000874 | best=0.000865@155 | patience=6/30 | time=6.88s
[2026-04-27 11:42:40] epoch  162/300 | train=0.000549 | val=0.000878 | best=0.000865@155 | patience=7/30 | time=6.71s
[2026-04-27 11:42:47] epoch  163/300 | train=0.000546 | val=0.000890 | best=0.000865@155 | patience=8/30 | time=6.82s
[2026-04-27 11:42:54] epoch  164/300 | train=0.000547 | val=0.000882 | best=0.000865@155 | patience=9/30 | time=6.69s
[2026-04-27 11:43:01] epoch  165/300 | train=0.000539 | val=0.000868 | best=0.000865@155 | patience=10/30 | time=6.87s
[2026-04-27 11:43:07] epoch  166/300 | train=0.000533 | val=0.000874 | best=0.000865@155 | patience=11/30 | time=6.70s
[2026-04-27 11:43:14] epoch  167/300 | train=0.000530 | val=0.000871 | best=0.000865@155 | patience=12/30 | time=6.77s
[2026-04-27 11:43:21] epoch  168/300 | train=0.000525 | val=0.000871 | best=0.000865@155 | patience=13/30 | time=6.70s
[2026-04-27 11:43:28] epoch  169/300 | train=0.000521 | val=0.000875 | best=0.000865@155 | patience=14/30 | time=6.58s
[2026-04-27 11:43:35] epoch  170/300 | train=0.000517 | val=0.000910 | best=0.000865@155 | patience=15/30 | time=7.00s
[2026-04-27 11:43:42] epoch  171/300 | train=0.000542 | val=0.000876 | best=0.000865@155 | patience=16/30 | time=6.78s
[2026-04-27 11:43:49] epoch  172/300 | train=0.000540 | val=0.000885 | best=0.000865@155 | patience=17/30 | time=6.66s
[2026-04-27 11:43:55] epoch  173/300 | train=0.000528 | val=0.000878 | best=0.000865@155 | patience=18/30 | time=6.60s
[2026-04-27 11:44:02] epoch  174/300 | train=0.000514 | val=0.000886 | best=0.000865@155 | patience=19/30 | time=6.99s
[2026-04-27 11:44:09] epoch  175/300 | train=0.000518 | val=0.000888 | best=0.000865@155 | patience=20/30 | time=6.55s
[2026-04-27 11:44:16] epoch  176/300 | train=0.000519 | val=0.000876 | best=0.000865@155 | patience=21/30 | time=6.95s
[2026-04-27 11:44:23] epoch  177/300 | train=0.000508 | val=0.000875 | best=0.000865@155 | patience=22/30 | time=6.61s
[2026-04-27 11:44:30] epoch  178/300 | train=0.000500 | val=0.000876 | best=0.000865@155 | patience=23/30 | time=6.95s
[2026-04-27 11:44:37] epoch  179/300 | train=0.000500 | val=0.000894 | best=0.000865@155 | patience=24/30 | time=6.56s
[2026-04-27 11:44:44] epoch  180/300 | train=0.000510 | val=0.000880 | best=0.000865@155 | patience=25/30 | time=6.88s
[2026-04-27 11:44:50] epoch  181/300 | train=0.000500 | val=0.000875 | best=0.000865@155 | patience=26/30 | time=6.61s
[2026-04-27 11:44:57] epoch  182/300 | train=0.000504 | val=0.000880 | best=0.000865@155 | patience=27/30 | time=6.80s
[2026-04-27 11:45:04] epoch  183/300 | train=0.000495 | val=0.000883 | best=0.000865@155 | patience=28/30 | time=6.70s
[2026-04-27 11:45:11] epoch  184/300 | train=0.000489 | val=0.000883 | best=0.000865@155 | patience=29/30 | time=6.90s
[2026-04-27 11:45:18] epoch  185/300 | train=0.000489 | val=0.000882 | best=0.000865@155 | patience=30/30 | time=6.58s
[2026-04-27 11:45:18]   early stopping at epoch 185 (no improvement for 30 epochs)
[2026-04-27 11:45:18] Training done: stop_reason=early_stop, total_epochs=185, best_epoch=155, best_val=0.000865
[2026-04-27 11:45:18] Reloading best checkpoint (epoch 155) for evaluation
[2026-04-27 11:45:35] ------------------------------------------------------------
[2026-04-27 11:45:35] Evaluation:
[2026-04-27 11:45:35]   AUC broken_lcfs         : 0.5981
[2026-04-27 11:45:35]   AUC bad_black_core      : 0.9958
[2026-04-27 11:45:35]   AUC bad_nonconverged    : 0.9980
[2026-04-27 11:45:35]   objective      : 0.8374
[2026-04-27 11:45:35]   floor_ok       : True
[2026-04-27 11:45:35]   threshold      : 0.1109
[2026-04-27 11:45:35]   mu / sigma     : 0.00056363 / 0.000155538
[2026-04-27 11:45:35] Train time=1537.6s, eval time=16.3s
