[2026-04-27 02:15:29] ============================================================
[2026-04-27 02:15:29] Trial 36 starting on cuda:0
[2026-04-27 02:15:29] Timestamp: 2026-04-27T02:15:29.544493
[2026-04-27 02:15:29] --- Config summary ---
  bottleneck_dim  : 38
  n_enc_layers    : 4
  n_dec_layers    : 5
  base_channels   : 43
  growth_factor   : 1.7669063931476205
  use_batchnorm   : False
  use_hpf         : True
  hpf_sigma       : 2.533173799190625
  lr              : 2.8145735703796186e-05
  batch_size      : 64
  max_epochs      : 300
  patience        : 30
  seed            : 42
  deterministic   : False
  trial_num       : 36
[2026-04-27 02:15:29] Loading train/val/selection splits...
[2026-04-27 02:16:34] Splits loaded in 64.7s: n_train=722, n_val=120, n_selection=405
[2026-04-27 02:16:34] --- Architecture summary ---
  channels per enc layer : [43, 76, 134, 237]
  final spatial size     : 16x16
  flat size before latent: 60672
  bottleneck_dim         : 38
  total parameters       : 8,937,454
[2026-04-27 02:16:34] Starting training: n_train=722, n_val=120, device=cuda:0
[2026-04-27 02:20:50] epoch    1/300 | train=0.009360 | val=0.009338 | best=0.009338@1 | patience=0/30 | time=255.68s *
[2026-04-27 02:20:55] epoch    2/300 | train=0.009288 | val=0.009270 | best=0.009270@2 | patience=0/30 | time=5.17s *
[2026-04-27 02:21:01] epoch    3/300 | train=0.009222 | val=0.009206 | best=0.009206@3 | patience=0/30 | time=5.62s *
[2026-04-27 02:21:07] epoch    4/300 | train=0.009161 | val=0.009149 | best=0.009149@4 | patience=0/30 | time=5.15s *
[2026-04-27 02:21:12] epoch    5/300 | train=0.009106 | val=0.009097 | best=0.009097@5 | patience=0/30 | time=5.21s *
[2026-04-27 02:21:18] epoch    6/300 | train=0.009056 | val=0.009048 | best=0.009048@6 | patience=0/30 | time=5.28s *
[2026-04-27 02:21:26] epoch    7/300 | train=0.009009 | val=0.009004 | best=0.009004@7 | patience=0/30 | time=8.46s *
[2026-04-27 02:21:32] epoch    8/300 | train=0.008970 | val=0.008975 | best=0.008975@8 | patience=0/30 | time=5.15s *
[2026-04-27 02:21:38] epoch    9/300 | train=0.008956 | val=0.008974 | best=0.008974@9 | patience=0/30 | time=5.67s *
[2026-04-27 02:21:43] epoch   10/300 | train=0.008953 | val=0.008971 | best=0.008971@10 | patience=0/30 | time=5.29s *
[2026-04-27 02:21:52] epoch   11/300 | train=0.008952 | val=0.008969 | best=0.008969@11 | patience=0/30 | time=8.20s *
[2026-04-27 02:21:57] epoch   12/300 | train=0.008950 | val=0.008967 | best=0.008967@12 | patience=0/30 | time=5.15s *
[2026-04-27 02:22:03] epoch   13/300 | train=0.008948 | val=0.008965 | best=0.008965@13 | patience=0/30 | time=5.69s *
[2026-04-27 02:22:09] epoch   14/300 | train=0.008946 | val=0.008963 | best=0.008963@14 | patience=0/30 | time=5.26s *
[2026-04-27 02:22:17] epoch   15/300 | train=0.008943 | val=0.008961 | best=0.008961@15 | patience=0/30 | time=8.02s *
[2026-04-27 02:22:22] epoch   16/300 | train=0.008941 | val=0.008957 | best=0.008957@16 | patience=0/30 | time=5.15s *
[2026-04-27 02:22:28] epoch   17/300 | train=0.008937 | val=0.008953 | best=0.008953@17 | patience=0/30 | time=5.67s *
[2026-04-27 02:22:34] epoch   18/300 | train=0.008932 | val=0.008946 | best=0.008946@18 | patience=0/30 | time=5.27s *
[2026-04-27 02:22:42] epoch   19/300 | train=0.008923 | val=0.008935 | best=0.008935@19 | patience=0/30 | time=7.94s *
[2026-04-27 02:22:47] epoch   20/300 | train=0.008908 | val=0.008912 | best=0.008912@20 | patience=0/30 | time=5.16s *
[2026-04-27 02:22:53] epoch   21/300 | train=0.008876 | val=0.008861 | best=0.008861@21 | patience=0/30 | time=5.63s *
[2026-04-27 02:22:59] epoch   22/300 | train=0.008792 | val=0.008706 | best=0.008706@22 | patience=0/30 | time=5.30s *
[2026-04-27 02:23:04] epoch   23/300 | train=0.008489 | val=0.008166 | best=0.008166@23 | patience=0/30 | time=5.46s *
[2026-04-27 02:23:10] epoch   24/300 | train=0.007817 | val=0.007521 | best=0.007521@24 | patience=0/30 | time=5.20s *
[2026-04-27 02:23:15] epoch   25/300 | train=0.007285 | val=0.007275 | best=0.007275@25 | patience=0/30 | time=5.24s *
[2026-04-27 02:23:21] epoch   26/300 | train=0.006933 | val=0.006761 | best=0.006761@26 | patience=0/30 | time=5.17s *
[2026-04-27 02:23:26] epoch   27/300 | train=0.006625 | val=0.006632 | best=0.006632@27 | patience=0/30 | time=5.23s *
[2026-04-27 02:23:32] epoch   28/300 | train=0.006540 | val=0.006525 | best=0.006525@28 | patience=0/30 | time=5.49s *
[2026-04-27 02:23:37] epoch   29/300 | train=0.006445 | val=0.006425 | best=0.006425@29 | patience=0/30 | time=5.22s *
[2026-04-27 02:23:43] epoch   30/300 | train=0.006367 | val=0.006356 | best=0.006356@30 | patience=0/30 | time=5.25s *
[2026-04-27 02:23:48] epoch   31/300 | train=0.006323 | val=0.006327 | best=0.006327@31 | patience=0/30 | time=5.21s *
[2026-04-27 02:23:54] epoch   32/300 | train=0.006296 | val=0.006297 | best=0.006297@32 | patience=0/30 | time=5.53s *
[2026-04-27 02:23:59] epoch   33/300 | train=0.006286 | val=0.006429 | best=0.006297@32 | patience=1/30 | time=5.23s
[2026-04-27 02:24:05] epoch   34/300 | train=0.006311 | val=0.006292 | best=0.006292@34 | patience=0/30 | time=5.25s *
[2026-04-27 02:24:10] epoch   35/300 | train=0.006235 | val=0.006239 | best=0.006239@35 | patience=0/30 | time=5.19s *
[2026-04-27 02:24:16] epoch   36/300 | train=0.006192 | val=0.006191 | best=0.006191@36 | patience=0/30 | time=5.23s *
[2026-04-27 02:24:22] epoch   37/300 | train=0.006163 | val=0.006162 | best=0.006162@37 | patience=0/30 | time=5.50s *
[2026-04-27 02:24:27] epoch   38/300 | train=0.006137 | val=0.006136 | best=0.006136@38 | patience=0/30 | time=5.23s *
[2026-04-27 02:24:32] epoch   39/300 | train=0.006154 | val=0.006212 | best=0.006136@38 | patience=1/30 | time=5.25s
[2026-04-27 02:24:38] epoch   40/300 | train=0.006148 | val=0.006116 | best=0.006116@40 | patience=0/30 | time=5.27s *
[2026-04-27 02:24:43] epoch   41/300 | train=0.006095 | val=0.006085 | best=0.006085@41 | patience=0/30 | time=5.27s *
[2026-04-27 02:24:49] epoch   42/300 | train=0.006065 | val=0.006068 | best=0.006068@42 | patience=0/30 | time=5.63s *
[2026-04-27 02:24:55] epoch   43/300 | train=0.006041 | val=0.006037 | best=0.006037@43 | patience=0/30 | time=5.19s *
[2026-04-27 02:25:00] epoch   44/300 | train=0.006035 | val=0.006034 | best=0.006034@44 | patience=0/30 | time=5.26s *
[2026-04-27 02:25:06] epoch   45/300 | train=0.006012 | val=0.006018 | best=0.006018@45 | patience=0/30 | time=5.34s *
[2026-04-27 02:25:12] epoch   46/300 | train=0.005995 | val=0.006012 | best=0.006012@46 | patience=0/30 | time=5.48s *
[2026-04-27 02:25:17] epoch   47/300 | train=0.005998 | val=0.006020 | best=0.006012@46 | patience=1/30 | time=5.24s
[2026-04-27 02:25:23] epoch   48/300 | train=0.005970 | val=0.005988 | best=0.005988@48 | patience=0/30 | time=5.26s *
[2026-04-27 02:25:28] epoch   49/300 | train=0.005952 | val=0.005978 | best=0.005978@49 | patience=0/30 | time=5.19s *
[2026-04-27 02:25:33] epoch   50/300 | train=0.005980 | val=0.005934 | best=0.005934@50 | patience=0/30 | time=5.24s *
[2026-04-27 02:25:34]   pruned at epoch 50
[2026-04-27 02:25:34] Training done: stop_reason=pruned, total_epochs=50, best_epoch=50, best_val=0.005934
[2026-04-27 02:25:34] Reloading best checkpoint (epoch 50) for evaluation
[2026-04-27 02:25:44] ------------------------------------------------------------
[2026-04-27 02:25:44] Evaluation:
[2026-04-27 02:25:44]   AUC broken_lcfs         : 0.5551
[2026-04-27 02:25:44]   AUC bad_black_core      : 0.7850
[2026-04-27 02:25:44]   AUC bad_nonconverged    : 0.8343
[2026-04-27 02:25:44]   objective      : 0.0000
[2026-04-27 02:25:44]   floor_ok       : False
[2026-04-27 02:25:44]   threshold      : 0.0069
[2026-04-27 02:25:44]   mu / sigma     : 0.00591932 / 0.000927706
[2026-04-27 02:25:44] Train time=539.5s, eval time=10.5s
