[2026-04-27 00:01:35] ============================================================
[2026-04-27 00:01:35] Trial 4 starting on cuda:0
[2026-04-27 00:01:35] Timestamp: 2026-04-27T00:01:35.307873
[2026-04-27 00:01:35] --- Config summary ---
  bottleneck_dim  : 236
  n_enc_layers    : 2
  n_dec_layers    : 2
  base_channels   : 50
  growth_factor   : 1.8733884074688965
  use_batchnorm   : True
  use_hpf         : False
  hpf_sigma       : 3.0
  lr              : 0.0031986628712762522
  batch_size      : 40
  max_epochs      : 300
  patience        : 30
  seed            : 42
  deterministic   : False
  trial_num       : 4
[2026-04-27 00:01:35] Loading train/val/selection splits...
[2026-04-27 00:02:34] Splits loaded in 59.2s: n_train=722, n_val=120, n_selection=405
[2026-04-27 00:02:43] --- Architecture summary ---
  channels per enc layer : [50, 94]
  final spatial size     : 64x64
  flat size before latent: 385024
  bottleneck_dim         : 236
  total parameters       : 182,384,533
[2026-04-27 00:02:43] Starting training: n_train=722, n_val=120, device=cuda:0
[2026-04-27 00:04:54] epoch    1/300 | train=0.025317 | val=0.044006 | best=0.044006@1 | patience=0/30 | time=125.31s *
[2026-04-27 00:05:02] epoch    2/300 | train=0.012217 | val=0.015928 | best=0.015928@2 | patience=0/30 | time=3.11s *
[2026-04-27 00:05:11] epoch    3/300 | train=0.011356 | val=0.011257 | best=0.011257@3 | patience=0/30 | time=3.11s *
[2026-04-27 00:05:19] epoch    4/300 | train=0.010935 | val=0.010596 | best=0.010596@4 | patience=0/30 | time=3.27s *
[2026-04-27 00:05:22] epoch    5/300 | train=0.010144 | val=0.010802 | best=0.010596@4 | patience=1/30 | time=3.09s
[2026-04-27 00:05:26] epoch    6/300 | train=0.009566 | val=0.012495 | best=0.010596@4 | patience=2/30 | time=3.09s
[2026-04-27 00:05:34] epoch    7/300 | train=0.010717 | val=0.009919 | best=0.009919@7 | patience=0/30 | time=3.09s *
[2026-04-27 00:05:37] epoch    8/300 | train=0.010045 | val=0.010297 | best=0.009919@7 | patience=1/30 | time=3.17s
[2026-04-27 00:05:46] epoch    9/300 | train=0.008890 | val=0.009635 | best=0.009635@9 | patience=0/30 | time=3.09s *
[2026-04-27 00:05:54] epoch   10/300 | train=0.008425 | val=0.008232 | best=0.008232@10 | patience=0/30 | time=3.13s *
[2026-04-27 00:06:03] epoch   11/300 | train=0.008379 | val=0.008231 | best=0.008231@11 | patience=0/30 | time=3.28s *
[2026-04-27 00:06:12] epoch   12/300 | train=0.008216 | val=0.007889 | best=0.007889@12 | patience=0/30 | time=3.11s *
[2026-04-27 00:06:15] epoch   13/300 | train=0.008291 | val=0.008154 | best=0.007889@12 | patience=1/30 | time=3.09s
[2026-04-27 00:06:18] epoch   14/300 | train=0.007838 | val=0.007957 | best=0.007889@12 | patience=2/30 | time=3.11s
[2026-04-27 00:06:27] epoch   15/300 | train=0.007596 | val=0.007471 | best=0.007471@15 | patience=0/30 | time=3.29s *
[2026-04-27 00:06:30] epoch   16/300 | train=0.007783 | val=0.007538 | best=0.007471@15 | patience=1/30 | time=3.11s
[2026-04-27 00:06:33] epoch   17/300 | train=0.007416 | val=0.007472 | best=0.007471@15 | patience=2/30 | time=3.09s
[2026-04-27 00:06:36] epoch   18/300 | train=0.007605 | val=0.007564 | best=0.007471@15 | patience=3/30 | time=3.12s
[2026-04-27 00:06:45] epoch   19/300 | train=0.007568 | val=0.007212 | best=0.007212@19 | patience=0/30 | time=3.10s *
[2026-04-27 00:06:48] epoch   20/300 | train=0.007268 | val=0.007545 | best=0.007212@19 | patience=1/30 | time=3.17s
[2026-04-27 00:06:52] epoch   21/300 | train=0.008058 | val=0.013543 | best=0.007212@19 | patience=2/30 | time=3.11s
[2026-04-27 00:06:55] epoch   22/300 | train=0.007396 | val=0.007616 | best=0.007212@19 | patience=3/30 | time=3.09s
[2026-04-27 00:06:58] epoch   23/300 | train=0.007321 | val=0.007642 | best=0.007212@19 | patience=4/30 | time=3.09s
[2026-04-27 00:07:01] epoch   24/300 | train=0.007790 | val=0.007819 | best=0.007212@19 | patience=5/30 | time=3.12s
[2026-04-27 00:07:04] epoch   25/300 | train=0.007384 | val=0.007677 | best=0.007212@19 | patience=6/30 | time=3.10s
[2026-04-27 00:07:13] epoch   26/300 | train=0.007252 | val=0.007183 | best=0.007183@26 | patience=0/30 | time=3.26s *
[2026-04-27 00:07:16] epoch   27/300 | train=0.007290 | val=0.007211 | best=0.007183@26 | patience=1/30 | time=3.11s
[2026-04-27 00:07:25] epoch   28/300 | train=0.007051 | val=0.006946 | best=0.006946@28 | patience=0/30 | time=3.09s *
[2026-04-27 00:07:34] epoch   29/300 | train=0.007016 | val=0.006879 | best=0.006879@29 | patience=0/30 | time=3.11s *
[2026-04-27 00:07:37] epoch   30/300 | train=0.006956 | val=0.006916 | best=0.006879@29 | patience=1/30 | time=3.17s
[2026-04-27 00:07:40] epoch   31/300 | train=0.006925 | val=0.006884 | best=0.006879@29 | patience=2/30 | time=3.11s
[2026-04-27 00:07:49] epoch   32/300 | train=0.006901 | val=0.006844 | best=0.006844@32 | patience=0/30 | time=3.10s *
[2026-04-27 00:07:58] epoch   33/300 | train=0.006910 | val=0.006827 | best=0.006827@33 | patience=0/30 | time=3.11s *
[2026-04-27 00:08:06] epoch   34/300 | train=0.006883 | val=0.006811 | best=0.006811@34 | patience=0/30 | time=3.17s *
[2026-04-27 00:08:15] epoch   35/300 | train=0.006812 | val=0.006763 | best=0.006763@35 | patience=0/30 | time=3.10s *
[2026-04-27 00:08:18] epoch   36/300 | train=0.006949 | val=0.007117 | best=0.006763@35 | patience=1/30 | time=3.12s
[2026-04-27 00:08:21] epoch   37/300 | train=0.007028 | val=0.006848 | best=0.006763@35 | patience=2/30 | time=3.09s
[2026-04-27 00:08:24] epoch   38/300 | train=0.006861 | val=0.013026 | best=0.006763@35 | patience=3/30 | time=3.28s
[2026-04-27 00:08:28] epoch   39/300 | train=0.007919 | val=0.010925 | best=0.006763@35 | patience=4/30 | time=3.09s
[2026-04-27 00:08:31] epoch   40/300 | train=0.007314 | val=0.006998 | best=0.006763@35 | patience=5/30 | time=3.17s
[2026-04-27 00:08:34] epoch   41/300 | train=0.006937 | val=0.006961 | best=0.006763@35 | patience=6/30 | time=3.11s
[2026-04-27 00:08:37] epoch   42/300 | train=0.006900 | val=0.006793 | best=0.006763@35 | patience=7/30 | time=3.09s
[2026-04-27 00:08:46] epoch   43/300 | train=0.006825 | val=0.006660 | best=0.006660@43 | patience=0/30 | time=3.13s *
[2026-04-27 00:08:49] epoch   44/300 | train=0.006681 | val=0.006926 | best=0.006660@43 | patience=1/30 | time=3.27s
[2026-04-27 00:08:52] epoch   45/300 | train=0.006413 | val=0.008143 | best=0.006660@43 | patience=2/30 | time=3.17s
[2026-04-27 00:08:56] epoch   46/300 | train=0.007045 | val=0.007730 | best=0.006660@43 | patience=3/30 | time=3.11s
[2026-04-27 00:08:59] epoch   47/300 | train=0.006701 | val=0.007822 | best=0.006660@43 | patience=4/30 | time=3.10s
[2026-04-27 00:09:08] epoch   48/300 | train=0.006304 | val=0.006270 | best=0.006270@48 | patience=0/30 | time=3.09s *
[2026-04-27 00:09:16] epoch   49/300 | train=0.005951 | val=0.005941 | best=0.005941@49 | patience=0/30 | time=3.09s *
[2026-04-27 00:09:25] epoch   50/300 | train=0.005809 | val=0.005756 | best=0.005756@50 | patience=0/30 | time=3.18s *
[2026-04-27 00:09:34] epoch   51/300 | train=0.005584 | val=0.005654 | best=0.005654@51 | patience=0/30 | time=3.09s *
[2026-04-27 00:09:37] epoch   52/300 | train=0.005548 | val=0.006002 | best=0.005654@51 | patience=1/30 | time=3.11s
[2026-04-27 00:09:40] epoch   53/300 | train=0.005579 | val=0.005714 | best=0.005654@51 | patience=2/30 | time=3.31s
[2026-04-27 00:09:49] epoch   54/300 | train=0.005279 | val=0.005452 | best=0.005452@54 | patience=0/30 | time=3.09s *
[2026-04-27 00:09:57] epoch   55/300 | train=0.005176 | val=0.005334 | best=0.005334@55 | patience=0/30 | time=3.10s *
[2026-04-27 00:10:01] epoch   56/300 | train=0.005048 | val=0.006717 | best=0.005334@55 | patience=1/30 | time=3.12s
[2026-04-27 00:10:09] epoch   57/300 | train=0.004979 | val=0.005003 | best=0.005003@57 | patience=0/30 | time=3.09s *
[2026-04-27 00:10:12] epoch   58/300 | train=0.004803 | val=0.005707 | best=0.005003@57 | patience=1/30 | time=3.11s
[2026-04-27 00:10:21] epoch   59/300 | train=0.004704 | val=0.004658 | best=0.004658@59 | patience=0/30 | time=3.09s *
[2026-04-27 00:10:30] epoch   60/300 | train=0.004529 | val=0.004434 | best=0.004434@60 | patience=0/30 | time=3.09s *
[2026-04-27 00:10:33] epoch   61/300 | train=0.004407 | val=0.004934 | best=0.004434@60 | patience=1/30 | time=3.09s
[2026-04-27 00:10:36] epoch   62/300 | train=0.004226 | val=0.004659 | best=0.004434@60 | patience=2/30 | time=3.10s
[2026-04-27 00:10:45] epoch   63/300 | train=0.004209 | val=0.004357 | best=0.004357@63 | patience=0/30 | time=3.17s *
[2026-04-27 00:10:53] epoch   64/300 | train=0.004086 | val=0.004029 | best=0.004029@64 | patience=0/30 | time=3.12s *
[2026-04-27 00:10:57] epoch   65/300 | train=0.003955 | val=0.004787 | best=0.004029@64 | patience=1/30 | time=3.32s
[2026-04-27 00:11:00] epoch   66/300 | train=0.003811 | val=0.004051 | best=0.004029@64 | patience=2/30 | time=3.17s
[2026-04-27 00:11:03] epoch   67/300 | train=0.003695 | val=0.004133 | best=0.004029@64 | patience=3/30 | time=3.11s
[2026-04-27 00:11:12] epoch   68/300 | train=0.003668 | val=0.003623 | best=0.003623@68 | patience=0/30 | time=3.09s *
[2026-04-27 00:11:15] epoch   69/300 | train=0.003459 | val=0.004281 | best=0.003623@68 | patience=1/30 | time=3.11s
[2026-04-27 00:11:19] epoch   70/300 | train=0.003858 | val=0.005402 | best=0.003623@68 | patience=2/30 | time=3.28s
[2026-04-27 00:11:22] epoch   71/300 | train=0.003465 | val=0.003947 | best=0.003623@68 | patience=3/30 | time=3.17s
[2026-04-27 00:11:25] epoch   72/300 | train=0.003404 | val=0.004486 | best=0.003623@68 | patience=4/30 | time=3.09s
[2026-04-27 00:11:34] epoch   73/300 | train=0.003438 | val=0.003425 | best=0.003425@73 | patience=0/30 | time=3.11s *
[2026-04-27 00:11:42] epoch   74/300 | train=0.003236 | val=0.003159 | best=0.003159@74 | patience=0/30 | time=3.12s *
[2026-04-27 00:11:45] epoch   75/300 | train=0.003081 | val=0.003181 | best=0.003159@74 | patience=1/30 | time=3.29s
[2026-04-27 00:11:49] epoch   76/300 | train=0.003062 | val=0.003795 | best=0.003159@74 | patience=2/30 | time=3.17s
[2026-04-27 00:11:53] epoch   77/300 | train=0.003093 | val=0.003360 | best=0.003159@74 | patience=3/30 | time=3.11s
[2026-04-27 00:11:56] epoch   78/300 | train=0.003225 | val=0.030789 | best=0.003159@74 | patience=4/30 | time=3.09s
[2026-04-27 00:11:59] epoch   79/300 | train=0.005710 | val=0.007700 | best=0.003159@74 | patience=5/30 | time=3.12s
[2026-04-27 00:12:02] epoch   80/300 | train=0.004518 | val=0.004299 | best=0.003159@74 | patience=6/30 | time=3.09s
[2026-04-27 00:12:05] epoch   81/300 | train=0.004077 | val=0.004438 | best=0.003159@74 | patience=7/30 | time=3.10s
[2026-04-27 00:12:09] epoch   82/300 | train=0.003973 | val=0.003482 | best=0.003159@74 | patience=8/30 | time=3.31s
[2026-04-27 00:12:12] epoch   83/300 | train=0.003358 | val=0.003452 | best=0.003159@74 | patience=9/30 | time=3.17s
[2026-04-27 00:12:15] epoch   84/300 | train=0.003330 | val=0.003181 | best=0.003159@74 | patience=10/30 | time=3.11s
[2026-04-27 00:12:24] epoch   85/300 | train=0.003067 | val=0.003071 | best=0.003071@85 | patience=0/30 | time=3.10s *
[2026-04-27 00:12:33] epoch   86/300 | train=0.002909 | val=0.002986 | best=0.002986@86 | patience=0/30 | time=3.12s *
[2026-04-27 00:12:36] epoch   87/300 | train=0.002888 | val=0.003112 | best=0.002986@86 | patience=1/30 | time=3.17s
[2026-04-27 00:12:39] epoch   88/300 | train=0.003025 | val=0.003014 | best=0.002986@86 | patience=2/30 | time=3.11s
[2026-04-27 00:12:48] epoch   89/300 | train=0.002801 | val=0.002920 | best=0.002920@89 | patience=0/30 | time=3.09s *
[2026-04-27 00:12:57] epoch   90/300 | train=0.002706 | val=0.002755 | best=0.002755@90 | patience=0/30 | time=3.11s *
[2026-04-27 00:13:00] epoch   91/300 | train=0.002653 | val=0.002777 | best=0.002755@90 | patience=1/30 | time=3.16s
[2026-04-27 00:13:03] epoch   92/300 | train=0.002606 | val=0.002870 | best=0.002755@90 | patience=2/30 | time=3.11s
[2026-04-27 00:13:06] epoch   93/300 | train=0.002590 | val=0.002866 | best=0.002755@90 | patience=3/30 | time=3.09s
[2026-04-27 00:13:10] epoch   94/300 | train=0.002649 | val=0.002838 | best=0.002755@90 | patience=4/30 | time=3.09s
[2026-04-27 00:13:13] epoch   95/300 | train=0.002733 | val=0.002873 | best=0.002755@90 | patience=5/30 | time=3.12s
[2026-04-27 00:13:16] epoch   96/300 | train=0.002783 | val=0.002774 | best=0.002755@90 | patience=6/30 | time=3.10s
[2026-04-27 00:13:20] epoch   97/300 | train=0.002603 | val=0.002890 | best=0.002755@90 | patience=7/30 | time=3.27s
[2026-04-27 00:13:28] epoch   98/300 | train=0.002510 | val=0.002643 | best=0.002643@98 | patience=0/30 | time=3.17s *
[2026-04-27 00:13:31] epoch   99/300 | train=0.002452 | val=0.002698 | best=0.002643@98 | patience=1/30 | time=3.09s
[2026-04-27 00:13:40] epoch  100/300 | train=0.002451 | val=0.002606 | best=0.002606@100 | patience=0/30 | time=3.12s *
[2026-04-27 00:13:43] epoch  101/300 | train=0.002427 | val=0.003170 | best=0.002606@100 | patience=1/30 | time=3.26s
[2026-04-27 00:13:46] epoch  102/300 | train=0.002797 | val=0.002970 | best=0.002606@100 | patience=2/30 | time=3.15s
[2026-04-27 00:13:50] epoch  103/300 | train=0.002730 | val=0.003399 | best=0.002606@100 | patience=3/30 | time=3.11s
[2026-04-27 00:13:53] epoch  104/300 | train=0.002667 | val=0.003396 | best=0.002606@100 | patience=4/30 | time=3.10s
[2026-04-27 00:13:56] epoch  105/300 | train=0.002757 | val=0.002743 | best=0.002606@100 | patience=5/30 | time=3.12s
[2026-04-27 00:14:05] epoch  106/300 | train=0.002408 | val=0.002591 | best=0.002591@106 | patience=0/30 | time=3.09s *
[2026-04-27 00:14:13] epoch  107/300 | train=0.002327 | val=0.002549 | best=0.002549@107 | patience=0/30 | time=3.18s *
[2026-04-27 00:14:16] epoch  108/300 | train=0.002275 | val=0.002616 | best=0.002549@107 | patience=1/30 | time=3.09s
[2026-04-27 00:14:20] epoch  109/300 | train=0.002237 | val=0.002554 | best=0.002549@107 | patience=2/30 | time=3.12s
[2026-04-27 00:14:29] epoch  110/300 | train=0.002218 | val=0.002453 | best=0.002453@110 | patience=0/30 | time=3.09s *
[2026-04-27 00:14:32] epoch  111/300 | train=0.002206 | val=0.002464 | best=0.002453@110 | patience=1/30 | time=3.16s
[2026-04-27 00:14:35] epoch  112/300 | train=0.002165 | val=0.003132 | best=0.002453@110 | patience=2/30 | time=3.11s
[2026-04-27 00:14:39] epoch  113/300 | train=0.002512 | val=0.002606 | best=0.002453@110 | patience=3/30 | time=3.10s
[2026-04-27 00:14:42] epoch  114/300 | train=0.002367 | val=0.002828 | best=0.002453@110 | patience=4/30 | time=3.09s
[2026-04-27 00:14:45] epoch  115/300 | train=0.002361 | val=0.003154 | best=0.002453@110 | patience=5/30 | time=3.13s
[2026-04-27 00:14:48] epoch  116/300 | train=0.002713 | val=0.003091 | best=0.002453@110 | patience=6/30 | time=3.10s
[2026-04-27 00:14:52] epoch  117/300 | train=0.002273 | val=0.002564 | best=0.002453@110 | patience=7/30 | time=3.31s
[2026-04-27 00:14:55] epoch  118/300 | train=0.002266 | val=0.002657 | best=0.002453@110 | patience=8/30 | time=3.17s
[2026-04-27 00:14:58] epoch  119/300 | train=0.002253 | val=0.002725 | best=0.002453@110 | patience=9/30 | time=3.11s
[2026-04-27 00:15:07] epoch  120/300 | train=0.002158 | val=0.002441 | best=0.002441@120 | patience=0/30 | time=3.09s *
[2026-04-27 00:15:10] epoch  121/300 | train=0.002117 | val=0.002458 | best=0.002441@120 | patience=1/30 | time=3.11s
[2026-04-27 00:15:19] epoch  122/300 | train=0.002069 | val=0.002355 | best=0.002355@122 | patience=0/30 | time=3.09s *
[2026-04-27 00:15:27] epoch  123/300 | train=0.002034 | val=0.002335 | best=0.002335@123 | patience=0/30 | time=3.09s *
[2026-04-27 00:15:30] epoch  124/300 | train=0.001989 | val=0.002349 | best=0.002335@123 | patience=1/30 | time=3.13s
[2026-04-27 00:15:39] epoch  125/300 | train=0.002019 | val=0.002332 | best=0.002332@125 | patience=0/30 | time=3.09s *
[2026-04-27 00:15:47] epoch  126/300 | train=0.001963 | val=0.002307 | best=0.002307@126 | patience=0/30 | time=3.17s *
[2026-04-27 00:15:56] epoch  127/300 | train=0.001930 | val=0.002293 | best=0.002293@127 | patience=0/30 | time=3.10s *
[2026-04-27 00:15:59] epoch  128/300 | train=0.001945 | val=0.018466 | best=0.002293@127 | patience=1/30 | time=3.13s
[2026-04-27 00:16:02] epoch  129/300 | train=0.006205 | val=0.017807 | best=0.002293@127 | patience=2/30 | time=3.10s
[2026-04-27 00:16:06] epoch  130/300 | train=0.004946 | val=0.005520 | best=0.002293@127 | patience=3/30 | time=3.31s
[2026-04-27 00:16:09] epoch  131/300 | train=0.004244 | val=0.005773 | best=0.002293@127 | patience=4/30 | time=3.17s
[2026-04-27 00:16:12] epoch  132/300 | train=0.003694 | val=0.004924 | best=0.002293@127 | patience=5/30 | time=3.09s
[2026-04-27 00:16:16] epoch  133/300 | train=0.003753 | val=0.003305 | best=0.002293@127 | patience=6/30 | time=3.11s
[2026-04-27 00:16:19] epoch  134/300 | train=0.003106 | val=0.003514 | best=0.002293@127 | patience=7/30 | time=3.09s
[2026-04-27 00:16:22] epoch  135/300 | train=0.002765 | val=0.003180 | best=0.002293@127 | patience=8/30 | time=3.13s
[2026-04-27 00:16:25] epoch  136/300 | train=0.002696 | val=0.002996 | best=0.002293@127 | patience=9/30 | time=3.10s
[2026-04-27 00:16:29] epoch  137/300 | train=0.002564 | val=0.002656 | best=0.002293@127 | patience=10/30 | time=3.31s
[2026-04-27 00:16:33] epoch  138/300 | train=0.002470 | val=0.003096 | best=0.002293@127 | patience=11/30 | time=3.16s
[2026-04-27 00:16:36] epoch  139/300 | train=0.002525 | val=0.002616 | best=0.002293@127 | patience=12/30 | time=3.10s
[2026-04-27 00:16:39] epoch  140/300 | train=0.002394 | val=0.002623 | best=0.002293@127 | patience=13/30 | time=3.11s
[2026-04-27 00:16:42] epoch  141/300 | train=0.002346 | val=0.003341 | best=0.002293@127 | patience=14/30 | time=3.10s
[2026-04-27 00:16:46] epoch  142/300 | train=0.002472 | val=0.008562 | best=0.002293@127 | patience=15/30 | time=3.12s
[2026-04-27 00:16:49] epoch  143/300 | train=0.003410 | val=0.004261 | best=0.002293@127 | patience=16/30 | time=3.10s
[2026-04-27 00:16:52] epoch  144/300 | train=0.002715 | val=0.002647 | best=0.002293@127 | patience=17/30 | time=3.27s
[2026-04-27 00:16:55] epoch  145/300 | train=0.002363 | val=0.002550 | best=0.002293@127 | patience=18/30 | time=3.09s
[2026-04-27 00:16:59] epoch  146/300 | train=0.002223 | val=0.002530 | best=0.002293@127 | patience=19/30 | time=3.16s
[2026-04-27 00:17:02] epoch  147/300 | train=0.002187 | val=0.002770 | best=0.002293@127 | patience=20/30 | time=3.11s
[2026-04-27 00:17:05] epoch  148/300 | train=0.002975 | val=0.002848 | best=0.002293@127 | patience=21/30 | time=3.10s
[2026-04-27 00:17:08] epoch  149/300 | train=0.002598 | val=0.002556 | best=0.002293@127 | patience=22/30 | time=3.13s
[2026-04-27 00:17:12] epoch  150/300 | train=0.002483 | val=0.002581 | best=0.002293@127 | patience=23/30 | time=3.10s
[2026-04-27 00:17:15] epoch  151/300 | train=0.002269 | val=0.002520 | best=0.002293@127 | patience=24/30 | time=3.10s
[2026-04-27 00:17:18] epoch  152/300 | train=0.002157 | val=0.002378 | best=0.002293@127 | patience=25/30 | time=3.31s
[2026-04-27 00:17:22] epoch  153/300 | train=0.002131 | val=0.002381 | best=0.002293@127 | patience=26/30 | time=3.17s
[2026-04-27 00:17:25] epoch  154/300 | train=0.002008 | val=0.002325 | best=0.002293@127 | patience=27/30 | time=3.11s
[2026-04-27 00:17:28] epoch  155/300 | train=0.001975 | val=0.002372 | best=0.002293@127 | patience=28/30 | time=3.09s
[2026-04-27 00:17:31] epoch  156/300 | train=0.001965 | val=0.002427 | best=0.002293@127 | patience=29/30 | time=3.12s
[2026-04-27 00:17:34] epoch  157/300 | train=0.002037 | val=0.002345 | best=0.002293@127 | patience=30/30 | time=3.10s
[2026-04-27 00:17:35]   early stopping at epoch 157 (no improvement for 30 epochs)
[2026-04-27 00:17:35] Training done: stop_reason=early_stop, total_epochs=157, best_epoch=127, best_val=0.002293
[2026-04-27 00:17:35] Reloading best checkpoint (epoch 127) for evaluation
[2026-04-27 00:17:44] ------------------------------------------------------------
[2026-04-27 00:17:44] Evaluation:
[2026-04-27 00:17:44]   AUC broken_lcfs         : 0.5461
[2026-04-27 00:17:44]   AUC bad_black_core      : 0.9999
[2026-04-27 00:17:44]   AUC bad_nonconverged    : 0.9993
[2026-04-27 00:17:44]   objective      : 0.8182
[2026-04-27 00:17:44]   floor_ok       : True
[2026-04-27 00:17:44]   threshold      : 0.2784
[2026-04-27 00:17:44]   mu / sigma     : 0.00186209 / 0.000537949
[2026-04-27 00:17:44] Train time=891.3s, eval time=5.2s
