[2026-04-27 13:04:33] ============================================================
[2026-04-27 13:04:33] Trial 194 starting on cuda:0
[2026-04-27 13:04:33] Timestamp: 2026-04-27T13:04:33.703417
[2026-04-27 13:04:33] --- Config summary ---
  bottleneck_dim  : 222
  n_enc_layers    : 5
  n_dec_layers    : 5
  base_channels   : 51
  growth_factor   : 1.8814705972676367
  use_batchnorm   : True
  use_hpf         : True
  hpf_sigma       : 1.0272345818823128
  lr              : 9.109938827723845e-05
  batch_size      : 16
  max_epochs      : 300
  patience        : 30
  seed            : 42
  deterministic   : False
  trial_num       : 194
[2026-04-27 13:04:33] Loading train/val/selection splits...
[2026-04-27 13:05:35] Splits loaded in 62.2s: n_train=722, n_val=120, n_selection=405
[2026-04-27 13:05:37] --- Architecture summary ---
  channels per enc layer : [51, 96, 181, 340, 639]
  final spatial size     : 8x8
  flat size before latent: 40896
  bottleneck_dim         : 222
  total parameters       : 47,783,128
[2026-04-27 13:05:37] Starting training: n_train=722, n_val=120, device=cuda:0
[2026-04-27 13:08:22] epoch    1/300 | train=0.003658 | val=0.002990 | best=0.002990@1 | patience=0/30 | time=163.80s *
[2026-04-27 13:08:32] epoch    2/300 | train=0.001959 | val=0.001801 | best=0.001801@2 | patience=0/30 | time=9.30s *
[2026-04-27 13:08:43] epoch    3/300 | train=0.001594 | val=0.001599 | best=0.001599@3 | patience=0/30 | time=10.21s *
[2026-04-27 13:08:53] epoch    4/300 | train=0.001445 | val=0.001424 | best=0.001424@4 | patience=0/30 | time=9.00s *
[2026-04-27 13:09:02] epoch    5/300 | train=0.001377 | val=0.001333 | best=0.001333@5 | patience=0/30 | time=9.00s *
[2026-04-27 13:09:12] epoch    6/300 | train=0.001349 | val=0.001367 | best=0.001333@5 | patience=1/30 | time=9.47s
[2026-04-27 13:09:22] epoch    7/300 | train=0.001325 | val=0.001321 | best=0.001321@7 | patience=0/30 | time=9.55s *
[2026-04-27 13:09:32] epoch    8/300 | train=0.001316 | val=0.001313 | best=0.001313@8 | patience=0/30 | time=9.14s *
[2026-04-27 13:09:45] epoch    9/300 | train=0.001323 | val=0.001282 | best=0.001282@9 | patience=0/30 | time=12.22s *
[2026-04-27 13:09:54] epoch   10/300 | train=0.001279 | val=0.001286 | best=0.001282@9 | patience=1/30 | time=9.00s
[2026-04-27 13:10:04] epoch   11/300 | train=0.001278 | val=0.001267 | best=0.001267@11 | patience=0/30 | time=9.00s *
[2026-04-27 13:10:14] epoch   12/300 | train=0.001266 | val=0.001253 | best=0.001253@12 | patience=0/30 | time=9.44s *
[2026-04-27 13:10:25] epoch   13/300 | train=0.001253 | val=0.001242 | best=0.001242@13 | patience=0/30 | time=9.57s *
[2026-04-27 13:10:35] epoch   14/300 | train=0.001246 | val=0.001237 | best=0.001237@14 | patience=0/30 | time=8.98s *
[2026-04-27 13:10:45] epoch   15/300 | train=0.001233 | val=0.001241 | best=0.001237@14 | patience=1/30 | time=10.73s
[2026-04-27 13:10:55] epoch   16/300 | train=0.001241 | val=0.001223 | best=0.001223@16 | patience=0/30 | time=8.96s *
[2026-04-27 13:11:06] epoch   17/300 | train=0.001207 | val=0.001213 | best=0.001213@17 | patience=0/30 | time=9.51s *
[2026-04-27 13:11:16] epoch   18/300 | train=0.001207 | val=0.001203 | best=0.001203@18 | patience=0/30 | time=9.30s *
[2026-04-27 13:11:26] epoch   19/300 | train=0.001186 | val=0.001178 | best=0.001178@19 | patience=0/30 | time=9.12s *
[2026-04-27 13:11:35] epoch   20/300 | train=0.001169 | val=0.001225 | best=0.001178@19 | patience=1/30 | time=9.47s
[2026-04-27 13:11:46] epoch   21/300 | train=0.001195 | val=0.001166 | best=0.001166@21 | patience=0/30 | time=9.63s *
[2026-04-27 13:11:56] epoch   22/300 | train=0.001147 | val=0.001145 | best=0.001145@22 | patience=0/30 | time=9.12s *
[2026-04-27 13:12:05] epoch   23/300 | train=0.001134 | val=0.001155 | best=0.001145@22 | patience=1/30 | time=9.51s
[2026-04-27 13:12:14] epoch   24/300 | train=0.001128 | val=0.001166 | best=0.001145@22 | patience=2/30 | time=9.17s
[2026-04-27 13:12:26] epoch   25/300 | train=0.001125 | val=0.001118 | best=0.001118@25 | patience=0/30 | time=10.68s *
[2026-04-27 13:12:36] epoch   26/300 | train=0.001104 | val=0.001145 | best=0.001118@25 | patience=1/30 | time=9.49s
[2026-04-27 13:12:45] epoch   27/300 | train=0.001097 | val=0.001115 | best=0.001115@27 | patience=0/30 | time=8.98s *
[2026-04-27 13:12:56] epoch   28/300 | train=0.001069 | val=0.001078 | best=0.001078@28 | patience=0/30 | time=9.41s *
[2026-04-27 13:13:05] epoch   29/300 | train=0.001072 | val=0.001071 | best=0.001071@29 | patience=0/30 | time=8.98s *
[2026-04-27 13:13:15] epoch   30/300 | train=0.001050 | val=0.001046 | best=0.001046@30 | patience=0/30 | time=8.98s *
[2026-04-27 13:13:27] epoch   31/300 | train=0.001034 | val=0.001050 | best=0.001046@30 | patience=1/30 | time=12.20s
[2026-04-27 13:13:37] epoch   32/300 | train=0.001031 | val=0.001043 | best=0.001043@32 | patience=0/30 | time=8.97s *
[2026-04-27 13:13:47] epoch   33/300 | train=0.001015 | val=0.001018 | best=0.001018@33 | patience=0/30 | time=9.14s *
[2026-04-27 13:13:59] epoch   34/300 | train=0.001001 | val=0.001051 | best=0.001018@33 | patience=1/30 | time=11.83s
[2026-04-27 13:14:09] epoch   35/300 | train=0.000997 | val=0.001015 | best=0.001015@35 | patience=0/30 | time=9.16s *
[2026-04-27 13:14:20] epoch   36/300 | train=0.000981 | val=0.001005 | best=0.001005@36 | patience=0/30 | time=9.56s *
[2026-04-27 13:14:33] epoch   37/300 | train=0.000969 | val=0.000992 | best=0.000992@37 | patience=0/30 | time=12.22s *
[2026-04-27 13:14:43] epoch   38/300 | train=0.000959 | val=0.001010 | best=0.000992@37 | patience=1/30 | time=10.57s
[2026-04-27 13:14:53] epoch   39/300 | train=0.000957 | val=0.000987 | best=0.000987@39 | patience=0/30 | time=9.01s *
[2026-04-27 13:15:02] epoch   40/300 | train=0.000942 | val=0.001001 | best=0.000987@39 | patience=1/30 | time=9.00s
[2026-04-27 13:15:12] epoch   41/300 | train=0.000950 | val=0.000987 | best=0.000987@39 | patience=2/30 | time=9.43s
[2026-04-27 13:15:21] epoch   42/300 | train=0.000936 | val=0.001067 | best=0.000987@39 | patience=3/30 | time=9.49s
[2026-04-27 13:15:31] epoch   43/300 | train=0.000939 | val=0.000966 | best=0.000966@43 | patience=0/30 | time=9.09s *
[2026-04-27 13:15:46] epoch   44/300 | train=0.000912 | val=0.000958 | best=0.000958@44 | patience=0/30 | time=13.77s *
[2026-04-27 13:15:56] epoch   45/300 | train=0.000904 | val=0.000956 | best=0.000956@45 | patience=0/30 | time=9.52s *
[2026-04-27 13:16:06] epoch   46/300 | train=0.000900 | val=0.000953 | best=0.000953@46 | patience=0/30 | time=9.34s *
[2026-04-27 13:16:20] epoch   47/300 | train=0.000889 | val=0.000949 | best=0.000949@47 | patience=0/30 | time=12.85s *
[2026-04-27 13:16:30] epoch   48/300 | train=0.000886 | val=0.000934 | best=0.000934@48 | patience=0/30 | time=9.56s *
[2026-04-27 13:16:43] epoch   49/300 | train=0.000873 | val=0.000925 | best=0.000925@49 | patience=0/30 | time=9.36s *
[2026-04-27 13:16:54] epoch   50/300 | train=0.000867 | val=0.000941 | best=0.000925@49 | patience=1/30 | time=10.50s
[2026-04-27 13:17:04] epoch   51/300 | train=0.000867 | val=0.000918 | best=0.000918@51 | patience=0/30 | time=9.02s *
[2026-04-27 13:17:13] epoch   52/300 | train=0.000854 | val=0.000938 | best=0.000918@51 | patience=1/30 | time=9.01s
[2026-04-27 13:17:23] epoch   53/300 | train=0.000848 | val=0.000927 | best=0.000918@51 | patience=2/30 | time=10.53s
[2026-04-27 13:17:34] epoch   54/300 | train=0.000844 | val=0.000912 | best=0.000912@54 | patience=0/30 | time=8.97s *
[2026-04-27 13:17:43] epoch   55/300 | train=0.000837 | val=0.000950 | best=0.000912@54 | patience=1/30 | time=8.97s
[2026-04-27 13:17:52] epoch   56/300 | train=0.000848 | val=0.000922 | best=0.000912@54 | patience=2/30 | time=9.22s
[2026-04-27 13:18:01] epoch   57/300 | train=0.000830 | val=0.000920 | best=0.000912@54 | patience=3/30 | time=9.13s
[2026-04-27 13:18:11] epoch   58/300 | train=0.000825 | val=0.000900 | best=0.000900@58 | patience=0/30 | time=9.02s *
[2026-04-27 13:18:20] epoch   59/300 | train=0.000814 | val=0.000905 | best=0.000900@58 | patience=1/30 | time=9.01s
[2026-04-27 13:18:30] epoch   60/300 | train=0.000799 | val=0.000892 | best=0.000892@60 | patience=0/30 | time=9.42s *
[2026-04-27 13:18:40] epoch   61/300 | train=0.000806 | val=0.000887 | best=0.000887@61 | patience=0/30 | time=9.03s *
[2026-04-27 13:18:50] epoch   62/300 | train=0.000798 | val=0.000895 | best=0.000887@61 | patience=1/30 | time=9.11s
[2026-04-27 13:19:02] epoch   63/300 | train=0.000788 | val=0.000893 | best=0.000887@61 | patience=2/30 | time=12.41s
[2026-04-27 13:19:11] epoch   64/300 | train=0.000778 | val=0.000915 | best=0.000887@61 | patience=3/30 | time=9.04s
[2026-04-27 13:19:21] epoch   65/300 | train=0.000795 | val=0.000883 | best=0.000883@65 | patience=0/30 | time=9.13s *
[2026-04-27 13:19:33] epoch   66/300 | train=0.000770 | val=0.000890 | best=0.000883@65 | patience=1/30 | time=12.04s
[2026-04-27 13:19:42] epoch   67/300 | train=0.000762 | val=0.000883 | best=0.000883@65 | patience=2/30 | time=8.97s
[2026-04-27 13:19:52] epoch   68/300 | train=0.000761 | val=0.000881 | best=0.000881@68 | patience=0/30 | time=9.19s *
[2026-04-27 13:20:05] epoch   69/300 | train=0.000752 | val=0.000888 | best=0.000881@68 | patience=1/30 | time=12.23s
[2026-04-27 13:20:14] epoch   70/300 | train=0.000743 | val=0.000884 | best=0.000881@68 | patience=2/30 | time=8.98s
[2026-04-27 13:20:23] epoch   71/300 | train=0.000745 | val=0.000900 | best=0.000881@68 | patience=3/30 | time=9.55s
[2026-04-27 13:20:35] epoch   72/300 | train=0.000742 | val=0.000929 | best=0.000881@68 | patience=4/30 | time=12.01s
[2026-04-27 13:20:45] epoch   73/300 | train=0.000751 | val=0.000880 | best=0.000881@68 | patience=5/30 | time=8.98s
[2026-04-27 13:20:55] epoch   74/300 | train=0.000729 | val=0.000880 | best=0.000880@74 | patience=0/30 | time=9.02s *
[2026-04-27 13:21:07] epoch   75/300 | train=0.000720 | val=0.000874 | best=0.000874@75 | patience=0/30 | time=11.97s *
[2026-04-27 13:21:16] epoch   76/300 | train=0.000722 | val=0.000911 | best=0.000874@75 | patience=1/30 | time=8.97s
[2026-04-27 13:21:26] epoch   77/300 | train=0.000729 | val=0.000885 | best=0.000874@75 | patience=2/30 | time=9.70s
[2026-04-27 13:21:37] epoch   78/300 | train=0.000723 | val=0.000889 | best=0.000874@75 | patience=3/30 | time=11.13s
[2026-04-27 13:21:48] epoch   79/300 | train=0.000718 | val=0.000874 | best=0.000874@75 | patience=4/30 | time=8.96s
[2026-04-27 13:21:59] epoch   80/300 | train=0.000700 | val=0.000870 | best=0.000870@80 | patience=0/30 | time=9.54s *
[2026-04-27 13:22:11] epoch   81/300 | train=0.000707 | val=0.000869 | best=0.000869@81 | patience=0/30 | time=11.90s *
[2026-04-27 13:22:22] epoch   82/300 | train=0.000695 | val=0.000878 | best=0.000869@81 | patience=1/30 | time=10.22s
[2026-04-27 13:22:31] epoch   83/300 | train=0.000678 | val=0.001298 | best=0.000869@81 | patience=2/30 | time=9.56s
[2026-04-27 13:22:41] epoch   84/300 | train=0.000817 | val=0.000902 | best=0.000869@81 | patience=3/30 | time=9.43s
[2026-04-27 13:22:51] epoch   85/300 | train=0.000729 | val=0.000899 | best=0.000869@81 | patience=4/30 | time=10.50s
[2026-04-27 13:23:00] epoch   86/300 | train=0.000713 | val=0.000874 | best=0.000869@81 | patience=5/30 | time=9.00s
[2026-04-27 13:23:11] epoch   87/300 | train=0.000683 | val=0.000867 | best=0.000867@87 | patience=0/30 | time=9.34s *
[2026-04-27 13:23:21] epoch   88/300 | train=0.000676 | val=0.000860 | best=0.000860@88 | patience=0/30 | time=9.36s *
[2026-04-27 13:23:31] epoch   89/300 | train=0.000663 | val=0.000858 | best=0.000858@89 | patience=0/30 | time=8.97s *
[2026-04-27 13:23:40] epoch   90/300 | train=0.000654 | val=0.000868 | best=0.000858@89 | patience=1/30 | time=9.14s
[2026-04-27 13:23:52] epoch   91/300 | train=0.000649 | val=0.000857 | best=0.000858@89 | patience=2/30 | time=12.10s
[2026-04-27 13:24:01] epoch   92/300 | train=0.000646 | val=0.000863 | best=0.000858@89 | patience=3/30 | time=9.14s
[2026-04-27 13:24:11] epoch   93/300 | train=0.000645 | val=0.000864 | best=0.000858@89 | patience=4/30 | time=9.53s
[2026-04-27 13:24:20] epoch   94/300 | train=0.000640 | val=0.000865 | best=0.000858@89 | patience=5/30 | time=9.38s
[2026-04-27 13:24:33] epoch   95/300 | train=0.000644 | val=0.000861 | best=0.000858@89 | patience=6/30 | time=12.04s
[2026-04-27 13:24:42] epoch   96/300 | train=0.000625 | val=0.000849 | best=0.000849@96 | patience=0/30 | time=9.02s *
[2026-04-27 13:24:52] epoch   97/300 | train=0.000620 | val=0.000876 | best=0.000849@96 | patience=1/30 | time=9.15s
[2026-04-27 13:25:04] epoch   98/300 | train=0.000619 | val=0.000850 | best=0.000849@96 | patience=2/30 | time=12.08s
[2026-04-27 13:25:14] epoch   99/300 | train=0.000614 | val=0.000857 | best=0.000849@96 | patience=3/30 | time=9.59s
[2026-04-27 13:25:23] epoch  100/300 | train=0.000603 | val=0.000863 | best=0.000849@96 | patience=4/30 | time=9.32s
[2026-04-27 13:25:36] epoch  101/300 | train=0.000611 | val=0.000858 | best=0.000849@96 | patience=5/30 | time=13.14s
[2026-04-27 13:25:45] epoch  102/300 | train=0.000616 | val=0.000874 | best=0.000849@96 | patience=6/30 | time=8.97s
[2026-04-27 13:25:55] epoch  103/300 | train=0.000599 | val=0.000893 | best=0.000849@96 | patience=7/30 | time=9.60s
[2026-04-27 13:26:04] epoch  104/300 | train=0.000603 | val=0.000862 | best=0.000849@96 | patience=8/30 | time=9.23s
[2026-04-27 13:26:14] epoch  105/300 | train=0.000591 | val=0.000853 | best=0.000849@96 | patience=9/30 | time=9.14s
[2026-04-27 13:26:23] epoch  106/300 | train=0.000577 | val=0.000886 | best=0.000849@96 | patience=10/30 | time=9.02s
[2026-04-27 13:26:32] epoch  107/300 | train=0.000589 | val=0.000870 | best=0.000849@96 | patience=11/30 | time=9.26s
[2026-04-27 13:26:44] epoch  108/300 | train=0.000589 | val=0.000890 | best=0.000849@96 | patience=12/30 | time=11.94s
[2026-04-27 13:26:54] epoch  109/300 | train=0.000603 | val=0.000870 | best=0.000849@96 | patience=13/30 | time=9.51s
[2026-04-27 13:27:03] epoch  110/300 | train=0.000581 | val=0.000860 | best=0.000849@96 | patience=14/30 | time=9.16s
[2026-04-27 13:27:14] epoch  111/300 | train=0.000559 | val=0.000856 | best=0.000849@96 | patience=15/30 | time=10.75s
[2026-04-27 13:27:23] epoch  112/300 | train=0.000547 | val=0.000867 | best=0.000849@96 | patience=16/30 | time=8.97s
[2026-04-27 13:27:32] epoch  113/300 | train=0.000559 | val=0.000859 | best=0.000849@96 | patience=17/30 | time=9.17s
[2026-04-27 13:27:44] epoch  114/300 | train=0.000538 | val=0.000867 | best=0.000849@96 | patience=18/30 | time=12.16s
[2026-04-27 13:27:53] epoch  115/300 | train=0.000536 | val=0.000870 | best=0.000849@96 | patience=19/30 | time=8.98s
[2026-04-27 13:28:03] epoch  116/300 | train=0.000545 | val=0.000867 | best=0.000849@96 | patience=20/30 | time=9.00s
[2026-04-27 13:28:15] epoch  117/300 | train=0.000526 | val=0.000865 | best=0.000849@96 | patience=21/30 | time=11.80s
[2026-04-27 13:28:24] epoch  118/300 | train=0.000517 | val=0.000871 | best=0.000849@96 | patience=22/30 | time=9.12s
[2026-04-27 13:28:33] epoch  119/300 | train=0.000512 | val=0.000870 | best=0.000849@96 | patience=23/30 | time=9.00s
[2026-04-27 13:28:42] epoch  120/300 | train=0.000521 | val=0.000867 | best=0.000849@96 | patience=24/30 | time=9.16s
[2026-04-27 13:28:54] epoch  121/300 | train=0.000507 | val=0.000870 | best=0.000849@96 | patience=25/30 | time=11.77s
[2026-04-27 13:29:04] epoch  122/300 | train=0.000498 | val=0.000877 | best=0.000849@96 | patience=26/30 | time=9.54s
[2026-04-27 13:29:13] epoch  123/300 | train=0.000498 | val=0.000864 | best=0.000849@96 | patience=27/30 | time=9.36s
[2026-04-27 13:29:27] epoch  124/300 | train=0.000489 | val=0.000878 | best=0.000849@96 | patience=28/30 | time=13.50s
[2026-04-27 13:29:36] epoch  125/300 | train=0.000486 | val=0.000868 | best=0.000849@96 | patience=29/30 | time=9.59s
[2026-04-27 13:29:46] epoch  126/300 | train=0.000486 | val=0.000875 | best=0.000849@96 | patience=30/30 | time=9.28s
[2026-04-27 13:29:46]   early stopping at epoch 126 (no improvement for 30 epochs)
[2026-04-27 13:29:46] Training done: stop_reason=early_stop, total_epochs=126, best_epoch=96, best_val=0.000849
[2026-04-27 13:29:46] Reloading best checkpoint (epoch 96) for evaluation
[2026-04-27 13:30:06] ------------------------------------------------------------
[2026-04-27 13:30:06] Evaluation:
[2026-04-27 13:30:06]   AUC broken_lcfs         : 0.6225
[2026-04-27 13:30:06]   AUC bad_black_core      : 0.9970
[2026-04-27 13:30:06]   AUC bad_nonconverged    : 0.9973
[2026-04-27 13:30:06]   objective      : 0.8473
[2026-04-27 13:30:06]   floor_ok       : True
[2026-04-27 13:30:06]   threshold      : 0.0800
[2026-04-27 13:30:06]   mu / sigma     : 0.000604984 / 0.000179575
[2026-04-27 13:30:06] Train time=1448.8s, eval time=19.1s
