[2026-04-27 08:52:32] ============================================================
[2026-04-27 08:52:32] Trial 145 starting on cuda:0
[2026-04-27 08:52:32] Timestamp: 2026-04-27T08:52:32.221805
[2026-04-27 08:52:32] --- Config summary ---
  bottleneck_dim  : 211
  n_enc_layers    : 5
  n_dec_layers    : 5
  base_channels   : 52
  growth_factor   : 1.6852234818735778
  use_batchnorm   : True
  use_hpf         : True
  hpf_sigma       : 1.0150429562411643
  lr              : 1.3292829390670242e-05
  batch_size      : 24
  max_epochs      : 300
  patience        : 30
  seed            : 42
  deterministic   : False
  trial_num       : 145
[2026-04-27 08:52:32] Loading train/val/selection splits...
[2026-04-27 08:53:31] Splits loaded in 59.2s: n_train=722, n_val=120, n_selection=405
[2026-04-27 08:53:32] --- Architecture summary ---
  channels per enc layer : [52, 88, 148, 249, 419]
  final spatial size     : 8x8
  flat size before latent: 26816
  bottleneck_dim         : 211
  total parameters       : 25,516,155
[2026-04-27 08:53:32] Starting training: n_train=722, n_val=120, device=cuda:0
[2026-04-27 08:55:48] epoch    1/300 | train=0.007303 | val=0.004929 | best=0.004929@1 | patience=0/30 | time=135.57s *
[2026-04-27 08:55:56] epoch    2/300 | train=0.004056 | val=0.003595 | best=0.003595@2 | patience=0/30 | time=7.52s *
[2026-04-27 08:56:04] epoch    3/300 | train=0.003197 | val=0.003018 | best=0.003018@3 | patience=0/30 | time=7.50s *
[2026-04-27 08:56:12] epoch    4/300 | train=0.002801 | val=0.002665 | best=0.002665@4 | patience=0/30 | time=7.42s *
[2026-04-27 08:56:20] epoch    5/300 | train=0.002471 | val=0.002341 | best=0.002341@5 | patience=0/30 | time=7.62s *
[2026-04-27 08:56:28] epoch    6/300 | train=0.002177 | val=0.002076 | best=0.002076@6 | patience=0/30 | time=7.52s *
[2026-04-27 08:56:36] epoch    7/300 | train=0.001949 | val=0.001870 | best=0.001870@7 | patience=0/30 | time=7.61s *
[2026-04-27 08:56:44] epoch    8/300 | train=0.001769 | val=0.001719 | best=0.001719@8 | patience=0/30 | time=7.40s *
[2026-04-27 08:56:52] epoch    9/300 | train=0.001644 | val=0.001595 | best=0.001595@9 | patience=0/30 | time=7.79s *
[2026-04-27 08:57:00] epoch   10/300 | train=0.001538 | val=0.001520 | best=0.001520@10 | patience=0/30 | time=7.57s *
[2026-04-27 08:57:08] epoch   11/300 | train=0.001471 | val=0.001462 | best=0.001462@11 | patience=0/30 | time=7.43s *
[2026-04-27 08:57:17] epoch   12/300 | train=0.001417 | val=0.001421 | best=0.001421@12 | patience=0/30 | time=7.63s *
[2026-04-27 08:57:25] epoch   13/300 | train=0.001382 | val=0.001377 | best=0.001377@13 | patience=0/30 | time=7.54s *
[2026-04-27 08:57:33] epoch   14/300 | train=0.001350 | val=0.001350 | best=0.001350@14 | patience=0/30 | time=7.61s *
[2026-04-27 08:57:41] epoch   15/300 | train=0.001323 | val=0.001330 | best=0.001330@15 | patience=0/30 | time=7.40s *
[2026-04-27 08:57:49] epoch   16/300 | train=0.001305 | val=0.001304 | best=0.001304@16 | patience=0/30 | time=7.86s *
[2026-04-27 08:57:57] epoch   17/300 | train=0.001277 | val=0.001294 | best=0.001294@17 | patience=0/30 | time=7.56s *
[2026-04-27 08:58:05] epoch   18/300 | train=0.001272 | val=0.001276 | best=0.001276@18 | patience=0/30 | time=7.44s *
[2026-04-27 08:58:13] epoch   19/300 | train=0.001248 | val=0.001257 | best=0.001257@19 | patience=0/30 | time=7.70s *
[2026-04-27 08:58:21] epoch   20/300 | train=0.001228 | val=0.001309 | best=0.001257@19 | patience=1/30 | time=7.53s
[2026-04-27 08:58:29] epoch   21/300 | train=0.001258 | val=0.001246 | best=0.001246@21 | patience=0/30 | time=7.61s *
[2026-04-27 08:58:37] epoch   22/300 | train=0.001212 | val=0.001217 | best=0.001217@22 | patience=0/30 | time=7.41s *
[2026-04-27 08:58:45] epoch   23/300 | train=0.001196 | val=0.001231 | best=0.001217@22 | patience=1/30 | time=7.85s
[2026-04-27 08:58:53] epoch   24/300 | train=0.001193 | val=0.001202 | best=0.001202@24 | patience=0/30 | time=7.53s *
[2026-04-27 08:59:01] epoch   25/300 | train=0.001183 | val=0.001203 | best=0.001202@24 | patience=1/30 | time=7.45s
[2026-04-27 08:59:08] epoch   26/300 | train=0.001179 | val=0.001231 | best=0.001202@24 | patience=2/30 | time=7.37s
[2026-04-27 08:59:16] epoch   27/300 | train=0.001183 | val=0.001186 | best=0.001186@27 | patience=0/30 | time=7.84s *
[2026-04-27 08:59:24] epoch   28/300 | train=0.001155 | val=0.001187 | best=0.001186@27 | patience=1/30 | time=7.53s
[2026-04-27 08:59:32] epoch   29/300 | train=0.001156 | val=0.001169 | best=0.001169@29 | patience=0/30 | time=7.43s *
[2026-04-27 08:59:40] epoch   30/300 | train=0.001142 | val=0.001157 | best=0.001157@30 | patience=0/30 | time=7.65s *
[2026-04-27 08:59:48] epoch   31/300 | train=0.001136 | val=0.001148 | best=0.001148@31 | patience=0/30 | time=7.59s *
[2026-04-27 08:59:56] epoch   32/300 | train=0.001127 | val=0.001151 | best=0.001148@31 | patience=1/30 | time=7.58s
[2026-04-27 09:00:04] epoch   33/300 | train=0.001119 | val=0.001145 | best=0.001145@33 | patience=0/30 | time=7.41s *
[2026-04-27 09:00:12] epoch   34/300 | train=0.001114 | val=0.001138 | best=0.001138@34 | patience=0/30 | time=7.89s *
[2026-04-27 09:00:20] epoch   35/300 | train=0.001107 | val=0.001134 | best=0.001134@35 | patience=0/30 | time=7.57s *
[2026-04-27 09:00:28] epoch   36/300 | train=0.001102 | val=0.001134 | best=0.001134@35 | patience=1/30 | time=7.45s
[2026-04-27 09:00:36] epoch   37/300 | train=0.001098 | val=0.001117 | best=0.001117@37 | patience=0/30 | time=7.63s *
[2026-04-27 09:00:44] epoch   38/300 | train=0.001088 | val=0.001145 | best=0.001117@37 | patience=1/30 | time=7.57s
[2026-04-27 09:00:51] epoch   39/300 | train=0.001100 | val=0.001120 | best=0.001117@37 | patience=2/30 | time=7.60s
[2026-04-27 09:00:59] epoch   40/300 | train=0.001078 | val=0.001107 | best=0.001107@40 | patience=0/30 | time=7.38s *
[2026-04-27 09:01:07] epoch   41/300 | train=0.001074 | val=0.001115 | best=0.001107@40 | patience=1/30 | time=7.61s
[2026-04-27 09:01:15] epoch   42/300 | train=0.001074 | val=0.001111 | best=0.001107@40 | patience=2/30 | time=7.58s
[2026-04-27 09:01:23] epoch   43/300 | train=0.001074 | val=0.001094 | best=0.001094@43 | patience=0/30 | time=7.59s *
[2026-04-27 09:01:30] epoch   44/300 | train=0.001063 | val=0.001105 | best=0.001094@43 | patience=1/30 | time=7.40s
[2026-04-27 09:01:38] epoch   45/300 | train=0.001059 | val=0.001126 | best=0.001094@43 | patience=2/30 | time=7.89s
[2026-04-27 09:01:46] epoch   46/300 | train=0.001068 | val=0.001087 | best=0.001087@46 | patience=0/30 | time=7.57s *
[2026-04-27 09:01:54] epoch   47/300 | train=0.001046 | val=0.001090 | best=0.001087@46 | patience=1/30 | time=7.45s
[2026-04-27 09:02:02] epoch   48/300 | train=0.001044 | val=0.001079 | best=0.001079@48 | patience=0/30 | time=7.69s *
[2026-04-27 09:02:10] epoch   49/300 | train=0.001037 | val=0.001076 | best=0.001076@49 | patience=0/30 | time=7.54s *
[2026-04-27 09:02:18] epoch   50/300 | train=0.001032 | val=0.001061 | best=0.001061@50 | patience=0/30 | time=7.52s *
[2026-04-27 09:02:26] epoch   51/300 | train=0.001027 | val=0.001064 | best=0.001061@50 | patience=1/30 | time=7.38s
[2026-04-27 09:02:34] epoch   52/300 | train=0.001024 | val=0.001060 | best=0.001061@50 | patience=2/30 | time=7.64s
[2026-04-27 09:02:42] epoch   53/300 | train=0.001016 | val=0.001056 | best=0.001056@53 | patience=0/30 | time=7.54s *
[2026-04-27 09:02:49] epoch   54/300 | train=0.001018 | val=0.001055 | best=0.001056@53 | patience=1/30 | time=7.61s
[2026-04-27 09:02:57] epoch   55/300 | train=0.001012 | val=0.001056 | best=0.001056@53 | patience=2/30 | time=7.41s
[2026-04-27 09:03:05] epoch   56/300 | train=0.001008 | val=0.001049 | best=0.001049@56 | patience=0/30 | time=7.86s *
[2026-04-27 09:03:13] epoch   57/300 | train=0.000998 | val=0.001053 | best=0.001049@56 | patience=1/30 | time=7.58s
[2026-04-27 09:03:21] epoch   58/300 | train=0.001006 | val=0.001042 | best=0.001042@58 | patience=0/30 | time=7.44s *
[2026-04-27 09:03:29] epoch   59/300 | train=0.000999 | val=0.001044 | best=0.001042@58 | patience=1/30 | time=7.70s
[2026-04-27 09:03:37] epoch   60/300 | train=0.000993 | val=0.001037 | best=0.001037@60 | patience=0/30 | time=7.57s *
[2026-04-27 09:03:44] epoch   61/300 | train=0.000996 | val=0.001040 | best=0.001037@60 | patience=1/30 | time=7.56s
[2026-04-27 09:03:52] epoch   62/300 | train=0.000990 | val=0.001030 | best=0.001030@62 | patience=0/30 | time=7.44s *
[2026-04-27 09:04:00] epoch   63/300 | train=0.000985 | val=0.001030 | best=0.001030@62 | patience=1/30 | time=7.70s
[2026-04-27 09:04:08] epoch   64/300 | train=0.000977 | val=0.001041 | best=0.001030@62 | patience=2/30 | time=7.53s
[2026-04-27 09:04:16] epoch   65/300 | train=0.000985 | val=0.001022 | best=0.001022@65 | patience=0/30 | time=7.61s *
[2026-04-27 09:04:23] epoch   66/300 | train=0.000972 | val=0.001022 | best=0.001022@65 | patience=1/30 | time=7.40s
[2026-04-27 09:04:31] epoch   67/300 | train=0.000968 | val=0.001025 | best=0.001022@65 | patience=2/30 | time=7.83s
[2026-04-27 09:04:39] epoch   68/300 | train=0.000970 | val=0.001021 | best=0.001022@65 | patience=3/30 | time=7.54s
[2026-04-27 09:04:47] epoch   69/300 | train=0.000962 | val=0.001020 | best=0.001020@69 | patience=0/30 | time=7.44s *
[2026-04-27 09:04:55] epoch   70/300 | train=0.000961 | val=0.001011 | best=0.001011@70 | patience=0/30 | time=7.37s *
[2026-04-27 09:05:03] epoch   71/300 | train=0.000955 | val=0.001006 | best=0.001006@71 | patience=0/30 | time=7.54s *
[2026-04-27 09:05:11] epoch   72/300 | train=0.000953 | val=0.001040 | best=0.001006@71 | patience=1/30 | time=7.52s
[2026-04-27 09:05:19] epoch   73/300 | train=0.000965 | val=0.001004 | best=0.001004@73 | patience=0/30 | time=7.44s *
[2026-04-27 09:05:27] epoch   74/300 | train=0.000947 | val=0.001006 | best=0.001004@73 | patience=1/30 | time=7.63s
[2026-04-27 09:05:35] epoch   75/300 | train=0.000946 | val=0.001004 | best=0.001004@73 | patience=2/30 | time=7.58s
[2026-04-27 09:05:43] epoch   76/300 | train=0.000947 | val=0.001002 | best=0.001002@76 | patience=0/30 | time=7.60s *
[2026-04-27 09:05:51] epoch   77/300 | train=0.000939 | val=0.001013 | best=0.001002@76 | patience=1/30 | time=7.41s
[2026-04-27 09:05:58] epoch   78/300 | train=0.000946 | val=0.001003 | best=0.001002@76 | patience=2/30 | time=7.80s
[2026-04-27 09:06:07] epoch   79/300 | train=0.000938 | val=0.000995 | best=0.000995@79 | patience=0/30 | time=7.56s *
[2026-04-27 09:06:15] epoch   80/300 | train=0.000931 | val=0.000994 | best=0.000994@80 | patience=0/30 | time=7.45s *
[2026-04-27 09:06:22] epoch   81/300 | train=0.000932 | val=0.001011 | best=0.000994@80 | patience=1/30 | time=7.65s
[2026-04-27 09:06:30] epoch   82/300 | train=0.000937 | val=0.000991 | best=0.000991@82 | patience=0/30 | time=7.57s *
[2026-04-27 09:06:38] epoch   83/300 | train=0.000923 | val=0.001003 | best=0.000991@82 | patience=1/30 | time=7.52s
[2026-04-27 09:06:46] epoch   84/300 | train=0.000938 | val=0.000988 | best=0.000988@84 | patience=0/30 | time=7.45s *
[2026-04-27 09:06:54] epoch   85/300 | train=0.000928 | val=0.000986 | best=0.000986@85 | patience=0/30 | time=7.63s *
[2026-04-27 09:07:02] epoch   86/300 | train=0.000917 | val=0.000986 | best=0.000986@85 | patience=1/30 | time=7.54s
[2026-04-27 09:07:10] epoch   87/300 | train=0.000919 | val=0.001022 | best=0.000986@85 | patience=2/30 | time=7.63s
[2026-04-27 09:07:18] epoch   88/300 | train=0.000929 | val=0.000984 | best=0.000984@88 | patience=0/30 | time=7.40s *
[2026-04-27 09:07:26] epoch   89/300 | train=0.000908 | val=0.000974 | best=0.000974@89 | patience=0/30 | time=7.85s *
[2026-04-27 09:07:34] epoch   90/300 | train=0.000904 | val=0.000986 | best=0.000974@89 | patience=1/30 | time=7.56s
[2026-04-27 09:07:41] epoch   91/300 | train=0.000911 | val=0.000974 | best=0.000974@89 | patience=2/30 | time=7.45s
[2026-04-27 09:07:49] epoch   92/300 | train=0.000905 | val=0.000985 | best=0.000974@89 | patience=3/30 | time=7.69s
[2026-04-27 09:07:57] epoch   93/300 | train=0.000905 | val=0.000981 | best=0.000974@89 | patience=4/30 | time=7.54s
[2026-04-27 09:08:04] epoch   94/300 | train=0.000902 | val=0.000980 | best=0.000974@89 | patience=5/30 | time=7.55s
[2026-04-27 09:08:12] epoch   95/300 | train=0.000901 | val=0.000972 | best=0.000972@95 | patience=0/30 | time=7.44s *
[2026-04-27 09:08:20] epoch   96/300 | train=0.000892 | val=0.000963 | best=0.000963@96 | patience=0/30 | time=7.69s *
[2026-04-27 09:08:28] epoch   97/300 | train=0.000892 | val=0.000965 | best=0.000963@96 | patience=1/30 | time=7.57s
[2026-04-27 09:08:36] epoch   98/300 | train=0.000891 | val=0.000970 | best=0.000963@96 | patience=2/30 | time=7.58s
[2026-04-27 09:08:44] epoch   99/300 | train=0.000890 | val=0.000961 | best=0.000961@99 | patience=0/30 | time=7.40s *
[2026-04-27 09:08:44]   pruned at epoch 99
[2026-04-27 09:08:44] Training done: stop_reason=pruned, total_epochs=99, best_epoch=99, best_val=0.000961
[2026-04-27 09:08:44] Reloading best checkpoint (epoch 99) for evaluation
[2026-04-27 09:09:01] ------------------------------------------------------------
[2026-04-27 09:09:01] Evaluation:
[2026-04-27 09:09:01]   AUC broken_lcfs         : 0.6224
[2026-04-27 09:09:01]   AUC bad_black_core      : 0.9940
[2026-04-27 09:09:01]   AUC bad_nonconverged    : 0.9973
[2026-04-27 09:09:01]   objective      : 0.8464
[2026-04-27 09:09:01]   floor_ok       : True
[2026-04-27 09:09:01]   threshold      : 0.0959
[2026-04-27 09:09:01]   mu / sigma     : 0.000882261 / 0.000230737
[2026-04-27 09:09:01] Train time=912.1s, eval time=16.4s
