[2026-04-27 02:12:24] ============================================================
[2026-04-27 02:12:24] Trial 35 starting on cuda:0
[2026-04-27 02:12:24] Timestamp: 2026-04-27T02:12:24.029128
[2026-04-27 02:12:24] --- Config summary ---
  bottleneck_dim  : 177
  n_enc_layers    : 2
  n_dec_layers    : 3
  base_channels   : 17
  growth_factor   : 2.9210444326318346
  use_batchnorm   : True
  use_hpf         : True
  hpf_sigma       : 1.034295754153793
  lr              : 0.0028631794216701016
  batch_size      : 16
  max_epochs      : 300
  patience        : 30
  seed            : 42
  deterministic   : False
  trial_num       : 35
[2026-04-27 02:12:24] Loading train/val/selection splits...
[2026-04-27 02:12:32] Splits loaded in 8.0s: n_train=722, n_val=120, n_selection=405
[2026-04-27 02:12:32] --- Architecture summary ---
  channels per enc layer : [17, 50]
  final spatial size     : 64x64
  flat size before latent: 204800
  bottleneck_dim         : 177
  total parameters       : 72,793,154
[2026-04-27 02:12:32] Starting training: n_train=722, n_val=120, device=cuda:0
[2026-04-27 02:12:49] epoch    1/300 | train=0.003130 | val=0.002239 | best=0.002239@1 | patience=0/30 | time=16.73s *
[2026-04-27 02:12:51] epoch    2/300 | train=0.001696 | val=0.001891 | best=0.001891@2 | patience=0/30 | time=1.89s *
[2026-04-27 02:12:54] epoch    3/300 | train=0.001514 | val=0.001603 | best=0.001603@3 | patience=0/30 | time=1.91s *
[2026-04-27 02:12:56] epoch    4/300 | train=0.001420 | val=0.001611 | best=0.001603@3 | patience=1/30 | time=1.89s
[2026-04-27 02:12:58] epoch    5/300 | train=0.001371 | val=0.001597 | best=0.001597@5 | patience=0/30 | time=1.90s *
[2026-04-27 02:13:00] epoch    6/300 | train=0.001348 | val=0.001424 | best=0.001424@6 | patience=0/30 | time=1.90s *
[2026-04-27 02:13:03] epoch    7/300 | train=0.001340 | val=0.001382 | best=0.001382@7 | patience=0/30 | time=1.89s *
[2026-04-27 02:13:05] epoch    8/300 | train=0.001330 | val=0.001378 | best=0.001378@8 | patience=0/30 | time=1.93s *
[2026-04-27 02:13:07] epoch    9/300 | train=0.001317 | val=0.001419 | best=0.001378@8 | patience=1/30 | time=1.89s
[2026-04-27 02:13:09] epoch   10/300 | train=0.001296 | val=0.001337 | best=0.001337@10 | patience=0/30 | time=1.92s *
[2026-04-27 02:13:11] epoch   11/300 | train=0.001299 | val=0.001323 | best=0.001323@11 | patience=0/30 | time=1.89s *
[2026-04-27 02:13:14] epoch   12/300 | train=0.001283 | val=0.001312 | best=0.001312@12 | patience=0/30 | time=1.89s *
[2026-04-27 02:13:16] epoch   13/300 | train=0.001275 | val=0.001321 | best=0.001312@12 | patience=1/30 | time=1.93s
[2026-04-27 02:13:18] epoch   14/300 | train=0.001268 | val=0.001386 | best=0.001312@12 | patience=2/30 | time=1.89s
[2026-04-27 02:13:20] epoch   15/300 | train=0.001258 | val=0.001281 | best=0.001281@15 | patience=0/30 | time=1.90s *
[2026-04-27 02:13:22] epoch   16/300 | train=0.001255 | val=0.001264 | best=0.001264@16 | patience=0/30 | time=1.90s *
[2026-04-27 02:13:25] epoch   17/300 | train=0.001237 | val=0.001246 | best=0.001246@17 | patience=0/30 | time=1.89s *
[2026-04-27 02:13:27] epoch   18/300 | train=0.001227 | val=0.001236 | best=0.001236@18 | patience=0/30 | time=1.90s *
[2026-04-27 02:13:29] epoch   19/300 | train=0.001200 | val=0.001207 | best=0.001207@19 | patience=0/30 | time=1.89s *
[2026-04-27 02:13:32] epoch   20/300 | train=0.001175 | val=0.001188 | best=0.001188@20 | patience=0/30 | time=1.89s *
[2026-04-27 02:13:34] epoch   21/300 | train=0.001164 | val=0.001195 | best=0.001188@20 | patience=1/30 | time=1.92s
[2026-04-27 02:13:36] epoch   22/300 | train=0.001130 | val=0.001138 | best=0.001138@22 | patience=0/30 | time=1.89s *
[2026-04-27 02:13:38] epoch   23/300 | train=0.001107 | val=0.001427 | best=0.001138@22 | patience=1/30 | time=1.89s
[2026-04-27 02:13:40] epoch   24/300 | train=0.001084 | val=0.001095 | best=0.001095@24 | patience=0/30 | time=1.89s *
[2026-04-27 02:13:42] epoch   25/300 | train=0.001059 | val=0.001095 | best=0.001095@24 | patience=1/30 | time=1.89s
[2026-04-27 02:13:44] epoch   26/300 | train=0.001024 | val=0.001070 | best=0.001070@26 | patience=0/30 | time=1.91s *
[2026-04-27 02:13:47] epoch   27/300 | train=0.001005 | val=0.001039 | best=0.001039@27 | patience=0/30 | time=1.89s *
[2026-04-27 02:13:49] epoch   28/300 | train=0.000984 | val=0.001113 | best=0.001039@27 | patience=1/30 | time=1.90s
[2026-04-27 02:13:51] epoch   29/300 | train=0.000967 | val=0.001148 | best=0.001039@27 | patience=2/30 | time=1.89s
[2026-04-27 02:13:53] epoch   30/300 | train=0.000945 | val=0.001095 | best=0.001039@27 | patience=3/30 | time=1.90s
[2026-04-27 02:13:54] epoch   31/300 | train=0.000929 | val=0.001126 | best=0.001039@27 | patience=4/30 | time=1.89s
[2026-04-27 02:13:56] epoch   32/300 | train=0.000910 | val=0.001131 | best=0.001039@27 | patience=5/30 | time=1.93s
[2026-04-27 02:13:59] epoch   33/300 | train=0.000893 | val=0.000940 | best=0.000940@33 | patience=0/30 | time=1.89s *
[2026-04-27 02:14:01] epoch   34/300 | train=0.000876 | val=0.000931 | best=0.000931@34 | patience=0/30 | time=1.89s *
[2026-04-27 02:14:03] epoch   35/300 | train=0.000874 | val=0.001168 | best=0.000931@34 | patience=1/30 | time=1.89s
[2026-04-27 02:14:05] epoch   36/300 | train=0.000858 | val=0.001118 | best=0.000931@34 | patience=2/30 | time=1.89s
[2026-04-27 02:14:07] epoch   37/300 | train=0.000839 | val=0.000967 | best=0.000931@34 | patience=3/30 | time=1.93s
[2026-04-27 02:14:09] epoch   38/300 | train=0.000830 | val=0.001111 | best=0.000931@34 | patience=4/30 | time=1.89s
[2026-04-27 02:14:11] epoch   39/300 | train=0.000831 | val=0.000911 | best=0.000911@39 | patience=0/30 | time=1.91s *
[2026-04-27 02:14:13] epoch   40/300 | train=0.000802 | val=0.000921 | best=0.000911@39 | patience=1/30 | time=1.89s
[2026-04-27 02:14:15] epoch   41/300 | train=0.000789 | val=0.000923 | best=0.000911@39 | patience=2/30 | time=1.90s
[2026-04-27 02:14:17] epoch   42/300 | train=0.000791 | val=0.000915 | best=0.000911@39 | patience=3/30 | time=1.89s
[2026-04-27 02:14:19] epoch   43/300 | train=0.000765 | val=0.000876 | best=0.000876@43 | patience=0/30 | time=1.90s *
[2026-04-27 02:14:22] epoch   44/300 | train=0.000743 | val=0.000858 | best=0.000858@44 | patience=0/30 | time=1.94s *
[2026-04-27 02:14:24] epoch   45/300 | train=0.000725 | val=0.000946 | best=0.000858@44 | patience=1/30 | time=1.89s
[2026-04-27 02:14:25] epoch   46/300 | train=0.000719 | val=0.000893 | best=0.000858@44 | patience=2/30 | time=1.92s
[2026-04-27 02:14:28] epoch   47/300 | train=0.000702 | val=0.000888 | best=0.000858@44 | patience=3/30 | time=1.89s
[2026-04-27 02:14:29] epoch   48/300 | train=0.000704 | val=0.000868 | best=0.000858@44 | patience=4/30 | time=1.89s
[2026-04-27 02:14:31] epoch   49/300 | train=0.000692 | val=0.000867 | best=0.000858@44 | patience=5/30 | time=1.89s
[2026-04-27 02:14:33] epoch   50/300 | train=0.000673 | val=0.000937 | best=0.000858@44 | patience=6/30 | time=1.92s
[2026-04-27 02:14:36] epoch   51/300 | train=0.000668 | val=0.000850 | best=0.000850@51 | patience=0/30 | time=1.89s *
[2026-04-27 02:14:38] epoch   52/300 | train=0.000637 | val=0.000873 | best=0.000850@51 | patience=1/30 | time=1.89s
[2026-04-27 02:14:40] epoch   53/300 | train=0.000630 | val=0.000830 | best=0.000830@53 | patience=0/30 | time=1.90s *
[2026-04-27 02:14:42] epoch   54/300 | train=0.000610 | val=0.000843 | best=0.000830@53 | patience=1/30 | time=1.89s
[2026-04-27 02:14:44] epoch   55/300 | train=0.000596 | val=0.000838 | best=0.000830@53 | patience=2/30 | time=1.90s
[2026-04-27 02:14:46] epoch   56/300 | train=0.000587 | val=0.000954 | best=0.000830@53 | patience=3/30 | time=1.89s
[2026-04-27 02:14:48] epoch   57/300 | train=0.000579 | val=0.000879 | best=0.000830@53 | patience=4/30 | time=1.93s
[2026-04-27 02:14:50] epoch   58/300 | train=0.000569 | val=0.000835 | best=0.000830@53 | patience=5/30 | time=1.89s
[2026-04-27 02:14:52] epoch   59/300 | train=0.000552 | val=0.000836 | best=0.000830@53 | patience=6/30 | time=1.92s
[2026-04-27 02:14:53] epoch   60/300 | train=0.000537 | val=0.000855 | best=0.000830@53 | patience=7/30 | time=1.89s
[2026-04-27 02:14:55] epoch   61/300 | train=0.000528 | val=0.000853 | best=0.000830@53 | patience=8/30 | time=1.89s
[2026-04-27 02:14:57] epoch   62/300 | train=0.000515 | val=0.000868 | best=0.000830@53 | patience=9/30 | time=1.89s
[2026-04-27 02:14:59] epoch   63/300 | train=0.000492 | val=0.000844 | best=0.000830@53 | patience=10/30 | time=1.93s
[2026-04-27 02:15:01] epoch   64/300 | train=0.000482 | val=0.000854 | best=0.000830@53 | patience=11/30 | time=1.89s
[2026-04-27 02:15:03] epoch   65/300 | train=0.000471 | val=0.000853 | best=0.000830@53 | patience=12/30 | time=1.91s
[2026-04-27 02:15:05] epoch   66/300 | train=0.000458 | val=0.000845 | best=0.000830@53 | patience=13/30 | time=1.89s
[2026-04-27 02:15:07] epoch   67/300 | train=0.000438 | val=0.000858 | best=0.000830@53 | patience=14/30 | time=1.90s
[2026-04-27 02:15:09] epoch   68/300 | train=0.000429 | val=0.000909 | best=0.000830@53 | patience=15/30 | time=1.89s
[2026-04-27 02:15:11] epoch   69/300 | train=0.000442 | val=0.000872 | best=0.000830@53 | patience=16/30 | time=1.90s
[2026-04-27 02:15:13] epoch   70/300 | train=0.000438 | val=0.000857 | best=0.000830@53 | patience=17/30 | time=1.94s
[2026-04-27 02:15:15] epoch   71/300 | train=0.000416 | val=0.000913 | best=0.000830@53 | patience=18/30 | time=1.89s
[2026-04-27 02:15:17] epoch   72/300 | train=0.000402 | val=0.000855 | best=0.000830@53 | patience=19/30 | time=1.92s
[2026-04-27 02:15:19] epoch   73/300 | train=0.000393 | val=0.000832 | best=0.000830@53 | patience=20/30 | time=1.89s
[2026-04-27 02:15:21] epoch   74/300 | train=0.000378 | val=0.000848 | best=0.000830@53 | patience=21/30 | time=1.89s
[2026-04-27 02:15:23] epoch   75/300 | train=0.000359 | val=0.000867 | best=0.000830@53 | patience=22/30 | time=1.89s
[2026-04-27 02:15:25] epoch   76/300 | train=0.000371 | val=0.000989 | best=0.000830@53 | patience=23/30 | time=1.93s
[2026-04-27 02:15:27] epoch   77/300 | train=0.000360 | val=0.000894 | best=0.000830@53 | patience=24/30 | time=1.89s
[2026-04-27 02:15:28] epoch   78/300 | train=0.000369 | val=0.000923 | best=0.000830@53 | patience=25/30 | time=1.91s
[2026-04-27 02:15:30] epoch   79/300 | train=0.000360 | val=0.000949 | best=0.000830@53 | patience=26/30 | time=1.89s
[2026-04-27 02:15:32] epoch   80/300 | train=0.000339 | val=0.000904 | best=0.000830@53 | patience=27/30 | time=1.90s
[2026-04-27 02:15:34] epoch   81/300 | train=0.000329 | val=0.000918 | best=0.000830@53 | patience=28/30 | time=1.89s
[2026-04-27 02:15:36] epoch   82/300 | train=0.000312 | val=0.000922 | best=0.000830@53 | patience=29/30 | time=1.90s
[2026-04-27 02:15:38] epoch   83/300 | train=0.000306 | val=0.001009 | best=0.000830@53 | patience=30/30 | time=1.89s
[2026-04-27 02:15:38]   early stopping at epoch 83 (no improvement for 30 epochs)
[2026-04-27 02:15:38] Training done: stop_reason=early_stop, total_epochs=83, best_epoch=53, best_val=0.000830
[2026-04-27 02:15:38] Reloading best checkpoint (epoch 53) for evaluation
[2026-04-27 02:15:40] ------------------------------------------------------------
[2026-04-27 02:15:40] Evaluation:
[2026-04-27 02:15:40]   AUC broken_lcfs         : 0.6082
[2026-04-27 02:15:40]   AUC bad_black_core      : 0.9949
[2026-04-27 02:15:40]   AUC bad_nonconverged    : 1.0000
[2026-04-27 02:15:40]   objective      : 0.8417
[2026-04-27 02:15:40]   floor_ok       : True
[2026-04-27 02:15:40]   threshold      : 0.1043
[2026-04-27 02:15:40]   mu / sigma     : 0.000596143 / 0.000153608
[2026-04-27 02:15:40] Train time=186.2s, eval time=1.5s
