[2026-04-27 00:41:40] ============================================================
[2026-04-27 00:41:40] Trial 14 starting on cuda:0
[2026-04-27 00:41:40] Timestamp: 2026-04-27T00:41:40.711485
[2026-04-27 00:41:40] --- Config summary ---
  bottleneck_dim  : 126
  n_enc_layers    : 2
  n_dec_layers    : 2
  base_channels   : 12
  growth_factor   : 2.502249876889296
  use_batchnorm   : True
  use_hpf         : False
  hpf_sigma       : 3.0
  lr              : 0.0005433067084048485
  batch_size      : 32
  max_epochs      : 300
  patience        : 30
  seed            : 42
  deterministic   : False
  trial_num       : 14
[2026-04-27 00:41:40] Loading train/val/selection splits...
[2026-04-27 00:41:48] Splits loaded in 8.1s: n_train=722, n_val=120, n_selection=405
[2026-04-27 00:41:48] --- Architecture summary ---
  channels per enc layer : [12, 30]
  final spatial size     : 64x64
  flat size before latent: 122880
  bottleneck_dim         : 126
  total parameters       : 31,113,241
[2026-04-27 00:41:48] Starting training: n_train=722, n_val=120, device=cuda:0
[2026-04-27 00:42:42] epoch    1/300 | train=0.030647 | val=0.033846 | best=0.033846@1 | patience=0/30 | time=53.07s *
[2026-04-27 00:42:43] epoch    2/300 | train=0.016037 | val=0.017577 | best=0.017577@2 | patience=0/30 | time=0.79s *
[2026-04-27 00:42:43] epoch    3/300 | train=0.012373 | val=0.010587 | best=0.010587@3 | patience=0/30 | time=0.79s *
[2026-04-27 00:42:44] epoch    4/300 | train=0.010416 | val=0.009258 | best=0.009258@4 | patience=0/30 | time=0.80s *
[2026-04-27 00:42:45] epoch    5/300 | train=0.009388 | val=0.008714 | best=0.008714@5 | patience=0/30 | time=0.79s *
[2026-04-27 00:42:46] epoch    6/300 | train=0.008584 | val=0.008354 | best=0.008354@6 | patience=0/30 | time=0.79s *
[2026-04-27 00:42:47] epoch    7/300 | train=0.008128 | val=0.008127 | best=0.008127@7 | patience=0/30 | time=0.79s *
[2026-04-27 00:42:48] epoch    8/300 | train=0.007811 | val=0.007502 | best=0.007502@8 | patience=0/30 | time=0.79s *
[2026-04-27 00:42:49] epoch    9/300 | train=0.007463 | val=0.007503 | best=0.007502@8 | patience=1/30 | time=0.79s
[2026-04-27 00:42:50] epoch   10/300 | train=0.007085 | val=0.007428 | best=0.007428@10 | patience=0/30 | time=0.79s *
[2026-04-27 00:42:51] epoch   11/300 | train=0.006735 | val=0.006819 | best=0.006819@11 | patience=0/30 | time=0.79s *
[2026-04-27 00:42:51] epoch   12/300 | train=0.006218 | val=0.006250 | best=0.006250@12 | patience=0/30 | time=0.82s *
[2026-04-27 00:42:52] epoch   13/300 | train=0.005863 | val=0.005826 | best=0.005826@13 | patience=0/30 | time=0.79s *
[2026-04-27 00:42:53] epoch   14/300 | train=0.005545 | val=0.005523 | best=0.005523@14 | patience=0/30 | time=0.79s *
[2026-04-27 00:42:54] epoch   15/300 | train=0.005227 | val=0.005493 | best=0.005493@15 | patience=0/30 | time=0.79s *
[2026-04-27 00:42:55] epoch   16/300 | train=0.005051 | val=0.004939 | best=0.004939@16 | patience=0/30 | time=0.81s *
[2026-04-27 00:42:56] epoch   17/300 | train=0.004658 | val=0.004947 | best=0.004939@16 | patience=1/30 | time=0.79s
[2026-04-27 00:42:57] epoch   18/300 | train=0.004402 | val=0.004517 | best=0.004517@18 | patience=0/30 | time=0.79s *
[2026-04-27 00:42:58] epoch   19/300 | train=0.004203 | val=0.004452 | best=0.004452@19 | patience=0/30 | time=0.79s *
[2026-04-27 00:42:59] epoch   20/300 | train=0.004082 | val=0.003999 | best=0.003999@20 | patience=0/30 | time=0.79s *
[2026-04-27 00:42:59] epoch   21/300 | train=0.003965 | val=0.003820 | best=0.003820@21 | patience=0/30 | time=0.79s *
[2026-04-27 00:43:00] epoch   22/300 | train=0.003659 | val=0.003612 | best=0.003612@22 | patience=0/30 | time=0.79s *
[2026-04-27 00:43:01] epoch   23/300 | train=0.003560 | val=0.003619 | best=0.003612@22 | patience=1/30 | time=0.79s
[2026-04-27 00:43:02] epoch   24/300 | train=0.003453 | val=0.003504 | best=0.003504@24 | patience=0/30 | time=0.83s *
[2026-04-27 00:43:03] epoch   25/300 | train=0.003334 | val=0.003345 | best=0.003345@25 | patience=0/30 | time=0.79s *
[2026-04-27 00:43:04] epoch   26/300 | train=0.003273 | val=0.003406 | best=0.003345@25 | patience=1/30 | time=0.79s
[2026-04-27 00:43:05] epoch   27/300 | train=0.003226 | val=0.003286 | best=0.003286@27 | patience=0/30 | time=0.79s *
[2026-04-27 00:43:06] epoch   28/300 | train=0.003153 | val=0.003269 | best=0.003269@28 | patience=0/30 | time=0.81s *
[2026-04-27 00:43:07] epoch   29/300 | train=0.003121 | val=0.003180 | best=0.003180@29 | patience=0/30 | time=0.79s *
[2026-04-27 00:43:08] epoch   30/300 | train=0.003161 | val=0.003145 | best=0.003145@30 | patience=0/30 | time=0.79s *
[2026-04-27 00:43:08] epoch   31/300 | train=0.003011 | val=0.003107 | best=0.003107@31 | patience=0/30 | time=0.79s *
[2026-04-27 00:43:09] epoch   32/300 | train=0.002894 | val=0.002944 | best=0.002944@32 | patience=0/30 | time=0.80s *
[2026-04-27 00:43:10] epoch   33/300 | train=0.002863 | val=0.002964 | best=0.002944@32 | patience=1/30 | time=0.79s
[2026-04-27 00:43:11] epoch   34/300 | train=0.002914 | val=0.003018 | best=0.002944@32 | patience=2/30 | time=0.79s
[2026-04-27 00:43:12] epoch   35/300 | train=0.002796 | val=0.002921 | best=0.002921@35 | patience=0/30 | time=0.79s *
[2026-04-27 00:43:13] epoch   36/300 | train=0.002722 | val=0.002847 | best=0.002847@36 | patience=0/30 | time=0.79s *
[2026-04-27 00:43:14] epoch   37/300 | train=0.002656 | val=0.002787 | best=0.002787@37 | patience=0/30 | time=0.79s *
[2026-04-27 00:43:15] epoch   38/300 | train=0.002610 | val=0.002864 | best=0.002787@37 | patience=1/30 | time=0.79s
[2026-04-27 00:43:16] epoch   39/300 | train=0.002580 | val=0.002787 | best=0.002787@37 | patience=2/30 | time=0.79s
[2026-04-27 00:43:16] epoch   40/300 | train=0.002562 | val=0.002826 | best=0.002787@37 | patience=3/30 | time=0.79s
[2026-04-27 00:43:17] epoch   41/300 | train=0.002527 | val=0.002688 | best=0.002688@41 | patience=0/30 | time=0.82s *
[2026-04-27 00:43:18] epoch   42/300 | train=0.002502 | val=0.002668 | best=0.002668@42 | patience=0/30 | time=0.79s *
[2026-04-27 00:43:19] epoch   43/300 | train=0.002524 | val=0.002877 | best=0.002668@42 | patience=1/30 | time=0.79s
[2026-04-27 00:43:20] epoch   44/300 | train=0.002548 | val=0.002682 | best=0.002668@42 | patience=2/30 | time=0.79s
[2026-04-27 00:43:21] epoch   45/300 | train=0.002445 | val=0.002665 | best=0.002665@45 | patience=0/30 | time=0.80s *
[2026-04-27 00:43:22] epoch   46/300 | train=0.002395 | val=0.002647 | best=0.002647@46 | patience=0/30 | time=0.79s *
[2026-04-27 00:43:23] epoch   47/300 | train=0.002352 | val=0.002621 | best=0.002621@47 | patience=0/30 | time=0.79s *
[2026-04-27 00:43:23] epoch   48/300 | train=0.002315 | val=0.002711 | best=0.002621@47 | patience=1/30 | time=0.79s
[2026-04-27 00:43:24] epoch   49/300 | train=0.002311 | val=0.002591 | best=0.002591@49 | patience=0/30 | time=0.79s *
[2026-04-27 00:43:25] epoch   50/300 | train=0.002362 | val=0.002556 | best=0.002556@50 | patience=0/30 | time=0.79s *
[2026-04-27 00:43:26] epoch   51/300 | train=0.002283 | val=0.002579 | best=0.002556@50 | patience=1/30 | time=0.79s
[2026-04-27 00:43:27] epoch   52/300 | train=0.002246 | val=0.002560 | best=0.002556@50 | patience=2/30 | time=0.79s
[2026-04-27 00:43:28] epoch   53/300 | train=0.002329 | val=0.002596 | best=0.002556@50 | patience=3/30 | time=0.79s
[2026-04-27 00:43:29] epoch   54/300 | train=0.002285 | val=0.002545 | best=0.002545@54 | patience=0/30 | time=0.83s *
[2026-04-27 00:43:30] epoch   55/300 | train=0.002215 | val=0.002541 | best=0.002541@55 | patience=0/30 | time=0.79s *
[2026-04-27 00:43:31] epoch   56/300 | train=0.002214 | val=0.002482 | best=0.002482@56 | patience=0/30 | time=0.79s *
[2026-04-27 00:43:31] epoch   57/300 | train=0.002173 | val=0.002490 | best=0.002482@56 | patience=1/30 | time=0.79s
[2026-04-27 00:43:32] epoch   58/300 | train=0.002130 | val=0.002439 | best=0.002439@58 | patience=0/30 | time=0.81s *
[2026-04-27 00:43:33] epoch   59/300 | train=0.002119 | val=0.002492 | best=0.002439@58 | patience=1/30 | time=0.79s
[2026-04-27 00:43:34] epoch   60/300 | train=0.002110 | val=0.002454 | best=0.002439@58 | patience=2/30 | time=0.79s
[2026-04-27 00:43:35] epoch   61/300 | train=0.002129 | val=0.002619 | best=0.002439@58 | patience=3/30 | time=0.79s
[2026-04-27 00:43:36] epoch   62/300 | train=0.002133 | val=0.002433 | best=0.002433@62 | patience=0/30 | time=0.80s *
[2026-04-27 00:43:37] epoch   63/300 | train=0.002093 | val=0.002412 | best=0.002412@63 | patience=0/30 | time=0.79s *
[2026-04-27 00:43:37] epoch   64/300 | train=0.002024 | val=0.002385 | best=0.002385@64 | patience=0/30 | time=0.79s *
[2026-04-27 00:43:38] epoch   65/300 | train=0.002020 | val=0.002587 | best=0.002385@64 | patience=1/30 | time=0.79s
[2026-04-27 00:43:39] epoch   66/300 | train=0.002080 | val=0.002464 | best=0.002385@64 | patience=2/30 | time=0.79s
[2026-04-27 00:43:40] epoch   67/300 | train=0.002058 | val=0.002512 | best=0.002385@64 | patience=3/30 | time=0.79s
[2026-04-27 00:43:41] epoch   68/300 | train=0.002056 | val=0.002446 | best=0.002385@64 | patience=4/30 | time=0.79s
[2026-04-27 00:43:42] epoch   69/300 | train=0.001991 | val=0.002431 | best=0.002385@64 | patience=5/30 | time=0.79s
[2026-04-27 00:43:43] epoch   70/300 | train=0.001966 | val=0.002378 | best=0.002378@70 | patience=0/30 | time=0.79s *
[2026-04-27 00:43:43] epoch   71/300 | train=0.001990 | val=0.002372 | best=0.002372@71 | patience=0/30 | time=0.83s *
[2026-04-27 00:43:44] epoch   72/300 | train=0.001981 | val=0.002357 | best=0.002357@72 | patience=0/30 | time=0.79s *
[2026-04-27 00:43:45] epoch   73/300 | train=0.001926 | val=0.002455 | best=0.002357@72 | patience=1/30 | time=0.79s
[2026-04-27 00:43:46] epoch   74/300 | train=0.001893 | val=0.002353 | best=0.002353@74 | patience=0/30 | time=0.79s *
[2026-04-27 00:43:47] epoch   75/300 | train=0.001877 | val=0.002331 | best=0.002331@75 | patience=0/30 | time=0.80s *
[2026-04-27 00:43:48] epoch   76/300 | train=0.001876 | val=0.002362 | best=0.002331@75 | patience=1/30 | time=0.79s
[2026-04-27 00:43:49] epoch   77/300 | train=0.001885 | val=0.002355 | best=0.002331@75 | patience=2/30 | time=0.79s
[2026-04-27 00:43:49] epoch   78/300 | train=0.001892 | val=0.002335 | best=0.002331@75 | patience=3/30 | time=0.79s
[2026-04-27 00:43:50] epoch   79/300 | train=0.001883 | val=0.002319 | best=0.002319@79 | patience=0/30 | time=0.79s *
[2026-04-27 00:43:51] epoch   80/300 | train=0.001831 | val=0.002328 | best=0.002319@79 | patience=1/30 | time=0.79s
[2026-04-27 00:43:52] epoch   81/300 | train=0.001852 | val=0.002339 | best=0.002319@79 | patience=2/30 | time=0.79s
[2026-04-27 00:43:53] epoch   82/300 | train=0.001825 | val=0.002285 | best=0.002285@82 | patience=0/30 | time=0.79s *
[2026-04-27 00:43:54] epoch   83/300 | train=0.001805 | val=0.002322 | best=0.002285@82 | patience=1/30 | time=0.79s
[2026-04-27 00:43:55] epoch   84/300 | train=0.001824 | val=0.002355 | best=0.002285@82 | patience=2/30 | time=0.83s
[2026-04-27 00:43:55] epoch   85/300 | train=0.001812 | val=0.002345 | best=0.002285@82 | patience=3/30 | time=0.79s
[2026-04-27 00:43:56] epoch   86/300 | train=0.001826 | val=0.002316 | best=0.002285@82 | patience=4/30 | time=0.79s
[2026-04-27 00:43:57] epoch   87/300 | train=0.001791 | val=0.002380 | best=0.002285@82 | patience=5/30 | time=0.79s
[2026-04-27 00:43:58] epoch   88/300 | train=0.001791 | val=0.002385 | best=0.002285@82 | patience=6/30 | time=0.79s
[2026-04-27 00:43:59] epoch   89/300 | train=0.001763 | val=0.002288 | best=0.002285@82 | patience=7/30 | time=0.81s
[2026-04-27 00:44:00] epoch   90/300 | train=0.001727 | val=0.002295 | best=0.002285@82 | patience=8/30 | time=0.79s
[2026-04-27 00:44:00] epoch   91/300 | train=0.001706 | val=0.002262 | best=0.002262@91 | patience=0/30 | time=0.79s *
[2026-04-27 00:44:01] epoch   92/300 | train=0.001696 | val=0.002245 | best=0.002245@92 | patience=0/30 | time=0.79s *
[2026-04-27 00:44:02] epoch   93/300 | train=0.001701 | val=0.002264 | best=0.002245@92 | patience=1/30 | time=0.80s
[2026-04-27 00:44:03] epoch   94/300 | train=0.001749 | val=0.002255 | best=0.002245@92 | patience=2/30 | time=0.79s
[2026-04-27 00:44:04] epoch   95/300 | train=0.001716 | val=0.002287 | best=0.002245@92 | patience=3/30 | time=0.79s
[2026-04-27 00:44:05] epoch   96/300 | train=0.001710 | val=0.002381 | best=0.002245@92 | patience=4/30 | time=0.79s
[2026-04-27 00:44:05] epoch   97/300 | train=0.001693 | val=0.002328 | best=0.002245@92 | patience=5/30 | time=0.79s
[2026-04-27 00:44:06] epoch   98/300 | train=0.001677 | val=0.002256 | best=0.002245@92 | patience=6/30 | time=0.79s
[2026-04-27 00:44:07] epoch   99/300 | train=0.001626 | val=0.002221 | best=0.002221@99 | patience=0/30 | time=0.79s *
[2026-04-27 00:44:08] epoch  100/300 | train=0.001642 | val=0.002224 | best=0.002221@99 | patience=1/30 | time=0.79s
[2026-04-27 00:44:09] epoch  101/300 | train=0.001616 | val=0.002219 | best=0.002219@101 | patience=0/30 | time=0.79s *
[2026-04-27 00:44:10] epoch  102/300 | train=0.001597 | val=0.002227 | best=0.002219@101 | patience=1/30 | time=0.83s
[2026-04-27 00:44:11] epoch  103/300 | train=0.001609 | val=0.002211 | best=0.002211@103 | patience=0/30 | time=0.79s *
[2026-04-27 00:44:12] epoch  104/300 | train=0.001584 | val=0.002229 | best=0.002211@103 | patience=1/30 | time=0.79s
[2026-04-27 00:44:12] epoch  105/300 | train=0.001593 | val=0.002246 | best=0.002211@103 | patience=2/30 | time=0.79s
[2026-04-27 00:44:13] epoch  106/300 | train=0.001569 | val=0.002309 | best=0.002211@103 | patience=3/30 | time=0.79s
[2026-04-27 00:44:14] epoch  107/300 | train=0.001591 | val=0.002243 | best=0.002211@103 | patience=4/30 | time=0.80s
[2026-04-27 00:44:15] epoch  108/300 | train=0.001597 | val=0.002242 | best=0.002211@103 | patience=5/30 | time=0.79s
[2026-04-27 00:44:16] epoch  109/300 | train=0.001588 | val=0.002242 | best=0.002211@103 | patience=6/30 | time=0.79s
[2026-04-27 00:44:16] epoch  110/300 | train=0.001564 | val=0.002216 | best=0.002211@103 | patience=7/30 | time=0.79s
[2026-04-27 00:44:17] epoch  111/300 | train=0.001553 | val=0.002283 | best=0.002211@103 | patience=8/30 | time=0.79s
[2026-04-27 00:44:18] epoch  112/300 | train=0.001530 | val=0.002267 | best=0.002211@103 | patience=9/30 | time=0.79s
[2026-04-27 00:44:19] epoch  113/300 | train=0.001533 | val=0.002231 | best=0.002211@103 | patience=10/30 | time=0.79s
[2026-04-27 00:44:20] epoch  114/300 | train=0.001524 | val=0.002277 | best=0.002211@103 | patience=11/30 | time=0.79s
[2026-04-27 00:44:21] epoch  115/300 | train=0.001542 | val=0.002200 | best=0.002200@115 | patience=0/30 | time=0.79s *
[2026-04-27 00:44:22] epoch  116/300 | train=0.001512 | val=0.002225 | best=0.002200@115 | patience=1/30 | time=0.83s
[2026-04-27 00:44:22] epoch  117/300 | train=0.001512 | val=0.002314 | best=0.002200@115 | patience=2/30 | time=0.79s
[2026-04-27 00:44:23] epoch  118/300 | train=0.001518 | val=0.002200 | best=0.002200@115 | patience=3/30 | time=0.79s
[2026-04-27 00:44:24] epoch  119/300 | train=0.001472 | val=0.002240 | best=0.002200@115 | patience=4/30 | time=0.79s
[2026-04-27 00:44:25] epoch  120/300 | train=0.001499 | val=0.002177 | best=0.002177@120 | patience=0/30 | time=0.81s *
[2026-04-27 00:44:26] epoch  121/300 | train=0.001490 | val=0.002223 | best=0.002177@120 | patience=1/30 | time=0.79s
[2026-04-27 00:44:27] epoch  122/300 | train=0.001575 | val=0.002311 | best=0.002177@120 | patience=2/30 | time=0.79s
[2026-04-27 00:44:27] epoch  123/300 | train=0.001501 | val=0.002222 | best=0.002177@120 | patience=3/30 | time=0.79s
[2026-04-27 00:44:28] epoch  124/300 | train=0.001456 | val=0.002175 | best=0.002175@124 | patience=0/30 | time=0.80s *
[2026-04-27 00:44:29] epoch  125/300 | train=0.001425 | val=0.002177 | best=0.002175@124 | patience=1/30 | time=0.79s
[2026-04-27 00:44:30] epoch  126/300 | train=0.001419 | val=0.002162 | best=0.002162@126 | patience=0/30 | time=0.79s *
[2026-04-27 00:44:31] epoch  127/300 | train=0.001425 | val=0.002182 | best=0.002162@126 | patience=1/30 | time=0.79s
[2026-04-27 00:44:32] epoch  128/300 | train=0.001445 | val=0.002216 | best=0.002162@126 | patience=2/30 | time=0.79s
[2026-04-27 00:44:33] epoch  129/300 | train=0.001425 | val=0.002199 | best=0.002162@126 | patience=3/30 | time=0.79s
[2026-04-27 00:44:33] epoch  130/300 | train=0.001399 | val=0.002172 | best=0.002162@126 | patience=4/30 | time=0.79s
[2026-04-27 00:44:34] epoch  131/300 | train=0.001378 | val=0.002179 | best=0.002162@126 | patience=5/30 | time=0.79s
[2026-04-27 00:44:35] epoch  132/300 | train=0.001397 | val=0.002205 | best=0.002162@126 | patience=6/30 | time=0.79s
[2026-04-27 00:44:36] epoch  133/300 | train=0.001374 | val=0.002176 | best=0.002162@126 | patience=7/30 | time=0.83s
[2026-04-27 00:44:37] epoch  134/300 | train=0.001381 | val=0.002285 | best=0.002162@126 | patience=8/30 | time=0.79s
[2026-04-27 00:44:38] epoch  135/300 | train=0.001381 | val=0.002168 | best=0.002162@126 | patience=9/30 | time=0.79s
[2026-04-27 00:44:38] epoch  136/300 | train=0.001366 | val=0.002172 | best=0.002162@126 | patience=10/30 | time=0.79s
[2026-04-27 00:44:39] epoch  137/300 | train=0.001341 | val=0.002206 | best=0.002162@126 | patience=11/30 | time=0.79s
[2026-04-27 00:44:40] epoch  138/300 | train=0.001337 | val=0.002170 | best=0.002162@126 | patience=12/30 | time=0.80s
[2026-04-27 00:44:41] epoch  139/300 | train=0.001332 | val=0.002213 | best=0.002162@126 | patience=13/30 | time=0.79s
[2026-04-27 00:44:42] epoch  140/300 | train=0.001317 | val=0.002180 | best=0.002162@126 | patience=14/30 | time=0.79s
[2026-04-27 00:44:42] epoch  141/300 | train=0.001308 | val=0.002213 | best=0.002162@126 | patience=15/30 | time=0.79s
[2026-04-27 00:44:43] epoch  142/300 | train=0.001338 | val=0.002238 | best=0.002162@126 | patience=16/30 | time=0.79s
[2026-04-27 00:44:44] epoch  143/300 | train=0.001333 | val=0.002182 | best=0.002162@126 | patience=17/30 | time=0.79s
[2026-04-27 00:44:45] epoch  144/300 | train=0.001361 | val=0.002397 | best=0.002162@126 | patience=18/30 | time=0.79s
[2026-04-27 00:44:46] epoch  145/300 | train=0.001335 | val=0.002155 | best=0.002155@145 | patience=0/30 | time=0.79s *
[2026-04-27 00:44:47] epoch  146/300 | train=0.001318 | val=0.002209 | best=0.002155@145 | patience=1/30 | time=0.79s
[2026-04-27 00:44:48] epoch  147/300 | train=0.001280 | val=0.002134 | best=0.002134@147 | patience=0/30 | time=0.83s *
[2026-04-27 00:44:48] epoch  148/300 | train=0.001273 | val=0.002165 | best=0.002134@147 | patience=1/30 | time=0.79s
[2026-04-27 00:44:49] epoch  149/300 | train=0.001274 | val=0.002169 | best=0.002134@147 | patience=2/30 | time=0.79s
[2026-04-27 00:44:50] epoch  150/300 | train=0.001275 | val=0.002231 | best=0.002134@147 | patience=3/30 | time=0.79s
[2026-04-27 00:44:51] epoch  151/300 | train=0.001268 | val=0.002191 | best=0.002134@147 | patience=4/30 | time=0.81s
[2026-04-27 00:44:52] epoch  152/300 | train=0.001266 | val=0.002212 | best=0.002134@147 | patience=5/30 | time=0.79s
[2026-04-27 00:44:53] epoch  153/300 | train=0.001254 | val=0.002229 | best=0.002134@147 | patience=6/30 | time=0.79s
[2026-04-27 00:44:53] epoch  154/300 | train=0.001232 | val=0.002181 | best=0.002134@147 | patience=7/30 | time=0.79s
[2026-04-27 00:44:54] epoch  155/300 | train=0.001231 | val=0.002197 | best=0.002134@147 | patience=8/30 | time=0.79s
[2026-04-27 00:44:55] epoch  156/300 | train=0.001265 | val=0.002263 | best=0.002134@147 | patience=9/30 | time=0.80s
[2026-04-27 00:44:56] epoch  157/300 | train=0.001268 | val=0.002186 | best=0.002134@147 | patience=10/30 | time=0.79s
[2026-04-27 00:44:57] epoch  158/300 | train=0.001223 | val=0.002130 | best=0.002130@158 | patience=0/30 | time=0.79s *
[2026-04-27 00:44:58] epoch  159/300 | train=0.001220 | val=0.002247 | best=0.002130@158 | patience=1/30 | time=0.79s
[2026-04-27 00:44:58] epoch  160/300 | train=0.001275 | val=0.002183 | best=0.002130@158 | patience=2/30 | time=0.79s
[2026-04-27 00:44:59] epoch  161/300 | train=0.001223 | val=0.002184 | best=0.002130@158 | patience=3/30 | time=0.79s
[2026-04-27 00:45:00] epoch  162/300 | train=0.001211 | val=0.002236 | best=0.002130@158 | patience=4/30 | time=0.79s
[2026-04-27 00:45:01] epoch  163/300 | train=0.001193 | val=0.002143 | best=0.002130@158 | patience=5/30 | time=0.79s
[2026-04-27 00:45:02] epoch  164/300 | train=0.001196 | val=0.002201 | best=0.002130@158 | patience=6/30 | time=0.79s
[2026-04-27 00:45:02] epoch  165/300 | train=0.001182 | val=0.002142 | best=0.002130@158 | patience=7/30 | time=0.82s
[2026-04-27 00:45:03] epoch  166/300 | train=0.001176 | val=0.002146 | best=0.002130@158 | patience=8/30 | time=0.79s
[2026-04-27 00:45:04] epoch  167/300 | train=0.001172 | val=0.002226 | best=0.002130@158 | patience=9/30 | time=0.79s
[2026-04-27 00:45:05] epoch  168/300 | train=0.001180 | val=0.002284 | best=0.002130@158 | patience=10/30 | time=0.79s
[2026-04-27 00:45:06] epoch  169/300 | train=0.001216 | val=0.002145 | best=0.002130@158 | patience=11/30 | time=0.80s
[2026-04-27 00:45:07] epoch  170/300 | train=0.001168 | val=0.002227 | best=0.002130@158 | patience=12/30 | time=0.79s
[2026-04-27 00:45:08] epoch  171/300 | train=0.001182 | val=0.002226 | best=0.002130@158 | patience=13/30 | time=0.79s
[2026-04-27 00:45:08] epoch  172/300 | train=0.001193 | val=0.002220 | best=0.002130@158 | patience=14/30 | time=0.79s
[2026-04-27 00:45:09] epoch  173/300 | train=0.001160 | val=0.002219 | best=0.002130@158 | patience=15/30 | time=0.79s
[2026-04-27 00:45:10] epoch  174/300 | train=0.001147 | val=0.002152 | best=0.002130@158 | patience=16/30 | time=0.79s
[2026-04-27 00:45:11] epoch  175/300 | train=0.001140 | val=0.002170 | best=0.002130@158 | patience=17/30 | time=0.79s
[2026-04-27 00:45:12] epoch  176/300 | train=0.001099 | val=0.002127 | best=0.002127@176 | patience=0/30 | time=0.79s *
[2026-04-27 00:45:13] epoch  177/300 | train=0.001101 | val=0.002151 | best=0.002127@176 | patience=1/30 | time=0.79s
[2026-04-27 00:45:13] epoch  178/300 | train=0.001111 | val=0.002144 | best=0.002127@176 | patience=2/30 | time=0.83s
[2026-04-27 00:45:14] epoch  179/300 | train=0.001100 | val=0.002153 | best=0.002127@176 | patience=3/30 | time=0.79s
[2026-04-27 00:45:15] epoch  180/300 | train=0.001094 | val=0.002112 | best=0.002112@180 | patience=0/30 | time=0.79s *
[2026-04-27 00:45:16] epoch  181/300 | train=0.001091 | val=0.002149 | best=0.002112@180 | patience=1/30 | time=0.79s
[2026-04-27 00:45:17] epoch  182/300 | train=0.001076 | val=0.002106 | best=0.002106@182 | patience=0/30 | time=0.79s *
[2026-04-27 00:45:18] epoch  183/300 | train=0.001079 | val=0.002136 | best=0.002106@182 | patience=1/30 | time=0.81s
[2026-04-27 00:45:19] epoch  184/300 | train=0.001086 | val=0.002200 | best=0.002106@182 | patience=2/30 | time=0.79s
[2026-04-27 00:45:19] epoch  185/300 | train=0.001082 | val=0.002170 | best=0.002106@182 | patience=3/30 | time=0.79s
[2026-04-27 00:45:20] epoch  186/300 | train=0.001063 | val=0.002159 | best=0.002106@182 | patience=4/30 | time=0.79s
[2026-04-27 00:45:21] epoch  187/300 | train=0.001089 | val=0.002194 | best=0.002106@182 | patience=5/30 | time=0.80s
[2026-04-27 00:45:22] epoch  188/300 | train=0.001083 | val=0.002129 | best=0.002106@182 | patience=6/30 | time=0.79s
[2026-04-27 00:45:23] epoch  189/300 | train=0.001045 | val=0.002123 | best=0.002106@182 | patience=7/30 | time=0.79s
[2026-04-27 00:45:24] epoch  190/300 | train=0.001033 | val=0.002144 | best=0.002106@182 | patience=8/30 | time=0.79s
[2026-04-27 00:45:24] epoch  191/300 | train=0.001022 | val=0.002116 | best=0.002106@182 | patience=9/30 | time=0.79s
[2026-04-27 00:45:25] epoch  192/300 | train=0.001023 | val=0.002135 | best=0.002106@182 | patience=10/30 | time=0.79s
[2026-04-27 00:45:26] epoch  193/300 | train=0.001055 | val=0.002269 | best=0.002106@182 | patience=11/30 | time=0.79s
[2026-04-27 00:45:27] epoch  194/300 | train=0.001049 | val=0.002182 | best=0.002106@182 | patience=12/30 | time=0.79s
[2026-04-27 00:45:28] epoch  195/300 | train=0.001051 | val=0.002149 | best=0.002106@182 | patience=13/30 | time=0.79s
[2026-04-27 00:45:28] epoch  196/300 | train=0.001022 | val=0.002113 | best=0.002106@182 | patience=14/30 | time=0.82s
[2026-04-27 00:45:29] epoch  197/300 | train=0.001004 | val=0.002162 | best=0.002106@182 | patience=15/30 | time=0.79s
[2026-04-27 00:45:30] epoch  198/300 | train=0.000998 | val=0.002111 | best=0.002106@182 | patience=16/30 | time=0.79s
[2026-04-27 00:45:31] epoch  199/300 | train=0.001007 | val=0.002175 | best=0.002106@182 | patience=17/30 | time=0.79s
[2026-04-27 00:45:32] epoch  200/300 | train=0.001033 | val=0.002203 | best=0.002106@182 | patience=18/30 | time=0.79s
[2026-04-27 00:45:33] epoch  201/300 | train=0.001049 | val=0.002169 | best=0.002106@182 | patience=19/30 | time=0.80s
[2026-04-27 00:45:33] epoch  202/300 | train=0.001016 | val=0.002183 | best=0.002106@182 | patience=20/30 | time=0.79s
[2026-04-27 00:45:34] epoch  203/300 | train=0.001088 | val=0.002146 | best=0.002106@182 | patience=21/30 | time=0.79s
[2026-04-27 00:45:35] epoch  204/300 | train=0.001011 | val=0.002166 | best=0.002106@182 | patience=22/30 | time=0.79s
[2026-04-27 00:45:36] epoch  205/300 | train=0.001011 | val=0.002238 | best=0.002106@182 | patience=23/30 | time=0.79s
[2026-04-27 00:45:37] epoch  206/300 | train=0.001054 | val=0.002180 | best=0.002106@182 | patience=24/30 | time=0.79s
[2026-04-27 00:45:38] epoch  207/300 | train=0.001047 | val=0.002139 | best=0.002106@182 | patience=25/30 | time=0.79s
[2026-04-27 00:45:38] epoch  208/300 | train=0.000990 | val=0.002145 | best=0.002106@182 | patience=26/30 | time=0.79s
[2026-04-27 00:45:39] epoch  209/300 | train=0.000978 | val=0.002151 | best=0.002106@182 | patience=27/30 | time=0.79s
[2026-04-27 00:45:40] epoch  210/300 | train=0.000972 | val=0.002156 | best=0.002106@182 | patience=28/30 | time=0.83s
[2026-04-27 00:45:41] epoch  211/300 | train=0.000972 | val=0.002157 | best=0.002106@182 | patience=29/30 | time=0.79s
[2026-04-27 00:45:42] epoch  212/300 | train=0.000959 | val=0.002164 | best=0.002106@182 | patience=30/30 | time=0.79s
[2026-04-27 00:45:42]   early stopping at epoch 212 (no improvement for 30 epochs)
[2026-04-27 00:45:42] Training done: stop_reason=early_stop, total_epochs=212, best_epoch=182, best_val=0.002106
[2026-04-27 00:45:42] Reloading best checkpoint (epoch 182) for evaluation
[2026-04-27 00:45:43] ------------------------------------------------------------
[2026-04-27 00:45:43] Evaluation:
[2026-04-27 00:45:43]   AUC broken_lcfs         : 0.5801
[2026-04-27 00:45:43]   AUC bad_black_core      : 0.9999
[2026-04-27 00:45:43]   AUC bad_nonconverged    : 1.0000
[2026-04-27 00:45:43]   objective      : 0.8320
[2026-04-27 00:45:43]   floor_ok       : True
[2026-04-27 00:45:43]   threshold      : 0.8220
[2026-04-27 00:45:43]   mu / sigma     : 0.0010259 / 0.000197193
[2026-04-27 00:45:43] Train time=233.4s, eval time=1.3s
