[2026-04-27 09:51:53] ============================================================
[2026-04-27 09:51:53] Trial 155 starting on cuda:0
[2026-04-27 09:51:53] Timestamp: 2026-04-27T09:51:53.041989
[2026-04-27 09:51:53] --- Config summary ---
  bottleneck_dim  : 95
  n_enc_layers    : 2
  n_dec_layers    : 5
  base_channels   : 50
  growth_factor   : 2.1716466472683633
  use_batchnorm   : True
  use_hpf         : True
  hpf_sigma       : 1.00232521874618
  lr              : 0.0002596444587869544
  batch_size      : 8
  max_epochs      : 300
  patience        : 30
  seed            : 42
  deterministic   : False
  trial_num       : 155
[2026-04-27 09:51:53] Loading train/val/selection splits...
[2026-04-27 09:52:52] Splits loaded in 59.1s: n_train=722, n_val=120, n_selection=405
[2026-04-27 09:52:57] --- Architecture summary ---
  channels per enc layer : [50, 109]
  final spatial size     : 64x64
  flat size before latent: 446464
  bottleneck_dim         : 95
  total parameters       : 86,000,827
[2026-04-27 09:52:57] Starting training: n_train=722, n_val=120, device=cuda:0
[2026-04-27 09:53:27] epoch    1/300 | train=0.002091 | val=0.001460 | best=0.001460@1 | patience=0/30 | time=27.47s *
[2026-04-27 09:53:34] epoch    2/300 | train=0.001401 | val=0.001459 | best=0.001460@1 | patience=1/30 | time=7.19s
[2026-04-27 09:53:45] epoch    3/300 | train=0.001339 | val=0.001392 | best=0.001392@3 | patience=0/30 | time=7.51s *
[2026-04-27 09:53:52] epoch    4/300 | train=0.001267 | val=0.001397 | best=0.001392@3 | patience=1/30 | time=7.19s
[2026-04-27 09:54:03] epoch    5/300 | train=0.001214 | val=0.001201 | best=0.001201@5 | patience=0/30 | time=7.45s *
[2026-04-27 09:54:13] epoch    6/300 | train=0.001179 | val=0.001191 | best=0.001191@6 | patience=0/30 | time=7.18s *
[2026-04-27 09:54:20] epoch    7/300 | train=0.001154 | val=0.001211 | best=0.001191@6 | patience=1/30 | time=7.28s
[2026-04-27 09:54:30] epoch    8/300 | train=0.001134 | val=0.001136 | best=0.001136@8 | patience=0/30 | time=7.22s *
[2026-04-27 09:54:40] epoch    9/300 | train=0.001105 | val=0.001107 | best=0.001107@9 | patience=0/30 | time=7.30s *
[2026-04-27 09:54:47] epoch   10/300 | train=0.001087 | val=0.001165 | best=0.001107@9 | patience=1/30 | time=7.50s
[2026-04-27 09:54:57] epoch   11/300 | train=0.001064 | val=0.001080 | best=0.001080@11 | patience=0/30 | time=7.17s *
[2026-04-27 09:55:05] epoch   12/300 | train=0.001048 | val=0.001085 | best=0.001080@11 | patience=1/30 | time=7.53s
[2026-04-27 09:55:12] epoch   13/300 | train=0.001023 | val=0.001153 | best=0.001080@11 | patience=2/30 | time=7.38s
[2026-04-27 09:55:22] epoch   14/300 | train=0.001010 | val=0.001058 | best=0.001058@14 | patience=0/30 | time=7.28s *
[2026-04-27 09:55:32] epoch   15/300 | train=0.000991 | val=0.001035 | best=0.001035@15 | patience=0/30 | time=7.42s *
[2026-04-27 09:55:40] epoch   16/300 | train=0.000978 | val=0.001041 | best=0.001035@15 | patience=1/30 | time=7.30s
[2026-04-27 09:55:50] epoch   17/300 | train=0.000959 | val=0.000972 | best=0.000972@17 | patience=0/30 | time=7.49s *
[2026-04-27 09:55:57] epoch   18/300 | train=0.000950 | val=0.001006 | best=0.000972@17 | patience=1/30 | time=7.21s
[2026-04-27 09:56:07] epoch   19/300 | train=0.000944 | val=0.000953 | best=0.000953@19 | patience=0/30 | time=7.55s *
[2026-04-27 09:56:17] epoch   20/300 | train=0.000924 | val=0.000942 | best=0.000942@20 | patience=0/30 | time=7.37s *
[2026-04-27 09:56:25] epoch   21/300 | train=0.000913 | val=0.000947 | best=0.000942@20 | patience=1/30 | time=7.29s
[2026-04-27 09:56:32] epoch   22/300 | train=0.000903 | val=0.000945 | best=0.000942@20 | patience=2/30 | time=7.44s
[2026-04-27 09:56:40] epoch   23/300 | train=0.000889 | val=0.001003 | best=0.000942@20 | patience=3/30 | time=7.29s
[2026-04-27 09:56:50] epoch   24/300 | train=0.000884 | val=0.000919 | best=0.000919@24 | patience=0/30 | time=7.42s *
[2026-04-27 09:57:00] epoch   25/300 | train=0.000873 | val=0.000913 | best=0.000913@25 | patience=0/30 | time=7.20s *
[2026-04-27 09:57:08] epoch   26/300 | train=0.000863 | val=0.000943 | best=0.000913@25 | patience=1/30 | time=7.54s
[2026-04-27 09:57:18] epoch   27/300 | train=0.000854 | val=0.000906 | best=0.000906@27 | patience=0/30 | time=7.37s *
[2026-04-27 09:57:25] epoch   28/300 | train=0.000849 | val=0.000906 | best=0.000906@27 | patience=1/30 | time=7.31s
[2026-04-27 09:57:33] epoch   29/300 | train=0.000846 | val=0.000920 | best=0.000906@27 | patience=2/30 | time=7.49s
[2026-04-27 09:57:43] epoch   30/300 | train=0.000836 | val=0.000903 | best=0.000903@30 | patience=0/30 | time=7.29s *
[2026-04-27 09:57:53] epoch   31/300 | train=0.000826 | val=0.000878 | best=0.000878@31 | patience=0/30 | time=7.50s *
[2026-04-27 09:58:00] epoch   32/300 | train=0.000816 | val=0.000909 | best=0.000878@31 | patience=1/30 | time=7.18s
[2026-04-27 09:58:08] epoch   33/300 | train=0.000810 | val=0.000880 | best=0.000878@31 | patience=2/30 | time=7.61s
[2026-04-27 09:58:15] epoch   34/300 | train=0.000801 | val=0.000879 | best=0.000878@31 | patience=3/30 | time=7.37s
[2026-04-27 09:58:25] epoch   35/300 | train=0.000798 | val=0.000875 | best=0.000875@35 | patience=0/30 | time=7.27s *
[2026-04-27 09:58:36] epoch   36/300 | train=0.000788 | val=0.000860 | best=0.000860@36 | patience=0/30 | time=7.44s *
[2026-04-27 09:58:43] epoch   37/300 | train=0.000784 | val=0.000860 | best=0.000860@36 | patience=1/30 | time=7.18s
[2026-04-27 09:58:51] epoch   38/300 | train=0.000778 | val=0.000913 | best=0.000860@36 | patience=2/30 | time=7.48s
[2026-04-27 09:58:58] epoch   39/300 | train=0.000773 | val=0.000861 | best=0.000860@36 | patience=3/30 | time=7.18s
[2026-04-27 09:59:08] epoch   40/300 | train=0.000766 | val=0.000852 | best=0.000852@40 | patience=0/30 | time=7.49s *
[2026-04-27 09:59:18] epoch   41/300 | train=0.000758 | val=0.000849 | best=0.000849@41 | patience=0/30 | time=7.29s *
[2026-04-27 09:59:26] epoch   42/300 | train=0.000754 | val=0.000867 | best=0.000849@41 | patience=1/30 | time=7.55s
[2026-04-27 09:59:33] epoch   43/300 | train=0.000747 | val=0.000863 | best=0.000849@41 | patience=2/30 | time=7.22s
[2026-04-27 09:59:41] epoch   44/300 | train=0.000743 | val=0.000849 | best=0.000849@41 | patience=3/30 | time=7.39s
[2026-04-27 09:59:48] epoch   45/300 | train=0.000733 | val=0.000869 | best=0.000849@41 | patience=4/30 | time=7.15s
[2026-04-27 09:59:58] epoch   46/300 | train=0.000732 | val=0.000845 | best=0.000845@46 | patience=0/30 | time=7.53s *
[2026-04-27 10:00:05] epoch   47/300 | train=0.000725 | val=0.000866 | best=0.000845@46 | patience=1/30 | time=7.20s
[2026-04-27 10:00:13] epoch   48/300 | train=0.000719 | val=0.000848 | best=0.000845@46 | patience=2/30 | time=7.57s
[2026-04-27 10:00:20] epoch   49/300 | train=0.000711 | val=0.000845 | best=0.000845@46 | patience=3/30 | time=7.17s
[2026-04-27 10:00:28] epoch   50/300 | train=0.000702 | val=0.000853 | best=0.000845@46 | patience=4/30 | time=7.50s
[2026-04-27 10:00:35] epoch   51/300 | train=0.000697 | val=0.000849 | best=0.000845@46 | patience=5/30 | time=7.24s
[2026-04-27 10:00:43] epoch   52/300 | train=0.000692 | val=0.000848 | best=0.000845@46 | patience=6/30 | time=7.47s
[2026-04-27 10:00:53] epoch   53/300 | train=0.000689 | val=0.000839 | best=0.000839@53 | patience=0/30 | time=7.35s *
[2026-04-27 10:01:03] epoch   54/300 | train=0.000685 | val=0.000833 | best=0.000833@54 | patience=0/30 | time=7.30s *
[2026-04-27 10:01:11] epoch   55/300 | train=0.000676 | val=0.000834 | best=0.000833@54 | patience=1/30 | time=7.49s
[2026-04-27 10:01:18] epoch   56/300 | train=0.000673 | val=0.000835 | best=0.000833@54 | patience=2/30 | time=7.29s
[2026-04-27 10:01:28] epoch   57/300 | train=0.000662 | val=0.000818 | best=0.000818@57 | patience=0/30 | time=7.42s *
[2026-04-27 10:01:36] epoch   58/300 | train=0.000656 | val=0.000820 | best=0.000818@57 | patience=1/30 | time=7.17s
[2026-04-27 10:01:46] epoch   59/300 | train=0.000648 | val=0.000816 | best=0.000816@59 | patience=0/30 | time=7.44s *
[2026-04-27 10:01:53] epoch   60/300 | train=0.000641 | val=0.000818 | best=0.000816@59 | patience=1/30 | time=7.18s
[2026-04-27 10:02:01] epoch   61/300 | train=0.000635 | val=0.000819 | best=0.000816@59 | patience=2/30 | time=7.38s
[2026-04-27 10:02:08] epoch   62/300 | train=0.000630 | val=0.000820 | best=0.000816@59 | patience=3/30 | time=7.29s
[2026-04-27 10:02:16] epoch   63/300 | train=0.000628 | val=0.000817 | best=0.000816@59 | patience=4/30 | time=7.19s
[2026-04-27 10:02:26] epoch   64/300 | train=0.000619 | val=0.000809 | best=0.000809@64 | patience=0/30 | time=7.57s *
[2026-04-27 10:02:33] epoch   65/300 | train=0.000615 | val=0.000816 | best=0.000809@64 | patience=1/30 | time=7.40s
[2026-04-27 10:02:41] epoch   66/300 | train=0.000609 | val=0.000816 | best=0.000809@64 | patience=2/30 | time=7.32s
[2026-04-27 10:02:48] epoch   67/300 | train=0.000601 | val=0.000819 | best=0.000809@64 | patience=3/30 | time=7.50s
[2026-04-27 10:02:56] epoch   68/300 | train=0.000596 | val=0.000819 | best=0.000809@64 | patience=4/30 | time=7.32s
[2026-04-27 10:03:03] epoch   69/300 | train=0.000594 | val=0.000810 | best=0.000809@64 | patience=5/30 | time=7.39s
[2026-04-27 10:03:11] epoch   70/300 | train=0.000584 | val=0.000810 | best=0.000809@64 | patience=6/30 | time=7.33s
[2026-04-27 10:03:18] epoch   71/300 | train=0.000577 | val=0.000816 | best=0.000809@64 | patience=7/30 | time=7.51s
[2026-04-27 10:03:26] epoch   72/300 | train=0.000567 | val=0.000812 | best=0.000809@64 | patience=8/30 | time=7.32s
[2026-04-27 10:03:36] epoch   73/300 | train=0.000561 | val=0.000806 | best=0.000806@73 | patience=0/30 | time=7.39s *
[2026-04-27 10:03:43] epoch   74/300 | train=0.000556 | val=0.000839 | best=0.000806@73 | patience=1/30 | time=7.20s
[2026-04-27 10:03:51] epoch   75/300 | train=0.000554 | val=0.000867 | best=0.000806@73 | patience=2/30 | time=7.45s
[2026-04-27 10:03:58] epoch   76/300 | train=0.000574 | val=0.000814 | best=0.000806@73 | patience=3/30 | time=7.33s
[2026-04-27 10:04:06] epoch   77/300 | train=0.000552 | val=0.000984 | best=0.000806@73 | patience=4/30 | time=7.39s
[2026-04-27 10:04:13] epoch   78/300 | train=0.000535 | val=0.000822 | best=0.000806@73 | patience=5/30 | time=7.29s
[2026-04-27 10:04:21] epoch   79/300 | train=0.000529 | val=0.000822 | best=0.000806@73 | patience=6/30 | time=7.43s
[2026-04-27 10:04:28] epoch   80/300 | train=0.000518 | val=0.000825 | best=0.000806@73 | patience=7/30 | time=7.31s
[2026-04-27 10:04:36] epoch   81/300 | train=0.000518 | val=0.000820 | best=0.000806@73 | patience=8/30 | time=7.39s
[2026-04-27 10:04:43] epoch   82/300 | train=0.000512 | val=0.000843 | best=0.000806@73 | patience=9/30 | time=7.31s
[2026-04-27 10:04:50] epoch   83/300 | train=0.000504 | val=0.001040 | best=0.000806@73 | patience=10/30 | time=7.19s
[2026-04-27 10:04:58] epoch   84/300 | train=0.000549 | val=0.000871 | best=0.000806@73 | patience=11/30 | time=7.61s
[2026-04-27 10:05:05] epoch   85/300 | train=0.000512 | val=0.000808 | best=0.000806@73 | patience=12/30 | time=7.39s
[2026-04-27 10:05:13] epoch   86/300 | train=0.000494 | val=0.000837 | best=0.000806@73 | patience=13/30 | time=7.27s
[2026-04-27 10:05:20] epoch   87/300 | train=0.000484 | val=0.000818 | best=0.000806@73 | patience=14/30 | time=7.23s
[2026-04-27 10:05:28] epoch   88/300 | train=0.000475 | val=0.000862 | best=0.000806@73 | patience=15/30 | time=7.54s
[2026-04-27 10:05:35] epoch   89/300 | train=0.000468 | val=0.000848 | best=0.000806@73 | patience=16/30 | time=7.17s
[2026-04-27 10:05:43] epoch   90/300 | train=0.000464 | val=0.000869 | best=0.000806@73 | patience=17/30 | time=7.54s
[2026-04-27 10:05:50] epoch   91/300 | train=0.000460 | val=0.000808 | best=0.000806@73 | patience=18/30 | time=7.17s
[2026-04-27 10:05:58] epoch   92/300 | train=0.000459 | val=0.000813 | best=0.000806@73 | patience=19/30 | time=7.40s
[2026-04-27 10:06:05] epoch   93/300 | train=0.000459 | val=0.000815 | best=0.000806@73 | patience=20/30 | time=7.30s
[2026-04-27 10:06:13] epoch   94/300 | train=0.000448 | val=0.000864 | best=0.000806@73 | patience=21/30 | time=7.47s
[2026-04-27 10:06:20] epoch   95/300 | train=0.000441 | val=0.000849 | best=0.000806@73 | patience=22/30 | time=7.18s
[2026-04-27 10:06:27] epoch   96/300 | train=0.000434 | val=0.000834 | best=0.000806@73 | patience=23/30 | time=7.44s
[2026-04-27 10:06:35] epoch   97/300 | train=0.000433 | val=0.000925 | best=0.000806@73 | patience=24/30 | time=7.30s
[2026-04-27 10:06:42] epoch   98/300 | train=0.000442 | val=0.000806 | best=0.000806@73 | patience=25/30 | time=7.37s
[2026-04-27 10:06:50] epoch   99/300 | train=0.000428 | val=0.000825 | best=0.000806@73 | patience=26/30 | time=7.29s
[2026-04-27 10:06:57] epoch  100/300 | train=0.000420 | val=0.000857 | best=0.000806@73 | patience=27/30 | time=7.18s
[2026-04-27 10:07:05] epoch  101/300 | train=0.000407 | val=0.000846 | best=0.000806@73 | patience=28/30 | time=7.59s
[2026-04-27 10:07:12] epoch  102/300 | train=0.000399 | val=0.000823 | best=0.000806@73 | patience=29/30 | time=7.37s
[2026-04-27 10:07:20] epoch  103/300 | train=0.000395 | val=0.000814 | best=0.000806@73 | patience=30/30 | time=7.26s
[2026-04-27 10:07:20]   early stopping at epoch 103 (no improvement for 30 epochs)
[2026-04-27 10:07:20] Training done: stop_reason=early_stop, total_epochs=103, best_epoch=73, best_val=0.000806
[2026-04-27 10:07:20] Reloading best checkpoint (epoch 73) for evaluation
[2026-04-27 10:07:29] ------------------------------------------------------------
[2026-04-27 10:07:29] Evaluation:
[2026-04-27 10:07:29]   AUC broken_lcfs         : 0.5955
[2026-04-27 10:07:29]   AUC bad_black_core      : 0.9936
[2026-04-27 10:07:29]   AUC bad_nonconverged    : 0.9987
[2026-04-27 10:07:29]   objective      : 0.8359
[2026-04-27 10:07:29]   floor_ok       : True
[2026-04-27 10:07:29]   threshold      : 0.1058
[2026-04-27 10:07:29]   mu / sigma     : 0.000578894 / 0.000141859
[2026-04-27 10:07:29] Train time=863.0s, eval time=7.1s
