[2026-04-27 07:05:41] ============================================================
[2026-04-27 07:05:41] Trial 116 starting on cuda:0
[2026-04-27 07:05:41] Timestamp: 2026-04-27T07:05:41.144384
[2026-04-27 07:05:41] --- Config summary ---
  bottleneck_dim  : 147
  n_enc_layers    : 5
  n_dec_layers    : 2
  base_channels   : 27
  growth_factor   : 2.3481089705235885
  use_batchnorm   : True
  use_hpf         : True
  hpf_sigma       : 1.0440960612309464
  lr              : 4.8688253336898984e-05
  batch_size      : 16
  max_epochs      : 300
  patience        : 30
  seed            : 42
  deterministic   : False
  trial_num       : 116
[2026-04-27 07:05:41] Loading train/val/selection splits...
[2026-04-27 07:05:49] Splits loaded in 8.1s: n_train=722, n_val=120, n_selection=405
[2026-04-27 07:05:49] --- Architecture summary ---
  channels per enc layer : [27, 63, 149, 350, 821]
  final spatial size     : 8x8
  flat size before latent: 52544
  bottleneck_dim         : 147
  total parameters       : 35,301,501
[2026-04-27 07:05:49] Starting training: n_train=722, n_val=120, device=cuda:0
[2026-04-27 07:06:54] epoch    1/300 | train=0.004200 | val=0.003173 | best=0.003173@1 | patience=0/30 | time=65.19s *
[2026-04-27 07:06:58] epoch    2/300 | train=0.002087 | val=0.001941 | best=0.001941@2 | patience=0/30 | time=3.48s *
[2026-04-27 07:07:01] epoch    3/300 | train=0.001780 | val=0.001728 | best=0.001728@3 | patience=0/30 | time=3.43s *
[2026-04-27 07:07:05] epoch    4/300 | train=0.001622 | val=0.001568 | best=0.001568@4 | patience=0/30 | time=3.44s *
[2026-04-27 07:07:08] epoch    5/300 | train=0.001519 | val=0.001485 | best=0.001485@5 | patience=0/30 | time=3.47s *
[2026-04-27 07:07:12] epoch    6/300 | train=0.001461 | val=0.001441 | best=0.001441@6 | patience=0/30 | time=3.47s *
[2026-04-27 07:07:16] epoch    7/300 | train=0.001403 | val=0.001413 | best=0.001413@7 | patience=0/30 | time=3.42s *
[2026-04-27 07:07:19] epoch    8/300 | train=0.001366 | val=0.001391 | best=0.001391@8 | patience=0/30 | time=3.47s *
[2026-04-27 07:07:23] epoch    9/300 | train=0.001338 | val=0.001333 | best=0.001333@9 | patience=0/30 | time=3.45s *
[2026-04-27 07:07:26] epoch   10/300 | train=0.001311 | val=0.001334 | best=0.001333@9 | patience=1/30 | time=3.44s
[2026-04-27 07:07:30] epoch   11/300 | train=0.001300 | val=0.001303 | best=0.001303@11 | patience=0/30 | time=3.44s *
[2026-04-27 07:07:33] epoch   12/300 | train=0.001272 | val=0.001279 | best=0.001279@12 | patience=0/30 | time=3.47s *
[2026-04-27 07:07:37] epoch   13/300 | train=0.001257 | val=0.001269 | best=0.001269@13 | patience=0/30 | time=3.47s *
[2026-04-27 07:07:41] epoch   14/300 | train=0.001247 | val=0.001251 | best=0.001251@14 | patience=0/30 | time=3.43s *
[2026-04-27 07:07:44] epoch   15/300 | train=0.001225 | val=0.001237 | best=0.001237@15 | patience=0/30 | time=3.47s *
[2026-04-27 07:07:48] epoch   16/300 | train=0.001220 | val=0.001212 | best=0.001212@16 | patience=0/30 | time=3.45s *
[2026-04-27 07:07:51] epoch   17/300 | train=0.001192 | val=0.001213 | best=0.001212@16 | patience=1/30 | time=3.44s
[2026-04-27 07:07:55] epoch   18/300 | train=0.001185 | val=0.001201 | best=0.001201@18 | patience=0/30 | time=3.44s *
[2026-04-27 07:07:59] epoch   19/300 | train=0.001166 | val=0.001176 | best=0.001176@19 | patience=0/30 | time=3.47s *
[2026-04-27 07:08:02] epoch   20/300 | train=0.001156 | val=0.001193 | best=0.001176@19 | patience=1/30 | time=3.47s
[2026-04-27 07:08:06] epoch   21/300 | train=0.001147 | val=0.001153 | best=0.001153@21 | patience=0/30 | time=3.43s *
[2026-04-27 07:08:09] epoch   22/300 | train=0.001127 | val=0.001136 | best=0.001136@22 | patience=0/30 | time=3.47s *
[2026-04-27 07:08:13] epoch   23/300 | train=0.001114 | val=0.001142 | best=0.001136@22 | patience=1/30 | time=3.45s
[2026-04-27 07:08:16] epoch   24/300 | train=0.001104 | val=0.001123 | best=0.001123@24 | patience=0/30 | time=3.44s *
[2026-04-27 07:08:20] epoch   25/300 | train=0.001097 | val=0.001104 | best=0.001104@25 | patience=0/30 | time=3.44s *
[2026-04-27 07:08:23] epoch   26/300 | train=0.001078 | val=0.001132 | best=0.001104@25 | patience=1/30 | time=3.47s
[2026-04-27 07:08:27] epoch   27/300 | train=0.001073 | val=0.001094 | best=0.001094@27 | patience=0/30 | time=3.47s *
[2026-04-27 07:08:30] epoch   28/300 | train=0.001058 | val=0.001102 | best=0.001094@27 | patience=1/30 | time=3.43s
[2026-04-27 07:08:34] epoch   29/300 | train=0.001055 | val=0.001080 | best=0.001080@29 | patience=0/30 | time=3.47s *
[2026-04-27 07:08:38] epoch   30/300 | train=0.001043 | val=0.001067 | best=0.001067@30 | patience=0/30 | time=3.45s *
[2026-04-27 07:08:41] epoch   31/300 | train=0.001035 | val=0.001057 | best=0.001057@31 | patience=0/30 | time=3.44s *
[2026-04-27 07:08:45] epoch   32/300 | train=0.001020 | val=0.001051 | best=0.001051@32 | patience=0/30 | time=3.44s *
[2026-04-27 07:08:48] epoch   33/300 | train=0.001014 | val=0.001043 | best=0.001043@33 | patience=0/30 | time=3.52s *
[2026-04-27 07:08:52] epoch   34/300 | train=0.001002 | val=0.001050 | best=0.001043@33 | patience=1/30 | time=3.43s
[2026-04-27 07:08:55] epoch   35/300 | train=0.001000 | val=0.001030 | best=0.001030@35 | patience=0/30 | time=3.47s *
[2026-04-27 07:08:59] epoch   36/300 | train=0.000984 | val=0.001026 | best=0.001026@36 | patience=0/30 | time=3.45s *
[2026-04-27 07:09:03] epoch   37/300 | train=0.000977 | val=0.001009 | best=0.001009@37 | patience=0/30 | time=3.44s *
[2026-04-27 07:09:06] epoch   38/300 | train=0.000966 | val=0.001049 | best=0.001009@37 | patience=1/30 | time=3.44s
[2026-04-27 07:09:10] epoch   39/300 | train=0.000971 | val=0.001008 | best=0.001008@39 | patience=0/30 | time=3.47s *
[2026-04-27 07:09:13] epoch   40/300 | train=0.000954 | val=0.000996 | best=0.000996@40 | patience=0/30 | time=3.47s *
[2026-04-27 07:09:17] epoch   41/300 | train=0.000945 | val=0.000999 | best=0.000996@40 | patience=1/30 | time=3.43s
[2026-04-27 07:09:20] epoch   42/300 | train=0.000940 | val=0.001011 | best=0.000996@40 | patience=2/30 | time=3.47s
[2026-04-27 07:09:24] epoch   43/300 | train=0.000932 | val=0.000988 | best=0.000988@43 | patience=0/30 | time=3.45s *
[2026-04-27 07:09:27] epoch   44/300 | train=0.000925 | val=0.000978 | best=0.000978@44 | patience=0/30 | time=3.44s *
[2026-04-27 07:09:31] epoch   45/300 | train=0.000916 | val=0.000979 | best=0.000978@44 | patience=1/30 | time=3.44s
[2026-04-27 07:09:34] epoch   46/300 | train=0.000910 | val=0.000986 | best=0.000978@44 | patience=2/30 | time=3.47s
[2026-04-27 07:09:38] epoch   47/300 | train=0.000904 | val=0.000967 | best=0.000967@47 | patience=0/30 | time=3.47s *
[2026-04-27 07:09:41] epoch   48/300 | train=0.000897 | val=0.000977 | best=0.000967@47 | patience=1/30 | time=3.43s
[2026-04-27 07:09:45] epoch   49/300 | train=0.000893 | val=0.000966 | best=0.000966@49 | patience=0/30 | time=3.47s *
[2026-04-27 07:09:48] epoch   50/300 | train=0.000886 | val=0.000969 | best=0.000966@49 | patience=1/30 | time=3.45s
[2026-04-27 07:09:52] epoch   51/300 | train=0.000880 | val=0.000954 | best=0.000954@51 | patience=0/30 | time=3.79s *
[2026-04-27 07:09:56] epoch   52/300 | train=0.000870 | val=0.000962 | best=0.000954@51 | patience=1/30 | time=3.95s
[2026-04-27 07:10:00] epoch   53/300 | train=0.000861 | val=0.000941 | best=0.000941@53 | patience=0/30 | time=3.80s *
[2026-04-27 07:10:04] epoch   54/300 | train=0.000853 | val=0.000941 | best=0.000941@53 | patience=1/30 | time=3.73s
[2026-04-27 07:10:08] epoch   55/300 | train=0.000848 | val=0.000932 | best=0.000932@55 | patience=0/30 | time=3.61s *
[2026-04-27 07:10:12] epoch   56/300 | train=0.000842 | val=0.000935 | best=0.000932@55 | patience=1/30 | time=3.61s
[2026-04-27 07:10:15] epoch   57/300 | train=0.000834 | val=0.000938 | best=0.000932@55 | patience=2/30 | time=3.57s
[2026-04-27 07:10:19] epoch   58/300 | train=0.000833 | val=0.000923 | best=0.000923@58 | patience=0/30 | time=3.61s *
[2026-04-27 07:10:22] epoch   59/300 | train=0.000819 | val=0.000922 | best=0.000923@58 | patience=1/30 | time=3.51s
[2026-04-27 07:10:26] epoch   60/300 | train=0.000811 | val=0.000926 | best=0.000923@58 | patience=2/30 | time=3.57s
[2026-04-27 07:10:30] epoch   61/300 | train=0.000807 | val=0.000924 | best=0.000923@58 | patience=3/30 | time=3.48s
[2026-04-27 07:10:33] epoch   62/300 | train=0.000801 | val=0.000917 | best=0.000917@62 | patience=0/30 | time=3.56s *
[2026-04-27 07:10:37] epoch   63/300 | train=0.000796 | val=0.000913 | best=0.000913@63 | patience=0/30 | time=3.48s *
[2026-04-27 07:10:40] epoch   64/300 | train=0.000786 | val=0.000919 | best=0.000913@63 | patience=1/30 | time=3.52s
[2026-04-27 07:10:44] epoch   65/300 | train=0.000789 | val=0.000905 | best=0.000905@65 | patience=0/30 | time=3.49s *
[2026-04-27 07:10:48] epoch   66/300 | train=0.000774 | val=0.000908 | best=0.000905@65 | patience=1/30 | time=3.49s
[2026-04-27 07:10:51] epoch   67/300 | train=0.000770 | val=0.000899 | best=0.000899@67 | patience=0/30 | time=3.47s *
[2026-04-27 07:10:55] epoch   68/300 | train=0.000759 | val=0.000894 | best=0.000894@68 | patience=0/30 | time=3.51s *
[2026-04-27 07:10:58] epoch   69/300 | train=0.000754 | val=0.000897 | best=0.000894@68 | patience=1/30 | time=3.49s
[2026-04-27 07:11:02] epoch   70/300 | train=0.000745 | val=0.000895 | best=0.000894@68 | patience=2/30 | time=3.47s
[2026-04-27 07:11:05] epoch   71/300 | train=0.000742 | val=0.000901 | best=0.000894@68 | patience=3/30 | time=3.49s
[2026-04-27 07:11:09] epoch   72/300 | train=0.000735 | val=0.000907 | best=0.000894@68 | patience=4/30 | time=3.44s
[2026-04-27 07:11:12] epoch   73/300 | train=0.000731 | val=0.000893 | best=0.000893@73 | patience=0/30 | time=3.49s *
[2026-04-27 07:11:16] epoch   74/300 | train=0.000724 | val=0.000891 | best=0.000891@74 | patience=0/30 | time=3.47s *
[2026-04-27 07:11:20] epoch   75/300 | train=0.000709 | val=0.000886 | best=0.000886@75 | patience=0/30 | time=3.47s *
[2026-04-27 07:11:23] epoch   76/300 | train=0.000708 | val=0.000890 | best=0.000886@75 | patience=1/30 | time=3.46s
[2026-04-27 07:11:27] epoch   77/300 | train=0.000700 | val=0.000885 | best=0.000886@75 | patience=2/30 | time=3.44s
[2026-04-27 07:11:30] epoch   78/300 | train=0.000694 | val=0.000887 | best=0.000886@75 | patience=3/30 | time=3.52s
[2026-04-27 07:11:34] epoch   79/300 | train=0.000691 | val=0.000882 | best=0.000882@79 | patience=0/30 | time=3.43s *
[2026-04-27 07:11:37] epoch   80/300 | train=0.000685 | val=0.000889 | best=0.000882@79 | patience=1/30 | time=3.47s
[2026-04-27 07:11:41] epoch   81/300 | train=0.000689 | val=0.000893 | best=0.000882@79 | patience=2/30 | time=3.47s
[2026-04-27 07:11:44] epoch   82/300 | train=0.000684 | val=0.000885 | best=0.000882@79 | patience=3/30 | time=3.44s
[2026-04-27 07:11:48] epoch   83/300 | train=0.000665 | val=0.000915 | best=0.000882@79 | patience=4/30 | time=3.47s
[2026-04-27 07:11:51] epoch   84/300 | train=0.000663 | val=0.000873 | best=0.000873@84 | patience=0/30 | time=3.47s *
[2026-04-27 07:11:55] epoch   85/300 | train=0.000655 | val=0.000877 | best=0.000873@84 | patience=1/30 | time=3.43s
[2026-04-27 07:11:59] epoch   86/300 | train=0.000646 | val=0.000868 | best=0.000868@86 | patience=0/30 | time=3.47s *
[2026-04-27 07:12:02] epoch   87/300 | train=0.000636 | val=0.000948 | best=0.000868@86 | patience=1/30 | time=3.47s
[2026-04-27 07:12:06] epoch   88/300 | train=0.000645 | val=0.000866 | best=0.000866@88 | patience=0/30 | time=3.44s *
[2026-04-27 07:12:09] epoch   89/300 | train=0.000623 | val=0.000903 | best=0.000866@88 | patience=1/30 | time=3.48s
[2026-04-27 07:12:13] epoch   90/300 | train=0.000634 | val=0.000874 | best=0.000866@88 | patience=2/30 | time=3.47s
[2026-04-27 07:12:16] epoch   91/300 | train=0.000613 | val=0.000876 | best=0.000866@88 | patience=3/30 | time=3.43s
[2026-04-27 07:12:20] epoch   92/300 | train=0.000609 | val=0.000876 | best=0.000866@88 | patience=4/30 | time=3.47s
[2026-04-27 07:12:23] epoch   93/300 | train=0.000606 | val=0.000894 | best=0.000866@88 | patience=5/30 | time=3.45s
[2026-04-27 07:12:27] epoch   94/300 | train=0.000604 | val=0.000874 | best=0.000866@88 | patience=6/30 | time=3.44s
[2026-04-27 07:12:30] epoch   95/300 | train=0.000588 | val=0.000860 | best=0.000860@95 | patience=0/30 | time=3.44s *
[2026-04-27 07:12:34] epoch   96/300 | train=0.000579 | val=0.000873 | best=0.000860@95 | patience=1/30 | time=3.47s
[2026-04-27 07:12:37] epoch   97/300 | train=0.000577 | val=0.000862 | best=0.000860@95 | patience=2/30 | time=3.47s
[2026-04-27 07:12:41] epoch   98/300 | train=0.000574 | val=0.000871 | best=0.000860@95 | patience=3/30 | time=3.43s
[2026-04-27 07:12:44] epoch   99/300 | train=0.000568 | val=0.000872 | best=0.000860@95 | patience=4/30 | time=3.47s
[2026-04-27 07:12:48] epoch  100/300 | train=0.000560 | val=0.000883 | best=0.000860@95 | patience=5/30 | time=3.45s
[2026-04-27 07:12:51] epoch  101/300 | train=0.000552 | val=0.000866 | best=0.000860@95 | patience=6/30 | time=3.44s
[2026-04-27 07:12:55] epoch  102/300 | train=0.000550 | val=0.000867 | best=0.000860@95 | patience=7/30 | time=3.44s
[2026-04-27 07:12:58] epoch  103/300 | train=0.000536 | val=0.000861 | best=0.000860@95 | patience=8/30 | time=3.46s
[2026-04-27 07:13:02] epoch  104/300 | train=0.000537 | val=0.000893 | best=0.000860@95 | patience=9/30 | time=3.47s
[2026-04-27 07:13:05] epoch  105/300 | train=0.000529 | val=0.000862 | best=0.000860@95 | patience=10/30 | time=3.43s
[2026-04-27 07:13:08] epoch  106/300 | train=0.000524 | val=0.000866 | best=0.000860@95 | patience=11/30 | time=3.47s
[2026-04-27 07:13:12] epoch  107/300 | train=0.000516 | val=0.000863 | best=0.000860@95 | patience=12/30 | time=3.45s
[2026-04-27 07:13:15] epoch  108/300 | train=0.000512 | val=0.000860 | best=0.000860@95 | patience=13/30 | time=3.44s
[2026-04-27 07:13:19] epoch  109/300 | train=0.000503 | val=0.000885 | best=0.000860@95 | patience=14/30 | time=3.44s
[2026-04-27 07:13:22] epoch  110/300 | train=0.000509 | val=0.000868 | best=0.000860@95 | patience=15/30 | time=3.47s
[2026-04-27 07:13:26] epoch  111/300 | train=0.000499 | val=0.000866 | best=0.000860@95 | patience=16/30 | time=3.47s
[2026-04-27 07:13:29] epoch  112/300 | train=0.000493 | val=0.000866 | best=0.000860@95 | patience=17/30 | time=3.43s
[2026-04-27 07:13:33] epoch  113/300 | train=0.000490 | val=0.000859 | best=0.000859@113 | patience=0/30 | time=3.47s *
[2026-04-27 07:13:36] epoch  114/300 | train=0.000481 | val=0.000871 | best=0.000859@113 | patience=1/30 | time=3.45s
[2026-04-27 07:13:40] epoch  115/300 | train=0.000476 | val=0.000867 | best=0.000859@113 | patience=2/30 | time=3.44s
[2026-04-27 07:13:43] epoch  116/300 | train=0.000472 | val=0.000872 | best=0.000859@113 | patience=3/30 | time=3.44s
[2026-04-27 07:13:47] epoch  117/300 | train=0.000464 | val=0.000866 | best=0.000859@113 | patience=4/30 | time=3.48s
[2026-04-27 07:13:50] epoch  118/300 | train=0.000462 | val=0.000865 | best=0.000859@113 | patience=5/30 | time=3.47s
[2026-04-27 07:13:54] epoch  119/300 | train=0.000459 | val=0.000884 | best=0.000859@113 | patience=6/30 | time=3.43s
[2026-04-27 07:13:57] epoch  120/300 | train=0.000455 | val=0.000869 | best=0.000859@113 | patience=7/30 | time=3.47s
[2026-04-27 07:14:01] epoch  121/300 | train=0.000451 | val=0.000872 | best=0.000859@113 | patience=8/30 | time=3.45s
[2026-04-27 07:14:04] epoch  122/300 | train=0.000448 | val=0.000874 | best=0.000859@113 | patience=9/30 | time=3.44s
[2026-04-27 07:14:08] epoch  123/300 | train=0.000441 | val=0.000872 | best=0.000859@113 | patience=10/30 | time=3.44s
[2026-04-27 07:14:11] epoch  124/300 | train=0.000434 | val=0.000866 | best=0.000859@113 | patience=11/30 | time=3.47s
[2026-04-27 07:14:15] epoch  125/300 | train=0.000433 | val=0.000874 | best=0.000859@113 | patience=12/30 | time=3.47s
[2026-04-27 07:14:18] epoch  126/300 | train=0.000429 | val=0.000863 | best=0.000859@113 | patience=13/30 | time=3.43s
[2026-04-27 07:14:22] epoch  127/300 | train=0.000432 | val=0.000892 | best=0.000859@113 | patience=14/30 | time=3.47s
[2026-04-27 07:14:25] epoch  128/300 | train=0.000422 | val=0.000894 | best=0.000859@113 | patience=15/30 | time=3.44s
[2026-04-27 07:14:29] epoch  129/300 | train=0.000426 | val=0.000874 | best=0.000859@113 | patience=16/30 | time=3.44s
[2026-04-27 07:14:32] epoch  130/300 | train=0.000422 | val=0.000883 | best=0.000859@113 | patience=17/30 | time=3.44s
[2026-04-27 07:14:36] epoch  131/300 | train=0.000408 | val=0.000866 | best=0.000859@113 | patience=18/30 | time=3.47s
[2026-04-27 07:14:39] epoch  132/300 | train=0.000405 | val=0.000883 | best=0.000859@113 | patience=19/30 | time=3.47s
[2026-04-27 07:14:43] epoch  133/300 | train=0.000399 | val=0.000899 | best=0.000859@113 | patience=20/30 | time=3.43s
[2026-04-27 07:14:46] epoch  134/300 | train=0.000400 | val=0.000868 | best=0.000859@113 | patience=21/30 | time=3.47s
[2026-04-27 07:14:50] epoch  135/300 | train=0.000388 | val=0.000867 | best=0.000859@113 | patience=22/30 | time=3.45s
[2026-04-27 07:14:53] epoch  136/300 | train=0.000386 | val=0.000870 | best=0.000859@113 | patience=23/30 | time=3.44s
[2026-04-27 07:14:57] epoch  137/300 | train=0.000378 | val=0.000878 | best=0.000859@113 | patience=24/30 | time=3.44s
[2026-04-27 07:15:00] epoch  138/300 | train=0.000375 | val=0.000907 | best=0.000859@113 | patience=25/30 | time=3.47s
[2026-04-27 07:15:04] epoch  139/300 | train=0.000373 | val=0.000873 | best=0.000859@113 | patience=26/30 | time=3.47s
[2026-04-27 07:15:07] epoch  140/300 | train=0.000380 | val=0.000900 | best=0.000859@113 | patience=27/30 | time=3.43s
[2026-04-27 07:15:11] epoch  141/300 | train=0.000373 | val=0.000878 | best=0.000859@113 | patience=28/30 | time=3.47s
[2026-04-27 07:15:14] epoch  142/300 | train=0.000382 | val=0.000910 | best=0.000859@113 | patience=29/30 | time=3.45s
[2026-04-27 07:15:18] epoch  143/300 | train=0.000387 | val=0.000883 | best=0.000859@113 | patience=30/30 | time=3.44s
[2026-04-27 07:15:18]   early stopping at epoch 143 (no improvement for 30 epochs)
[2026-04-27 07:15:18] Training done: stop_reason=early_stop, total_epochs=143, best_epoch=113, best_val=0.000859
[2026-04-27 07:15:18] Reloading best checkpoint (epoch 113) for evaluation
[2026-04-27 07:15:22] ------------------------------------------------------------
[2026-04-27 07:15:22] Evaluation:
[2026-04-27 07:15:22]   AUC broken_lcfs         : 0.6093
[2026-04-27 07:15:22]   AUC bad_black_core      : 0.9953
[2026-04-27 07:15:22]   AUC bad_nonconverged    : 0.9987
[2026-04-27 07:15:22]   objective      : 0.8419
[2026-04-27 07:15:22]   floor_ok       : True
[2026-04-27 07:15:22]   threshold      : 0.1728
[2026-04-27 07:15:22]   mu / sigma     : 0.000488525 / 0.000117799
[2026-04-27 07:15:22] Train time=569.0s, eval time=4.2s
