[2026-04-27 07:06:06] ============================================================
[2026-04-27 07:06:06] Trial 117 starting on cuda:0
[2026-04-27 07:06:06] Timestamp: 2026-04-27T07:06:06.044978
[2026-04-27 07:06:06] --- Config summary ---
  bottleneck_dim  : 234
  n_enc_layers    : 5
  n_dec_layers    : 2
  base_channels   : 24
  growth_factor   : 2.180820510453761
  use_batchnorm   : True
  use_hpf         : True
  hpf_sigma       : 1.0298233443679303
  lr              : 0.00028449761637841406
  batch_size      : 16
  max_epochs      : 300
  patience        : 30
  seed            : 42
  deterministic   : False
  trial_num       : 117
[2026-04-27 07:06:06] Loading train/val/selection splits...
[2026-04-27 07:07:05] Splits loaded in 59.3s: n_train=722, n_val=120, n_selection=405
[2026-04-27 07:07:06] --- Architecture summary ---
  channels per enc layer : [24, 52, 114, 249, 543]
  final spatial size     : 8x8
  flat size before latent: 34752
  bottleneck_dim         : 234
  total parameters       : 25,393,618
[2026-04-27 07:07:06] Starting training: n_train=722, n_val=120, device=cuda:0
[2026-04-27 07:08:40] epoch    1/300 | train=0.003178 | val=0.002723 | best=0.002723@1 | patience=0/30 | time=93.92s *
[2026-04-27 07:08:43] epoch    2/300 | train=0.002187 | val=0.002070 | best=0.002070@2 | patience=0/30 | time=2.80s *
[2026-04-27 07:08:47] epoch    3/300 | train=0.001746 | val=0.001827 | best=0.001827@3 | patience=0/30 | time=2.93s *
[2026-04-27 07:08:50] epoch    4/300 | train=0.001521 | val=0.001456 | best=0.001456@4 | patience=0/30 | time=2.71s *
[2026-04-27 07:08:53] epoch    5/300 | train=0.001418 | val=0.001386 | best=0.001386@5 | patience=0/30 | time=2.71s *
[2026-04-27 07:08:56] epoch    6/300 | train=0.001382 | val=0.001531 | best=0.001386@5 | patience=1/30 | time=2.74s
[2026-04-27 07:08:59] epoch    7/300 | train=0.001350 | val=0.001369 | best=0.001369@7 | patience=0/30 | time=2.71s *
[2026-04-27 07:09:02] epoch    8/300 | train=0.001333 | val=0.001334 | best=0.001334@8 | patience=0/30 | time=2.74s *
[2026-04-27 07:09:06] epoch    9/300 | train=0.001303 | val=0.001307 | best=0.001307@9 | patience=0/30 | time=2.95s *
[2026-04-27 07:09:09] epoch   10/300 | train=0.001285 | val=0.001297 | best=0.001297@10 | patience=0/30 | time=2.71s *
[2026-04-27 07:09:12] epoch   11/300 | train=0.001290 | val=0.001286 | best=0.001286@11 | patience=0/30 | time=2.77s *
[2026-04-27 07:09:15] epoch   12/300 | train=0.001280 | val=0.001288 | best=0.001286@11 | patience=1/30 | time=2.71s
[2026-04-27 07:09:18] epoch   13/300 | train=0.001276 | val=0.001283 | best=0.001283@13 | patience=0/30 | time=2.71s *
[2026-04-27 07:09:22] epoch   14/300 | train=0.001274 | val=0.001263 | best=0.001263@14 | patience=0/30 | time=2.93s *
[2026-04-27 07:09:25] epoch   15/300 | train=0.001263 | val=0.001274 | best=0.001263@14 | patience=1/30 | time=2.71s
[2026-04-27 07:09:28] epoch   16/300 | train=0.001273 | val=0.001262 | best=0.001262@16 | patience=0/30 | time=2.82s *
[2026-04-27 07:09:31] epoch   17/300 | train=0.001245 | val=0.001271 | best=0.001262@16 | patience=1/30 | time=2.71s
[2026-04-27 07:09:34] epoch   18/300 | train=0.001251 | val=0.001266 | best=0.001262@16 | patience=2/30 | time=2.73s
[2026-04-27 07:09:37] epoch   19/300 | train=0.001228 | val=0.001223 | best=0.001223@19 | patience=0/30 | time=2.75s *
[2026-04-27 07:09:40] epoch   20/300 | train=0.001219 | val=0.001286 | best=0.001223@19 | patience=1/30 | time=2.71s
[2026-04-27 07:09:43] epoch   21/300 | train=0.001224 | val=0.001265 | best=0.001223@19 | patience=2/30 | time=2.95s
[2026-04-27 07:09:46] epoch   22/300 | train=0.001195 | val=0.001191 | best=0.001191@22 | patience=0/30 | time=2.71s *
[2026-04-27 07:09:49] epoch   23/300 | train=0.001181 | val=0.001236 | best=0.001191@22 | patience=1/30 | time=2.77s
[2026-04-27 07:09:52] epoch   24/300 | train=0.001179 | val=0.001186 | best=0.001186@24 | patience=0/30 | time=2.71s *
[2026-04-27 07:09:55] epoch   25/300 | train=0.001164 | val=0.001166 | best=0.001166@25 | patience=0/30 | time=2.71s *
[2026-04-27 07:09:58] epoch   26/300 | train=0.001148 | val=0.001323 | best=0.001166@25 | patience=1/30 | time=2.93s
[2026-04-27 07:10:01] epoch   27/300 | train=0.001160 | val=0.001155 | best=0.001155@27 | patience=0/30 | time=2.71s *
[2026-04-27 07:10:04] epoch   28/300 | train=0.001124 | val=0.001185 | best=0.001155@27 | patience=1/30 | time=2.85s
[2026-04-27 07:10:08] epoch   29/300 | train=0.001118 | val=0.001149 | best=0.001149@29 | patience=0/30 | time=2.71s *
[2026-04-27 07:10:11] epoch   30/300 | train=0.001103 | val=0.001113 | best=0.001113@30 | patience=0/30 | time=2.72s *
[2026-04-27 07:10:15] epoch   31/300 | train=0.001087 | val=0.001102 | best=0.001102@31 | patience=0/30 | time=2.75s *
[2026-04-27 07:10:18] epoch   32/300 | train=0.001078 | val=0.001087 | best=0.001087@32 | patience=0/30 | time=2.97s *
[2026-04-27 07:10:21] epoch   33/300 | train=0.001059 | val=0.001063 | best=0.001063@33 | patience=0/30 | time=2.71s *
[2026-04-27 07:10:24] epoch   34/300 | train=0.001051 | val=0.001170 | best=0.001063@33 | patience=1/30 | time=2.80s
[2026-04-27 07:10:27] epoch   35/300 | train=0.001051 | val=0.001055 | best=0.001055@35 | patience=0/30 | time=2.73s *
[2026-04-27 07:10:31] epoch   36/300 | train=0.001027 | val=0.001048 | best=0.001048@36 | patience=0/30 | time=2.74s *
[2026-04-27 07:10:34] epoch   37/300 | train=0.001014 | val=0.001036 | best=0.001036@37 | patience=0/30 | time=2.96s *
[2026-04-27 07:10:37] epoch   38/300 | train=0.000998 | val=0.001091 | best=0.001036@37 | patience=1/30 | time=2.73s
[2026-04-27 07:10:40] epoch   39/300 | train=0.001019 | val=0.001023 | best=0.001023@39 | patience=0/30 | time=2.85s *
[2026-04-27 07:10:43] epoch   40/300 | train=0.000977 | val=0.001060 | best=0.001023@39 | patience=1/30 | time=2.73s
[2026-04-27 07:10:46] epoch   41/300 | train=0.000970 | val=0.001009 | best=0.001009@41 | patience=0/30 | time=2.74s *
[2026-04-27 07:10:50] epoch   42/300 | train=0.000957 | val=0.000995 | best=0.000995@42 | patience=0/30 | time=2.76s *
[2026-04-27 07:10:53] epoch   43/300 | train=0.000947 | val=0.000993 | best=0.000993@43 | patience=0/30 | time=2.73s *
[2026-04-27 07:10:56] epoch   44/300 | train=0.000940 | val=0.000974 | best=0.000974@44 | patience=0/30 | time=2.97s *
[2026-04-27 07:10:59] epoch   45/300 | train=0.000925 | val=0.000993 | best=0.000974@44 | patience=1/30 | time=2.81s
[2026-04-27 07:11:02] epoch   46/300 | train=0.000923 | val=0.000969 | best=0.000969@46 | patience=0/30 | time=2.75s *
[2026-04-27 07:11:05] epoch   47/300 | train=0.000908 | val=0.001076 | best=0.000969@46 | patience=1/30 | time=2.72s
[2026-04-27 07:11:08] epoch   48/300 | train=0.000913 | val=0.000968 | best=0.000969@46 | patience=2/30 | time=2.72s
[2026-04-27 07:11:12] epoch   49/300 | train=0.000896 | val=0.000950 | best=0.000950@49 | patience=0/30 | time=2.95s *
[2026-04-27 07:11:15] epoch   50/300 | train=0.000885 | val=0.000938 | best=0.000938@50 | patience=0/30 | time=2.83s *
[2026-04-27 07:11:18] epoch   51/300 | train=0.000876 | val=0.000940 | best=0.000938@50 | patience=1/30 | time=2.72s
[2026-04-27 07:11:21] epoch   52/300 | train=0.000871 | val=0.000948 | best=0.000938@50 | patience=2/30 | time=2.75s
[2026-04-27 07:11:23] epoch   53/300 | train=0.000860 | val=0.000944 | best=0.000938@50 | patience=3/30 | time=2.72s
[2026-04-27 07:11:27] epoch   54/300 | train=0.000850 | val=0.000935 | best=0.000935@54 | patience=0/30 | time=2.74s *
[2026-04-27 07:11:30] epoch   55/300 | train=0.000839 | val=0.000938 | best=0.000935@54 | patience=1/30 | time=2.96s
[2026-04-27 07:11:33] epoch   56/300 | train=0.000836 | val=0.000915 | best=0.000915@56 | patience=0/30 | time=2.72s *
[2026-04-27 07:11:36] epoch   57/300 | train=0.000822 | val=0.000913 | best=0.000913@57 | patience=0/30 | time=2.78s *
[2026-04-27 07:11:39] epoch   58/300 | train=0.000822 | val=0.000904 | best=0.000904@58 | patience=0/30 | time=2.72s *
[2026-04-27 07:11:42] epoch   59/300 | train=0.000809 | val=0.000907 | best=0.000904@58 | patience=1/30 | time=2.73s
[2026-04-27 07:11:46] epoch   60/300 | train=0.000802 | val=0.000898 | best=0.000898@60 | patience=0/30 | time=2.73s *
[2026-04-27 07:11:49] epoch   61/300 | train=0.000806 | val=0.000890 | best=0.000890@61 | patience=0/30 | time=2.73s *
[2026-04-27 07:11:52] epoch   62/300 | train=0.000793 | val=0.000915 | best=0.000890@61 | patience=1/30 | time=2.84s
[2026-04-27 07:11:55] epoch   63/300 | train=0.000786 | val=0.000895 | best=0.000890@61 | patience=2/30 | time=2.72s
[2026-04-27 07:11:58] epoch   64/300 | train=0.000771 | val=0.000895 | best=0.000890@61 | patience=3/30 | time=2.75s
[2026-04-27 07:12:01] epoch   65/300 | train=0.000777 | val=0.000882 | best=0.000882@65 | patience=0/30 | time=2.73s *
[2026-04-27 07:12:04] epoch   66/300 | train=0.000760 | val=0.000875 | best=0.000875@66 | patience=0/30 | time=2.73s *
[2026-04-27 07:12:07] epoch   67/300 | train=0.000754 | val=0.000888 | best=0.000875@66 | patience=1/30 | time=2.97s
[2026-04-27 07:12:10] epoch   68/300 | train=0.000754 | val=0.000880 | best=0.000875@66 | patience=2/30 | time=2.78s
[2026-04-27 07:12:13] epoch   69/300 | train=0.000739 | val=0.000882 | best=0.000875@66 | patience=3/30 | time=2.72s
[2026-04-27 07:12:16] epoch   70/300 | train=0.000732 | val=0.000870 | best=0.000870@70 | patience=0/30 | time=2.72s *
[2026-04-27 07:12:19] epoch   71/300 | train=0.000737 | val=0.000873 | best=0.000870@70 | patience=1/30 | time=2.72s
[2026-04-27 07:12:22] epoch   72/300 | train=0.000719 | val=0.000899 | best=0.000870@70 | patience=2/30 | time=2.93s
[2026-04-27 07:12:25] epoch   73/300 | train=0.000721 | val=0.000860 | best=0.000860@73 | patience=0/30 | time=2.72s *
[2026-04-27 07:12:28] epoch   74/300 | train=0.000708 | val=0.000875 | best=0.000860@73 | patience=1/30 | time=2.83s
[2026-04-27 07:12:31] epoch   75/300 | train=0.000705 | val=0.000878 | best=0.000860@73 | patience=2/30 | time=2.74s
[2026-04-27 07:12:34] epoch   76/300 | train=0.000710 | val=0.000881 | best=0.000860@73 | patience=3/30 | time=2.76s
[2026-04-27 07:12:37] epoch   77/300 | train=0.000702 | val=0.000880 | best=0.000860@73 | patience=4/30 | time=2.74s
[2026-04-27 07:12:40] epoch   78/300 | train=0.000696 | val=0.000871 | best=0.000860@73 | patience=5/30 | time=2.74s
[2026-04-27 07:12:43] epoch   79/300 | train=0.000695 | val=0.000871 | best=0.000860@73 | patience=6/30 | time=2.98s
[2026-04-27 07:12:46] epoch   80/300 | train=0.000676 | val=0.000886 | best=0.000860@73 | patience=7/30 | time=2.73s
[2026-04-27 07:12:48] epoch   81/300 | train=0.000686 | val=0.000866 | best=0.000860@73 | patience=8/30 | time=2.80s
[2026-04-27 07:12:52] epoch   82/300 | train=0.000669 | val=0.000856 | best=0.000856@82 | patience=0/30 | time=2.74s *
[2026-04-27 07:12:55] epoch   83/300 | train=0.000653 | val=0.000947 | best=0.000856@82 | patience=1/30 | time=2.74s
[2026-04-27 07:12:57] epoch   84/300 | train=0.000702 | val=0.000880 | best=0.000856@82 | patience=2/30 | time=2.74s
[2026-04-27 07:13:01] epoch   85/300 | train=0.000677 | val=0.000871 | best=0.000856@82 | patience=3/30 | time=2.96s
[2026-04-27 07:13:04] epoch   86/300 | train=0.000656 | val=0.000862 | best=0.000856@82 | patience=4/30 | time=2.85s
[2026-04-27 07:13:06] epoch   87/300 | train=0.000642 | val=0.000879 | best=0.000856@82 | patience=5/30 | time=2.72s
[2026-04-27 07:13:09] epoch   88/300 | train=0.000647 | val=0.000876 | best=0.000856@82 | patience=6/30 | time=2.74s
[2026-04-27 07:13:12] epoch   89/300 | train=0.000634 | val=0.000857 | best=0.000856@82 | patience=7/30 | time=2.71s
[2026-04-27 07:13:15] epoch   90/300 | train=0.000619 | val=0.000867 | best=0.000856@82 | patience=8/30 | time=2.75s
[2026-04-27 07:13:18] epoch   91/300 | train=0.000619 | val=0.000857 | best=0.000856@82 | patience=9/30 | time=2.72s
[2026-04-27 07:13:21] epoch   92/300 | train=0.000610 | val=0.000871 | best=0.000856@82 | patience=10/30 | time=2.96s
[2026-04-27 07:13:24] epoch   93/300 | train=0.000618 | val=0.000875 | best=0.000856@82 | patience=11/30 | time=2.77s
[2026-04-27 07:13:27] epoch   94/300 | train=0.000611 | val=0.000856 | best=0.000856@82 | patience=12/30 | time=2.73s
[2026-04-27 07:13:29] epoch   95/300 | train=0.000599 | val=0.000864 | best=0.000856@82 | patience=13/30 | time=2.74s
[2026-04-27 07:13:32] epoch   96/300 | train=0.000590 | val=0.000865 | best=0.000856@82 | patience=14/30 | time=2.74s
[2026-04-27 07:13:35] epoch   97/300 | train=0.000592 | val=0.000874 | best=0.000856@82 | patience=15/30 | time=2.74s
[2026-04-27 07:13:39] epoch   98/300 | train=0.000584 | val=0.000857 | best=0.000856@82 | patience=16/30 | time=2.74s
[2026-04-27 07:13:42] epoch   99/300 | train=0.000571 | val=0.000859 | best=0.000856@82 | patience=17/30 | time=2.87s
[2026-04-27 07:13:45] epoch  100/300 | train=0.000563 | val=0.000863 | best=0.000856@82 | patience=18/30 | time=2.74s
[2026-04-27 07:13:48] epoch  101/300 | train=0.000565 | val=0.000856 | best=0.000856@82 | patience=19/30 | time=2.77s
[2026-04-27 07:13:51] epoch  102/300 | train=0.000559 | val=0.000866 | best=0.000856@82 | patience=20/30 | time=2.74s
[2026-04-27 07:13:54] epoch  103/300 | train=0.000555 | val=0.000851 | best=0.000851@103 | patience=0/30 | time=2.77s *
[2026-04-27 07:13:57] epoch  104/300 | train=0.000547 | val=0.000875 | best=0.000851@103 | patience=1/30 | time=2.99s
[2026-04-27 07:14:00] epoch  105/300 | train=0.000542 | val=0.000863 | best=0.000851@103 | patience=2/30 | time=2.74s
[2026-04-27 07:14:03] epoch  106/300 | train=0.000537 | val=0.000863 | best=0.000851@103 | patience=3/30 | time=2.80s
[2026-04-27 07:14:06] epoch  107/300 | train=0.000533 | val=0.000870 | best=0.000851@103 | patience=4/30 | time=2.74s
[2026-04-27 07:14:08] epoch  108/300 | train=0.000530 | val=0.000853 | best=0.000851@103 | patience=5/30 | time=2.73s
[2026-04-27 07:14:11] epoch  109/300 | train=0.000520 | val=0.000872 | best=0.000851@103 | patience=6/30 | time=2.72s
[2026-04-27 07:14:14] epoch  110/300 | train=0.000521 | val=0.000884 | best=0.000851@103 | patience=7/30 | time=2.94s
[2026-04-27 07:14:17] epoch  111/300 | train=0.000515 | val=0.000876 | best=0.000851@103 | patience=8/30 | time=2.72s
[2026-04-27 07:14:20] epoch  112/300 | train=0.000511 | val=0.000879 | best=0.000851@103 | patience=9/30 | time=2.83s
[2026-04-27 07:14:23] epoch  113/300 | train=0.000507 | val=0.000868 | best=0.000851@103 | patience=10/30 | time=2.72s
[2026-04-27 07:14:26] epoch  114/300 | train=0.000493 | val=0.000860 | best=0.000851@103 | patience=11/30 | time=2.74s
[2026-04-27 07:14:29] epoch  115/300 | train=0.000494 | val=0.000868 | best=0.000851@103 | patience=12/30 | time=2.72s
[2026-04-27 07:14:32] epoch  116/300 | train=0.000494 | val=0.000878 | best=0.000851@103 | patience=13/30 | time=2.75s
[2026-04-27 07:14:35] epoch  117/300 | train=0.000483 | val=0.000875 | best=0.000851@103 | patience=14/30 | time=2.96s
[2026-04-27 07:14:38] epoch  118/300 | train=0.000470 | val=0.000869 | best=0.000851@103 | patience=15/30 | time=2.72s
[2026-04-27 07:14:40] epoch  119/300 | train=0.000480 | val=0.000867 | best=0.000851@103 | patience=16/30 | time=2.78s
[2026-04-27 07:14:43] epoch  120/300 | train=0.000482 | val=0.000867 | best=0.000851@103 | patience=17/30 | time=2.71s
[2026-04-27 07:14:46] epoch  121/300 | train=0.000467 | val=0.000869 | best=0.000851@103 | patience=18/30 | time=2.72s
[2026-04-27 07:14:49] epoch  122/300 | train=0.000460 | val=0.000874 | best=0.000851@103 | patience=19/30 | time=2.72s
[2026-04-27 07:14:52] epoch  123/300 | train=0.000467 | val=0.000862 | best=0.000851@103 | patience=20/30 | time=2.93s
[2026-04-27 07:14:55] epoch  124/300 | train=0.000454 | val=0.000890 | best=0.000851@103 | patience=21/30 | time=2.83s
[2026-04-27 07:14:58] epoch  125/300 | train=0.000460 | val=0.000876 | best=0.000851@103 | patience=22/30 | time=2.72s
[2026-04-27 07:15:01] epoch  126/300 | train=0.000450 | val=0.000881 | best=0.000851@103 | patience=23/30 | time=2.72s
[2026-04-27 07:15:04] epoch  127/300 | train=0.000446 | val=0.000870 | best=0.000851@103 | patience=24/30 | time=2.72s
[2026-04-27 07:15:06] epoch  128/300 | train=0.000433 | val=0.000889 | best=0.000851@103 | patience=25/30 | time=2.75s
[2026-04-27 07:15:09] epoch  129/300 | train=0.000439 | val=0.000916 | best=0.000851@103 | patience=26/30 | time=2.72s
[2026-04-27 07:15:12] epoch  130/300 | train=0.000483 | val=0.000891 | best=0.000851@103 | patience=27/30 | time=3.02s
[2026-04-27 07:15:15] epoch  131/300 | train=0.000451 | val=0.000866 | best=0.000851@103 | patience=28/30 | time=2.71s
[2026-04-27 07:15:18] epoch  132/300 | train=0.000437 | val=0.000888 | best=0.000851@103 | patience=29/30 | time=2.77s
[2026-04-27 07:15:21] epoch  133/300 | train=0.000435 | val=0.000874 | best=0.000851@103 | patience=30/30 | time=2.71s
[2026-04-27 07:15:21]   early stopping at epoch 133 (no improvement for 30 epochs)
[2026-04-27 07:15:21] Training done: stop_reason=early_stop, total_epochs=133, best_epoch=103, best_val=0.000851
[2026-04-27 07:15:21] Reloading best checkpoint (epoch 103) for evaluation
[2026-04-27 07:15:31] ------------------------------------------------------------
[2026-04-27 07:15:31] Evaluation:
[2026-04-27 07:15:31]   AUC broken_lcfs         : 0.5960
[2026-04-27 07:15:31]   AUC bad_black_core      : 0.9968
[2026-04-27 07:15:31]   AUC bad_nonconverged    : 0.9987
[2026-04-27 07:15:31]   objective      : 0.8370
[2026-04-27 07:15:31]   floor_ok       : True
[2026-04-27 07:15:31]   threshold      : 0.1256
[2026-04-27 07:15:31]   mu / sigma     : 0.000544438 / 0.000136861
[2026-04-27 07:15:31] Train time=495.5s, eval time=9.3s
