[2026-04-27 03:37:03] ============================================================
[2026-04-27 03:37:03] Trial 69 starting on cuda:0
[2026-04-27 03:37:03] Timestamp: 2026-04-27T03:37:03.048375
[2026-04-27 03:37:03] --- Config summary ---
  bottleneck_dim  : 170
  n_enc_layers    : 5
  n_dec_layers    : 5
  base_channels   : 37
  growth_factor   : 1.5423636305785342
  use_batchnorm   : True
  use_hpf         : True
  hpf_sigma       : 1.1217772324077675
  lr              : 1.0491812281145558e-05
  batch_size      : 48
  max_epochs      : 300
  patience        : 30
  seed            : 42
  deterministic   : False
  trial_num       : 69
[2026-04-27 03:37:03] Loading train/val/selection splits...
[2026-04-27 03:38:01] Splits loaded in 58.8s: n_train=722, n_val=120, n_selection=405
[2026-04-27 03:38:02] --- Architecture summary ---
  channels per enc layer : [37, 57, 88, 136, 209]
  final spatial size     : 8x8
  flat size before latent: 13376
  bottleneck_dim         : 170
  total parameters       : 8,503,082
[2026-04-27 03:38:02] Starting training: n_train=722, n_val=120, device=cuda:0
[2026-04-27 03:40:44] epoch    1/300 | train=0.011128 | val=0.005318 | best=0.005318@1 | patience=0/30 | time=161.84s *
[2026-04-27 03:40:49] epoch    2/300 | train=0.007282 | val=0.005273 | best=0.005273@2 | patience=0/30 | time=4.31s *
[2026-04-27 03:40:54] epoch    3/300 | train=0.006085 | val=0.005239 | best=0.005239@3 | patience=0/30 | time=4.30s *
[2026-04-27 03:40:59] epoch    4/300 | train=0.005592 | val=0.005275 | best=0.005239@3 | patience=1/30 | time=4.57s
[2026-04-27 03:41:03] epoch    5/300 | train=0.005352 | val=0.005312 | best=0.005239@3 | patience=2/30 | time=4.32s
[2026-04-27 03:41:08] epoch    6/300 | train=0.005186 | val=0.005187 | best=0.005187@6 | patience=0/30 | time=4.27s *
[2026-04-27 03:41:13] epoch    7/300 | train=0.005018 | val=0.005025 | best=0.005025@7 | patience=0/30 | time=4.65s *
[2026-04-27 03:41:17] epoch    8/300 | train=0.004780 | val=0.004769 | best=0.004769@8 | patience=0/30 | time=4.30s *
[2026-04-27 03:41:22] epoch    9/300 | train=0.004411 | val=0.004347 | best=0.004347@9 | patience=0/30 | time=4.30s *
[2026-04-27 03:41:27] epoch   10/300 | train=0.003974 | val=0.003891 | best=0.003891@10 | patience=0/30 | time=4.57s *
[2026-04-27 03:41:31] epoch   11/300 | train=0.003643 | val=0.003602 | best=0.003602@11 | patience=0/30 | time=4.32s *
[2026-04-27 03:41:36] epoch   12/300 | train=0.003449 | val=0.003429 | best=0.003429@12 | patience=0/30 | time=4.27s *
[2026-04-27 03:41:41] epoch   13/300 | train=0.003321 | val=0.003305 | best=0.003305@13 | patience=0/30 | time=4.38s *
[2026-04-27 03:41:45] epoch   14/300 | train=0.003215 | val=0.003199 | best=0.003199@14 | patience=0/30 | time=4.30s *
[2026-04-27 03:41:50] epoch   15/300 | train=0.003120 | val=0.003111 | best=0.003111@15 | patience=0/30 | time=4.30s *
[2026-04-27 03:41:55] epoch   16/300 | train=0.003046 | val=0.003043 | best=0.003043@16 | patience=0/30 | time=4.52s *
[2026-04-27 03:41:59] epoch   17/300 | train=0.002987 | val=0.002986 | best=0.002986@17 | patience=0/30 | time=4.32s *
[2026-04-27 03:42:04] epoch   18/300 | train=0.002936 | val=0.002938 | best=0.002938@18 | patience=0/30 | time=4.27s *
[2026-04-27 03:42:09] epoch   19/300 | train=0.002886 | val=0.002887 | best=0.002887@19 | patience=0/30 | time=4.63s *
[2026-04-27 03:42:13] epoch   20/300 | train=0.002837 | val=0.002842 | best=0.002842@20 | patience=0/30 | time=4.30s *
[2026-04-27 03:42:18] epoch   21/300 | train=0.002791 | val=0.002792 | best=0.002792@21 | patience=0/30 | time=4.30s *
[2026-04-27 03:42:23] epoch   22/300 | train=0.002741 | val=0.002743 | best=0.002743@22 | patience=0/30 | time=4.52s *
[2026-04-27 03:42:27] epoch   23/300 | train=0.002690 | val=0.002695 | best=0.002695@23 | patience=0/30 | time=4.32s *
[2026-04-27 03:42:32] epoch   24/300 | train=0.002640 | val=0.002646 | best=0.002646@24 | patience=0/30 | time=4.27s *
[2026-04-27 03:42:37] epoch   25/300 | train=0.002587 | val=0.002590 | best=0.002590@25 | patience=0/30 | time=4.41s *
[2026-04-27 03:42:42] epoch   26/300 | train=0.002532 | val=0.002541 | best=0.002541@26 | patience=0/30 | time=4.30s *
[2026-04-27 03:42:46] epoch   27/300 | train=0.002481 | val=0.002487 | best=0.002487@27 | patience=0/30 | time=4.30s *
[2026-04-27 03:42:51] epoch   28/300 | train=0.002424 | val=0.002431 | best=0.002431@28 | patience=0/30 | time=4.51s *
[2026-04-27 03:42:56] epoch   29/300 | train=0.002369 | val=0.002375 | best=0.002375@29 | patience=0/30 | time=4.32s *
[2026-04-27 03:43:00] epoch   30/300 | train=0.002316 | val=0.002322 | best=0.002322@30 | patience=0/30 | time=4.27s *
[2026-04-27 03:43:05] epoch   31/300 | train=0.002259 | val=0.002261 | best=0.002261@31 | patience=0/30 | time=4.61s *
[2026-04-27 03:43:10] epoch   32/300 | train=0.002201 | val=0.002205 | best=0.002205@32 | patience=0/30 | time=4.30s *
[2026-04-27 03:43:14] epoch   33/300 | train=0.002147 | val=0.002153 | best=0.002153@33 | patience=0/30 | time=4.31s *
[2026-04-27 03:43:19] epoch   34/300 | train=0.002092 | val=0.002095 | best=0.002095@34 | patience=0/30 | time=4.57s *
[2026-04-27 03:43:24] epoch   35/300 | train=0.002041 | val=0.002047 | best=0.002047@35 | patience=0/30 | time=4.32s *
[2026-04-27 03:43:28] epoch   36/300 | train=0.001999 | val=0.002002 | best=0.002002@36 | patience=0/30 | time=4.27s *
[2026-04-27 03:43:33] epoch   37/300 | train=0.001954 | val=0.001960 | best=0.001960@37 | patience=0/30 | time=4.41s *
[2026-04-27 03:43:38] epoch   38/300 | train=0.001911 | val=0.001941 | best=0.001941@38 | patience=0/30 | time=4.30s *
[2026-04-27 03:43:42] epoch   39/300 | train=0.001900 | val=0.001906 | best=0.001906@39 | patience=0/30 | time=4.32s *
[2026-04-27 03:43:47] epoch   40/300 | train=0.001854 | val=0.001862 | best=0.001862@40 | patience=0/30 | time=4.52s *
[2026-04-27 03:43:52] epoch   41/300 | train=0.001822 | val=0.001832 | best=0.001832@41 | patience=0/30 | time=4.31s *
[2026-04-27 03:43:56] epoch   42/300 | train=0.001796 | val=0.001811 | best=0.001811@42 | patience=0/30 | time=4.28s *
[2026-04-27 03:44:01] epoch   43/300 | train=0.001774 | val=0.001782 | best=0.001782@43 | patience=0/30 | time=4.60s *
[2026-04-27 03:44:06] epoch   44/300 | train=0.001749 | val=0.001761 | best=0.001761@44 | patience=0/30 | time=4.30s *
[2026-04-27 03:44:10] epoch   45/300 | train=0.001729 | val=0.001764 | best=0.001761@44 | patience=1/30 | time=4.31s
[2026-04-27 03:44:15] epoch   46/300 | train=0.001736 | val=0.001737 | best=0.001737@46 | patience=0/30 | time=4.54s *
[2026-04-27 03:44:20] epoch   47/300 | train=0.001704 | val=0.001717 | best=0.001717@47 | patience=0/30 | time=4.32s *
[2026-04-27 03:44:24] epoch   48/300 | train=0.001682 | val=0.001693 | best=0.001693@48 | patience=0/30 | time=4.27s *
[2026-04-27 03:44:29] epoch   49/300 | train=0.001663 | val=0.001679 | best=0.001679@49 | patience=0/30 | time=4.61s *
[2026-04-27 03:44:34] epoch   50/300 | train=0.001648 | val=0.001664 | best=0.001664@50 | patience=0/30 | time=4.30s *
[2026-04-27 03:44:38] epoch   51/300 | train=0.001635 | val=0.001650 | best=0.001650@51 | patience=0/30 | time=4.30s *
[2026-04-27 03:44:43] epoch   52/300 | train=0.001622 | val=0.001640 | best=0.001640@52 | patience=0/30 | time=4.52s *
[2026-04-27 03:44:48] epoch   53/300 | train=0.001615 | val=0.001630 | best=0.001630@53 | patience=0/30 | time=4.32s *
[2026-04-27 03:44:52] epoch   54/300 | train=0.001602 | val=0.001617 | best=0.001617@54 | patience=0/30 | time=4.27s *
[2026-04-27 03:44:57] epoch   55/300 | train=0.001589 | val=0.001606 | best=0.001606@55 | patience=0/30 | time=4.60s *
[2026-04-27 03:45:02] epoch   56/300 | train=0.001580 | val=0.001592 | best=0.001592@56 | patience=0/30 | time=4.30s *
[2026-04-27 03:45:06] epoch   57/300 | train=0.001567 | val=0.001588 | best=0.001588@57 | patience=0/30 | time=4.30s *
[2026-04-27 03:45:11] epoch   58/300 | train=0.001560 | val=0.001578 | best=0.001578@58 | patience=0/30 | time=4.52s *
[2026-04-27 03:45:16] epoch   59/300 | train=0.001550 | val=0.001569 | best=0.001569@59 | patience=0/30 | time=4.32s *
[2026-04-27 03:45:20] epoch   60/300 | train=0.001542 | val=0.001561 | best=0.001561@60 | patience=0/30 | time=4.27s *
[2026-04-27 03:45:25] epoch   61/300 | train=0.001536 | val=0.001554 | best=0.001554@61 | patience=0/30 | time=4.38s *
[2026-04-27 03:45:30] epoch   62/300 | train=0.001530 | val=0.001545 | best=0.001545@62 | patience=0/30 | time=4.29s *
[2026-04-27 03:45:34] epoch   63/300 | train=0.001523 | val=0.001542 | best=0.001542@63 | patience=0/30 | time=4.30s *
[2026-04-27 03:45:39] epoch   64/300 | train=0.001515 | val=0.001544 | best=0.001542@63 | patience=1/30 | time=4.52s
[2026-04-27 03:45:44] epoch   65/300 | train=0.001514 | val=0.001526 | best=0.001526@65 | patience=0/30 | time=4.32s *
[2026-04-27 03:45:48] epoch   66/300 | train=0.001501 | val=0.001521 | best=0.001521@66 | patience=0/30 | time=4.27s *
[2026-04-27 03:45:53] epoch   67/300 | train=0.001495 | val=0.001515 | best=0.001515@67 | patience=0/30 | time=4.61s *
[2026-04-27 03:45:58] epoch   68/300 | train=0.001492 | val=0.001507 | best=0.001507@68 | patience=0/30 | time=4.30s *
[2026-04-27 03:46:02] epoch   69/300 | train=0.001483 | val=0.001517 | best=0.001507@68 | patience=1/30 | time=4.30s
[2026-04-27 03:46:07] epoch   70/300 | train=0.001489 | val=0.001504 | best=0.001504@70 | patience=0/30 | time=4.57s *
[2026-04-27 03:46:12] epoch   71/300 | train=0.001477 | val=0.001496 | best=0.001496@71 | patience=0/30 | time=4.31s *
[2026-04-27 03:46:16] epoch   72/300 | train=0.001467 | val=0.001502 | best=0.001496@71 | patience=1/30 | time=4.27s
[2026-04-27 03:46:21] epoch   73/300 | train=0.001472 | val=0.001485 | best=0.001485@73 | patience=0/30 | time=4.61s *
[2026-04-27 03:46:26] epoch   74/300 | train=0.001459 | val=0.001482 | best=0.001482@74 | patience=0/30 | time=4.30s *
[2026-04-27 03:46:30] epoch   75/300 | train=0.001457 | val=0.001481 | best=0.001482@74 | patience=1/30 | time=4.31s
[2026-04-27 03:46:35] epoch   76/300 | train=0.001453 | val=0.001472 | best=0.001472@76 | patience=0/30 | time=4.51s *
[2026-04-27 03:46:39] epoch   77/300 | train=0.001446 | val=0.001468 | best=0.001468@77 | patience=0/30 | time=4.32s *
[2026-04-27 03:46:44] epoch   78/300 | train=0.001446 | val=0.001464 | best=0.001464@78 | patience=0/30 | time=4.27s *
[2026-04-27 03:46:49] epoch   79/300 | train=0.001441 | val=0.001460 | best=0.001460@79 | patience=0/30 | time=4.48s *
[2026-04-27 03:46:54] epoch   80/300 | train=0.001432 | val=0.001458 | best=0.001458@80 | patience=0/30 | time=4.29s *
[2026-04-27 03:46:59] epoch   81/300 | train=0.001433 | val=0.001487 | best=0.001458@80 | patience=1/30 | time=4.30s
[2026-04-27 03:47:03] epoch   82/300 | train=0.001449 | val=0.001459 | best=0.001458@80 | patience=2/30 | time=4.57s
[2026-04-27 03:47:08] epoch   83/300 | train=0.001430 | val=0.001477 | best=0.001458@80 | patience=3/30 | time=4.32s
[2026-04-27 03:47:12] epoch   84/300 | train=0.001455 | val=0.001453 | best=0.001453@84 | patience=0/30 | time=4.27s *
[2026-04-27 03:47:17] epoch   85/300 | train=0.001427 | val=0.001446 | best=0.001446@85 | patience=0/30 | time=4.49s *
[2026-04-27 03:47:22] epoch   86/300 | train=0.001416 | val=0.001438 | best=0.001438@86 | patience=0/30 | time=4.39s *
[2026-04-27 03:47:26] epoch   87/300 | train=0.001414 | val=0.001453 | best=0.001438@86 | patience=1/30 | time=4.30s
[2026-04-27 03:47:31] epoch   88/300 | train=0.001424 | val=0.001433 | best=0.001433@88 | patience=0/30 | time=4.56s *
[2026-04-27 03:47:36] epoch   89/300 | train=0.001404 | val=0.001427 | best=0.001427@89 | patience=0/30 | time=4.32s *
[2026-04-27 03:47:40] epoch   90/300 | train=0.001400 | val=0.001433 | best=0.001427@89 | patience=1/30 | time=4.27s
[2026-04-27 03:47:45] epoch   91/300 | train=0.001400 | val=0.001422 | best=0.001422@91 | patience=0/30 | time=4.54s *
[2026-04-27 03:47:50] epoch   92/300 | train=0.001398 | val=0.001419 | best=0.001419@92 | patience=0/30 | time=4.44s *
[2026-04-27 03:47:54] epoch   93/300 | train=0.001393 | val=0.001417 | best=0.001417@93 | patience=0/30 | time=4.31s *
[2026-04-27 03:47:59] epoch   94/300 | train=0.001391 | val=0.001410 | best=0.001410@94 | patience=0/30 | time=4.57s *
[2026-04-27 03:48:04] epoch   95/300 | train=0.001385 | val=0.001411 | best=0.001410@94 | patience=1/30 | time=4.32s
[2026-04-27 03:48:08] epoch   96/300 | train=0.001389 | val=0.001406 | best=0.001406@96 | patience=0/30 | time=4.27s *
[2026-04-27 03:48:13] epoch   97/300 | train=0.001376 | val=0.001401 | best=0.001401@97 | patience=0/30 | time=4.54s *
[2026-04-27 03:48:18] epoch   98/300 | train=0.001375 | val=0.001405 | best=0.001401@97 | patience=1/30 | time=4.42s
[2026-04-27 03:48:22] epoch   99/300 | train=0.001375 | val=0.001398 | best=0.001398@99 | patience=0/30 | time=4.30s *
[2026-04-27 03:48:27] epoch  100/300 | train=0.001369 | val=0.001397 | best=0.001398@99 | patience=1/30 | time=4.51s
[2026-04-27 03:48:31] epoch  101/300 | train=0.001369 | val=0.001420 | best=0.001398@99 | patience=2/30 | time=4.32s
[2026-04-27 03:48:36] epoch  102/300 | train=0.001379 | val=0.001406 | best=0.001398@99 | patience=3/30 | time=4.27s
[2026-04-27 03:48:41] epoch  103/300 | train=0.001371 | val=0.001394 | best=0.001394@103 | patience=0/30 | time=4.49s *
[2026-04-27 03:48:45] epoch  104/300 | train=0.001364 | val=0.001390 | best=0.001390@104 | patience=0/30 | time=4.40s *
[2026-04-27 03:48:50] epoch  105/300 | train=0.001364 | val=0.001389 | best=0.001390@104 | patience=1/30 | time=4.33s
[2026-04-27 03:48:54] epoch  106/300 | train=0.001356 | val=0.001389 | best=0.001390@104 | patience=2/30 | time=4.53s
[2026-04-27 03:48:59] epoch  107/300 | train=0.001356 | val=0.001383 | best=0.001383@107 | patience=0/30 | time=4.32s *
[2026-04-27 03:49:04] epoch  108/300 | train=0.001352 | val=0.001375 | best=0.001375@108 | patience=0/30 | time=4.27s *
[2026-04-27 03:49:08] epoch  109/300 | train=0.001346 | val=0.001383 | best=0.001375@108 | patience=1/30 | time=4.50s
[2026-04-27 03:49:13] epoch  110/300 | train=0.001352 | val=0.001373 | best=0.001373@110 | patience=0/30 | time=4.40s *
[2026-04-27 03:49:18] epoch  111/300 | train=0.001342 | val=0.001370 | best=0.001370@111 | patience=0/30 | time=4.29s *
[2026-04-27 03:49:22] epoch  112/300 | train=0.001341 | val=0.001372 | best=0.001370@111 | patience=1/30 | time=4.52s
[2026-04-27 03:49:27] epoch  113/300 | train=0.001347 | val=0.001371 | best=0.001370@111 | patience=2/30 | time=4.32s
[2026-04-27 03:49:31] epoch  114/300 | train=0.001341 | val=0.001382 | best=0.001370@111 | patience=3/30 | time=4.27s
[2026-04-27 03:49:36] epoch  115/300 | train=0.001348 | val=0.001369 | best=0.001370@111 | patience=4/30 | time=4.48s
[2026-04-27 03:49:40] epoch  116/300 | train=0.001340 | val=0.001359 | best=0.001359@116 | patience=0/30 | time=4.37s *
[2026-04-27 03:49:45] epoch  117/300 | train=0.001328 | val=0.001363 | best=0.001359@116 | patience=1/30 | time=4.29s
[2026-04-27 03:49:49] epoch  118/300 | train=0.001330 | val=0.001370 | best=0.001359@116 | patience=2/30 | time=4.30s
[2026-04-27 03:49:54] epoch  119/300 | train=0.001344 | val=0.001364 | best=0.001359@116 | patience=3/30 | time=4.55s
[2026-04-27 03:49:59] epoch  120/300 | train=0.001332 | val=0.001356 | best=0.001356@120 | patience=0/30 | time=4.28s *
[2026-04-27 03:50:03] epoch  121/300 | train=0.001327 | val=0.001356 | best=0.001356@120 | patience=1/30 | time=4.50s
[2026-04-27 03:50:08] epoch  122/300 | train=0.001325 | val=0.001353 | best=0.001353@122 | patience=0/30 | time=4.41s *
[2026-04-27 03:50:12] epoch  123/300 | train=0.001319 | val=0.001353 | best=0.001353@122 | patience=1/30 | time=4.30s
[2026-04-27 03:50:17] epoch  124/300 | train=0.001316 | val=0.001348 | best=0.001348@124 | patience=0/30 | time=4.31s *
[2026-04-27 03:50:22] epoch  125/300 | train=0.001318 | val=0.001350 | best=0.001348@124 | patience=1/30 | time=4.57s
[2026-04-27 03:50:27] epoch  126/300 | train=0.001313 | val=0.001340 | best=0.001340@126 | patience=0/30 | time=4.28s *
[2026-04-27 03:50:32] epoch  127/300 | train=0.001307 | val=0.001341 | best=0.001340@126 | patience=1/30 | time=4.52s
[2026-04-27 03:50:36] epoch  128/300 | train=0.001308 | val=0.001454 | best=0.001340@126 | patience=2/30 | time=4.41s
[2026-04-27 03:50:41] epoch  129/300 | train=0.001414 | val=0.001384 | best=0.001340@126 | patience=3/30 | time=4.30s
[2026-04-27 03:50:45] epoch  130/300 | train=0.001359 | val=0.001358 | best=0.001340@126 | patience=4/30 | time=4.31s
[2026-04-27 03:50:50] epoch  131/300 | train=0.001326 | val=0.001344 | best=0.001340@126 | patience=5/30 | time=4.51s
[2026-04-27 03:50:54] epoch  132/300 | train=0.001308 | val=0.001336 | best=0.001336@132 | patience=0/30 | time=4.33s *
[2026-04-27 03:50:59] epoch  133/300 | train=0.001300 | val=0.001329 | best=0.001329@133 | patience=0/30 | time=4.49s *
[2026-04-27 03:51:04] epoch  134/300 | train=0.001304 | val=0.001330 | best=0.001329@133 | patience=1/30 | time=4.41s
[2026-04-27 03:51:08] epoch  135/300 | train=0.001298 | val=0.001327 | best=0.001327@135 | patience=0/30 | time=4.30s *
[2026-04-27 03:51:13] epoch  136/300 | train=0.001293 | val=0.001324 | best=0.001324@136 | patience=0/30 | time=4.30s *
[2026-04-27 03:51:18] epoch  137/300 | train=0.001290 | val=0.001321 | best=0.001321@137 | patience=0/30 | time=4.57s *
[2026-04-27 03:51:22] epoch  138/300 | train=0.001288 | val=0.001329 | best=0.001321@137 | patience=1/30 | time=4.31s
[2026-04-27 03:51:27] epoch  139/300 | train=0.001297 | val=0.001329 | best=0.001321@137 | patience=2/30 | time=4.28s
[2026-04-27 03:51:31] epoch  140/300 | train=0.001298 | val=0.001322 | best=0.001321@137 | patience=3/30 | time=4.62s
[2026-04-27 03:51:36] epoch  141/300 | train=0.001288 | val=0.001326 | best=0.001321@137 | patience=4/30 | time=4.31s
[2026-04-27 03:51:40] epoch  142/300 | train=0.001294 | val=0.001478 | best=0.001321@137 | patience=5/30 | time=4.31s
[2026-04-27 03:51:45] epoch  143/300 | train=0.001484 | val=0.001408 | best=0.001321@137 | patience=6/30 | time=4.52s
[2026-04-27 03:51:49] epoch  144/300 | train=0.001340 | val=0.001340 | best=0.001321@137 | patience=7/30 | time=4.32s
[2026-04-27 03:51:54] epoch  145/300 | train=0.001297 | val=0.001323 | best=0.001321@137 | patience=8/30 | time=4.27s
[2026-04-27 03:51:58] epoch  146/300 | train=0.001286 | val=0.001320 | best=0.001321@137 | patience=9/30 | time=4.49s
[2026-04-27 03:52:03] epoch  147/300 | train=0.001285 | val=0.001313 | best=0.001313@147 | patience=0/30 | time=4.40s *
[2026-04-27 03:52:08] epoch  148/300 | train=0.001278 | val=0.001307 | best=0.001307@148 | patience=0/30 | time=4.32s *
[2026-04-27 03:52:12] epoch  149/300 | train=0.001274 | val=0.001309 | best=0.001307@148 | patience=1/30 | time=4.57s
[2026-04-27 03:52:17] epoch  150/300 | train=0.001275 | val=0.001306 | best=0.001307@148 | patience=2/30 | time=4.32s
[2026-04-27 03:52:21] epoch  151/300 | train=0.001270 | val=0.001311 | best=0.001307@148 | patience=3/30 | time=4.28s
[2026-04-27 03:52:26] epoch  152/300 | train=0.001277 | val=0.001305 | best=0.001305@152 | patience=0/30 | time=4.54s *
[2026-04-27 03:52:31] epoch  153/300 | train=0.001269 | val=0.001300 | best=0.001300@153 | patience=0/30 | time=4.39s *
[2026-04-27 03:52:35] epoch  154/300 | train=0.001266 | val=0.001300 | best=0.001300@153 | patience=1/30 | time=4.33s
[2026-04-27 03:52:40] epoch  155/300 | train=0.001263 | val=0.001300 | best=0.001300@153 | patience=2/30 | time=4.52s
[2026-04-27 03:52:44] epoch  156/300 | train=0.001266 | val=0.001303 | best=0.001300@153 | patience=3/30 | time=4.33s
[2026-04-27 03:52:50] epoch  157/300 | train=0.001269 | val=0.001298 | best=0.001298@157 | patience=0/30 | time=4.27s *
[2026-04-27 03:52:55] epoch  158/300 | train=0.001261 | val=0.001294 | best=0.001294@158 | patience=0/30 | time=4.51s *
[2026-04-27 03:52:59] epoch  159/300 | train=0.001255 | val=0.001294 | best=0.001294@158 | patience=1/30 | time=4.39s
[2026-04-27 03:53:04] epoch  160/300 | train=0.001257 | val=0.001292 | best=0.001292@160 | patience=0/30 | time=4.33s *
[2026-04-27 03:53:08] epoch  161/300 | train=0.001257 | val=0.001293 | best=0.001292@160 | patience=1/30 | time=4.57s
[2026-04-27 03:53:13] epoch  162/300 | train=0.001256 | val=0.001288 | best=0.001288@162 | patience=0/30 | time=4.33s *
[2026-04-27 03:53:17] epoch  163/300 | train=0.001252 | val=0.001292 | best=0.001288@162 | patience=1/30 | time=4.28s
[2026-04-27 03:53:22] epoch  164/300 | train=0.001252 | val=0.001291 | best=0.001288@162 | patience=2/30 | time=4.49s
[2026-04-27 03:53:27] epoch  165/300 | train=0.001251 | val=0.001301 | best=0.001288@162 | patience=3/30 | time=4.39s
[2026-04-27 03:53:31] epoch  166/300 | train=0.001255 | val=0.001287 | best=0.001288@162 | patience=4/30 | time=4.31s
[2026-04-27 03:53:35] epoch  167/300 | train=0.001245 | val=0.001290 | best=0.001288@162 | patience=5/30 | time=4.31s
[2026-04-27 03:53:40] epoch  168/300 | train=0.001253 | val=0.001287 | best=0.001288@162 | patience=6/30 | time=4.59s
[2026-04-27 03:53:45] epoch  169/300 | train=0.001247 | val=0.001293 | best=0.001288@162 | patience=7/30 | time=4.27s
[2026-04-27 03:53:49] epoch  170/300 | train=0.001253 | val=0.001288 | best=0.001288@162 | patience=8/30 | time=4.50s
[2026-04-27 03:53:54] epoch  171/300 | train=0.001248 | val=0.001280 | best=0.001280@171 | patience=0/30 | time=4.41s *
[2026-04-27 03:53:58] epoch  172/300 | train=0.001241 | val=0.001296 | best=0.001280@171 | patience=1/30 | time=4.30s
[2026-04-27 03:54:03] epoch  173/300 | train=0.001257 | val=0.001286 | best=0.001280@171 | patience=2/30 | time=4.31s
[2026-04-27 03:54:08] epoch  174/300 | train=0.001242 | val=0.001283 | best=0.001280@171 | patience=3/30 | time=4.53s
[2026-04-27 03:54:12] epoch  175/300 | train=0.001241 | val=0.001281 | best=0.001280@171 | patience=4/30 | time=4.33s
[2026-04-27 03:54:17] epoch  176/300 | train=0.001243 | val=0.001280 | best=0.001280@171 | patience=5/30 | time=4.49s
[2026-04-27 03:54:21] epoch  177/300 | train=0.001242 | val=0.001282 | best=0.001280@171 | patience=6/30 | time=4.41s
[2026-04-27 03:54:26] epoch  178/300 | train=0.001239 | val=0.001280 | best=0.001280@171 | patience=7/30 | time=4.30s
[2026-04-27 03:54:30] epoch  179/300 | train=0.001236 | val=0.001276 | best=0.001276@179 | patience=0/30 | time=4.30s *
[2026-04-27 03:54:35] epoch  180/300 | train=0.001234 | val=0.001271 | best=0.001271@180 | patience=0/30 | time=4.52s *
[2026-04-27 03:54:40] epoch  181/300 | train=0.001231 | val=0.001272 | best=0.001271@180 | patience=1/30 | time=4.32s
[2026-04-27 03:54:44] epoch  182/300 | train=0.001231 | val=0.001267 | best=0.001267@182 | patience=0/30 | time=4.27s *
[2026-04-27 03:54:49] epoch  183/300 | train=0.001227 | val=0.001278 | best=0.001267@182 | patience=1/30 | time=4.41s
[2026-04-27 03:54:54] epoch  184/300 | train=0.001231 | val=0.001265 | best=0.001265@184 | patience=0/30 | time=4.30s *
[2026-04-27 03:54:58] epoch  185/300 | train=0.001224 | val=0.001271 | best=0.001265@184 | patience=1/30 | time=4.30s
[2026-04-27 03:55:03] epoch  186/300 | train=0.001223 | val=0.001266 | best=0.001265@184 | patience=2/30 | time=4.52s
[2026-04-27 03:55:07] epoch  187/300 | train=0.001222 | val=0.001264 | best=0.001264@187 | patience=0/30 | time=4.32s *
[2026-04-27 03:55:12] epoch  188/300 | train=0.001222 | val=0.001276 | best=0.001264@187 | patience=1/30 | time=4.28s
[2026-04-27 03:55:17] epoch  189/300 | train=0.001227 | val=0.001266 | best=0.001264@187 | patience=2/30 | time=4.41s
[2026-04-27 03:55:22] epoch  190/300 | train=0.001219 | val=0.001260 | best=0.001260@190 | patience=0/30 | time=4.30s *
[2026-04-27 03:55:26] epoch  191/300 | train=0.001215 | val=0.001258 | best=0.001258@191 | patience=0/30 | time=4.30s *
[2026-04-27 03:55:31] epoch  192/300 | train=0.001215 | val=0.001255 | best=0.001255@192 | patience=0/30 | time=4.53s *
[2026-04-27 03:55:36] epoch  193/300 | train=0.001214 | val=0.001259 | best=0.001255@192 | patience=1/30 | time=4.31s
[2026-04-27 03:55:40] epoch  194/300 | train=0.001215 | val=0.001262 | best=0.001255@192 | patience=2/30 | time=4.28s
[2026-04-27 03:55:45] epoch  195/300 | train=0.001219 | val=0.001254 | best=0.001254@195 | patience=0/30 | time=4.50s *
[2026-04-27 03:55:50] epoch  196/300 | train=0.001209 | val=0.001251 | best=0.001251@196 | patience=0/30 | time=4.41s *
[2026-04-27 03:55:54] epoch  197/300 | train=0.001207 | val=0.001258 | best=0.001251@196 | patience=1/30 | time=4.31s
[2026-04-27 03:55:59] epoch  198/300 | train=0.001211 | val=0.001258 | best=0.001251@196 | patience=2/30 | time=4.51s
[2026-04-27 03:56:03] epoch  199/300 | train=0.001214 | val=0.001252 | best=0.001251@196 | patience=3/30 | time=4.32s
[2026-04-27 03:56:08] epoch  200/300 | train=0.001204 | val=0.001251 | best=0.001251@196 | patience=4/30 | time=4.28s
[2026-04-27 03:56:12] epoch  201/300 | train=0.001206 | val=0.001255 | best=0.001251@196 | patience=5/30 | time=4.50s
[2026-04-27 03:56:17] epoch  202/300 | train=0.001207 | val=0.001261 | best=0.001251@196 | patience=6/30 | time=4.38s
[2026-04-27 03:56:21] epoch  203/300 | train=0.001209 | val=0.001259 | best=0.001251@196 | patience=7/30 | time=4.30s
[2026-04-27 03:56:26] epoch  204/300 | train=0.001208 | val=0.001251 | best=0.001251@196 | patience=8/30 | time=4.61s
[2026-04-27 03:56:31] epoch  205/300 | train=0.001209 | val=0.001252 | best=0.001251@196 | patience=9/30 | time=4.33s
[2026-04-27 03:56:35] epoch  206/300 | train=0.001204 | val=0.001249 | best=0.001249@206 | patience=0/30 | time=4.28s *
[2026-04-27 03:56:40] epoch  207/300 | train=0.001203 | val=0.001314 | best=0.001249@206 | patience=1/30 | time=4.51s
[2026-04-27 03:56:45] epoch  208/300 | train=0.001272 | val=0.001274 | best=0.001249@206 | patience=2/30 | time=4.40s
[2026-04-27 03:56:49] epoch  209/300 | train=0.001221 | val=0.001260 | best=0.001249@206 | patience=3/30 | time=4.30s
[2026-04-27 03:56:53] epoch  210/300 | train=0.001212 | val=0.001260 | best=0.001249@206 | patience=4/30 | time=4.29s
[2026-04-27 03:56:58] epoch  211/300 | train=0.001207 | val=0.001252 | best=0.001249@206 | patience=5/30 | time=4.51s
[2026-04-27 03:57:03] epoch  212/300 | train=0.001200 | val=0.001258 | best=0.001249@206 | patience=6/30 | time=4.29s
[2026-04-27 03:57:07] epoch  213/300 | train=0.001207 | val=0.001251 | best=0.001249@206 | patience=7/30 | time=4.48s
[2026-04-27 03:57:12] epoch  214/300 | train=0.001199 | val=0.001244 | best=0.001244@214 | patience=0/30 | time=4.41s *
[2026-04-27 03:57:17] epoch  215/300 | train=0.001197 | val=0.001244 | best=0.001244@214 | patience=1/30 | time=4.30s
[2026-04-27 03:57:21] epoch  216/300 | train=0.001193 | val=0.001245 | best=0.001244@214 | patience=2/30 | time=4.30s
[2026-04-27 03:57:26] epoch  217/300 | train=0.001195 | val=0.001252 | best=0.001244@214 | patience=3/30 | time=4.55s
[2026-04-27 03:57:31] epoch  218/300 | train=0.001200 | val=0.001245 | best=0.001244@214 | patience=4/30 | time=4.28s
[2026-04-27 03:57:35] epoch  219/300 | train=0.001192 | val=0.001245 | best=0.001244@214 | patience=5/30 | time=4.55s
[2026-04-27 03:57:40] epoch  220/300 | train=0.001192 | val=0.001236 | best=0.001236@220 | patience=0/30 | time=4.38s *
[2026-04-27 03:57:44] epoch  221/300 | train=0.001188 | val=0.001242 | best=0.001236@220 | patience=1/30 | time=4.30s
[2026-04-27 03:57:49] epoch  222/300 | train=0.001189 | val=0.001255 | best=0.001236@220 | patience=2/30 | time=4.30s
[2026-04-27 03:57:54] epoch  223/300 | train=0.001199 | val=0.001246 | best=0.001236@220 | patience=3/30 | time=4.57s
[2026-04-27 03:57:58] epoch  224/300 | train=0.001190 | val=0.001238 | best=0.001236@220 | patience=4/30 | time=4.32s
[2026-04-27 03:58:03] epoch  225/300 | train=0.001189 | val=0.001242 | best=0.001236@220 | patience=5/30 | time=4.28s
[2026-04-27 03:58:08] epoch  226/300 | train=0.001188 | val=0.001234 | best=0.001234@226 | patience=0/30 | time=4.40s *
[2026-04-27 03:58:12] epoch  227/300 | train=0.001185 | val=0.001229 | best=0.001229@227 | patience=0/30 | time=4.30s *
[2026-04-27 03:58:17] epoch  228/300 | train=0.001177 | val=0.001226 | best=0.001226@228 | patience=0/30 | time=4.30s *
[2026-04-27 03:58:22] epoch  229/300 | train=0.001176 | val=0.001226 | best=0.001226@228 | patience=1/30 | time=4.57s
[2026-04-27 03:58:26] epoch  230/300 | train=0.001175 | val=0.001227 | best=0.001226@228 | patience=2/30 | time=4.32s
[2026-04-27 03:58:30] epoch  231/300 | train=0.001176 | val=0.001231 | best=0.001226@228 | patience=3/30 | time=4.27s
[2026-04-27 03:58:35] epoch  232/300 | train=0.001177 | val=0.001232 | best=0.001226@228 | patience=4/30 | time=4.67s
[2026-04-27 03:58:40] epoch  233/300 | train=0.001180 | val=0.001230 | best=0.001226@228 | patience=5/30 | time=4.30s
[2026-04-27 03:58:45] epoch  234/300 | train=0.001178 | val=0.001234 | best=0.001226@228 | patience=6/30 | time=4.30s
[2026-04-27 03:58:50] epoch  235/300 | train=0.001179 | val=0.001227 | best=0.001226@228 | patience=7/30 | time=4.57s
[2026-04-27 03:58:54] epoch  236/300 | train=0.001172 | val=0.001226 | best=0.001226@228 | patience=8/30 | time=4.32s
[2026-04-27 03:58:59] epoch  237/300 | train=0.001173 | val=0.001222 | best=0.001222@237 | patience=0/30 | time=4.28s *
[2026-04-27 03:59:03] epoch  238/300 | train=0.001168 | val=0.001230 | best=0.001222@237 | patience=1/30 | time=4.49s
[2026-04-27 03:59:08] epoch  239/300 | train=0.001178 | val=0.001230 | best=0.001222@237 | patience=2/30 | time=4.44s
[2026-04-27 03:59:12] epoch  240/300 | train=0.001174 | val=0.001228 | best=0.001222@237 | patience=3/30 | time=4.31s
[2026-04-27 03:59:17] epoch  241/300 | train=0.001171 | val=0.001228 | best=0.001222@237 | patience=4/30 | time=4.51s
[2026-04-27 03:59:21] epoch  242/300 | train=0.001169 | val=0.001223 | best=0.001222@237 | patience=5/30 | time=4.32s
[2026-04-27 03:59:26] epoch  243/300 | train=0.001175 | val=0.001226 | best=0.001222@237 | patience=6/30 | time=4.27s
[2026-04-27 03:59:31] epoch  244/300 | train=0.001168 | val=0.001219 | best=0.001219@244 | patience=0/30 | time=4.54s *
[2026-04-27 03:59:35] epoch  245/300 | train=0.001163 | val=0.001222 | best=0.001219@244 | patience=1/30 | time=4.41s
[2026-04-27 03:59:39] epoch  246/300 | train=0.001167 | val=0.001219 | best=0.001219@244 | patience=2/30 | time=4.31s
[2026-04-27 03:59:44] epoch  247/300 | train=0.001166 | val=0.001215 | best=0.001215@247 | patience=0/30 | time=4.31s *
[2026-04-27 03:59:49] epoch  248/300 | train=0.001160 | val=0.001210 | best=0.001210@248 | patience=0/30 | time=4.32s *
[2026-04-27 03:59:53] epoch  249/300 | train=0.001155 | val=0.001247 | best=0.001210@248 | patience=1/30 | time=4.27s
[2026-04-27 03:59:58] epoch  250/300 | train=0.001187 | val=0.001236 | best=0.001210@248 | patience=2/30 | time=4.54s
[2026-04-27 04:00:03] epoch  251/300 | train=0.001174 | val=0.001217 | best=0.001210@248 | patience=3/30 | time=4.41s
[2026-04-27 04:00:07] epoch  252/300 | train=0.001162 | val=0.001210 | best=0.001210@248 | patience=4/30 | time=4.29s
[2026-04-27 04:00:12] epoch  253/300 | train=0.001155 | val=0.001208 | best=0.001208@253 | patience=0/30 | time=4.30s *
[2026-04-27 04:00:16] epoch  254/300 | train=0.001156 | val=0.001220 | best=0.001208@253 | patience=1/30 | time=4.60s
[2026-04-27 04:00:21] epoch  255/300 | train=0.001165 | val=0.001215 | best=0.001208@253 | patience=2/30 | time=4.28s
[2026-04-27 04:00:25] epoch  256/300 | train=0.001157 | val=0.001244 | best=0.001208@253 | patience=3/30 | time=4.54s
[2026-04-27 04:00:30] epoch  257/300 | train=0.001180 | val=0.001215 | best=0.001208@253 | patience=4/30 | time=4.38s
[2026-04-27 04:00:34] epoch  258/300 | train=0.001156 | val=0.001205 | best=0.001205@258 | patience=0/30 | time=4.31s *
[2026-04-27 04:00:39] epoch  259/300 | train=0.001151 | val=0.001211 | best=0.001205@258 | patience=1/30 | time=4.30s
[2026-04-27 04:00:44] epoch  260/300 | train=0.001152 | val=0.001206 | best=0.001205@258 | patience=2/30 | time=4.57s
[2026-04-27 04:00:48] epoch  261/300 | train=0.001148 | val=0.001200 | best=0.001200@261 | patience=0/30 | time=4.32s *
[2026-04-27 04:00:53] epoch  262/300 | train=0.001143 | val=0.001204 | best=0.001200@261 | patience=1/30 | time=4.51s
[2026-04-27 04:00:57] epoch  263/300 | train=0.001149 | val=0.001205 | best=0.001200@261 | patience=2/30 | time=4.41s
[2026-04-27 04:01:02] epoch  264/300 | train=0.001146 | val=0.001207 | best=0.001200@261 | patience=3/30 | time=4.30s
[2026-04-27 04:01:06] epoch  265/300 | train=0.001151 | val=0.001208 | best=0.001200@261 | patience=4/30 | time=4.31s
[2026-04-27 04:01:11] epoch  266/300 | train=0.001152 | val=0.001212 | best=0.001200@261 | patience=5/30 | time=4.53s
[2026-04-27 04:01:15] epoch  267/300 | train=0.001152 | val=0.001204 | best=0.001200@261 | patience=6/30 | time=4.32s
[2026-04-27 04:01:20] epoch  268/300 | train=0.001146 | val=0.001202 | best=0.001200@261 | patience=7/30 | time=4.27s
[2026-04-27 04:01:24] epoch  269/300 | train=0.001144 | val=0.001201 | best=0.001200@261 | patience=8/30 | time=4.64s
[2026-04-27 04:01:29] epoch  270/300 | train=0.001142 | val=0.001200 | best=0.001200@261 | patience=9/30 | time=4.30s
[2026-04-27 04:01:33] epoch  271/300 | train=0.001143 | val=0.001203 | best=0.001200@261 | patience=10/30 | time=4.31s
[2026-04-27 04:01:38] epoch  272/300 | train=0.001142 | val=0.001199 | best=0.001199@272 | patience=0/30 | time=4.52s *
[2026-04-27 04:01:43] epoch  273/300 | train=0.001140 | val=0.001199 | best=0.001199@272 | patience=1/30 | time=4.33s
[2026-04-27 04:01:47] epoch  274/300 | train=0.001140 | val=0.001200 | best=0.001199@272 | patience=2/30 | time=4.27s
[2026-04-27 04:01:52] epoch  275/300 | train=0.001140 | val=0.001194 | best=0.001194@275 | patience=0/30 | time=4.49s *
[2026-04-27 04:01:56] epoch  276/300 | train=0.001136 | val=0.001201 | best=0.001194@275 | patience=1/30 | time=4.38s
[2026-04-27 04:02:01] epoch  277/300 | train=0.001137 | val=0.001192 | best=0.001192@277 | patience=0/30 | time=4.33s *
[2026-04-27 04:02:06] epoch  278/300 | train=0.001130 | val=0.001222 | best=0.001192@277 | patience=1/30 | time=4.57s
[2026-04-27 04:02:10] epoch  279/300 | train=0.001161 | val=0.001210 | best=0.001192@277 | patience=2/30 | time=4.32s
[2026-04-27 04:02:14] epoch  280/300 | train=0.001142 | val=0.001202 | best=0.001192@277 | patience=3/30 | time=4.27s
[2026-04-27 04:02:19] epoch  281/300 | train=0.001140 | val=0.001198 | best=0.001192@277 | patience=4/30 | time=4.54s
[2026-04-27 04:02:24] epoch  282/300 | train=0.001133 | val=0.001189 | best=0.001189@282 | patience=0/30 | time=4.40s *
[2026-04-27 04:02:28] epoch  283/300 | train=0.001129 | val=0.001197 | best=0.001189@282 | patience=1/30 | time=4.30s
[2026-04-27 04:02:33] epoch  284/300 | train=0.001134 | val=0.001204 | best=0.001189@282 | patience=2/30 | time=4.60s
[2026-04-27 04:02:37] epoch  285/300 | train=0.001146 | val=0.001199 | best=0.001189@282 | patience=3/30 | time=4.32s
[2026-04-27 04:02:42] epoch  286/300 | train=0.001138 | val=0.001202 | best=0.001189@282 | patience=4/30 | time=4.28s
[2026-04-27 04:02:46] epoch  287/300 | train=0.001136 | val=0.001198 | best=0.001189@282 | patience=5/30 | time=4.54s
[2026-04-27 04:02:51] epoch  288/300 | train=0.001135 | val=0.001196 | best=0.001189@282 | patience=6/30 | time=4.38s
[2026-04-27 04:02:55] epoch  289/300 | train=0.001128 | val=0.001194 | best=0.001189@282 | patience=7/30 | time=4.30s
[2026-04-27 04:03:00] epoch  290/300 | train=0.001129 | val=0.001195 | best=0.001189@282 | patience=8/30 | time=4.30s
[2026-04-27 04:03:04] epoch  291/300 | train=0.001129 | val=0.001191 | best=0.001189@282 | patience=9/30 | time=4.57s
[2026-04-27 04:03:09] epoch  292/300 | train=0.001125 | val=0.001186 | best=0.001186@292 | patience=0/30 | time=4.28s *
[2026-04-27 04:03:14] epoch  293/300 | train=0.001124 | val=0.001196 | best=0.001186@292 | patience=1/30 | time=4.54s
[2026-04-27 04:03:18] epoch  294/300 | train=0.001132 | val=0.001202 | best=0.001186@292 | patience=2/30 | time=4.39s
[2026-04-27 04:03:23] epoch  295/300 | train=0.001133 | val=0.001188 | best=0.001186@292 | patience=3/30 | time=4.30s
[2026-04-27 04:03:27] epoch  296/300 | train=0.001124 | val=0.001189 | best=0.001186@292 | patience=4/30 | time=4.31s
[2026-04-27 04:03:32] epoch  297/300 | train=0.001125 | val=0.001187 | best=0.001186@292 | patience=5/30 | time=4.57s
[2026-04-27 04:03:36] epoch  298/300 | train=0.001122 | val=0.001190 | best=0.001186@292 | patience=6/30 | time=4.32s
[2026-04-27 04:03:41] epoch  299/300 | train=0.001120 | val=0.001187 | best=0.001186@292 | patience=7/30 | time=4.55s
[2026-04-27 04:03:45] epoch  300/300 | train=0.001122 | val=0.001187 | best=0.001186@292 | patience=8/30 | time=4.40s
[2026-04-27 04:03:46] Training done: stop_reason=max_epochs, total_epochs=300, best_epoch=292, best_val=0.001186
[2026-04-27 04:03:46] Reloading best checkpoint (epoch 292) for evaluation
[2026-04-27 04:03:55] ------------------------------------------------------------
[2026-04-27 04:03:55] Evaluation:
[2026-04-27 04:03:55]   AUC broken_lcfs         : 0.6140
[2026-04-27 04:03:55]   AUC bad_black_core      : 0.9888
[2026-04-27 04:03:55]   AUC bad_nonconverged    : 0.9973
[2026-04-27 04:03:55]   objective      : 0.8414
[2026-04-27 04:03:55]   floor_ok       : True
[2026-04-27 04:03:55]   threshold      : 0.0720
[2026-04-27 04:03:55]   mu / sigma     : 0.00112115 / 0.000276315
[2026-04-27 04:03:55] Train time=1543.9s, eval time=9.0s
