[2026-04-27 00:45:43] ============================================================
[2026-04-27 00:45:43] Trial 15 starting on cuda:0
[2026-04-27 00:45:43] Timestamp: 2026-04-27T00:45:43.940007
[2026-04-27 00:45:43] --- Config summary ---
  bottleneck_dim  : 62
  n_enc_layers    : 3
  n_dec_layers    : 4
  base_channels   : 57
  growth_factor   : 2.725285980285765
  use_batchnorm   : True
  use_hpf         : True
  hpf_sigma       : 7.561877481418238
  lr              : 3.4469427203913295e-05
  batch_size      : 8
  max_epochs      : 300
  patience        : 30
  seed            : 42
  deterministic   : False
  trial_num       : 15
[2026-04-27 00:45:43] Loading train/val/selection splits...
[2026-04-27 00:45:52] Splits loaded in 8.7s: n_train=722, n_val=120, n_selection=405
[2026-04-27 00:45:53] --- Architecture summary ---
  channels per enc layer : [57, 155, 423]
  final spatial size     : 32x32
  flat size before latent: 433152
  bottleneck_dim         : 62
  total parameters       : 62,671,200
[2026-04-27 00:45:53] Starting training: n_train=722, n_val=120, device=cuda:0
[2026-04-27 00:47:25] epoch    1/300 | train=0.009166 | val=0.006044 | best=0.006044@1 | patience=0/30 | time=92.62s *
[2026-04-27 00:47:38] epoch    2/300 | train=0.005586 | val=0.005445 | best=0.005445@2 | patience=0/30 | time=12.75s *
[2026-04-27 00:47:51] epoch    3/300 | train=0.005173 | val=0.004908 | best=0.004908@3 | patience=0/30 | time=12.66s *
[2026-04-27 00:48:04] epoch    4/300 | train=0.004681 | val=0.004658 | best=0.004658@4 | patience=0/30 | time=12.62s *
[2026-04-27 00:48:17] epoch    5/300 | train=0.004286 | val=0.004161 | best=0.004161@5 | patience=0/30 | time=12.60s *
[2026-04-27 00:48:30] epoch    6/300 | train=0.003894 | val=0.003774 | best=0.003774@6 | patience=0/30 | time=12.58s *
[2026-04-27 00:48:42] epoch    7/300 | train=0.003547 | val=0.003458 | best=0.003458@7 | patience=0/30 | time=12.54s *
[2026-04-27 00:48:55] epoch    8/300 | train=0.003307 | val=0.003482 | best=0.003458@7 | patience=1/30 | time=12.51s
[2026-04-27 00:49:08] epoch    9/300 | train=0.003148 | val=0.003381 | best=0.003381@9 | patience=0/30 | time=12.47s *
[2026-04-27 00:49:20] epoch   10/300 | train=0.002986 | val=0.003069 | best=0.003069@10 | patience=0/30 | time=12.47s *
[2026-04-27 00:49:33] epoch   11/300 | train=0.002874 | val=0.002934 | best=0.002934@11 | patience=0/30 | time=12.49s *
[2026-04-27 00:49:46] epoch   12/300 | train=0.002771 | val=0.002859 | best=0.002859@12 | patience=0/30 | time=12.47s *
[2026-04-27 00:49:58] epoch   13/300 | train=0.002682 | val=0.002801 | best=0.002801@13 | patience=0/30 | time=12.46s *
[2026-04-27 00:50:11] epoch   14/300 | train=0.002598 | val=0.002737 | best=0.002737@14 | patience=0/30 | time=12.47s *
[2026-04-27 00:50:23] epoch   15/300 | train=0.002527 | val=0.002766 | best=0.002737@14 | patience=1/30 | time=12.47s
[2026-04-27 00:50:36] epoch   16/300 | train=0.002456 | val=0.002643 | best=0.002643@16 | patience=0/30 | time=12.51s *
[2026-04-27 00:50:49] epoch   17/300 | train=0.002414 | val=0.002588 | best=0.002588@17 | patience=0/30 | time=12.48s *
[2026-04-27 00:51:01] epoch   18/300 | train=0.002358 | val=0.002643 | best=0.002588@17 | patience=1/30 | time=12.47s
[2026-04-27 00:51:14] epoch   19/300 | train=0.002287 | val=0.002570 | best=0.002570@19 | patience=0/30 | time=12.48s *
[2026-04-27 00:51:27] epoch   20/300 | train=0.002258 | val=0.002495 | best=0.002495@20 | patience=0/30 | time=12.47s *
[2026-04-27 00:51:39] epoch   21/300 | train=0.002224 | val=0.002529 | best=0.002495@20 | patience=1/30 | time=12.47s
[2026-04-27 00:51:52] epoch   22/300 | train=0.002176 | val=0.002528 | best=0.002495@20 | patience=2/30 | time=12.48s
[2026-04-27 00:52:04] epoch   23/300 | train=0.002107 | val=0.002429 | best=0.002429@23 | patience=0/30 | time=12.46s *
[2026-04-27 00:52:17] epoch   24/300 | train=0.002086 | val=0.002379 | best=0.002379@24 | patience=0/30 | time=12.48s *
[2026-04-27 00:52:30] epoch   25/300 | train=0.002031 | val=0.002375 | best=0.002375@25 | patience=0/30 | time=12.46s *
[2026-04-27 00:52:42] epoch   26/300 | train=0.002038 | val=0.002444 | best=0.002375@25 | patience=1/30 | time=12.48s
[2026-04-27 00:52:55] epoch   27/300 | train=0.001991 | val=0.002362 | best=0.002362@27 | patience=0/30 | time=12.51s *
[2026-04-27 00:53:07] epoch   28/300 | train=0.001932 | val=0.002352 | best=0.002352@28 | patience=0/30 | time=12.44s *
[2026-04-27 00:53:20] epoch   29/300 | train=0.001912 | val=0.002314 | best=0.002314@29 | patience=0/30 | time=12.50s *
[2026-04-27 00:53:33] epoch   30/300 | train=0.001910 | val=0.002300 | best=0.002300@30 | patience=0/30 | time=12.44s *
[2026-04-27 00:53:45] epoch   31/300 | train=0.001872 | val=0.002318 | best=0.002300@30 | patience=1/30 | time=12.51s
[2026-04-27 00:53:58] epoch   32/300 | train=0.001873 | val=0.002301 | best=0.002300@30 | patience=2/30 | time=12.49s
[2026-04-27 00:54:10] epoch   33/300 | train=0.001837 | val=0.002303 | best=0.002300@30 | patience=3/30 | time=12.46s
[2026-04-27 00:54:23] epoch   34/300 | train=0.001789 | val=0.002276 | best=0.002276@34 | patience=0/30 | time=12.49s *
[2026-04-27 00:54:36] epoch   35/300 | train=0.001767 | val=0.002358 | best=0.002276@34 | patience=1/30 | time=12.46s
[2026-04-27 00:54:48] epoch   36/300 | train=0.001736 | val=0.002305 | best=0.002276@34 | patience=2/30 | time=12.49s
[2026-04-27 00:55:01] epoch   37/300 | train=0.001708 | val=0.002234 | best=0.002234@37 | patience=0/30 | time=12.46s *
[2026-04-27 00:55:13] epoch   38/300 | train=0.001671 | val=0.002240 | best=0.002234@37 | patience=1/30 | time=12.49s
[2026-04-27 00:55:26] epoch   39/300 | train=0.001652 | val=0.002258 | best=0.002234@37 | patience=2/30 | time=12.48s
[2026-04-27 00:55:39] epoch   40/300 | train=0.001661 | val=0.002221 | best=0.002221@40 | patience=0/30 | time=12.47s *
[2026-04-27 00:55:51] epoch   41/300 | train=0.001657 | val=0.002334 | best=0.002221@40 | patience=1/30 | time=12.48s
[2026-04-27 00:56:04] epoch   42/300 | train=0.001651 | val=0.002369 | best=0.002221@40 | patience=2/30 | time=12.48s
[2026-04-27 00:56:16] epoch   43/300 | train=0.001608 | val=0.002212 | best=0.002212@43 | patience=0/30 | time=12.48s *
[2026-04-27 00:56:29] epoch   44/300 | train=0.001593 | val=0.002182 | best=0.002182@44 | patience=0/30 | time=12.50s *
[2026-04-27 00:56:42] epoch   45/300 | train=0.001559 | val=0.002204 | best=0.002182@44 | patience=1/30 | time=12.46s
[2026-04-27 00:56:54] epoch   46/300 | train=0.001549 | val=0.002371 | best=0.002182@44 | patience=2/30 | time=12.50s
[2026-04-27 00:57:07] epoch   47/300 | train=0.001529 | val=0.002204 | best=0.002182@44 | patience=3/30 | time=12.46s
[2026-04-27 00:57:19] epoch   48/300 | train=0.001500 | val=0.002193 | best=0.002182@44 | patience=4/30 | time=12.50s
[2026-04-27 00:57:32] epoch   49/300 | train=0.001469 | val=0.002194 | best=0.002182@44 | patience=5/30 | time=12.46s
[2026-04-27 00:57:44] epoch   50/300 | train=0.001471 | val=0.002228 | best=0.002182@44 | patience=6/30 | time=12.50s
[2026-04-27 00:57:57] epoch   51/300 | train=0.001438 | val=0.002164 | best=0.002164@51 | patience=0/30 | time=12.48s *
[2026-04-27 00:58:09] epoch   52/300 | train=0.001408 | val=0.002177 | best=0.002164@51 | patience=1/30 | time=12.48s
[2026-04-27 00:58:22] epoch   53/300 | train=0.001401 | val=0.002198 | best=0.002164@51 | patience=2/30 | time=12.48s
[2026-04-27 00:58:34] epoch   54/300 | train=0.001393 | val=0.002175 | best=0.002164@51 | patience=3/30 | time=12.49s
[2026-04-27 00:58:47] epoch   55/300 | train=0.001371 | val=0.002228 | best=0.002164@51 | patience=4/30 | time=12.48s
[2026-04-27 00:59:00] epoch   56/300 | train=0.001357 | val=0.002153 | best=0.002153@56 | patience=0/30 | time=12.48s *
[2026-04-27 00:59:12] epoch   57/300 | train=0.001328 | val=0.002153 | best=0.002153@56 | patience=1/30 | time=12.48s
[2026-04-27 00:59:25] epoch   58/300 | train=0.001320 | val=0.002183 | best=0.002153@56 | patience=2/30 | time=12.48s
[2026-04-27 00:59:37] epoch   59/300 | train=0.001328 | val=0.002181 | best=0.002153@56 | patience=3/30 | time=12.48s
[2026-04-27 00:59:50] epoch   60/300 | train=0.001316 | val=0.002161 | best=0.002153@56 | patience=4/30 | time=12.48s
[2026-04-27 01:00:02] epoch   61/300 | train=0.001306 | val=0.002177 | best=0.002153@56 | patience=5/30 | time=12.48s
[2026-04-27 01:00:15] epoch   62/300 | train=0.001292 | val=0.002214 | best=0.002153@56 | patience=6/30 | time=12.48s
[2026-04-27 01:00:27] epoch   63/300 | train=0.001283 | val=0.002240 | best=0.002153@56 | patience=7/30 | time=12.49s
[2026-04-27 01:00:40] epoch   64/300 | train=0.001283 | val=0.002179 | best=0.002153@56 | patience=8/30 | time=12.47s
[2026-04-27 01:00:52] epoch   65/300 | train=0.001280 | val=0.002163 | best=0.002153@56 | patience=9/30 | time=12.49s
[2026-04-27 01:01:05] epoch   66/300 | train=0.001241 | val=0.002148 | best=0.002148@66 | patience=0/30 | time=12.47s *
[2026-04-27 01:01:17] epoch   67/300 | train=0.001217 | val=0.002132 | best=0.002132@67 | patience=0/30 | time=12.49s *
[2026-04-27 01:01:30] epoch   68/300 | train=0.001183 | val=0.002156 | best=0.002132@67 | patience=1/30 | time=12.47s
[2026-04-27 01:01:43] epoch   69/300 | train=0.001168 | val=0.002153 | best=0.002132@67 | patience=2/30 | time=12.49s
[2026-04-27 01:01:55] epoch   70/300 | train=0.001139 | val=0.002191 | best=0.002132@67 | patience=3/30 | time=12.49s
[2026-04-27 01:02:08] epoch   71/300 | train=0.001132 | val=0.002163 | best=0.002132@67 | patience=4/30 | time=12.45s
[2026-04-27 01:02:20] epoch   72/300 | train=0.001116 | val=0.002189 | best=0.002132@67 | patience=5/30 | time=12.51s
[2026-04-27 01:02:33] epoch   73/300 | train=0.001114 | val=0.002159 | best=0.002132@67 | patience=6/30 | time=12.44s
[2026-04-27 01:02:45] epoch   74/300 | train=0.001125 | val=0.002197 | best=0.002132@67 | patience=7/30 | time=12.51s
[2026-04-27 01:02:58] epoch   75/300 | train=0.001143 | val=0.002159 | best=0.002132@67 | patience=8/30 | time=12.44s
[2026-04-27 01:03:10] epoch   76/300 | train=0.001128 | val=0.002233 | best=0.002132@67 | patience=9/30 | time=12.51s
[2026-04-27 01:03:23] epoch   77/300 | train=0.001101 | val=0.002178 | best=0.002132@67 | patience=10/30 | time=12.49s
[2026-04-27 01:03:35] epoch   78/300 | train=0.001078 | val=0.002312 | best=0.002132@67 | patience=11/30 | time=12.46s
[2026-04-27 01:03:48] epoch   79/300 | train=0.001078 | val=0.002163 | best=0.002132@67 | patience=12/30 | time=12.49s
[2026-04-27 01:04:00] epoch   80/300 | train=0.001047 | val=0.002167 | best=0.002132@67 | patience=13/30 | time=12.46s
[2026-04-27 01:04:13] epoch   81/300 | train=0.001047 | val=0.002154 | best=0.002132@67 | patience=14/30 | time=12.49s
[2026-04-27 01:04:25] epoch   82/300 | train=0.001031 | val=0.002279 | best=0.002132@67 | patience=15/30 | time=12.46s
[2026-04-27 01:04:38] epoch   83/300 | train=0.001019 | val=0.002200 | best=0.002132@67 | patience=16/30 | time=12.48s
[2026-04-27 01:04:50] epoch   84/300 | train=0.000995 | val=0.002186 | best=0.002132@67 | patience=17/30 | time=12.48s
[2026-04-27 01:05:03] epoch   85/300 | train=0.000983 | val=0.002184 | best=0.002132@67 | patience=18/30 | time=12.47s
[2026-04-27 01:05:15] epoch   86/300 | train=0.000998 | val=0.002212 | best=0.002132@67 | patience=19/30 | time=12.48s
[2026-04-27 01:05:28] epoch   87/300 | train=0.001028 | val=0.002177 | best=0.002132@67 | patience=20/30 | time=12.47s
[2026-04-27 01:05:40] epoch   88/300 | train=0.001010 | val=0.002177 | best=0.002132@67 | patience=21/30 | time=12.48s
[2026-04-27 01:05:53] epoch   89/300 | train=0.000974 | val=0.002190 | best=0.002132@67 | patience=22/30 | time=12.47s
[2026-04-27 01:06:05] epoch   90/300 | train=0.000957 | val=0.002152 | best=0.002132@67 | patience=23/30 | time=12.48s
[2026-04-27 01:06:18] epoch   91/300 | train=0.000925 | val=0.002150 | best=0.002132@67 | patience=24/30 | time=12.49s
[2026-04-27 01:06:30] epoch   92/300 | train=0.000909 | val=0.002208 | best=0.002132@67 | patience=25/30 | time=12.46s
[2026-04-27 01:06:43] epoch   93/300 | train=0.000890 | val=0.002143 | best=0.002132@67 | patience=26/30 | time=12.49s
[2026-04-27 01:06:55] epoch   94/300 | train=0.000881 | val=0.002136 | best=0.002132@67 | patience=27/30 | time=12.45s
[2026-04-27 01:07:08] epoch   95/300 | train=0.000872 | val=0.002178 | best=0.002132@67 | patience=28/30 | time=12.49s
[2026-04-27 01:07:20] epoch   96/300 | train=0.000872 | val=0.002244 | best=0.002132@67 | patience=29/30 | time=12.46s
[2026-04-27 01:07:33] epoch   97/300 | train=0.000868 | val=0.002135 | best=0.002132@67 | patience=30/30 | time=12.50s
[2026-04-27 01:07:33]   early stopping at epoch 97 (no improvement for 30 epochs)
[2026-04-27 01:07:33] Training done: stop_reason=early_stop, total_epochs=97, best_epoch=67, best_val=0.002132
[2026-04-27 01:07:33] Reloading best checkpoint (epoch 67) for evaluation
[2026-04-27 01:07:44] ------------------------------------------------------------
[2026-04-27 01:07:44] Evaluation:
[2026-04-27 01:07:44]   AUC broken_lcfs         : 0.5645
[2026-04-27 01:07:44]   AUC bad_black_core      : 0.9985
[2026-04-27 01:07:44]   AUC bad_nonconverged    : 0.9980
[2026-04-27 01:07:44]   objective      : 0.8247
[2026-04-27 01:07:44]   floor_ok       : True
[2026-04-27 01:07:44]   threshold      : 0.2903
[2026-04-27 01:07:44]   mu / sigma     : 0.00115497 / 0.000250562
[2026-04-27 01:07:44] Train time=1300.5s, eval time=11.1s
