[2026-04-27 11:46:54] ============================================================
[2026-04-27 11:46:54] Trial 181 starting on cuda:0
[2026-04-27 11:46:54] Timestamp: 2026-04-27T11:46:54.010774
[2026-04-27 11:46:54] --- Config summary ---
  bottleneck_dim  : 130
  n_enc_layers    : 2
  n_dec_layers    : 3
  base_channels   : 39
  growth_factor   : 2.177416829835542
  use_batchnorm   : True
  use_hpf         : True
  hpf_sigma       : 1.0095009305922495
  lr              : 0.0002445729706539737
  batch_size      : 24
  max_epochs      : 300
  patience        : 30
  seed            : 42
  deterministic   : False
  trial_num       : 181
[2026-04-27 11:46:54] Loading train/val/selection splits...
[2026-04-27 11:47:52] Splits loaded in 58.9s: n_train=722, n_val=120, n_selection=405
[2026-04-27 11:47:57] --- Architecture summary ---
  channels per enc layer : [39, 85]
  final spatial size     : 64x64
  flat size before latent: 348160
  bottleneck_dim         : 130
  total parameters       : 91,153,892
[2026-04-27 11:47:57] Starting training: n_train=722, n_val=120, device=cuda:0
[2026-04-27 11:48:49] epoch    1/300 | train=0.002947 | val=0.002921 | best=0.002921@1 | patience=0/30 | time=49.45s *
[2026-04-27 11:48:55] epoch    2/300 | train=0.001450 | val=0.001509 | best=0.001509@2 | patience=0/30 | time=3.34s *
[2026-04-27 11:49:02] epoch    3/300 | train=0.001416 | val=0.001387 | best=0.001387@3 | patience=0/30 | time=3.60s *
[2026-04-27 11:49:08] epoch    4/300 | train=0.001397 | val=0.001361 | best=0.001361@4 | patience=0/30 | time=3.34s *
[2026-04-27 11:49:12] epoch    5/300 | train=0.001371 | val=0.001360 | best=0.001361@4 | patience=1/30 | time=3.35s
[2026-04-27 11:49:18] epoch    6/300 | train=0.001345 | val=0.001341 | best=0.001341@6 | patience=0/30 | time=3.56s *
[2026-04-27 11:49:22] epoch    7/300 | train=0.001332 | val=0.001346 | best=0.001341@6 | patience=1/30 | time=3.34s
[2026-04-27 11:49:28] epoch    8/300 | train=0.001302 | val=0.001304 | best=0.001304@8 | patience=0/30 | time=3.37s *
[2026-04-27 11:49:35] epoch    9/300 | train=0.001268 | val=0.001246 | best=0.001246@9 | patience=0/30 | time=3.62s *
[2026-04-27 11:49:41] epoch   10/300 | train=0.001239 | val=0.001243 | best=0.001243@10 | patience=0/30 | time=3.34s *
[2026-04-27 11:49:47] epoch   11/300 | train=0.001230 | val=0.001220 | best=0.001220@11 | patience=0/30 | time=3.35s *
[2026-04-27 11:49:53] epoch   12/300 | train=0.001206 | val=0.001214 | best=0.001214@12 | patience=0/30 | time=3.34s *
[2026-04-27 11:49:59] epoch   13/300 | train=0.001198 | val=0.001194 | best=0.001194@13 | patience=0/30 | time=3.37s *
[2026-04-27 11:50:06] epoch   14/300 | train=0.001183 | val=0.001182 | best=0.001182@14 | patience=0/30 | time=3.62s *
[2026-04-27 11:50:12] epoch   15/300 | train=0.001168 | val=0.001178 | best=0.001178@15 | patience=0/30 | time=3.52s *
[2026-04-27 11:50:18] epoch   16/300 | train=0.001161 | val=0.001161 | best=0.001161@16 | patience=0/30 | time=3.53s *
[2026-04-27 11:50:24] epoch   17/300 | train=0.001146 | val=0.001152 | best=0.001152@17 | patience=0/30 | time=3.37s *
[2026-04-27 11:50:31] epoch   18/300 | train=0.001145 | val=0.001145 | best=0.001145@18 | patience=0/30 | time=3.37s *
[2026-04-27 11:50:37] epoch   19/300 | train=0.001124 | val=0.001133 | best=0.001133@19 | patience=0/30 | time=3.53s *
[2026-04-27 11:50:41] epoch   20/300 | train=0.001116 | val=0.001199 | best=0.001133@19 | patience=1/30 | time=3.56s
[2026-04-27 11:50:47] epoch   21/300 | train=0.001131 | val=0.001131 | best=0.001131@21 | patience=0/30 | time=3.42s *
[2026-04-27 11:50:53] epoch   22/300 | train=0.001108 | val=0.001111 | best=0.001111@22 | patience=0/30 | time=3.37s *
[2026-04-27 11:50:57] epoch   23/300 | train=0.001095 | val=0.001125 | best=0.001111@22 | patience=1/30 | time=3.61s
[2026-04-27 11:51:03] epoch   24/300 | train=0.001090 | val=0.001102 | best=0.001102@24 | patience=0/30 | time=3.52s *
[2026-04-27 11:51:09] epoch   25/300 | train=0.001087 | val=0.001098 | best=0.001098@25 | patience=0/30 | time=3.34s *
[2026-04-27 11:51:13] epoch   26/300 | train=0.001079 | val=0.001113 | best=0.001098@25 | patience=1/30 | time=3.42s
[2026-04-27 11:51:19] epoch   27/300 | train=0.001074 | val=0.001083 | best=0.001083@27 | patience=0/30 | time=3.37s *
[2026-04-27 11:51:23] epoch   28/300 | train=0.001066 | val=0.001092 | best=0.001083@27 | patience=1/30 | time=3.67s
[2026-04-27 11:51:29] epoch   29/300 | train=0.001066 | val=0.001078 | best=0.001078@29 | patience=0/30 | time=3.52s *
[2026-04-27 11:51:35] epoch   30/300 | train=0.001055 | val=0.001065 | best=0.001065@30 | patience=0/30 | time=3.35s *
[2026-04-27 11:51:39] epoch   31/300 | train=0.001051 | val=0.001066 | best=0.001065@30 | patience=1/30 | time=3.41s
[2026-04-27 11:51:45] epoch   32/300 | train=0.001043 | val=0.001056 | best=0.001056@32 | patience=0/30 | time=3.37s *
[2026-04-27 11:51:51] epoch   33/300 | train=0.001039 | val=0.001047 | best=0.001047@33 | patience=0/30 | time=3.37s *
[2026-04-27 11:51:54] epoch   34/300 | train=0.001030 | val=0.001057 | best=0.001047@33 | patience=1/30 | time=3.54s
[2026-04-27 11:52:01] epoch   35/300 | train=0.001028 | val=0.001041 | best=0.001041@35 | patience=0/30 | time=3.35s *
[2026-04-27 11:52:07] epoch   36/300 | train=0.001019 | val=0.001036 | best=0.001036@36 | patience=0/30 | time=3.55s *
[2026-04-27 11:52:13] epoch   37/300 | train=0.001016 | val=0.001027 | best=0.001027@37 | patience=0/30 | time=3.37s *
[2026-04-27 11:52:17] epoch   38/300 | train=0.001007 | val=0.001068 | best=0.001027@37 | patience=1/30 | time=3.67s
[2026-04-27 11:52:20] epoch   39/300 | train=0.001020 | val=0.001027 | best=0.001027@37 | patience=2/30 | time=3.34s
[2026-04-27 11:52:27] epoch   40/300 | train=0.001003 | val=0.001023 | best=0.001023@40 | patience=0/30 | time=3.56s *
[2026-04-27 11:52:30] epoch   41/300 | train=0.001000 | val=0.001025 | best=0.001023@40 | patience=1/30 | time=3.56s
[2026-04-27 11:52:34] epoch   42/300 | train=0.000996 | val=0.001028 | best=0.001023@40 | patience=2/30 | time=3.42s
[2026-04-27 11:52:40] epoch   43/300 | train=0.000993 | val=0.001009 | best=0.001009@43 | patience=0/30 | time=3.37s *
[2026-04-27 11:52:44] epoch   44/300 | train=0.000987 | val=0.001012 | best=0.001009@43 | patience=1/30 | time=3.67s
[2026-04-27 11:52:47] epoch   45/300 | train=0.000982 | val=0.001032 | best=0.001009@43 | patience=2/30 | time=3.54s
[2026-04-27 11:52:51] epoch   46/300 | train=0.000983 | val=0.001010 | best=0.001009@43 | patience=3/30 | time=3.35s
[2026-04-27 11:52:54] epoch   47/300 | train=0.000977 | val=0.001022 | best=0.001009@43 | patience=4/30 | time=3.34s
[2026-04-27 11:52:58] epoch   48/300 | train=0.000972 | val=0.001017 | best=0.001009@43 | patience=5/30 | time=3.56s
[2026-04-27 11:53:04] epoch   49/300 | train=0.000968 | val=0.000991 | best=0.000991@49 | patience=0/30 | time=3.42s *
[2026-04-27 11:53:10] epoch   50/300 | train=0.000965 | val=0.000981 | best=0.000981@50 | patience=0/30 | time=3.37s *
[2026-04-27 11:53:14] epoch   51/300 | train=0.000959 | val=0.000994 | best=0.000981@50 | patience=1/30 | time=3.34s
[2026-04-27 11:53:17] epoch   52/300 | train=0.000956 | val=0.000996 | best=0.000981@50 | patience=2/30 | time=3.54s
[2026-04-27 11:53:21] epoch   53/300 | train=0.000950 | val=0.000980 | best=0.000981@50 | patience=3/30 | time=3.35s
[2026-04-27 11:53:27] epoch   54/300 | train=0.000947 | val=0.000978 | best=0.000978@54 | patience=0/30 | time=3.55s *
[2026-04-27 11:53:31] epoch   55/300 | train=0.000945 | val=0.000985 | best=0.000978@54 | patience=1/30 | time=3.37s
[2026-04-27 11:53:37] epoch   56/300 | train=0.000941 | val=0.000965 | best=0.000965@56 | patience=0/30 | time=3.37s *
[2026-04-27 11:53:41] epoch   57/300 | train=0.000936 | val=0.000965 | best=0.000965@56 | patience=1/30 | time=3.62s
[2026-04-27 11:53:44] epoch   58/300 | train=0.000936 | val=0.000968 | best=0.000965@56 | patience=2/30 | time=3.52s
[2026-04-27 11:53:51] epoch   59/300 | train=0.000931 | val=0.000958 | best=0.000958@59 | patience=0/30 | time=3.35s *
[2026-04-27 11:53:57] epoch   60/300 | train=0.000929 | val=0.000952 | best=0.000952@60 | patience=0/30 | time=3.40s *
[2026-04-27 11:54:00] epoch   61/300 | train=0.000927 | val=0.000957 | best=0.000952@60 | patience=1/30 | time=3.37s
[2026-04-27 11:54:04] epoch   62/300 | train=0.000920 | val=0.000952 | best=0.000952@60 | patience=2/30 | time=3.37s
[2026-04-27 11:54:07] epoch   63/300 | train=0.000919 | val=0.000952 | best=0.000952@60 | patience=3/30 | time=3.60s
[2026-04-27 11:54:11] epoch   64/300 | train=0.000913 | val=0.000962 | best=0.000952@60 | patience=4/30 | time=3.56s
[2026-04-27 11:54:15] epoch   65/300 | train=0.000917 | val=0.000983 | best=0.000952@60 | patience=5/30 | time=3.35s
[2026-04-27 11:54:21] epoch   66/300 | train=0.000909 | val=0.000945 | best=0.000945@66 | patience=0/30 | time=3.53s *
[2026-04-27 11:54:27] epoch   67/300 | train=0.000906 | val=0.000944 | best=0.000944@67 | patience=0/30 | time=3.42s *
[2026-04-27 11:54:31] epoch   68/300 | train=0.000904 | val=0.000946 | best=0.000944@67 | patience=1/30 | time=3.37s
[2026-04-27 11:54:34] epoch   69/300 | train=0.000902 | val=0.000954 | best=0.000944@67 | patience=2/30 | time=3.61s
[2026-04-27 11:54:41] epoch   70/300 | train=0.000895 | val=0.000938 | best=0.000938@70 | patience=0/30 | time=3.54s *
[2026-04-27 11:54:44] epoch   71/300 | train=0.000896 | val=0.000945 | best=0.000938@70 | patience=1/30 | time=3.34s
[2026-04-27 11:54:48] epoch   72/300 | train=0.000891 | val=0.000946 | best=0.000938@70 | patience=2/30 | time=3.51s
[2026-04-27 11:54:51] epoch   73/300 | train=0.000895 | val=0.000949 | best=0.000938@70 | patience=3/30 | time=3.42s
[2026-04-27 11:54:55] epoch   74/300 | train=0.000884 | val=0.000957 | best=0.000938@70 | patience=4/30 | time=3.37s
[2026-04-27 11:55:01] epoch   75/300 | train=0.000882 | val=0.000929 | best=0.000929@75 | patience=0/30 | time=3.37s *
[2026-04-27 11:55:08] epoch   76/300 | train=0.000888 | val=0.000923 | best=0.000923@76 | patience=0/30 | time=3.34s *
[2026-04-27 11:55:11] epoch   77/300 | train=0.000882 | val=0.000939 | best=0.000923@76 | patience=1/30 | time=3.37s
[2026-04-27 11:55:15] epoch   78/300 | train=0.000884 | val=0.000947 | best=0.000923@76 | patience=2/30 | time=3.51s
[2026-04-27 11:55:21] epoch   79/300 | train=0.000880 | val=0.000918 | best=0.000918@79 | patience=0/30 | time=3.41s *
[2026-04-27 11:55:24] epoch   80/300 | train=0.000872 | val=0.000919 | best=0.000918@79 | patience=1/30 | time=3.37s
[2026-04-27 11:55:28] epoch   81/300 | train=0.000874 | val=0.000921 | best=0.000918@79 | patience=2/30 | time=3.37s
[2026-04-27 11:55:35] epoch   82/300 | train=0.000869 | val=0.000917 | best=0.000917@82 | patience=0/30 | time=3.62s *
[2026-04-27 11:55:38] epoch   83/300 | train=0.000866 | val=0.001044 | best=0.000917@82 | patience=1/30 | time=3.37s
[2026-04-27 11:55:45] epoch   84/300 | train=0.000872 | val=0.000911 | best=0.000911@84 | patience=0/30 | time=3.34s *
[2026-04-27 11:55:48] epoch   85/300 | train=0.000869 | val=0.000920 | best=0.000911@84 | patience=1/30 | time=3.42s
[2026-04-27 11:55:54] epoch   86/300 | train=0.000862 | val=0.000904 | best=0.000904@86 | patience=0/30 | time=3.37s *
[2026-04-27 11:55:58] epoch   87/300 | train=0.000859 | val=0.000921 | best=0.000904@86 | patience=1/30 | time=3.67s
[2026-04-27 11:56:01] epoch   88/300 | train=0.000864 | val=0.000911 | best=0.000904@86 | patience=2/30 | time=3.34s
[2026-04-27 11:56:05] epoch   89/300 | train=0.000853 | val=0.000904 | best=0.000904@86 | patience=3/30 | time=3.55s
[2026-04-27 11:56:11] epoch   90/300 | train=0.000850 | val=0.000902 | best=0.000902@90 | patience=0/30 | time=3.35s *
[2026-04-27 11:56:15] epoch   91/300 | train=0.000852 | val=0.000905 | best=0.000902@90 | patience=1/30 | time=3.56s
[2026-04-27 11:56:18] epoch   92/300 | train=0.000847 | val=0.000904 | best=0.000902@90 | patience=2/30 | time=3.41s
[2026-04-27 11:56:22] epoch   93/300 | train=0.000850 | val=0.000930 | best=0.000902@90 | patience=3/30 | time=3.37s
[2026-04-27 11:56:25] epoch   94/300 | train=0.000849 | val=0.000919 | best=0.000902@90 | patience=4/30 | time=3.34s
[2026-04-27 11:56:29] epoch   95/300 | train=0.000843 | val=0.000946 | best=0.000902@90 | patience=5/30 | time=3.37s
[2026-04-27 11:56:36] epoch   96/300 | train=0.000838 | val=0.000899 | best=0.000899@96 | patience=0/30 | time=3.68s *
[2026-04-27 11:56:39] epoch   97/300 | train=0.000837 | val=0.000918 | best=0.000899@96 | patience=1/30 | time=3.36s
[2026-04-27 11:56:43] epoch   98/300 | train=0.000837 | val=0.000900 | best=0.000899@96 | patience=2/30 | time=3.51s
[2026-04-27 11:56:49] epoch   99/300 | train=0.000837 | val=0.000890 | best=0.000890@99 | patience=0/30 | time=3.34s *
[2026-04-27 11:56:53] epoch  100/300 | train=0.000830 | val=0.000894 | best=0.000890@99 | patience=1/30 | time=3.37s
[2026-04-27 11:56:57] epoch  101/300 | train=0.000829 | val=0.000911 | best=0.000890@99 | patience=2/30 | time=3.36s
[2026-04-27 11:57:00] epoch  102/300 | train=0.000829 | val=0.000908 | best=0.000890@99 | patience=3/30 | time=3.67s
[2026-04-27 11:57:07] epoch  103/300 | train=0.000827 | val=0.000884 | best=0.000884@103 | patience=0/30 | time=3.52s *
[2026-04-27 11:57:10] epoch  104/300 | train=0.000823 | val=0.000890 | best=0.000884@103 | patience=1/30 | time=3.34s
[2026-04-27 11:57:14] epoch  105/300 | train=0.000821 | val=0.000904 | best=0.000884@103 | patience=2/30 | time=3.34s
[2026-04-27 11:57:17] epoch  106/300 | train=0.000815 | val=0.000885 | best=0.000884@103 | patience=3/30 | time=3.42s
[2026-04-27 11:57:23] epoch  107/300 | train=0.000817 | val=0.000883 | best=0.000883@107 | patience=0/30 | time=3.37s *
[2026-04-27 11:57:27] epoch  108/300 | train=0.000814 | val=0.000889 | best=0.000883@107 | patience=1/30 | time=3.67s
[2026-04-27 11:57:33] epoch  109/300 | train=0.000815 | val=0.000877 | best=0.000877@109 | patience=0/30 | time=3.52s *
[2026-04-27 11:57:37] epoch  110/300 | train=0.000810 | val=0.000876 | best=0.000877@109 | patience=1/30 | time=3.52s
[2026-04-27 11:57:41] epoch  111/300 | train=0.000809 | val=0.000906 | best=0.000877@109 | patience=2/30 | time=3.35s
[2026-04-27 11:57:47] epoch  112/300 | train=0.000809 | val=0.000874 | best=0.000874@112 | patience=0/30 | time=3.35s *
[2026-04-27 11:57:53] epoch  113/300 | train=0.000807 | val=0.000870 | best=0.000870@113 | patience=0/30 | time=3.37s *
[2026-04-27 11:57:57] epoch  114/300 | train=0.000800 | val=0.000907 | best=0.000870@113 | patience=1/30 | time=3.52s
[2026-04-27 11:58:00] epoch  115/300 | train=0.000800 | val=0.000884 | best=0.000870@113 | patience=2/30 | time=3.34s
[2026-04-27 11:58:04] epoch  116/300 | train=0.000797 | val=0.000871 | best=0.000870@113 | patience=3/30 | time=3.35s
[2026-04-27 11:58:07] epoch  117/300 | train=0.000794 | val=0.000869 | best=0.000870@113 | patience=4/30 | time=3.56s
[2026-04-27 11:58:11] epoch  118/300 | train=0.000794 | val=0.000907 | best=0.000870@113 | patience=5/30 | time=3.41s
[2026-04-27 11:58:14] epoch  119/300 | train=0.000796 | val=0.000891 | best=0.000870@113 | patience=6/30 | time=3.37s
[2026-04-27 11:58:18] epoch  120/300 | train=0.000790 | val=0.000895 | best=0.000870@113 | patience=7/30 | time=3.37s
[2026-04-27 11:58:21] epoch  121/300 | train=0.000789 | val=0.000872 | best=0.000870@113 | patience=8/30 | time=3.67s
[2026-04-27 11:58:25] epoch  122/300 | train=0.000790 | val=0.000883 | best=0.000870@113 | patience=9/30 | time=3.53s
[2026-04-27 11:58:29] epoch  123/300 | train=0.000787 | val=0.000883 | best=0.000870@113 | patience=10/30 | time=3.34s
[2026-04-27 11:58:35] epoch  124/300 | train=0.000785 | val=0.000865 | best=0.000865@124 | patience=0/30 | time=3.56s *
[2026-04-27 11:58:41] epoch  125/300 | train=0.000784 | val=0.000860 | best=0.000860@125 | patience=0/30 | time=3.42s *
[2026-04-27 11:58:45] epoch  126/300 | train=0.000778 | val=0.000901 | best=0.000860@125 | patience=1/30 | time=3.37s
[2026-04-27 11:58:48] epoch  127/300 | train=0.000777 | val=0.000859 | best=0.000860@125 | patience=2/30 | time=3.67s
[2026-04-27 11:58:52] epoch  128/300 | train=0.000773 | val=0.000972 | best=0.000860@125 | patience=3/30 | time=3.56s
[2026-04-27 11:58:55] epoch  129/300 | train=0.000779 | val=0.000988 | best=0.000860@125 | patience=4/30 | time=3.34s
[2026-04-27 11:58:59] epoch  130/300 | train=0.000780 | val=0.000874 | best=0.000860@125 | patience=5/30 | time=3.35s
[2026-04-27 11:59:05] epoch  131/300 | train=0.000771 | val=0.000856 | best=0.000856@131 | patience=0/30 | time=3.54s *
[2026-04-27 11:59:09] epoch  132/300 | train=0.000766 | val=0.000876 | best=0.000856@131 | patience=1/30 | time=3.37s
[2026-04-27 11:59:15] epoch  133/300 | train=0.000765 | val=0.000847 | best=0.000847@133 | patience=0/30 | time=3.37s *
[2026-04-27 11:59:18] epoch  134/300 | train=0.000763 | val=0.000848 | best=0.000847@133 | patience=1/30 | time=3.34s
[2026-04-27 11:59:22] epoch  135/300 | train=0.000763 | val=0.000869 | best=0.000847@133 | patience=2/30 | time=3.52s
[2026-04-27 11:59:26] epoch  136/300 | train=0.000761 | val=0.000853 | best=0.000847@133 | patience=3/30 | time=3.35s
[2026-04-27 11:59:29] epoch  137/300 | train=0.000758 | val=0.000860 | best=0.000847@133 | patience=4/30 | time=3.53s
[2026-04-27 11:59:33] epoch  138/300 | train=0.000753 | val=0.000918 | best=0.000847@133 | patience=5/30 | time=3.42s
[2026-04-27 11:59:36] epoch  139/300 | train=0.000752 | val=0.000885 | best=0.000847@133 | patience=6/30 | time=3.37s
[2026-04-27 11:59:40] epoch  140/300 | train=0.000752 | val=0.000891 | best=0.000847@133 | patience=7/30 | time=3.37s
[2026-04-27 11:59:43] epoch  141/300 | train=0.000749 | val=0.000949 | best=0.000847@133 | patience=8/30 | time=3.34s
[2026-04-27 11:59:47] epoch  142/300 | train=0.000756 | val=0.001164 | best=0.000847@133 | patience=9/30 | time=3.68s
[2026-04-27 11:59:50] epoch  143/300 | train=0.000772 | val=0.000913 | best=0.000847@133 | patience=10/30 | time=3.52s
[2026-04-27 11:59:54] epoch  144/300 | train=0.000749 | val=0.000847 | best=0.000847@133 | patience=11/30 | time=3.35s
[2026-04-27 12:00:00] epoch  145/300 | train=0.000742 | val=0.000844 | best=0.000844@145 | patience=0/30 | time=3.52s *
[2026-04-27 12:00:04] epoch  146/300 | train=0.000739 | val=0.000846 | best=0.000844@145 | patience=1/30 | time=3.37s
[2026-04-27 12:00:07] epoch  147/300 | train=0.000739 | val=0.000857 | best=0.000844@145 | patience=2/30 | time=3.37s
[2026-04-27 12:00:11] epoch  148/300 | train=0.000743 | val=0.000845 | best=0.000844@145 | patience=3/30 | time=3.34s
[2026-04-27 12:00:14] epoch  149/300 | train=0.000738 | val=0.000849 | best=0.000844@145 | patience=4/30 | time=3.61s
[2026-04-27 12:00:21] epoch  150/300 | train=0.000730 | val=0.000835 | best=0.000835@150 | patience=0/30 | time=3.51s *
[2026-04-27 12:00:24] epoch  151/300 | train=0.000731 | val=0.000848 | best=0.000835@150 | patience=1/30 | time=3.56s
[2026-04-27 12:00:28] epoch  152/300 | train=0.000731 | val=0.000839 | best=0.000835@150 | patience=2/30 | time=3.41s
[2026-04-27 12:00:31] epoch  153/300 | train=0.000725 | val=0.000842 | best=0.000835@150 | patience=3/30 | time=3.37s
[2026-04-27 12:00:38] epoch  154/300 | train=0.000723 | val=0.000832 | best=0.000832@154 | patience=0/30 | time=3.37s *
[2026-04-27 12:00:41] epoch  155/300 | train=0.000720 | val=0.000839 | best=0.000832@154 | patience=1/30 | time=3.67s
[2026-04-27 12:00:45] epoch  156/300 | train=0.000724 | val=0.000913 | best=0.000832@154 | patience=2/30 | time=3.52s
[2026-04-27 12:00:51] epoch  157/300 | train=0.000725 | val=0.000828 | best=0.000828@157 | patience=0/30 | time=3.34s *
[2026-04-27 12:00:55] epoch  158/300 | train=0.000718 | val=0.000856 | best=0.000828@157 | patience=1/30 | time=3.56s
[2026-04-27 12:00:58] epoch  159/300 | train=0.000710 | val=0.000855 | best=0.000828@157 | patience=2/30 | time=3.41s
[2026-04-27 12:01:02] epoch  160/300 | train=0.000717 | val=0.000834 | best=0.000828@157 | patience=3/30 | time=3.37s
[2026-04-27 12:01:05] epoch  161/300 | train=0.000715 | val=0.000857 | best=0.000828@157 | patience=4/30 | time=3.34s
[2026-04-27 12:01:09] epoch  162/300 | train=0.000714 | val=0.000845 | best=0.000828@157 | patience=5/30 | time=3.34s
[2026-04-27 12:01:13] epoch  163/300 | train=0.000708 | val=0.000865 | best=0.000828@157 | patience=6/30 | time=3.67s
[2026-04-27 12:01:16] epoch  164/300 | train=0.000707 | val=0.000838 | best=0.000828@157 | patience=7/30 | time=3.56s
[2026-04-27 12:01:20] epoch  165/300 | train=0.000703 | val=0.000846 | best=0.000828@157 | patience=8/30 | time=3.35s
[2026-04-27 12:01:23] epoch  166/300 | train=0.000703 | val=0.000850 | best=0.000828@157 | patience=9/30 | time=3.56s
[2026-04-27 12:01:27] epoch  167/300 | train=0.000696 | val=0.000827 | best=0.000828@157 | patience=10/30 | time=3.41s
[2026-04-27 12:01:30] epoch  168/300 | train=0.000699 | val=0.000904 | best=0.000828@157 | patience=11/30 | time=3.37s
[2026-04-27 12:01:34] epoch  169/300 | train=0.000694 | val=0.000891 | best=0.000828@157 | patience=12/30 | time=3.36s
[2026-04-27 12:01:38] epoch  170/300 | train=0.000698 | val=0.000884 | best=0.000828@157 | patience=13/30 | time=3.67s
[2026-04-27 12:01:44] epoch  171/300 | train=0.000691 | val=0.000821 | best=0.000821@171 | patience=0/30 | time=3.55s *
[2026-04-27 12:01:47] epoch  172/300 | train=0.000690 | val=0.000918 | best=0.000821@171 | patience=1/30 | time=3.34s
[2026-04-27 12:01:51] epoch  173/300 | train=0.000696 | val=0.000842 | best=0.000821@171 | patience=2/30 | time=3.56s
[2026-04-27 12:01:55] epoch  174/300 | train=0.000685 | val=0.000842 | best=0.000821@171 | patience=3/30 | time=3.42s
[2026-04-27 12:01:58] epoch  175/300 | train=0.000688 | val=0.000826 | best=0.000821@171 | patience=4/30 | time=3.37s
[2026-04-27 12:02:05] epoch  176/300 | train=0.000682 | val=0.000820 | best=0.000820@176 | patience=0/30 | time=3.36s *
[2026-04-27 12:02:08] epoch  177/300 | train=0.000681 | val=0.000884 | best=0.000820@176 | patience=1/30 | time=3.34s
[2026-04-27 12:02:12] epoch  178/300 | train=0.000682 | val=0.000831 | best=0.000820@176 | patience=2/30 | time=3.54s
[2026-04-27 12:02:15] epoch  179/300 | train=0.000674 | val=0.000836 | best=0.000820@176 | patience=3/30 | time=3.35s
[2026-04-27 12:02:21] epoch  180/300 | train=0.000676 | val=0.000814 | best=0.000814@180 | patience=0/30 | time=3.51s *
[2026-04-27 12:02:25] epoch  181/300 | train=0.000669 | val=0.000872 | best=0.000814@180 | patience=1/30 | time=3.37s
[2026-04-27 12:02:28] epoch  182/300 | train=0.000669 | val=0.000842 | best=0.000814@180 | patience=2/30 | time=3.36s
[2026-04-27 12:02:32] epoch  183/300 | train=0.000666 | val=0.000891 | best=0.000814@180 | patience=3/30 | time=3.34s
[2026-04-27 12:02:39] epoch  184/300 | train=0.000666 | val=0.000808 | best=0.000808@184 | patience=0/30 | time=3.67s *
[2026-04-27 12:02:42] epoch  185/300 | train=0.000660 | val=0.000862 | best=0.000808@184 | patience=1/30 | time=3.36s
[2026-04-27 12:02:46] epoch  186/300 | train=0.000658 | val=0.000817 | best=0.000808@184 | patience=2/30 | time=3.53s
[2026-04-27 12:02:49] epoch  187/300 | train=0.000661 | val=0.000817 | best=0.000808@184 | patience=3/30 | time=3.41s
[2026-04-27 12:02:53] epoch  188/300 | train=0.000654 | val=0.000916 | best=0.000808@184 | patience=4/30 | time=3.37s
[2026-04-27 12:02:56] epoch  189/300 | train=0.000655 | val=0.000811 | best=0.000808@184 | patience=5/30 | time=3.37s
[2026-04-27 12:03:00] epoch  190/300 | train=0.000648 | val=0.000824 | best=0.000808@184 | patience=6/30 | time=3.34s
[2026-04-27 12:03:03] epoch  191/300 | train=0.000644 | val=0.000822 | best=0.000808@184 | patience=7/30 | time=3.67s
[2026-04-27 12:03:10] epoch  192/300 | train=0.000642 | val=0.000807 | best=0.000807@192 | patience=0/30 | time=3.53s *
[2026-04-27 12:03:13] epoch  193/300 | train=0.000640 | val=0.000818 | best=0.000807@192 | patience=1/30 | time=3.52s
[2026-04-27 12:03:17] epoch  194/300 | train=0.000638 | val=0.000879 | best=0.000807@192 | patience=2/30 | time=3.42s
[2026-04-27 12:03:23] epoch  195/300 | train=0.000637 | val=0.000803 | best=0.000803@195 | patience=0/30 | time=3.37s *
[2026-04-27 12:03:27] epoch  196/300 | train=0.000636 | val=0.000864 | best=0.000803@195 | patience=1/30 | time=3.61s
[2026-04-27 12:03:30] epoch  197/300 | train=0.000647 | val=0.000841 | best=0.000803@195 | patience=2/30 | time=3.34s
[2026-04-27 12:03:34] epoch  198/300 | train=0.000642 | val=0.000831 | best=0.000803@195 | patience=3/30 | time=3.56s
[2026-04-27 12:03:37] epoch  199/300 | train=0.000634 | val=0.000816 | best=0.000803@195 | patience=4/30 | time=3.34s
[2026-04-27 12:03:44] epoch  200/300 | train=0.000626 | val=0.000799 | best=0.000799@200 | patience=0/30 | time=3.51s *
[2026-04-27 12:03:47] epoch  201/300 | train=0.000621 | val=0.000803 | best=0.000799@200 | patience=1/30 | time=3.42s
[2026-04-27 12:03:51] epoch  202/300 | train=0.000623 | val=0.000806 | best=0.000799@200 | patience=2/30 | time=3.37s
[2026-04-27 12:03:54] epoch  203/300 | train=0.000620 | val=0.000803 | best=0.000799@200 | patience=3/30 | time=3.37s
[2026-04-27 12:03:58] epoch  204/300 | train=0.000619 | val=0.000804 | best=0.000799@200 | patience=4/30 | time=3.67s
[2026-04-27 12:04:04] epoch  205/300 | train=0.000614 | val=0.000795 | best=0.000795@205 | patience=0/30 | time=3.34s *
[2026-04-27 12:04:08] epoch  206/300 | train=0.000615 | val=0.000795 | best=0.000795@205 | patience=1/30 | time=3.36s
[2026-04-27 12:04:12] epoch  207/300 | train=0.000611 | val=0.003920 | best=0.000795@205 | patience=2/30 | time=3.56s
[2026-04-27 12:04:15] epoch  208/300 | train=0.000682 | val=0.000858 | best=0.000795@205 | patience=3/30 | time=3.42s
[2026-04-27 12:04:19] epoch  209/300 | train=0.000653 | val=0.000861 | best=0.000795@205 | patience=4/30 | time=3.37s
[2026-04-27 12:04:22] epoch  210/300 | train=0.000626 | val=0.000818 | best=0.000795@205 | patience=5/30 | time=3.37s
[2026-04-27 12:04:26] epoch  211/300 | train=0.000614 | val=0.000866 | best=0.000795@205 | patience=6/30 | time=3.34s
[2026-04-27 12:04:29] epoch  212/300 | train=0.000609 | val=0.000819 | best=0.000795@205 | patience=7/30 | time=3.60s
[2026-04-27 12:04:33] epoch  213/300 | train=0.000604 | val=0.000802 | best=0.000795@205 | patience=8/30 | time=3.53s
[2026-04-27 12:04:39] epoch  214/300 | train=0.000597 | val=0.000791 | best=0.000791@214 | patience=0/30 | time=3.35s *
[2026-04-27 12:04:43] epoch  215/300 | train=0.000596 | val=0.000804 | best=0.000791@214 | patience=1/30 | time=3.41s
[2026-04-27 12:04:46] epoch  216/300 | train=0.000589 | val=0.000794 | best=0.000791@214 | patience=2/30 | time=3.37s
[2026-04-27 12:04:50] epoch  217/300 | train=0.000585 | val=0.000810 | best=0.000791@214 | patience=3/30 | time=3.34s
[2026-04-27 12:04:56] epoch  218/300 | train=0.000588 | val=0.000787 | best=0.000787@218 | patience=0/30 | time=3.36s *
[2026-04-27 12:05:00] epoch  219/300 | train=0.000583 | val=0.000840 | best=0.000787@218 | patience=1/30 | time=3.53s
[2026-04-27 12:05:03] epoch  220/300 | train=0.000583 | val=0.000792 | best=0.000787@218 | patience=2/30 | time=3.35s
[2026-04-27 12:05:07] epoch  221/300 | train=0.000581 | val=0.000788 | best=0.000787@218 | patience=3/30 | time=3.55s
[2026-04-27 12:05:10] epoch  222/300 | train=0.000577 | val=0.000885 | best=0.000787@218 | patience=4/30 | time=3.42s
[2026-04-27 12:05:14] epoch  223/300 | train=0.000583 | val=0.000806 | best=0.000787@218 | patience=5/30 | time=3.35s
[2026-04-27 12:05:17] epoch  224/300 | train=0.000577 | val=0.000828 | best=0.000787@218 | patience=6/30 | time=3.37s
[2026-04-27 12:05:21] epoch  225/300 | train=0.000576 | val=0.000806 | best=0.000787@218 | patience=7/30 | time=3.37s
[2026-04-27 12:05:24] epoch  226/300 | train=0.000574 | val=0.000791 | best=0.000787@218 | patience=8/30 | time=3.62s
[2026-04-27 12:05:28] epoch  227/300 | train=0.000565 | val=0.000824 | best=0.000787@218 | patience=9/30 | time=3.52s
[2026-04-27 12:05:31] epoch  228/300 | train=0.000563 | val=0.000790 | best=0.000787@218 | patience=10/30 | time=3.35s
[2026-04-27 12:05:35] epoch  229/300 | train=0.000559 | val=0.000788 | best=0.000787@218 | patience=11/30 | time=3.52s
[2026-04-27 12:05:39] epoch  230/300 | train=0.000562 | val=0.000787 | best=0.000787@218 | patience=12/30 | time=3.41s
[2026-04-27 12:05:42] epoch  231/300 | train=0.000559 | val=0.000836 | best=0.000787@218 | patience=13/30 | time=3.37s
[2026-04-27 12:05:46] epoch  232/300 | train=0.000561 | val=0.000795 | best=0.000787@218 | patience=14/30 | time=3.34s
[2026-04-27 12:05:49] epoch  233/300 | train=0.000553 | val=0.000796 | best=0.000787@218 | patience=15/30 | time=3.37s
[2026-04-27 12:05:53] epoch  234/300 | train=0.000551 | val=0.000906 | best=0.000787@218 | patience=16/30 | time=3.62s
[2026-04-27 12:05:56] epoch  235/300 | train=0.000553 | val=0.000832 | best=0.000787@218 | patience=17/30 | time=3.53s
[2026-04-27 12:06:00] epoch  236/300 | train=0.000547 | val=0.000836 | best=0.000787@218 | patience=18/30 | time=3.35s
[2026-04-27 12:06:04] epoch  237/300 | train=0.000545 | val=0.000789 | best=0.000787@218 | patience=19/30 | time=3.52s
[2026-04-27 12:06:07] epoch  238/300 | train=0.000542 | val=0.000797 | best=0.000787@218 | patience=20/30 | time=3.40s
[2026-04-27 12:06:10] epoch  239/300 | train=0.000545 | val=0.000799 | best=0.000787@218 | patience=21/30 | time=3.37s
[2026-04-27 12:06:14] epoch  240/300 | train=0.000540 | val=0.000822 | best=0.000787@218 | patience=22/30 | time=3.36s
[2026-04-27 12:06:18] epoch  241/300 | train=0.000538 | val=0.000812 | best=0.000787@218 | patience=23/30 | time=3.67s
[2026-04-27 12:06:21] epoch  242/300 | train=0.000536 | val=0.000790 | best=0.000787@218 | patience=24/30 | time=3.34s
[2026-04-27 12:06:25] epoch  243/300 | train=0.000535 | val=0.000794 | best=0.000787@218 | patience=25/30 | time=3.55s
[2026-04-27 12:06:28] epoch  244/300 | train=0.000534 | val=0.000837 | best=0.000787@218 | patience=26/30 | time=3.35s
[2026-04-27 12:06:32] epoch  245/300 | train=0.000534 | val=0.000796 | best=0.000787@218 | patience=27/30 | time=3.55s
[2026-04-27 12:06:35] epoch  246/300 | train=0.000529 | val=0.000799 | best=0.000787@218 | patience=28/30 | time=3.40s
[2026-04-27 12:06:39] epoch  247/300 | train=0.000529 | val=0.000789 | best=0.000787@218 | patience=29/30 | time=3.36s
[2026-04-27 12:06:45] epoch  248/300 | train=0.000523 | val=0.000781 | best=0.000781@248 | patience=0/30 | time=3.36s *
[2026-04-27 12:06:49] epoch  249/300 | train=0.000515 | val=0.001069 | best=0.000781@248 | patience=1/30 | time=3.57s
[2026-04-27 12:06:53] epoch  250/300 | train=0.000534 | val=0.000964 | best=0.000781@248 | patience=2/30 | time=3.35s
[2026-04-27 12:06:56] epoch  251/300 | train=0.000529 | val=0.000783 | best=0.000781@248 | patience=3/30 | time=3.34s
[2026-04-27 12:07:02] epoch  252/300 | train=0.000517 | val=0.000779 | best=0.000779@252 | patience=0/30 | time=3.53s *
[2026-04-27 12:07:06] epoch  253/300 | train=0.000509 | val=0.000796 | best=0.000779@252 | patience=1/30 | time=3.42s
[2026-04-27 12:07:09] epoch  254/300 | train=0.000506 | val=0.000803 | best=0.000779@252 | patience=2/30 | time=3.37s
[2026-04-27 12:07:13] epoch  255/300 | train=0.000507 | val=0.000792 | best=0.000779@252 | patience=3/30 | time=3.36s
[2026-04-27 12:07:16] epoch  256/300 | train=0.000506 | val=0.000962 | best=0.000779@252 | patience=4/30 | time=3.34s
[2026-04-27 12:07:20] epoch  257/300 | train=0.000510 | val=0.000788 | best=0.000779@252 | patience=5/30 | time=3.62s
[2026-04-27 12:07:24] epoch  258/300 | train=0.000503 | val=0.000784 | best=0.000779@252 | patience=6/30 | time=3.52s
[2026-04-27 12:07:27] epoch  259/300 | train=0.000499 | val=0.000800 | best=0.000779@252 | patience=7/30 | time=3.35s
[2026-04-27 12:07:31] epoch  260/300 | train=0.000496 | val=0.000797 | best=0.000779@252 | patience=8/30 | time=3.51s
[2026-04-27 12:07:34] epoch  261/300 | train=0.000494 | val=0.000844 | best=0.000779@252 | patience=9/30 | time=3.42s
[2026-04-27 12:07:38] epoch  262/300 | train=0.000489 | val=0.000820 | best=0.000779@252 | patience=10/30 | time=3.38s
[2026-04-27 12:07:41] epoch  263/300 | train=0.000494 | val=0.000779 | best=0.000779@252 | patience=11/30 | time=3.37s
[2026-04-27 12:07:48] epoch  264/300 | train=0.000486 | val=0.000775 | best=0.000775@264 | patience=0/30 | time=3.61s *
[2026-04-27 12:07:51] epoch  265/300 | train=0.000486 | val=0.000789 | best=0.000775@264 | patience=1/30 | time=3.53s
[2026-04-27 12:07:55] epoch  266/300 | train=0.000487 | val=0.000843 | best=0.000775@264 | patience=2/30 | time=3.35s
[2026-04-27 12:07:58] epoch  267/300 | train=0.000485 | val=0.000782 | best=0.000775@264 | patience=3/30 | time=3.51s
[2026-04-27 12:08:02] epoch  268/300 | train=0.000476 | val=0.000785 | best=0.000775@264 | patience=4/30 | time=3.42s
[2026-04-27 12:08:05] epoch  269/300 | train=0.000476 | val=0.000779 | best=0.000775@264 | patience=5/30 | time=3.37s
[2026-04-27 12:08:10] epoch  270/300 | train=0.000472 | val=0.000793 | best=0.000775@264 | patience=6/30 | time=3.37s
[2026-04-27 12:08:13] epoch  271/300 | train=0.000471 | val=0.000775 | best=0.000775@264 | patience=7/30 | time=3.60s
[2026-04-27 12:08:17] epoch  272/300 | train=0.000469 | val=0.000778 | best=0.000775@264 | patience=8/30 | time=3.53s
[2026-04-27 12:08:20] epoch  273/300 | train=0.000465 | val=0.000788 | best=0.000775@264 | patience=9/30 | time=3.34s
[2026-04-27 12:08:24] epoch  274/300 | train=0.000466 | val=0.000780 | best=0.000775@264 | patience=10/30 | time=3.35s
[2026-04-27 12:08:28] epoch  275/300 | train=0.000464 | val=0.000807 | best=0.000775@264 | patience=11/30 | time=3.51s
[2026-04-27 12:08:31] epoch  276/300 | train=0.000461 | val=0.000785 | best=0.000775@264 | patience=12/30 | time=3.42s
[2026-04-27 12:08:35] epoch  277/300 | train=0.000461 | val=0.000775 | best=0.000775@264 | patience=13/30 | time=3.36s
[2026-04-27 12:08:38] epoch  278/300 | train=0.000459 | val=0.000887 | best=0.000775@264 | patience=14/30 | time=3.36s
[2026-04-27 12:08:42] epoch  279/300 | train=0.000473 | val=0.000798 | best=0.000775@264 | patience=15/30 | time=3.67s
[2026-04-27 12:08:45] epoch  280/300 | train=0.000460 | val=0.000854 | best=0.000775@264 | patience=16/30 | time=3.54s
[2026-04-27 12:08:49] epoch  281/300 | train=0.000463 | val=0.000819 | best=0.000775@264 | patience=17/30 | time=3.34s
[2026-04-27 12:08:52] epoch  282/300 | train=0.000455 | val=0.000795 | best=0.000775@264 | patience=18/30 | time=3.34s
[2026-04-27 12:08:56] epoch  283/300 | train=0.000447 | val=0.000780 | best=0.000775@264 | patience=19/30 | time=3.55s
[2026-04-27 12:09:00] epoch  284/300 | train=0.000447 | val=0.002182 | best=0.000775@264 | patience=20/30 | time=3.40s
[2026-04-27 12:09:03] epoch  285/300 | train=0.000549 | val=0.001122 | best=0.000775@264 | patience=21/30 | time=3.37s
[2026-04-27 12:09:07] epoch  286/300 | train=0.000541 | val=0.000976 | best=0.000775@264 | patience=22/30 | time=3.37s
[2026-04-27 12:09:10] epoch  287/300 | train=0.000491 | val=0.000844 | best=0.000775@264 | patience=23/30 | time=3.67s
[2026-04-27 12:09:17] epoch  288/300 | train=0.000457 | val=0.000772 | best=0.000772@288 | patience=0/30 | time=3.53s *
[2026-04-27 12:09:20] epoch  289/300 | train=0.000444 | val=0.000814 | best=0.000772@288 | patience=1/30 | time=3.35s
[2026-04-27 12:09:24] epoch  290/300 | train=0.000442 | val=0.000805 | best=0.000772@288 | patience=2/30 | time=3.51s
[2026-04-27 12:09:30] epoch  291/300 | train=0.000434 | val=0.000769 | best=0.000769@291 | patience=0/30 | time=3.42s *
[2026-04-27 12:09:34] epoch  292/300 | train=0.000430 | val=0.000799 | best=0.000769@291 | patience=1/30 | time=3.37s
[2026-04-27 12:09:37] epoch  293/300 | train=0.000428 | val=0.000775 | best=0.000769@291 | patience=2/30 | time=3.62s
[2026-04-27 12:09:41] epoch  294/300 | train=0.000426 | val=0.000817 | best=0.000769@291 | patience=3/30 | time=3.52s
[2026-04-27 12:09:44] epoch  295/300 | train=0.000424 | val=0.000793 | best=0.000769@291 | patience=4/30 | time=3.35s
[2026-04-27 12:09:48] epoch  296/300 | train=0.000425 | val=0.000852 | best=0.000769@291 | patience=5/30 | time=3.35s
[2026-04-27 12:09:51] epoch  297/300 | train=0.000424 | val=0.000804 | best=0.000769@291 | patience=6/30 | time=3.53s
[2026-04-27 12:09:55] epoch  298/300 | train=0.000419 | val=0.000789 | best=0.000769@291 | patience=7/30 | time=3.42s
[2026-04-27 12:09:58] epoch  299/300 | train=0.000416 | val=0.000778 | best=0.000769@291 | patience=8/30 | time=3.37s
[2026-04-27 12:10:02] epoch  300/300 | train=0.000417 | val=0.000779 | best=0.000769@291 | patience=9/30 | time=3.37s
[2026-04-27 12:10:02] Training done: stop_reason=max_epochs, total_epochs=300, best_epoch=291, best_val=0.000769
[2026-04-27 12:10:02] Reloading best checkpoint (epoch 291) for evaluation
[2026-04-27 12:10:11] ------------------------------------------------------------
[2026-04-27 12:10:11] Evaluation:
[2026-04-27 12:10:11]   AUC broken_lcfs         : 0.6032
[2026-04-27 12:10:11]   AUC bad_black_core      : 0.9934
[2026-04-27 12:10:11]   AUC bad_nonconverged    : 0.9987
[2026-04-27 12:10:11]   objective      : 0.8389
[2026-04-27 12:10:11]   floor_ok       : True
[2026-04-27 12:10:11]   threshold      : 0.2082
[2026-04-27 12:10:11]   mu / sigma     : 0.000428428 / 9.21147e-05
[2026-04-27 12:10:11] Train time=1325.0s, eval time=6.3s
