[2026-04-27 10:07:30] ============================================================
[2026-04-27 10:07:30] Trial 158 starting on cuda:0
[2026-04-27 10:07:30] Timestamp: 2026-04-27T10:07:30.592521
[2026-04-27 10:07:30] --- Config summary ---
  bottleneck_dim  : 190
  n_enc_layers    : 2
  n_dec_layers    : 4
  base_channels   : 37
  growth_factor   : 2.9788986634908534
  use_batchnorm   : False
  use_hpf         : True
  hpf_sigma       : 1.8482043845785858
  lr              : 0.001704540475628539
  batch_size      : 40
  max_epochs      : 300
  patience        : 30
  seed            : 42
  deterministic   : False
  trial_num       : 158
[2026-04-27 10:07:30] Loading train/val/selection splits...
[2026-04-27 10:08:30] Splits loaded in 59.6s: n_train=722, n_val=120, n_selection=405
[2026-04-27 10:08:39] --- Architecture summary ---
  channels per enc layer : [37, 110]
  final spatial size     : 64x64
  flat size before latent: 450560
  bottleneck_dim         : 190
  total parameters       : 172,210,479
[2026-04-27 10:08:39] Starting training: n_train=722, n_val=120, device=cuda:0
[2026-04-27 10:10:48] epoch    1/300 | train=0.007634 | val=0.007575 | best=0.007575@1 | patience=0/30 | time=123.37s *
[2026-04-27 10:10:57] epoch    2/300 | train=0.007513 | val=0.007393 | best=0.007393@2 | patience=0/30 | time=4.36s *
[2026-04-27 10:11:07] epoch    3/300 | train=0.006715 | val=0.006105 | best=0.006105@3 | patience=0/30 | time=4.15s *
[2026-04-27 10:11:16] epoch    4/300 | train=0.005586 | val=0.005204 | best=0.005204@4 | patience=0/30 | time=4.27s *
[2026-04-27 10:11:26] epoch    5/300 | train=0.005134 | val=0.004828 | best=0.004828@5 | patience=0/30 | time=4.36s *
[2026-04-27 10:11:35] epoch    6/300 | train=0.004598 | val=0.004493 | best=0.004493@6 | patience=0/30 | time=4.16s *
[2026-04-27 10:11:45] epoch    7/300 | train=0.004394 | val=0.004352 | best=0.004352@7 | patience=0/30 | time=4.27s *
[2026-04-27 10:11:54] epoch    8/300 | train=0.004234 | val=0.004177 | best=0.004177@8 | patience=0/30 | time=4.26s *
[2026-04-27 10:12:04] epoch    9/300 | train=0.004042 | val=0.003845 | best=0.003845@9 | patience=0/30 | time=4.45s *
[2026-04-27 10:12:14] epoch   10/300 | train=0.003755 | val=0.003588 | best=0.003588@10 | patience=0/30 | time=4.14s *
[2026-04-27 10:12:23] epoch   11/300 | train=0.003521 | val=0.003401 | best=0.003401@11 | patience=0/30 | time=4.26s *
[2026-04-27 10:12:33] epoch   12/300 | train=0.003354 | val=0.003224 | best=0.003224@12 | patience=0/30 | time=4.36s *
[2026-04-27 10:12:43] epoch   13/300 | train=0.003205 | val=0.003023 | best=0.003023@13 | patience=0/30 | time=4.15s *
[2026-04-27 10:12:52] epoch   14/300 | train=0.002995 | val=0.002896 | best=0.002896@14 | patience=0/30 | time=4.16s *
[2026-04-27 10:13:02] epoch   15/300 | train=0.002898 | val=0.002888 | best=0.002888@15 | patience=0/30 | time=4.44s *
[2026-04-27 10:13:12] epoch   16/300 | train=0.002837 | val=0.002737 | best=0.002737@16 | patience=0/30 | time=4.39s *
[2026-04-27 10:13:16] epoch   17/300 | train=0.002735 | val=0.002868 | best=0.002737@16 | patience=1/30 | time=4.15s
[2026-04-27 10:13:26] epoch   18/300 | train=0.002826 | val=0.002657 | best=0.002657@18 | patience=0/30 | time=4.17s *
[2026-04-27 10:13:36] epoch   19/300 | train=0.002628 | val=0.002563 | best=0.002563@19 | patience=0/30 | time=4.15s *
[2026-04-27 10:13:45] epoch   20/300 | train=0.002540 | val=0.002525 | best=0.002525@20 | patience=0/30 | time=4.27s *
[2026-04-27 10:13:55] epoch   21/300 | train=0.002506 | val=0.002495 | best=0.002495@21 | patience=0/30 | time=4.47s *
[2026-04-27 10:14:04] epoch   22/300 | train=0.002457 | val=0.002433 | best=0.002433@22 | patience=0/30 | time=4.15s *
[2026-04-27 10:14:09] epoch   23/300 | train=0.002424 | val=0.002547 | best=0.002433@22 | patience=1/30 | time=4.24s
[2026-04-27 10:14:18] epoch   24/300 | train=0.002454 | val=0.002389 | best=0.002389@24 | patience=0/30 | time=4.19s *
[2026-04-27 10:14:23] epoch   25/300 | train=0.002357 | val=0.002957 | best=0.002389@24 | patience=1/30 | time=4.27s
[2026-04-27 10:14:27] epoch   26/300 | train=0.002905 | val=0.002682 | best=0.002389@24 | patience=2/30 | time=4.13s
[2026-04-27 10:14:31] epoch   27/300 | train=0.002559 | val=0.002476 | best=0.002389@24 | patience=3/30 | time=4.53s
[2026-04-27 10:14:36] epoch   28/300 | train=0.002438 | val=0.002466 | best=0.002389@24 | patience=4/30 | time=4.16s
[2026-04-27 10:14:40] epoch   29/300 | train=0.002424 | val=0.002400 | best=0.002389@24 | patience=5/30 | time=4.16s
[2026-04-27 10:14:50] epoch   30/300 | train=0.002389 | val=0.002382 | best=0.002382@30 | patience=0/30 | time=4.43s *
[2026-04-27 10:14:54] epoch   31/300 | train=0.002373 | val=0.002381 | best=0.002382@30 | patience=1/30 | time=4.16s
[2026-04-27 10:15:04] epoch   32/300 | train=0.002372 | val=0.002378 | best=0.002378@32 | patience=0/30 | time=4.26s *
[2026-04-27 10:15:14] epoch   33/300 | train=0.002367 | val=0.002359 | best=0.002359@33 | patience=0/30 | time=4.17s *
[2026-04-27 10:15:18] epoch   34/300 | train=0.002353 | val=0.002366 | best=0.002359@33 | patience=1/30 | time=4.27s
[2026-04-27 10:15:27] epoch   35/300 | train=0.002349 | val=0.002344 | best=0.002344@35 | patience=0/30 | time=4.14s *
[2026-04-27 10:15:37] epoch   36/300 | train=0.002340 | val=0.002340 | best=0.002340@36 | patience=0/30 | time=4.36s *
[2026-04-27 10:15:41] epoch   37/300 | train=0.002346 | val=0.002358 | best=0.002340@36 | patience=1/30 | time=4.16s
[2026-04-27 10:15:46] epoch   38/300 | train=0.002337 | val=0.002345 | best=0.002340@36 | patience=2/30 | time=4.37s
[2026-04-27 10:15:55] epoch   39/300 | train=0.002339 | val=0.002334 | best=0.002334@39 | patience=0/30 | time=4.28s *
[2026-04-27 10:16:05] epoch   40/300 | train=0.002324 | val=0.002328 | best=0.002328@40 | patience=0/30 | time=4.27s *
[2026-04-27 10:16:09] epoch   41/300 | train=0.002320 | val=0.002353 | best=0.002328@40 | patience=1/30 | time=4.16s
[2026-04-27 10:16:18] epoch   42/300 | train=0.002327 | val=0.002323 | best=0.002323@42 | patience=0/30 | time=4.29s *
[2026-04-27 10:16:23] epoch   43/300 | train=0.002319 | val=0.002326 | best=0.002323@42 | patience=1/30 | time=4.36s
[2026-04-27 10:16:32] epoch   44/300 | train=0.002317 | val=0.002313 | best=0.002313@44 | patience=0/30 | time=4.29s *
[2026-04-27 10:16:37] epoch   45/300 | train=0.002306 | val=0.002348 | best=0.002313@44 | patience=1/30 | time=4.39s
[2026-04-27 10:16:41] epoch   46/300 | train=0.002327 | val=0.002366 | best=0.002313@44 | patience=2/30 | time=4.31s
[2026-04-27 10:16:46] epoch   47/300 | train=0.002323 | val=0.002346 | best=0.002313@44 | patience=3/30 | time=4.37s
[2026-04-27 10:16:50] epoch   48/300 | train=0.002311 | val=0.002332 | best=0.002313@44 | patience=4/30 | time=4.27s
[2026-04-27 10:16:59] epoch   49/300 | train=0.002310 | val=0.002309 | best=0.002309@49 | patience=0/30 | time=4.16s *
[2026-04-27 10:17:09] epoch   50/300 | train=0.002302 | val=0.002306 | best=0.002306@50 | patience=0/30 | time=4.58s *
[2026-04-27 10:17:09]   pruned at epoch 50
[2026-04-27 10:17:09] Training done: stop_reason=pruned, total_epochs=50, best_epoch=50, best_val=0.002306
[2026-04-27 10:17:09] Reloading best checkpoint (epoch 50) for evaluation
[2026-04-27 10:17:21] ------------------------------------------------------------
[2026-04-27 10:17:21] Evaluation:
[2026-04-27 10:17:21]   AUC broken_lcfs         : 0.6061
[2026-04-27 10:17:21]   AUC bad_black_core      : 0.9735
[2026-04-27 10:17:21]   AUC bad_nonconverged    : 0.9758
[2026-04-27 10:17:21]   objective      : 0.8272
[2026-04-27 10:17:21]   floor_ok       : True
[2026-04-27 10:17:21]   threshold      : 0.0844
[2026-04-27 10:17:21]   mu / sigma     : 0.00229432 / 0.000503652
[2026-04-27 10:17:21] Train time=510.1s, eval time=7.4s
