[2026-04-27 03:41:34] ============================================================
[2026-04-27 03:41:34] Trial 70 starting on cuda:0
[2026-04-27 03:41:34] Timestamp: 2026-04-27T03:41:34.982243
[2026-04-27 03:41:34] --- Config summary ---
  bottleneck_dim  : 185
  n_enc_layers    : 5
  n_dec_layers    : 4
  base_channels   : 45
  growth_factor   : 2.047262399406681
  use_batchnorm   : True
  use_hpf         : True
  hpf_sigma       : 1.0522882232211146
  lr              : 7.645899817223307e-05
  batch_size      : 8
  max_epochs      : 300
  patience        : 30
  seed            : 42
  deterministic   : False
  trial_num       : 70
[2026-04-27 03:41:34] Loading train/val/selection splits...
[2026-04-27 03:42:33] Splits loaded in 58.5s: n_train=722, n_val=120, n_selection=405
[2026-04-27 03:42:35] --- Architecture summary ---
  channels per enc layer : [45, 92, 189, 386, 791]
  final spatial size     : 8x8
  flat size before latent: 50624
  bottleneck_dim         : 185
  total parameters       : 53,796,307
[2026-04-27 03:42:35] Starting training: n_train=722, n_val=120, device=cuda:0
[2026-04-27 03:44:13] epoch    1/300 | train=0.002710 | val=0.001773 | best=0.001773@1 | patience=0/30 | time=97.51s *
[2026-04-27 03:44:23] epoch    2/300 | train=0.001593 | val=0.001557 | best=0.001557@2 | patience=0/30 | time=8.99s *
[2026-04-27 03:44:33] epoch    3/300 | train=0.001476 | val=0.001434 | best=0.001434@3 | patience=0/30 | time=8.83s *
[2026-04-27 03:44:43] epoch    4/300 | train=0.001401 | val=0.001412 | best=0.001412@4 | patience=0/30 | time=9.08s *
[2026-04-27 03:44:53] epoch    5/300 | train=0.001359 | val=0.001326 | best=0.001326@5 | patience=0/30 | time=8.82s *
[2026-04-27 03:45:03] epoch    6/300 | train=0.001338 | val=0.001320 | best=0.001320@6 | patience=0/30 | time=9.05s *
[2026-04-27 03:45:12] epoch    7/300 | train=0.001313 | val=0.001310 | best=0.001310@7 | patience=0/30 | time=8.85s *
[2026-04-27 03:45:23] epoch    8/300 | train=0.001303 | val=0.001291 | best=0.001291@8 | patience=0/30 | time=9.26s *
[2026-04-27 03:45:32] epoch    9/300 | train=0.001278 | val=0.001278 | best=0.001278@9 | patience=0/30 | time=8.95s *
[2026-04-27 03:45:42] epoch   10/300 | train=0.001260 | val=0.001261 | best=0.001261@10 | patience=0/30 | time=8.86s *
[2026-04-27 03:45:52] epoch   11/300 | train=0.001238 | val=0.001230 | best=0.001230@11 | patience=0/30 | time=9.14s *
[2026-04-27 03:46:02] epoch   12/300 | train=0.001214 | val=0.001218 | best=0.001218@12 | patience=0/30 | time=8.92s *
[2026-04-27 03:46:12] epoch   13/300 | train=0.001190 | val=0.001200 | best=0.001200@13 | patience=0/30 | time=9.02s *
[2026-04-27 03:46:22] epoch   14/300 | train=0.001173 | val=0.001163 | best=0.001163@14 | patience=0/30 | time=8.84s *
[2026-04-27 03:46:32] epoch   15/300 | train=0.001148 | val=0.001144 | best=0.001144@15 | patience=0/30 | time=9.27s *
[2026-04-27 03:46:42] epoch   16/300 | train=0.001125 | val=0.001123 | best=0.001123@16 | patience=0/30 | time=9.01s *
[2026-04-27 03:46:52] epoch   17/300 | train=0.001096 | val=0.001100 | best=0.001100@17 | patience=0/30 | time=8.90s *
[2026-04-27 03:47:02] epoch   18/300 | train=0.001082 | val=0.001075 | best=0.001075@18 | patience=0/30 | time=9.12s *
[2026-04-27 03:47:11] epoch   19/300 | train=0.001056 | val=0.001077 | best=0.001075@18 | patience=1/30 | time=8.97s
[2026-04-27 03:47:21] epoch   20/300 | train=0.001052 | val=0.001061 | best=0.001061@20 | patience=0/30 | time=8.99s *
[2026-04-27 03:47:30] epoch   21/300 | train=0.001025 | val=0.001056 | best=0.001056@21 | patience=0/30 | time=8.83s *
[2026-04-27 03:47:40] epoch   22/300 | train=0.001010 | val=0.001015 | best=0.001015@22 | patience=0/30 | time=9.08s *
[2026-04-27 03:47:49] epoch   23/300 | train=0.000993 | val=0.001040 | best=0.001015@22 | patience=1/30 | time=8.83s
[2026-04-27 03:47:59] epoch   24/300 | train=0.000982 | val=0.001009 | best=0.001009@24 | patience=0/30 | time=9.06s *
[2026-04-27 03:48:09] epoch   25/300 | train=0.000971 | val=0.001001 | best=0.001001@25 | patience=0/30 | time=8.87s *
[2026-04-27 03:48:19] epoch   26/300 | train=0.000962 | val=0.001002 | best=0.001001@25 | patience=1/30 | time=9.30s
[2026-04-27 03:48:28] epoch   27/300 | train=0.000942 | val=0.000976 | best=0.000976@27 | patience=0/30 | time=9.00s *
[2026-04-27 03:48:37] epoch   28/300 | train=0.000925 | val=0.001002 | best=0.000976@27 | patience=1/30 | time=8.93s
[2026-04-27 03:48:46] epoch   29/300 | train=0.000933 | val=0.001025 | best=0.000976@27 | patience=2/30 | time=8.81s
[2026-04-27 03:48:57] epoch   30/300 | train=0.000924 | val=0.000961 | best=0.000961@30 | patience=0/30 | time=9.37s *
[2026-04-27 03:49:06] epoch   31/300 | train=0.000903 | val=0.000970 | best=0.000961@30 | patience=1/30 | time=8.99s
[2026-04-27 03:49:16] epoch   32/300 | train=0.000889 | val=0.000945 | best=0.000945@32 | patience=0/30 | time=8.93s *
[2026-04-27 03:49:26] epoch   33/300 | train=0.000881 | val=0.000942 | best=0.000942@33 | patience=0/30 | time=9.11s *
[2026-04-27 03:49:36] epoch   34/300 | train=0.000867 | val=0.000928 | best=0.000928@34 | patience=0/30 | time=8.94s *
[2026-04-27 03:49:45] epoch   35/300 | train=0.000860 | val=0.000942 | best=0.000928@34 | patience=1/30 | time=9.02s
[2026-04-27 03:49:54] epoch   36/300 | train=0.000854 | val=0.000936 | best=0.000928@34 | patience=2/30 | time=8.84s
[2026-04-27 03:50:04] epoch   37/300 | train=0.000848 | val=0.000921 | best=0.000921@37 | patience=0/30 | time=9.13s *
[2026-04-27 03:50:13] epoch   38/300 | train=0.000840 | val=0.000930 | best=0.000921@37 | patience=1/30 | time=8.83s
[2026-04-27 03:50:23] epoch   39/300 | train=0.000835 | val=0.000926 | best=0.000921@37 | patience=2/30 | time=9.03s
[2026-04-27 03:50:32] epoch   40/300 | train=0.000827 | val=0.000914 | best=0.000914@40 | patience=0/30 | time=8.83s *
[2026-04-27 03:50:42] epoch   41/300 | train=0.000813 | val=0.000908 | best=0.000908@41 | patience=0/30 | time=9.20s *
[2026-04-27 03:50:52] epoch   42/300 | train=0.000807 | val=0.000917 | best=0.000908@41 | patience=1/30 | time=8.98s
[2026-04-27 03:51:01] epoch   43/300 | train=0.000801 | val=0.000913 | best=0.000908@41 | patience=2/30 | time=8.89s
[2026-04-27 03:51:11] epoch   44/300 | train=0.000791 | val=0.000899 | best=0.000899@44 | patience=0/30 | time=8.82s *
[2026-04-27 03:51:20] epoch   45/300 | train=0.000783 | val=0.000902 | best=0.000899@44 | patience=1/30 | time=8.93s
[2026-04-27 03:51:30] epoch   46/300 | train=0.000775 | val=0.000896 | best=0.000896@46 | patience=0/30 | time=9.03s *
[2026-04-27 03:51:39] epoch   47/300 | train=0.000764 | val=0.000883 | best=0.000883@47 | patience=0/30 | time=8.89s *
[2026-04-27 03:51:49] epoch   48/300 | train=0.000757 | val=0.000888 | best=0.000883@47 | patience=1/30 | time=9.09s
[2026-04-27 03:51:58] epoch   49/300 | train=0.000752 | val=0.000893 | best=0.000883@47 | patience=2/30 | time=8.94s
[2026-04-27 03:52:07] epoch   50/300 | train=0.000741 | val=0.000887 | best=0.000883@47 | patience=3/30 | time=8.97s
[2026-04-27 03:52:16] epoch   51/300 | train=0.000735 | val=0.000897 | best=0.000883@47 | patience=4/30 | time=8.83s
[2026-04-27 03:52:25] epoch   52/300 | train=0.000735 | val=0.000895 | best=0.000883@47 | patience=5/30 | time=9.09s
[2026-04-27 03:52:34] epoch   53/300 | train=0.000733 | val=0.000895 | best=0.000883@47 | patience=6/30 | time=8.93s
[2026-04-27 03:52:43] epoch   54/300 | train=0.000726 | val=0.000893 | best=0.000883@47 | patience=7/30 | time=8.96s
[2026-04-27 03:52:53] epoch   55/300 | train=0.000717 | val=0.000882 | best=0.000882@55 | patience=0/30 | time=8.87s *
[2026-04-27 03:53:03] epoch   56/300 | train=0.000707 | val=0.000878 | best=0.000878@56 | patience=0/30 | time=9.15s *
[2026-04-27 03:53:13] epoch   57/300 | train=0.000692 | val=0.000872 | best=0.000872@57 | patience=0/30 | time=8.94s *
[2026-04-27 03:53:22] epoch   58/300 | train=0.000685 | val=0.000879 | best=0.000872@57 | patience=1/30 | time=9.02s
[2026-04-27 03:53:31] epoch   59/300 | train=0.000686 | val=0.000874 | best=0.000872@57 | patience=2/30 | time=8.88s
[2026-04-27 03:53:41] epoch   60/300 | train=0.000673 | val=0.000867 | best=0.000867@60 | patience=0/30 | time=9.25s *
[2026-04-27 03:53:50] epoch   61/300 | train=0.000669 | val=0.000875 | best=0.000867@60 | patience=1/30 | time=9.00s
[2026-04-27 03:53:59] epoch   62/300 | train=0.000663 | val=0.000872 | best=0.000867@60 | patience=2/30 | time=8.90s
[2026-04-27 03:54:09] epoch   63/300 | train=0.000646 | val=0.000866 | best=0.000866@63 | patience=0/30 | time=8.88s *
[2026-04-27 03:54:19] epoch   64/300 | train=0.000636 | val=0.000881 | best=0.000866@63 | patience=1/30 | time=9.27s
[2026-04-27 03:54:28] epoch   65/300 | train=0.000640 | val=0.000867 | best=0.000866@63 | patience=2/30 | time=8.84s
[2026-04-27 03:54:37] epoch   66/300 | train=0.000627 | val=0.000875 | best=0.000866@63 | patience=3/30 | time=9.07s
[2026-04-27 03:54:46] epoch   67/300 | train=0.000616 | val=0.000868 | best=0.000866@63 | patience=4/30 | time=8.85s
[2026-04-27 03:54:56] epoch   68/300 | train=0.000608 | val=0.000874 | best=0.000866@63 | patience=5/30 | time=9.20s
[2026-04-27 03:55:05] epoch   69/300 | train=0.000610 | val=0.000873 | best=0.000866@63 | patience=6/30 | time=8.79s
[2026-04-27 03:55:14] epoch   70/300 | train=0.000598 | val=0.000871 | best=0.000866@63 | patience=7/30 | time=9.03s
[2026-04-27 03:55:23] epoch   71/300 | train=0.000593 | val=0.000895 | best=0.000866@63 | patience=8/30 | time=8.84s
[2026-04-27 03:55:32] epoch   72/300 | train=0.000587 | val=0.000891 | best=0.000866@63 | patience=9/30 | time=9.23s
[2026-04-27 03:55:41] epoch   73/300 | train=0.000582 | val=0.000878 | best=0.000866@63 | patience=10/30 | time=8.80s
[2026-04-27 03:55:50] epoch   74/300 | train=0.000569 | val=0.000872 | best=0.000866@63 | patience=11/30 | time=9.03s
[2026-04-27 03:55:59] epoch   75/300 | train=0.000553 | val=0.000876 | best=0.000866@63 | patience=12/30 | time=8.86s
[2026-04-27 03:56:09] epoch   76/300 | train=0.000548 | val=0.000870 | best=0.000866@63 | patience=13/30 | time=9.21s
[2026-04-27 03:56:18] epoch   77/300 | train=0.000535 | val=0.000879 | best=0.000866@63 | patience=14/30 | time=8.81s
[2026-04-27 03:56:27] epoch   78/300 | train=0.000533 | val=0.000883 | best=0.000866@63 | patience=15/30 | time=9.04s
[2026-04-27 03:56:36] epoch   79/300 | train=0.000533 | val=0.000883 | best=0.000866@63 | patience=16/30 | time=8.85s
[2026-04-27 03:56:45] epoch   80/300 | train=0.000520 | val=0.000877 | best=0.000866@63 | patience=17/30 | time=9.24s
[2026-04-27 03:56:54] epoch   81/300 | train=0.000517 | val=0.000896 | best=0.000866@63 | patience=18/30 | time=8.80s
[2026-04-27 03:57:03] epoch   82/300 | train=0.000510 | val=0.000895 | best=0.000866@63 | patience=19/30 | time=9.03s
[2026-04-27 03:57:12] epoch   83/300 | train=0.000496 | val=0.000891 | best=0.000866@63 | patience=20/30 | time=8.84s
[2026-04-27 03:57:22] epoch   84/300 | train=0.000491 | val=0.000881 | best=0.000866@63 | patience=21/30 | time=9.21s
[2026-04-27 03:57:31] epoch   85/300 | train=0.000478 | val=0.000880 | best=0.000866@63 | patience=22/30 | time=8.79s
[2026-04-27 03:57:40] epoch   86/300 | train=0.000469 | val=0.000888 | best=0.000866@63 | patience=23/30 | time=9.03s
[2026-04-27 03:57:49] epoch   87/300 | train=0.000464 | val=0.000886 | best=0.000866@63 | patience=24/30 | time=8.84s
[2026-04-27 03:57:58] epoch   88/300 | train=0.000458 | val=0.000892 | best=0.000866@63 | patience=25/30 | time=9.20s
[2026-04-27 03:58:07] epoch   89/300 | train=0.000449 | val=0.000892 | best=0.000866@63 | patience=26/30 | time=8.80s
[2026-04-27 03:58:16] epoch   90/300 | train=0.000447 | val=0.000900 | best=0.000866@63 | patience=27/30 | time=9.04s
[2026-04-27 03:58:25] epoch   91/300 | train=0.000437 | val=0.000889 | best=0.000866@63 | patience=28/30 | time=8.85s
[2026-04-27 03:58:36] epoch   92/300 | train=0.000430 | val=0.000897 | best=0.000866@63 | patience=29/30 | time=9.22s
[2026-04-27 03:58:45] epoch   93/300 | train=0.000425 | val=0.000906 | best=0.000866@63 | patience=30/30 | time=8.97s
[2026-04-27 03:58:45]   early stopping at epoch 93 (no improvement for 30 epochs)
[2026-04-27 03:58:45] Training done: stop_reason=early_stop, total_epochs=93, best_epoch=63, best_val=0.000866
[2026-04-27 03:58:45] Reloading best checkpoint (epoch 63) for evaluation
[2026-04-27 03:58:57] ------------------------------------------------------------
[2026-04-27 03:58:57] Evaluation:
[2026-04-27 03:58:57]   AUC broken_lcfs         : 0.6121
[2026-04-27 03:58:57]   AUC bad_black_core      : 0.9967
[2026-04-27 03:58:57]   AUC bad_nonconverged    : 0.9987
[2026-04-27 03:58:57]   objective      : 0.8434
[2026-04-27 03:58:57]   floor_ok       : True
[2026-04-27 03:58:57]   threshold      : 0.0880
[2026-04-27 03:58:57]   mu / sigma     : 0.000619944 / 0.000178564
[2026-04-27 03:58:57] Train time=969.9s, eval time=11.7s
