[2026-04-27 04:00:26] ============================================================
[2026-04-27 04:00:26] Trial 75 starting on cuda:0
[2026-04-27 04:00:26] Timestamp: 2026-04-27T04:00:26.395005
[2026-04-27 04:00:26] --- Config summary ---
  bottleneck_dim  : 153
  n_enc_layers    : 4
  n_dec_layers    : 5
  base_channels   : 34
  growth_factor   : 2.082436296015791
  use_batchnorm   : True
  use_hpf         : True
  hpf_sigma       : 1.0477960436042528
  lr              : 0.00010614847327522289
  batch_size      : 8
  max_epochs      : 300
  patience        : 30
  seed            : 42
  deterministic   : False
  trial_num       : 75
[2026-04-27 04:00:26] Loading train/val/selection splits...
[2026-04-27 04:00:35] Splits loaded in 8.8s: n_train=722, n_val=120, n_selection=405
[2026-04-27 04:00:35] --- Architecture summary ---
  channels per enc layer : [34, 71, 147, 307]
  final spatial size     : 16x16
  flat size before latent: 78592
  bottleneck_dim         : 153
  total parameters       : 30,424,161
[2026-04-27 04:00:35] Starting training: n_train=722, n_val=120, device=cuda:0
[2026-04-27 04:01:26] epoch    1/300 | train=0.002864 | val=0.001757 | best=0.001757@1 | patience=0/30 | time=51.16s *
[2026-04-27 04:01:33] epoch    2/300 | train=0.001599 | val=0.001560 | best=0.001560@2 | patience=0/30 | time=6.49s *
[2026-04-27 04:01:40] epoch    3/300 | train=0.001478 | val=0.001445 | best=0.001445@3 | patience=0/30 | time=6.55s *
[2026-04-27 04:01:46] epoch    4/300 | train=0.001388 | val=0.001393 | best=0.001393@4 | patience=0/30 | time=6.50s *
[2026-04-27 04:01:53] epoch    5/300 | train=0.001346 | val=0.001317 | best=0.001317@5 | patience=0/30 | time=6.47s *
[2026-04-27 04:01:59] epoch    6/300 | train=0.001302 | val=0.001288 | best=0.001288@6 | patience=0/30 | time=6.44s *
[2026-04-27 04:02:06] epoch    7/300 | train=0.001274 | val=0.001279 | best=0.001279@7 | patience=0/30 | time=6.42s *
[2026-04-27 04:02:12] epoch    8/300 | train=0.001258 | val=0.001252 | best=0.001252@8 | patience=0/30 | time=6.39s *
[2026-04-27 04:02:19] epoch    9/300 | train=0.001229 | val=0.001240 | best=0.001240@9 | patience=0/30 | time=6.40s *
[2026-04-27 04:02:25] epoch   10/300 | train=0.001208 | val=0.001207 | best=0.001207@10 | patience=0/30 | time=6.43s *
[2026-04-27 04:02:32] epoch   11/300 | train=0.001180 | val=0.001180 | best=0.001180@11 | patience=0/30 | time=6.36s *
[2026-04-27 04:02:38] epoch   12/300 | train=0.001157 | val=0.001157 | best=0.001157@12 | patience=0/30 | time=6.39s *
[2026-04-27 04:02:45] epoch   13/300 | train=0.001136 | val=0.001158 | best=0.001157@12 | patience=1/30 | time=6.39s
[2026-04-27 04:02:51] epoch   14/300 | train=0.001124 | val=0.001125 | best=0.001125@14 | patience=0/30 | time=6.39s *
[2026-04-27 04:02:58] epoch   15/300 | train=0.001101 | val=0.001109 | best=0.001109@15 | patience=0/30 | time=6.35s *
[2026-04-27 04:03:04] epoch   16/300 | train=0.001086 | val=0.001091 | best=0.001091@16 | patience=0/30 | time=6.34s *
[2026-04-27 04:03:11] epoch   17/300 | train=0.001066 | val=0.001080 | best=0.001080@17 | patience=0/30 | time=6.40s *
[2026-04-27 04:03:17] epoch   18/300 | train=0.001057 | val=0.001081 | best=0.001080@17 | patience=1/30 | time=6.35s
[2026-04-27 04:03:24] epoch   19/300 | train=0.001043 | val=0.001049 | best=0.001049@19 | patience=0/30 | time=6.34s *
[2026-04-27 04:03:30] epoch   20/300 | train=0.001027 | val=0.001050 | best=0.001049@19 | patience=1/30 | time=6.34s
[2026-04-27 04:03:37] epoch   21/300 | train=0.001017 | val=0.001038 | best=0.001038@21 | patience=0/30 | time=6.40s *
[2026-04-27 04:03:43] epoch   22/300 | train=0.000999 | val=0.001018 | best=0.001018@22 | patience=0/30 | time=6.35s *
[2026-04-27 04:03:49] epoch   23/300 | train=0.000986 | val=0.001019 | best=0.001018@22 | patience=1/30 | time=6.34s
[2026-04-27 04:03:56] epoch   24/300 | train=0.000982 | val=0.001015 | best=0.001015@24 | patience=0/30 | time=6.35s *
[2026-04-27 04:04:02] epoch   25/300 | train=0.000970 | val=0.000996 | best=0.000996@25 | patience=0/30 | time=6.39s *
[2026-04-27 04:04:09] epoch   26/300 | train=0.000960 | val=0.001018 | best=0.000996@25 | patience=1/30 | time=6.31s
[2026-04-27 04:04:15] epoch   27/300 | train=0.000953 | val=0.000986 | best=0.000986@27 | patience=0/30 | time=6.37s *
[2026-04-27 04:04:22] epoch   28/300 | train=0.000938 | val=0.001006 | best=0.000986@27 | patience=1/30 | time=6.34s
[2026-04-27 04:04:28] epoch   29/300 | train=0.000936 | val=0.001016 | best=0.000986@27 | patience=2/30 | time=6.35s
[2026-04-27 04:04:34] epoch   30/300 | train=0.000933 | val=0.000971 | best=0.000971@30 | patience=0/30 | time=6.35s *
[2026-04-27 04:04:41] epoch   31/300 | train=0.000919 | val=0.000960 | best=0.000960@31 | patience=0/30 | time=6.38s *
[2026-04-27 04:04:47] epoch   32/300 | train=0.000910 | val=0.000982 | best=0.000960@31 | patience=1/30 | time=6.34s
[2026-04-27 04:04:54] epoch   33/300 | train=0.000908 | val=0.000958 | best=0.000958@33 | patience=0/30 | time=6.39s *
[2026-04-27 04:05:00] epoch   34/300 | train=0.000897 | val=0.000968 | best=0.000958@33 | patience=1/30 | time=6.32s
[2026-04-27 04:05:07] epoch   35/300 | train=0.000890 | val=0.000956 | best=0.000956@35 | patience=0/30 | time=6.38s *
[2026-04-27 04:05:13] epoch   36/300 | train=0.000884 | val=0.000954 | best=0.000954@36 | patience=0/30 | time=6.34s *
[2026-04-27 04:05:20] epoch   37/300 | train=0.000882 | val=0.000936 | best=0.000936@37 | patience=0/30 | time=6.36s *
[2026-04-27 04:05:26] epoch   38/300 | train=0.000870 | val=0.001023 | best=0.000936@37 | patience=1/30 | time=6.35s
[2026-04-27 04:05:32] epoch   39/300 | train=0.000902 | val=0.000940 | best=0.000936@37 | patience=2/30 | time=6.38s
[2026-04-27 04:05:39] epoch   40/300 | train=0.000856 | val=0.000933 | best=0.000933@40 | patience=0/30 | time=6.33s *
[2026-04-27 04:05:45] epoch   41/300 | train=0.000846 | val=0.000937 | best=0.000933@40 | patience=1/30 | time=6.38s
[2026-04-27 04:05:52] epoch   42/300 | train=0.000844 | val=0.000929 | best=0.000929@42 | patience=0/30 | time=6.34s *
[2026-04-27 04:05:58] epoch   43/300 | train=0.000840 | val=0.000928 | best=0.000928@43 | patience=0/30 | time=6.36s *
[2026-04-27 04:06:05] epoch   44/300 | train=0.000829 | val=0.000919 | best=0.000919@44 | patience=0/30 | time=6.35s *
[2026-04-27 04:06:11] epoch   45/300 | train=0.000822 | val=0.000922 | best=0.000919@44 | patience=1/30 | time=6.38s
[2026-04-27 04:06:18] epoch   46/300 | train=0.000819 | val=0.000914 | best=0.000914@46 | patience=0/30 | time=6.34s *
[2026-04-27 04:06:24] epoch   47/300 | train=0.000809 | val=0.000923 | best=0.000914@46 | patience=1/30 | time=6.34s
[2026-04-27 04:06:30] epoch   48/300 | train=0.000810 | val=0.000923 | best=0.000914@46 | patience=2/30 | time=6.35s
[2026-04-27 04:06:37] epoch   49/300 | train=0.000804 | val=0.000922 | best=0.000914@46 | patience=3/30 | time=6.33s
[2026-04-27 04:06:43] epoch   50/300 | train=0.000796 | val=0.000912 | best=0.000912@50 | patience=0/30 | time=6.39s *
[2026-04-27 04:06:50] epoch   51/300 | train=0.000788 | val=0.000903 | best=0.000903@51 | patience=0/30 | time=6.35s *
[2026-04-27 04:06:56] epoch   52/300 | train=0.000784 | val=0.000903 | best=0.000903@51 | patience=1/30 | time=6.33s
[2026-04-27 04:07:02] epoch   53/300 | train=0.000780 | val=0.000900 | best=0.000900@53 | patience=0/30 | time=6.34s *
[2026-04-27 04:07:09] epoch   54/300 | train=0.000773 | val=0.000902 | best=0.000900@53 | patience=1/30 | time=6.39s
[2026-04-27 04:07:15] epoch   55/300 | train=0.000769 | val=0.000895 | best=0.000895@55 | patience=0/30 | time=6.31s *
[2026-04-27 04:07:22] epoch   56/300 | train=0.000755 | val=0.000894 | best=0.000894@56 | patience=0/30 | time=6.39s *
[2026-04-27 04:07:28] epoch   57/300 | train=0.000746 | val=0.000881 | best=0.000881@57 | patience=0/30 | time=6.35s *
[2026-04-27 04:07:35] epoch   58/300 | train=0.000743 | val=0.000905 | best=0.000881@57 | patience=1/30 | time=6.39s
[2026-04-27 04:07:41] epoch   59/300 | train=0.000738 | val=0.000885 | best=0.000881@57 | patience=2/30 | time=6.31s
[2026-04-27 04:07:47] epoch   60/300 | train=0.000729 | val=0.000897 | best=0.000881@57 | patience=3/30 | time=6.37s
[2026-04-27 04:07:54] epoch   61/300 | train=0.000729 | val=0.000885 | best=0.000881@57 | patience=4/30 | time=6.35s
[2026-04-27 04:08:00] epoch   62/300 | train=0.000718 | val=0.000878 | best=0.000878@62 | patience=0/30 | time=6.39s *
[2026-04-27 04:08:07] epoch   63/300 | train=0.000715 | val=0.000891 | best=0.000878@62 | patience=1/30 | time=6.31s
[2026-04-27 04:08:13] epoch   64/300 | train=0.000707 | val=0.000880 | best=0.000878@62 | patience=2/30 | time=6.38s
[2026-04-27 04:08:19] epoch   65/300 | train=0.000704 | val=0.000879 | best=0.000878@62 | patience=3/30 | time=6.35s
[2026-04-27 04:08:26] epoch   66/300 | train=0.000694 | val=0.000881 | best=0.000878@62 | patience=4/30 | time=6.39s
[2026-04-27 04:08:32] epoch   67/300 | train=0.000691 | val=0.000876 | best=0.000876@67 | patience=0/30 | time=6.36s *
[2026-04-27 04:08:39] epoch   68/300 | train=0.000683 | val=0.000880 | best=0.000876@67 | patience=1/30 | time=6.34s
[2026-04-27 04:08:45] epoch   69/300 | train=0.000677 | val=0.000872 | best=0.000872@69 | patience=0/30 | time=6.35s *
[2026-04-27 04:08:52] epoch   70/300 | train=0.000669 | val=0.000866 | best=0.000866@70 | patience=0/30 | time=6.39s *
[2026-04-27 04:08:58] epoch   71/300 | train=0.000662 | val=0.000882 | best=0.000866@70 | patience=1/30 | time=6.36s
[2026-04-27 04:09:05] epoch   72/300 | train=0.000663 | val=0.000906 | best=0.000866@70 | patience=2/30 | time=6.34s
[2026-04-27 04:09:11] epoch   73/300 | train=0.000659 | val=0.000865 | best=0.000865@73 | patience=0/30 | time=6.34s *
[2026-04-27 04:09:17] epoch   74/300 | train=0.000649 | val=0.000870 | best=0.000865@73 | patience=1/30 | time=6.39s
[2026-04-27 04:09:24] epoch   75/300 | train=0.000637 | val=0.000875 | best=0.000865@73 | patience=2/30 | time=6.35s
[2026-04-27 04:09:30] epoch   76/300 | train=0.000640 | val=0.000877 | best=0.000865@73 | patience=3/30 | time=6.33s
[2026-04-27 04:09:37] epoch   77/300 | train=0.000629 | val=0.000876 | best=0.000865@73 | patience=4/30 | time=6.34s
[2026-04-27 04:09:43] epoch   78/300 | train=0.000633 | val=0.000909 | best=0.000865@73 | patience=5/30 | time=6.39s
[2026-04-27 04:09:49] epoch   79/300 | train=0.000640 | val=0.000875 | best=0.000865@73 | patience=6/30 | time=6.31s
[2026-04-27 04:09:56] epoch   80/300 | train=0.000612 | val=0.000870 | best=0.000865@73 | patience=7/30 | time=6.38s
[2026-04-27 04:10:02] epoch   81/300 | train=0.000606 | val=0.000855 | best=0.000855@81 | patience=0/30 | time=6.34s *
[2026-04-27 04:10:09] epoch   82/300 | train=0.000591 | val=0.000867 | best=0.000855@81 | patience=1/30 | time=6.36s
[2026-04-27 04:10:15] epoch   83/300 | train=0.000584 | val=0.000888 | best=0.000855@81 | patience=2/30 | time=6.34s
[2026-04-27 04:10:21] epoch   84/300 | train=0.000593 | val=0.000884 | best=0.000855@81 | patience=3/30 | time=6.37s
[2026-04-27 04:10:28] epoch   85/300 | train=0.000589 | val=0.000873 | best=0.000855@81 | patience=4/30 | time=6.33s
[2026-04-27 04:10:34] epoch   86/300 | train=0.000580 | val=0.000871 | best=0.000855@81 | patience=5/30 | time=6.37s
[2026-04-27 04:10:40] epoch   87/300 | train=0.000575 | val=0.000870 | best=0.000855@81 | patience=6/30 | time=6.34s
[2026-04-27 04:10:47] epoch   88/300 | train=0.000565 | val=0.000879 | best=0.000855@81 | patience=7/30 | time=6.36s
[2026-04-27 04:10:53] epoch   89/300 | train=0.000561 | val=0.000867 | best=0.000855@81 | patience=8/30 | time=6.34s
[2026-04-27 04:11:00] epoch   90/300 | train=0.000556 | val=0.000876 | best=0.000855@81 | patience=9/30 | time=6.32s
[2026-04-27 04:11:06] epoch   91/300 | train=0.000545 | val=0.000871 | best=0.000855@81 | patience=10/30 | time=6.39s
[2026-04-27 04:11:12] epoch   92/300 | train=0.000539 | val=0.000871 | best=0.000855@81 | patience=11/30 | time=6.35s
[2026-04-27 04:11:19] epoch   93/300 | train=0.000537 | val=0.000863 | best=0.000855@81 | patience=12/30 | time=6.33s
[2026-04-27 04:11:25] epoch   94/300 | train=0.000539 | val=0.000871 | best=0.000855@81 | patience=13/30 | time=6.34s
[2026-04-27 04:11:32] epoch   95/300 | train=0.000530 | val=0.000884 | best=0.000855@81 | patience=14/30 | time=6.39s
[2026-04-27 04:11:38] epoch   96/300 | train=0.000522 | val=0.000883 | best=0.000855@81 | patience=15/30 | time=6.31s
[2026-04-27 04:11:44] epoch   97/300 | train=0.000511 | val=0.000870 | best=0.000855@81 | patience=16/30 | time=6.37s
[2026-04-27 04:11:51] epoch   98/300 | train=0.000509 | val=0.000863 | best=0.000855@81 | patience=17/30 | time=6.35s
[2026-04-27 04:11:57] epoch   99/300 | train=0.000504 | val=0.000866 | best=0.000855@81 | patience=18/30 | time=6.35s
[2026-04-27 04:12:03] epoch  100/300 | train=0.000501 | val=0.000876 | best=0.000855@81 | patience=19/30 | time=6.34s
[2026-04-27 04:12:10] epoch  101/300 | train=0.000496 | val=0.000881 | best=0.000855@81 | patience=20/30 | time=6.38s
[2026-04-27 04:12:16] epoch  102/300 | train=0.000497 | val=0.000884 | best=0.000855@81 | patience=21/30 | time=6.32s
[2026-04-27 04:12:23] epoch  103/300 | train=0.000493 | val=0.000875 | best=0.000855@81 | patience=22/30 | time=6.37s
[2026-04-27 04:12:29] epoch  104/300 | train=0.000488 | val=0.000895 | best=0.000855@81 | patience=23/30 | time=6.35s
[2026-04-27 04:12:35] epoch  105/300 | train=0.000476 | val=0.000875 | best=0.000855@81 | patience=24/30 | time=6.35s
[2026-04-27 04:12:42] epoch  106/300 | train=0.000472 | val=0.000870 | best=0.000855@81 | patience=25/30 | time=6.35s
[2026-04-27 04:12:48] epoch  107/300 | train=0.000470 | val=0.000865 | best=0.000855@81 | patience=26/30 | time=6.38s
[2026-04-27 04:12:55] epoch  108/300 | train=0.000465 | val=0.000864 | best=0.000855@81 | patience=27/30 | time=6.34s
[2026-04-27 04:13:01] epoch  109/300 | train=0.000457 | val=0.000897 | best=0.000855@81 | patience=28/30 | time=6.36s
[2026-04-27 04:13:07] epoch  110/300 | train=0.000466 | val=0.000873 | best=0.000855@81 | patience=29/30 | time=6.35s
[2026-04-27 04:13:14] epoch  111/300 | train=0.000463 | val=0.000891 | best=0.000855@81 | patience=30/30 | time=6.33s
[2026-04-27 04:13:14]   early stopping at epoch 111 (no improvement for 30 epochs)
[2026-04-27 04:13:14] Training done: stop_reason=early_stop, total_epochs=111, best_epoch=81, best_val=0.000855
[2026-04-27 04:13:14] Reloading best checkpoint (epoch 81) for evaluation
[2026-04-27 04:13:19] ------------------------------------------------------------
[2026-04-27 04:13:19] Evaluation:
[2026-04-27 04:13:19]   AUC broken_lcfs         : 0.6024
[2026-04-27 04:13:19]   AUC bad_black_core      : 0.9941
[2026-04-27 04:13:19]   AUC bad_nonconverged    : 0.9980
[2026-04-27 04:13:19]   objective      : 0.8386
[2026-04-27 04:13:19]   floor_ok       : True
[2026-04-27 04:13:19]   threshold      : 0.1091
[2026-04-27 04:13:19]   mu / sigma     : 0.000583099 / 0.000159981
[2026-04-27 04:13:19] Train time=758.9s, eval time=5.5s
