[2026-04-27 05:58:12] ============================================================
[2026-04-27 05:58:12] Trial 100 starting on cuda:0
[2026-04-27 05:58:12] Timestamp: 2026-04-27T05:58:12.522123
[2026-04-27 05:58:12] --- Config summary ---
  bottleneck_dim  : 165
  n_enc_layers    : 5
  n_dec_layers    : 2
  base_channels   : 27
  growth_factor   : 2.1758198581146697
  use_batchnorm   : True
  use_hpf         : True
  hpf_sigma       : 1.012127947264313
  lr              : 7.95022807982574e-05
  batch_size      : 16
  max_epochs      : 300
  patience        : 30
  seed            : 42
  deterministic   : False
  trial_num       : 100
[2026-04-27 05:58:12] Loading train/val/selection splits...
[2026-04-27 05:59:11] Splits loaded in 59.4s: n_train=722, n_val=120, n_selection=405
[2026-04-27 05:59:12] --- Architecture summary ---
  channels per enc layer : [27, 59, 128, 278, 605]
  final spatial size     : 8x8
  flat size before latent: 38720
  bottleneck_dim         : 165
  total parameters       : 24,128,523
[2026-04-27 05:59:12] Starting training: n_train=722, n_val=120, device=cuda:0
[2026-04-27 06:00:37] epoch    1/300 | train=0.003817 | val=0.002926 | best=0.002926@1 | patience=0/30 | time=84.53s *
[2026-04-27 06:00:41] epoch    2/300 | train=0.002116 | val=0.001998 | best=0.001998@2 | patience=0/30 | time=3.13s *
[2026-04-27 06:00:45] epoch    3/300 | train=0.001775 | val=0.001703 | best=0.001703@3 | patience=0/30 | time=3.02s *
[2026-04-27 06:00:48] epoch    4/300 | train=0.001592 | val=0.001532 | best=0.001532@4 | patience=0/30 | time=2.99s *
[2026-04-27 06:00:52] epoch    5/300 | train=0.001461 | val=0.001428 | best=0.001428@5 | patience=0/30 | time=3.03s *
[2026-04-27 06:00:56] epoch    6/300 | train=0.001377 | val=0.001378 | best=0.001378@6 | patience=0/30 | time=3.24s *
[2026-04-27 06:00:59] epoch    7/300 | train=0.001325 | val=0.001333 | best=0.001333@7 | patience=0/30 | time=2.99s *
[2026-04-27 06:01:03] epoch    8/300 | train=0.001291 | val=0.001305 | best=0.001305@8 | patience=0/30 | time=3.15s *
[2026-04-27 06:01:06] epoch    9/300 | train=0.001267 | val=0.001267 | best=0.001267@9 | patience=0/30 | time=3.00s *
[2026-04-27 06:01:10] epoch   10/300 | train=0.001242 | val=0.001263 | best=0.001263@10 | patience=0/30 | time=2.99s *
[2026-04-27 06:01:13] epoch   11/300 | train=0.001228 | val=0.001229 | best=0.001229@11 | patience=0/30 | time=3.00s *
[2026-04-27 06:01:17] epoch   12/300 | train=0.001202 | val=0.001208 | best=0.001208@12 | patience=0/30 | time=3.11s *
[2026-04-27 06:01:20] epoch   13/300 | train=0.001185 | val=0.001191 | best=0.001191@13 | patience=0/30 | time=3.00s *
[2026-04-27 06:01:24] epoch   14/300 | train=0.001170 | val=0.001182 | best=0.001182@14 | patience=0/30 | time=3.00s *
[2026-04-27 06:01:27] epoch   15/300 | train=0.001152 | val=0.001163 | best=0.001163@15 | patience=0/30 | time=3.03s *
[2026-04-27 06:01:31] epoch   16/300 | train=0.001139 | val=0.001137 | best=0.001137@16 | patience=0/30 | time=3.26s *
[2026-04-27 06:01:34] epoch   17/300 | train=0.001115 | val=0.001140 | best=0.001137@16 | patience=1/30 | time=3.00s
[2026-04-27 06:01:38] epoch   18/300 | train=0.001105 | val=0.001117 | best=0.001117@18 | patience=0/30 | time=3.15s *
[2026-04-27 06:01:41] epoch   19/300 | train=0.001088 | val=0.001096 | best=0.001096@19 | patience=0/30 | time=3.00s *
[2026-04-27 06:01:44] epoch   20/300 | train=0.001072 | val=0.001109 | best=0.001096@19 | patience=1/30 | time=3.00s
[2026-04-27 06:01:48] epoch   21/300 | train=0.001062 | val=0.001075 | best=0.001075@21 | patience=0/30 | time=3.21s *
[2026-04-27 06:01:52] epoch   22/300 | train=0.001046 | val=0.001063 | best=0.001063@22 | patience=0/30 | time=3.11s *
[2026-04-27 06:01:55] epoch   23/300 | train=0.001032 | val=0.001066 | best=0.001063@22 | patience=1/30 | time=3.00s
[2026-04-27 06:01:58] epoch   24/300 | train=0.001023 | val=0.001046 | best=0.001046@24 | patience=0/30 | time=3.08s *
[2026-04-27 06:02:02] epoch   25/300 | train=0.001013 | val=0.001035 | best=0.001035@25 | patience=0/30 | time=3.03s *
[2026-04-27 06:02:05] epoch   26/300 | train=0.000997 | val=0.001032 | best=0.001032@26 | patience=0/30 | time=3.00s *
[2026-04-27 06:02:09] epoch   27/300 | train=0.000989 | val=0.001029 | best=0.001029@27 | patience=0/30 | time=3.00s *
[2026-04-27 06:02:12] epoch   28/300 | train=0.000979 | val=0.001020 | best=0.001020@28 | patience=0/30 | time=3.14s *
[2026-04-27 06:02:16] epoch   29/300 | train=0.000972 | val=0.001009 | best=0.001009@29 | patience=0/30 | time=2.98s *
[2026-04-27 06:02:19] epoch   30/300 | train=0.000963 | val=0.000993 | best=0.000993@30 | patience=0/30 | time=2.98s *
[2026-04-27 06:02:23] epoch   31/300 | train=0.000956 | val=0.000985 | best=0.000985@31 | patience=0/30 | time=3.20s *
[2026-04-27 06:02:26] epoch   32/300 | train=0.000942 | val=0.000979 | best=0.000979@32 | patience=0/30 | time=3.09s *
[2026-04-27 06:02:30] epoch   33/300 | train=0.000934 | val=0.000967 | best=0.000967@33 | patience=0/30 | time=2.98s *
[2026-04-27 06:02:33] epoch   34/300 | train=0.000921 | val=0.000970 | best=0.000967@33 | patience=1/30 | time=2.99s
[2026-04-27 06:02:36] epoch   35/300 | train=0.000917 | val=0.000964 | best=0.000964@35 | patience=0/30 | time=3.01s *
[2026-04-27 06:02:40] epoch   36/300 | train=0.000905 | val=0.000956 | best=0.000956@36 | patience=0/30 | time=2.98s *
[2026-04-27 06:02:44] epoch   37/300 | train=0.000901 | val=0.000948 | best=0.000948@37 | patience=0/30 | time=2.98s *
[2026-04-27 06:02:47] epoch   38/300 | train=0.000891 | val=0.000970 | best=0.000948@37 | patience=1/30 | time=3.13s
[2026-04-27 06:02:50] epoch   39/300 | train=0.000892 | val=0.000944 | best=0.000944@39 | patience=0/30 | time=2.98s *
[2026-04-27 06:02:54] epoch   40/300 | train=0.000876 | val=0.000928 | best=0.000928@40 | patience=0/30 | time=2.98s *
[2026-04-27 06:02:57] epoch   41/300 | train=0.000869 | val=0.000939 | best=0.000928@40 | patience=1/30 | time=3.20s
[2026-04-27 06:03:00] epoch   42/300 | train=0.000869 | val=0.000933 | best=0.000928@40 | patience=2/30 | time=2.98s
[2026-04-27 06:03:03] epoch   43/300 | train=0.000860 | val=0.000937 | best=0.000928@40 | patience=3/30 | time=2.98s
[2026-04-27 06:03:07] epoch   44/300 | train=0.000852 | val=0.000918 | best=0.000918@44 | patience=0/30 | time=3.01s *
[2026-04-27 06:03:10] epoch   45/300 | train=0.000841 | val=0.000926 | best=0.000918@44 | patience=1/30 | time=2.98s
[2026-04-27 06:03:13] epoch   46/300 | train=0.000838 | val=0.000920 | best=0.000918@44 | patience=2/30 | time=3.01s
[2026-04-27 06:03:17] epoch   47/300 | train=0.000828 | val=0.000917 | best=0.000917@47 | patience=0/30 | time=3.23s *
[2026-04-27 06:03:20] epoch   48/300 | train=0.000822 | val=0.000909 | best=0.000909@48 | patience=0/30 | time=2.98s *
[2026-04-27 06:03:24] epoch   49/300 | train=0.000817 | val=0.000896 | best=0.000896@49 | patience=0/30 | time=2.99s *
[2026-04-27 06:03:27] epoch   50/300 | train=0.000811 | val=0.000909 | best=0.000896@49 | patience=1/30 | time=2.98s
[2026-04-27 06:03:30] epoch   51/300 | train=0.000808 | val=0.000901 | best=0.000896@49 | patience=2/30 | time=2.98s
[2026-04-27 06:03:33] epoch   52/300 | train=0.000798 | val=0.000895 | best=0.000895@52 | patience=0/30 | time=3.20s *
[2026-04-27 06:03:37] epoch   53/300 | train=0.000789 | val=0.000897 | best=0.000895@52 | patience=1/30 | time=3.12s
[2026-04-27 06:03:40] epoch   54/300 | train=0.000784 | val=0.000893 | best=0.000893@54 | patience=0/30 | time=2.98s *
[2026-04-27 06:03:44] epoch   55/300 | train=0.000780 | val=0.000880 | best=0.000880@55 | patience=0/30 | time=3.00s *
[2026-04-27 06:03:47] epoch   56/300 | train=0.000770 | val=0.000883 | best=0.000880@55 | patience=1/30 | time=3.02s
[2026-04-27 06:03:50] epoch   57/300 | train=0.000762 | val=0.000875 | best=0.000875@57 | patience=0/30 | time=2.98s *
[2026-04-27 06:03:54] epoch   58/300 | train=0.000759 | val=0.000873 | best=0.000873@58 | patience=0/30 | time=3.23s *
[2026-04-27 06:03:57] epoch   59/300 | train=0.000749 | val=0.000867 | best=0.000867@59 | patience=0/30 | time=3.13s *
[2026-04-27 06:04:01] epoch   60/300 | train=0.000742 | val=0.000874 | best=0.000867@59 | patience=1/30 | time=2.98s
[2026-04-27 06:04:04] epoch   61/300 | train=0.000738 | val=0.000868 | best=0.000867@59 | patience=2/30 | time=2.99s
[2026-04-27 06:04:07] epoch   62/300 | train=0.000736 | val=0.000864 | best=0.000864@62 | patience=0/30 | time=3.20s *
[2026-04-27 06:04:11] epoch   63/300 | train=0.000726 | val=0.000858 | best=0.000858@63 | patience=0/30 | time=3.09s *
[2026-04-27 06:04:14] epoch   64/300 | train=0.000719 | val=0.000879 | best=0.000858@63 | patience=1/30 | time=2.98s
[2026-04-27 06:04:17] epoch   65/300 | train=0.000723 | val=0.000860 | best=0.000858@63 | patience=2/30 | time=3.01s
[2026-04-27 06:04:20] epoch   66/300 | train=0.000710 | val=0.000870 | best=0.000858@63 | patience=3/30 | time=2.98s
[2026-04-27 06:04:24] epoch   67/300 | train=0.000700 | val=0.000856 | best=0.000856@67 | patience=0/30 | time=3.02s *
[2026-04-27 06:04:27] epoch   68/300 | train=0.000692 | val=0.000856 | best=0.000856@67 | patience=1/30 | time=3.23s
[2026-04-27 06:04:30] epoch   69/300 | train=0.000685 | val=0.000858 | best=0.000856@67 | patience=2/30 | time=2.98s
[2026-04-27 06:04:34] epoch   70/300 | train=0.000680 | val=0.000846 | best=0.000846@70 | patience=0/30 | time=3.12s *
[2026-04-27 06:04:37] epoch   71/300 | train=0.000676 | val=0.000859 | best=0.000846@70 | patience=1/30 | time=2.99s
[2026-04-27 06:04:40] epoch   72/300 | train=0.000669 | val=0.000857 | best=0.000846@70 | patience=2/30 | time=2.98s
[2026-04-27 06:04:43] epoch   73/300 | train=0.000667 | val=0.000844 | best=0.000844@73 | patience=0/30 | time=3.19s *
[2026-04-27 06:04:47] epoch   74/300 | train=0.000657 | val=0.000843 | best=0.000843@74 | patience=0/30 | time=2.98s *
[2026-04-27 06:04:50] epoch   75/300 | train=0.000649 | val=0.000848 | best=0.000843@74 | patience=1/30 | time=2.98s
[2026-04-27 06:04:53] epoch   76/300 | train=0.000656 | val=0.000846 | best=0.000843@74 | patience=2/30 | time=3.00s
[2026-04-27 06:04:56] epoch   77/300 | train=0.000649 | val=0.000884 | best=0.000843@74 | patience=3/30 | time=3.01s
[2026-04-27 06:04:59] epoch   78/300 | train=0.000643 | val=0.000874 | best=0.000843@74 | patience=4/30 | time=2.98s
[2026-04-27 06:05:03] epoch   79/300 | train=0.000640 | val=0.000854 | best=0.000843@74 | patience=5/30 | time=3.22s
[2026-04-27 06:05:06] epoch   80/300 | train=0.000629 | val=0.000843 | best=0.000843@74 | patience=6/30 | time=2.98s
[2026-04-27 06:05:09] epoch   81/300 | train=0.000625 | val=0.000835 | best=0.000835@81 | patience=0/30 | time=3.15s *
[2026-04-27 06:05:12] epoch   82/300 | train=0.000613 | val=0.000844 | best=0.000835@81 | patience=1/30 | time=3.01s
[2026-04-27 06:05:16] epoch   83/300 | train=0.000606 | val=0.000982 | best=0.000835@81 | patience=2/30 | time=3.00s
[2026-04-27 06:05:19] epoch   84/300 | train=0.000637 | val=0.000863 | best=0.000835@81 | patience=3/30 | time=3.22s
[2026-04-27 06:05:22] epoch   85/300 | train=0.000622 | val=0.000850 | best=0.000835@81 | patience=4/30 | time=2.99s
[2026-04-27 06:05:25] epoch   86/300 | train=0.000598 | val=0.000845 | best=0.000835@81 | patience=5/30 | time=3.12s
[2026-04-27 06:05:28] epoch   87/300 | train=0.000587 | val=0.000854 | best=0.000835@81 | patience=6/30 | time=3.00s
[2026-04-27 06:05:32] epoch   88/300 | train=0.000590 | val=0.000831 | best=0.000831@88 | patience=0/30 | time=2.98s *
[2026-04-27 06:05:35] epoch   89/300 | train=0.000575 | val=0.000843 | best=0.000831@88 | patience=1/30 | time=3.01s
[2026-04-27 06:05:38] epoch   90/300 | train=0.000572 | val=0.000836 | best=0.000831@88 | patience=2/30 | time=3.23s
[2026-04-27 06:05:41] epoch   91/300 | train=0.000562 | val=0.000838 | best=0.000831@88 | patience=3/30 | time=2.98s
[2026-04-27 06:05:44] epoch   92/300 | train=0.000562 | val=0.000844 | best=0.000831@88 | patience=4/30 | time=3.13s
[2026-04-27 06:05:48] epoch   93/300 | train=0.000561 | val=0.000836 | best=0.000831@88 | patience=5/30 | time=2.98s
[2026-04-27 06:05:51] epoch   94/300 | train=0.000552 | val=0.000832 | best=0.000831@88 | patience=6/30 | time=2.99s
[2026-04-27 06:05:54] epoch   95/300 | train=0.000543 | val=0.000830 | best=0.000831@88 | patience=7/30 | time=3.20s
[2026-04-27 06:05:57] epoch   96/300 | train=0.000537 | val=0.000828 | best=0.000828@96 | patience=0/30 | time=2.98s *
[2026-04-27 06:06:01] epoch   97/300 | train=0.000535 | val=0.000834 | best=0.000828@96 | patience=1/30 | time=3.09s
[2026-04-27 06:06:04] epoch   98/300 | train=0.000532 | val=0.000830 | best=0.000828@96 | patience=2/30 | time=3.01s
[2026-04-27 06:06:07] epoch   99/300 | train=0.000522 | val=0.000834 | best=0.000828@96 | patience=3/30 | time=2.99s
[2026-04-27 06:06:10] epoch  100/300 | train=0.000515 | val=0.000849 | best=0.000828@96 | patience=4/30 | time=3.03s
[2026-04-27 06:06:13] epoch  101/300 | train=0.000516 | val=0.000840 | best=0.000828@96 | patience=5/30 | time=3.25s
[2026-04-27 06:06:16] epoch  102/300 | train=0.000522 | val=0.000830 | best=0.000828@96 | patience=6/30 | time=3.01s
[2026-04-27 06:06:20] epoch  103/300 | train=0.000508 | val=0.000832 | best=0.000828@96 | patience=7/30 | time=3.14s
[2026-04-27 06:06:23] epoch  104/300 | train=0.000505 | val=0.000846 | best=0.000828@96 | patience=8/30 | time=2.98s
[2026-04-27 06:06:26] epoch  105/300 | train=0.000504 | val=0.000845 | best=0.000828@96 | patience=9/30 | time=2.99s
[2026-04-27 06:06:29] epoch  106/300 | train=0.000495 | val=0.000827 | best=0.000827@106 | patience=0/30 | time=2.98s *
[2026-04-27 06:06:32] epoch  107/300 | train=0.000485 | val=0.000839 | best=0.000827@106 | patience=1/30 | time=2.98s
[2026-04-27 06:06:36] epoch  108/300 | train=0.000485 | val=0.000829 | best=0.000827@106 | patience=2/30 | time=3.09s
[2026-04-27 06:06:39] epoch  109/300 | train=0.000474 | val=0.000872 | best=0.000827@106 | patience=3/30 | time=2.98s
[2026-04-27 06:06:42] epoch  110/300 | train=0.000480 | val=0.000852 | best=0.000827@106 | patience=4/30 | time=3.01s
[2026-04-27 06:06:45] epoch  111/300 | train=0.000472 | val=0.000833 | best=0.000827@106 | patience=5/30 | time=3.02s
[2026-04-27 06:06:48] epoch  112/300 | train=0.000470 | val=0.000832 | best=0.000827@106 | patience=6/30 | time=2.98s
[2026-04-27 06:06:51] epoch  113/300 | train=0.000464 | val=0.000839 | best=0.000827@106 | patience=7/30 | time=3.23s
[2026-04-27 06:06:55] epoch  114/300 | train=0.000453 | val=0.000839 | best=0.000827@106 | patience=8/30 | time=3.12s
[2026-04-27 06:06:58] epoch  115/300 | train=0.000451 | val=0.000831 | best=0.000827@106 | patience=9/30 | time=2.99s
[2026-04-27 06:07:01] epoch  116/300 | train=0.000455 | val=0.000831 | best=0.000827@106 | patience=10/30 | time=2.99s
[2026-04-27 06:07:04] epoch  117/300 | train=0.000446 | val=0.000838 | best=0.000827@106 | patience=11/30 | time=2.98s
[2026-04-27 06:07:07] epoch  118/300 | train=0.000438 | val=0.000829 | best=0.000827@106 | patience=12/30 | time=3.20s
[2026-04-27 06:07:10] epoch  119/300 | train=0.000437 | val=0.000836 | best=0.000827@106 | patience=13/30 | time=3.17s
[2026-04-27 06:07:14] epoch  120/300 | train=0.000431 | val=0.000845 | best=0.000827@106 | patience=14/30 | time=2.98s
[2026-04-27 06:07:17] epoch  121/300 | train=0.000426 | val=0.000830 | best=0.000827@106 | patience=15/30 | time=3.00s
[2026-04-27 06:07:20] epoch  122/300 | train=0.000425 | val=0.000842 | best=0.000827@106 | patience=16/30 | time=2.98s
[2026-04-27 06:07:23] epoch  123/300 | train=0.000428 | val=0.000831 | best=0.000827@106 | patience=17/30 | time=3.01s
[2026-04-27 06:07:26] epoch  124/300 | train=0.000425 | val=0.000842 | best=0.000827@106 | patience=18/30 | time=3.23s
[2026-04-27 06:07:29] epoch  125/300 | train=0.000430 | val=0.000838 | best=0.000827@106 | patience=19/30 | time=2.98s
[2026-04-27 06:07:33] epoch  126/300 | train=0.000419 | val=0.000829 | best=0.000827@106 | patience=20/30 | time=3.13s
[2026-04-27 06:07:36] epoch  127/300 | train=0.000417 | val=0.000833 | best=0.000827@106 | patience=21/30 | time=2.98s
[2026-04-27 06:07:39] epoch  128/300 | train=0.000406 | val=0.000872 | best=0.000827@106 | patience=22/30 | time=2.98s
[2026-04-27 06:07:42] epoch  129/300 | train=0.000414 | val=0.000848 | best=0.000827@106 | patience=23/30 | time=3.25s
[2026-04-27 06:07:45] epoch  130/300 | train=0.000413 | val=0.000839 | best=0.000827@106 | patience=24/30 | time=2.98s
[2026-04-27 06:07:48] epoch  131/300 | train=0.000398 | val=0.000850 | best=0.000827@106 | patience=25/30 | time=3.09s
[2026-04-27 06:07:51] epoch  132/300 | train=0.000394 | val=0.000851 | best=0.000827@106 | patience=26/30 | time=3.01s
[2026-04-27 06:07:55] epoch  133/300 | train=0.000386 | val=0.000859 | best=0.000827@106 | patience=27/30 | time=2.98s
[2026-04-27 06:07:58] epoch  134/300 | train=0.000387 | val=0.000847 | best=0.000827@106 | patience=28/30 | time=3.01s
[2026-04-27 06:08:01] epoch  135/300 | train=0.000382 | val=0.000830 | best=0.000827@106 | patience=29/30 | time=2.98s
[2026-04-27 06:08:04] epoch  136/300 | train=0.000381 | val=0.000832 | best=0.000827@106 | patience=30/30 | time=2.98s
[2026-04-27 06:08:04]   early stopping at epoch 136 (no improvement for 30 epochs)
[2026-04-27 06:08:04] Training done: stop_reason=early_stop, total_epochs=136, best_epoch=106, best_val=0.000827
[2026-04-27 06:08:04] Reloading best checkpoint (epoch 106) for evaluation
[2026-04-27 06:08:13] ------------------------------------------------------------
[2026-04-27 06:08:13] Evaluation:
[2026-04-27 06:08:13]   AUC broken_lcfs         : 0.6138
[2026-04-27 06:08:13]   AUC bad_black_core      : 0.9953
[2026-04-27 06:08:13]   AUC bad_nonconverged    : 0.9987
[2026-04-27 06:08:13]   objective      : 0.8437
[2026-04-27 06:08:13]   floor_ok       : True
[2026-04-27 06:08:13]   threshold      : 0.1587
[2026-04-27 06:08:13]   mu / sigma     : 0.000494487 / 0.00011546
[2026-04-27 06:08:13] Train time=531.9s, eval time=8.5s
