[2026-04-27 03:42:32] ============================================================
[2026-04-27 03:42:32] Trial 71 starting on cuda:0
[2026-04-27 03:42:32] Timestamp: 2026-04-27T03:42:32.766269
[2026-04-27 03:42:32] --- Config summary ---
  bottleneck_dim  : 232
  n_enc_layers    : 5
  n_dec_layers    : 3
  base_channels   : 40
  growth_factor   : 1.644671205616723
  use_batchnorm   : True
  use_hpf         : True
  hpf_sigma       : 1.0296773689482466
  lr              : 0.0009039650627616746
  batch_size      : 8
  max_epochs      : 300
  patience        : 30
  seed            : 42
  deterministic   : False
  trial_num       : 71
[2026-04-27 03:42:32] Loading train/val/selection splits...
[2026-04-27 03:42:40] Splits loaded in 7.9s: n_train=722, n_val=120, n_selection=405
[2026-04-27 03:42:40] --- Architecture summary ---
  channels per enc layer : [40, 66, 108, 178, 293]
  final spatial size     : 8x8
  flat size before latent: 18752
  bottleneck_dim         : 232
  total parameters       : 13,394,556
[2026-04-27 03:42:40] Starting training: n_train=722, n_val=120, device=cuda:0
[2026-04-27 03:43:13] epoch    1/300 | train=0.002953 | val=0.002584 | best=0.002584@1 | patience=0/30 | time=32.79s *
[2026-04-27 03:43:17] epoch    2/300 | train=0.002238 | val=0.002048 | best=0.002048@2 | patience=0/30 | time=3.77s *
[2026-04-27 03:43:21] epoch    3/300 | train=0.001895 | val=0.001798 | best=0.001798@3 | patience=0/30 | time=3.77s *
[2026-04-27 03:43:25] epoch    4/300 | train=0.001521 | val=0.001452 | best=0.001452@4 | patience=0/30 | time=3.76s *
[2026-04-27 03:43:28] epoch    5/300 | train=0.001378 | val=0.001337 | best=0.001337@5 | patience=0/30 | time=3.80s *
[2026-04-27 03:43:32] epoch    6/300 | train=0.001327 | val=0.001304 | best=0.001304@6 | patience=0/30 | time=3.78s *
[2026-04-27 03:43:36] epoch    7/300 | train=0.001302 | val=0.001334 | best=0.001304@6 | patience=1/30 | time=3.75s
[2026-04-27 03:43:40] epoch    8/300 | train=0.001305 | val=0.001288 | best=0.001288@8 | patience=0/30 | time=3.79s *
[2026-04-27 03:43:44] epoch    9/300 | train=0.001278 | val=0.001274 | best=0.001274@9 | patience=0/30 | time=3.78s *
[2026-04-27 03:43:48] epoch   10/300 | train=0.001270 | val=0.001264 | best=0.001264@10 | patience=0/30 | time=3.75s *
[2026-04-27 03:43:51] epoch   11/300 | train=0.001265 | val=0.001270 | best=0.001264@10 | patience=1/30 | time=3.76s
[2026-04-27 03:43:55] epoch   12/300 | train=0.001258 | val=0.001270 | best=0.001264@10 | patience=2/30 | time=3.77s
[2026-04-27 03:43:59] epoch   13/300 | train=0.001256 | val=0.001267 | best=0.001264@10 | patience=3/30 | time=3.80s
[2026-04-27 03:44:03] epoch   14/300 | train=0.001257 | val=0.001257 | best=0.001257@14 | patience=0/30 | time=3.79s *
[2026-04-27 03:44:07] epoch   15/300 | train=0.001251 | val=0.001258 | best=0.001257@14 | patience=1/30 | time=3.76s
[2026-04-27 03:44:11] epoch   16/300 | train=0.001248 | val=0.001333 | best=0.001257@14 | patience=2/30 | time=3.81s
[2026-04-27 03:44:14] epoch   17/300 | train=0.001241 | val=0.001269 | best=0.001257@14 | patience=3/30 | time=3.78s
[2026-04-27 03:44:18] epoch   18/300 | train=0.001245 | val=0.001260 | best=0.001257@14 | patience=4/30 | time=3.77s
[2026-04-27 03:44:22] epoch   19/300 | train=0.001223 | val=0.001232 | best=0.001232@19 | patience=0/30 | time=3.77s *
[2026-04-27 03:44:26] epoch   20/300 | train=0.001222 | val=0.001251 | best=0.001232@19 | patience=1/30 | time=3.81s
[2026-04-27 03:44:30] epoch   21/300 | train=0.001214 | val=0.001292 | best=0.001232@19 | patience=2/30 | time=3.80s
[2026-04-27 03:44:34] epoch   22/300 | train=0.001206 | val=0.001223 | best=0.001223@22 | patience=0/30 | time=3.76s *
[2026-04-27 03:44:38] epoch   23/300 | train=0.001212 | val=0.001248 | best=0.001223@22 | patience=1/30 | time=3.80s
[2026-04-27 03:44:41] epoch   24/300 | train=0.001209 | val=0.001318 | best=0.001223@22 | patience=2/30 | time=3.78s
[2026-04-27 03:44:45] epoch   25/300 | train=0.001195 | val=0.001259 | best=0.001223@22 | patience=3/30 | time=3.77s
[2026-04-27 03:44:49] epoch   26/300 | train=0.001183 | val=0.001411 | best=0.001223@22 | patience=4/30 | time=3.77s
[2026-04-27 03:44:53] epoch   27/300 | train=0.001207 | val=0.001307 | best=0.001223@22 | patience=5/30 | time=3.80s
[2026-04-27 03:44:57] epoch   28/300 | train=0.001169 | val=0.001181 | best=0.001181@28 | patience=0/30 | time=3.79s *
[2026-04-27 03:45:00] epoch   29/300 | train=0.001163 | val=0.001182 | best=0.001181@28 | patience=1/30 | time=3.76s
[2026-04-27 03:45:04] epoch   30/300 | train=0.001149 | val=0.001368 | best=0.001181@28 | patience=2/30 | time=3.76s
[2026-04-27 03:45:08] epoch   31/300 | train=0.001139 | val=0.001133 | best=0.001133@31 | patience=0/30 | time=3.80s *
[2026-04-27 03:45:12] epoch   32/300 | train=0.001128 | val=0.001139 | best=0.001133@31 | patience=1/30 | time=3.77s
[2026-04-27 03:45:16] epoch   33/300 | train=0.001121 | val=0.001139 | best=0.001133@31 | patience=2/30 | time=3.77s
[2026-04-27 03:45:20] epoch   34/300 | train=0.001113 | val=0.001158 | best=0.001133@31 | patience=3/30 | time=3.77s
[2026-04-27 03:45:23] epoch   35/300 | train=0.001102 | val=0.001114 | best=0.001114@35 | patience=0/30 | time=3.81s *
[2026-04-27 03:45:27] epoch   36/300 | train=0.001081 | val=0.001088 | best=0.001088@36 | patience=0/30 | time=3.79s *
[2026-04-27 03:45:31] epoch   37/300 | train=0.001074 | val=0.001078 | best=0.001078@37 | patience=0/30 | time=3.76s *
[2026-04-27 03:45:35] epoch   38/300 | train=0.001066 | val=0.001251 | best=0.001078@37 | patience=1/30 | time=3.80s
[2026-04-27 03:45:39] epoch   39/300 | train=0.001082 | val=0.001072 | best=0.001072@39 | patience=0/30 | time=3.77s *
[2026-04-27 03:45:43] epoch   40/300 | train=0.001039 | val=0.001115 | best=0.001072@39 | patience=1/30 | time=3.77s
[2026-04-27 03:45:46] epoch   41/300 | train=0.001030 | val=0.001037 | best=0.001037@41 | patience=0/30 | time=3.77s *
[2026-04-27 03:45:50] epoch   42/300 | train=0.001017 | val=0.001029 | best=0.001029@42 | patience=0/30 | time=3.80s *
[2026-04-27 03:45:54] epoch   43/300 | train=0.001000 | val=0.001021 | best=0.001021@43 | patience=0/30 | time=3.79s *
[2026-04-27 03:45:58] epoch   44/300 | train=0.000994 | val=0.001024 | best=0.001021@43 | patience=1/30 | time=3.75s
[2026-04-27 03:46:02] epoch   45/300 | train=0.000982 | val=0.001013 | best=0.001013@45 | patience=0/30 | time=3.80s *
[2026-04-27 03:46:06] epoch   46/300 | train=0.000976 | val=0.000992 | best=0.000992@46 | patience=0/30 | time=3.78s *
[2026-04-27 03:46:10] epoch   47/300 | train=0.000959 | val=0.001004 | best=0.000992@46 | patience=1/30 | time=3.77s
[2026-04-27 03:46:13] epoch   48/300 | train=0.000957 | val=0.000979 | best=0.000979@48 | patience=0/30 | time=3.77s *
[2026-04-27 03:46:17] epoch   49/300 | train=0.000949 | val=0.001028 | best=0.000979@48 | patience=1/30 | time=3.80s
[2026-04-27 03:46:21] epoch   50/300 | train=0.000937 | val=0.000971 | best=0.000971@50 | patience=0/30 | time=3.76s *
[2026-04-27 03:46:25] epoch   51/300 | train=0.000934 | val=0.000962 | best=0.000962@51 | patience=0/30 | time=3.79s *
[2026-04-27 03:46:29] epoch   52/300 | train=0.000922 | val=0.000964 | best=0.000962@51 | patience=1/30 | time=3.76s
[2026-04-27 03:46:33] epoch   53/300 | train=0.000912 | val=0.000957 | best=0.000957@53 | patience=0/30 | time=3.80s *
[2026-04-27 03:46:36] epoch   54/300 | train=0.000900 | val=0.000943 | best=0.000943@54 | patience=0/30 | time=3.78s *
[2026-04-27 03:46:40] epoch   55/300 | train=0.000896 | val=0.000944 | best=0.000943@54 | patience=1/30 | time=3.77s
[2026-04-27 03:46:44] epoch   56/300 | train=0.000887 | val=0.000935 | best=0.000935@56 | patience=0/30 | time=3.77s *
[2026-04-27 03:46:48] epoch   57/300 | train=0.000877 | val=0.000930 | best=0.000930@57 | patience=0/30 | time=3.80s *
[2026-04-27 03:46:52] epoch   58/300 | train=0.000870 | val=0.000939 | best=0.000930@57 | patience=1/30 | time=3.79s
[2026-04-27 03:46:56] epoch   59/300 | train=0.000874 | val=0.000928 | best=0.000928@59 | patience=0/30 | time=3.76s *
[2026-04-27 03:47:00] epoch   60/300 | train=0.000861 | val=0.000911 | best=0.000911@60 | patience=0/30 | time=3.80s *
[2026-04-27 03:47:03] epoch   61/300 | train=0.000860 | val=0.000928 | best=0.000911@60 | patience=1/30 | time=3.78s
[2026-04-27 03:47:07] epoch   62/300 | train=0.000851 | val=0.000911 | best=0.000911@60 | patience=2/30 | time=3.77s
[2026-04-27 03:47:11] epoch   63/300 | train=0.000842 | val=0.000902 | best=0.000902@63 | patience=0/30 | time=3.77s *
[2026-04-27 03:47:15] epoch   64/300 | train=0.000836 | val=0.000910 | best=0.000902@63 | patience=1/30 | time=3.82s
[2026-04-27 03:47:19] epoch   65/300 | train=0.000836 | val=0.000901 | best=0.000902@63 | patience=2/30 | time=3.78s
[2026-04-27 03:47:23] epoch   66/300 | train=0.000829 | val=0.000893 | best=0.000893@66 | patience=0/30 | time=3.76s *
[2026-04-27 03:47:26] epoch   67/300 | train=0.000813 | val=0.000897 | best=0.000893@66 | patience=1/30 | time=3.80s
[2026-04-27 03:47:30] epoch   68/300 | train=0.000807 | val=0.000891 | best=0.000891@68 | patience=0/30 | time=3.78s *
[2026-04-27 03:47:34] epoch   69/300 | train=0.000805 | val=0.000907 | best=0.000891@68 | patience=1/30 | time=3.77s
[2026-04-27 03:47:38] epoch   70/300 | train=0.000799 | val=0.000880 | best=0.000880@70 | patience=0/30 | time=3.76s *
[2026-04-27 03:47:42] epoch   71/300 | train=0.000798 | val=0.000890 | best=0.000880@70 | patience=1/30 | time=3.76s
[2026-04-27 03:47:45] epoch   72/300 | train=0.000786 | val=0.000897 | best=0.000880@70 | patience=2/30 | time=3.80s
[2026-04-27 03:47:49] epoch   73/300 | train=0.000782 | val=0.000869 | best=0.000869@73 | patience=0/30 | time=3.79s *
[2026-04-27 03:47:53] epoch   74/300 | train=0.000779 | val=0.000883 | best=0.000869@73 | patience=1/30 | time=3.76s
[2026-04-27 03:47:57] epoch   75/300 | train=0.000770 | val=0.000867 | best=0.000867@75 | patience=0/30 | time=3.80s *
[2026-04-27 03:48:01] epoch   76/300 | train=0.000768 | val=0.000871 | best=0.000867@75 | patience=1/30 | time=3.78s
[2026-04-27 03:48:05] epoch   77/300 | train=0.000759 | val=0.000878 | best=0.000867@75 | patience=2/30 | time=3.77s
[2026-04-27 03:48:08] epoch   78/300 | train=0.000757 | val=0.000881 | best=0.000867@75 | patience=3/30 | time=3.77s
[2026-04-27 03:48:12] epoch   79/300 | train=0.000756 | val=0.000879 | best=0.000867@75 | patience=4/30 | time=3.81s
[2026-04-27 03:48:16] epoch   80/300 | train=0.000747 | val=0.000867 | best=0.000867@75 | patience=5/30 | time=3.78s
[2026-04-27 03:48:20] epoch   81/300 | train=0.000743 | val=0.000865 | best=0.000865@81 | patience=0/30 | time=3.75s *
[2026-04-27 03:48:24] epoch   82/300 | train=0.000734 | val=0.000859 | best=0.000859@82 | patience=0/30 | time=3.80s *
[2026-04-27 03:48:28] epoch   83/300 | train=0.000722 | val=0.000870 | best=0.000859@82 | patience=1/30 | time=3.78s
[2026-04-27 03:48:31] epoch   84/300 | train=0.000741 | val=0.000866 | best=0.000859@82 | patience=2/30 | time=3.77s
[2026-04-27 03:48:35] epoch   85/300 | train=0.000729 | val=0.000865 | best=0.000859@82 | patience=3/30 | time=3.77s
[2026-04-27 03:48:39] epoch   86/300 | train=0.000717 | val=0.000859 | best=0.000859@82 | patience=4/30 | time=3.80s
[2026-04-27 03:48:43] epoch   87/300 | train=0.000710 | val=0.000860 | best=0.000859@82 | patience=5/30 | time=3.79s
[2026-04-27 03:48:47] epoch   88/300 | train=0.000710 | val=0.000870 | best=0.000859@82 | patience=6/30 | time=3.76s
[2026-04-27 03:48:50] epoch   89/300 | train=0.000694 | val=0.000861 | best=0.000859@82 | patience=7/30 | time=3.80s
[2026-04-27 03:48:54] epoch   90/300 | train=0.000692 | val=0.000857 | best=0.000857@90 | patience=0/30 | time=3.76s *
[2026-04-27 03:48:58] epoch   91/300 | train=0.000689 | val=0.000854 | best=0.000854@91 | patience=0/30 | time=3.78s *
[2026-04-27 03:49:02] epoch   92/300 | train=0.000686 | val=0.000861 | best=0.000854@91 | patience=1/30 | time=3.77s
[2026-04-27 03:49:06] epoch   93/300 | train=0.000680 | val=0.000855 | best=0.000854@91 | patience=2/30 | time=3.77s
[2026-04-27 03:49:10] epoch   94/300 | train=0.000676 | val=0.000865 | best=0.000854@91 | patience=3/30 | time=3.80s
[2026-04-27 03:49:14] epoch   95/300 | train=0.000670 | val=0.000854 | best=0.000854@91 | patience=4/30 | time=3.79s
[2026-04-27 03:49:17] epoch   96/300 | train=0.000657 | val=0.000852 | best=0.000852@96 | patience=0/30 | time=3.76s *
[2026-04-27 03:49:21] epoch   97/300 | train=0.000655 | val=0.000858 | best=0.000852@96 | patience=1/30 | time=3.80s
[2026-04-27 03:49:25] epoch   98/300 | train=0.000650 | val=0.000847 | best=0.000847@98 | patience=0/30 | time=3.78s *
[2026-04-27 03:49:29] epoch   99/300 | train=0.000647 | val=0.000854 | best=0.000847@98 | patience=1/30 | time=3.77s
[2026-04-27 03:49:33] epoch  100/300 | train=0.000643 | val=0.000871 | best=0.000847@98 | patience=2/30 | time=3.77s
[2026-04-27 03:49:37] epoch  101/300 | train=0.000634 | val=0.000850 | best=0.000847@98 | patience=3/30 | time=3.80s
[2026-04-27 03:49:40] epoch  102/300 | train=0.000638 | val=0.000856 | best=0.000847@98 | patience=4/30 | time=3.80s
[2026-04-27 03:49:44] epoch  103/300 | train=0.000634 | val=0.000856 | best=0.000847@98 | patience=5/30 | time=3.76s
[2026-04-27 03:49:48] epoch  104/300 | train=0.000629 | val=0.000861 | best=0.000847@98 | patience=6/30 | time=3.80s
[2026-04-27 03:49:52] epoch  105/300 | train=0.000621 | val=0.000857 | best=0.000847@98 | patience=7/30 | time=3.77s
[2026-04-27 03:49:56] epoch  106/300 | train=0.000613 | val=0.000853 | best=0.000847@98 | patience=8/30 | time=3.77s
[2026-04-27 03:49:59] epoch  107/300 | train=0.000606 | val=0.000861 | best=0.000847@98 | patience=9/30 | time=3.76s
[2026-04-27 03:50:03] epoch  108/300 | train=0.000605 | val=0.000864 | best=0.000847@98 | patience=10/30 | time=3.79s
[2026-04-27 03:50:07] epoch  109/300 | train=0.000600 | val=0.000852 | best=0.000847@98 | patience=11/30 | time=3.78s
[2026-04-27 03:50:11] epoch  110/300 | train=0.000596 | val=0.000856 | best=0.000847@98 | patience=12/30 | time=3.76s
[2026-04-27 03:50:15] epoch  111/300 | train=0.000591 | val=0.000866 | best=0.000847@98 | patience=13/30 | time=3.76s
[2026-04-27 03:50:19] epoch  112/300 | train=0.000584 | val=0.000856 | best=0.000847@98 | patience=14/30 | time=3.79s
[2026-04-27 03:50:22] epoch  113/300 | train=0.000582 | val=0.000848 | best=0.000847@98 | patience=15/30 | time=3.78s
[2026-04-27 03:50:26] epoch  114/300 | train=0.000574 | val=0.000868 | best=0.000847@98 | patience=16/30 | time=3.77s
[2026-04-27 03:50:30] epoch  115/300 | train=0.000571 | val=0.000863 | best=0.000847@98 | patience=17/30 | time=3.77s
[2026-04-27 03:50:34] epoch  116/300 | train=0.000563 | val=0.000859 | best=0.000847@98 | patience=18/30 | time=3.80s
[2026-04-27 03:50:38] epoch  117/300 | train=0.000557 | val=0.000871 | best=0.000847@98 | patience=19/30 | time=3.78s
[2026-04-27 03:50:41] epoch  118/300 | train=0.000554 | val=0.000873 | best=0.000847@98 | patience=20/30 | time=3.76s
[2026-04-27 03:50:45] epoch  119/300 | train=0.000559 | val=0.000863 | best=0.000847@98 | patience=21/30 | time=3.79s
[2026-04-27 03:50:49] epoch  120/300 | train=0.000550 | val=0.000876 | best=0.000847@98 | patience=22/30 | time=3.78s
[2026-04-27 03:50:53] epoch  121/300 | train=0.000546 | val=0.000864 | best=0.000847@98 | patience=23/30 | time=3.77s
[2026-04-27 03:50:57] epoch  122/300 | train=0.000536 | val=0.000871 | best=0.000847@98 | patience=24/30 | time=3.77s
[2026-04-27 03:51:00] epoch  123/300 | train=0.000536 | val=0.000875 | best=0.000847@98 | patience=25/30 | time=3.81s
[2026-04-27 03:51:04] epoch  124/300 | train=0.000532 | val=0.000876 | best=0.000847@98 | patience=26/30 | time=3.78s
[2026-04-27 03:51:08] epoch  125/300 | train=0.000527 | val=0.000886 | best=0.000847@98 | patience=27/30 | time=3.76s
[2026-04-27 03:51:12] epoch  126/300 | train=0.000529 | val=0.000884 | best=0.000847@98 | patience=28/30 | time=3.80s
[2026-04-27 03:51:16] epoch  127/300 | train=0.000522 | val=0.000872 | best=0.000847@98 | patience=29/30 | time=3.78s
[2026-04-27 03:51:20] epoch  128/300 | train=0.000514 | val=0.000874 | best=0.000847@98 | patience=30/30 | time=3.77s
[2026-04-27 03:51:20]   early stopping at epoch 128 (no improvement for 30 epochs)
[2026-04-27 03:51:20] Training done: stop_reason=early_stop, total_epochs=128, best_epoch=98, best_val=0.000847
[2026-04-27 03:51:20] Reloading best checkpoint (epoch 98) for evaluation
[2026-04-27 03:51:23] ------------------------------------------------------------
[2026-04-27 03:51:23] Evaluation:
[2026-04-27 03:51:23]   AUC broken_lcfs         : 0.6038
[2026-04-27 03:51:23]   AUC bad_black_core      : 0.9957
[2026-04-27 03:51:23]   AUC bad_nonconverged    : 0.9966
[2026-04-27 03:51:23]   objective      : 0.8392
[2026-04-27 03:51:23]   floor_ok       : True
[2026-04-27 03:51:23]   threshold      : 0.0906
[2026-04-27 03:51:23]   mu / sigma     : 0.000623985 / 0.000177954
[2026-04-27 03:51:23] Train time=519.4s, eval time=3.7s
