[2026-04-27 02:48:23] ============================================================
[2026-04-27 02:48:23] Trial 55 starting on cuda:0
[2026-04-27 02:48:23] Timestamp: 2026-04-27T02:48:23.145634
[2026-04-27 02:48:23] --- Config summary ---
  bottleneck_dim  : 165
  n_enc_layers    : 5
  n_dec_layers    : 5
  base_channels   : 52
  growth_factor   : 1.5329932131651007
  use_batchnorm   : True
  use_hpf         : True
  hpf_sigma       : 1.0010121153765486
  lr              : 0.00020916745932413
  batch_size      : 32
  max_epochs      : 300
  patience        : 30
  seed            : 42
  deterministic   : False
  trial_num       : 55
[2026-04-27 02:48:23] Loading train/val/selection splits...
[2026-04-27 02:49:22] Splits loaded in 59.1s: n_train=722, n_val=120, n_selection=405
[2026-04-27 02:49:22] --- Architecture summary ---
  channels per enc layer : [52, 80, 122, 187, 287]
  final spatial size     : 8x8
  flat size before latent: 18368
  bottleneck_dim         : 165
  total parameters       : 13,549,909
[2026-04-27 02:49:22] Starting training: n_train=722, n_val=120, device=cuda:0
[2026-04-27 02:52:36] epoch    1/300 | train=0.004085 | val=0.003924 | best=0.003924@1 | patience=0/30 | time=193.84s *
[2026-04-27 02:52:44] epoch    2/300 | train=0.002520 | val=0.003077 | best=0.003077@2 | patience=0/30 | time=6.70s *
[2026-04-27 02:52:51] epoch    3/300 | train=0.002257 | val=0.002508 | best=0.002508@3 | patience=0/30 | time=6.96s *
[2026-04-27 02:52:58] epoch    4/300 | train=0.001872 | val=0.001775 | best=0.001775@4 | patience=0/30 | time=6.70s *
[2026-04-27 02:53:08] epoch    5/300 | train=0.001597 | val=0.001534 | best=0.001534@5 | patience=0/30 | time=9.67s *
[2026-04-27 02:53:15] epoch    6/300 | train=0.001431 | val=0.001391 | best=0.001391@6 | patience=0/30 | time=6.63s *
[2026-04-27 02:53:22] epoch    7/300 | train=0.001353 | val=0.001333 | best=0.001333@7 | patience=0/30 | time=6.67s *
[2026-04-27 02:53:29] epoch    8/300 | train=0.001310 | val=0.001284 | best=0.001284@8 | patience=0/30 | time=6.59s *
[2026-04-27 02:53:38] epoch    9/300 | train=0.001349 | val=0.001303 | best=0.001284@8 | patience=1/30 | time=6.60s
[2026-04-27 02:53:45] epoch   10/300 | train=0.001305 | val=0.001263 | best=0.001263@10 | patience=0/30 | time=6.63s *
[2026-04-27 02:53:52] epoch   11/300 | train=0.001267 | val=0.001246 | best=0.001246@11 | patience=0/30 | time=6.77s *
[2026-04-27 02:53:59] epoch   12/300 | train=0.001245 | val=0.001236 | best=0.001236@12 | patience=0/30 | time=6.72s *
[2026-04-27 02:54:06] epoch   13/300 | train=0.001237 | val=0.001230 | best=0.001230@13 | patience=0/30 | time=6.62s *
[2026-04-27 02:54:13] epoch   14/300 | train=0.001234 | val=0.001213 | best=0.001213@14 | patience=0/30 | time=6.62s *
[2026-04-27 02:54:20] epoch   15/300 | train=0.001230 | val=0.001219 | best=0.001213@14 | patience=1/30 | time=6.60s
[2026-04-27 02:54:27] epoch   16/300 | train=0.001264 | val=0.001214 | best=0.001213@14 | patience=2/30 | time=6.85s
[2026-04-27 02:54:34] epoch   17/300 | train=0.001211 | val=0.001209 | best=0.001209@17 | patience=0/30 | time=6.62s *
[2026-04-27 02:54:41] epoch   18/300 | train=0.001216 | val=0.001198 | best=0.001198@18 | patience=0/30 | time=7.14s *
[2026-04-27 02:54:48] epoch   19/300 | train=0.001186 | val=0.001177 | best=0.001177@19 | patience=0/30 | time=6.73s *
[2026-04-27 02:54:56] epoch   20/300 | train=0.001180 | val=0.001170 | best=0.001170@20 | patience=0/30 | time=7.01s *
[2026-04-27 02:55:02] epoch   21/300 | train=0.001186 | val=0.001181 | best=0.001170@20 | patience=1/30 | time=6.77s
[2026-04-27 02:55:09] epoch   22/300 | train=0.001163 | val=0.001154 | best=0.001154@22 | patience=0/30 | time=6.63s *
[2026-04-27 02:55:16] epoch   23/300 | train=0.001160 | val=0.001163 | best=0.001154@22 | patience=1/30 | time=6.69s
[2026-04-27 02:55:26] epoch   24/300 | train=0.001151 | val=0.001146 | best=0.001146@24 | patience=0/30 | time=9.61s *
[2026-04-27 02:55:33] epoch   25/300 | train=0.001142 | val=0.001162 | best=0.001146@24 | patience=1/30 | time=7.12s
[2026-04-27 02:55:40] epoch   26/300 | train=0.001140 | val=0.001160 | best=0.001146@24 | patience=2/30 | time=6.56s
[2026-04-27 02:55:47] epoch   27/300 | train=0.001139 | val=0.001165 | best=0.001146@24 | patience=3/30 | time=6.63s
[2026-04-27 02:55:54] epoch   28/300 | train=0.001133 | val=0.001143 | best=0.001143@28 | patience=0/30 | time=6.94s *
[2026-04-27 02:56:01] epoch   29/300 | train=0.001128 | val=0.001121 | best=0.001121@29 | patience=0/30 | time=6.64s *
[2026-04-27 02:56:08] epoch   30/300 | train=0.001117 | val=0.001125 | best=0.001121@29 | patience=1/30 | time=6.59s
[2026-04-27 02:56:15] epoch   31/300 | train=0.001117 | val=0.001112 | best=0.001112@31 | patience=0/30 | time=6.59s *
[2026-04-27 02:56:22] epoch   32/300 | train=0.001099 | val=0.001118 | best=0.001112@31 | patience=1/30 | time=7.02s
[2026-04-27 02:56:29] epoch   33/300 | train=0.001102 | val=0.001111 | best=0.001112@31 | patience=2/30 | time=6.64s
[2026-04-27 02:56:36] epoch   34/300 | train=0.001094 | val=0.001082 | best=0.001082@34 | patience=0/30 | time=6.75s *
[2026-04-27 02:56:43] epoch   35/300 | train=0.001074 | val=0.001098 | best=0.001082@34 | patience=1/30 | time=6.73s
[2026-04-27 02:56:52] epoch   36/300 | train=0.001072 | val=0.001075 | best=0.001075@36 | patience=0/30 | time=9.52s *
[2026-04-27 02:57:00] epoch   37/300 | train=0.001055 | val=0.001058 | best=0.001058@37 | patience=0/30 | time=6.63s *
[2026-04-27 02:57:07] epoch   38/300 | train=0.001047 | val=0.001066 | best=0.001058@37 | patience=1/30 | time=6.60s
[2026-04-27 02:57:16] epoch   39/300 | train=0.001033 | val=0.001071 | best=0.001058@37 | patience=2/30 | time=9.18s
[2026-04-27 02:57:23] epoch   40/300 | train=0.001051 | val=0.001100 | best=0.001058@37 | patience=3/30 | time=6.75s
[2026-04-27 02:57:30] epoch   41/300 | train=0.001028 | val=0.001043 | best=0.001043@41 | patience=0/30 | time=6.63s *
[2026-04-27 02:57:37] epoch   42/300 | train=0.001028 | val=0.001037 | best=0.001037@42 | patience=0/30 | time=6.60s *
[2026-04-27 02:57:44] epoch   43/300 | train=0.001011 | val=0.001035 | best=0.001035@43 | patience=0/30 | time=6.92s *
[2026-04-27 02:57:51] epoch   44/300 | train=0.001013 | val=0.001024 | best=0.001024@44 | patience=0/30 | time=6.62s *
[2026-04-27 02:57:58] epoch   45/300 | train=0.000997 | val=0.001023 | best=0.001024@44 | patience=1/30 | time=7.12s
[2026-04-27 02:58:06] epoch   46/300 | train=0.000999 | val=0.001014 | best=0.001014@46 | patience=0/30 | time=6.85s *
[2026-04-27 02:58:15] epoch   47/300 | train=0.000979 | val=0.001009 | best=0.001009@47 | patience=0/30 | time=9.30s *
[2026-04-27 02:58:22] epoch   48/300 | train=0.000970 | val=0.000994 | best=0.000994@48 | patience=0/30 | time=6.63s *
[2026-04-27 02:58:29] epoch   49/300 | train=0.000969 | val=0.001034 | best=0.000994@48 | patience=1/30 | time=6.59s
[2026-04-27 02:58:36] epoch   50/300 | train=0.000981 | val=0.000990 | best=0.000990@50 | patience=0/30 | time=6.59s *
[2026-04-27 02:58:43] epoch   51/300 | train=0.000969 | val=0.000994 | best=0.000990@50 | patience=1/30 | time=6.62s
[2026-04-27 02:58:50] epoch   52/300 | train=0.000948 | val=0.000975 | best=0.000975@52 | patience=0/30 | time=6.63s *
[2026-04-27 02:58:57] epoch   53/300 | train=0.000952 | val=0.000973 | best=0.000973@53 | patience=0/30 | time=6.74s *
[2026-04-27 02:59:07] epoch   54/300 | train=0.000943 | val=0.000960 | best=0.000960@54 | patience=0/30 | time=9.30s *
[2026-04-27 02:59:13] epoch   55/300 | train=0.000936 | val=0.000960 | best=0.000960@54 | patience=1/30 | time=6.61s
[2026-04-27 02:59:20] epoch   56/300 | train=0.000925 | val=0.000951 | best=0.000951@56 | patience=0/30 | time=6.63s *
[2026-04-27 02:59:27] epoch   57/300 | train=0.000913 | val=0.000957 | best=0.000951@56 | patience=1/30 | time=6.74s
[2026-04-27 02:59:37] epoch   58/300 | train=0.000905 | val=0.000946 | best=0.000946@58 | patience=0/30 | time=9.05s *
[2026-04-27 02:59:43] epoch   59/300 | train=0.000905 | val=0.000973 | best=0.000946@58 | patience=1/30 | time=6.75s
[2026-04-27 02:59:51] epoch   60/300 | train=0.000907 | val=0.000935 | best=0.000935@60 | patience=0/30 | time=7.16s *
[2026-04-27 02:59:58] epoch   61/300 | train=0.000900 | val=0.001002 | best=0.000935@60 | patience=1/30 | time=6.75s
[2026-04-27 03:00:07] epoch   62/300 | train=0.000913 | val=0.000946 | best=0.000935@60 | patience=2/30 | time=8.81s
[2026-04-27 03:00:14] epoch   63/300 | train=0.000891 | val=0.000940 | best=0.000935@60 | patience=3/30 | time=6.72s
[2026-04-27 03:00:21] epoch   64/300 | train=0.000875 | val=0.000919 | best=0.000919@64 | patience=0/30 | time=7.15s *
[2026-04-27 03:00:28] epoch   65/300 | train=0.000878 | val=0.000924 | best=0.000919@64 | patience=1/30 | time=6.77s
[2026-04-27 03:00:37] epoch   66/300 | train=0.000880 | val=0.000922 | best=0.000919@64 | patience=2/30 | time=9.05s
[2026-04-27 03:00:44] epoch   67/300 | train=0.000872 | val=0.000920 | best=0.000919@64 | patience=3/30 | time=6.65s
[2026-04-27 03:00:51] epoch   68/300 | train=0.000862 | val=0.000905 | best=0.000905@68 | patience=0/30 | time=6.56s *
[2026-04-27 03:00:58] epoch   69/300 | train=0.000846 | val=0.000958 | best=0.000905@68 | patience=1/30 | time=6.70s
[2026-04-27 03:01:07] epoch   70/300 | train=0.000847 | val=0.000913 | best=0.000905@68 | patience=2/30 | time=8.90s
[2026-04-27 03:01:14] epoch   71/300 | train=0.000850 | val=0.000904 | best=0.000904@71 | patience=0/30 | time=7.16s *
[2026-04-27 03:01:21] epoch   72/300 | train=0.000841 | val=0.000919 | best=0.000904@71 | patience=1/30 | time=6.74s
[2026-04-27 03:01:28] epoch   73/300 | train=0.000830 | val=0.000900 | best=0.000900@73 | patience=0/30 | time=6.92s *
[2026-04-27 03:01:35] epoch   74/300 | train=0.000828 | val=0.000904 | best=0.000900@73 | patience=1/30 | time=6.63s
[2026-04-27 03:01:42] epoch   75/300 | train=0.000831 | val=0.000913 | best=0.000900@73 | patience=2/30 | time=6.64s
[2026-04-27 03:01:49] epoch   76/300 | train=0.000827 | val=0.000908 | best=0.000900@73 | patience=3/30 | time=6.60s
[2026-04-27 03:01:56] epoch   77/300 | train=0.000808 | val=0.000907 | best=0.000900@73 | patience=4/30 | time=6.86s
[2026-04-27 03:02:03] epoch   78/300 | train=0.000823 | val=0.000897 | best=0.000897@78 | patience=0/30 | time=6.66s *
[2026-04-27 03:02:10] epoch   79/300 | train=0.000817 | val=0.000890 | best=0.000890@79 | patience=0/30 | time=6.98s *
[2026-04-27 03:02:17] epoch   80/300 | train=0.000798 | val=0.000886 | best=0.000886@80 | patience=0/30 | time=6.76s *
[2026-04-27 03:02:26] epoch   81/300 | train=0.000801 | val=0.000890 | best=0.000886@80 | patience=1/30 | time=8.31s
[2026-04-27 03:02:33] epoch   82/300 | train=0.000796 | val=0.000889 | best=0.000886@80 | patience=2/30 | time=7.09s
[2026-04-27 03:02:39] epoch   83/300 | train=0.000790 | val=0.000911 | best=0.000886@80 | patience=3/30 | time=6.57s
[2026-04-27 03:02:47] epoch   84/300 | train=0.000795 | val=0.000882 | best=0.000882@84 | patience=0/30 | time=6.74s *
[2026-04-27 03:02:54] epoch   85/300 | train=0.000794 | val=0.000908 | best=0.000882@84 | patience=1/30 | time=7.06s
[2026-04-27 03:03:01] epoch   86/300 | train=0.000786 | val=0.000877 | best=0.000877@86 | patience=0/30 | time=7.07s *
[2026-04-27 03:03:08] epoch   87/300 | train=0.000784 | val=0.000873 | best=0.000873@87 | patience=0/30 | time=6.75s *
[2026-04-27 03:03:17] epoch   88/300 | train=0.000777 | val=0.000893 | best=0.000873@87 | patience=1/30 | time=8.51s
[2026-04-27 03:03:24] epoch   89/300 | train=0.000770 | val=0.000869 | best=0.000869@89 | patience=0/30 | time=6.70s *
[2026-04-27 03:03:32] epoch   90/300 | train=0.000758 | val=0.000866 | best=0.000866@90 | patience=0/30 | time=7.16s *
[2026-04-27 03:03:38] epoch   91/300 | train=0.000753 | val=0.000869 | best=0.000866@90 | patience=1/30 | time=6.73s
[2026-04-27 03:03:45] epoch   92/300 | train=0.000763 | val=0.000876 | best=0.000866@90 | patience=2/30 | time=7.00s
[2026-04-27 03:03:52] epoch   93/300 | train=0.000750 | val=0.000868 | best=0.000866@90 | patience=3/30 | time=6.74s
[2026-04-27 03:03:59] epoch   94/300 | train=0.000745 | val=0.000875 | best=0.000866@90 | patience=4/30 | time=7.05s
[2026-04-27 03:04:07] epoch   95/300 | train=0.000741 | val=0.000862 | best=0.000862@95 | patience=0/30 | time=6.87s *
[2026-04-27 03:04:16] epoch   96/300 | train=0.000735 | val=0.000868 | best=0.000862@95 | patience=1/30 | time=9.44s
[2026-04-27 03:04:24] epoch   97/300 | train=0.000749 | val=0.000871 | best=0.000862@95 | patience=2/30 | time=7.10s
[2026-04-27 03:04:31] epoch   98/300 | train=0.000732 | val=0.000852 | best=0.000852@98 | patience=0/30 | time=6.61s *
[2026-04-27 03:04:37] epoch   99/300 | train=0.000713 | val=0.000857 | best=0.000852@98 | patience=1/30 | time=6.86s
[2026-04-27 03:04:44] epoch  100/300 | train=0.000715 | val=0.000880 | best=0.000852@98 | patience=2/30 | time=6.77s
[2026-04-27 03:04:52] epoch  101/300 | train=0.000718 | val=0.000888 | best=0.000852@98 | patience=3/30 | time=7.09s
[2026-04-27 03:04:58] epoch  102/300 | train=0.000712 | val=0.000867 | best=0.000852@98 | patience=4/30 | time=6.60s
[2026-04-27 03:05:05] epoch  103/300 | train=0.000703 | val=0.000864 | best=0.000852@98 | patience=5/30 | time=6.98s
[2026-04-27 03:05:12] epoch  104/300 | train=0.000711 | val=0.000865 | best=0.000852@98 | patience=6/30 | time=6.61s
[2026-04-27 03:05:19] epoch  105/300 | train=0.000707 | val=0.000864 | best=0.000852@98 | patience=7/30 | time=6.63s
[2026-04-27 03:05:26] epoch  106/300 | train=0.000704 | val=0.000850 | best=0.000850@106 | patience=0/30 | time=6.60s *
[2026-04-27 03:05:33] epoch  107/300 | train=0.000692 | val=0.000854 | best=0.000850@106 | patience=1/30 | time=6.60s
[2026-04-27 03:05:40] epoch  108/300 | train=0.000698 | val=0.000861 | best=0.000850@106 | patience=2/30 | time=6.98s
[2026-04-27 03:05:47] epoch  109/300 | train=0.000699 | val=0.000865 | best=0.000850@106 | patience=3/30 | time=7.12s
[2026-04-27 03:05:54] epoch  110/300 | train=0.000697 | val=0.000875 | best=0.000850@106 | patience=4/30 | time=6.60s
[2026-04-27 03:06:01] epoch  111/300 | train=0.000692 | val=0.000851 | best=0.000850@106 | patience=5/30 | time=6.98s
[2026-04-27 03:06:07] epoch  112/300 | train=0.000676 | val=0.000859 | best=0.000850@106 | patience=6/30 | time=6.72s
[2026-04-27 03:06:15] epoch  113/300 | train=0.000676 | val=0.000857 | best=0.000850@106 | patience=7/30 | time=6.96s
[2026-04-27 03:06:21] epoch  114/300 | train=0.000668 | val=0.000849 | best=0.000850@106 | patience=8/30 | time=6.72s
[2026-04-27 03:06:30] epoch  115/300 | train=0.000655 | val=0.000846 | best=0.000846@115 | patience=0/30 | time=8.49s *
[2026-04-27 03:06:37] epoch  116/300 | train=0.000658 | val=0.000859 | best=0.000846@115 | patience=1/30 | time=6.62s
[2026-04-27 03:06:44] epoch  117/300 | train=0.000661 | val=0.000875 | best=0.000846@115 | patience=2/30 | time=6.90s
[2026-04-27 03:06:51] epoch  118/300 | train=0.000662 | val=0.000850 | best=0.000846@115 | patience=3/30 | time=6.59s
[2026-04-27 03:06:58] epoch  119/300 | train=0.000656 | val=0.000842 | best=0.000842@119 | patience=0/30 | time=6.93s *
[2026-04-27 03:07:05] epoch  120/300 | train=0.000644 | val=0.000843 | best=0.000842@119 | patience=1/30 | time=6.69s
[2026-04-27 03:07:12] epoch  121/300 | train=0.000639 | val=0.000857 | best=0.000842@119 | patience=2/30 | time=6.64s
[2026-04-27 03:07:18] epoch  122/300 | train=0.000639 | val=0.000844 | best=0.000842@119 | patience=3/30 | time=6.71s
[2026-04-27 03:07:27] epoch  123/300 | train=0.000628 | val=0.000852 | best=0.000842@119 | patience=4/30 | time=8.90s
[2026-04-27 03:07:34] epoch  124/300 | train=0.000623 | val=0.000855 | best=0.000842@119 | patience=5/30 | time=6.57s
[2026-04-27 03:07:41] epoch  125/300 | train=0.000629 | val=0.000864 | best=0.000842@119 | patience=6/30 | time=7.07s
[2026-04-27 03:07:48] epoch  126/300 | train=0.000632 | val=0.000854 | best=0.000842@119 | patience=7/30 | time=6.72s
[2026-04-27 03:07:55] epoch  127/300 | train=0.000626 | val=0.000854 | best=0.000842@119 | patience=8/30 | time=7.07s
[2026-04-27 03:08:03] epoch  128/300 | train=0.000622 | val=0.000868 | best=0.000842@119 | patience=9/30 | time=7.15s
[2026-04-27 03:08:09] epoch  129/300 | train=0.000617 | val=0.000843 | best=0.000842@119 | patience=10/30 | time=6.57s
[2026-04-27 03:08:16] epoch  130/300 | train=0.000610 | val=0.000842 | best=0.000842@119 | patience=11/30 | time=6.71s
[2026-04-27 03:08:25] epoch  131/300 | train=0.000597 | val=0.000848 | best=0.000842@119 | patience=12/30 | time=8.89s
[2026-04-27 03:08:32] epoch  132/300 | train=0.000597 | val=0.000846 | best=0.000842@119 | patience=13/30 | time=7.03s
[2026-04-27 03:08:39] epoch  133/300 | train=0.000590 | val=0.000846 | best=0.000842@119 | patience=14/30 | time=6.60s
[2026-04-27 03:08:46] epoch  134/300 | train=0.000592 | val=0.000865 | best=0.000842@119 | patience=15/30 | time=6.94s
[2026-04-27 03:08:53] epoch  135/300 | train=0.000596 | val=0.000854 | best=0.000842@119 | patience=16/30 | time=6.74s
[2026-04-27 03:09:00] epoch  136/300 | train=0.000589 | val=0.000841 | best=0.000842@119 | patience=17/30 | time=7.09s
[2026-04-27 03:09:07] epoch  137/300 | train=0.000586 | val=0.000855 | best=0.000842@119 | patience=18/30 | time=6.74s
[2026-04-27 03:09:16] epoch  138/300 | train=0.000585 | val=0.000856 | best=0.000842@119 | patience=19/30 | time=8.56s
[2026-04-27 03:09:22] epoch  139/300 | train=0.000580 | val=0.000847 | best=0.000842@119 | patience=20/30 | time=6.57s
[2026-04-27 03:09:29] epoch  140/300 | train=0.000571 | val=0.000842 | best=0.000842@119 | patience=21/30 | time=6.93s
[2026-04-27 03:09:36] epoch  141/300 | train=0.000569 | val=0.000845 | best=0.000842@119 | patience=22/30 | time=6.69s
[2026-04-27 03:09:43] epoch  142/300 | train=0.000574 | val=0.000865 | best=0.000842@119 | patience=23/30 | time=6.83s
[2026-04-27 03:09:50] epoch  143/300 | train=0.000569 | val=0.000842 | best=0.000842@119 | patience=24/30 | time=6.58s
[2026-04-27 03:09:57] epoch  144/300 | train=0.000567 | val=0.000852 | best=0.000842@119 | patience=25/30 | time=6.64s
[2026-04-27 03:10:04] epoch  145/300 | train=0.000559 | val=0.000847 | best=0.000842@119 | patience=26/30 | time=6.77s
[2026-04-27 03:10:13] epoch  146/300 | train=0.000549 | val=0.000866 | best=0.000842@119 | patience=27/30 | time=9.48s
[2026-04-27 03:10:21] epoch  147/300 | train=0.000558 | val=0.000841 | best=0.000842@119 | patience=28/30 | time=7.19s
[2026-04-27 03:10:27] epoch  148/300 | train=0.000549 | val=0.000860 | best=0.000842@119 | patience=29/30 | time=6.60s
[2026-04-27 03:10:35] epoch  149/300 | train=0.000543 | val=0.000843 | best=0.000842@119 | patience=30/30 | time=7.01s
[2026-04-27 03:10:35]   early stopping at epoch 149 (no improvement for 30 epochs)
[2026-04-27 03:10:35] Training done: stop_reason=early_stop, total_epochs=149, best_epoch=119, best_val=0.000842
[2026-04-27 03:10:35] Reloading best checkpoint (epoch 119) for evaluation
[2026-04-27 03:10:49] ------------------------------------------------------------
[2026-04-27 03:10:49] Evaluation:
[2026-04-27 03:10:49]   AUC broken_lcfs         : 0.6094
[2026-04-27 03:10:49]   AUC bad_black_core      : 0.9966
[2026-04-27 03:10:49]   AUC bad_nonconverged    : 0.9973
[2026-04-27 03:10:49]   objective      : 0.8419
[2026-04-27 03:10:49]   floor_ok       : True
[2026-04-27 03:10:49]   threshold      : 0.0809
[2026-04-27 03:10:49]   mu / sigma     : 0.000640725 / 0.000173193
[2026-04-27 03:10:49] Train time=1273.0s, eval time=13.5s
