[2026-04-27 06:53:27] ============================================================
[2026-04-27 06:53:27] Trial 114 starting on cuda:0
[2026-04-27 06:53:27] Timestamp: 2026-04-27T06:53:27.438897
[2026-04-27 06:53:27] --- Config summary ---
  bottleneck_dim  : 193
  n_enc_layers    : 5
  n_dec_layers    : 2
  base_channels   : 19
  growth_factor   : 1.5551019343254573
  use_batchnorm   : True
  use_hpf         : True
  hpf_sigma       : 1.0378697075138255
  lr              : 9.115255698384935e-05
  batch_size      : 16
  max_epochs      : 300
  patience        : 30
  seed            : 42
  deterministic   : False
  trial_num       : 114
[2026-04-27 06:53:27] Loading train/val/selection splits...
[2026-04-27 06:54:33] Splits loaded in 65.7s: n_train=722, n_val=120, n_selection=405
[2026-04-27 06:54:33] --- Architecture summary ---
  channels per enc layer : [19, 30, 46, 71, 111]
  final spatial size     : 8x8
  flat size before latent: 7104
  bottleneck_dim         : 193
  total parameters       : 3,285,411
[2026-04-27 06:54:33] Starting training: n_train=722, n_val=120, device=cuda:0
[2026-04-27 06:55:38] epoch    1/300 | train=0.005720 | val=0.004531 | best=0.004531@1 | patience=0/30 | time=65.54s *
[2026-04-27 06:55:41] epoch    2/300 | train=0.003556 | val=0.003043 | best=0.003043@2 | patience=0/30 | time=2.28s *
[2026-04-27 06:55:43] epoch    3/300 | train=0.002621 | val=0.002442 | best=0.002442@3 | patience=0/30 | time=2.23s *
[2026-04-27 06:55:46] epoch    4/300 | train=0.002307 | val=0.002218 | best=0.002218@4 | patience=0/30 | time=2.83s *
[2026-04-27 06:55:49] epoch    5/300 | train=0.002119 | val=0.002052 | best=0.002052@5 | patience=0/30 | time=2.24s *
[2026-04-27 06:55:51] epoch    6/300 | train=0.001978 | val=0.001937 | best=0.001937@6 | patience=0/30 | time=2.23s *
[2026-04-27 06:55:54] epoch    7/300 | train=0.001869 | val=0.001842 | best=0.001842@7 | patience=0/30 | time=2.24s *
[2026-04-27 06:55:56] epoch    8/300 | train=0.001778 | val=0.001789 | best=0.001789@8 | patience=0/30 | time=2.41s *
[2026-04-27 06:55:59] epoch    9/300 | train=0.001699 | val=0.001664 | best=0.001664@9 | patience=0/30 | time=2.23s *
[2026-04-27 06:56:01] epoch   10/300 | train=0.001630 | val=0.001634 | best=0.001634@10 | patience=0/30 | time=2.24s *
[2026-04-27 06:56:04] epoch   11/300 | train=0.001590 | val=0.001585 | best=0.001585@11 | patience=0/30 | time=2.24s *
[2026-04-27 06:56:06] epoch   12/300 | train=0.001549 | val=0.001549 | best=0.001549@12 | patience=0/30 | time=2.24s *
[2026-04-27 06:56:09] epoch   13/300 | train=0.001520 | val=0.001518 | best=0.001518@13 | patience=0/30 | time=2.51s *
[2026-04-27 06:56:11] epoch   14/300 | train=0.001494 | val=0.001489 | best=0.001489@14 | patience=0/30 | time=2.23s *
[2026-04-27 06:56:15] epoch   15/300 | train=0.001468 | val=0.001474 | best=0.001474@15 | patience=0/30 | time=3.30s *
[2026-04-27 06:56:17] epoch   16/300 | train=0.001457 | val=0.001447 | best=0.001447@16 | patience=0/30 | time=2.26s *
[2026-04-27 06:56:20] epoch   17/300 | train=0.001433 | val=0.001455 | best=0.001447@16 | patience=1/30 | time=2.27s
[2026-04-27 06:56:22] epoch   18/300 | train=0.001423 | val=0.001427 | best=0.001427@18 | patience=0/30 | time=2.25s *
[2026-04-27 06:56:25] epoch   19/300 | train=0.001404 | val=0.001408 | best=0.001408@19 | patience=0/30 | time=2.26s *
[2026-04-27 06:56:28] epoch   20/300 | train=0.001393 | val=0.001424 | best=0.001408@19 | patience=1/30 | time=2.85s
[2026-04-27 06:56:30] epoch   21/300 | train=0.001387 | val=0.001382 | best=0.001382@21 | patience=0/30 | time=2.25s *
[2026-04-27 06:56:33] epoch   22/300 | train=0.001371 | val=0.001369 | best=0.001369@22 | patience=0/30 | time=2.25s *
[2026-04-27 06:56:35] epoch   23/300 | train=0.001364 | val=0.001377 | best=0.001369@22 | patience=1/30 | time=2.25s
[2026-04-27 06:56:38] epoch   24/300 | train=0.001357 | val=0.001365 | best=0.001365@24 | patience=0/30 | time=2.39s *
[2026-04-27 06:56:40] epoch   25/300 | train=0.001348 | val=0.001352 | best=0.001352@25 | patience=0/30 | time=2.24s *
[2026-04-27 06:56:43] epoch   26/300 | train=0.001337 | val=0.001361 | best=0.001352@25 | patience=1/30 | time=2.47s
[2026-04-27 06:56:45] epoch   27/300 | train=0.001333 | val=0.001342 | best=0.001342@27 | patience=0/30 | time=2.25s *
[2026-04-27 06:56:50] epoch   28/300 | train=0.001326 | val=0.001338 | best=0.001338@28 | patience=0/30 | time=4.98s *
[2026-04-27 06:56:54] epoch   29/300 | train=0.001321 | val=0.001331 | best=0.001331@29 | patience=0/30 | time=3.25s *
[2026-04-27 06:56:56] epoch   30/300 | train=0.001314 | val=0.001320 | best=0.001320@30 | patience=0/30 | time=2.26s *
[2026-04-27 06:56:59] epoch   31/300 | train=0.001307 | val=0.001317 | best=0.001317@31 | patience=0/30 | time=2.30s *
[2026-04-27 06:57:01] epoch   32/300 | train=0.001301 | val=0.001312 | best=0.001312@32 | patience=0/30 | time=2.28s *
[2026-04-27 06:57:04] epoch   33/300 | train=0.001294 | val=0.001299 | best=0.001299@33 | patience=0/30 | time=2.88s *
[2026-04-27 06:57:07] epoch   34/300 | train=0.001287 | val=0.001304 | best=0.001299@33 | patience=1/30 | time=2.27s
[2026-04-27 06:57:09] epoch   35/300 | train=0.001285 | val=0.001292 | best=0.001292@35 | patience=0/30 | time=2.26s *
[2026-04-27 06:57:11] epoch   36/300 | train=0.001277 | val=0.001287 | best=0.001287@36 | patience=0/30 | time=2.24s *
[2026-04-27 06:57:14] epoch   37/300 | train=0.001273 | val=0.001285 | best=0.001285@37 | patience=0/30 | time=2.23s *
[2026-04-27 06:57:16] epoch   38/300 | train=0.001266 | val=0.001294 | best=0.001285@37 | patience=1/30 | time=2.40s
[2026-04-27 06:57:19] epoch   39/300 | train=0.001264 | val=0.001273 | best=0.001273@39 | patience=0/30 | time=2.26s *
[2026-04-27 06:57:21] epoch   40/300 | train=0.001256 | val=0.001266 | best=0.001266@40 | patience=0/30 | time=2.23s *
[2026-04-27 06:57:24] epoch   41/300 | train=0.001250 | val=0.001267 | best=0.001266@40 | patience=1/30 | time=2.23s
[2026-04-27 06:57:29] epoch   42/300 | train=0.001249 | val=0.001268 | best=0.001266@40 | patience=2/30 | time=5.24s
[2026-04-27 06:57:32] epoch   43/300 | train=0.001245 | val=0.001260 | best=0.001260@43 | patience=0/30 | time=3.09s *
[2026-04-27 06:57:35] epoch   44/300 | train=0.001236 | val=0.001250 | best=0.001250@44 | patience=0/30 | time=2.26s *
[2026-04-27 06:57:37] epoch   45/300 | train=0.001233 | val=0.001265 | best=0.001250@44 | patience=1/30 | time=2.27s
[2026-04-27 06:57:39] epoch   46/300 | train=0.001232 | val=0.001251 | best=0.001250@44 | patience=2/30 | time=2.26s
[2026-04-27 06:57:42] epoch   47/300 | train=0.001223 | val=0.001244 | best=0.001244@47 | patience=0/30 | time=2.84s *
[2026-04-27 06:57:45] epoch   48/300 | train=0.001221 | val=0.001235 | best=0.001235@48 | patience=0/30 | time=2.24s *
[2026-04-27 06:57:47] epoch   49/300 | train=0.001215 | val=0.001234 | best=0.001235@48 | patience=1/30 | time=2.24s
[2026-04-27 06:57:50] epoch   50/300 | train=0.001214 | val=0.001226 | best=0.001226@50 | patience=0/30 | time=2.24s *
[2026-04-27 06:57:52] epoch   51/300 | train=0.001207 | val=0.001226 | best=0.001226@50 | patience=1/30 | time=2.41s
[2026-04-27 06:57:55] epoch   52/300 | train=0.001202 | val=0.001219 | best=0.001219@52 | patience=0/30 | time=2.24s *
[2026-04-27 06:57:57] epoch   53/300 | train=0.001199 | val=0.001215 | best=0.001215@53 | patience=0/30 | time=2.24s *
[2026-04-27 06:58:00] epoch   54/300 | train=0.001196 | val=0.001214 | best=0.001214@54 | patience=0/30 | time=2.40s *
[2026-04-27 06:58:02] epoch   55/300 | train=0.001191 | val=0.001209 | best=0.001209@55 | patience=0/30 | time=2.24s *
[2026-04-27 06:58:05] epoch   56/300 | train=0.001188 | val=0.001204 | best=0.001204@56 | patience=0/30 | time=2.23s *
[2026-04-27 06:58:08] epoch   57/300 | train=0.001183 | val=0.001205 | best=0.001204@56 | patience=1/30 | time=2.17s
[2026-04-27 06:58:11] epoch   58/300 | train=0.001180 | val=0.001200 | best=0.001200@58 | patience=0/30 | time=2.84s *
[2026-04-27 06:58:13] epoch   59/300 | train=0.001176 | val=0.001199 | best=0.001200@58 | patience=1/30 | time=2.17s
[2026-04-27 06:58:15] epoch   60/300 | train=0.001172 | val=0.001195 | best=0.001195@60 | patience=0/30 | time=2.17s *
[2026-04-27 06:58:18] epoch   61/300 | train=0.001171 | val=0.001187 | best=0.001187@61 | patience=0/30 | time=2.16s *
[2026-04-27 06:58:20] epoch   62/300 | train=0.001166 | val=0.001181 | best=0.001181@62 | patience=0/30 | time=2.15s *
[2026-04-27 06:58:23] epoch   63/300 | train=0.001162 | val=0.001185 | best=0.001181@62 | patience=1/30 | time=2.72s
[2026-04-27 06:58:25] epoch   64/300 | train=0.001158 | val=0.001190 | best=0.001181@62 | patience=2/30 | time=2.16s
[2026-04-27 06:58:28] epoch   65/300 | train=0.001158 | val=0.001173 | best=0.001173@65 | patience=0/30 | time=2.15s *
[2026-04-27 06:58:30] epoch   66/300 | train=0.001153 | val=0.001174 | best=0.001173@65 | patience=1/30 | time=2.15s
[2026-04-27 06:58:32] epoch   67/300 | train=0.001147 | val=0.001168 | best=0.001168@67 | patience=0/30 | time=2.15s *
[2026-04-27 06:58:34] epoch   68/300 | train=0.001144 | val=0.001169 | best=0.001168@67 | patience=1/30 | time=2.26s
[2026-04-27 06:58:37] epoch   69/300 | train=0.001142 | val=0.001169 | best=0.001168@67 | patience=2/30 | time=2.16s
[2026-04-27 06:58:39] epoch   70/300 | train=0.001138 | val=0.001162 | best=0.001162@70 | patience=0/30 | time=2.18s *
[2026-04-27 06:58:41] epoch   71/300 | train=0.001135 | val=0.001157 | best=0.001157@71 | patience=0/30 | time=2.15s *
[2026-04-27 06:58:47] epoch   72/300 | train=0.001131 | val=0.001177 | best=0.001157@71 | patience=1/30 | time=5.24s
[2026-04-27 06:58:49] epoch   73/300 | train=0.001131 | val=0.001153 | best=0.001153@73 | patience=0/30 | time=2.28s *
[2026-04-27 06:58:52] epoch   74/300 | train=0.001127 | val=0.001154 | best=0.001153@73 | patience=1/30 | time=2.18s
[2026-04-27 06:58:54] epoch   75/300 | train=0.001122 | val=0.001154 | best=0.001153@73 | patience=2/30 | time=2.17s
[2026-04-27 06:58:56] epoch   76/300 | train=0.001121 | val=0.001149 | best=0.001149@76 | patience=0/30 | time=2.17s *
[2026-04-27 06:58:59] epoch   77/300 | train=0.001118 | val=0.001153 | best=0.001149@76 | patience=1/30 | time=2.18s
[2026-04-27 06:59:01] epoch   78/300 | train=0.001115 | val=0.001152 | best=0.001149@76 | patience=2/30 | time=2.16s
[2026-04-27 06:59:04] epoch   79/300 | train=0.001115 | val=0.001139 | best=0.001139@79 | patience=0/30 | time=2.73s *
[2026-04-27 06:59:06] epoch   80/300 | train=0.001108 | val=0.001139 | best=0.001139@79 | patience=1/30 | time=2.16s
[2026-04-27 06:59:08] epoch   81/300 | train=0.001106 | val=0.001137 | best=0.001137@81 | patience=0/30 | time=2.16s *
[2026-04-27 06:59:11] epoch   82/300 | train=0.001106 | val=0.001141 | best=0.001137@81 | patience=1/30 | time=2.15s
[2026-04-27 06:59:13] epoch   83/300 | train=0.001100 | val=0.001156 | best=0.001137@81 | patience=2/30 | time=2.15s
[2026-04-27 06:59:16] epoch   84/300 | train=0.001103 | val=0.001130 | best=0.001130@84 | patience=0/30 | time=2.41s *
[2026-04-27 06:59:18] epoch   85/300 | train=0.001098 | val=0.001129 | best=0.001129@85 | patience=0/30 | time=2.23s *
[2026-04-27 06:59:21] epoch   86/300 | train=0.001092 | val=0.001122 | best=0.001122@86 | patience=0/30 | time=2.44s *
[2026-04-27 06:59:23] epoch   87/300 | train=0.001088 | val=0.001145 | best=0.001122@86 | patience=1/30 | time=2.16s
[2026-04-27 06:59:25] epoch   88/300 | train=0.001092 | val=0.001124 | best=0.001122@86 | patience=2/30 | time=2.16s
[2026-04-27 06:59:31] epoch   89/300 | train=0.001085 | val=0.001132 | best=0.001122@86 | patience=3/30 | time=5.27s
[2026-04-27 06:59:33] epoch   90/300 | train=0.001085 | val=0.001124 | best=0.001122@86 | patience=4/30 | time=2.15s
[2026-04-27 06:59:35] epoch   91/300 | train=0.001080 | val=0.001114 | best=0.001114@91 | patience=0/30 | time=2.15s *
[2026-04-27 06:59:38] epoch   92/300 | train=0.001079 | val=0.001113 | best=0.001113@92 | patience=0/30 | time=2.14s *
[2026-04-27 06:59:40] epoch   93/300 | train=0.001074 | val=0.001115 | best=0.001113@92 | patience=1/30 | time=2.50s
[2026-04-27 06:59:43] epoch   94/300 | train=0.001074 | val=0.001115 | best=0.001113@92 | patience=2/30 | time=2.13s
[2026-04-27 06:59:45] epoch   95/300 | train=0.001071 | val=0.001113 | best=0.001113@92 | patience=3/30 | time=2.12s
[2026-04-27 06:59:47] epoch   96/300 | train=0.001068 | val=0.001105 | best=0.001105@96 | patience=0/30 | time=2.13s *
[2026-04-27 06:59:49] epoch   97/300 | train=0.001066 | val=0.001104 | best=0.001105@96 | patience=1/30 | time=2.12s
[2026-04-27 06:59:52] epoch   98/300 | train=0.001062 | val=0.001102 | best=0.001102@98 | patience=0/30 | time=2.26s *
[2026-04-27 06:59:54] epoch   99/300 | train=0.001060 | val=0.001102 | best=0.001102@98 | patience=1/30 | time=2.24s
[2026-04-27 06:59:57] epoch  100/300 | train=0.001058 | val=0.001099 | best=0.001099@100 | patience=0/30 | time=2.24s *
[2026-04-27 06:59:59] epoch  101/300 | train=0.001057 | val=0.001109 | best=0.001099@100 | patience=1/30 | time=2.41s
[2026-04-27 07:00:02] epoch  102/300 | train=0.001056 | val=0.001100 | best=0.001099@100 | patience=2/30 | time=2.25s
[2026-04-27 07:00:07] epoch  103/300 | train=0.001052 | val=0.001093 | best=0.001093@103 | patience=0/30 | time=5.03s *
[2026-04-27 07:00:09] epoch  104/300 | train=0.001049 | val=0.001093 | best=0.001093@103 | patience=1/30 | time=2.23s
[2026-04-27 07:00:13] epoch  105/300 | train=0.001047 | val=0.001090 | best=0.001090@105 | patience=0/30 | time=2.94s *
[2026-04-27 07:00:15] epoch  106/300 | train=0.001042 | val=0.001094 | best=0.001090@105 | patience=1/30 | time=2.25s
[2026-04-27 07:00:18] epoch  107/300 | train=0.001043 | val=0.001091 | best=0.001090@105 | patience=2/30 | time=2.26s
[2026-04-27 07:00:20] epoch  108/300 | train=0.001042 | val=0.001087 | best=0.001087@108 | patience=0/30 | time=2.24s *
[2026-04-27 07:00:23] epoch  109/300 | train=0.001039 | val=0.001092 | best=0.001087@108 | patience=1/30 | time=2.83s
[2026-04-27 07:00:26] epoch  110/300 | train=0.001037 | val=0.001082 | best=0.001082@110 | patience=0/30 | time=2.25s *
[2026-04-27 07:00:28] epoch  111/300 | train=0.001034 | val=0.001080 | best=0.001080@111 | patience=0/30 | time=2.25s *
[2026-04-27 07:00:30] epoch  112/300 | train=0.001032 | val=0.001080 | best=0.001080@111 | patience=1/30 | time=2.25s
[2026-04-27 07:00:33] epoch  113/300 | train=0.001031 | val=0.001079 | best=0.001080@111 | patience=2/30 | time=2.25s
[2026-04-27 07:00:35] epoch  114/300 | train=0.001028 | val=0.001082 | best=0.001080@111 | patience=3/30 | time=2.41s
[2026-04-27 07:00:38] epoch  115/300 | train=0.001026 | val=0.001081 | best=0.001080@111 | patience=4/30 | time=2.24s
[2026-04-27 07:00:40] epoch  116/300 | train=0.001026 | val=0.001072 | best=0.001072@116 | patience=0/30 | time=2.27s *
[2026-04-27 07:00:43] epoch  117/300 | train=0.001022 | val=0.001076 | best=0.001072@116 | patience=1/30 | time=2.23s
[2026-04-27 07:00:45] epoch  118/300 | train=0.001019 | val=0.001082 | best=0.001072@116 | patience=2/30 | time=2.23s
[2026-04-27 07:00:50] epoch  119/300 | train=0.001021 | val=0.001076 | best=0.001072@116 | patience=3/30 | time=5.09s
[2026-04-27 07:00:54] epoch  120/300 | train=0.001017 | val=0.001070 | best=0.001070@120 | patience=0/30 | time=3.24s *
[2026-04-27 07:00:56] epoch  121/300 | train=0.001015 | val=0.001067 | best=0.001067@121 | patience=0/30 | time=2.27s *
[2026-04-27 07:00:58] epoch  122/300 | train=0.001014 | val=0.001066 | best=0.001067@121 | patience=1/30 | time=2.24s
[2026-04-27 07:01:02] epoch  123/300 | train=0.001010 | val=0.001063 | best=0.001063@123 | patience=0/30 | time=2.90s *
[2026-04-27 07:01:04] epoch  124/300 | train=0.001009 | val=0.001070 | best=0.001063@123 | patience=1/30 | time=2.24s
[2026-04-27 07:01:06] epoch  125/300 | train=0.001007 | val=0.001063 | best=0.001063@123 | patience=2/30 | time=2.24s
[2026-04-27 07:01:09] epoch  126/300 | train=0.001006 | val=0.001063 | best=0.001063@123 | patience=3/30 | time=2.23s
[2026-04-27 07:01:11] epoch  127/300 | train=0.001004 | val=0.001059 | best=0.001059@127 | patience=0/30 | time=2.16s *
[2026-04-27 07:01:13] epoch  128/300 | train=0.001002 | val=0.001241 | best=0.001059@127 | patience=1/30 | time=2.16s
[2026-04-27 07:01:16] epoch  129/300 | train=0.001031 | val=0.001090 | best=0.001059@127 | patience=2/30 | time=2.15s
[2026-04-27 07:01:18] epoch  130/300 | train=0.001007 | val=0.001055 | best=0.001055@130 | patience=0/30 | time=2.37s *
[2026-04-27 07:01:21] epoch  131/300 | train=0.000996 | val=0.001051 | best=0.001051@131 | patience=0/30 | time=2.16s *
[2026-04-27 07:01:27] epoch  132/300 | train=0.000992 | val=0.001056 | best=0.001051@131 | patience=1/30 | time=5.79s
[2026-04-27 07:01:29] epoch  133/300 | train=0.000992 | val=0.001047 | best=0.001047@133 | patience=0/30 | time=2.17s *
[2026-04-27 07:01:31] epoch  134/300 | train=0.000990 | val=0.001049 | best=0.001047@133 | patience=1/30 | time=2.17s
[2026-04-27 07:01:34] epoch  135/300 | train=0.000986 | val=0.001048 | best=0.001047@133 | patience=2/30 | time=2.18s
[2026-04-27 07:01:36] epoch  136/300 | train=0.000986 | val=0.001046 | best=0.001047@133 | patience=3/30 | time=2.16s
[2026-04-27 07:01:38] epoch  137/300 | train=0.000985 | val=0.001042 | best=0.001042@137 | patience=0/30 | time=2.21s *
[2026-04-27 07:01:41] epoch  138/300 | train=0.000983 | val=0.001046 | best=0.001042@137 | patience=1/30 | time=2.16s
[2026-04-27 07:01:44] epoch  139/300 | train=0.000981 | val=0.001050 | best=0.001042@137 | patience=2/30 | time=2.17s
[2026-04-27 07:01:46] epoch  140/300 | train=0.000983 | val=0.001044 | best=0.001042@137 | patience=3/30 | time=2.15s
[2026-04-27 07:01:48] epoch  141/300 | train=0.000977 | val=0.001051 | best=0.001042@137 | patience=4/30 | time=2.18s
[2026-04-27 07:01:50] epoch  142/300 | train=0.000981 | val=0.001151 | best=0.001042@137 | patience=5/30 | time=2.15s
[2026-04-27 07:01:53] epoch  143/300 | train=0.000997 | val=0.001042 | best=0.001042@137 | patience=6/30 | time=2.36s
[2026-04-27 07:01:55] epoch  144/300 | train=0.000975 | val=0.001041 | best=0.001042@137 | patience=7/30 | time=2.15s
[2026-04-27 07:01:58] epoch  145/300 | train=0.000972 | val=0.001034 | best=0.001034@145 | patience=0/30 | time=2.15s *
[2026-04-27 07:02:02] epoch  146/300 | train=0.000969 | val=0.001038 | best=0.001034@145 | patience=1/30 | time=4.11s
[2026-04-27 07:02:05] epoch  147/300 | train=0.000968 | val=0.001040 | best=0.001034@145 | patience=2/30 | time=3.17s
[2026-04-27 07:02:07] epoch  148/300 | train=0.000968 | val=0.001041 | best=0.001034@145 | patience=3/30 | time=2.17s
[2026-04-27 07:02:10] epoch  149/300 | train=0.000967 | val=0.001036 | best=0.001034@145 | patience=4/30 | time=2.18s
[2026-04-27 07:02:12] epoch  150/300 | train=0.000965 | val=0.001036 | best=0.001034@145 | patience=5/30 | time=2.16s
[2026-04-27 07:02:14] epoch  151/300 | train=0.000962 | val=0.001037 | best=0.001034@145 | patience=6/30 | time=2.22s
[2026-04-27 07:02:17] epoch  152/300 | train=0.000964 | val=0.001032 | best=0.001032@152 | patience=0/30 | time=2.15s *
[2026-04-27 07:02:19] epoch  153/300 | train=0.000959 | val=0.001033 | best=0.001032@152 | patience=1/30 | time=2.15s
[2026-04-27 07:02:21] epoch  154/300 | train=0.000959 | val=0.001027 | best=0.001027@154 | patience=0/30 | time=2.16s *
[2026-04-27 07:02:24] epoch  155/300 | train=0.000956 | val=0.001036 | best=0.001027@154 | patience=1/30 | time=2.34s
[2026-04-27 07:02:26] epoch  156/300 | train=0.000958 | val=0.001042 | best=0.001027@154 | patience=2/30 | time=2.15s
[2026-04-27 07:02:28] epoch  157/300 | train=0.000959 | val=0.001027 | best=0.001027@154 | patience=3/30 | time=2.15s
[2026-04-27 07:02:31] epoch  158/300 | train=0.000951 | val=0.001024 | best=0.001024@158 | patience=0/30 | time=2.18s *
[2026-04-27 07:02:33] epoch  159/300 | train=0.000950 | val=0.001030 | best=0.001024@158 | patience=1/30 | time=2.15s
[2026-04-27 07:02:35] epoch  160/300 | train=0.000952 | val=0.001026 | best=0.001024@158 | patience=2/30 | time=2.15s
[2026-04-27 07:02:38] epoch  161/300 | train=0.000950 | val=0.001025 | best=0.001024@158 | patience=3/30 | time=2.41s
[2026-04-27 07:02:40] epoch  162/300 | train=0.000950 | val=0.001022 | best=0.001022@162 | patience=0/30 | time=2.15s *
[2026-04-27 07:02:43] epoch  163/300 | train=0.000945 | val=0.001032 | best=0.001022@162 | patience=1/30 | time=2.30s
[2026-04-27 07:02:45] epoch  164/300 | train=0.000947 | val=0.001018 | best=0.001018@164 | patience=0/30 | time=2.17s *
[2026-04-27 07:02:48] epoch  165/300 | train=0.000942 | val=0.001024 | best=0.001018@164 | patience=1/30 | time=2.17s
[2026-04-27 07:02:50] epoch  166/300 | train=0.000942 | val=0.001019 | best=0.001018@164 | patience=2/30 | time=2.16s
[2026-04-27 07:02:53] epoch  167/300 | train=0.000939 | val=0.001025 | best=0.001018@164 | patience=3/30 | time=2.73s
[2026-04-27 07:02:56] epoch  168/300 | train=0.000942 | val=0.001024 | best=0.001018@164 | patience=4/30 | time=2.15s
[2026-04-27 07:02:58] epoch  169/300 | train=0.000939 | val=0.001036 | best=0.001018@164 | patience=5/30 | time=2.15s
[2026-04-27 07:03:00] epoch  170/300 | train=0.000940 | val=0.001019 | best=0.001018@164 | patience=6/30 | time=2.15s
[2026-04-27 07:03:03] epoch  171/300 | train=0.000936 | val=0.001015 | best=0.001015@171 | patience=0/30 | time=2.15s *
[2026-04-27 07:03:05] epoch  172/300 | train=0.000935 | val=0.001028 | best=0.001015@171 | patience=1/30 | time=2.18s
[2026-04-27 07:03:07] epoch  173/300 | train=0.000935 | val=0.001014 | best=0.001014@173 | patience=0/30 | time=2.15s *
[2026-04-27 07:03:10] epoch  174/300 | train=0.000932 | val=0.001021 | best=0.001014@173 | patience=1/30 | time=2.15s
[2026-04-27 07:03:12] epoch  175/300 | train=0.000933 | val=0.001024 | best=0.001014@173 | patience=2/30 | time=2.15s
[2026-04-27 07:03:14] epoch  176/300 | train=0.000934 | val=0.001018 | best=0.001014@173 | patience=3/30 | time=2.15s
[2026-04-27 07:03:17] epoch  177/300 | train=0.000930 | val=0.001022 | best=0.001014@173 | patience=4/30 | time=2.41s
[2026-04-27 07:03:19] epoch  178/300 | train=0.000928 | val=0.001010 | best=0.001010@178 | patience=0/30 | time=2.15s *
[2026-04-27 07:03:22] epoch  179/300 | train=0.000925 | val=0.001013 | best=0.001010@178 | patience=1/30 | time=3.20s
[2026-04-27 07:03:25] epoch  180/300 | train=0.000925 | val=0.001009 | best=0.001009@180 | patience=0/30 | time=2.18s *
[2026-04-27 07:03:27] epoch  181/300 | train=0.000924 | val=0.001009 | best=0.001009@180 | patience=1/30 | time=2.17s
[2026-04-27 07:03:30] epoch  182/300 | train=0.000921 | val=0.001007 | best=0.001007@182 | patience=0/30 | time=2.20s *
[2026-04-27 07:03:32] epoch  183/300 | train=0.000921 | val=0.001016 | best=0.001007@182 | patience=1/30 | time=2.74s
[2026-04-27 07:03:35] epoch  184/300 | train=0.000920 | val=0.001008 | best=0.001007@182 | patience=2/30 | time=2.16s
[2026-04-27 07:03:37] epoch  185/300 | train=0.000919 | val=0.001005 | best=0.001005@185 | patience=0/30 | time=2.16s *
[2026-04-27 07:03:40] epoch  186/300 | train=0.000916 | val=0.001009 | best=0.001005@185 | patience=1/30 | time=2.17s
[2026-04-27 07:03:43] epoch  187/300 | train=0.000919 | val=0.001007 | best=0.001005@185 | patience=2/30 | time=2.17s
[2026-04-27 07:03:45] epoch  188/300 | train=0.000915 | val=0.001016 | best=0.001005@185 | patience=3/30 | time=2.33s
[2026-04-27 07:03:47] epoch  189/300 | train=0.000916 | val=0.001006 | best=0.001005@185 | patience=4/30 | time=2.15s
[2026-04-27 07:03:50] epoch  190/300 | train=0.000914 | val=0.001000 | best=0.001000@190 | patience=0/30 | time=2.15s *
[2026-04-27 07:03:52] epoch  191/300 | train=0.000909 | val=0.001004 | best=0.001000@190 | patience=1/30 | time=2.16s
[2026-04-27 07:03:55] epoch  192/300 | train=0.000909 | val=0.000998 | best=0.000998@192 | patience=0/30 | time=2.15s *
[2026-04-27 07:04:00] epoch  193/300 | train=0.000907 | val=0.000998 | best=0.000998@192 | patience=1/30 | time=5.21s
[2026-04-27 07:04:02] epoch  194/300 | train=0.000907 | val=0.001000 | best=0.000998@192 | patience=2/30 | time=2.15s
[2026-04-27 07:04:05] epoch  195/300 | train=0.000908 | val=0.000999 | best=0.000998@192 | patience=3/30 | time=3.13s
[2026-04-27 07:04:08] epoch  196/300 | train=0.000906 | val=0.001004 | best=0.000998@192 | patience=4/30 | time=2.17s
[2026-04-27 07:04:10] epoch  197/300 | train=0.000904 | val=0.001002 | best=0.000998@192 | patience=5/30 | time=2.17s
[2026-04-27 07:04:12] epoch  198/300 | train=0.000903 | val=0.000998 | best=0.000998@192 | patience=6/30 | time=2.18s
[2026-04-27 07:04:15] epoch  199/300 | train=0.000903 | val=0.000995 | best=0.000995@199 | patience=0/30 | time=2.74s *
[2026-04-27 07:04:18] epoch  200/300 | train=0.000900 | val=0.000995 | best=0.000995@199 | patience=1/30 | time=2.13s
[2026-04-27 07:04:20] epoch  201/300 | train=0.000899 | val=0.000997 | best=0.000995@199 | patience=2/30 | time=2.13s
[2026-04-27 07:04:22] epoch  202/300 | train=0.000898 | val=0.000999 | best=0.000995@199 | patience=3/30 | time=2.13s
[2026-04-27 07:04:24] epoch  203/300 | train=0.000900 | val=0.001005 | best=0.000995@199 | patience=4/30 | time=2.12s
[2026-04-27 07:04:27] epoch  204/300 | train=0.000899 | val=0.001002 | best=0.000995@199 | patience=5/30 | time=2.15s
[2026-04-27 07:04:30] epoch  205/300 | train=0.000897 | val=0.000993 | best=0.000993@205 | patience=0/30 | time=2.18s *
[2026-04-27 07:04:32] epoch  206/300 | train=0.000896 | val=0.000993 | best=0.000993@205 | patience=1/30 | time=2.15s
[2026-04-27 07:04:35] epoch  207/300 | train=0.000893 | val=0.001155 | best=0.000993@205 | patience=2/30 | time=2.28s
[2026-04-27 07:04:37] epoch  208/300 | train=0.000917 | val=0.000993 | best=0.000993@205 | patience=3/30 | time=2.15s
[2026-04-27 07:04:41] epoch  209/300 | train=0.000893 | val=0.000994 | best=0.000993@205 | patience=4/30 | time=4.00s
[2026-04-27 07:04:43] epoch  210/300 | train=0.000892 | val=0.000996 | best=0.000993@205 | patience=5/30 | time=2.14s
[2026-04-27 07:04:47] epoch  211/300 | train=0.000892 | val=0.000993 | best=0.000993@205 | patience=6/30 | time=3.14s
[2026-04-27 07:04:49] epoch  212/300 | train=0.000889 | val=0.000993 | best=0.000993@205 | patience=7/30 | time=2.17s
[2026-04-27 07:04:51] epoch  213/300 | train=0.000888 | val=0.000994 | best=0.000993@205 | patience=8/30 | time=2.16s
[2026-04-27 07:04:54] epoch  214/300 | train=0.000888 | val=0.000990 | best=0.000990@214 | patience=0/30 | time=2.17s *
[2026-04-27 07:04:56] epoch  215/300 | train=0.000887 | val=0.000989 | best=0.000989@215 | patience=0/30 | time=2.51s *
[2026-04-27 07:04:59] epoch  216/300 | train=0.000886 | val=0.000986 | best=0.000986@216 | patience=0/30 | time=2.16s *
[2026-04-27 07:05:01] epoch  217/300 | train=0.000884 | val=0.000988 | best=0.000986@216 | patience=1/30 | time=2.15s
[2026-04-27 07:05:03] epoch  218/300 | train=0.000883 | val=0.000988 | best=0.000986@216 | patience=2/30 | time=2.15s
[2026-04-27 07:05:06] epoch  219/300 | train=0.000881 | val=0.000991 | best=0.000986@216 | patience=3/30 | time=2.15s
[2026-04-27 07:05:09] epoch  220/300 | train=0.000882 | val=0.000994 | best=0.000986@216 | patience=4/30 | time=2.33s
[2026-04-27 07:05:11] epoch  221/300 | train=0.000881 | val=0.000983 | best=0.000983@221 | patience=0/30 | time=2.15s *
[2026-04-27 07:05:13] epoch  222/300 | train=0.000880 | val=0.000996 | best=0.000983@221 | patience=1/30 | time=2.14s
[2026-04-27 07:05:16] epoch  223/300 | train=0.000882 | val=0.000989 | best=0.000983@221 | patience=2/30 | time=2.35s
[2026-04-27 07:05:18] epoch  224/300 | train=0.000879 | val=0.000994 | best=0.000983@221 | patience=3/30 | time=2.14s
[2026-04-27 07:05:24] epoch  225/300 | train=0.000878 | val=0.000988 | best=0.000983@221 | patience=4/30 | time=5.20s
[2026-04-27 07:05:26] epoch  226/300 | train=0.000877 | val=0.000987 | best=0.000983@221 | patience=5/30 | time=2.14s
[2026-04-27 07:05:28] epoch  227/300 | train=0.000875 | val=0.000983 | best=0.000983@221 | patience=6/30 | time=2.29s
[2026-04-27 07:05:31] epoch  228/300 | train=0.000872 | val=0.000980 | best=0.000980@228 | patience=0/30 | time=2.17s *
[2026-04-27 07:05:33] epoch  229/300 | train=0.000873 | val=0.000981 | best=0.000980@228 | patience=1/30 | time=2.16s
[2026-04-27 07:05:35] epoch  230/300 | train=0.000872 | val=0.000986 | best=0.000980@228 | patience=2/30 | time=2.17s
[2026-04-27 07:05:38] epoch  231/300 | train=0.000873 | val=0.000989 | best=0.000980@228 | patience=3/30 | time=2.15s
[2026-04-27 07:05:41] epoch  232/300 | train=0.000871 | val=0.000984 | best=0.000980@228 | patience=4/30 | time=2.72s
[2026-04-27 07:05:43] epoch  233/300 | train=0.000870 | val=0.000981 | best=0.000980@228 | patience=5/30 | time=2.15s
[2026-04-27 07:05:45] epoch  234/300 | train=0.000868 | val=0.000985 | best=0.000980@228 | patience=6/30 | time=2.15s
[2026-04-27 07:05:47] epoch  235/300 | train=0.000870 | val=0.000981 | best=0.000980@228 | patience=7/30 | time=2.15s
[2026-04-27 07:05:50] epoch  236/300 | train=0.000865 | val=0.000981 | best=0.000980@228 | patience=8/30 | time=2.15s
[2026-04-27 07:05:52] epoch  237/300 | train=0.000865 | val=0.000985 | best=0.000980@228 | patience=9/30 | time=2.31s
[2026-04-27 07:05:54] epoch  238/300 | train=0.000865 | val=0.000984 | best=0.000980@228 | patience=10/30 | time=2.15s
[2026-04-27 07:05:57] epoch  239/300 | train=0.000866 | val=0.000983 | best=0.000980@228 | patience=11/30 | time=2.17s
[2026-04-27 07:05:59] epoch  240/300 | train=0.000864 | val=0.000981 | best=0.000980@228 | patience=12/30 | time=2.14s
[2026-04-27 07:06:01] epoch  241/300 | train=0.000862 | val=0.000978 | best=0.000978@241 | patience=0/30 | time=2.15s *
[2026-04-27 07:06:06] epoch  242/300 | train=0.000860 | val=0.000981 | best=0.000978@241 | patience=1/30 | time=5.07s
[2026-04-27 07:06:09] epoch  243/300 | train=0.000862 | val=0.000979 | best=0.000978@241 | patience=2/30 | time=2.92s
[2026-04-27 07:06:12] epoch  244/300 | train=0.000862 | val=0.000979 | best=0.000978@241 | patience=3/30 | time=2.18s
[2026-04-27 07:06:14] epoch  245/300 | train=0.000859 | val=0.000981 | best=0.000978@241 | patience=4/30 | time=2.18s
[2026-04-27 07:06:16] epoch  246/300 | train=0.000859 | val=0.000983 | best=0.000978@241 | patience=5/30 | time=2.17s
[2026-04-27 07:06:19] epoch  247/300 | train=0.000859 | val=0.000977 | best=0.000978@241 | patience=6/30 | time=2.22s
[2026-04-27 07:06:21] epoch  248/300 | train=0.000857 | val=0.000972 | best=0.000972@248 | patience=0/30 | time=2.16s *
[2026-04-27 07:06:23] epoch  249/300 | train=0.000854 | val=0.001042 | best=0.000972@248 | patience=1/30 | time=2.16s
[2026-04-27 07:06:26] epoch  250/300 | train=0.000867 | val=0.000988 | best=0.000972@248 | patience=2/30 | time=2.16s
[2026-04-27 07:06:28] epoch  251/300 | train=0.000858 | val=0.000975 | best=0.000972@248 | patience=3/30 | time=2.25s
[2026-04-27 07:06:30] epoch  252/300 | train=0.000854 | val=0.000971 | best=0.000971@252 | patience=0/30 | time=2.16s *
[2026-04-27 07:06:33] epoch  253/300 | train=0.000852 | val=0.000972 | best=0.000971@252 | patience=1/30 | time=2.15s
[2026-04-27 07:06:35] epoch  254/300 | train=0.000850 | val=0.000976 | best=0.000971@252 | patience=2/30 | time=2.18s
[2026-04-27 07:06:37] epoch  255/300 | train=0.000853 | val=0.000973 | best=0.000971@252 | patience=3/30 | time=2.15s
[2026-04-27 07:06:40] epoch  256/300 | train=0.000850 | val=0.000993 | best=0.000971@252 | patience=4/30 | time=2.42s
[2026-04-27 07:06:42] epoch  257/300 | train=0.000854 | val=0.000970 | best=0.000970@257 | patience=0/30 | time=2.15s *
[2026-04-27 07:06:44] epoch  258/300 | train=0.000847 | val=0.000971 | best=0.000970@257 | patience=1/30 | time=2.15s
[2026-04-27 07:06:47] epoch  259/300 | train=0.000846 | val=0.000969 | best=0.000970@257 | patience=2/30 | time=2.30s
[2026-04-27 07:06:49] epoch  260/300 | train=0.000846 | val=0.000972 | best=0.000970@257 | patience=3/30 | time=2.18s
[2026-04-27 07:06:52] epoch  261/300 | train=0.000845 | val=0.000972 | best=0.000970@257 | patience=4/30 | time=2.19s
[2026-04-27 07:06:54] epoch  262/300 | train=0.000843 | val=0.000977 | best=0.000970@257 | patience=5/30 | time=2.17s
[2026-04-27 07:06:57] epoch  263/300 | train=0.000846 | val=0.000970 | best=0.000970@257 | patience=6/30 | time=2.55s
[2026-04-27 07:06:59] epoch  264/300 | train=0.000843 | val=0.000973 | best=0.000970@257 | patience=7/30 | time=2.16s
[2026-04-27 07:07:02] epoch  265/300 | train=0.000843 | val=0.000973 | best=0.000970@257 | patience=8/30 | time=2.16s
[2026-04-27 07:07:04] epoch  266/300 | train=0.000844 | val=0.000974 | best=0.000970@257 | patience=9/30 | time=2.16s
[2026-04-27 07:07:06] epoch  267/300 | train=0.000842 | val=0.000967 | best=0.000967@267 | patience=0/30 | time=2.16s *
[2026-04-27 07:07:08] epoch  268/300 | train=0.000843 | val=0.000971 | best=0.000967@267 | patience=1/30 | time=2.19s
[2026-04-27 07:07:11] epoch  269/300 | train=0.000840 | val=0.000967 | best=0.000967@267 | patience=2/30 | time=2.15s
[2026-04-27 07:07:13] epoch  270/300 | train=0.000837 | val=0.000968 | best=0.000967@267 | patience=3/30 | time=2.15s
[2026-04-27 07:07:15] epoch  271/300 | train=0.000836 | val=0.000967 | best=0.000967@267 | patience=4/30 | time=2.34s
[2026-04-27 07:07:18] epoch  272/300 | train=0.000837 | val=0.000969 | best=0.000967@267 | patience=5/30 | time=2.14s
[2026-04-27 07:07:23] epoch  273/300 | train=0.000836 | val=0.000967 | best=0.000967@267 | patience=6/30 | time=5.19s
[2026-04-27 07:07:26] epoch  274/300 | train=0.000835 | val=0.000966 | best=0.000966@274 | patience=0/30 | time=2.83s *
[2026-04-27 07:07:28] epoch  275/300 | train=0.000835 | val=0.000963 | best=0.000963@275 | patience=0/30 | time=2.18s *
[2026-04-27 07:07:31] epoch  276/300 | train=0.000832 | val=0.000967 | best=0.000963@275 | patience=1/30 | time=2.16s
[2026-04-27 07:07:33] epoch  277/300 | train=0.000834 | val=0.000964 | best=0.000963@275 | patience=2/30 | time=2.16s
[2026-04-27 07:07:35] epoch  278/300 | train=0.000832 | val=0.000973 | best=0.000963@275 | patience=3/30 | time=2.17s
[2026-04-27 07:07:38] epoch  279/300 | train=0.000837 | val=0.000970 | best=0.000963@275 | patience=4/30 | time=2.15s
[2026-04-27 07:07:40] epoch  280/300 | train=0.000833 | val=0.000968 | best=0.000963@275 | patience=5/30 | time=2.74s
[2026-04-27 07:07:43] epoch  281/300 | train=0.000833 | val=0.000968 | best=0.000963@275 | patience=6/30 | time=2.16s
[2026-04-27 07:07:45] epoch  282/300 | train=0.000828 | val=0.000961 | best=0.000961@282 | patience=0/30 | time=2.16s *
[2026-04-27 07:07:47] epoch  283/300 | train=0.000829 | val=0.000968 | best=0.000961@282 | patience=1/30 | time=2.15s
[2026-04-27 07:07:50] epoch  284/300 | train=0.000831 | val=0.001120 | best=0.000961@282 | patience=2/30 | time=2.15s
[2026-04-27 07:07:52] epoch  285/300 | train=0.000857 | val=0.000981 | best=0.000961@282 | patience=3/30 | time=2.32s
[2026-04-27 07:07:54] epoch  286/300 | train=0.000837 | val=0.000980 | best=0.000961@282 | patience=4/30 | time=2.15s
[2026-04-27 07:07:57] epoch  287/300 | train=0.000833 | val=0.000973 | best=0.000961@282 | patience=5/30 | time=2.31s
[2026-04-27 07:07:59] epoch  288/300 | train=0.000832 | val=0.000959 | best=0.000959@288 | patience=0/30 | time=2.15s *
[2026-04-27 07:08:01] epoch  289/300 | train=0.000825 | val=0.000964 | best=0.000959@288 | patience=1/30 | time=2.15s
[2026-04-27 07:08:08] epoch  290/300 | train=0.000824 | val=0.000965 | best=0.000959@288 | patience=2/30 | time=6.21s
[2026-04-27 07:08:10] epoch  291/300 | train=0.000822 | val=0.000957 | best=0.000957@291 | patience=0/30 | time=2.17s *
[2026-04-27 07:08:12] epoch  292/300 | train=0.000821 | val=0.000963 | best=0.000957@291 | patience=1/30 | time=2.17s
[2026-04-27 07:08:15] epoch  293/300 | train=0.000824 | val=0.000961 | best=0.000957@291 | patience=2/30 | time=2.17s
[2026-04-27 07:08:17] epoch  294/300 | train=0.000822 | val=0.000960 | best=0.000957@291 | patience=3/30 | time=2.56s
[2026-04-27 07:08:20] epoch  295/300 | train=0.000821 | val=0.000962 | best=0.000957@291 | patience=4/30 | time=2.16s
[2026-04-27 07:08:22] epoch  296/300 | train=0.000819 | val=0.000964 | best=0.000957@291 | patience=5/30 | time=2.16s
[2026-04-27 07:08:24] epoch  297/300 | train=0.000820 | val=0.000960 | best=0.000957@291 | patience=6/30 | time=2.16s
[2026-04-27 07:08:27] epoch  298/300 | train=0.000819 | val=0.000955 | best=0.000955@298 | patience=0/30 | time=2.16s *
[2026-04-27 07:08:29] epoch  299/300 | train=0.000816 | val=0.000956 | best=0.000955@298 | patience=1/30 | time=2.16s
[2026-04-27 07:08:31] epoch  300/300 | train=0.000816 | val=0.000960 | best=0.000955@298 | patience=2/30 | time=2.18s
[2026-04-27 07:08:31] Training done: stop_reason=max_epochs, total_epochs=300, best_epoch=298, best_val=0.000955
[2026-04-27 07:08:31] Reloading best checkpoint (epoch 298) for evaluation
[2026-04-27 07:08:42] ------------------------------------------------------------
[2026-04-27 07:08:42] Evaluation:
[2026-04-27 07:08:42]   AUC broken_lcfs         : 0.6110
[2026-04-27 07:08:42]   AUC bad_black_core      : 0.9921
[2026-04-27 07:08:42]   AUC bad_nonconverged    : 0.9973
[2026-04-27 07:08:42]   objective      : 0.8412
[2026-04-27 07:08:42]   floor_ok       : True
[2026-04-27 07:08:42]   threshold      : 0.1058
[2026-04-27 07:08:42]   mu / sigma     : 0.000817561 / 0.000216695
[2026-04-27 07:08:42] Train time=838.6s, eval time=10.8s
