[2026-04-27 09:47:42] ============================================================
[2026-04-27 09:47:42] Trial 154 starting on cuda:0
[2026-04-27 09:47:42] Timestamp: 2026-04-27T09:47:42.560085
[2026-04-27 09:47:42] --- Config summary ---
  bottleneck_dim  : 250
  n_enc_layers    : 5
  n_dec_layers    : 5
  base_channels   : 58
  growth_factor   : 1.6290057687860267
  use_batchnorm   : True
  use_hpf         : True
  hpf_sigma       : 1.893691744132385
  lr              : 7.607097720029197e-05
  batch_size      : 24
  max_epochs      : 300
  patience        : 30
  seed            : 42
  deterministic   : False
  trial_num       : 154
[2026-04-27 09:47:42] Loading train/val/selection splits...
[2026-04-27 09:48:49] Splits loaded in 67.4s: n_train=722, n_val=120, n_selection=405
[2026-04-27 09:48:50] --- Architecture summary ---
  channels per enc layer : [58, 94, 154, 251, 408]
  final spatial size     : 8x8
  flat size before latent: 26112
  bottleneck_dim         : 250
  total parameters       : 27,050,025
[2026-04-27 09:48:50] Starting training: n_train=722, n_val=120, device=cuda:0
[2026-04-27 09:51:51] epoch    1/300 | train=0.006937 | val=0.005945 | best=0.005945@1 | patience=0/30 | time=180.12s *
[2026-04-27 09:51:59] epoch    2/300 | train=0.003938 | val=0.004656 | best=0.004656@2 | patience=0/30 | time=7.90s *
[2026-04-27 09:52:12] epoch    3/300 | train=0.003231 | val=0.003184 | best=0.003184@3 | patience=0/30 | time=11.57s *
[2026-04-27 09:52:20] epoch    4/300 | train=0.002925 | val=0.002794 | best=0.002794@4 | patience=0/30 | time=8.27s *
[2026-04-27 09:52:29] epoch    5/300 | train=0.002728 | val=0.002634 | best=0.002634@5 | patience=0/30 | time=8.01s *
[2026-04-27 09:52:41] epoch    6/300 | train=0.002593 | val=0.002707 | best=0.002634@5 | patience=1/30 | time=11.64s
[2026-04-27 09:52:49] epoch    7/300 | train=0.002550 | val=0.002604 | best=0.002604@7 | patience=0/30 | time=7.75s *
[2026-04-27 09:52:57] epoch    8/300 | train=0.002536 | val=0.002620 | best=0.002604@7 | patience=1/30 | time=8.04s
[2026-04-27 09:53:09] epoch    9/300 | train=0.002492 | val=0.002416 | best=0.002416@9 | patience=0/30 | time=11.33s *
[2026-04-27 09:53:17] epoch   10/300 | train=0.002389 | val=0.002433 | best=0.002416@9 | patience=1/30 | time=8.27s
[2026-04-27 09:53:26] epoch   11/300 | train=0.002380 | val=0.002355 | best=0.002355@11 | patience=0/30 | time=8.03s *
[2026-04-27 09:53:37] epoch   12/300 | train=0.002315 | val=0.002331 | best=0.002331@12 | patience=0/30 | time=10.47s *
[2026-04-27 09:53:45] epoch   13/300 | train=0.002283 | val=0.002279 | best=0.002279@13 | patience=0/30 | time=7.73s *
[2026-04-27 09:53:53] epoch   14/300 | train=0.002259 | val=0.002280 | best=0.002279@13 | patience=1/30 | time=7.73s
[2026-04-27 09:54:01] epoch   15/300 | train=0.002235 | val=0.002312 | best=0.002279@13 | patience=2/30 | time=8.04s
[2026-04-27 09:54:09] epoch   16/300 | train=0.002249 | val=0.002206 | best=0.002206@16 | patience=0/30 | time=7.75s *
[2026-04-27 09:54:17] epoch   17/300 | train=0.002177 | val=0.002235 | best=0.002206@16 | patience=1/30 | time=7.73s
[2026-04-27 09:54:26] epoch   18/300 | train=0.002173 | val=0.002142 | best=0.002142@18 | patience=0/30 | time=8.03s *
[2026-04-27 09:54:35] epoch   19/300 | train=0.002104 | val=0.002122 | best=0.002122@19 | patience=0/30 | time=8.29s *
[2026-04-27 09:54:43] epoch   20/300 | train=0.002076 | val=0.002540 | best=0.002122@19 | patience=1/30 | time=7.89s
[2026-04-27 09:54:53] epoch   21/300 | train=0.002234 | val=0.002131 | best=0.002122@19 | patience=2/30 | time=10.72s
[2026-04-27 09:55:03] epoch   22/300 | train=0.002062 | val=0.002090 | best=0.002090@22 | patience=0/30 | time=9.41s *
[2026-04-27 09:55:11] epoch   23/300 | train=0.002064 | val=0.002120 | best=0.002090@22 | patience=1/30 | time=7.84s
[2026-04-27 09:55:24] epoch   24/300 | train=0.002019 | val=0.002055 | best=0.002055@24 | patience=0/30 | time=11.66s *
[2026-04-27 09:55:32] epoch   25/300 | train=0.002013 | val=0.002097 | best=0.002055@24 | patience=1/30 | time=8.18s
[2026-04-27 09:55:40] epoch   26/300 | train=0.001989 | val=0.002090 | best=0.002055@24 | patience=2/30 | time=8.08s
[2026-04-27 09:55:52] epoch   27/300 | train=0.001987 | val=0.001998 | best=0.001998@27 | patience=0/30 | time=11.00s *
[2026-04-27 09:56:00] epoch   28/300 | train=0.001928 | val=0.001975 | best=0.001975@28 | patience=0/30 | time=8.22s *
[2026-04-27 09:56:09] epoch   29/300 | train=0.001938 | val=0.001937 | best=0.001937@29 | patience=0/30 | time=7.96s *
[2026-04-27 09:56:20] epoch   30/300 | train=0.001887 | val=0.001935 | best=0.001935@30 | patience=0/30 | time=10.58s *
[2026-04-27 09:56:28] epoch   31/300 | train=0.001867 | val=0.002016 | best=0.001935@30 | patience=1/30 | time=7.74s
[2026-04-27 09:56:36] epoch   32/300 | train=0.001921 | val=0.001960 | best=0.001935@30 | patience=2/30 | time=7.74s
[2026-04-27 09:56:44] epoch   33/300 | train=0.001859 | val=0.001894 | best=0.001894@33 | patience=0/30 | time=8.09s *
[2026-04-27 09:56:53] epoch   34/300 | train=0.001818 | val=0.001880 | best=0.001880@34 | patience=0/30 | time=8.27s *
[2026-04-27 09:57:02] epoch   35/300 | train=0.001805 | val=0.001852 | best=0.001852@35 | patience=0/30 | time=7.95s *
[2026-04-27 09:57:14] epoch   36/300 | train=0.001766 | val=0.001931 | best=0.001852@35 | patience=1/30 | time=11.86s
[2026-04-27 09:57:22] epoch   37/300 | train=0.001776 | val=0.001852 | best=0.001852@35 | patience=2/30 | time=8.21s
[2026-04-27 09:57:33] epoch   38/300 | train=0.001730 | val=0.001847 | best=0.001847@38 | patience=0/30 | time=8.08s *
[2026-04-27 09:57:43] epoch   39/300 | train=0.001730 | val=0.001864 | best=0.001847@38 | patience=1/30 | time=9.30s
[2026-04-27 09:57:50] epoch   40/300 | train=0.001701 | val=0.001901 | best=0.001847@38 | patience=2/30 | time=7.71s
[2026-04-27 09:58:01] epoch   41/300 | train=0.001736 | val=0.001923 | best=0.001847@38 | patience=3/30 | time=10.74s
[2026-04-27 09:58:09] epoch   42/300 | train=0.001719 | val=0.001852 | best=0.001847@38 | patience=4/30 | time=7.82s
[2026-04-27 09:58:18] epoch   43/300 | train=0.001701 | val=0.001772 | best=0.001772@43 | patience=0/30 | time=7.73s *
[2026-04-27 09:58:26] epoch   44/300 | train=0.001649 | val=0.001744 | best=0.001744@44 | patience=0/30 | time=7.76s *
[2026-04-27 09:58:34] epoch   45/300 | train=0.001613 | val=0.001964 | best=0.001744@44 | patience=1/30 | time=7.80s
[2026-04-27 09:58:42] epoch   46/300 | train=0.001675 | val=0.001771 | best=0.001744@44 | patience=2/30 | time=7.75s
[2026-04-27 09:58:50] epoch   47/300 | train=0.001618 | val=0.001849 | best=0.001744@44 | patience=3/30 | time=8.04s
[2026-04-27 09:59:02] epoch   48/300 | train=0.001631 | val=0.001740 | best=0.001740@48 | patience=0/30 | time=11.89s *
[2026-04-27 09:59:10] epoch   49/300 | train=0.001570 | val=0.001756 | best=0.001740@48 | patience=1/30 | time=7.74s
[2026-04-27 09:59:19] epoch   50/300 | train=0.001584 | val=0.001715 | best=0.001715@50 | patience=0/30 | time=7.75s *
[2026-04-27 09:59:19]   pruned at epoch 50
[2026-04-27 09:59:19] Training done: stop_reason=pruned, total_epochs=50, best_epoch=50, best_val=0.001715
[2026-04-27 09:59:19] Reloading best checkpoint (epoch 50) for evaluation
[2026-04-27 09:59:38] ------------------------------------------------------------
[2026-04-27 09:59:38] Evaluation:
[2026-04-27 09:59:38]   AUC broken_lcfs         : 0.5667
[2026-04-27 09:59:38]   AUC bad_black_core      : 0.9931
[2026-04-27 09:59:38]   AUC bad_nonconverged    : 0.9960
[2026-04-27 09:59:38]   objective      : 0.8234
[2026-04-27 09:59:38]   floor_ok       : True
[2026-04-27 09:59:38]   threshold      : 0.0559
[2026-04-27 09:59:38]   mu / sigma     : 0.00157722 / 0.000449611
[2026-04-27 09:59:38] Train time=628.3s, eval time=19.1s
