[2026-04-27 04:47:26] ============================================================
[2026-04-27 04:47:26] Trial 85 starting on cuda:0
[2026-04-27 04:47:26] Timestamp: 2026-04-27T04:47:26.667378
[2026-04-27 04:47:26] --- Config summary ---
  bottleneck_dim  : 199
  n_enc_layers    : 5
  n_dec_layers    : 4
  base_channels   : 54
  growth_factor   : 1.670685105889808
  use_batchnorm   : True
  use_hpf         : True
  hpf_sigma       : 1.0275260760136864
  lr              : 0.0005939576017883695
  batch_size      : 40
  max_epochs      : 300
  patience        : 30
  seed            : 42
  deterministic   : False
  trial_num       : 85
[2026-04-27 04:47:26] Loading train/val/selection splits...
[2026-04-27 04:48:25] Splits loaded in 58.6s: n_train=722, n_val=120, n_selection=405
[2026-04-27 04:48:26] --- Architecture summary ---
  channels per enc layer : [54, 90, 151, 252, 421]
  final spatial size     : 8x8
  flat size before latent: 26944
  bottleneck_dim         : 199
  total parameters       : 22,700,951
[2026-04-27 04:48:26] Starting training: n_train=722, n_val=120, device=cuda:0
[2026-04-27 04:52:05] epoch    1/300 | train=0.004857 | val=0.004521 | best=0.004521@1 | patience=0/30 | time=219.13s *
[2026-04-27 04:52:12] epoch    2/300 | train=0.002961 | val=0.003147 | best=0.003147@2 | patience=0/30 | time=6.23s *
[2026-04-27 04:52:19] epoch    3/300 | train=0.002943 | val=0.002963 | best=0.002963@3 | patience=0/30 | time=6.43s *
[2026-04-27 04:52:25] epoch    4/300 | train=0.002933 | val=0.002925 | best=0.002925@4 | patience=0/30 | time=6.35s *
[2026-04-27 04:52:32] epoch    5/300 | train=0.002836 | val=0.002856 | best=0.002856@5 | patience=0/30 | time=6.33s *
[2026-04-27 04:52:39] epoch    6/300 | train=0.002794 | val=0.002825 | best=0.002825@6 | patience=0/30 | time=6.25s *
[2026-04-27 04:52:46] epoch    7/300 | train=0.002761 | val=0.002815 | best=0.002815@7 | patience=0/30 | time=6.44s *
[2026-04-27 04:52:52] epoch    8/300 | train=0.002723 | val=0.002891 | best=0.002815@7 | patience=1/30 | time=6.31s
[2026-04-27 04:52:59] epoch    9/300 | train=0.002813 | val=0.002791 | best=0.002791@9 | patience=0/30 | time=6.37s *
[2026-04-27 04:53:06] epoch   10/300 | train=0.002687 | val=0.002882 | best=0.002791@9 | patience=1/30 | time=6.25s
[2026-04-27 04:53:12] epoch   11/300 | train=0.002752 | val=0.002789 | best=0.002789@11 | patience=0/30 | time=6.17s *
[2026-04-27 04:53:19] epoch   12/300 | train=0.002705 | val=0.002755 | best=0.002755@12 | patience=0/30 | time=6.32s *
[2026-04-27 04:53:26] epoch   13/300 | train=0.002707 | val=0.002765 | best=0.002755@12 | patience=1/30 | time=6.33s
[2026-04-27 04:53:32] epoch   14/300 | train=0.002687 | val=0.002747 | best=0.002747@14 | patience=0/30 | time=6.24s *
[2026-04-27 04:53:39] epoch   15/300 | train=0.002665 | val=0.002701 | best=0.002701@15 | patience=0/30 | time=6.18s *
[2026-04-27 04:53:46] epoch   16/300 | train=0.002653 | val=0.002722 | best=0.002701@15 | patience=1/30 | time=6.33s
[2026-04-27 04:53:53] epoch   17/300 | train=0.002639 | val=0.002752 | best=0.002701@15 | patience=2/30 | time=6.33s
[2026-04-27 04:54:00] epoch   18/300 | train=0.002580 | val=0.002603 | best=0.002603@18 | patience=0/30 | time=6.22s *
[2026-04-27 04:54:06] epoch   19/300 | train=0.002477 | val=0.002510 | best=0.002510@19 | patience=0/30 | time=6.18s *
[2026-04-27 04:54:13] epoch   20/300 | train=0.002453 | val=0.002544 | best=0.002510@19 | patience=1/30 | time=6.60s
[2026-04-27 04:54:19] epoch   21/300 | train=0.002510 | val=0.002653 | best=0.002510@19 | patience=2/30 | time=6.37s
[2026-04-27 04:54:26] epoch   22/300 | train=0.002435 | val=0.002495 | best=0.002495@22 | patience=0/30 | time=6.22s *
[2026-04-27 04:54:33] epoch   23/300 | train=0.002347 | val=0.002412 | best=0.002412@23 | patience=0/30 | time=6.18s *
[2026-04-27 04:54:40] epoch   24/300 | train=0.002257 | val=0.002249 | best=0.002249@24 | patience=0/30 | time=6.67s *
[2026-04-27 04:54:47] epoch   25/300 | train=0.002173 | val=0.002196 | best=0.002196@25 | patience=0/30 | time=6.35s *
[2026-04-27 04:54:54] epoch   26/300 | train=0.002116 | val=0.002133 | best=0.002133@26 | patience=0/30 | time=6.26s *
[2026-04-27 04:55:00] epoch   27/300 | train=0.002074 | val=0.002088 | best=0.002088@27 | patience=0/30 | time=6.18s *
[2026-04-27 04:55:07] epoch   28/300 | train=0.002044 | val=0.002080 | best=0.002080@28 | patience=0/30 | time=6.33s *
[2026-04-27 04:55:14] epoch   29/300 | train=0.002025 | val=0.002033 | best=0.002033@29 | patience=0/30 | time=6.38s *
[2026-04-27 04:55:21] epoch   30/300 | train=0.002007 | val=0.002041 | best=0.002033@29 | patience=1/30 | time=6.27s
[2026-04-27 04:55:27] epoch   31/300 | train=0.001995 | val=0.002008 | best=0.002008@31 | patience=0/30 | time=6.19s *
[2026-04-27 04:55:34] epoch   32/300 | train=0.001958 | val=0.001980 | best=0.001980@32 | patience=0/30 | time=6.61s *
[2026-04-27 04:55:41] epoch   33/300 | train=0.001957 | val=0.002000 | best=0.001980@32 | patience=1/30 | time=6.37s
[2026-04-27 04:55:47] epoch   34/300 | train=0.001923 | val=0.001987 | best=0.001980@32 | patience=2/30 | time=6.27s
[2026-04-27 04:55:54] epoch   35/300 | train=0.001886 | val=0.001963 | best=0.001963@35 | patience=0/30 | time=6.19s *
[2026-04-27 04:56:01] epoch   36/300 | train=0.001946 | val=0.002029 | best=0.001963@35 | patience=1/30 | time=6.68s
[2026-04-27 04:56:07] epoch   37/300 | train=0.001885 | val=0.001880 | best=0.001880@37 | patience=0/30 | time=6.35s *
[2026-04-27 04:56:14] epoch   38/300 | train=0.001803 | val=0.001916 | best=0.001880@37 | patience=1/30 | time=6.28s
[2026-04-27 04:56:20] epoch   39/300 | train=0.001827 | val=0.001895 | best=0.001880@37 | patience=2/30 | time=6.18s
[2026-04-27 04:56:27] epoch   40/300 | train=0.001756 | val=0.001740 | best=0.001740@40 | patience=0/30 | time=6.61s *
[2026-04-27 04:56:34] epoch   41/300 | train=0.001682 | val=0.001735 | best=0.001735@41 | patience=0/30 | time=6.34s *
[2026-04-27 04:56:41] epoch   42/300 | train=0.001653 | val=0.001715 | best=0.001715@42 | patience=0/30 | time=6.26s *
[2026-04-27 04:56:47] epoch   43/300 | train=0.001623 | val=0.001616 | best=0.001616@43 | patience=0/30 | time=6.19s *
[2026-04-27 04:56:55] epoch   44/300 | train=0.001550 | val=0.001546 | best=0.001546@44 | patience=0/30 | time=6.65s *
[2026-04-27 04:57:01] epoch   45/300 | train=0.001495 | val=0.001848 | best=0.001546@44 | patience=1/30 | time=6.37s
[2026-04-27 04:57:07] epoch   46/300 | train=0.001665 | val=0.002124 | best=0.001546@44 | patience=2/30 | time=6.27s
[2026-04-27 04:57:14] epoch   47/300 | train=0.001534 | val=0.001551 | best=0.001546@44 | patience=3/30 | time=6.19s
[2026-04-27 04:57:21] epoch   48/300 | train=0.001477 | val=0.001449 | best=0.001449@48 | patience=0/30 | time=6.67s *
[2026-04-27 04:57:28] epoch   49/300 | train=0.001405 | val=0.001384 | best=0.001384@49 | patience=0/30 | time=6.35s *
[2026-04-27 04:57:35] epoch   50/300 | train=0.001378 | val=0.001375 | best=0.001375@50 | patience=0/30 | time=6.28s *
[2026-04-27 04:57:41] epoch   51/300 | train=0.001357 | val=0.001386 | best=0.001375@50 | patience=1/30 | time=6.19s
[2026-04-27 04:57:48] epoch   52/300 | train=0.001368 | val=0.001362 | best=0.001362@52 | patience=0/30 | time=6.61s *
[2026-04-27 04:57:55] epoch   53/300 | train=0.001360 | val=0.001344 | best=0.001344@53 | patience=0/30 | time=6.37s *
[2026-04-27 04:58:02] epoch   54/300 | train=0.001331 | val=0.001324 | best=0.001324@54 | patience=0/30 | time=6.27s *
[2026-04-27 04:58:09] epoch   55/300 | train=0.001316 | val=0.001314 | best=0.001314@55 | patience=0/30 | time=6.52s *
[2026-04-27 04:58:15] epoch   56/300 | train=0.001316 | val=0.001318 | best=0.001314@55 | patience=1/30 | time=6.34s
[2026-04-27 04:58:22] epoch   57/300 | train=0.001308 | val=0.001317 | best=0.001314@55 | patience=2/30 | time=6.35s
[2026-04-27 04:58:28] epoch   58/300 | train=0.001306 | val=0.001287 | best=0.001287@58 | patience=0/30 | time=6.26s *
[2026-04-27 04:58:35] epoch   59/300 | train=0.001290 | val=0.001339 | best=0.001287@58 | patience=1/30 | time=6.52s
[2026-04-27 04:58:41] epoch   60/300 | train=0.001312 | val=0.001294 | best=0.001287@58 | patience=2/30 | time=6.34s
[2026-04-27 04:58:48] epoch   61/300 | train=0.001301 | val=0.001287 | best=0.001287@58 | patience=3/30 | time=6.35s
[2026-04-27 04:58:55] epoch   62/300 | train=0.001285 | val=0.001279 | best=0.001279@62 | patience=0/30 | time=6.27s *
[2026-04-27 04:59:01] epoch   63/300 | train=0.001283 | val=0.001294 | best=0.001279@62 | patience=1/30 | time=6.19s
[2026-04-27 04:59:08] epoch   64/300 | train=0.001284 | val=0.001281 | best=0.001279@62 | patience=2/30 | time=6.66s
[2026-04-27 04:59:15] epoch   65/300 | train=0.001276 | val=0.001276 | best=0.001276@65 | patience=0/30 | time=6.38s *
[2026-04-27 04:59:21] epoch   66/300 | train=0.001270 | val=0.001276 | best=0.001276@65 | patience=1/30 | time=6.26s
[2026-04-27 04:59:27] epoch   67/300 | train=0.001275 | val=0.001285 | best=0.001276@65 | patience=2/30 | time=6.19s
[2026-04-27 04:59:34] epoch   68/300 | train=0.001280 | val=0.001275 | best=0.001275@68 | patience=0/30 | time=6.68s *
[2026-04-27 04:59:41] epoch   69/300 | train=0.001270 | val=0.001397 | best=0.001275@68 | patience=1/30 | time=6.35s
[2026-04-27 04:59:47] epoch   70/300 | train=0.001342 | val=0.001287 | best=0.001275@68 | patience=2/30 | time=6.24s
[2026-04-27 04:59:54] epoch   71/300 | train=0.001277 | val=0.001279 | best=0.001275@68 | patience=3/30 | time=6.23s
[2026-04-27 05:00:00] epoch   72/300 | train=0.001268 | val=0.001297 | best=0.001275@68 | patience=4/30 | time=6.70s
[2026-04-27 05:00:07] epoch   73/300 | train=0.001294 | val=0.001292 | best=0.001275@68 | patience=5/30 | time=6.38s
[2026-04-27 05:00:13] epoch   74/300 | train=0.001271 | val=0.001294 | best=0.001275@68 | patience=6/30 | time=6.24s
[2026-04-27 05:00:20] epoch   75/300 | train=0.001269 | val=0.001265 | best=0.001265@75 | patience=0/30 | time=6.22s *
[2026-04-27 05:00:27] epoch   76/300 | train=0.001260 | val=0.001270 | best=0.001265@75 | patience=1/30 | time=6.65s
[2026-04-27 05:00:34] epoch   77/300 | train=0.001261 | val=0.001255 | best=0.001255@77 | patience=0/30 | time=6.17s *
[2026-04-27 05:00:40] epoch   78/300 | train=0.001258 | val=0.001284 | best=0.001255@77 | patience=1/30 | time=6.24s
[2026-04-27 05:00:46] epoch   79/300 | train=0.001271 | val=0.001266 | best=0.001255@77 | patience=2/30 | time=6.23s
[2026-04-27 05:00:53] epoch   80/300 | train=0.001254 | val=0.001263 | best=0.001255@77 | patience=3/30 | time=6.69s
[2026-04-27 05:00:59] epoch   81/300 | train=0.001258 | val=0.001295 | best=0.001255@77 | patience=4/30 | time=6.17s
[2026-04-27 05:01:06] epoch   82/300 | train=0.001278 | val=0.001270 | best=0.001255@77 | patience=5/30 | time=6.46s
[2026-04-27 05:01:12] epoch   83/300 | train=0.001264 | val=0.001375 | best=0.001255@77 | patience=6/30 | time=6.22s
[2026-04-27 05:01:19] epoch   84/300 | train=0.001345 | val=0.001288 | best=0.001255@77 | patience=7/30 | time=6.50s
[2026-04-27 05:01:25] epoch   85/300 | train=0.001277 | val=0.001257 | best=0.001255@77 | patience=8/30 | time=6.35s
[2026-04-27 05:01:32] epoch   86/300 | train=0.001253 | val=0.001251 | best=0.001251@86 | patience=0/30 | time=6.46s *
[2026-04-27 05:01:38] epoch   87/300 | train=0.001253 | val=0.001332 | best=0.001251@86 | patience=1/30 | time=6.23s
[2026-04-27 05:01:45] epoch   88/300 | train=0.001301 | val=0.001256 | best=0.001251@86 | patience=2/30 | time=6.50s
[2026-04-27 05:01:52] epoch   89/300 | train=0.001254 | val=0.001275 | best=0.001251@86 | patience=3/30 | time=6.38s
[2026-04-27 05:01:59] epoch   90/300 | train=0.001254 | val=0.001244 | best=0.001244@90 | patience=0/30 | time=6.44s *
[2026-04-27 05:02:05] epoch   91/300 | train=0.001245 | val=0.001263 | best=0.001244@90 | patience=1/30 | time=6.22s
[2026-04-27 05:02:11] epoch   92/300 | train=0.001238 | val=0.001262 | best=0.001244@90 | patience=2/30 | time=6.44s
[2026-04-27 05:02:18] epoch   93/300 | train=0.001244 | val=0.001257 | best=0.001244@90 | patience=3/30 | time=6.34s
[2026-04-27 05:02:24] epoch   94/300 | train=0.001249 | val=0.001257 | best=0.001244@90 | patience=4/30 | time=6.41s
[2026-04-27 05:02:31] epoch   95/300 | train=0.001233 | val=0.001265 | best=0.001244@90 | patience=5/30 | time=6.20s
[2026-04-27 05:02:37] epoch   96/300 | train=0.001254 | val=0.001316 | best=0.001244@90 | patience=6/30 | time=6.48s
[2026-04-27 05:02:44] epoch   97/300 | train=0.001236 | val=0.001265 | best=0.001244@90 | patience=7/30 | time=6.34s
[2026-04-27 05:02:50] epoch   98/300 | train=0.001227 | val=0.001288 | best=0.001244@90 | patience=8/30 | time=6.38s
[2026-04-27 05:02:57] epoch   99/300 | train=0.001219 | val=0.001277 | best=0.001244@90 | patience=9/30 | time=6.27s
[2026-04-27 05:03:03] epoch  100/300 | train=0.001240 | val=0.001951 | best=0.001244@90 | patience=10/30 | time=6.46s
[2026-04-27 05:03:10] epoch  101/300 | train=0.001236 | val=0.001250 | best=0.001244@90 | patience=11/30 | time=6.35s
[2026-04-27 05:03:16] epoch  102/300 | train=0.001239 | val=0.001269 | best=0.001244@90 | patience=12/30 | time=6.39s
[2026-04-27 05:03:23] epoch  103/300 | train=0.001225 | val=0.001812 | best=0.001244@90 | patience=13/30 | time=6.27s
[2026-04-27 05:03:29] epoch  104/300 | train=0.001248 | val=0.001305 | best=0.001244@90 | patience=14/30 | time=6.20s
[2026-04-27 05:03:36] epoch  105/300 | train=0.001226 | val=0.001275 | best=0.001244@90 | patience=15/30 | time=6.68s
[2026-04-27 05:03:42] epoch  106/300 | train=0.001220 | val=0.001291 | best=0.001244@90 | patience=16/30 | time=6.39s
[2026-04-27 05:03:49] epoch  107/300 | train=0.001232 | val=0.001276 | best=0.001244@90 | patience=17/30 | time=6.25s
[2026-04-27 05:03:55] epoch  108/300 | train=0.001239 | val=0.001289 | best=0.001244@90 | patience=18/30 | time=6.23s
[2026-04-27 05:04:02] epoch  109/300 | train=0.001227 | val=0.001283 | best=0.001244@90 | patience=19/30 | time=6.62s
[2026-04-27 05:04:09] epoch  110/300 | train=0.001241 | val=0.001236 | best=0.001236@110 | patience=0/30 | time=6.17s *
[2026-04-27 05:04:15] epoch  111/300 | train=0.001212 | val=0.001239 | best=0.001236@110 | patience=1/30 | time=6.25s
[2026-04-27 05:04:22] epoch  112/300 | train=0.001213 | val=0.001260 | best=0.001236@110 | patience=2/30 | time=6.22s
[2026-04-27 05:04:29] epoch  113/300 | train=0.001212 | val=0.001226 | best=0.001226@113 | patience=0/30 | time=6.60s *
[2026-04-27 05:04:35] epoch  114/300 | train=0.001205 | val=0.002415 | best=0.001226@113 | patience=1/30 | time=6.17s
[2026-04-27 05:04:42] epoch  115/300 | train=0.001248 | val=0.001498 | best=0.001226@113 | patience=2/30 | time=6.45s
[2026-04-27 05:04:48] epoch  116/300 | train=0.001225 | val=0.001227 | best=0.001226@113 | patience=3/30 | time=6.23s
[2026-04-27 05:04:55] epoch  117/300 | train=0.001206 | val=0.001232 | best=0.001226@113 | patience=4/30 | time=6.44s
[2026-04-27 05:05:01] epoch  118/300 | train=0.001199 | val=0.001314 | best=0.001226@113 | patience=5/30 | time=6.34s
[2026-04-27 05:05:08] epoch  119/300 | train=0.001231 | val=0.001245 | best=0.001226@113 | patience=6/30 | time=6.40s
[2026-04-27 05:05:14] epoch  120/300 | train=0.001203 | val=0.001252 | best=0.001226@113 | patience=7/30 | time=6.20s
[2026-04-27 05:05:21] epoch  121/300 | train=0.001196 | val=0.001267 | best=0.001226@113 | patience=8/30 | time=6.45s
[2026-04-27 05:05:27] epoch  122/300 | train=0.001214 | val=0.001426 | best=0.001226@113 | patience=9/30 | time=6.35s
[2026-04-27 05:05:34] epoch  123/300 | train=0.001214 | val=0.001404 | best=0.001226@113 | patience=10/30 | time=6.35s
[2026-04-27 05:05:40] epoch  124/300 | train=0.001199 | val=0.001339 | best=0.001226@113 | patience=11/30 | time=6.26s
[2026-04-27 05:05:47] epoch  125/300 | train=0.001197 | val=0.001203 | best=0.001203@125 | patience=0/30 | time=6.52s *
[2026-04-27 05:05:53] epoch  126/300 | train=0.001191 | val=0.001245 | best=0.001203@125 | patience=1/30 | time=6.35s
[2026-04-27 05:06:00] epoch  127/300 | train=0.001189 | val=0.001285 | best=0.001203@125 | patience=2/30 | time=6.38s
[2026-04-27 05:06:06] epoch  128/300 | train=0.001186 | val=0.001594 | best=0.001203@125 | patience=3/30 | time=6.27s
[2026-04-27 05:06:13] epoch  129/300 | train=0.001379 | val=0.001656 | best=0.001203@125 | patience=4/30 | time=6.52s
[2026-04-27 05:06:19] epoch  130/300 | train=0.001320 | val=0.001294 | best=0.001203@125 | patience=5/30 | time=6.38s
[2026-04-27 05:06:26] epoch  131/300 | train=0.001221 | val=0.001230 | best=0.001203@125 | patience=6/30 | time=6.35s
[2026-04-27 05:06:32] epoch  132/300 | train=0.001202 | val=0.001206 | best=0.001203@125 | patience=7/30 | time=6.27s
[2026-04-27 05:06:39] epoch  133/300 | train=0.001187 | val=0.001221 | best=0.001203@125 | patience=8/30 | time=6.48s
[2026-04-27 05:06:46] epoch  134/300 | train=0.001195 | val=0.001193 | best=0.001193@134 | patience=0/30 | time=6.34s *
[2026-04-27 05:06:53] epoch  135/300 | train=0.001181 | val=0.001191 | best=0.001191@135 | patience=0/30 | time=6.36s *
[2026-04-27 05:06:59] epoch  136/300 | train=0.001183 | val=0.001316 | best=0.001191@135 | patience=1/30 | time=6.26s
[2026-04-27 05:07:05] epoch  137/300 | train=0.001179 | val=0.001283 | best=0.001191@135 | patience=2/30 | time=6.20s
[2026-04-27 05:07:12] epoch  138/300 | train=0.001186 | val=0.001213 | best=0.001191@135 | patience=3/30 | time=6.35s
[2026-04-27 05:07:19] epoch  139/300 | train=0.001180 | val=0.001238 | best=0.001191@135 | patience=4/30 | time=6.38s
[2026-04-27 05:07:25] epoch  140/300 | train=0.001170 | val=0.001351 | best=0.001191@135 | patience=5/30 | time=6.27s
[2026-04-27 05:07:31] epoch  141/300 | train=0.001202 | val=0.002102 | best=0.001191@135 | patience=6/30 | time=6.19s
[2026-04-27 05:07:38] epoch  142/300 | train=0.001223 | val=0.001767 | best=0.001191@135 | patience=7/30 | time=6.64s
[2026-04-27 05:07:45] epoch  143/300 | train=0.001488 | val=0.001364 | best=0.001191@135 | patience=8/30 | time=6.38s
[2026-04-27 05:07:51] epoch  144/300 | train=0.001257 | val=0.001303 | best=0.001191@135 | patience=9/30 | time=6.24s
[2026-04-27 05:07:57] epoch  145/300 | train=0.001198 | val=0.001212 | best=0.001191@135 | patience=10/30 | time=6.22s
[2026-04-27 05:08:04] epoch  146/300 | train=0.001177 | val=0.001258 | best=0.001191@135 | patience=11/30 | time=6.66s
[2026-04-27 05:08:10] epoch  147/300 | train=0.001166 | val=0.001326 | best=0.001191@135 | patience=12/30 | time=6.17s
[2026-04-27 05:08:17] epoch  148/300 | train=0.001176 | val=0.001208 | best=0.001191@135 | patience=13/30 | time=6.46s
[2026-04-27 05:08:23] epoch  149/300 | train=0.001192 | val=0.001206 | best=0.001191@135 | patience=14/30 | time=6.23s
[2026-04-27 05:08:30] epoch  150/300 | train=0.001164 | val=0.001511 | best=0.001191@135 | patience=15/30 | time=6.50s
[2026-04-27 05:08:36] epoch  151/300 | train=0.001179 | val=0.001330 | best=0.001191@135 | patience=16/30 | time=6.18s
[2026-04-27 05:08:43] epoch  152/300 | train=0.001180 | val=0.001189 | best=0.001189@152 | patience=0/30 | time=6.41s *
[2026-04-27 05:08:50] epoch  153/300 | train=0.001146 | val=0.001175 | best=0.001175@153 | patience=0/30 | time=6.22s *
[2026-04-27 05:08:57] epoch  154/300 | train=0.001142 | val=0.001199 | best=0.001175@153 | patience=1/30 | time=6.49s
[2026-04-27 05:09:03] epoch  155/300 | train=0.001142 | val=0.001267 | best=0.001175@153 | patience=2/30 | time=6.34s
[2026-04-27 05:09:10] epoch  156/300 | train=0.001159 | val=0.003173 | best=0.001175@153 | patience=3/30 | time=6.46s
[2026-04-27 05:09:16] epoch  157/300 | train=0.001255 | val=0.001228 | best=0.001175@153 | patience=4/30 | time=6.20s
[2026-04-27 05:09:23] epoch  158/300 | train=0.001180 | val=0.001202 | best=0.001175@153 | patience=5/30 | time=6.53s
[2026-04-27 05:09:29] epoch  159/300 | train=0.001166 | val=0.001299 | best=0.001175@153 | patience=6/30 | time=6.35s
[2026-04-27 05:09:36] epoch  160/300 | train=0.001155 | val=0.001254 | best=0.001175@153 | patience=7/30 | time=6.34s
[2026-04-27 05:09:42] epoch  161/300 | train=0.001175 | val=0.001207 | best=0.001175@153 | patience=8/30 | time=6.20s
[2026-04-27 05:09:49] epoch  162/300 | train=0.001166 | val=0.001166 | best=0.001166@162 | patience=0/30 | time=6.47s *
[2026-04-27 05:09:56] epoch  163/300 | train=0.001141 | val=0.001157 | best=0.001157@163 | patience=0/30 | time=6.35s *
[2026-04-27 05:10:02] epoch  164/300 | train=0.001124 | val=0.001172 | best=0.001157@163 | patience=1/30 | time=6.35s
[2026-04-27 05:10:09] epoch  165/300 | train=0.001128 | val=0.001179 | best=0.001157@163 | patience=2/30 | time=6.28s
[2026-04-27 05:10:15] epoch  166/300 | train=0.001125 | val=0.001218 | best=0.001157@163 | patience=3/30 | time=6.46s
[2026-04-27 05:10:22] epoch  167/300 | train=0.001117 | val=0.001140 | best=0.001140@167 | patience=0/30 | time=6.37s *
[2026-04-27 05:10:29] epoch  168/300 | train=0.001117 | val=0.001148 | best=0.001140@167 | patience=1/30 | time=6.38s
[2026-04-27 05:10:35] epoch  169/300 | train=0.001117 | val=0.001153 | best=0.001140@167 | patience=2/30 | time=6.26s
[2026-04-27 05:10:42] epoch  170/300 | train=0.001134 | val=0.001135 | best=0.001135@170 | patience=0/30 | time=6.52s *
[2026-04-27 05:10:48] epoch  171/300 | train=0.001111 | val=0.001213 | best=0.001135@170 | patience=1/30 | time=6.35s
[2026-04-27 05:10:55] epoch  172/300 | train=0.001112 | val=0.001219 | best=0.001135@170 | patience=2/30 | time=6.34s
[2026-04-27 05:11:01] epoch  173/300 | train=0.001160 | val=0.001322 | best=0.001135@170 | patience=3/30 | time=6.28s
[2026-04-27 05:11:08] epoch  174/300 | train=0.001113 | val=0.001171 | best=0.001135@170 | patience=4/30 | time=6.19s
[2026-04-27 05:11:14] epoch  175/300 | train=0.001099 | val=0.001135 | best=0.001135@170 | patience=5/30 | time=6.68s
[2026-04-27 05:11:22] epoch  176/300 | train=0.001106 | val=0.001179 | best=0.001135@170 | patience=6/30 | time=6.38s
[2026-04-27 05:11:28] epoch  177/300 | train=0.001093 | val=0.001165 | best=0.001135@170 | patience=7/30 | time=6.27s
[2026-04-27 05:11:34] epoch  178/300 | train=0.001091 | val=0.001145 | best=0.001135@170 | patience=8/30 | time=6.19s
[2026-04-27 05:11:41] epoch  179/300 | train=0.001084 | val=0.001162 | best=0.001135@170 | patience=9/30 | time=6.72s
[2026-04-27 05:11:48] epoch  180/300 | train=0.001100 | val=0.001263 | best=0.001135@170 | patience=10/30 | time=6.34s
[2026-04-27 05:11:54] epoch  181/300 | train=0.001098 | val=0.001179 | best=0.001135@170 | patience=11/30 | time=6.25s
[2026-04-27 05:12:00] epoch  182/300 | train=0.001093 | val=0.001182 | best=0.001135@170 | patience=12/30 | time=6.22s
[2026-04-27 05:12:07] epoch  183/300 | train=0.001091 | val=0.001100 | best=0.001100@183 | patience=0/30 | time=6.64s *
[2026-04-27 05:12:14] epoch  184/300 | train=0.001085 | val=0.001142 | best=0.001100@183 | patience=1/30 | time=6.17s
[2026-04-27 05:12:20] epoch  185/300 | train=0.001077 | val=0.001128 | best=0.001100@183 | patience=2/30 | time=6.42s
[2026-04-27 05:12:27] epoch  186/300 | train=0.001075 | val=0.001366 | best=0.001100@183 | patience=3/30 | time=6.23s
[2026-04-27 05:12:33] epoch  187/300 | train=0.001107 | val=0.001130 | best=0.001100@183 | patience=4/30 | time=6.49s
[2026-04-27 05:12:40] epoch  188/300 | train=0.001077 | val=0.001405 | best=0.001100@183 | patience=5/30 | time=6.36s
[2026-04-27 05:12:46] epoch  189/300 | train=0.001081 | val=0.001336 | best=0.001100@183 | patience=6/30 | time=6.41s
[2026-04-27 05:12:53] epoch  190/300 | train=0.001080 | val=0.001103 | best=0.001100@183 | patience=7/30 | time=6.19s
[2026-04-27 05:12:59] epoch  191/300 | train=0.001051 | val=0.001170 | best=0.001100@183 | patience=8/30 | time=6.53s
[2026-04-27 05:13:06] epoch  192/300 | train=0.001069 | val=0.001089 | best=0.001089@192 | patience=0/30 | time=6.36s *
[2026-04-27 05:13:13] epoch  193/300 | train=0.001053 | val=0.001071 | best=0.001071@193 | patience=0/30 | time=6.41s *
[2026-04-27 05:13:20] epoch  194/300 | train=0.001041 | val=0.001067 | best=0.001067@194 | patience=0/30 | time=6.20s *
[2026-04-27 05:13:26] epoch  195/300 | train=0.001043 | val=0.001072 | best=0.001067@194 | patience=1/30 | time=6.53s
[2026-04-27 05:13:33] epoch  196/300 | train=0.001040 | val=0.001108 | best=0.001067@194 | patience=2/30 | time=6.35s
[2026-04-27 05:13:39] epoch  197/300 | train=0.001030 | val=0.001107 | best=0.001067@194 | patience=3/30 | time=6.46s
[2026-04-27 05:13:46] epoch  198/300 | train=0.001037 | val=0.001126 | best=0.001067@194 | patience=4/30 | time=6.20s
[2026-04-27 05:13:52] epoch  199/300 | train=0.001055 | val=0.001170 | best=0.001067@194 | patience=5/30 | time=6.53s
[2026-04-27 05:13:59] epoch  200/300 | train=0.001043 | val=0.001130 | best=0.001067@194 | patience=6/30 | time=6.36s
[2026-04-27 05:14:05] epoch  201/300 | train=0.001021 | val=0.001066 | best=0.001067@194 | patience=7/30 | time=6.38s
[2026-04-27 05:14:12] epoch  202/300 | train=0.001027 | val=0.001130 | best=0.001067@194 | patience=8/30 | time=6.28s
[2026-04-27 05:14:18] epoch  203/300 | train=0.001051 | val=0.001111 | best=0.001067@194 | patience=9/30 | time=6.53s
[2026-04-27 05:14:25] epoch  204/300 | train=0.001014 | val=0.001100 | best=0.001067@194 | patience=10/30 | time=6.35s
[2026-04-27 05:14:31] epoch  205/300 | train=0.001014 | val=0.001088 | best=0.001067@194 | patience=11/30 | time=6.39s
[2026-04-27 05:14:38] epoch  206/300 | train=0.001018 | val=0.001050 | best=0.001050@206 | patience=0/30 | time=6.28s *
[2026-04-27 05:14:45] epoch  207/300 | train=0.001007 | val=0.003134 | best=0.001050@206 | patience=1/30 | time=6.53s
[2026-04-27 05:14:51] epoch  208/300 | train=0.001966 | val=0.002431 | best=0.001050@206 | patience=2/30 | time=6.34s
[2026-04-27 05:14:58] epoch  209/300 | train=0.001478 | val=0.001503 | best=0.001050@206 | patience=3/30 | time=6.36s
[2026-04-27 05:15:04] epoch  210/300 | train=0.001428 | val=0.001380 | best=0.001050@206 | patience=4/30 | time=6.27s
[2026-04-27 05:15:11] epoch  211/300 | train=0.001326 | val=0.001303 | best=0.001050@206 | patience=5/30 | time=6.20s
[2026-04-27 05:15:17] epoch  212/300 | train=0.001276 | val=0.001317 | best=0.001050@206 | patience=6/30 | time=6.65s
[2026-04-27 05:15:24] epoch  213/300 | train=0.001265 | val=0.001241 | best=0.001050@206 | patience=7/30 | time=6.37s
[2026-04-27 05:15:30] epoch  214/300 | train=0.001212 | val=0.001225 | best=0.001050@206 | patience=8/30 | time=6.24s
[2026-04-27 05:15:37] epoch  215/300 | train=0.001205 | val=0.001252 | best=0.001050@206 | patience=9/30 | time=6.20s
[2026-04-27 05:15:43] epoch  216/300 | train=0.001186 | val=0.001203 | best=0.001050@206 | patience=10/30 | time=6.71s
[2026-04-27 05:15:50] epoch  217/300 | train=0.001157 | val=0.001187 | best=0.001050@206 | patience=11/30 | time=6.39s
[2026-04-27 05:15:56] epoch  218/300 | train=0.001144 | val=0.001144 | best=0.001050@206 | patience=12/30 | time=6.25s
[2026-04-27 05:16:03] epoch  219/300 | train=0.001127 | val=0.001338 | best=0.001050@206 | patience=13/30 | time=6.23s
[2026-04-27 05:16:10] epoch  220/300 | train=0.001137 | val=0.001139 | best=0.001050@206 | patience=14/30 | time=6.68s
[2026-04-27 05:16:16] epoch  221/300 | train=0.001103 | val=0.001165 | best=0.001050@206 | patience=15/30 | time=6.17s
[2026-04-27 05:16:22] epoch  222/300 | train=0.001097 | val=0.002000 | best=0.001050@206 | patience=16/30 | time=6.41s
[2026-04-27 05:16:29] epoch  223/300 | train=0.001193 | val=0.001221 | best=0.001050@206 | patience=17/30 | time=6.23s
[2026-04-27 05:16:36] epoch  224/300 | train=0.001143 | val=0.001141 | best=0.001050@206 | patience=18/30 | time=6.70s
[2026-04-27 05:16:43] epoch  225/300 | train=0.001106 | val=0.001162 | best=0.001050@206 | patience=19/30 | time=6.17s
[2026-04-27 05:16:49] epoch  226/300 | train=0.001081 | val=0.001099 | best=0.001050@206 | patience=20/30 | time=6.47s
[2026-04-27 05:16:56] epoch  227/300 | train=0.001070 | val=0.001086 | best=0.001050@206 | patience=21/30 | time=6.23s
[2026-04-27 05:17:02] epoch  228/300 | train=0.001051 | val=0.001064 | best=0.001050@206 | patience=22/30 | time=6.50s
[2026-04-27 05:17:09] epoch  229/300 | train=0.001040 | val=0.001056 | best=0.001050@206 | patience=23/30 | time=6.36s
[2026-04-27 05:17:15] epoch  230/300 | train=0.001036 | val=0.001079 | best=0.001050@206 | patience=24/30 | time=6.45s
[2026-04-27 05:17:22] epoch  231/300 | train=0.001048 | val=0.001079 | best=0.001050@206 | patience=25/30 | time=6.23s
[2026-04-27 05:17:28] epoch  232/300 | train=0.001044 | val=0.001086 | best=0.001050@206 | patience=26/30 | time=6.45s
[2026-04-27 05:17:35] epoch  233/300 | train=0.001030 | val=0.001045 | best=0.001045@233 | patience=0/30 | time=6.39s *
[2026-04-27 05:17:42] epoch  234/300 | train=0.001012 | val=0.001095 | best=0.001045@233 | patience=1/30 | time=6.46s
[2026-04-27 05:17:48] epoch  235/300 | train=0.001029 | val=0.001066 | best=0.001045@233 | patience=2/30 | time=6.20s
[2026-04-27 05:17:55] epoch  236/300 | train=0.001011 | val=0.001134 | best=0.001045@233 | patience=3/30 | time=6.52s
[2026-04-27 05:18:01] epoch  237/300 | train=0.001001 | val=0.001032 | best=0.001032@237 | patience=0/30 | time=6.36s *
[2026-04-27 05:18:08] epoch  238/300 | train=0.000989 | val=0.001074 | best=0.001032@237 | patience=1/30 | time=6.46s
[2026-04-27 05:18:15] epoch  239/300 | train=0.001007 | val=0.001016 | best=0.001016@239 | patience=0/30 | time=6.20s *
[2026-04-27 05:18:21] epoch  240/300 | train=0.000990 | val=0.001050 | best=0.001016@239 | patience=1/30 | time=6.52s
[2026-04-27 05:18:28] epoch  241/300 | train=0.000980 | val=0.001211 | best=0.001016@239 | patience=2/30 | time=6.34s
[2026-04-27 05:18:34] epoch  242/300 | train=0.001025 | val=0.001081 | best=0.001016@239 | patience=3/30 | time=6.44s
[2026-04-27 05:18:41] epoch  243/300 | train=0.000997 | val=0.001061 | best=0.001016@239 | patience=4/30 | time=6.20s
[2026-04-27 05:18:47] epoch  244/300 | train=0.000988 | val=0.001068 | best=0.001016@239 | patience=5/30 | time=6.53s
[2026-04-27 05:18:54] epoch  245/300 | train=0.000986 | val=0.001042 | best=0.001016@239 | patience=6/30 | time=6.37s
[2026-04-27 05:19:01] epoch  246/300 | train=0.000979 | val=0.001183 | best=0.001016@239 | patience=7/30 | time=6.39s
[2026-04-27 05:19:07] epoch  247/300 | train=0.001010 | val=0.001164 | best=0.001016@239 | patience=8/30 | time=6.28s
[2026-04-27 05:19:14] epoch  248/300 | train=0.000971 | val=0.001009 | best=0.001009@248 | patience=0/30 | time=6.53s *
[2026-04-27 05:19:21] epoch  249/300 | train=0.000965 | val=0.001000 | best=0.001000@249 | patience=0/30 | time=6.36s *
[2026-04-27 05:19:27] epoch  250/300 | train=0.000970 | val=0.001057 | best=0.001000@249 | patience=1/30 | time=6.34s
[2026-04-27 05:19:34] epoch  251/300 | train=0.001000 | val=0.001021 | best=0.001000@249 | patience=2/30 | time=6.28s
[2026-04-27 05:19:41] epoch  252/300 | train=0.000951 | val=0.000992 | best=0.000992@252 | patience=0/30 | time=6.53s *
[2026-04-27 05:19:48] epoch  253/300 | train=0.000943 | val=0.000972 | best=0.000972@253 | patience=0/30 | time=6.36s *
[2026-04-27 05:19:54] epoch  254/300 | train=0.000933 | val=0.000980 | best=0.000972@253 | patience=1/30 | time=6.39s
[2026-04-27 05:20:01] epoch  255/300 | train=0.000951 | val=0.001054 | best=0.000972@253 | patience=2/30 | time=6.27s
[2026-04-27 05:20:07] epoch  256/300 | train=0.000932 | val=0.000980 | best=0.000972@253 | patience=3/30 | time=6.54s
[2026-04-27 05:20:14] epoch  257/300 | train=0.000953 | val=0.001119 | best=0.000972@253 | patience=4/30 | time=6.36s
[2026-04-27 05:20:21] epoch  258/300 | train=0.000923 | val=0.000952 | best=0.000952@258 | patience=0/30 | time=6.39s *
[2026-04-27 05:20:28] epoch  259/300 | train=0.000913 | val=0.001006 | best=0.000952@258 | patience=1/30 | time=6.21s
[2026-04-27 05:20:34] epoch  260/300 | train=0.000920 | val=0.000964 | best=0.000952@258 | patience=2/30 | time=6.47s
[2026-04-27 05:20:41] epoch  261/300 | train=0.000916 | val=0.000974 | best=0.000952@258 | patience=3/30 | time=6.35s
[2026-04-27 05:20:47] epoch  262/300 | train=0.000909 | val=0.000969 | best=0.000952@258 | patience=4/30 | time=6.35s
[2026-04-27 05:20:54] epoch  263/300 | train=0.000913 | val=0.001003 | best=0.000952@258 | patience=5/30 | time=6.28s
[2026-04-27 05:21:00] epoch  264/300 | train=0.000915 | val=0.001044 | best=0.000952@258 | patience=6/30 | time=6.20s
[2026-04-27 05:21:07] epoch  265/300 | train=0.000911 | val=0.000972 | best=0.000952@258 | patience=7/30 | time=6.62s
[2026-04-27 05:21:13] epoch  266/300 | train=0.000908 | val=0.001063 | best=0.000952@258 | patience=8/30 | time=6.36s
[2026-04-27 05:21:20] epoch  267/300 | train=0.000972 | val=0.000976 | best=0.000952@258 | patience=9/30 | time=6.26s
[2026-04-27 05:21:26] epoch  268/300 | train=0.000929 | val=0.001076 | best=0.000952@258 | patience=10/30 | time=6.24s
[2026-04-27 05:21:33] epoch  269/300 | train=0.000925 | val=0.000955 | best=0.000952@258 | patience=11/30 | time=6.71s
[2026-04-27 05:21:39] epoch  270/300 | train=0.000901 | val=0.000990 | best=0.000952@258 | patience=12/30 | time=6.39s
[2026-04-27 05:21:46] epoch  271/300 | train=0.000930 | val=0.001099 | best=0.000952@258 | patience=13/30 | time=6.25s
[2026-04-27 05:21:52] epoch  272/300 | train=0.000915 | val=0.000983 | best=0.000952@258 | patience=14/30 | time=6.23s
[2026-04-27 05:21:59] epoch  273/300 | train=0.000901 | val=0.000935 | best=0.000935@273 | patience=0/30 | time=6.69s *
[2026-04-27 05:22:06] epoch  274/300 | train=0.000882 | val=0.000975 | best=0.000935@273 | patience=1/30 | time=6.37s
[2026-04-27 05:22:13] epoch  275/300 | train=0.000871 | val=0.000918 | best=0.000918@275 | patience=0/30 | time=6.25s *
[2026-04-27 05:22:19] epoch  276/300 | train=0.000861 | val=0.000928 | best=0.000918@275 | patience=1/30 | time=6.24s
[2026-04-27 05:22:26] epoch  277/300 | train=0.000864 | val=0.000938 | best=0.000918@275 | patience=2/30 | time=6.62s
[2026-04-27 05:22:32] epoch  278/300 | train=0.000864 | val=0.001061 | best=0.000918@275 | patience=3/30 | time=6.18s
[2026-04-27 05:22:39] epoch  279/300 | train=0.000947 | val=0.000996 | best=0.000918@275 | patience=4/30 | time=6.46s
[2026-04-27 05:22:45] epoch  280/300 | train=0.000898 | val=0.000948 | best=0.000918@275 | patience=5/30 | time=6.24s
[2026-04-27 05:22:52] epoch  281/300 | train=0.000889 | val=0.000969 | best=0.000918@275 | patience=6/30 | time=6.68s
[2026-04-27 05:22:58] epoch  282/300 | train=0.000865 | val=0.000926 | best=0.000918@275 | patience=7/30 | time=6.19s
[2026-04-27 05:23:05] epoch  283/300 | train=0.000856 | val=0.000983 | best=0.000918@275 | patience=8/30 | time=6.43s
[2026-04-27 05:23:11] epoch  284/300 | train=0.000875 | val=0.000986 | best=0.000918@275 | patience=9/30 | time=6.24s
[2026-04-27 05:23:18] epoch  285/300 | train=0.000900 | val=0.001097 | best=0.000918@275 | patience=10/30 | time=6.44s
[2026-04-27 05:23:24] epoch  286/300 | train=0.000900 | val=0.000941 | best=0.000918@275 | patience=11/30 | time=6.35s
[2026-04-27 05:23:31] epoch  287/300 | train=0.000882 | val=0.001003 | best=0.000918@275 | patience=12/30 | time=6.45s
[2026-04-27 05:23:37] epoch  288/300 | train=0.000902 | val=0.000935 | best=0.000918@275 | patience=13/30 | time=6.20s
[2026-04-27 05:23:44] epoch  289/300 | train=0.000878 | val=0.000946 | best=0.000918@275 | patience=14/30 | time=6.49s
[2026-04-27 05:23:50] epoch  290/300 | train=0.000880 | val=0.000938 | best=0.000918@275 | patience=15/30 | time=6.36s
[2026-04-27 05:23:57] epoch  291/300 | train=0.000847 | val=0.000949 | best=0.000918@275 | patience=16/30 | time=6.35s
[2026-04-27 05:24:03] epoch  292/300 | train=0.000847 | val=0.000908 | best=0.000908@292 | patience=0/30 | time=6.29s *
[2026-04-27 05:24:10] epoch  293/300 | train=0.000839 | val=0.001157 | best=0.000908@292 | patience=1/30 | time=6.47s
[2026-04-27 05:24:16] epoch  294/300 | train=0.000887 | val=0.000950 | best=0.000908@292 | patience=2/30 | time=6.35s
[2026-04-27 05:24:23] epoch  295/300 | train=0.000861 | val=0.000918 | best=0.000908@292 | patience=3/30 | time=6.36s
[2026-04-27 05:24:30] epoch  296/300 | train=0.000836 | val=0.000930 | best=0.000908@292 | patience=4/30 | time=6.27s
[2026-04-27 05:24:37] epoch  297/300 | train=0.000840 | val=0.000976 | best=0.000908@292 | patience=5/30 | time=6.53s
[2026-04-27 05:24:43] epoch  298/300 | train=0.000859 | val=0.000918 | best=0.000908@292 | patience=6/30 | time=6.37s
[2026-04-27 05:24:50] epoch  299/300 | train=0.000825 | val=0.000899 | best=0.000899@299 | patience=0/30 | time=6.40s *
[2026-04-27 05:24:57] epoch  300/300 | train=0.000819 | val=0.000920 | best=0.000899@299 | patience=1/30 | time=6.30s
[2026-04-27 05:24:57] Training done: stop_reason=max_epochs, total_epochs=300, best_epoch=299, best_val=0.000899
[2026-04-27 05:24:57] Reloading best checkpoint (epoch 299) for evaluation
[2026-04-27 05:25:09] ------------------------------------------------------------
[2026-04-27 05:25:09] Evaluation:
[2026-04-27 05:25:09]   AUC broken_lcfs         : 0.6240
[2026-04-27 05:25:09]   AUC bad_black_core      : 0.9940
[2026-04-27 05:25:09]   AUC bad_nonconverged    : 0.9987
[2026-04-27 05:25:09]   objective      : 0.8474
[2026-04-27 05:25:09]   floor_ok       : True
[2026-04-27 05:25:09]   threshold      : 0.0510
[2026-04-27 05:25:09]   mu / sigma     : 0.000811721 / 0.000216773
[2026-04-27 05:25:09] Train time=2191.2s, eval time=11.6s
