[2026-04-27 05:30:15] ============================================================
[2026-04-27 05:30:15] Trial 95 starting on cuda:0
[2026-04-27 05:30:15] Timestamp: 2026-04-27T05:30:15.591107
[2026-04-27 05:30:15] --- Config summary ---
  bottleneck_dim  : 212
  n_enc_layers    : 5
  n_dec_layers    : 4
  base_channels   : 62
  growth_factor   : 1.621970817027008
  use_batchnorm   : True
  use_hpf         : True
  hpf_sigma       : 7.8348218010368695
  lr              : 0.0025161414059616687
  batch_size      : 32
  max_epochs      : 300
  patience        : 30
  seed            : 42
  deterministic   : False
  trial_num       : 95
[2026-04-27 05:30:15] Loading train/val/selection splits...
[2026-04-27 05:30:23] Splits loaded in 8.2s: n_train=722, n_val=120, n_selection=405
[2026-04-27 05:30:23] --- Architecture summary ---
  channels per enc layer : [62, 101, 163, 265, 429]
  final spatial size     : 8x8
  flat size before latent: 27456
  bottleneck_dim         : 212
  total parameters       : 24,535,952
[2026-04-27 05:30:23] Starting training: n_train=722, n_val=120, device=cuda:0
[2026-04-27 05:34:34] epoch    1/300 | train=0.017503 | val=0.107161 | best=0.107161@1 | patience=0/30 | time=250.30s *
[2026-04-27 05:34:41] epoch    2/300 | train=0.014570 | val=0.014697 | best=0.014697@2 | patience=0/30 | time=7.40s *
[2026-04-27 05:34:49] epoch    3/300 | train=0.012943 | val=0.013247 | best=0.013247@3 | patience=0/30 | time=7.42s *
[2026-04-27 05:34:56] epoch    4/300 | train=0.012553 | val=0.012768 | best=0.012768@4 | patience=0/30 | time=7.45s *
[2026-04-27 05:35:04] epoch    5/300 | train=0.012466 | val=0.012681 | best=0.012681@5 | patience=0/30 | time=7.40s *
[2026-04-27 05:35:11] epoch    6/300 | train=0.012415 | val=0.012802 | best=0.012681@5 | patience=1/30 | time=7.43s
[2026-04-27 05:35:19] epoch    7/300 | train=0.012326 | val=0.015968 | best=0.012681@5 | patience=2/30 | time=7.46s
[2026-04-27 05:35:26] epoch    8/300 | train=0.012265 | val=0.014195 | best=0.012681@5 | patience=3/30 | time=7.41s
[2026-04-27 05:35:34] epoch    9/300 | train=0.012235 | val=0.014216 | best=0.012681@5 | patience=4/30 | time=7.44s
[2026-04-27 05:35:41] epoch   10/300 | train=0.012106 | val=0.013817 | best=0.012681@5 | patience=5/30 | time=7.42s
[2026-04-27 05:35:49] epoch   11/300 | train=0.012036 | val=0.016497 | best=0.012681@5 | patience=6/30 | time=7.46s
[2026-04-27 05:35:56] epoch   12/300 | train=0.011992 | val=0.012990 | best=0.012681@5 | patience=7/30 | time=7.43s
[2026-04-27 05:36:04] epoch   13/300 | train=0.011914 | val=0.014177 | best=0.012681@5 | patience=8/30 | time=7.41s
[2026-04-27 05:36:11] epoch   14/300 | train=0.011873 | val=0.013632 | best=0.012681@5 | patience=9/30 | time=7.46s
[2026-04-27 05:36:19] epoch   15/300 | train=0.011769 | val=0.012599 | best=0.012599@15 | patience=0/30 | time=7.45s *
[2026-04-27 05:36:26] epoch   16/300 | train=0.011600 | val=0.015850 | best=0.012599@15 | patience=1/30 | time=7.43s
[2026-04-27 05:36:34] epoch   17/300 | train=0.011208 | val=0.013078 | best=0.012599@15 | patience=2/30 | time=7.45s
[2026-04-27 05:36:41] epoch   18/300 | train=0.010852 | val=0.016080 | best=0.012599@15 | patience=3/30 | time=7.47s
[2026-04-27 05:36:49] epoch   19/300 | train=0.010253 | val=0.011325 | best=0.011325@19 | patience=0/30 | time=7.43s *
[2026-04-27 05:36:56] epoch   20/300 | train=0.009840 | val=0.011436 | best=0.011325@19 | patience=1/30 | time=7.45s
[2026-04-27 05:37:04] epoch   21/300 | train=0.009606 | val=0.010336 | best=0.010336@21 | patience=0/30 | time=7.47s *
[2026-04-27 05:37:11] epoch   22/300 | train=0.009319 | val=0.009436 | best=0.009436@22 | patience=0/30 | time=7.44s *
[2026-04-27 05:37:19] epoch   23/300 | train=0.009244 | val=0.010483 | best=0.009436@22 | patience=1/30 | time=7.45s
[2026-04-27 05:37:26] epoch   24/300 | train=0.009014 | val=0.009046 | best=0.009046@24 | patience=0/30 | time=7.42s *
[2026-04-27 05:37:34] epoch   25/300 | train=0.008961 | val=0.010308 | best=0.009046@24 | patience=1/30 | time=7.49s
[2026-04-27 05:37:41] epoch   26/300 | train=0.008921 | val=0.008949 | best=0.008949@26 | patience=0/30 | time=7.45s *
[2026-04-27 05:37:49] epoch   27/300 | train=0.008878 | val=0.008686 | best=0.008686@27 | patience=0/30 | time=7.43s *
[2026-04-27 05:37:56] epoch   28/300 | train=0.008573 | val=0.008956 | best=0.008686@27 | patience=1/30 | time=7.49s
[2026-04-27 05:38:04] epoch   29/300 | train=0.008345 | val=0.011389 | best=0.008686@27 | patience=2/30 | time=7.46s
[2026-04-27 05:38:11] epoch   30/300 | train=0.008162 | val=0.010344 | best=0.008686@27 | patience=3/30 | time=7.42s
[2026-04-27 05:38:19] epoch   31/300 | train=0.007698 | val=0.009968 | best=0.008686@27 | patience=4/30 | time=7.48s
[2026-04-27 05:38:26] epoch   32/300 | train=0.007456 | val=0.008067 | best=0.008067@32 | patience=0/30 | time=7.46s *
[2026-04-27 05:38:34] epoch   33/300 | train=0.007374 | val=0.007770 | best=0.007770@33 | patience=0/30 | time=7.43s *
[2026-04-27 05:38:42] epoch   34/300 | train=0.007285 | val=0.008619 | best=0.007770@33 | patience=1/30 | time=7.49s
[2026-04-27 05:38:49] epoch   35/300 | train=0.007075 | val=0.007426 | best=0.007426@35 | patience=0/30 | time=7.45s *
[2026-04-27 05:38:57] epoch   36/300 | train=0.006960 | val=0.008841 | best=0.007426@35 | patience=1/30 | time=7.43s
[2026-04-27 05:39:04] epoch   37/300 | train=0.007053 | val=0.009797 | best=0.007426@35 | patience=2/30 | time=7.49s
[2026-04-27 05:39:12] epoch   38/300 | train=0.006913 | val=0.007274 | best=0.007274@38 | patience=0/30 | time=7.43s *
[2026-04-27 05:39:19] epoch   39/300 | train=0.006686 | val=0.007760 | best=0.007274@38 | patience=1/30 | time=7.43s
[2026-04-27 05:39:27] epoch   40/300 | train=0.006702 | val=0.006963 | best=0.006963@40 | patience=0/30 | time=7.48s *
[2026-04-27 05:39:34] epoch   41/300 | train=0.006514 | val=0.007197 | best=0.006963@40 | patience=1/30 | time=7.44s
[2026-04-27 05:39:42] epoch   42/300 | train=0.006753 | val=0.006680 | best=0.006680@42 | patience=0/30 | time=7.44s *
[2026-04-27 05:39:49] epoch   43/300 | train=0.006591 | val=0.008658 | best=0.006680@42 | patience=1/30 | time=7.48s
[2026-04-27 05:39:57] epoch   44/300 | train=0.006460 | val=0.006348 | best=0.006348@44 | patience=0/30 | time=7.43s *
[2026-04-27 05:40:04] epoch   45/300 | train=0.006308 | val=0.006269 | best=0.006269@45 | patience=0/30 | time=7.45s *
[2026-04-27 05:40:12] epoch   46/300 | train=0.006379 | val=0.006528 | best=0.006269@45 | patience=1/30 | time=7.48s
[2026-04-27 05:40:19] epoch   47/300 | train=0.006279 | val=0.006510 | best=0.006269@45 | patience=2/30 | time=7.44s
[2026-04-27 05:40:27] epoch   48/300 | train=0.006248 | val=0.006693 | best=0.006269@45 | patience=3/30 | time=7.43s
[2026-04-27 05:40:34] epoch   49/300 | train=0.006226 | val=0.006452 | best=0.006269@45 | patience=4/30 | time=7.50s
[2026-04-27 05:40:42] epoch   50/300 | train=0.006183 | val=0.005954 | best=0.005954@50 | patience=0/30 | time=7.44s *
[2026-04-27 05:40:42]   pruned at epoch 50
[2026-04-27 05:40:42] Training done: stop_reason=pruned, total_epochs=50, best_epoch=50, best_val=0.005954
[2026-04-27 05:40:42] Reloading best checkpoint (epoch 50) for evaluation
[2026-04-27 05:40:55] ------------------------------------------------------------
[2026-04-27 05:40:55] Evaluation:
[2026-04-27 05:40:55]   AUC broken_lcfs         : 0.6210
[2026-04-27 05:40:55]   AUC bad_black_core      : 0.9502
[2026-04-27 05:40:55]   AUC bad_nonconverged    : 0.9441
[2026-04-27 05:40:55]   objective      : 0.8167
[2026-04-27 05:40:55]   floor_ok       : True
[2026-04-27 05:40:55]   threshold      : 0.0390
[2026-04-27 05:40:55]   mu / sigma     : 0.00590049 / 0.0010873
[2026-04-27 05:40:55] Train time=618.5s, eval time=12.7s
