[2026-04-27 05:25:10] ============================================================
[2026-04-27 05:25:10] Trial 92 starting on cuda:0
[2026-04-27 05:25:10] Timestamp: 2026-04-27T05:25:10.097826
[2026-04-27 05:25:10] --- Config summary ---
  bottleneck_dim  : 223
  n_enc_layers    : 5
  n_dec_layers    : 4
  base_channels   : 45
  growth_factor   : 1.514596695370407
  use_batchnorm   : True
  use_hpf         : True
  hpf_sigma       : 1.0874133111407214
  lr              : 0.0014868992997615386
  batch_size      : 64
  max_epochs      : 300
  patience        : 30
  seed            : 42
  deterministic   : False
  trial_num       : 92
[2026-04-27 05:25:10] Loading train/val/selection splits...
[2026-04-27 05:26:08] Splits loaded in 58.4s: n_train=722, n_val=120, n_selection=405
[2026-04-27 05:26:08] --- Architecture summary ---
  channels per enc layer : [45, 68, 103, 156, 237]
  final spatial size     : 8x8
  flat size before latent: 15168
  bottleneck_dim         : 223
  total parameters       : 11,070,899
[2026-04-27 05:26:08] Starting training: n_train=722, n_val=120, device=cuda:0
[2026-04-27 05:30:03] epoch    1/300 | train=0.006385 | val=0.004934 | best=0.004934@1 | patience=0/30 | time=234.78s *
[2026-04-27 05:30:09] epoch    2/300 | train=0.003388 | val=0.003915 | best=0.003915@2 | patience=0/30 | time=4.77s *
[2026-04-27 05:30:14] epoch    3/300 | train=0.003191 | val=0.003412 | best=0.003412@3 | patience=0/30 | time=4.69s *
[2026-04-27 05:30:18] epoch    4/300 | train=0.003171 | val=0.003510 | best=0.003412@3 | patience=1/30 | time=4.61s
[2026-04-27 05:30:23] epoch    5/300 | train=0.003168 | val=0.003403 | best=0.003403@5 | patience=0/30 | time=4.85s *
[2026-04-27 05:30:29] epoch    6/300 | train=0.003163 | val=0.003249 | best=0.003249@6 | patience=0/30 | time=4.79s *
[2026-04-27 05:30:34] epoch    7/300 | train=0.003159 | val=0.003208 | best=0.003208@7 | patience=0/30 | time=4.77s *
[2026-04-27 05:30:39] epoch    8/300 | train=0.003155 | val=0.003198 | best=0.003198@8 | patience=0/30 | time=4.67s *
[2026-04-27 05:30:44] epoch    9/300 | train=0.003156 | val=0.003176 | best=0.003176@9 | patience=0/30 | time=4.62s *
[2026-04-27 05:30:48] epoch   10/300 | train=0.003151 | val=0.003178 | best=0.003176@9 | patience=1/30 | time=4.87s
[2026-04-27 05:30:54] epoch   11/300 | train=0.003149 | val=0.003174 | best=0.003174@11 | patience=0/30 | time=4.80s *
[2026-04-27 05:30:58] epoch   12/300 | train=0.003150 | val=0.003191 | best=0.003174@11 | patience=1/30 | time=4.59s
[2026-04-27 05:31:03] epoch   13/300 | train=0.003150 | val=0.003206 | best=0.003174@11 | patience=2/30 | time=4.84s
[2026-04-27 05:31:08] epoch   14/300 | train=0.003145 | val=0.003206 | best=0.003174@11 | patience=3/30 | time=4.62s
[2026-04-27 05:31:13] epoch   15/300 | train=0.003150 | val=0.003156 | best=0.003156@15 | patience=0/30 | time=4.62s *
[2026-04-27 05:31:18] epoch   16/300 | train=0.003171 | val=0.003250 | best=0.003156@15 | patience=1/30 | time=5.11s
[2026-04-27 05:31:23] epoch   17/300 | train=0.003198 | val=0.003203 | best=0.003156@15 | patience=2/30 | time=4.59s
[2026-04-27 05:31:28] epoch   18/300 | train=0.003164 | val=0.003189 | best=0.003156@15 | patience=3/30 | time=4.76s
[2026-04-27 05:31:32] epoch   19/300 | train=0.003148 | val=0.003207 | best=0.003156@15 | patience=4/30 | time=4.67s
[2026-04-27 05:31:37] epoch   20/300 | train=0.003147 | val=0.003178 | best=0.003156@15 | patience=5/30 | time=4.65s
[2026-04-27 05:31:42] epoch   21/300 | train=0.003123 | val=0.003196 | best=0.003156@15 | patience=6/30 | time=4.85s
[2026-04-27 05:31:47] epoch   22/300 | train=0.003138 | val=0.003228 | best=0.003156@15 | patience=7/30 | time=4.77s
[2026-04-27 05:31:52] epoch   23/300 | train=0.003158 | val=0.003223 | best=0.003156@15 | patience=8/30 | time=4.60s
[2026-04-27 05:31:57] epoch   24/300 | train=0.003151 | val=0.003186 | best=0.003156@15 | patience=9/30 | time=4.67s
[2026-04-27 05:32:01] epoch   25/300 | train=0.003148 | val=0.003188 | best=0.003156@15 | patience=10/30 | time=4.62s
[2026-04-27 05:32:06] epoch   26/300 | train=0.003142 | val=0.003169 | best=0.003156@15 | patience=11/30 | time=4.62s
[2026-04-27 05:32:11] epoch   27/300 | train=0.003134 | val=0.003183 | best=0.003156@15 | patience=12/30 | time=5.12s
[2026-04-27 05:32:16] epoch   28/300 | train=0.003152 | val=0.003171 | best=0.003156@15 | patience=13/30 | time=4.60s
[2026-04-27 05:32:21] epoch   29/300 | train=0.003122 | val=0.003176 | best=0.003156@15 | patience=14/30 | time=4.77s
[2026-04-27 05:32:26] epoch   30/300 | train=0.003082 | val=0.003126 | best=0.003126@30 | patience=0/30 | time=4.67s *
[2026-04-27 05:32:31] epoch   31/300 | train=0.003020 | val=0.003373 | best=0.003126@30 | patience=1/30 | time=4.63s
[2026-04-27 05:32:36] epoch   32/300 | train=0.002972 | val=0.003210 | best=0.003126@30 | patience=2/30 | time=4.87s
[2026-04-27 05:32:41] epoch   33/300 | train=0.002954 | val=0.003039 | best=0.003039@33 | patience=0/30 | time=4.81s *
[2026-04-27 05:32:46] epoch   34/300 | train=0.002945 | val=0.002985 | best=0.002985@34 | patience=0/30 | time=4.79s *
[2026-04-27 05:32:51] epoch   35/300 | train=0.002926 | val=0.002962 | best=0.002962@35 | patience=0/30 | time=4.66s *
[2026-04-27 05:32:56] epoch   36/300 | train=0.002902 | val=0.002962 | best=0.002962@35 | patience=1/30 | time=4.63s
[2026-04-27 05:33:01] epoch   37/300 | train=0.002830 | val=0.003133 | best=0.002962@35 | patience=2/30 | time=4.90s
[2026-04-27 05:33:06] epoch   38/300 | train=0.002808 | val=0.002938 | best=0.002938@38 | patience=0/30 | time=4.78s *
[2026-04-27 05:33:11] epoch   39/300 | train=0.002805 | val=0.002903 | best=0.002903@39 | patience=0/30 | time=4.60s *
[2026-04-27 05:33:16] epoch   40/300 | train=0.002792 | val=0.002829 | best=0.002829@40 | patience=0/30 | time=4.85s *
[2026-04-27 05:33:21] epoch   41/300 | train=0.002783 | val=0.002819 | best=0.002819@41 | patience=0/30 | time=4.63s *
[2026-04-27 05:33:26] epoch   42/300 | train=0.002777 | val=0.002806 | best=0.002806@42 | patience=0/30 | time=4.63s *
[2026-04-27 05:33:31] epoch   43/300 | train=0.002777 | val=0.002852 | best=0.002806@42 | patience=1/30 | time=5.04s
[2026-04-27 05:33:36] epoch   44/300 | train=0.002762 | val=0.002793 | best=0.002793@44 | patience=0/30 | time=4.60s *
[2026-04-27 05:33:41] epoch   45/300 | train=0.002746 | val=0.002789 | best=0.002789@45 | patience=0/30 | time=4.77s *
[2026-04-27 05:33:46] epoch   46/300 | train=0.002748 | val=0.002774 | best=0.002774@46 | patience=0/30 | time=4.70s *
[2026-04-27 05:33:51] epoch   47/300 | train=0.002744 | val=0.002770 | best=0.002770@47 | patience=0/30 | time=4.62s *
[2026-04-27 05:33:56] epoch   48/300 | train=0.002717 | val=0.002758 | best=0.002758@48 | patience=0/30 | time=4.93s *
[2026-04-27 05:34:01] epoch   49/300 | train=0.002728 | val=0.002755 | best=0.002755@49 | patience=0/30 | time=4.77s *
[2026-04-27 05:34:06] epoch   50/300 | train=0.002717 | val=0.002734 | best=0.002734@50 | patience=0/30 | time=4.77s *
[2026-04-27 05:34:06]   pruned at epoch 50
[2026-04-27 05:34:06] Training done: stop_reason=pruned, total_epochs=50, best_epoch=50, best_val=0.002734
[2026-04-27 05:34:06] Reloading best checkpoint (epoch 50) for evaluation
[2026-04-27 05:34:17] ------------------------------------------------------------
[2026-04-27 05:34:17] Evaluation:
[2026-04-27 05:34:17]   AUC broken_lcfs         : 0.5917
[2026-04-27 05:34:17]   AUC bad_black_core      : 0.8915
[2026-04-27 05:34:17]   AUC bad_nonconverged    : 0.9152
[2026-04-27 05:34:17]   objective      : 0.0000
[2026-04-27 05:34:17]   floor_ok       : False
[2026-04-27 05:34:17]   threshold      : 0.0114
[2026-04-27 05:34:17]   mu / sigma     : 0.00271831 / 0.000464273
[2026-04-27 05:34:17] Train time=477.9s, eval time=10.1s
