[2026-04-27 02:50:24] ============================================================
[2026-04-27 02:50:24] Trial 56 starting on cuda:0
[2026-04-27 02:50:24] Timestamp: 2026-04-27T02:50:24.243726
[2026-04-27 02:50:24] --- Config summary ---
  bottleneck_dim  : 40
  n_enc_layers    : 4
  n_dec_layers    : 5
  base_channels   : 60
  growth_factor   : 1.5801630612299926
  use_batchnorm   : True
  use_hpf         : True
  hpf_sigma       : 1.00779519285679
  lr              : 7.413245773372758e-05
  batch_size      : 40
  max_epochs      : 300
  patience        : 30
  seed            : 42
  deterministic   : False
  trial_num       : 56
[2026-04-27 02:50:24] Loading train/val/selection splits...
[2026-04-27 02:50:32] Splits loaded in 7.8s: n_train=722, n_val=120, n_selection=405
[2026-04-27 02:50:32] --- Architecture summary ---
  channels per enc layer : [60, 95, 150, 237]
  final spatial size     : 16x16
  flat size before latent: 60672
  bottleneck_dim         : 40
  total parameters       : 9,715,934
[2026-04-27 02:50:32] Starting training: n_train=722, n_val=120, device=cuda:0
[2026-04-27 02:53:13] epoch    1/300 | train=0.004757 | val=0.004598 | best=0.004598@1 | patience=0/30 | time=161.45s *
[2026-04-27 02:53:20] epoch    2/300 | train=0.002256 | val=0.003102 | best=0.003102@2 | patience=0/30 | time=7.21s *
[2026-04-27 02:53:28] epoch    3/300 | train=0.001773 | val=0.002684 | best=0.002684@3 | patience=0/30 | time=7.18s *
[2026-04-27 02:53:35] epoch    4/300 | train=0.001564 | val=0.001635 | best=0.001635@4 | patience=0/30 | time=7.23s *
[2026-04-27 02:53:42] epoch    5/300 | train=0.001463 | val=0.001463 | best=0.001463@5 | patience=0/30 | time=7.21s *
[2026-04-27 02:53:49] epoch    6/300 | train=0.001412 | val=0.001534 | best=0.001463@5 | patience=1/30 | time=7.18s
[2026-04-27 02:53:57] epoch    7/300 | train=0.001412 | val=0.001455 | best=0.001455@7 | patience=0/30 | time=7.23s *
[2026-04-27 02:54:04] epoch    8/300 | train=0.001360 | val=0.001713 | best=0.001455@7 | patience=1/30 | time=7.20s
[2026-04-27 02:54:11] epoch    9/300 | train=0.001483 | val=0.001392 | best=0.001392@9 | patience=0/30 | time=7.20s *
[2026-04-27 02:54:18] epoch   10/300 | train=0.001321 | val=0.001360 | best=0.001360@10 | patience=0/30 | time=7.22s *
[2026-04-27 02:54:26] epoch   11/300 | train=0.001311 | val=0.001314 | best=0.001314@11 | patience=0/30 | time=7.19s *
[2026-04-27 02:54:33] epoch   12/300 | train=0.001272 | val=0.001285 | best=0.001285@12 | patience=0/30 | time=7.22s *
[2026-04-27 02:54:40] epoch   13/300 | train=0.001256 | val=0.001246 | best=0.001246@13 | patience=0/30 | time=7.19s *
[2026-04-27 02:54:48] epoch   14/300 | train=0.001226 | val=0.001238 | best=0.001238@14 | patience=0/30 | time=7.23s *
[2026-04-27 02:54:55] epoch   15/300 | train=0.001223 | val=0.001231 | best=0.001231@15 | patience=0/30 | time=7.22s *
[2026-04-27 02:55:02] epoch   16/300 | train=0.001224 | val=0.001213 | best=0.001213@16 | patience=0/30 | time=7.19s *
[2026-04-27 02:55:09] epoch   17/300 | train=0.001186 | val=0.001226 | best=0.001213@16 | patience=1/30 | time=7.25s
[2026-04-27 02:55:17] epoch   18/300 | train=0.001199 | val=0.001214 | best=0.001213@16 | patience=2/30 | time=7.20s
[2026-04-27 02:55:24] epoch   19/300 | train=0.001175 | val=0.001178 | best=0.001178@19 | patience=0/30 | time=7.20s *
[2026-04-27 02:55:31] epoch   20/300 | train=0.001151 | val=0.001480 | best=0.001178@19 | patience=1/30 | time=7.22s
[2026-04-27 02:55:38] epoch   21/300 | train=0.001275 | val=0.001197 | best=0.001178@19 | patience=2/30 | time=7.19s
[2026-04-27 02:55:46] epoch   22/300 | train=0.001166 | val=0.001160 | best=0.001160@22 | patience=0/30 | time=7.23s *
[2026-04-27 02:55:53] epoch   23/300 | train=0.001135 | val=0.001188 | best=0.001160@22 | patience=1/30 | time=7.24s
[2026-04-27 02:56:00] epoch   24/300 | train=0.001150 | val=0.001152 | best=0.001152@24 | patience=0/30 | time=7.19s *
[2026-04-27 02:56:08] epoch   25/300 | train=0.001130 | val=0.001126 | best=0.001126@25 | patience=0/30 | time=7.23s *
[2026-04-27 02:56:15] epoch   26/300 | train=0.001115 | val=0.001181 | best=0.001126@25 | patience=1/30 | time=7.19s
[2026-04-27 02:56:22] epoch   27/300 | train=0.001139 | val=0.001126 | best=0.001126@25 | patience=2/30 | time=7.24s
[2026-04-27 02:56:29] epoch   28/300 | train=0.001099 | val=0.001125 | best=0.001126@25 | patience=3/30 | time=7.20s
[2026-04-27 02:56:37] epoch   29/300 | train=0.001099 | val=0.001105 | best=0.001105@29 | patience=0/30 | time=7.20s *
[2026-04-27 02:56:44] epoch   30/300 | train=0.001084 | val=0.001097 | best=0.001097@30 | patience=0/30 | time=7.22s *
[2026-04-27 02:56:51] epoch   31/300 | train=0.001078 | val=0.001095 | best=0.001095@31 | patience=0/30 | time=7.19s *
[2026-04-27 02:56:58] epoch   32/300 | train=0.001077 | val=0.001097 | best=0.001095@31 | patience=1/30 | time=7.24s
[2026-04-27 02:57:06] epoch   33/300 | train=0.001068 | val=0.001081 | best=0.001081@33 | patience=0/30 | time=7.22s *
[2026-04-27 02:57:13] epoch   34/300 | train=0.001049 | val=0.001086 | best=0.001081@33 | patience=1/30 | time=7.20s
[2026-04-27 02:57:20] epoch   35/300 | train=0.001051 | val=0.001082 | best=0.001081@33 | patience=2/30 | time=7.23s
[2026-04-27 02:57:27] epoch   36/300 | train=0.001048 | val=0.001060 | best=0.001060@36 | patience=0/30 | time=7.20s *
[2026-04-27 02:57:35] epoch   37/300 | train=0.001039 | val=0.001050 | best=0.001050@37 | patience=0/30 | time=7.24s *
[2026-04-27 02:57:42] epoch   38/300 | train=0.001026 | val=0.001163 | best=0.001050@37 | patience=1/30 | time=7.21s
[2026-04-27 02:57:49] epoch   39/300 | train=0.001091 | val=0.001085 | best=0.001050@37 | patience=2/30 | time=7.20s
[2026-04-27 02:57:56] epoch   40/300 | train=0.001037 | val=0.001044 | best=0.001044@40 | patience=0/30 | time=7.23s *
[2026-04-27 02:58:04] epoch   41/300 | train=0.001018 | val=0.001070 | best=0.001044@40 | patience=1/30 | time=7.23s
[2026-04-27 02:58:11] epoch   42/300 | train=0.001032 | val=0.001074 | best=0.001044@40 | patience=2/30 | time=7.20s
[2026-04-27 02:58:18] epoch   43/300 | train=0.001030 | val=0.001027 | best=0.001027@43 | patience=0/30 | time=7.23s *
[2026-04-27 02:58:26] epoch   44/300 | train=0.001002 | val=0.001028 | best=0.001027@43 | patience=1/30 | time=7.19s
[2026-04-27 02:58:33] epoch   45/300 | train=0.000994 | val=0.001091 | best=0.001027@43 | patience=2/30 | time=7.23s
[2026-04-27 02:58:40] epoch   46/300 | train=0.001024 | val=0.001037 | best=0.001027@43 | patience=3/30 | time=7.20s
[2026-04-27 02:58:47] epoch   47/300 | train=0.000996 | val=0.001065 | best=0.001027@43 | patience=4/30 | time=7.25s
[2026-04-27 02:58:55] epoch   48/300 | train=0.001010 | val=0.001032 | best=0.001027@43 | patience=5/30 | time=7.20s
[2026-04-27 02:59:02] epoch   49/300 | train=0.000988 | val=0.001010 | best=0.001010@49 | patience=0/30 | time=7.20s *
[2026-04-27 02:59:09] epoch   50/300 | train=0.000977 | val=0.000996 | best=0.000996@50 | patience=0/30 | time=7.26s *
[2026-04-27 02:59:16] epoch   51/300 | train=0.000968 | val=0.001003 | best=0.000996@50 | patience=1/30 | time=7.20s
[2026-04-27 02:59:24] epoch   52/300 | train=0.000969 | val=0.000989 | best=0.000989@52 | patience=0/30 | time=7.20s *
[2026-04-27 02:59:31] epoch   53/300 | train=0.000955 | val=0.000993 | best=0.000989@52 | patience=1/30 | time=7.23s
[2026-04-27 02:59:38] epoch   54/300 | train=0.000959 | val=0.000989 | best=0.000989@52 | patience=2/30 | time=7.19s
[2026-04-27 02:59:45] epoch   55/300 | train=0.000956 | val=0.000979 | best=0.000979@55 | patience=0/30 | time=7.23s *
[2026-04-27 02:59:53] epoch   56/300 | train=0.000948 | val=0.000989 | best=0.000979@55 | patience=1/30 | time=7.20s
[2026-04-27 03:00:00] epoch   57/300 | train=0.000940 | val=0.000992 | best=0.000979@55 | patience=2/30 | time=7.24s
[2026-04-27 03:00:07] epoch   58/300 | train=0.000950 | val=0.000979 | best=0.000979@55 | patience=3/30 | time=7.20s
[2026-04-27 03:00:14] epoch   59/300 | train=0.000941 | val=0.000974 | best=0.000974@59 | patience=0/30 | time=7.22s *
[2026-04-27 03:00:22] epoch   60/300 | train=0.000933 | val=0.000977 | best=0.000974@59 | patience=1/30 | time=7.24s
[2026-04-27 03:00:29] epoch   61/300 | train=0.000937 | val=0.000982 | best=0.000974@59 | patience=2/30 | time=7.21s
[2026-04-27 03:00:36] epoch   62/300 | train=0.000925 | val=0.000974 | best=0.000974@59 | patience=3/30 | time=7.20s
[2026-04-27 03:00:44] epoch   63/300 | train=0.000924 | val=0.000960 | best=0.000960@63 | patience=0/30 | time=7.22s *
[2026-04-27 03:00:51] epoch   64/300 | train=0.000913 | val=0.000989 | best=0.000960@63 | patience=1/30 | time=7.20s
[2026-04-27 03:00:58] epoch   65/300 | train=0.000934 | val=0.000956 | best=0.000956@65 | patience=0/30 | time=7.22s *
[2026-04-27 03:01:05] epoch   66/300 | train=0.000908 | val=0.000950 | best=0.000950@66 | patience=0/30 | time=7.20s *
[2026-04-27 03:01:13] epoch   67/300 | train=0.000906 | val=0.000942 | best=0.000942@67 | patience=0/30 | time=7.24s *
[2026-04-27 03:01:20] epoch   68/300 | train=0.000902 | val=0.000946 | best=0.000942@67 | patience=1/30 | time=7.23s
[2026-04-27 03:01:27] epoch   69/300 | train=0.000899 | val=0.000948 | best=0.000942@67 | patience=2/30 | time=7.20s
[2026-04-27 03:01:34] epoch   70/300 | train=0.000894 | val=0.000942 | best=0.000942@67 | patience=3/30 | time=7.24s
[2026-04-27 03:01:42] epoch   71/300 | train=0.000894 | val=0.000954 | best=0.000942@67 | patience=4/30 | time=7.20s
[2026-04-27 03:01:49] epoch   72/300 | train=0.000891 | val=0.000980 | best=0.000942@67 | patience=5/30 | time=7.20s
[2026-04-27 03:01:56] epoch   73/300 | train=0.000915 | val=0.000935 | best=0.000935@73 | patience=0/30 | time=7.23s *
[2026-04-27 03:02:03] epoch   74/300 | train=0.000880 | val=0.000925 | best=0.000925@74 | patience=0/30 | time=7.20s *
[2026-04-27 03:02:11] epoch   75/300 | train=0.000874 | val=0.000944 | best=0.000925@74 | patience=1/30 | time=7.23s
[2026-04-27 03:02:18] epoch   76/300 | train=0.000891 | val=0.000936 | best=0.000925@74 | patience=2/30 | time=7.20s
[2026-04-27 03:02:25] epoch   77/300 | train=0.000881 | val=0.000942 | best=0.000925@74 | patience=3/30 | time=7.24s
[2026-04-27 03:02:32] epoch   78/300 | train=0.000889 | val=0.000941 | best=0.000925@74 | patience=4/30 | time=7.23s
[2026-04-27 03:02:40] epoch   79/300 | train=0.000880 | val=0.000924 | best=0.000924@79 | patience=0/30 | time=7.19s *
[2026-04-27 03:02:47] epoch   80/300 | train=0.000869 | val=0.000922 | best=0.000922@80 | patience=0/30 | time=7.24s *
[2026-04-27 03:02:54] epoch   81/300 | train=0.000875 | val=0.000920 | best=0.000920@81 | patience=0/30 | time=7.21s *
[2026-04-27 03:03:02] epoch   82/300 | train=0.000867 | val=0.000938 | best=0.000920@81 | patience=1/30 | time=7.20s
[2026-04-27 03:03:09] epoch   83/300 | train=0.000867 | val=0.001026 | best=0.000920@81 | patience=2/30 | time=7.22s
[2026-04-27 03:03:16] epoch   84/300 | train=0.000927 | val=0.000950 | best=0.000920@81 | patience=3/30 | time=7.19s
[2026-04-27 03:03:23] epoch   85/300 | train=0.000887 | val=0.000926 | best=0.000920@81 | patience=4/30 | time=7.23s
[2026-04-27 03:03:31] epoch   86/300 | train=0.000867 | val=0.000917 | best=0.000917@86 | patience=0/30 | time=7.24s *
[2026-04-27 03:03:38] epoch   87/300 | train=0.000863 | val=0.000998 | best=0.000917@86 | patience=1/30 | time=7.20s
[2026-04-27 03:03:45] epoch   88/300 | train=0.000905 | val=0.000950 | best=0.000917@86 | patience=2/30 | time=7.23s
[2026-04-27 03:03:52] epoch   89/300 | train=0.000866 | val=0.000911 | best=0.000911@89 | patience=0/30 | time=7.19s *
[2026-04-27 03:04:00] epoch   90/300 | train=0.000849 | val=0.000913 | best=0.000911@89 | patience=1/30 | time=7.24s
[2026-04-27 03:04:07] epoch   91/300 | train=0.000849 | val=0.000905 | best=0.000905@91 | patience=0/30 | time=7.21s *
[2026-04-27 03:04:14] epoch   92/300 | train=0.000845 | val=0.000953 | best=0.000905@91 | patience=1/30 | time=7.20s
[2026-04-27 03:04:21] epoch   93/300 | train=0.000864 | val=0.000922 | best=0.000905@91 | patience=2/30 | time=7.23s
[2026-04-27 03:04:29] epoch   94/300 | train=0.000856 | val=0.000917 | best=0.000905@91 | patience=3/30 | time=7.20s
[2026-04-27 03:04:36] epoch   95/300 | train=0.000851 | val=0.000900 | best=0.000900@95 | patience=0/30 | time=7.24s *
[2026-04-27 03:04:43] epoch   96/300 | train=0.000832 | val=0.000908 | best=0.000900@95 | patience=1/30 | time=7.23s
[2026-04-27 03:04:50] epoch   97/300 | train=0.000835 | val=0.000897 | best=0.000897@97 | patience=0/30 | time=7.19s *
[2026-04-27 03:04:58] epoch   98/300 | train=0.000833 | val=0.000907 | best=0.000897@97 | patience=1/30 | time=7.23s
[2026-04-27 03:05:05] epoch   99/300 | train=0.000844 | val=0.000893 | best=0.000893@99 | patience=0/30 | time=7.20s *
[2026-04-27 03:05:12] epoch  100/300 | train=0.000831 | val=0.000900 | best=0.000893@99 | patience=1/30 | time=7.25s
[2026-04-27 03:05:20] epoch  101/300 | train=0.000826 | val=0.000926 | best=0.000893@99 | patience=2/30 | time=7.21s
[2026-04-27 03:05:27] epoch  102/300 | train=0.000842 | val=0.000906 | best=0.000893@99 | patience=3/30 | time=7.21s
[2026-04-27 03:05:34] epoch  103/300 | train=0.000828 | val=0.000895 | best=0.000893@99 | patience=4/30 | time=7.23s
[2026-04-27 03:05:41] epoch  104/300 | train=0.000828 | val=0.000898 | best=0.000893@99 | patience=5/30 | time=7.24s
[2026-04-27 03:05:49] epoch  105/300 | train=0.000820 | val=0.000888 | best=0.000888@105 | patience=0/30 | time=7.21s *
[2026-04-27 03:05:56] epoch  106/300 | train=0.000809 | val=0.000904 | best=0.000888@105 | patience=1/30 | time=7.23s
[2026-04-27 03:06:03] epoch  107/300 | train=0.000817 | val=0.000898 | best=0.000888@105 | patience=2/30 | time=7.20s
[2026-04-27 03:06:10] epoch  108/300 | train=0.000816 | val=0.000893 | best=0.000888@105 | patience=3/30 | time=7.24s
[2026-04-27 03:06:18] epoch  109/300 | train=0.000811 | val=0.000964 | best=0.000888@105 | patience=4/30 | time=7.20s
[2026-04-27 03:06:25] epoch  110/300 | train=0.000849 | val=0.000910 | best=0.000888@105 | patience=5/30 | time=7.25s
[2026-04-27 03:06:32] epoch  111/300 | train=0.000819 | val=0.000906 | best=0.000888@105 | patience=6/30 | time=7.21s
[2026-04-27 03:06:40] epoch  112/300 | train=0.000821 | val=0.000892 | best=0.000888@105 | patience=7/30 | time=7.21s
[2026-04-27 03:06:47] epoch  113/300 | train=0.000810 | val=0.000905 | best=0.000888@105 | patience=8/30 | time=7.26s
[2026-04-27 03:06:54] epoch  114/300 | train=0.000806 | val=0.000890 | best=0.000888@105 | patience=9/30 | time=7.21s
[2026-04-27 03:07:01] epoch  115/300 | train=0.000804 | val=0.000902 | best=0.000888@105 | patience=10/30 | time=7.21s
[2026-04-27 03:07:09] epoch  116/300 | train=0.000800 | val=0.000872 | best=0.000872@116 | patience=0/30 | time=7.23s *
[2026-04-27 03:07:16] epoch  117/300 | train=0.000784 | val=0.000881 | best=0.000872@116 | patience=1/30 | time=7.20s
[2026-04-27 03:07:23] epoch  118/300 | train=0.000786 | val=0.000895 | best=0.000872@116 | patience=2/30 | time=7.24s
[2026-04-27 03:07:30] epoch  119/300 | train=0.000805 | val=0.000888 | best=0.000872@116 | patience=3/30 | time=7.20s
[2026-04-27 03:07:38] epoch  120/300 | train=0.000795 | val=0.000881 | best=0.000872@116 | patience=4/30 | time=7.25s
[2026-04-27 03:07:45] epoch  121/300 | train=0.000789 | val=0.000891 | best=0.000872@116 | patience=5/30 | time=7.21s
[2026-04-27 03:07:52] epoch  122/300 | train=0.000794 | val=0.000883 | best=0.000872@116 | patience=6/30 | time=7.22s
[2026-04-27 03:07:59] epoch  123/300 | train=0.000784 | val=0.000876 | best=0.000872@116 | patience=7/30 | time=7.25s
[2026-04-27 03:08:07] epoch  124/300 | train=0.000774 | val=0.000876 | best=0.000872@116 | patience=8/30 | time=7.21s
[2026-04-27 03:08:14] epoch  125/300 | train=0.000779 | val=0.000866 | best=0.000866@125 | patience=0/30 | time=7.20s *
[2026-04-27 03:08:21] epoch  126/300 | train=0.000773 | val=0.000867 | best=0.000866@125 | patience=1/30 | time=7.24s
[2026-04-27 03:08:28] epoch  127/300 | train=0.000767 | val=0.000880 | best=0.000866@125 | patience=2/30 | time=7.20s
[2026-04-27 03:08:36] epoch  128/300 | train=0.000768 | val=0.001243 | best=0.000866@125 | patience=3/30 | time=7.23s
[2026-04-27 03:08:43] epoch  129/300 | train=0.000880 | val=0.000986 | best=0.000866@125 | patience=4/30 | time=7.20s
[2026-04-27 03:08:50] epoch  130/300 | train=0.000836 | val=0.000893 | best=0.000866@125 | patience=5/30 | time=7.24s
[2026-04-27 03:08:58] epoch  131/300 | train=0.000791 | val=0.000864 | best=0.000864@131 | patience=0/30 | time=7.24s *
[2026-04-27 03:09:05] epoch  132/300 | train=0.000764 | val=0.000871 | best=0.000864@131 | patience=1/30 | time=7.20s
[2026-04-27 03:09:12] epoch  133/300 | train=0.000770 | val=0.000858 | best=0.000858@133 | patience=0/30 | time=7.24s *
[2026-04-27 03:09:19] epoch  134/300 | train=0.000759 | val=0.000871 | best=0.000858@133 | patience=1/30 | time=7.21s
[2026-04-27 03:09:27] epoch  135/300 | train=0.000759 | val=0.000864 | best=0.000858@133 | patience=2/30 | time=7.21s
[2026-04-27 03:09:34] epoch  136/300 | train=0.000765 | val=0.000867 | best=0.000858@133 | patience=3/30 | time=7.23s
[2026-04-27 03:09:41] epoch  137/300 | train=0.000762 | val=0.000855 | best=0.000855@137 | patience=0/30 | time=7.20s *
[2026-04-27 03:09:48] epoch  138/300 | train=0.000749 | val=0.000865 | best=0.000855@137 | patience=1/30 | time=7.23s
[2026-04-27 03:09:56] epoch  139/300 | train=0.000747 | val=0.000865 | best=0.000855@137 | patience=2/30 | time=7.20s
[2026-04-27 03:10:03] epoch  140/300 | train=0.000751 | val=0.000860 | best=0.000855@137 | patience=3/30 | time=7.25s
[2026-04-27 03:10:10] epoch  141/300 | train=0.000743 | val=0.000892 | best=0.000855@137 | patience=4/30 | time=7.24s
[2026-04-27 03:10:17] epoch  142/300 | train=0.000764 | val=0.000960 | best=0.000855@137 | patience=5/30 | time=7.20s
[2026-04-27 03:10:25] epoch  143/300 | train=0.000793 | val=0.000878 | best=0.000855@137 | patience=6/30 | time=7.24s
[2026-04-27 03:10:32] epoch  144/300 | train=0.000760 | val=0.000860 | best=0.000855@137 | patience=7/30 | time=7.21s
[2026-04-27 03:10:39] epoch  145/300 | train=0.000740 | val=0.000853 | best=0.000853@145 | patience=0/30 | time=7.21s *
[2026-04-27 03:10:47] epoch  146/300 | train=0.000736 | val=0.000858 | best=0.000853@145 | patience=1/30 | time=7.23s
[2026-04-27 03:10:54] epoch  147/300 | train=0.000738 | val=0.000884 | best=0.000853@145 | patience=2/30 | time=7.20s
[2026-04-27 03:11:01] epoch  148/300 | train=0.000751 | val=0.000871 | best=0.000853@145 | patience=3/30 | time=7.23s
[2026-04-27 03:11:08] epoch  149/300 | train=0.000742 | val=0.000857 | best=0.000853@145 | patience=4/30 | time=7.24s
[2026-04-27 03:11:16] epoch  150/300 | train=0.000736 | val=0.000860 | best=0.000853@145 | patience=5/30 | time=7.20s
[2026-04-27 03:11:23] epoch  151/300 | train=0.000734 | val=0.000855 | best=0.000853@145 | patience=6/30 | time=7.23s
[2026-04-27 03:11:30] epoch  152/300 | train=0.000728 | val=0.000857 | best=0.000853@145 | patience=7/30 | time=7.20s
[2026-04-27 03:11:37] epoch  153/300 | train=0.000723 | val=0.000861 | best=0.000853@145 | patience=8/30 | time=7.25s
[2026-04-27 03:11:45] epoch  154/300 | train=0.000725 | val=0.000844 | best=0.000844@154 | patience=0/30 | time=7.21s *
[2026-04-27 03:11:52] epoch  155/300 | train=0.000719 | val=0.000906 | best=0.000844@154 | patience=1/30 | time=7.21s
[2026-04-27 03:11:59] epoch  156/300 | train=0.000761 | val=0.000884 | best=0.000844@154 | patience=2/30 | time=7.23s
[2026-04-27 03:12:06] epoch  157/300 | train=0.000733 | val=0.000847 | best=0.000844@154 | patience=3/30 | time=7.20s
[2026-04-27 03:12:14] epoch  158/300 | train=0.000715 | val=0.000846 | best=0.000844@154 | patience=4/30 | time=7.24s
[2026-04-27 03:12:21] epoch  159/300 | train=0.000707 | val=0.000859 | best=0.000844@154 | patience=5/30 | time=7.23s
[2026-04-27 03:12:28] epoch  160/300 | train=0.000716 | val=0.000854 | best=0.000844@154 | patience=6/30 | time=7.19s
[2026-04-27 03:12:35] epoch  161/300 | train=0.000709 | val=0.000858 | best=0.000844@154 | patience=7/30 | time=7.23s
[2026-04-27 03:12:43] epoch  162/300 | train=0.000713 | val=0.000859 | best=0.000844@154 | patience=8/30 | time=7.20s
[2026-04-27 03:12:50] epoch  163/300 | train=0.000710 | val=0.000851 | best=0.000844@154 | patience=9/30 | time=7.25s
[2026-04-27 03:12:57] epoch  164/300 | train=0.000709 | val=0.000842 | best=0.000842@164 | patience=0/30 | time=7.21s *
[2026-04-27 03:13:04] epoch  165/300 | train=0.000704 | val=0.000859 | best=0.000842@164 | patience=1/30 | time=7.20s
[2026-04-27 03:13:12] epoch  166/300 | train=0.000705 | val=0.000837 | best=0.000837@166 | patience=0/30 | time=7.23s *
[2026-04-27 03:13:19] epoch  167/300 | train=0.000685 | val=0.000845 | best=0.000837@166 | patience=1/30 | time=7.24s
[2026-04-27 03:13:26] epoch  168/300 | train=0.000697 | val=0.000845 | best=0.000837@166 | patience=2/30 | time=7.20s
[2026-04-27 03:13:33] epoch  169/300 | train=0.000684 | val=0.000850 | best=0.000837@166 | patience=3/30 | time=7.23s
[2026-04-27 03:13:41] epoch  170/300 | train=0.000697 | val=0.000860 | best=0.000837@166 | patience=4/30 | time=7.20s
[2026-04-27 03:13:48] epoch  171/300 | train=0.000695 | val=0.000851 | best=0.000837@166 | patience=5/30 | time=7.23s
[2026-04-27 03:13:55] epoch  172/300 | train=0.000690 | val=0.000908 | best=0.000837@166 | patience=6/30 | time=7.19s
[2026-04-27 03:14:02] epoch  173/300 | train=0.000744 | val=0.000852 | best=0.000837@166 | patience=7/30 | time=7.24s
[2026-04-27 03:14:10] epoch  174/300 | train=0.000697 | val=0.000841 | best=0.000837@166 | patience=8/30 | time=7.21s
[2026-04-27 03:14:17] epoch  175/300 | train=0.000698 | val=0.000874 | best=0.000837@166 | patience=9/30 | time=7.20s
[2026-04-27 03:14:24] epoch  176/300 | train=0.000705 | val=0.000856 | best=0.000837@166 | patience=10/30 | time=7.26s
[2026-04-27 03:14:31] epoch  177/300 | train=0.000697 | val=0.000863 | best=0.000837@166 | patience=11/30 | time=7.21s
[2026-04-27 03:14:39] epoch  178/300 | train=0.000693 | val=0.000844 | best=0.000837@166 | patience=12/30 | time=7.20s
[2026-04-27 03:14:46] epoch  179/300 | train=0.000688 | val=0.000867 | best=0.000837@166 | patience=13/30 | time=7.23s
[2026-04-27 03:14:53] epoch  180/300 | train=0.000686 | val=0.000844 | best=0.000837@166 | patience=14/30 | time=7.20s
[2026-04-27 03:15:00] epoch  181/300 | train=0.000680 | val=0.000834 | best=0.000834@181 | patience=0/30 | time=7.23s *
[2026-04-27 03:15:08] epoch  182/300 | train=0.000663 | val=0.000835 | best=0.000834@181 | patience=1/30 | time=7.19s
[2026-04-27 03:15:15] epoch  183/300 | train=0.000670 | val=0.000840 | best=0.000834@181 | patience=2/30 | time=7.25s
[2026-04-27 03:15:22] epoch  184/300 | train=0.000668 | val=0.000834 | best=0.000834@181 | patience=3/30 | time=7.21s
[2026-04-27 03:15:29] epoch  185/300 | train=0.000665 | val=0.000845 | best=0.000834@181 | patience=4/30 | time=7.22s
[2026-04-27 03:15:37] epoch  186/300 | train=0.000661 | val=0.000888 | best=0.000834@181 | patience=5/30 | time=7.24s
[2026-04-27 03:15:44] epoch  187/300 | train=0.000679 | val=0.000851 | best=0.000834@181 | patience=6/30 | time=7.21s
[2026-04-27 03:15:51] epoch  188/300 | train=0.000671 | val=0.000897 | best=0.000834@181 | patience=7/30 | time=7.20s
[2026-04-27 03:15:59] epoch  189/300 | train=0.000689 | val=0.000864 | best=0.000834@181 | patience=8/30 | time=7.23s
[2026-04-27 03:16:06] epoch  190/300 | train=0.000677 | val=0.000859 | best=0.000834@181 | patience=9/30 | time=7.20s
[2026-04-27 03:16:13] epoch  191/300 | train=0.000658 | val=0.000841 | best=0.000834@181 | patience=10/30 | time=7.23s
[2026-04-27 03:16:20] epoch  192/300 | train=0.000653 | val=0.000837 | best=0.000834@181 | patience=11/30 | time=7.20s
[2026-04-27 03:16:28] epoch  193/300 | train=0.000644 | val=0.000859 | best=0.000834@181 | patience=12/30 | time=7.24s
[2026-04-27 03:16:35] epoch  194/300 | train=0.000646 | val=0.000834 | best=0.000834@181 | patience=13/30 | time=7.23s
[2026-04-27 03:16:42] epoch  195/300 | train=0.000652 | val=0.000845 | best=0.000834@181 | patience=14/30 | time=7.20s
[2026-04-27 03:16:49] epoch  196/300 | train=0.000654 | val=0.000847 | best=0.000834@181 | patience=15/30 | time=7.24s
[2026-04-27 03:16:57] epoch  197/300 | train=0.000663 | val=0.000847 | best=0.000834@181 | patience=16/30 | time=7.21s
[2026-04-27 03:17:04] epoch  198/300 | train=0.000660 | val=0.000842 | best=0.000834@181 | patience=17/30 | time=7.20s
[2026-04-27 03:17:11] epoch  199/300 | train=0.000655 | val=0.000836 | best=0.000834@181 | patience=18/30 | time=7.22s
[2026-04-27 03:17:18] epoch  200/300 | train=0.000637 | val=0.000836 | best=0.000834@181 | patience=19/30 | time=7.19s
[2026-04-27 03:17:26] epoch  201/300 | train=0.000631 | val=0.000845 | best=0.000834@181 | patience=20/30 | time=7.22s
[2026-04-27 03:17:33] epoch  202/300 | train=0.000636 | val=0.000842 | best=0.000834@181 | patience=21/30 | time=7.19s
[2026-04-27 03:17:40] epoch  203/300 | train=0.000644 | val=0.000866 | best=0.000834@181 | patience=22/30 | time=7.24s
[2026-04-27 03:17:47] epoch  204/300 | train=0.000651 | val=0.000847 | best=0.000834@181 | patience=23/30 | time=7.22s
[2026-04-27 03:17:55] epoch  205/300 | train=0.000644 | val=0.000839 | best=0.000834@181 | patience=24/30 | time=7.20s
[2026-04-27 03:18:02] epoch  206/300 | train=0.000644 | val=0.000842 | best=0.000834@181 | patience=25/30 | time=7.24s
[2026-04-27 03:18:09] epoch  207/300 | train=0.000642 | val=0.001242 | best=0.000834@181 | patience=26/30 | time=7.20s
[2026-04-27 03:18:16] epoch  208/300 | train=0.000816 | val=0.000926 | best=0.000834@181 | patience=27/30 | time=7.20s
[2026-04-27 03:18:24] epoch  209/300 | train=0.000708 | val=0.000853 | best=0.000834@181 | patience=28/30 | time=7.23s
[2026-04-27 03:18:31] epoch  210/300 | train=0.000668 | val=0.000857 | best=0.000834@181 | patience=29/30 | time=7.19s
[2026-04-27 03:18:38] epoch  211/300 | train=0.000666 | val=0.000841 | best=0.000834@181 | patience=30/30 | time=7.22s
[2026-04-27 03:18:38]   early stopping at epoch 211 (no improvement for 30 epochs)
[2026-04-27 03:18:38] Training done: stop_reason=early_stop, total_epochs=211, best_epoch=181, best_val=0.000834
[2026-04-27 03:18:38] Reloading best checkpoint (epoch 181) for evaluation
[2026-04-27 03:18:45] ------------------------------------------------------------
[2026-04-27 03:18:45] Evaluation:
[2026-04-27 03:18:45]   AUC broken_lcfs         : 0.6017
[2026-04-27 03:18:45]   AUC bad_black_core      : 0.9949
[2026-04-27 03:18:45]   AUC bad_nonconverged    : 0.9987
[2026-04-27 03:18:45]   objective      : 0.8387
[2026-04-27 03:18:45]   floor_ok       : True
[2026-04-27 03:18:45]   threshold      : 0.0723
[2026-04-27 03:18:45]   mu / sigma     : 0.000661948 / 0.000188191
[2026-04-27 03:18:45] Train time=1686.6s, eval time=6.6s
