[2026-04-27 03:58:43] ============================================================
[2026-04-27 03:58:43] Trial 73 starting on cuda:0
[2026-04-27 03:58:43] Timestamp: 2026-04-27T03:58:43.646855
[2026-04-27 03:58:43] --- Config summary ---
  bottleneck_dim  : 187
  n_enc_layers    : 5
  n_dec_layers    : 5
  base_channels   : 43
  growth_factor   : 1.717571215368536
  use_batchnorm   : False
  use_hpf         : True
  hpf_sigma       : 1.0408611918179933
  lr              : 2.019484860221573e-05
  batch_size      : 16
  max_epochs      : 300
  patience        : 30
  seed            : 42
  deterministic   : False
  trial_num       : 73
[2026-04-27 03:58:43] Loading train/val/selection splits...
[2026-04-27 03:59:50] Splits loaded in 66.4s: n_train=722, n_val=120, n_selection=405
[2026-04-27 03:59:50] --- Architecture summary ---
  channels per enc layer : [43, 74, 127, 218, 374]
  final spatial size     : 8x8
  flat size before latent: 23936
  bottleneck_dim         : 187
  total parameters       : 20,023,626
[2026-04-27 03:59:50] Starting training: n_train=722, n_val=120, device=cuda:0
[2026-04-27 04:01:27] epoch    1/300 | train=0.005318 | val=0.005288 | best=0.005288@1 | patience=0/30 | time=96.05s *
[2026-04-27 04:01:35] epoch    2/300 | train=0.005197 | val=0.005175 | best=0.005175@2 | patience=0/30 | time=7.95s *
[2026-04-27 04:01:41] epoch    3/300 | train=0.005081 | val=0.005045 | best=0.005045@3 | patience=0/30 | time=5.37s *
[2026-04-27 04:01:47] epoch    4/300 | train=0.004899 | val=0.004874 | best=0.004874@4 | patience=0/30 | time=5.97s *
[2026-04-27 04:01:53] epoch    5/300 | train=0.004830 | val=0.004856 | best=0.004856@5 | patience=0/30 | time=5.52s *
[2026-04-27 04:01:59] epoch    6/300 | train=0.004781 | val=0.004633 | best=0.004633@6 | patience=0/30 | time=5.58s *
[2026-04-27 04:02:08] epoch    7/300 | train=0.003772 | val=0.003265 | best=0.003265@7 | patience=0/30 | time=7.99s *
[2026-04-27 04:02:13] epoch    8/300 | train=0.003160 | val=0.003106 | best=0.003106@8 | patience=0/30 | time=5.37s *
[2026-04-27 04:02:20] epoch    9/300 | train=0.003080 | val=0.003075 | best=0.003075@9 | patience=0/30 | time=5.92s *
[2026-04-27 04:02:26] epoch   10/300 | train=0.003051 | val=0.003083 | best=0.003075@9 | patience=1/30 | time=5.55s
[2026-04-27 04:02:32] epoch   11/300 | train=0.003040 | val=0.003050 | best=0.003050@11 | patience=0/30 | time=5.41s *
[2026-04-27 04:02:40] epoch   12/300 | train=0.002995 | val=0.002954 | best=0.002954@12 | patience=0/30 | time=7.84s *
[2026-04-27 04:02:46] epoch   13/300 | train=0.002930 | val=0.002954 | best=0.002954@12 | patience=1/30 | time=5.39s
[2026-04-27 04:02:52] epoch   14/300 | train=0.002918 | val=0.002925 | best=0.002925@14 | patience=0/30 | time=5.91s *
[2026-04-27 04:02:58] epoch   15/300 | train=0.002915 | val=0.002916 | best=0.002916@15 | patience=0/30 | time=5.41s *
[2026-04-27 04:03:03] epoch   16/300 | train=0.002902 | val=0.002919 | best=0.002916@15 | patience=1/30 | time=5.41s
[2026-04-27 04:03:11] epoch   17/300 | train=0.002896 | val=0.002907 | best=0.002907@17 | patience=0/30 | time=7.75s *
[2026-04-27 04:03:17] epoch   18/300 | train=0.002897 | val=0.002910 | best=0.002907@17 | patience=1/30 | time=5.39s
[2026-04-27 04:03:23] epoch   19/300 | train=0.002895 | val=0.002909 | best=0.002907@17 | patience=2/30 | time=5.45s
[2026-04-27 04:03:28] epoch   20/300 | train=0.002890 | val=0.002905 | best=0.002905@20 | patience=0/30 | time=5.38s *
[2026-04-27 04:03:34] epoch   21/300 | train=0.002889 | val=0.002904 | best=0.002905@20 | patience=1/30 | time=5.45s
[2026-04-27 04:03:40] epoch   22/300 | train=0.002886 | val=0.002901 | best=0.002901@22 | patience=0/30 | time=5.65s *
[2026-04-27 04:03:46] epoch   23/300 | train=0.002886 | val=0.002910 | best=0.002901@22 | patience=1/30 | time=5.43s
[2026-04-27 04:03:51] epoch   24/300 | train=0.002885 | val=0.002897 | best=0.002897@24 | patience=0/30 | time=5.39s *
[2026-04-27 04:03:57] epoch   25/300 | train=0.002883 | val=0.002904 | best=0.002897@24 | patience=1/30 | time=5.39s
[2026-04-27 04:04:03] epoch   26/300 | train=0.002887 | val=0.002897 | best=0.002897@24 | patience=2/30 | time=5.41s
[2026-04-27 04:04:09] epoch   27/300 | train=0.002883 | val=0.002901 | best=0.002897@24 | patience=3/30 | time=5.57s
[2026-04-27 04:04:15] epoch   28/300 | train=0.002882 | val=0.002892 | best=0.002892@28 | patience=0/30 | time=5.65s *
[2026-04-27 04:04:20] epoch   29/300 | train=0.002878 | val=0.002892 | best=0.002892@28 | patience=1/30 | time=5.40s
[2026-04-27 04:04:26] epoch   30/300 | train=0.002878 | val=0.002894 | best=0.002892@28 | patience=2/30 | time=5.87s
[2026-04-27 04:04:32] epoch   31/300 | train=0.002879 | val=0.002892 | best=0.002892@28 | patience=3/30 | time=5.39s
[2026-04-27 04:04:38] epoch   32/300 | train=0.002876 | val=0.002890 | best=0.002890@32 | patience=0/30 | time=5.64s *
[2026-04-27 04:04:46] epoch   33/300 | train=0.002876 | val=0.002891 | best=0.002890@32 | patience=1/30 | time=8.04s
[2026-04-27 04:04:52] epoch   34/300 | train=0.002877 | val=0.002891 | best=0.002890@32 | patience=2/30 | time=5.57s
[2026-04-27 04:04:57] epoch   35/300 | train=0.002875 | val=0.002893 | best=0.002890@32 | patience=3/30 | time=5.39s
[2026-04-27 04:05:03] epoch   36/300 | train=0.002874 | val=0.002888 | best=0.002888@36 | patience=0/30 | time=5.88s *
[2026-04-27 04:05:09] epoch   37/300 | train=0.002877 | val=0.002885 | best=0.002885@37 | patience=0/30 | time=5.50s *
[2026-04-27 04:05:15] epoch   38/300 | train=0.002873 | val=0.002888 | best=0.002885@37 | patience=1/30 | time=5.53s
[2026-04-27 04:05:23] epoch   39/300 | train=0.002873 | val=0.002886 | best=0.002885@37 | patience=2/30 | time=8.00s
[2026-04-27 04:05:28] epoch   40/300 | train=0.002871 | val=0.002885 | best=0.002885@37 | patience=3/30 | time=5.39s
[2026-04-27 04:05:35] epoch   41/300 | train=0.002872 | val=0.002880 | best=0.002880@41 | patience=0/30 | time=5.81s *
[2026-04-27 04:05:41] epoch   42/300 | train=0.002861 | val=0.002874 | best=0.002874@42 | patience=0/30 | time=5.55s *
[2026-04-27 04:05:49] epoch   43/300 | train=0.002846 | val=0.002864 | best=0.002864@43 | patience=0/30 | time=5.57s *
[2026-04-27 04:05:55] epoch   44/300 | train=0.002835 | val=0.002858 | best=0.002858@44 | patience=0/30 | time=5.59s *
[2026-04-27 04:06:01] epoch   45/300 | train=0.002830 | val=0.002862 | best=0.002858@44 | patience=1/30 | time=5.40s
[2026-04-27 04:06:07] epoch   46/300 | train=0.002833 | val=0.002854 | best=0.002854@46 | patience=0/30 | time=5.87s *
[2026-04-27 04:06:13] epoch   47/300 | train=0.002820 | val=0.002851 | best=0.002851@47 | patience=0/30 | time=5.53s *
[2026-04-27 04:06:19] epoch   48/300 | train=0.002818 | val=0.002848 | best=0.002848@48 | patience=0/30 | time=5.42s *
[2026-04-27 04:06:25] epoch   49/300 | train=0.002816 | val=0.002852 | best=0.002848@48 | patience=1/30 | time=5.83s
[2026-04-27 04:06:30] epoch   50/300 | train=0.002818 | val=0.002856 | best=0.002848@48 | patience=2/30 | time=5.39s
[2026-04-27 04:06:30]   pruned at epoch 50
[2026-04-27 04:06:30] Training done: stop_reason=pruned, total_epochs=50, best_epoch=48, best_val=0.002848
[2026-04-27 04:06:30] Reloading best checkpoint (epoch 48) for evaluation
[2026-04-27 04:06:39] ------------------------------------------------------------
[2026-04-27 04:06:39] Evaluation:
[2026-04-27 04:06:39]   AUC broken_lcfs         : 0.5640
[2026-04-27 04:06:39]   AUC bad_black_core      : 0.2445
[2026-04-27 04:06:39]   AUC bad_nonconverged    : 0.8993
[2026-04-27 04:06:39]   objective      : 0.0000
[2026-04-27 04:06:39]   floor_ok       : False
[2026-04-27 04:06:39]   threshold      : 0.0447
[2026-04-27 04:06:39]   mu / sigma     : 0.00281645 / 0.000476981
[2026-04-27 04:06:39] Train time=399.9s, eval time=8.2s
