[2026-04-27 08:19:44] ============================================================
[2026-04-27 08:19:44] Trial 136 starting on cuda:0
[2026-04-27 08:19:44] Timestamp: 2026-04-27T08:19:44.722503
[2026-04-27 08:19:44] --- Config summary ---
  bottleneck_dim  : 135
  n_enc_layers    : 4
  n_dec_layers    : 5
  base_channels   : 26
  growth_factor   : 1.5404232035072454
  use_batchnorm   : True
  use_hpf         : True
  hpf_sigma       : 1.0456027115249493
  lr              : 1.038431748858264e-05
  batch_size      : 56
  max_epochs      : 300
  patience        : 30
  seed            : 42
  deterministic   : False
  trial_num       : 136
[2026-04-27 08:19:44] Loading train/val/selection splits...
[2026-04-27 08:20:44] Splits loaded in 59.8s: n_train=722, n_val=120, n_selection=405
[2026-04-27 08:20:44] --- Architecture summary ---
  channels per enc layer : [26, 40, 62, 95]
  final spatial size     : 16x16
  flat size before latent: 24320
  bottleneck_dim         : 135
  total parameters       : 7,390,955
[2026-04-27 08:20:44] Starting training: n_train=722, n_val=120, device=cuda:0
[2026-04-27 08:24:34] epoch    1/300 | train=0.012929 | val=0.008302 | best=0.008302@1 | patience=0/30 | time=229.85s *
[2026-04-27 08:24:37] epoch    2/300 | train=0.008763 | val=0.007882 | best=0.007882@2 | patience=0/30 | time=2.55s *
[2026-04-27 08:24:40] epoch    3/300 | train=0.007657 | val=0.006805 | best=0.006805@3 | patience=0/30 | time=2.53s *
[2026-04-27 08:24:43] epoch    4/300 | train=0.007064 | val=0.006339 | best=0.006339@4 | patience=0/30 | time=2.54s *
[2026-04-27 08:24:46] epoch    5/300 | train=0.006634 | val=0.006544 | best=0.006339@4 | patience=1/30 | time=2.53s
[2026-04-27 08:24:49] epoch    6/300 | train=0.006253 | val=0.006233 | best=0.006233@6 | patience=0/30 | time=2.72s *
[2026-04-27 08:24:51] epoch    7/300 | train=0.005889 | val=0.005884 | best=0.005884@7 | patience=0/30 | time=2.61s *
[2026-04-27 08:24:54] epoch    8/300 | train=0.005527 | val=0.005527 | best=0.005527@8 | patience=0/30 | time=2.54s *
[2026-04-27 08:24:57] epoch    9/300 | train=0.005177 | val=0.005168 | best=0.005168@9 | patience=0/30 | time=2.54s *
[2026-04-27 08:25:00] epoch   10/300 | train=0.004850 | val=0.004841 | best=0.004841@10 | patience=0/30 | time=2.56s *
[2026-04-27 08:25:03] epoch   11/300 | train=0.004550 | val=0.004539 | best=0.004539@11 | patience=0/30 | time=2.81s *
[2026-04-27 08:25:06] epoch   12/300 | train=0.004282 | val=0.004268 | best=0.004268@12 | patience=0/30 | time=2.53s *
[2026-04-27 08:25:09] epoch   13/300 | train=0.004049 | val=0.004041 | best=0.004041@13 | patience=0/30 | time=2.72s *
[2026-04-27 08:25:11] epoch   14/300 | train=0.003855 | val=0.003857 | best=0.003857@14 | patience=0/30 | time=2.54s *
[2026-04-27 08:25:14] epoch   15/300 | train=0.003693 | val=0.003701 | best=0.003701@15 | patience=0/30 | time=2.54s *
[2026-04-27 08:25:17] epoch   16/300 | train=0.003553 | val=0.003558 | best=0.003558@16 | patience=0/30 | time=2.71s *
[2026-04-27 08:25:20] epoch   17/300 | train=0.003425 | val=0.003435 | best=0.003435@17 | patience=0/30 | time=2.61s *
[2026-04-27 08:25:23] epoch   18/300 | train=0.003309 | val=0.003325 | best=0.003325@18 | patience=0/30 | time=2.54s *
[2026-04-27 08:25:26] epoch   19/300 | train=0.003207 | val=0.003223 | best=0.003223@19 | patience=0/30 | time=2.57s *
[2026-04-27 08:25:28] epoch   20/300 | train=0.003111 | val=0.003131 | best=0.003131@20 | patience=0/30 | time=2.56s *
[2026-04-27 08:25:32] epoch   21/300 | train=0.003020 | val=0.003047 | best=0.003047@21 | patience=0/30 | time=2.80s *
[2026-04-27 08:25:34] epoch   22/300 | train=0.002934 | val=0.002962 | best=0.002962@22 | patience=0/30 | time=2.54s *
[2026-04-27 08:25:37] epoch   23/300 | train=0.002853 | val=0.002881 | best=0.002881@23 | patience=0/30 | time=2.72s *
[2026-04-27 08:25:40] epoch   24/300 | train=0.002779 | val=0.002815 | best=0.002815@24 | patience=0/30 | time=2.54s *
[2026-04-27 08:25:43] epoch   25/300 | train=0.002715 | val=0.002751 | best=0.002751@25 | patience=0/30 | time=2.54s *
[2026-04-27 08:25:46] epoch   26/300 | train=0.002656 | val=0.002694 | best=0.002694@26 | patience=0/30 | time=2.71s *
[2026-04-27 08:25:49] epoch   27/300 | train=0.002605 | val=0.002646 | best=0.002646@27 | patience=0/30 | time=2.61s *
[2026-04-27 08:25:51] epoch   28/300 | train=0.002559 | val=0.002602 | best=0.002602@28 | patience=0/30 | time=2.54s *
[2026-04-27 08:25:54] epoch   29/300 | train=0.002517 | val=0.002561 | best=0.002561@29 | patience=0/30 | time=2.56s *
[2026-04-27 08:25:57] epoch   30/300 | train=0.002480 | val=0.002522 | best=0.002522@30 | patience=0/30 | time=2.56s *
[2026-04-27 08:26:00] epoch   31/300 | train=0.002446 | val=0.002485 | best=0.002485@31 | patience=0/30 | time=2.54s *
[2026-04-27 08:26:03] epoch   32/300 | train=0.002412 | val=0.002452 | best=0.002452@32 | patience=0/30 | time=2.86s *
[2026-04-27 08:26:06] epoch   33/300 | train=0.002379 | val=0.002418 | best=0.002418@33 | patience=0/30 | time=2.72s *
[2026-04-27 08:26:09] epoch   34/300 | train=0.002347 | val=0.002383 | best=0.002383@34 | patience=0/30 | time=2.54s *
[2026-04-27 08:26:12] epoch   35/300 | train=0.002313 | val=0.002350 | best=0.002350@35 | patience=0/30 | time=2.54s *
[2026-04-27 08:26:14] epoch   36/300 | train=0.002280 | val=0.002316 | best=0.002316@36 | patience=0/30 | time=2.70s *
[2026-04-27 08:26:17] epoch   37/300 | train=0.002251 | val=0.002291 | best=0.002291@37 | patience=0/30 | time=2.60s *
[2026-04-27 08:26:20] epoch   38/300 | train=0.002224 | val=0.002264 | best=0.002264@38 | patience=0/30 | time=2.54s *
[2026-04-27 08:26:23] epoch   39/300 | train=0.002200 | val=0.002234 | best=0.002234@39 | patience=0/30 | time=2.57s *
[2026-04-27 08:26:26] epoch   40/300 | train=0.002177 | val=0.002216 | best=0.002216@40 | patience=0/30 | time=2.56s *
[2026-04-27 08:26:29] epoch   41/300 | train=0.002154 | val=0.002191 | best=0.002191@41 | patience=0/30 | time=2.54s *
[2026-04-27 08:26:32] epoch   42/300 | train=0.002134 | val=0.002170 | best=0.002170@42 | patience=0/30 | time=2.80s *
[2026-04-27 08:26:35] epoch   43/300 | train=0.002116 | val=0.002152 | best=0.002152@43 | patience=0/30 | time=2.73s *
[2026-04-27 08:26:37] epoch   44/300 | train=0.002099 | val=0.002134 | best=0.002134@44 | patience=0/30 | time=2.54s *
[2026-04-27 08:26:40] epoch   45/300 | train=0.002083 | val=0.002118 | best=0.002118@45 | patience=0/30 | time=2.55s *
[2026-04-27 08:26:43] epoch   46/300 | train=0.002066 | val=0.002101 | best=0.002101@46 | patience=0/30 | time=2.71s *
[2026-04-27 08:26:46] epoch   47/300 | train=0.002051 | val=0.002088 | best=0.002088@47 | patience=0/30 | time=2.54s *
[2026-04-27 08:26:49] epoch   48/300 | train=0.002037 | val=0.002071 | best=0.002071@48 | patience=0/30 | time=2.60s *
[2026-04-27 08:26:52] epoch   49/300 | train=0.002023 | val=0.002057 | best=0.002057@49 | patience=0/30 | time=2.57s *
[2026-04-27 08:26:54] epoch   50/300 | train=0.002011 | val=0.002045 | best=0.002045@50 | patience=0/30 | time=2.56s *
[2026-04-27 08:26:54]   pruned at epoch 50
[2026-04-27 08:26:54] Training done: stop_reason=pruned, total_epochs=50, best_epoch=50, best_val=0.002045
[2026-04-27 08:26:54] Reloading best checkpoint (epoch 50) for evaluation
[2026-04-27 08:27:05] ------------------------------------------------------------
[2026-04-27 08:27:05] Evaluation:
[2026-04-27 08:27:05]   AUC broken_lcfs         : 0.5977
[2026-04-27 08:27:05]   AUC bad_black_core      : 0.9730
[2026-04-27 08:27:05]   AUC bad_nonconverged    : 0.9771
[2026-04-27 08:27:05]   objective      : 0.8241
[2026-04-27 08:27:05]   floor_ok       : True
[2026-04-27 08:27:05]   threshold      : 0.0812
[2026-04-27 08:27:05]   mu / sigma     : 0.00202022 / 0.000371935
[2026-04-27 08:27:05] Train time=370.1s, eval time=10.3s
