[2026-04-27 03:58:58] ============================================================
[2026-04-27 03:58:58] Trial 74 starting on cuda:0
[2026-04-27 03:58:58] Timestamp: 2026-04-27T03:58:58.442809
[2026-04-27 03:58:58] --- Config summary ---
  bottleneck_dim  : 151
  n_enc_layers    : 5
  n_dec_layers    : 3
  base_channels   : 62
  growth_factor   : 1.9583116321895653
  use_batchnorm   : True
  use_hpf         : True
  hpf_sigma       : 1.05072239357464
  lr              : 4.1505482879326975e-05
  batch_size      : 40
  max_epochs      : 300
  patience        : 30
  seed            : 42
  deterministic   : False
  trial_num       : 74
[2026-04-27 03:58:58] Loading train/val/selection splits...
[2026-04-27 03:59:57] Splits loaded in 59.0s: n_train=722, n_val=120, n_selection=405
[2026-04-27 03:59:59] --- Architecture summary ---
  channels per enc layer : [62, 121, 238, 466, 912]
  final spatial size     : 8x8
  flat size before latent: 58368
  bottleneck_dim         : 151
  total parameters       : 55,725,682
[2026-04-27 03:59:59] Starting training: n_train=722, n_val=120, device=cuda:0
[2026-04-27 04:05:42] epoch    1/300 | train=0.004932 | val=0.004487 | best=0.004487@1 | patience=0/30 | time=342.22s *
[2026-04-27 04:05:52] epoch    2/300 | train=0.002196 | val=0.003437 | best=0.003437@2 | patience=0/30 | time=8.75s *
[2026-04-27 04:06:01] epoch    3/300 | train=0.001827 | val=0.002667 | best=0.002667@3 | patience=0/30 | time=8.67s *
[2026-04-27 04:06:11] epoch    4/300 | train=0.001677 | val=0.001728 | best=0.001728@4 | patience=0/30 | time=8.55s *
[2026-04-27 04:06:21] epoch    5/300 | train=0.001575 | val=0.001562 | best=0.001562@5 | patience=0/30 | time=9.01s *
[2026-04-27 04:06:30] epoch    6/300 | train=0.001523 | val=0.001633 | best=0.001562@5 | patience=1/30 | time=8.76s
[2026-04-27 04:06:39] epoch    7/300 | train=0.001531 | val=0.001525 | best=0.001525@7 | patience=0/30 | time=8.53s *
[2026-04-27 04:06:49] epoch    8/300 | train=0.001470 | val=0.001496 | best=0.001496@8 | patience=0/30 | time=9.02s *
[2026-04-27 04:06:59] epoch    9/300 | train=0.001441 | val=0.001409 | best=0.001409@9 | patience=0/30 | time=8.79s *
[2026-04-27 04:07:08] epoch   10/300 | train=0.001380 | val=0.001451 | best=0.001409@9 | patience=1/30 | time=8.84s
[2026-04-27 04:07:17] epoch   11/300 | train=0.001394 | val=0.001377 | best=0.001377@11 | patience=0/30 | time=8.86s *
[2026-04-27 04:07:27] epoch   12/300 | train=0.001338 | val=0.001372 | best=0.001372@12 | patience=0/30 | time=8.59s *
[2026-04-27 04:07:37] epoch   13/300 | train=0.001331 | val=0.001333 | best=0.001333@13 | patience=0/30 | time=9.02s *
[2026-04-27 04:07:46] epoch   14/300 | train=0.001308 | val=0.001335 | best=0.001333@13 | patience=1/30 | time=8.73s
[2026-04-27 04:07:55] epoch   15/300 | train=0.001302 | val=0.001325 | best=0.001325@15 | patience=0/30 | time=8.54s *
[2026-04-27 04:08:05] epoch   16/300 | train=0.001293 | val=0.001292 | best=0.001292@16 | patience=0/30 | time=8.94s *
[2026-04-27 04:08:14] epoch   17/300 | train=0.001265 | val=0.001311 | best=0.001292@16 | patience=1/30 | time=8.75s
[2026-04-27 04:08:24] epoch   18/300 | train=0.001267 | val=0.001270 | best=0.001270@18 | patience=0/30 | time=8.82s *
[2026-04-27 04:08:33] epoch   19/300 | train=0.001238 | val=0.001254 | best=0.001254@19 | patience=0/30 | time=8.66s *
[2026-04-27 04:08:42] epoch   20/300 | train=0.001224 | val=0.001833 | best=0.001254@19 | patience=1/30 | time=8.60s
[2026-04-27 04:08:51] epoch   21/300 | train=0.001461 | val=0.001362 | best=0.001254@19 | patience=2/30 | time=8.85s
[2026-04-27 04:09:00] epoch   22/300 | train=0.001273 | val=0.001254 | best=0.001254@19 | patience=3/30 | time=8.90s
[2026-04-27 04:09:09] epoch   23/300 | train=0.001219 | val=0.001265 | best=0.001254@19 | patience=4/30 | time=8.60s
[2026-04-27 04:09:19] epoch   24/300 | train=0.001217 | val=0.001219 | best=0.001219@24 | patience=0/30 | time=9.02s *
[2026-04-27 04:09:28] epoch   25/300 | train=0.001197 | val=0.001202 | best=0.001202@25 | patience=0/30 | time=8.66s *
[2026-04-27 04:09:37] epoch   26/300 | train=0.001183 | val=0.001244 | best=0.001202@25 | patience=1/30 | time=8.63s
[2026-04-27 04:09:47] epoch   27/300 | train=0.001194 | val=0.001185 | best=0.001185@27 | patience=0/30 | time=9.02s *
[2026-04-27 04:09:56] epoch   28/300 | train=0.001161 | val=0.001188 | best=0.001185@27 | patience=1/30 | time=8.78s
[2026-04-27 04:10:05] epoch   29/300 | train=0.001158 | val=0.001175 | best=0.001175@29 | patience=0/30 | time=8.55s *
[2026-04-27 04:10:15] epoch   30/300 | train=0.001148 | val=0.001167 | best=0.001167@30 | patience=0/30 | time=8.68s *
[2026-04-27 04:10:25] epoch   31/300 | train=0.001141 | val=0.001164 | best=0.001164@31 | patience=0/30 | time=8.78s *
[2026-04-27 04:10:34] epoch   32/300 | train=0.001138 | val=0.001171 | best=0.001164@31 | patience=1/30 | time=8.79s
[2026-04-27 04:10:43] epoch   33/300 | train=0.001134 | val=0.001145 | best=0.001145@33 | patience=0/30 | time=8.88s *
[2026-04-27 04:10:52] epoch   34/300 | train=0.001109 | val=0.001165 | best=0.001145@33 | patience=1/30 | time=8.58s
[2026-04-27 04:11:02] epoch   35/300 | train=0.001113 | val=0.001129 | best=0.001129@35 | patience=0/30 | time=9.07s *
[2026-04-27 04:11:12] epoch   36/300 | train=0.001099 | val=0.001127 | best=0.001127@36 | patience=0/30 | time=8.71s *
[2026-04-27 04:11:21] epoch   37/300 | train=0.001093 | val=0.001109 | best=0.001109@37 | patience=0/30 | time=8.55s *
[2026-04-27 04:11:30] epoch   38/300 | train=0.001077 | val=0.001140 | best=0.001109@37 | patience=1/30 | time=9.01s
[2026-04-27 04:11:39] epoch   39/300 | train=0.001090 | val=0.001108 | best=0.001109@37 | patience=2/30 | time=8.75s
[2026-04-27 04:11:49] epoch   40/300 | train=0.001070 | val=0.001101 | best=0.001101@40 | patience=0/30 | time=8.55s *
[2026-04-27 04:11:58] epoch   41/300 | train=0.001063 | val=0.001134 | best=0.001101@40 | patience=1/30 | time=8.66s
[2026-04-27 04:12:07] epoch   42/300 | train=0.001073 | val=0.001158 | best=0.001101@40 | patience=2/30 | time=8.74s
[2026-04-27 04:12:16] epoch   43/300 | train=0.001082 | val=0.001093 | best=0.001093@43 | patience=0/30 | time=8.82s *
[2026-04-27 04:12:26] epoch   44/300 | train=0.001051 | val=0.001077 | best=0.001077@44 | patience=0/30 | time=8.71s *
[2026-04-27 04:12:35] epoch   45/300 | train=0.001038 | val=0.001129 | best=0.001077@44 | patience=1/30 | time=8.61s
[2026-04-27 04:12:45] epoch   46/300 | train=0.001054 | val=0.001074 | best=0.001074@46 | patience=0/30 | time=8.80s *
[2026-04-27 04:12:53] epoch   47/300 | train=0.001033 | val=0.001118 | best=0.001074@46 | patience=1/30 | time=8.71s
[2026-04-27 04:13:02] epoch   48/300 | train=0.001037 | val=0.001084 | best=0.001074@46 | patience=2/30 | time=8.60s
[2026-04-27 04:13:12] epoch   49/300 | train=0.001031 | val=0.001063 | best=0.001063@49 | patience=0/30 | time=8.97s *
[2026-04-27 04:13:22] epoch   50/300 | train=0.001020 | val=0.001047 | best=0.001047@50 | patience=0/30 | time=8.72s *
[2026-04-27 04:13:30] epoch   51/300 | train=0.001007 | val=0.001048 | best=0.001047@50 | patience=1/30 | time=8.54s
[2026-04-27 04:13:40] epoch   52/300 | train=0.001007 | val=0.001037 | best=0.001037@52 | patience=0/30 | time=9.05s *
[2026-04-27 04:13:49] epoch   53/300 | train=0.000989 | val=0.001038 | best=0.001037@52 | patience=1/30 | time=8.79s
[2026-04-27 04:13:58] epoch   54/300 | train=0.000991 | val=0.001039 | best=0.001037@52 | patience=2/30 | time=8.83s
[2026-04-27 04:14:07] epoch   55/300 | train=0.000987 | val=0.001038 | best=0.001037@52 | patience=3/30 | time=8.68s
[2026-04-27 04:14:17] epoch   56/300 | train=0.000983 | val=0.001025 | best=0.001025@56 | patience=0/30 | time=8.79s *
[2026-04-27 04:14:26] epoch   57/300 | train=0.000972 | val=0.001058 | best=0.001025@56 | patience=1/30 | time=8.86s
[2026-04-27 04:14:36] epoch   58/300 | train=0.000991 | val=0.001019 | best=0.001019@58 | patience=0/30 | time=8.67s *
[2026-04-27 04:14:44] epoch   59/300 | train=0.000969 | val=0.001020 | best=0.001019@58 | patience=1/30 | time=8.61s
[2026-04-27 04:14:53] epoch   60/300 | train=0.000965 | val=0.001039 | best=0.001019@58 | patience=2/30 | time=9.02s
[2026-04-27 04:15:03] epoch   61/300 | train=0.000969 | val=0.000999 | best=0.000999@61 | patience=0/30 | time=8.70s *
[2026-04-27 04:15:13] epoch   62/300 | train=0.000945 | val=0.000998 | best=0.000998@62 | patience=0/30 | time=8.60s *
[2026-04-27 04:15:22] epoch   63/300 | train=0.000945 | val=0.000989 | best=0.000989@63 | patience=0/30 | time=9.01s *
[2026-04-27 04:15:31] epoch   64/300 | train=0.000936 | val=0.001016 | best=0.000989@63 | patience=1/30 | time=8.76s
[2026-04-27 04:15:41] epoch   65/300 | train=0.000942 | val=0.000984 | best=0.000984@65 | patience=0/30 | time=8.55s *
[2026-04-27 04:15:50] epoch   66/300 | train=0.000925 | val=0.000989 | best=0.000984@65 | patience=1/30 | time=8.99s
[2026-04-27 04:16:00] epoch   67/300 | train=0.000926 | val=0.000978 | best=0.000978@67 | patience=0/30 | time=8.73s *
[2026-04-27 04:16:09] epoch   68/300 | train=0.000918 | val=0.000987 | best=0.000978@67 | patience=1/30 | time=8.88s
[2026-04-27 04:16:18] epoch   69/300 | train=0.000915 | val=0.000969 | best=0.000969@69 | patience=0/30 | time=8.70s *
[2026-04-27 04:16:27] epoch   70/300 | train=0.000904 | val=0.000975 | best=0.000969@69 | patience=1/30 | time=8.60s
[2026-04-27 04:16:36] epoch   71/300 | train=0.000907 | val=0.000970 | best=0.000969@69 | patience=2/30 | time=8.86s
[2026-04-27 04:16:45] epoch   72/300 | train=0.000899 | val=0.001029 | best=0.000969@69 | patience=3/30 | time=8.90s
[2026-04-27 04:16:55] epoch   73/300 | train=0.000921 | val=0.000966 | best=0.000966@73 | patience=0/30 | time=8.61s *
[2026-04-27 04:17:04] epoch   74/300 | train=0.000890 | val=0.000968 | best=0.000966@73 | patience=1/30 | time=9.04s
[2026-04-27 04:17:13] epoch   75/300 | train=0.000887 | val=0.000976 | best=0.000966@73 | patience=2/30 | time=8.68s
[2026-04-27 04:17:21] epoch   76/300 | train=0.000896 | val=0.000969 | best=0.000966@73 | patience=3/30 | time=8.64s
[2026-04-27 04:17:31] epoch   77/300 | train=0.000886 | val=0.000977 | best=0.000966@73 | patience=4/30 | time=8.99s
[2026-04-27 04:17:39] epoch   78/300 | train=0.000895 | val=0.000967 | best=0.000966@73 | patience=5/30 | time=8.77s
[2026-04-27 04:17:50] epoch   79/300 | train=0.000883 | val=0.000951 | best=0.000951@79 | patience=0/30 | time=8.57s *
[2026-04-27 04:17:59] epoch   80/300 | train=0.000870 | val=0.000960 | best=0.000951@79 | patience=1/30 | time=8.97s
[2026-04-27 04:18:08] epoch   81/300 | train=0.000878 | val=0.000957 | best=0.000951@79 | patience=2/30 | time=8.75s
[2026-04-27 04:18:17] epoch   82/300 | train=0.000868 | val=0.000948 | best=0.000948@82 | patience=0/30 | time=8.89s *
[2026-04-27 04:18:26] epoch   83/300 | train=0.000860 | val=0.001295 | best=0.000948@82 | patience=1/30 | time=8.68s
[2026-04-27 04:18:35] epoch   84/300 | train=0.000952 | val=0.000995 | best=0.000948@82 | patience=2/30 | time=8.78s
[2026-04-27 04:18:44] epoch   85/300 | train=0.000896 | val=0.000953 | best=0.000948@82 | patience=3/30 | time=8.86s
[2026-04-27 04:18:54] epoch   86/300 | train=0.000867 | val=0.000943 | best=0.000943@86 | patience=0/30 | time=8.67s *
[2026-04-27 04:19:03] epoch   87/300 | train=0.000859 | val=0.001073 | best=0.000943@86 | patience=1/30 | time=8.60s
[2026-04-27 04:19:12] epoch   88/300 | train=0.000895 | val=0.000943 | best=0.000943@86 | patience=2/30 | time=9.03s
[2026-04-27 04:19:21] epoch   89/300 | train=0.000850 | val=0.000957 | best=0.000943@86 | patience=3/30 | time=8.68s
[2026-04-27 04:19:30] epoch   90/300 | train=0.000849 | val=0.000932 | best=0.000932@90 | patience=0/30 | time=8.61s *
[2026-04-27 04:19:40] epoch   91/300 | train=0.000837 | val=0.000929 | best=0.000929@91 | patience=0/30 | time=8.95s *
[2026-04-27 04:19:49] epoch   92/300 | train=0.000830 | val=0.000971 | best=0.000929@91 | patience=1/30 | time=8.79s
[2026-04-27 04:19:58] epoch   93/300 | train=0.000846 | val=0.000937 | best=0.000929@91 | patience=2/30 | time=8.56s
[2026-04-27 04:20:07] epoch   94/300 | train=0.000837 | val=0.000933 | best=0.000929@91 | patience=3/30 | time=9.04s
[2026-04-27 04:20:16] epoch   95/300 | train=0.000826 | val=0.000969 | best=0.000929@91 | patience=4/30 | time=8.79s
[2026-04-27 04:20:24] epoch   96/300 | train=0.000830 | val=0.000931 | best=0.000929@91 | patience=5/30 | time=8.56s
[2026-04-27 04:20:34] epoch   97/300 | train=0.000820 | val=0.000921 | best=0.000921@97 | patience=0/30 | time=9.01s *
[2026-04-27 04:20:43] epoch   98/300 | train=0.000815 | val=0.000926 | best=0.000921@97 | patience=1/30 | time=8.78s
[2026-04-27 04:20:52] epoch   99/300 | train=0.000816 | val=0.000920 | best=0.000921@97 | patience=2/30 | time=8.83s
[2026-04-27 04:21:02] epoch  100/300 | train=0.000805 | val=0.000917 | best=0.000917@100 | patience=0/30 | time=8.71s *
[2026-04-27 04:21:11] epoch  101/300 | train=0.000801 | val=0.000924 | best=0.000917@100 | patience=1/30 | time=8.79s
[2026-04-27 04:21:20] epoch  102/300 | train=0.000799 | val=0.000917 | best=0.000917@100 | patience=2/30 | time=8.80s
[2026-04-27 04:21:29] epoch  103/300 | train=0.000790 | val=0.000906 | best=0.000906@103 | patience=0/30 | time=8.89s *
[2026-04-27 04:21:38] epoch  104/300 | train=0.000784 | val=0.000919 | best=0.000906@103 | patience=1/30 | time=8.58s
[2026-04-27 04:21:47] epoch  105/300 | train=0.000782 | val=0.000907 | best=0.000906@103 | patience=2/30 | time=8.97s
[2026-04-27 04:21:56] epoch  106/300 | train=0.000771 | val=0.000933 | best=0.000906@103 | patience=3/30 | time=8.67s
[2026-04-27 04:22:05] epoch  107/300 | train=0.000776 | val=0.000907 | best=0.000906@103 | patience=4/30 | time=8.62s
[2026-04-27 04:22:14] epoch  108/300 | train=0.000768 | val=0.000920 | best=0.000906@103 | patience=5/30 | time=8.95s
[2026-04-27 04:22:23] epoch  109/300 | train=0.000770 | val=0.000937 | best=0.000906@103 | patience=6/30 | time=8.67s
[2026-04-27 04:22:31] epoch  110/300 | train=0.000777 | val=0.000912 | best=0.000906@103 | patience=7/30 | time=8.63s
[2026-04-27 04:22:40] epoch  111/300 | train=0.000767 | val=0.000911 | best=0.000906@103 | patience=8/30 | time=8.95s
[2026-04-27 04:22:49] epoch  112/300 | train=0.000766 | val=0.000915 | best=0.000906@103 | patience=9/30 | time=8.77s
[2026-04-27 04:22:59] epoch  113/300 | train=0.000759 | val=0.000891 | best=0.000891@113 | patience=0/30 | time=8.54s *
[2026-04-27 04:23:08] epoch  114/300 | train=0.000738 | val=0.000897 | best=0.000891@113 | patience=1/30 | time=8.94s
[2026-04-27 04:23:17] epoch  115/300 | train=0.000737 | val=0.000902 | best=0.000891@113 | patience=2/30 | time=8.79s
[2026-04-27 04:23:26] epoch  116/300 | train=0.000733 | val=0.000891 | best=0.000891@113 | patience=3/30 | time=8.82s
[2026-04-27 04:23:35] epoch  117/300 | train=0.000723 | val=0.000889 | best=0.000889@117 | patience=0/30 | time=8.70s *
[2026-04-27 04:23:44] epoch  118/300 | train=0.000720 | val=0.000901 | best=0.000889@117 | patience=1/30 | time=8.78s
[2026-04-27 04:23:53] epoch  119/300 | train=0.000728 | val=0.000897 | best=0.000889@117 | patience=2/30 | time=8.80s
[2026-04-27 04:24:02] epoch  120/300 | train=0.000719 | val=0.000895 | best=0.000889@117 | patience=3/30 | time=8.89s
[2026-04-27 04:24:11] epoch  121/300 | train=0.000717 | val=0.000896 | best=0.000889@117 | patience=4/30 | time=8.59s
[2026-04-27 04:24:20] epoch  122/300 | train=0.000715 | val=0.000935 | best=0.000889@117 | patience=5/30 | time=8.85s
[2026-04-27 04:24:29] epoch  123/300 | train=0.000726 | val=0.000897 | best=0.000889@117 | patience=6/30 | time=8.72s
[2026-04-27 04:24:38] epoch  124/300 | train=0.000704 | val=0.000894 | best=0.000889@117 | patience=7/30 | time=8.60s
[2026-04-27 04:24:47] epoch  125/300 | train=0.000709 | val=0.000923 | best=0.000889@117 | patience=8/30 | time=9.07s
[2026-04-27 04:24:56] epoch  126/300 | train=0.000704 | val=0.000882 | best=0.000882@126 | patience=0/30 | time=8.71s *
[2026-04-27 04:25:05] epoch  127/300 | train=0.000693 | val=0.000889 | best=0.000882@126 | patience=1/30 | time=8.62s
[2026-04-27 04:25:14] epoch  128/300 | train=0.000684 | val=0.000976 | best=0.000882@126 | patience=2/30 | time=9.01s
[2026-04-27 04:25:23] epoch  129/300 | train=0.000718 | val=0.001155 | best=0.000882@126 | patience=3/30 | time=8.79s
[2026-04-27 04:25:32] epoch  130/300 | train=0.000835 | val=0.000977 | best=0.000882@126 | patience=4/30 | time=8.55s
[2026-04-27 04:25:41] epoch  131/300 | train=0.000746 | val=0.000890 | best=0.000882@126 | patience=5/30 | time=9.04s
[2026-04-27 04:25:50] epoch  132/300 | train=0.000693 | val=0.000896 | best=0.000882@126 | patience=6/30 | time=8.79s
[2026-04-27 04:26:00] epoch  133/300 | train=0.000685 | val=0.000873 | best=0.000873@133 | patience=0/30 | time=8.55s *
[2026-04-27 04:26:09] epoch  134/300 | train=0.000673 | val=0.000876 | best=0.000873@133 | patience=1/30 | time=8.66s
[2026-04-27 04:26:17] epoch  135/300 | train=0.000664 | val=0.000884 | best=0.000873@133 | patience=2/30 | time=8.74s
[2026-04-27 04:26:26] epoch  136/300 | train=0.000662 | val=0.000882 | best=0.000873@133 | patience=3/30 | time=8.83s
[2026-04-27 04:26:35] epoch  137/300 | train=0.000661 | val=0.000876 | best=0.000873@133 | patience=4/30 | time=8.71s
[2026-04-27 04:26:45] epoch  138/300 | train=0.000645 | val=0.000867 | best=0.000867@138 | patience=0/30 | time=8.78s *
[2026-04-27 04:26:54] epoch  139/300 | train=0.000637 | val=0.000885 | best=0.000867@138 | patience=1/30 | time=8.78s
[2026-04-27 04:27:03] epoch  140/300 | train=0.000646 | val=0.000896 | best=0.000867@138 | patience=2/30 | time=8.88s
[2026-04-27 04:27:12] epoch  141/300 | train=0.000645 | val=0.000883 | best=0.000867@138 | patience=3/30 | time=8.60s
[2026-04-27 04:27:21] epoch  142/300 | train=0.000639 | val=0.000949 | best=0.000867@138 | patience=4/30 | time=8.99s
[2026-04-27 04:27:30] epoch  143/300 | train=0.000660 | val=0.000872 | best=0.000867@138 | patience=5/30 | time=8.69s
[2026-04-27 04:27:38] epoch  144/300 | train=0.000635 | val=0.000874 | best=0.000867@138 | patience=6/30 | time=8.60s
[2026-04-27 04:27:47] epoch  145/300 | train=0.000619 | val=0.000885 | best=0.000867@138 | patience=7/30 | time=8.96s
[2026-04-27 04:27:56] epoch  146/300 | train=0.000618 | val=0.000890 | best=0.000867@138 | patience=8/30 | time=8.67s
[2026-04-27 04:28:06] epoch  147/300 | train=0.000630 | val=0.000946 | best=0.000867@138 | patience=9/30 | time=8.63s
[2026-04-27 04:28:15] epoch  148/300 | train=0.000645 | val=0.000876 | best=0.000867@138 | patience=10/30 | time=9.04s
[2026-04-27 04:28:24] epoch  149/300 | train=0.000622 | val=0.000877 | best=0.000867@138 | patience=11/30 | time=8.79s
[2026-04-27 04:28:32] epoch  150/300 | train=0.000606 | val=0.000882 | best=0.000867@138 | patience=12/30 | time=8.55s
[2026-04-27 04:28:42] epoch  151/300 | train=0.000609 | val=0.000885 | best=0.000867@138 | patience=13/30 | time=9.03s
[2026-04-27 04:28:50] epoch  152/300 | train=0.000615 | val=0.000877 | best=0.000867@138 | patience=14/30 | time=8.79s
[2026-04-27 04:28:59] epoch  153/300 | train=0.000590 | val=0.000867 | best=0.000867@138 | patience=15/30 | time=8.55s
[2026-04-27 04:29:09] epoch  154/300 | train=0.000583 | val=0.000864 | best=0.000864@154 | patience=0/30 | time=9.02s *
[2026-04-27 04:29:18] epoch  155/300 | train=0.000572 | val=0.000891 | best=0.000864@154 | patience=1/30 | time=8.77s
[2026-04-27 04:29:27] epoch  156/300 | train=0.000581 | val=0.000887 | best=0.000864@154 | patience=2/30 | time=8.83s
[2026-04-27 04:29:36] epoch  157/300 | train=0.000580 | val=0.000864 | best=0.000864@154 | patience=3/30 | time=8.67s
[2026-04-27 04:29:46] epoch  158/300 | train=0.000558 | val=0.000861 | best=0.000861@158 | patience=0/30 | time=8.80s *
[2026-04-27 04:29:54] epoch  159/300 | train=0.000548 | val=0.000880 | best=0.000861@158 | patience=1/30 | time=8.80s
[2026-04-27 04:30:03] epoch  160/300 | train=0.000557 | val=0.000872 | best=0.000861@158 | patience=2/30 | time=8.88s
[2026-04-27 04:30:12] epoch  161/300 | train=0.000553 | val=0.000877 | best=0.000861@158 | patience=3/30 | time=8.60s
[2026-04-27 04:30:21] epoch  162/300 | train=0.000558 | val=0.000876 | best=0.000861@158 | patience=4/30 | time=8.80s
[2026-04-27 04:30:30] epoch  163/300 | train=0.000547 | val=0.000870 | best=0.000861@158 | patience=5/30 | time=8.68s
[2026-04-27 04:30:39] epoch  164/300 | train=0.000531 | val=0.000866 | best=0.000861@158 | patience=6/30 | time=8.60s
[2026-04-27 04:30:48] epoch  165/300 | train=0.000532 | val=0.000884 | best=0.000861@158 | patience=7/30 | time=9.01s
[2026-04-27 04:30:57] epoch  166/300 | train=0.000529 | val=0.000871 | best=0.000861@158 | patience=8/30 | time=8.68s
[2026-04-27 04:31:06] epoch  167/300 | train=0.000516 | val=0.000879 | best=0.000861@158 | patience=9/30 | time=8.62s
[2026-04-27 04:31:15] epoch  168/300 | train=0.000519 | val=0.000872 | best=0.000861@158 | patience=10/30 | time=8.94s
[2026-04-27 04:31:23] epoch  169/300 | train=0.000508 | val=0.000890 | best=0.000861@158 | patience=11/30 | time=8.68s
[2026-04-27 04:31:32] epoch  170/300 | train=0.000518 | val=0.000874 | best=0.000861@158 | patience=12/30 | time=8.62s
[2026-04-27 04:31:41] epoch  171/300 | train=0.000505 | val=0.000897 | best=0.000861@158 | patience=13/30 | time=9.03s
[2026-04-27 04:31:50] epoch  172/300 | train=0.000513 | val=0.000902 | best=0.000861@158 | patience=14/30 | time=8.79s
[2026-04-27 04:31:59] epoch  173/300 | train=0.000532 | val=0.000873 | best=0.000861@158 | patience=15/30 | time=8.55s
[2026-04-27 04:32:08] epoch  174/300 | train=0.000503 | val=0.000885 | best=0.000861@158 | patience=16/30 | time=8.98s
[2026-04-27 04:32:17] epoch  175/300 | train=0.000505 | val=0.000893 | best=0.000861@158 | patience=17/30 | time=8.77s
[2026-04-27 04:32:26] epoch  176/300 | train=0.000503 | val=0.000889 | best=0.000861@158 | patience=18/30 | time=8.55s
[2026-04-27 04:32:35] epoch  177/300 | train=0.000502 | val=0.000882 | best=0.000861@158 | patience=19/30 | time=8.99s
[2026-04-27 04:32:44] epoch  178/300 | train=0.000494 | val=0.000877 | best=0.000861@158 | patience=20/30 | time=8.75s
[2026-04-27 04:32:53] epoch  179/300 | train=0.000486 | val=0.000906 | best=0.000861@158 | patience=21/30 | time=8.83s
[2026-04-27 04:33:02] epoch  180/300 | train=0.000487 | val=0.000871 | best=0.000861@158 | patience=22/30 | time=8.66s
[2026-04-27 04:33:11] epoch  181/300 | train=0.000472 | val=0.000871 | best=0.000861@158 | patience=23/30 | time=8.81s
[2026-04-27 04:33:20] epoch  182/300 | train=0.000457 | val=0.000871 | best=0.000861@158 | patience=24/30 | time=8.85s
[2026-04-27 04:33:28] epoch  183/300 | train=0.000457 | val=0.000890 | best=0.000861@158 | patience=25/30 | time=8.70s
[2026-04-27 04:33:37] epoch  184/300 | train=0.000462 | val=0.000881 | best=0.000861@158 | patience=26/30 | time=8.80s
[2026-04-27 04:33:47] epoch  185/300 | train=0.000448 | val=0.000881 | best=0.000861@158 | patience=27/30 | time=9.02s
[2026-04-27 04:33:56] epoch  186/300 | train=0.000443 | val=0.000929 | best=0.000861@158 | patience=28/30 | time=8.71s
[2026-04-27 04:34:05] epoch  187/300 | train=0.000472 | val=0.000894 | best=0.000861@158 | patience=29/30 | time=8.59s
[2026-04-27 04:34:14] epoch  188/300 | train=0.000462 | val=0.000942 | best=0.000861@158 | patience=30/30 | time=9.07s
[2026-04-27 04:34:14]   early stopping at epoch 188 (no improvement for 30 epochs)
[2026-04-27 04:34:14] Training done: stop_reason=early_stop, total_epochs=188, best_epoch=158, best_val=0.000861
[2026-04-27 04:34:14] Reloading best checkpoint (epoch 158) for evaluation
[2026-04-27 04:34:27] ------------------------------------------------------------
[2026-04-27 04:34:27] Evaluation:
[2026-04-27 04:34:27]   AUC broken_lcfs         : 0.5976
[2026-04-27 04:34:27]   AUC bad_black_core      : 0.9952
[2026-04-27 04:34:27]   AUC bad_nonconverged    : 0.9987
[2026-04-27 04:34:27]   objective      : 0.8372
[2026-04-27 04:34:27]   floor_ok       : True
[2026-04-27 04:34:27]   threshold      : 0.1278
[2026-04-27 04:34:27]   mu / sigma     : 0.000559106 / 0.000142985
[2026-04-27 04:34:27] Train time=2055.2s, eval time=12.7s
