[2026-04-27 12:28:12] ============================================================
[2026-04-27 12:28:12] Trial 189 starting on cuda:0
[2026-04-27 12:28:12] Timestamp: 2026-04-27T12:28:12.710416
[2026-04-27 12:28:12] --- Config summary ---
  bottleneck_dim  : 150
  n_enc_layers    : 3
  n_dec_layers    : 4
  base_channels   : 60
  growth_factor   : 2.2236787578283783
  use_batchnorm   : True
  use_hpf         : True
  hpf_sigma       : 1.0461890571329269
  lr              : 0.0003884169887176046
  batch_size      : 8
  max_epochs      : 300
  patience        : 30
  seed            : 42
  deterministic   : False
  trial_num       : 189
[2026-04-27 12:28:12] Loading train/val/selection splits...
[2026-04-27 12:29:11] Splits loaded in 58.5s: n_train=722, n_val=120, n_selection=405
[2026-04-27 12:29:16] --- Architecture summary ---
  channels per enc layer : [60, 133, 297]
  final spatial size     : 32x32
  flat size before latent: 304128
  bottleneck_dim         : 150
  total parameters       : 96,155,614
[2026-04-27 12:29:16] Starting training: n_train=722, n_val=120, device=cuda:0
[2026-04-27 12:30:35] epoch    1/300 | train=0.002784 | val=0.001587 | best=0.001587@1 | patience=0/30 | time=76.45s *
[2026-04-27 12:30:49] epoch    2/300 | train=0.001433 | val=0.001386 | best=0.001386@2 | patience=0/30 | time=10.75s *
[2026-04-27 12:30:59] epoch    3/300 | train=0.001386 | val=0.001399 | best=0.001386@2 | patience=1/30 | time=10.41s
[2026-04-27 12:31:13] epoch    4/300 | train=0.001337 | val=0.001358 | best=0.001358@4 | patience=0/30 | time=10.78s *
[2026-04-27 12:31:26] epoch    5/300 | train=0.001304 | val=0.001299 | best=0.001299@5 | patience=0/30 | time=10.60s *
[2026-04-27 12:31:40] epoch    6/300 | train=0.001284 | val=0.001289 | best=0.001289@6 | patience=0/30 | time=10.79s *
[2026-04-27 12:31:51] epoch    7/300 | train=0.001276 | val=0.001321 | best=0.001289@6 | patience=1/30 | time=10.58s
[2026-04-27 12:32:05] epoch    8/300 | train=0.001270 | val=0.001264 | best=0.001264@8 | patience=0/30 | time=10.71s *
[2026-04-27 12:32:18] epoch    9/300 | train=0.001247 | val=0.001259 | best=0.001259@9 | patience=0/30 | time=10.53s *
[2026-04-27 12:32:32] epoch   10/300 | train=0.001225 | val=0.001249 | best=0.001249@10 | patience=0/30 | time=10.65s *
[2026-04-27 12:32:45] epoch   11/300 | train=0.001192 | val=0.001202 | best=0.001202@11 | patience=0/30 | time=10.69s *
[2026-04-27 12:32:59] epoch   12/300 | train=0.001157 | val=0.001154 | best=0.001154@12 | patience=0/30 | time=10.38s *
[2026-04-27 12:33:10] epoch   13/300 | train=0.001123 | val=0.001182 | best=0.001154@12 | patience=1/30 | time=10.72s
[2026-04-27 12:33:23] epoch   14/300 | train=0.001105 | val=0.001127 | best=0.001127@14 | patience=0/30 | time=10.44s *
[2026-04-27 12:33:37] epoch   15/300 | train=0.001067 | val=0.001086 | best=0.001086@15 | patience=0/30 | time=10.85s *
[2026-04-27 12:33:50] epoch   16/300 | train=0.001040 | val=0.001068 | best=0.001068@16 | patience=0/30 | time=10.44s *
[2026-04-27 12:34:04] epoch   17/300 | train=0.001013 | val=0.001031 | best=0.001031@17 | patience=0/30 | time=10.78s *
[2026-04-27 12:34:14] epoch   18/300 | train=0.001008 | val=0.001041 | best=0.001031@17 | patience=1/30 | time=10.62s
[2026-04-27 12:34:28] epoch   19/300 | train=0.000966 | val=0.000986 | best=0.000986@19 | patience=0/30 | time=10.81s *
[2026-04-27 12:34:39] epoch   20/300 | train=0.000961 | val=0.001064 | best=0.000986@19 | patience=1/30 | time=10.57s
[2026-04-27 12:34:52] epoch   21/300 | train=0.000937 | val=0.000971 | best=0.000971@21 | patience=0/30 | time=10.72s *
[2026-04-27 12:35:03] epoch   22/300 | train=0.000925 | val=0.000979 | best=0.000971@21 | patience=1/30 | time=10.51s
[2026-04-27 12:35:16] epoch   23/300 | train=0.000905 | val=0.000954 | best=0.000954@23 | patience=0/30 | time=10.44s *
[2026-04-27 12:35:30] epoch   24/300 | train=0.000892 | val=0.000940 | best=0.000940@24 | patience=0/30 | time=10.80s *
[2026-04-27 12:35:44] epoch   25/300 | train=0.000876 | val=0.000934 | best=0.000934@25 | patience=0/30 | time=10.42s *
[2026-04-27 12:35:57] epoch   26/300 | train=0.000863 | val=0.000931 | best=0.000931@26 | patience=0/30 | time=10.85s *
[2026-04-27 12:36:11] epoch   27/300 | train=0.000852 | val=0.000923 | best=0.000923@27 | patience=0/30 | time=10.43s *
[2026-04-27 12:36:22] epoch   28/300 | train=0.000834 | val=0.000933 | best=0.000923@27 | patience=1/30 | time=10.81s
[2026-04-27 12:36:32] epoch   29/300 | train=0.000837 | val=0.000975 | best=0.000923@27 | patience=2/30 | time=10.55s
[2026-04-27 12:36:46] epoch   30/300 | train=0.000820 | val=0.000898 | best=0.000898@30 | patience=0/30 | time=10.65s *
[2026-04-27 12:36:59] epoch   31/300 | train=0.000807 | val=0.000884 | best=0.000884@31 | patience=0/30 | time=10.50s *
[2026-04-27 12:37:10] epoch   32/300 | train=0.000786 | val=0.000887 | best=0.000884@31 | patience=1/30 | time=10.45s
[2026-04-27 12:37:23] epoch   33/300 | train=0.000780 | val=0.000878 | best=0.000878@33 | patience=0/30 | time=10.83s *
[2026-04-27 12:37:34] epoch   34/300 | train=0.000770 | val=0.000897 | best=0.000878@33 | patience=1/30 | time=10.62s
[2026-04-27 12:37:45] epoch   35/300 | train=0.000752 | val=0.000881 | best=0.000878@33 | patience=2/30 | time=10.63s
[2026-04-27 12:37:59] epoch   36/300 | train=0.000740 | val=0.000869 | best=0.000869@36 | patience=0/30 | time=10.75s *
[2026-04-27 12:38:12] epoch   37/300 | train=0.000727 | val=0.000867 | best=0.000867@37 | patience=0/30 | time=10.38s *
[2026-04-27 12:38:23] epoch   38/300 | train=0.000722 | val=0.000875 | best=0.000867@37 | patience=1/30 | time=10.74s
[2026-04-27 12:38:36] epoch   39/300 | train=0.000722 | val=0.000863 | best=0.000863@39 | patience=0/30 | time=10.42s *
[2026-04-27 12:38:50] epoch   40/300 | train=0.000707 | val=0.000860 | best=0.000860@40 | patience=0/30 | time=10.78s *
[2026-04-27 12:39:03] epoch   41/300 | train=0.000694 | val=0.000858 | best=0.000858@41 | patience=0/30 | time=10.59s *
[2026-04-27 12:39:17] epoch   42/300 | train=0.000680 | val=0.000848 | best=0.000848@42 | patience=0/30 | time=10.78s *
[2026-04-27 12:39:27] epoch   43/300 | train=0.000667 | val=0.000850 | best=0.000848@42 | patience=1/30 | time=10.60s
[2026-04-27 12:39:38] epoch   44/300 | train=0.000651 | val=0.000858 | best=0.000848@42 | patience=2/30 | time=10.62s
[2026-04-27 12:39:49] epoch   45/300 | train=0.000641 | val=0.000860 | best=0.000848@42 | patience=3/30 | time=10.70s
[2026-04-27 12:40:02] epoch   46/300 | train=0.000640 | val=0.000842 | best=0.000842@46 | patience=0/30 | time=10.46s *
[2026-04-27 12:40:13] epoch   47/300 | train=0.000618 | val=0.000858 | best=0.000842@46 | patience=1/30 | time=10.81s
[2026-04-27 12:40:24] epoch   48/300 | train=0.000614 | val=0.000852 | best=0.000842@46 | patience=2/30 | time=10.60s
[2026-04-27 12:40:35] epoch   49/300 | train=0.000602 | val=0.000845 | best=0.000842@46 | patience=3/30 | time=10.68s
[2026-04-27 12:40:45] epoch   50/300 | train=0.000589 | val=0.000843 | best=0.000842@46 | patience=4/30 | time=10.68s
[2026-04-27 12:40:56] epoch   51/300 | train=0.000567 | val=0.000842 | best=0.000842@46 | patience=5/30 | time=10.47s
[2026-04-27 12:41:07] epoch   52/300 | train=0.000557 | val=0.000856 | best=0.000842@46 | patience=6/30 | time=10.82s
[2026-04-27 12:41:18] epoch   53/300 | train=0.000554 | val=0.000875 | best=0.000842@46 | patience=7/30 | time=10.57s
[2026-04-27 12:41:28] epoch   54/300 | train=0.000543 | val=0.000850 | best=0.000842@46 | patience=8/30 | time=10.39s
[2026-04-27 12:41:39] epoch   55/300 | train=0.000539 | val=0.000868 | best=0.000842@46 | patience=9/30 | time=10.79s
[2026-04-27 12:41:50] epoch   56/300 | train=0.000530 | val=0.000861 | best=0.000842@46 | patience=10/30 | time=10.62s
[2026-04-27 12:42:00] epoch   57/300 | train=0.000509 | val=0.000864 | best=0.000842@46 | patience=11/30 | time=10.63s
[2026-04-27 12:42:11] epoch   58/300 | train=0.000515 | val=0.000854 | best=0.000842@46 | patience=12/30 | time=10.69s
[2026-04-27 12:42:22] epoch   59/300 | train=0.000497 | val=0.000843 | best=0.000842@46 | patience=13/30 | time=10.45s
[2026-04-27 12:42:35] epoch   60/300 | train=0.000475 | val=0.000838 | best=0.000838@60 | patience=0/30 | time=10.80s *
[2026-04-27 12:42:46] epoch   61/300 | train=0.000461 | val=0.000879 | best=0.000838@60 | patience=1/30 | time=10.59s
[2026-04-27 12:42:57] epoch   62/300 | train=0.000458 | val=0.000845 | best=0.000838@60 | patience=2/30 | time=10.62s
[2026-04-27 12:43:08] epoch   63/300 | train=0.000448 | val=0.000868 | best=0.000838@60 | patience=3/30 | time=10.74s
[2026-04-27 12:43:18] epoch   64/300 | train=0.000433 | val=0.000861 | best=0.000838@60 | patience=4/30 | time=10.46s
[2026-04-27 12:43:29] epoch   65/300 | train=0.000423 | val=0.000884 | best=0.000838@60 | patience=5/30 | time=10.84s
[2026-04-27 12:43:40] epoch   66/300 | train=0.000408 | val=0.000897 | best=0.000838@60 | patience=6/30 | time=10.58s
[2026-04-27 12:43:51] epoch   67/300 | train=0.000389 | val=0.000862 | best=0.000838@60 | patience=7/30 | time=10.63s
[2026-04-27 12:44:01] epoch   68/300 | train=0.000384 | val=0.000853 | best=0.000838@60 | patience=8/30 | time=10.50s
[2026-04-27 12:44:12] epoch   69/300 | train=0.000382 | val=0.000883 | best=0.000838@60 | patience=9/30 | time=10.62s
[2026-04-27 12:44:23] epoch   70/300 | train=0.000387 | val=0.000852 | best=0.000838@60 | patience=10/30 | time=10.90s
[2026-04-27 12:44:34] epoch   71/300 | train=0.000365 | val=0.000903 | best=0.000838@60 | patience=11/30 | time=10.54s
[2026-04-27 12:44:44] epoch   72/300 | train=0.000370 | val=0.000870 | best=0.000838@60 | patience=12/30 | time=10.45s
[2026-04-27 12:44:55] epoch   73/300 | train=0.000350 | val=0.000869 | best=0.000838@60 | patience=13/30 | time=10.84s
[2026-04-27 12:45:06] epoch   74/300 | train=0.000332 | val=0.000895 | best=0.000838@60 | patience=14/30 | time=10.62s
[2026-04-27 12:45:17] epoch   75/300 | train=0.000314 | val=0.000948 | best=0.000838@60 | patience=15/30 | time=10.71s
[2026-04-27 12:45:28] epoch   76/300 | train=0.000316 | val=0.000870 | best=0.000838@60 | patience=16/30 | time=10.73s
[2026-04-27 12:45:38] epoch   77/300 | train=0.000307 | val=0.000894 | best=0.000838@60 | patience=17/30 | time=10.44s
[2026-04-27 12:45:49] epoch   78/300 | train=0.000303 | val=0.000871 | best=0.000838@60 | patience=18/30 | time=10.88s
[2026-04-27 12:46:00] epoch   79/300 | train=0.000302 | val=0.000874 | best=0.000838@60 | patience=19/30 | time=10.57s
[2026-04-27 12:46:10] epoch   80/300 | train=0.000298 | val=0.000892 | best=0.000838@60 | patience=20/30 | time=10.38s
[2026-04-27 12:46:21] epoch   81/300 | train=0.000293 | val=0.000880 | best=0.000838@60 | patience=21/30 | time=10.83s
[2026-04-27 12:46:32] epoch   82/300 | train=0.000278 | val=0.000883 | best=0.000838@60 | patience=22/30 | time=10.58s
[2026-04-27 12:46:43] epoch   83/300 | train=0.000273 | val=0.000950 | best=0.000838@60 | patience=23/30 | time=10.63s
[2026-04-27 12:46:53] epoch   84/300 | train=0.000271 | val=0.000900 | best=0.000838@60 | patience=24/30 | time=10.71s
[2026-04-27 12:47:04] epoch   85/300 | train=0.000268 | val=0.000882 | best=0.000838@60 | patience=25/30 | time=10.44s
[2026-04-27 12:47:15] epoch   86/300 | train=0.000263 | val=0.000927 | best=0.000838@60 | patience=26/30 | time=10.81s
[2026-04-27 12:47:26] epoch   87/300 | train=0.000254 | val=0.000872 | best=0.000838@60 | patience=27/30 | time=10.57s
[2026-04-27 12:47:36] epoch   88/300 | train=0.000243 | val=0.000906 | best=0.000838@60 | patience=28/30 | time=10.37s
[2026-04-27 12:47:47] epoch   89/300 | train=0.000232 | val=0.000875 | best=0.000838@60 | patience=29/30 | time=10.79s
[2026-04-27 12:47:58] epoch   90/300 | train=0.000229 | val=0.000901 | best=0.000838@60 | patience=30/30 | time=10.62s
[2026-04-27 12:47:58]   early stopping at epoch 90 (no improvement for 30 epochs)
[2026-04-27 12:47:58] Training done: stop_reason=early_stop, total_epochs=90, best_epoch=60, best_val=0.000838
[2026-04-27 12:47:58] Reloading best checkpoint (epoch 60) for evaluation
[2026-04-27 12:48:14] ------------------------------------------------------------
[2026-04-27 12:48:14] Evaluation:
[2026-04-27 12:48:14]   AUC broken_lcfs         : 0.5849
[2026-04-27 12:48:14]   AUC bad_black_core      : 0.9949
[2026-04-27 12:48:14]   AUC bad_nonconverged    : 0.9987
[2026-04-27 12:48:14]   objective      : 0.8320
[2026-04-27 12:48:14]   floor_ok       : True
[2026-04-27 12:48:14]   threshold      : 0.1989
[2026-04-27 12:48:14]   mu / sigma     : 0.000443673 / 0.000105459
[2026-04-27 12:48:14] Train time=1122.0s, eval time=14.1s
