[2026-04-27 01:19:04] ============================================================
[2026-04-27 01:19:04] Trial 22 starting on cuda:0
[2026-04-27 01:19:04] Timestamp: 2026-04-27T01:19:04.659620
[2026-04-27 01:19:04] --- Config summary ---
  bottleneck_dim  : 89
  n_enc_layers    : 4
  n_dec_layers    : 4
  base_channels   : 30
  growth_factor   : 2.9285260009873815
  use_batchnorm   : True
  use_hpf         : True
  hpf_sigma       : 1.3129611504993925
  lr              : 0.0021760939753991187
  batch_size      : 40
  max_epochs      : 300
  patience        : 30
  seed            : 42
  deterministic   : False
  trial_num       : 22
[2026-04-27 01:19:04] Loading train/val/selection splits...
[2026-04-27 01:20:12] Splits loaded in 67.7s: n_train=722, n_val=120, n_selection=405
[2026-04-27 01:20:14] --- Architecture summary ---
  channels per enc layer : [30, 88, 257, 753]
  final spatial size     : 16x16
  flat size before latent: 192768
  bottleneck_dim         : 89
  total parameters       : 60,889,803
[2026-04-27 01:20:14] Starting training: n_train=722, n_val=120, device=cuda:0
[2026-04-27 01:25:12] epoch    1/300 | train=0.005968 | val=0.036087 | best=0.036087@1 | patience=0/30 | time=297.30s *
[2026-04-27 01:25:23] epoch    2/300 | train=0.003842 | val=0.004374 | best=0.004374@2 | patience=0/30 | time=9.18s *
[2026-04-27 01:25:33] epoch    3/300 | train=0.003783 | val=0.003827 | best=0.003827@3 | patience=0/30 | time=8.89s *
[2026-04-27 01:25:44] epoch    4/300 | train=0.003773 | val=0.003848 | best=0.003827@3 | patience=1/30 | time=11.26s
[2026-04-27 01:25:53] epoch    5/300 | train=0.003759 | val=0.003843 | best=0.003827@3 | patience=2/30 | time=8.92s
[2026-04-27 01:26:05] epoch    6/300 | train=0.003751 | val=0.003808 | best=0.003808@6 | patience=0/30 | time=10.72s *
[2026-04-27 01:26:15] epoch    7/300 | train=0.003755 | val=0.003796 | best=0.003796@7 | patience=0/30 | time=9.42s *
[2026-04-27 01:26:24] epoch    8/300 | train=0.003749 | val=0.003854 | best=0.003796@7 | patience=1/30 | time=8.96s
[2026-04-27 01:26:36] epoch    9/300 | train=0.003737 | val=0.003744 | best=0.003744@9 | patience=0/30 | time=11.24s *
[2026-04-27 01:26:46] epoch   10/300 | train=0.003572 | val=0.003703 | best=0.003703@10 | patience=0/30 | time=9.19s *
[2026-04-27 01:26:59] epoch   11/300 | train=0.003517 | val=0.003528 | best=0.003528@11 | patience=0/30 | time=11.25s *
[2026-04-27 01:27:09] epoch   12/300 | train=0.003504 | val=0.003511 | best=0.003511@12 | patience=0/30 | time=9.25s *
[2026-04-27 01:27:21] epoch   13/300 | train=0.003484 | val=0.003486 | best=0.003486@13 | patience=0/30 | time=11.13s *
[2026-04-27 01:27:30] epoch   14/300 | train=0.003459 | val=0.003502 | best=0.003486@13 | patience=1/30 | time=8.85s
[2026-04-27 01:27:39] epoch   15/300 | train=0.003453 | val=0.003493 | best=0.003486@13 | patience=2/30 | time=9.35s
[2026-04-27 01:27:51] epoch   16/300 | train=0.003429 | val=0.003448 | best=0.003448@16 | patience=0/30 | time=11.16s *
[2026-04-27 01:28:01] epoch   17/300 | train=0.003398 | val=0.003448 | best=0.003448@16 | patience=1/30 | time=9.18s
[2026-04-27 01:28:11] epoch   18/300 | train=0.003339 | val=0.003395 | best=0.003395@18 | patience=0/30 | time=8.93s *
[2026-04-27 01:28:21] epoch   19/300 | train=0.003187 | val=0.003140 | best=0.003140@19 | patience=0/30 | time=8.86s *
[2026-04-27 01:28:31] epoch   20/300 | train=0.003061 | val=0.003085 | best=0.003085@20 | patience=0/30 | time=9.27s *
[2026-04-27 01:28:43] epoch   21/300 | train=0.003071 | val=0.003079 | best=0.003079@21 | patience=0/30 | time=11.54s *
[2026-04-27 01:28:53] epoch   22/300 | train=0.002988 | val=0.002975 | best=0.002975@22 | patience=0/30 | time=8.78s *
[2026-04-27 01:29:05] epoch   23/300 | train=0.002949 | val=0.002964 | best=0.002964@23 | patience=0/30 | time=11.38s *
[2026-04-27 01:29:16] epoch   24/300 | train=0.002961 | val=0.002962 | best=0.002962@24 | patience=0/30 | time=9.30s *
[2026-04-27 01:29:25] epoch   25/300 | train=0.002926 | val=0.002973 | best=0.002962@24 | patience=1/30 | time=8.90s
[2026-04-27 01:29:35] epoch   26/300 | train=0.002925 | val=0.002954 | best=0.002954@26 | patience=0/30 | time=9.03s *
[2026-04-27 01:29:45] epoch   27/300 | train=0.002905 | val=0.002872 | best=0.002872@27 | patience=0/30 | time=8.78s *
[2026-04-27 01:29:57] epoch   28/300 | train=0.002850 | val=0.002835 | best=0.002835@28 | patience=0/30 | time=11.52s *
[2026-04-27 01:30:07] epoch   29/300 | train=0.002828 | val=0.002791 | best=0.002791@29 | patience=0/30 | time=9.28s *
[2026-04-27 01:30:19] epoch   30/300 | train=0.002799 | val=0.002773 | best=0.002773@30 | patience=0/30 | time=8.82s *
[2026-04-27 01:30:28] epoch   31/300 | train=0.002790 | val=0.002778 | best=0.002773@30 | patience=1/30 | time=8.85s
[2026-04-27 01:30:39] epoch   32/300 | train=0.002762 | val=0.002751 | best=0.002751@32 | patience=0/30 | time=9.21s *
[2026-04-27 01:30:51] epoch   33/300 | train=0.002716 | val=0.002702 | best=0.002702@33 | patience=0/30 | time=11.46s *
[2026-04-27 01:31:01] epoch   34/300 | train=0.002695 | val=0.002690 | best=0.002690@34 | patience=0/30 | time=9.18s *
[2026-04-27 01:31:12] epoch   35/300 | train=0.002662 | val=0.002711 | best=0.002690@34 | patience=1/30 | time=11.14s
[2026-04-27 01:31:23] epoch   36/300 | train=0.002664 | val=0.002651 | best=0.002651@36 | patience=0/30 | time=9.28s *
[2026-04-27 01:31:33] epoch   37/300 | train=0.002648 | val=0.002572 | best=0.002572@37 | patience=0/30 | time=8.96s *
[2026-04-27 01:31:42] epoch   38/300 | train=0.002536 | val=0.002625 | best=0.002572@37 | patience=1/30 | time=9.04s
[2026-04-27 01:31:51] epoch   39/300 | train=0.002556 | val=0.002508 | best=0.002508@39 | patience=0/30 | time=8.80s *
[2026-04-27 01:32:03] epoch   40/300 | train=0.002446 | val=0.002436 | best=0.002436@40 | patience=0/30 | time=10.32s *
[2026-04-27 01:32:12] epoch   41/300 | train=0.002418 | val=0.002451 | best=0.002436@40 | patience=1/30 | time=8.78s
[2026-04-27 01:32:21] epoch   42/300 | train=0.002383 | val=0.002355 | best=0.002355@42 | patience=0/30 | time=8.89s *
[2026-04-27 01:32:32] epoch   43/300 | train=0.002343 | val=0.002356 | best=0.002355@42 | patience=1/30 | time=10.91s
[2026-04-27 01:32:43] epoch   44/300 | train=0.002335 | val=0.002327 | best=0.002327@44 | patience=0/30 | time=9.24s *
[2026-04-27 01:32:52] epoch   45/300 | train=0.002301 | val=0.002513 | best=0.002327@44 | patience=1/30 | time=8.87s
[2026-04-27 01:33:01] epoch   46/300 | train=0.002400 | val=0.002360 | best=0.002327@44 | patience=2/30 | time=9.15s
[2026-04-27 01:33:11] epoch   47/300 | train=0.002297 | val=0.002320 | best=0.002320@47 | patience=0/30 | time=9.28s *
[2026-04-27 01:33:21] epoch   48/300 | train=0.002276 | val=0.002247 | best=0.002247@48 | patience=0/30 | time=9.10s *
[2026-04-27 01:33:30] epoch   49/300 | train=0.002209 | val=0.002291 | best=0.002247@48 | patience=1/30 | time=8.93s
[2026-04-27 01:33:39] epoch   50/300 | train=0.002198 | val=0.002311 | best=0.002247@48 | patience=2/30 | time=8.75s
[2026-04-27 01:33:52] epoch   51/300 | train=0.002179 | val=0.002190 | best=0.002190@51 | patience=0/30 | time=11.86s *
[2026-04-27 01:34:02] epoch   52/300 | train=0.002141 | val=0.002153 | best=0.002153@52 | patience=0/30 | time=9.44s *
[2026-04-27 01:34:14] epoch   53/300 | train=0.002126 | val=0.002555 | best=0.002153@52 | patience=1/30 | time=11.34s
[2026-04-27 01:34:24] epoch   54/300 | train=0.002101 | val=0.002055 | best=0.002055@54 | patience=0/30 | time=9.44s *
[2026-04-27 01:34:34] epoch   55/300 | train=0.002064 | val=0.002049 | best=0.002049@55 | patience=0/30 | time=8.94s *
[2026-04-27 01:34:45] epoch   56/300 | train=0.002056 | val=0.002068 | best=0.002049@55 | patience=1/30 | time=11.21s
[2026-04-27 01:34:55] epoch   57/300 | train=0.002032 | val=0.002049 | best=0.002049@55 | patience=2/30 | time=9.30s
[2026-04-27 01:35:07] epoch   58/300 | train=0.002028 | val=0.002014 | best=0.002014@58 | patience=0/30 | time=11.33s *
[2026-04-27 01:35:17] epoch   59/300 | train=0.001971 | val=0.002003 | best=0.002003@59 | patience=0/30 | time=9.14s *
[2026-04-27 01:35:29] epoch   60/300 | train=0.001955 | val=0.001941 | best=0.001941@60 | patience=0/30 | time=9.00s *
[2026-04-27 01:35:38] epoch   61/300 | train=0.001955 | val=0.001961 | best=0.001941@60 | patience=1/30 | time=8.91s
[2026-04-27 01:35:49] epoch   62/300 | train=0.001931 | val=0.001919 | best=0.001919@62 | patience=0/30 | time=9.33s *
[2026-04-27 01:36:00] epoch   63/300 | train=0.001960 | val=0.002648 | best=0.001919@62 | patience=1/30 | time=11.20s
[2026-04-27 01:36:09] epoch   64/300 | train=0.001949 | val=0.001999 | best=0.001919@62 | patience=2/30 | time=9.20s
[2026-04-27 01:36:18] epoch   65/300 | train=0.001906 | val=0.001930 | best=0.001919@62 | patience=3/30 | time=8.98s
[2026-04-27 01:36:29] epoch   66/300 | train=0.001900 | val=0.001943 | best=0.001919@62 | patience=4/30 | time=10.74s
[2026-04-27 01:36:39] epoch   67/300 | train=0.001891 | val=0.001907 | best=0.001907@67 | patience=0/30 | time=9.15s *
[2026-04-27 01:36:48] epoch   68/300 | train=0.001927 | val=0.001955 | best=0.001907@67 | patience=1/30 | time=9.01s
[2026-04-27 01:36:57] epoch   69/300 | train=0.001894 | val=0.002018 | best=0.001907@67 | patience=2/30 | time=8.82s
[2026-04-27 01:37:06] epoch   70/300 | train=0.001967 | val=0.001928 | best=0.001907@67 | patience=3/30 | time=8.76s
[2026-04-27 01:37:16] epoch   71/300 | train=0.001894 | val=0.001899 | best=0.001899@71 | patience=0/30 | time=9.20s *
[2026-04-27 01:37:26] epoch   72/300 | train=0.001862 | val=0.001915 | best=0.001899@71 | patience=1/30 | time=9.30s
[2026-04-27 01:37:38] epoch   73/300 | train=0.001886 | val=0.001852 | best=0.001852@73 | patience=0/30 | time=8.96s *
[2026-04-27 01:37:48] epoch   74/300 | train=0.001820 | val=0.001846 | best=0.001846@74 | patience=0/30 | time=8.85s *
[2026-04-27 01:37:58] epoch   75/300 | train=0.001818 | val=0.001805 | best=0.001805@75 | patience=0/30 | time=9.36s *
[2026-04-27 01:38:10] epoch   76/300 | train=0.001789 | val=0.001817 | best=0.001805@75 | patience=1/30 | time=11.56s
[2026-04-27 01:38:20] epoch   77/300 | train=0.001789 | val=0.001793 | best=0.001793@77 | patience=0/30 | time=9.26s *
[2026-04-27 01:38:30] epoch   78/300 | train=0.001773 | val=0.001930 | best=0.001793@77 | patience=1/30 | time=9.17s
[2026-04-27 01:38:39] epoch   79/300 | train=0.001829 | val=0.001795 | best=0.001793@77 | patience=2/30 | time=8.93s
[2026-04-27 01:38:48] epoch   80/300 | train=0.001764 | val=0.001828 | best=0.001793@77 | patience=3/30 | time=9.26s
[2026-04-27 01:38:59] epoch   81/300 | train=0.001775 | val=0.001804 | best=0.001793@77 | patience=4/30 | time=10.92s
[2026-04-27 01:39:08] epoch   82/300 | train=0.001785 | val=0.001794 | best=0.001793@77 | patience=5/30 | time=9.21s
[2026-04-27 01:39:17] epoch   83/300 | train=0.001767 | val=0.001955 | best=0.001793@77 | patience=6/30 | time=8.85s
[2026-04-27 01:39:29] epoch   84/300 | train=0.001893 | val=0.001806 | best=0.001793@77 | patience=7/30 | time=11.45s
[2026-04-27 01:39:39] epoch   85/300 | train=0.001768 | val=0.001751 | best=0.001751@85 | patience=0/30 | time=9.16s *
[2026-04-27 01:39:50] epoch   86/300 | train=0.001737 | val=0.001758 | best=0.001751@85 | patience=1/30 | time=10.76s
[2026-04-27 01:39:59] epoch   87/300 | train=0.001746 | val=0.001926 | best=0.001751@85 | patience=2/30 | time=9.26s
[2026-04-27 01:40:08] epoch   88/300 | train=0.001821 | val=0.001774 | best=0.001751@85 | patience=3/30 | time=8.94s
[2026-04-27 01:40:19] epoch   89/300 | train=0.001747 | val=0.001781 | best=0.001751@85 | patience=4/30 | time=10.46s
[2026-04-27 01:40:28] epoch   90/300 | train=0.001791 | val=0.001797 | best=0.001751@85 | patience=5/30 | time=9.38s
[2026-04-27 01:40:40] epoch   91/300 | train=0.001748 | val=0.001755 | best=0.001751@85 | patience=6/30 | time=11.66s
[2026-04-27 01:40:50] epoch   92/300 | train=0.001735 | val=0.001729 | best=0.001729@92 | patience=0/30 | time=9.22s *
[2026-04-27 01:41:00] epoch   93/300 | train=0.001723 | val=0.001750 | best=0.001729@92 | patience=1/30 | time=8.94s
[2026-04-27 01:41:10] epoch   94/300 | train=0.001737 | val=0.001741 | best=0.001729@92 | patience=2/30 | time=10.76s
[2026-04-27 01:41:20] epoch   95/300 | train=0.001723 | val=0.001773 | best=0.001729@92 | patience=3/30 | time=9.31s
[2026-04-27 01:41:32] epoch   96/300 | train=0.001739 | val=0.001754 | best=0.001729@92 | patience=4/30 | time=11.60s
[2026-04-27 01:41:42] epoch   97/300 | train=0.001713 | val=0.001717 | best=0.001717@97 | patience=0/30 | time=9.23s *
[2026-04-27 01:41:54] epoch   98/300 | train=0.001708 | val=0.001715 | best=0.001715@98 | patience=0/30 | time=11.43s *
[2026-04-27 01:42:04] epoch   99/300 | train=0.001699 | val=0.001703 | best=0.001703@99 | patience=0/30 | time=9.38s *
[2026-04-27 01:42:14] epoch  100/300 | train=0.001704 | val=0.001717 | best=0.001703@99 | patience=1/30 | time=8.97s
[2026-04-27 01:42:25] epoch  101/300 | train=0.001709 | val=0.001791 | best=0.001703@99 | patience=2/30 | time=11.07s
[2026-04-27 01:42:34] epoch  102/300 | train=0.001717 | val=0.001753 | best=0.001703@99 | patience=3/30 | time=9.30s
[2026-04-27 01:42:46] epoch  103/300 | train=0.001708 | val=0.001731 | best=0.001703@99 | patience=4/30 | time=11.28s
[2026-04-27 01:42:55] epoch  104/300 | train=0.001713 | val=0.001801 | best=0.001703@99 | patience=5/30 | time=9.24s
[2026-04-27 01:43:04] epoch  105/300 | train=0.001721 | val=0.001727 | best=0.001703@99 | patience=6/30 | time=8.85s
[2026-04-27 01:43:15] epoch  106/300 | train=0.001707 | val=0.001919 | best=0.001703@99 | patience=7/30 | time=10.84s
[2026-04-27 01:43:24] epoch  107/300 | train=0.001713 | val=0.001764 | best=0.001703@99 | patience=8/30 | time=8.80s
[2026-04-27 01:43:36] epoch  108/300 | train=0.001705 | val=0.001702 | best=0.001702@108 | patience=0/30 | time=11.03s *
[2026-04-27 01:43:46] epoch  109/300 | train=0.001698 | val=0.002016 | best=0.001702@108 | patience=1/30 | time=8.91s
[2026-04-27 01:43:55] epoch  110/300 | train=0.001741 | val=0.001710 | best=0.001702@108 | patience=2/30 | time=9.33s
[2026-04-27 01:44:06] epoch  111/300 | train=0.001697 | val=0.001705 | best=0.001702@108 | patience=3/30 | time=11.01s
[2026-04-27 01:44:16] epoch  112/300 | train=0.001697 | val=0.001694 | best=0.001694@112 | patience=0/30 | time=8.78s *
[2026-04-27 01:44:25] epoch  113/300 | train=0.001693 | val=0.001702 | best=0.001694@112 | patience=1/30 | time=8.98s
[2026-04-27 01:44:36] epoch  114/300 | train=0.001690 | val=0.001758 | best=0.001694@112 | patience=2/30 | time=11.14s
[2026-04-27 01:44:46] epoch  115/300 | train=0.001730 | val=0.001787 | best=0.001694@112 | patience=3/30 | time=9.31s
[2026-04-27 01:44:55] epoch  116/300 | train=0.001734 | val=0.001708 | best=0.001694@112 | patience=4/30 | time=9.04s
[2026-04-27 01:45:04] epoch  117/300 | train=0.001688 | val=0.001710 | best=0.001694@112 | patience=5/30 | time=8.79s
[2026-04-27 01:45:13] epoch  118/300 | train=0.001678 | val=0.002016 | best=0.001694@112 | patience=6/30 | time=8.84s
[2026-04-27 01:45:22] epoch  119/300 | train=0.001714 | val=0.001769 | best=0.001694@112 | patience=7/30 | time=9.03s
[2026-04-27 01:45:31] epoch  120/300 | train=0.001687 | val=0.001714 | best=0.001694@112 | patience=8/30 | time=9.49s
[2026-04-27 01:45:41] epoch  121/300 | train=0.001680 | val=0.001691 | best=0.001691@121 | patience=0/30 | time=8.85s *
[2026-04-27 01:45:53] epoch  122/300 | train=0.001683 | val=0.001755 | best=0.001691@121 | patience=1/30 | time=11.30s
[2026-04-27 01:46:02] epoch  123/300 | train=0.001686 | val=0.001822 | best=0.001691@121 | patience=2/30 | time=9.21s
[2026-04-27 01:46:13] epoch  124/300 | train=0.001670 | val=0.001746 | best=0.001691@121 | patience=3/30 | time=10.60s
[2026-04-27 01:46:22] epoch  125/300 | train=0.001670 | val=0.001729 | best=0.001691@121 | patience=4/30 | time=9.43s
[2026-04-27 01:46:31] epoch  126/300 | train=0.001665 | val=0.001721 | best=0.001691@121 | patience=5/30 | time=8.99s
[2026-04-27 01:46:43] epoch  127/300 | train=0.001658 | val=0.001781 | best=0.001691@121 | patience=6/30 | time=11.22s
[2026-04-27 01:46:52] epoch  128/300 | train=0.001657 | val=0.002404 | best=0.001691@121 | patience=7/30 | time=9.25s
[2026-04-27 01:47:01] epoch  129/300 | train=0.001860 | val=0.002520 | best=0.001691@121 | patience=8/30 | time=9.19s
[2026-04-27 01:47:11] epoch  130/300 | train=0.001821 | val=0.001734 | best=0.001691@121 | patience=9/30 | time=8.93s
[2026-04-27 01:47:20] epoch  131/300 | train=0.001689 | val=0.002496 | best=0.001691@121 | patience=10/30 | time=9.32s
[2026-04-27 01:47:32] epoch  132/300 | train=0.001688 | val=0.001716 | best=0.001691@121 | patience=11/30 | time=11.67s
[2026-04-27 01:47:41] epoch  133/300 | train=0.001672 | val=0.001917 | best=0.001691@121 | patience=12/30 | time=8.80s
[2026-04-27 01:47:53] epoch  134/300 | train=0.001661 | val=0.001667 | best=0.001667@134 | patience=0/30 | time=9.01s *
[2026-04-27 01:48:02] epoch  135/300 | train=0.001651 | val=0.001689 | best=0.001667@134 | patience=1/30 | time=8.92s
[2026-04-27 01:48:11] epoch  136/300 | train=0.001651 | val=0.001667 | best=0.001667@134 | patience=2/30 | time=9.36s
[2026-04-27 01:48:20] epoch  137/300 | train=0.001652 | val=0.001667 | best=0.001667@134 | patience=3/30 | time=9.12s
[2026-04-27 01:48:30] epoch  138/300 | train=0.001646 | val=0.001726 | best=0.001667@134 | patience=4/30 | time=9.47s
[2026-04-27 01:48:39] epoch  139/300 | train=0.001649 | val=0.001824 | best=0.001667@134 | patience=5/30 | time=8.82s
[2026-04-27 01:48:51] epoch  140/300 | train=0.001644 | val=0.001824 | best=0.001667@134 | patience=6/30 | time=11.67s
[2026-04-27 01:49:00] epoch  141/300 | train=0.001669 | val=0.001904 | best=0.001667@134 | patience=7/30 | time=9.30s
[2026-04-27 01:49:12] epoch  142/300 | train=0.001686 | val=0.002569 | best=0.001667@134 | patience=8/30 | time=11.68s
[2026-04-27 01:49:21] epoch  143/300 | train=0.001950 | val=0.001891 | best=0.001667@134 | patience=9/30 | time=9.30s
[2026-04-27 01:49:30] epoch  144/300 | train=0.001731 | val=0.001746 | best=0.001667@134 | patience=10/30 | time=8.93s
[2026-04-27 01:49:42] epoch  145/300 | train=0.001662 | val=0.002125 | best=0.001667@134 | patience=11/30 | time=11.26s
[2026-04-27 01:49:51] epoch  146/300 | train=0.001645 | val=0.001687 | best=0.001667@134 | patience=12/30 | time=9.28s
[2026-04-27 01:50:03] epoch  147/300 | train=0.001644 | val=0.001710 | best=0.001667@134 | patience=13/30 | time=11.35s
[2026-04-27 01:50:12] epoch  148/300 | train=0.001643 | val=0.001735 | best=0.001667@134 | patience=14/30 | time=9.32s
[2026-04-27 01:50:21] epoch  149/300 | train=0.001663 | val=0.001968 | best=0.001667@134 | patience=15/30 | time=8.91s
[2026-04-27 01:50:30] epoch  150/300 | train=0.001635 | val=0.001683 | best=0.001667@134 | patience=16/30 | time=9.13s
[2026-04-27 01:50:40] epoch  151/300 | train=0.001638 | val=0.001682 | best=0.001667@134 | patience=17/30 | time=9.20s
[2026-04-27 01:50:52] epoch  152/300 | train=0.001636 | val=0.001632 | best=0.001632@152 | patience=0/30 | time=8.90s *
[2026-04-27 01:51:01] epoch  153/300 | train=0.001616 | val=0.001646 | best=0.001632@152 | patience=1/30 | time=8.76s
[2026-04-27 01:51:11] epoch  154/300 | train=0.001609 | val=0.001698 | best=0.001632@152 | patience=2/30 | time=9.37s
[2026-04-27 01:51:22] epoch  155/300 | train=0.001615 | val=0.001747 | best=0.001632@152 | patience=3/30 | time=11.33s
[2026-04-27 01:51:31] epoch  156/300 | train=0.001611 | val=0.001898 | best=0.001632@152 | patience=4/30 | time=9.26s
[2026-04-27 01:51:41] epoch  157/300 | train=0.001687 | val=0.001908 | best=0.001632@152 | patience=5/30 | time=8.93s
[2026-04-27 01:51:51] epoch  158/300 | train=0.001628 | val=0.001650 | best=0.001632@152 | patience=6/30 | time=10.72s
[2026-04-27 01:52:00] epoch  159/300 | train=0.001620 | val=0.001692 | best=0.001632@152 | patience=7/30 | time=8.80s
[2026-04-27 01:52:09] epoch  160/300 | train=0.001615 | val=0.001704 | best=0.001632@152 | patience=8/30 | time=8.98s
[2026-04-27 01:52:21] epoch  161/300 | train=0.001629 | val=0.001802 | best=0.001632@152 | patience=9/30 | time=11.51s
[2026-04-27 01:52:31] epoch  162/300 | train=0.001611 | val=0.001735 | best=0.001632@152 | patience=10/30 | time=8.78s
[2026-04-27 01:52:42] epoch  163/300 | train=0.001603 | val=0.001646 | best=0.001632@152 | patience=11/30 | time=11.46s
[2026-04-27 01:52:52] epoch  164/300 | train=0.001587 | val=0.001645 | best=0.001632@152 | patience=12/30 | time=9.27s
[2026-04-27 01:53:01] epoch  165/300 | train=0.001595 | val=0.001800 | best=0.001632@152 | patience=13/30 | time=8.98s
[2026-04-27 01:53:13] epoch  166/300 | train=0.001583 | val=0.001604 | best=0.001604@166 | patience=0/30 | time=10.92s *
[2026-04-27 01:53:21] epoch  167/300 | train=0.001577 | val=0.001639 | best=0.001604@166 | patience=1/30 | time=8.76s
[2026-04-27 01:53:31] epoch  168/300 | train=0.001582 | val=0.001625 | best=0.001604@166 | patience=2/30 | time=9.29s
[2026-04-27 01:53:41] epoch  169/300 | train=0.001564 | val=0.001614 | best=0.001604@166 | patience=3/30 | time=9.31s
[2026-04-27 01:53:50] epoch  170/300 | train=0.001587 | val=0.001716 | best=0.001604@166 | patience=4/30 | time=8.96s
[2026-04-27 01:54:02] epoch  171/300 | train=0.001575 | val=0.001667 | best=0.001604@166 | patience=5/30 | time=11.50s
[2026-04-27 01:54:11] epoch  172/300 | train=0.001573 | val=0.002259 | best=0.001604@166 | patience=6/30 | time=9.36s
[2026-04-27 01:54:23] epoch  173/300 | train=0.001630 | val=0.001779 | best=0.001604@166 | patience=7/30 | time=11.25s
[2026-04-27 01:54:32] epoch  174/300 | train=0.001586 | val=0.001798 | best=0.001604@166 | patience=8/30 | time=9.33s
[2026-04-27 01:54:41] epoch  175/300 | train=0.001557 | val=0.001657 | best=0.001604@166 | patience=9/30 | time=8.85s
[2026-04-27 01:54:53] epoch  176/300 | train=0.001563 | val=0.001599 | best=0.001599@176 | patience=0/30 | time=11.37s *
[2026-04-27 01:55:03] epoch  177/300 | train=0.001554 | val=0.001706 | best=0.001599@176 | patience=1/30 | time=9.25s
[2026-04-27 01:55:14] epoch  178/300 | train=0.001553 | val=0.001601 | best=0.001599@176 | patience=2/30 | time=11.31s
[2026-04-27 01:55:23] epoch  179/300 | train=0.001535 | val=0.001727 | best=0.001599@176 | patience=3/30 | time=8.79s
[2026-04-27 01:55:33] epoch  180/300 | train=0.001532 | val=0.001553 | best=0.001553@180 | patience=0/30 | time=8.85s *
[2026-04-27 01:55:44] epoch  181/300 | train=0.001540 | val=0.001868 | best=0.001553@180 | patience=1/30 | time=11.01s
[2026-04-27 01:55:54] epoch  182/300 | train=0.001534 | val=0.001557 | best=0.001553@180 | patience=2/30 | time=9.29s
[2026-04-27 01:56:05] epoch  183/300 | train=0.001530 | val=0.001581 | best=0.001553@180 | patience=3/30 | time=10.64s
[2026-04-27 01:56:14] epoch  184/300 | train=0.001528 | val=0.001573 | best=0.001553@180 | patience=4/30 | time=9.52s
[2026-04-27 01:56:24] epoch  185/300 | train=0.001519 | val=0.001542 | best=0.001542@185 | patience=0/30 | time=8.87s *
[2026-04-27 01:56:33] epoch  186/300 | train=0.001503 | val=0.001676 | best=0.001542@185 | patience=1/30 | time=9.16s
[2026-04-27 01:56:43] epoch  187/300 | train=0.001535 | val=0.001548 | best=0.001542@185 | patience=2/30 | time=9.26s
[2026-04-27 01:56:52] epoch  188/300 | train=0.001504 | val=0.001791 | best=0.001542@185 | patience=3/30 | time=8.89s
[2026-04-27 01:57:01] epoch  189/300 | train=0.001507 | val=0.001587 | best=0.001542@185 | patience=4/30 | time=9.15s
[2026-04-27 01:57:10] epoch  190/300 | train=0.001508 | val=0.001719 | best=0.001542@185 | patience=5/30 | time=8.81s
[2026-04-27 01:57:20] epoch  191/300 | train=0.001483 | val=0.001540 | best=0.001540@191 | patience=0/30 | time=9.07s *
[2026-04-27 01:57:30] epoch  192/300 | train=0.001491 | val=0.001539 | best=0.001540@191 | patience=1/30 | time=9.41s
[2026-04-27 01:57:38] epoch  193/300 | train=0.001487 | val=0.001708 | best=0.001540@191 | patience=2/30 | time=8.76s
[2026-04-27 01:57:50] epoch  194/300 | train=0.001483 | val=0.001542 | best=0.001540@191 | patience=3/30 | time=11.55s
[2026-04-27 01:57:59] epoch  195/300 | train=0.001487 | val=0.001569 | best=0.001540@191 | patience=4/30 | time=9.14s
[2026-04-27 01:58:09] epoch  196/300 | train=0.001460 | val=0.001472 | best=0.001472@196 | patience=0/30 | time=8.96s *
[2026-04-27 01:58:20] epoch  197/300 | train=0.001446 | val=0.001574 | best=0.001472@196 | patience=1/30 | time=10.58s
[2026-04-27 01:58:30] epoch  198/300 | train=0.001450 | val=0.001762 | best=0.001472@196 | patience=2/30 | time=9.40s
[2026-04-27 01:58:41] epoch  199/300 | train=0.001478 | val=0.001641 | best=0.001472@196 | patience=3/30 | time=11.34s
[2026-04-27 01:58:51] epoch  200/300 | train=0.001462 | val=0.001498 | best=0.001472@196 | patience=4/30 | time=9.34s
[2026-04-27 01:59:00] epoch  201/300 | train=0.001445 | val=0.001488 | best=0.001472@196 | patience=5/30 | time=8.85s
[2026-04-27 01:59:09] epoch  202/300 | train=0.001453 | val=0.001537 | best=0.001472@196 | patience=6/30 | time=9.34s
[2026-04-27 01:59:18] epoch  203/300 | train=0.001449 | val=0.001549 | best=0.001472@196 | patience=7/30 | time=9.26s
[2026-04-27 01:59:28] epoch  204/300 | train=0.001412 | val=0.001455 | best=0.001455@204 | patience=0/30 | time=8.98s *
[2026-04-27 01:59:40] epoch  205/300 | train=0.001409 | val=0.001478 | best=0.001455@204 | patience=1/30 | time=11.61s
[2026-04-27 01:59:49] epoch  206/300 | train=0.001407 | val=0.001525 | best=0.001455@204 | patience=2/30 | time=8.91s
[2026-04-27 01:59:58] epoch  207/300 | train=0.001409 | val=0.004329 | best=0.001455@204 | patience=3/30 | time=9.04s
[2026-04-27 02:00:08] epoch  208/300 | train=0.002216 | val=0.001974 | best=0.001455@204 | patience=4/30 | time=9.33s
[2026-04-27 02:00:17] epoch  209/300 | train=0.001759 | val=0.001727 | best=0.001455@204 | patience=5/30 | time=8.94s
[2026-04-27 02:00:29] epoch  210/300 | train=0.001632 | val=0.001984 | best=0.001455@204 | patience=6/30 | time=11.50s
[2026-04-27 02:00:39] epoch  211/300 | train=0.001555 | val=0.001566 | best=0.001455@204 | patience=7/30 | time=9.13s
[2026-04-27 02:00:48] epoch  212/300 | train=0.001518 | val=0.001591 | best=0.001455@204 | patience=8/30 | time=9.03s
[2026-04-27 02:00:57] epoch  213/300 | train=0.001494 | val=0.001481 | best=0.001455@204 | patience=9/30 | time=8.87s
[2026-04-27 02:01:06] epoch  214/300 | train=0.001438 | val=0.001579 | best=0.001455@204 | patience=10/30 | time=9.36s
[2026-04-27 02:01:18] epoch  215/300 | train=0.001432 | val=0.001499 | best=0.001455@204 | patience=11/30 | time=11.59s
[2026-04-27 02:01:27] epoch  216/300 | train=0.001406 | val=0.001458 | best=0.001455@204 | patience=12/30 | time=9.30s
[2026-04-27 02:01:36] epoch  217/300 | train=0.001426 | val=0.001499 | best=0.001455@204 | patience=13/30 | time=8.85s
[2026-04-27 02:01:48] epoch  218/300 | train=0.001404 | val=0.001490 | best=0.001455@204 | patience=14/30 | time=11.68s
[2026-04-27 02:01:57] epoch  219/300 | train=0.001396 | val=0.001641 | best=0.001455@204 | patience=15/30 | time=8.76s
[2026-04-27 02:02:08] epoch  220/300 | train=0.001380 | val=0.001481 | best=0.001455@204 | patience=16/30 | time=11.16s
[2026-04-27 02:02:18] epoch  221/300 | train=0.001381 | val=0.001506 | best=0.001455@204 | patience=17/30 | time=9.26s
[2026-04-27 02:02:27] epoch  222/300 | train=0.001389 | val=0.002036 | best=0.001455@204 | patience=18/30 | time=8.88s
[2026-04-27 02:02:38] epoch  223/300 | train=0.001483 | val=0.001661 | best=0.001455@204 | patience=19/30 | time=11.13s
[2026-04-27 02:02:47] epoch  224/300 | train=0.001442 | val=0.001614 | best=0.001455@204 | patience=20/30 | time=9.08s
[2026-04-27 02:02:57] epoch  225/300 | train=0.001381 | val=0.001684 | best=0.001455@204 | patience=21/30 | time=9.13s
[2026-04-27 02:03:07] epoch  226/300 | train=0.001369 | val=0.001428 | best=0.001428@226 | patience=0/30 | time=9.27s *
[2026-04-27 02:03:17] epoch  227/300 | train=0.001344 | val=0.001373 | best=0.001373@227 | patience=0/30 | time=8.78s *
[2026-04-27 02:03:26] epoch  228/300 | train=0.001325 | val=0.001468 | best=0.001373@227 | patience=1/30 | time=9.18s
[2026-04-27 02:03:35] epoch  229/300 | train=0.001324 | val=0.001393 | best=0.001373@227 | patience=2/30 | time=9.05s
[2026-04-27 02:03:44] epoch  230/300 | train=0.001323 | val=0.001427 | best=0.001373@227 | patience=3/30 | time=9.04s
[2026-04-27 02:03:53] epoch  231/300 | train=0.001340 | val=0.001442 | best=0.001373@227 | patience=4/30 | time=8.78s
[2026-04-27 02:04:02] epoch  232/300 | train=0.001335 | val=0.001411 | best=0.001373@227 | patience=5/30 | time=8.83s
[2026-04-27 02:04:12] epoch  233/300 | train=0.001302 | val=0.001359 | best=0.001359@233 | patience=0/30 | time=9.07s *
[2026-04-27 02:04:22] epoch  234/300 | train=0.001298 | val=0.001523 | best=0.001359@233 | patience=1/30 | time=9.30s
[2026-04-27 02:04:31] epoch  235/300 | train=0.001321 | val=0.001396 | best=0.001359@233 | patience=2/30 | time=8.98s
[2026-04-27 02:04:43] epoch  236/300 | train=0.001314 | val=0.001386 | best=0.001359@233 | patience=3/30 | time=11.58s
[2026-04-27 02:04:52] epoch  237/300 | train=0.001284 | val=0.001425 | best=0.001359@233 | patience=4/30 | time=9.24s
[2026-04-27 02:05:04] epoch  238/300 | train=0.001263 | val=0.001676 | best=0.001359@233 | patience=5/30 | time=11.73s
[2026-04-27 02:05:13] epoch  239/300 | train=0.001377 | val=0.001539 | best=0.001359@233 | patience=6/30 | time=9.29s
[2026-04-27 02:05:22] epoch  240/300 | train=0.001317 | val=0.001367 | best=0.001359@233 | patience=7/30 | time=8.90s
[2026-04-27 02:05:32] epoch  241/300 | train=0.001281 | val=0.001450 | best=0.001359@233 | patience=8/30 | time=9.16s
[2026-04-27 02:05:42] epoch  242/300 | train=0.001314 | val=0.001398 | best=0.001359@233 | patience=9/30 | time=9.27s
[2026-04-27 02:05:53] epoch  243/300 | train=0.001290 | val=0.001370 | best=0.001359@233 | patience=10/30 | time=11.56s
[2026-04-27 02:06:03] epoch  244/300 | train=0.001288 | val=0.001484 | best=0.001359@233 | patience=11/30 | time=9.31s
[2026-04-27 02:06:13] epoch  245/300 | train=0.001309 | val=0.001331 | best=0.001331@245 | patience=0/30 | time=8.88s *
[2026-04-27 02:06:22] epoch  246/300 | train=0.001259 | val=0.001442 | best=0.001331@245 | patience=1/30 | time=9.03s
[2026-04-27 02:06:32] epoch  247/300 | train=0.001292 | val=0.001329 | best=0.001329@247 | patience=0/30 | time=8.80s *
[2026-04-27 02:06:44] epoch  248/300 | train=0.001236 | val=0.001378 | best=0.001329@247 | patience=1/30 | time=11.64s
[2026-04-27 02:06:53] epoch  249/300 | train=0.001248 | val=0.001628 | best=0.001329@247 | patience=2/30 | time=9.53s
[2026-04-27 02:07:02] epoch  250/300 | train=0.001350 | val=0.001483 | best=0.001329@247 | patience=3/30 | time=8.85s
[2026-04-27 02:07:15] epoch  251/300 | train=0.001308 | val=0.001324 | best=0.001324@251 | patience=0/30 | time=11.35s *
[2026-04-27 02:07:25] epoch  252/300 | train=0.001239 | val=0.001297 | best=0.001297@252 | patience=0/30 | time=9.42s *
[2026-04-27 02:07:37] epoch  253/300 | train=0.001203 | val=0.001367 | best=0.001297@252 | patience=1/30 | time=11.36s
[2026-04-27 02:07:46] epoch  254/300 | train=0.001210 | val=0.001318 | best=0.001297@252 | patience=2/30 | time=9.28s
[2026-04-27 02:07:56] epoch  255/300 | train=0.001225 | val=0.001279 | best=0.001279@255 | patience=0/30 | time=8.95s *
[2026-04-27 02:08:07] epoch  256/300 | train=0.001201 | val=0.001561 | best=0.001279@255 | patience=1/30 | time=10.36s
[2026-04-27 02:08:16] epoch  257/300 | train=0.001254 | val=0.001513 | best=0.001279@255 | patience=2/30 | time=9.27s
[2026-04-27 02:08:27] epoch  258/300 | train=0.001202 | val=0.001244 | best=0.001244@258 | patience=0/30 | time=9.09s *
[2026-04-27 02:08:35] epoch  259/300 | train=0.001178 | val=0.001308 | best=0.001244@258 | patience=1/30 | time=8.81s
[2026-04-27 02:08:44] epoch  260/300 | train=0.001188 | val=0.001322 | best=0.001244@258 | patience=2/30 | time=8.78s
[2026-04-27 02:08:54] epoch  261/300 | train=0.001198 | val=0.001259 | best=0.001244@258 | patience=3/30 | time=9.18s
[2026-04-27 02:09:03] epoch  262/300 | train=0.001154 | val=0.001307 | best=0.001244@258 | patience=4/30 | time=8.80s
[2026-04-27 02:09:12] epoch  263/300 | train=0.001185 | val=0.001287 | best=0.001244@258 | patience=5/30 | time=8.85s
[2026-04-27 02:09:24] epoch  264/300 | train=0.001157 | val=0.001243 | best=0.001243@264 | patience=0/30 | time=11.46s *
[2026-04-27 02:09:33] epoch  265/300 | train=0.001154 | val=0.001315 | best=0.001243@264 | patience=1/30 | time=8.81s
[2026-04-27 02:09:42] epoch  266/300 | train=0.001205 | val=0.001328 | best=0.001243@264 | patience=2/30 | time=9.17s
[2026-04-27 02:09:52] epoch  267/300 | train=0.001210 | val=0.001454 | best=0.001243@264 | patience=3/30 | time=8.81s
[2026-04-27 02:10:01] epoch  268/300 | train=0.001167 | val=0.001252 | best=0.001243@264 | patience=4/30 | time=8.87s
[2026-04-27 02:10:13] epoch  269/300 | train=0.001159 | val=0.001266 | best=0.001243@264 | patience=5/30 | time=11.53s
[2026-04-27 02:10:22] epoch  270/300 | train=0.001145 | val=0.001244 | best=0.001243@264 | patience=6/30 | time=8.80s
[2026-04-27 02:10:31] epoch  271/300 | train=0.001142 | val=0.001260 | best=0.001243@264 | patience=7/30 | time=9.17s
[2026-04-27 02:10:41] epoch  272/300 | train=0.001153 | val=0.001231 | best=0.001231@272 | patience=0/30 | time=8.91s *
[2026-04-27 02:10:51] epoch  273/300 | train=0.001130 | val=0.001253 | best=0.001231@272 | patience=1/30 | time=8.76s
[2026-04-27 02:11:02] epoch  274/300 | train=0.001129 | val=0.001241 | best=0.001231@272 | patience=2/30 | time=11.55s
[2026-04-27 02:11:12] epoch  275/300 | train=0.001128 | val=0.001279 | best=0.001231@272 | patience=3/30 | time=9.38s
[2026-04-27 02:11:21] epoch  276/300 | train=0.001099 | val=0.001290 | best=0.001231@272 | patience=4/30 | time=8.92s
[2026-04-27 02:11:32] epoch  277/300 | train=0.001105 | val=0.001242 | best=0.001231@272 | patience=5/30 | time=11.18s
[2026-04-27 02:11:41] epoch  278/300 | train=0.001103 | val=0.001243 | best=0.001231@272 | patience=6/30 | time=8.89s
[2026-04-27 02:11:54] epoch  279/300 | train=0.001104 | val=0.001219 | best=0.001219@279 | patience=0/30 | time=11.38s *
[2026-04-27 02:12:03] epoch  280/300 | train=0.001107 | val=0.001245 | best=0.001219@279 | patience=1/30 | time=9.31s
[2026-04-27 02:12:12] epoch  281/300 | train=0.001118 | val=0.001221 | best=0.001219@279 | patience=2/30 | time=9.13s
[2026-04-27 02:12:22] epoch  282/300 | train=0.001104 | val=0.001184 | best=0.001184@282 | patience=0/30 | time=8.78s *
[2026-04-27 02:12:32] epoch  283/300 | train=0.001067 | val=0.001205 | best=0.001184@282 | patience=1/30 | time=9.41s
[2026-04-27 02:12:41] epoch  284/300 | train=0.001097 | val=0.001244 | best=0.001184@282 | patience=2/30 | time=9.32s
[2026-04-27 02:12:51] epoch  285/300 | train=0.001123 | val=0.001305 | best=0.001184@282 | patience=3/30 | time=9.32s
[2026-04-27 02:13:00] epoch  286/300 | train=0.001130 | val=0.001231 | best=0.001184@282 | patience=4/30 | time=8.98s
[2026-04-27 02:13:09] epoch  287/300 | train=0.001119 | val=0.001467 | best=0.001184@282 | patience=5/30 | time=9.10s
[2026-04-27 02:13:18] epoch  288/300 | train=0.001154 | val=0.001225 | best=0.001184@282 | patience=6/30 | time=8.81s
[2026-04-27 02:13:27] epoch  289/300 | train=0.001108 | val=0.001275 | best=0.001184@282 | patience=7/30 | time=8.89s
[2026-04-27 02:13:39] epoch  290/300 | train=0.001127 | val=0.001202 | best=0.001184@282 | patience=8/30 | time=11.56s
[2026-04-27 02:13:48] epoch  291/300 | train=0.001075 | val=0.001188 | best=0.001184@282 | patience=9/30 | time=9.39s
[2026-04-27 02:13:57] epoch  292/300 | train=0.001048 | val=0.001225 | best=0.001184@282 | patience=10/30 | time=9.03s
[2026-04-27 02:14:06] epoch  293/300 | train=0.001064 | val=0.001196 | best=0.001184@282 | patience=11/30 | time=8.96s
[2026-04-27 02:14:16] epoch  294/300 | train=0.001044 | val=0.001177 | best=0.001177@294 | patience=0/30 | time=8.85s *
[2026-04-27 02:14:28] epoch  295/300 | train=0.001032 | val=0.001184 | best=0.001177@294 | patience=1/30 | time=11.46s
[2026-04-27 02:14:38] epoch  296/300 | train=0.001028 | val=0.001216 | best=0.001177@294 | patience=2/30 | time=8.90s
[2026-04-27 02:14:47] epoch  297/300 | train=0.001038 | val=0.001178 | best=0.001177@294 | patience=3/30 | time=9.14s
[2026-04-27 02:14:57] epoch  298/300 | train=0.001028 | val=0.001164 | best=0.001164@298 | patience=0/30 | time=9.38s *
[2026-04-27 02:15:06] epoch  299/300 | train=0.001015 | val=0.001173 | best=0.001164@298 | patience=1/30 | time=8.75s
[2026-04-27 02:15:16] epoch  300/300 | train=0.001017 | val=0.001228 | best=0.001164@298 | patience=2/30 | time=9.19s
[2026-04-27 02:15:16] Training done: stop_reason=max_epochs, total_epochs=300, best_epoch=298, best_val=0.001164
[2026-04-27 02:15:16] Reloading best checkpoint (epoch 298) for evaluation
[2026-04-27 02:15:28] ------------------------------------------------------------
[2026-04-27 02:15:28] Evaluation:
[2026-04-27 02:15:28]   AUC broken_lcfs         : 0.5897
[2026-04-27 02:15:28]   AUC bad_black_core      : 0.9974
[2026-04-27 02:15:28]   AUC bad_nonconverged    : 0.9987
[2026-04-27 02:15:28]   objective      : 0.8347
[2026-04-27 02:15:28]   floor_ok       : True
[2026-04-27 02:15:28]   threshold      : 0.0599
[2026-04-27 02:15:28]   mu / sigma     : 0.00102518 / 0.000268802
[2026-04-27 02:15:28] Train time=3301.4s, eval time=11.7s
