[2026-04-27 04:13:19] ============================================================
[2026-04-27 04:13:19] Trial 78 starting on cuda:0
[2026-04-27 04:13:19] Timestamp: 2026-04-27T04:13:19.956811
[2026-04-27 04:13:19] --- Config summary ---
  bottleneck_dim  : 176
  n_enc_layers    : 4
  n_dec_layers    : 3
  base_channels   : 43
  growth_factor   : 1.771235970129016
  use_batchnorm   : True
  use_hpf         : True
  hpf_sigma       : 1.0549307349203207
  lr              : 6.268774139231014e-05
  batch_size      : 8
  max_epochs      : 300
  patience        : 30
  seed            : 42
  deterministic   : False
  trial_num       : 78
[2026-04-27 04:13:19] Loading train/val/selection splits...
[2026-04-27 04:13:28] Splits loaded in 8.2s: n_train=722, n_val=120, n_selection=405
[2026-04-27 04:13:28] --- Architecture summary ---
  channels per enc layer : [43, 76, 135, 239]
  final spatial size     : 16x16
  flat size before latent: 61184
  bottleneck_dim         : 176
  total parameters       : 24,436,316
[2026-04-27 04:13:28] Starting training: n_train=722, n_val=120, device=cuda:0
[2026-04-27 04:13:56] epoch    1/300 | train=0.002775 | val=0.001699 | best=0.001699@1 | patience=0/30 | time=28.15s *
[2026-04-27 04:14:01] epoch    2/300 | train=0.001613 | val=0.001553 | best=0.001553@2 | patience=0/30 | time=4.42s *
[2026-04-27 04:14:05] epoch    3/300 | train=0.001517 | val=0.001468 | best=0.001468@3 | patience=0/30 | time=4.46s *
[2026-04-27 04:14:10] epoch    4/300 | train=0.001439 | val=0.001422 | best=0.001422@4 | patience=0/30 | time=4.44s *
[2026-04-27 04:14:14] epoch    5/300 | train=0.001381 | val=0.001352 | best=0.001352@5 | patience=0/30 | time=4.45s *
[2026-04-27 04:14:19] epoch    6/300 | train=0.001333 | val=0.001321 | best=0.001321@6 | patience=0/30 | time=4.47s *
[2026-04-27 04:14:23] epoch    7/300 | train=0.001305 | val=0.001311 | best=0.001311@7 | patience=0/30 | time=4.46s *
[2026-04-27 04:14:28] epoch    8/300 | train=0.001283 | val=0.001283 | best=0.001283@8 | patience=0/30 | time=4.43s *
[2026-04-27 04:14:33] epoch    9/300 | train=0.001260 | val=0.001279 | best=0.001279@9 | patience=0/30 | time=4.47s *
[2026-04-27 04:14:37] epoch   10/300 | train=0.001238 | val=0.001241 | best=0.001241@10 | patience=0/30 | time=4.45s *
[2026-04-27 04:14:42] epoch   11/300 | train=0.001217 | val=0.001230 | best=0.001230@11 | patience=0/30 | time=4.46s *
[2026-04-27 04:14:46] epoch   12/300 | train=0.001199 | val=0.001199 | best=0.001199@12 | patience=0/30 | time=4.48s *
[2026-04-27 04:14:51] epoch   13/300 | train=0.001180 | val=0.001193 | best=0.001193@13 | patience=0/30 | time=4.46s *
[2026-04-27 04:14:55] epoch   14/300 | train=0.001167 | val=0.001174 | best=0.001174@14 | patience=0/30 | time=4.43s *
[2026-04-27 04:15:00] epoch   15/300 | train=0.001149 | val=0.001161 | best=0.001161@15 | patience=0/30 | time=4.47s *
[2026-04-27 04:15:04] epoch   16/300 | train=0.001136 | val=0.001149 | best=0.001149@16 | patience=0/30 | time=4.45s *
[2026-04-27 04:15:09] epoch   17/300 | train=0.001117 | val=0.001138 | best=0.001138@17 | patience=0/30 | time=4.44s *
[2026-04-27 04:15:14] epoch   18/300 | train=0.001111 | val=0.001113 | best=0.001113@18 | patience=0/30 | time=4.47s *
[2026-04-27 04:15:18] epoch   19/300 | train=0.001088 | val=0.001102 | best=0.001102@19 | patience=0/30 | time=4.45s *
[2026-04-27 04:15:23] epoch   20/300 | train=0.001077 | val=0.001095 | best=0.001095@20 | patience=0/30 | time=4.42s *
[2026-04-27 04:15:27] epoch   21/300 | train=0.001065 | val=0.001087 | best=0.001087@21 | patience=0/30 | time=4.46s *
[2026-04-27 04:15:32] epoch   22/300 | train=0.001056 | val=0.001065 | best=0.001065@22 | patience=0/30 | time=4.46s *
[2026-04-27 04:15:36] epoch   23/300 | train=0.001039 | val=0.001065 | best=0.001065@22 | patience=1/30 | time=4.44s
[2026-04-27 04:15:41] epoch   24/300 | train=0.001030 | val=0.001056 | best=0.001056@24 | patience=0/30 | time=4.47s *
[2026-04-27 04:15:45] epoch   25/300 | train=0.001018 | val=0.001039 | best=0.001039@25 | patience=0/30 | time=4.45s *
[2026-04-27 04:15:50] epoch   26/300 | train=0.001007 | val=0.001042 | best=0.001039@25 | patience=1/30 | time=4.42s
[2026-04-27 04:15:54] epoch   27/300 | train=0.000999 | val=0.001028 | best=0.001028@27 | patience=0/30 | time=4.47s *
[2026-04-27 04:15:59] epoch   28/300 | train=0.000988 | val=0.001024 | best=0.001024@28 | patience=0/30 | time=4.46s *
[2026-04-27 04:16:03] epoch   29/300 | train=0.000982 | val=0.001018 | best=0.001018@29 | patience=0/30 | time=4.44s *
[2026-04-27 04:16:08] epoch   30/300 | train=0.000972 | val=0.001007 | best=0.001007@30 | patience=0/30 | time=4.47s *
[2026-04-27 04:16:13] epoch   31/300 | train=0.000964 | val=0.000995 | best=0.000995@31 | patience=0/30 | time=4.46s *
[2026-04-27 04:16:17] epoch   32/300 | train=0.000956 | val=0.000991 | best=0.000991@32 | patience=0/30 | time=4.42s *
[2026-04-27 04:16:22] epoch   33/300 | train=0.000948 | val=0.000996 | best=0.000991@32 | patience=1/30 | time=4.47s
[2026-04-27 04:16:26] epoch   34/300 | train=0.000939 | val=0.000983 | best=0.000983@34 | patience=0/30 | time=4.47s *
[2026-04-27 04:16:31] epoch   35/300 | train=0.000932 | val=0.000981 | best=0.000981@35 | patience=0/30 | time=4.44s *
[2026-04-27 04:16:35] epoch   36/300 | train=0.000923 | val=0.000984 | best=0.000981@35 | patience=1/30 | time=4.47s
[2026-04-27 04:16:40] epoch   37/300 | train=0.000918 | val=0.000968 | best=0.000968@37 | patience=0/30 | time=4.45s *
[2026-04-27 04:16:44] epoch   38/300 | train=0.000909 | val=0.000976 | best=0.000968@37 | patience=1/30 | time=4.43s
[2026-04-27 04:16:49] epoch   39/300 | train=0.000909 | val=0.000967 | best=0.000968@37 | patience=2/30 | time=4.47s
[2026-04-27 04:16:53] epoch   40/300 | train=0.000896 | val=0.000952 | best=0.000952@40 | patience=0/30 | time=4.46s *
[2026-04-27 04:16:58] epoch   41/300 | train=0.000891 | val=0.000962 | best=0.000952@40 | patience=1/30 | time=4.45s
[2026-04-27 04:17:02] epoch   42/300 | train=0.000884 | val=0.000958 | best=0.000952@40 | patience=2/30 | time=4.49s
[2026-04-27 04:17:07] epoch   43/300 | train=0.000877 | val=0.000947 | best=0.000947@43 | patience=0/30 | time=4.46s *
[2026-04-27 04:17:11] epoch   44/300 | train=0.000870 | val=0.000943 | best=0.000943@44 | patience=0/30 | time=4.43s *
[2026-04-27 04:17:16] epoch   45/300 | train=0.000862 | val=0.000942 | best=0.000942@45 | patience=0/30 | time=4.49s *
[2026-04-27 04:17:21] epoch   46/300 | train=0.000857 | val=0.000938 | best=0.000938@46 | patience=0/30 | time=4.44s *
[2026-04-27 04:17:25] epoch   47/300 | train=0.000850 | val=0.000927 | best=0.000927@47 | patience=0/30 | time=4.45s *
[2026-04-27 04:17:30] epoch   48/300 | train=0.000846 | val=0.000930 | best=0.000927@47 | patience=1/30 | time=4.46s
[2026-04-27 04:17:34] epoch   49/300 | train=0.000843 | val=0.000924 | best=0.000924@49 | patience=0/30 | time=4.45s *
[2026-04-27 04:17:39] epoch   50/300 | train=0.000836 | val=0.000923 | best=0.000924@49 | patience=1/30 | time=4.42s
[2026-04-27 04:17:43] epoch   51/300 | train=0.000829 | val=0.000927 | best=0.000924@49 | patience=2/30 | time=4.49s
[2026-04-27 04:17:48] epoch   52/300 | train=0.000825 | val=0.000934 | best=0.000924@49 | patience=3/30 | time=4.44s
[2026-04-27 04:17:52] epoch   53/300 | train=0.000817 | val=0.000915 | best=0.000915@53 | patience=0/30 | time=4.44s *
[2026-04-27 04:17:57] epoch   54/300 | train=0.000810 | val=0.000912 | best=0.000912@54 | patience=0/30 | time=4.47s *
[2026-04-27 04:18:01] epoch   55/300 | train=0.000804 | val=0.000909 | best=0.000909@55 | patience=0/30 | time=4.46s *
[2026-04-27 04:18:06] epoch   56/300 | train=0.000797 | val=0.000913 | best=0.000909@55 | patience=1/30 | time=4.42s
[2026-04-27 04:18:10] epoch   57/300 | train=0.000792 | val=0.000904 | best=0.000904@57 | patience=0/30 | time=4.49s *
[2026-04-27 04:18:15] epoch   58/300 | train=0.000787 | val=0.000904 | best=0.000904@57 | patience=1/30 | time=4.44s
[2026-04-27 04:18:19] epoch   59/300 | train=0.000780 | val=0.000903 | best=0.000904@57 | patience=2/30 | time=4.44s
[2026-04-27 04:18:24] epoch   60/300 | train=0.000774 | val=0.000895 | best=0.000895@60 | patience=0/30 | time=4.47s *
[2026-04-27 04:18:28] epoch   61/300 | train=0.000772 | val=0.000891 | best=0.000891@61 | patience=0/30 | time=4.45s *
[2026-04-27 04:18:33] epoch   62/300 | train=0.000767 | val=0.000902 | best=0.000891@61 | patience=1/30 | time=4.42s
[2026-04-27 04:18:37] epoch   63/300 | train=0.000761 | val=0.000890 | best=0.000890@63 | patience=0/30 | time=4.49s *
[2026-04-27 04:18:42] epoch   64/300 | train=0.000752 | val=0.000895 | best=0.000890@63 | patience=1/30 | time=4.44s
[2026-04-27 04:18:46] epoch   65/300 | train=0.000753 | val=0.000896 | best=0.000890@63 | patience=2/30 | time=4.44s
[2026-04-27 04:18:51] epoch   66/300 | train=0.000745 | val=0.000885 | best=0.000885@66 | patience=0/30 | time=4.47s *
[2026-04-27 04:18:55] epoch   67/300 | train=0.000736 | val=0.000887 | best=0.000885@66 | patience=1/30 | time=4.46s
[2026-04-27 04:19:00] epoch   68/300 | train=0.000732 | val=0.000881 | best=0.000881@68 | patience=0/30 | time=4.43s *
[2026-04-27 04:19:05] epoch   69/300 | train=0.000729 | val=0.000876 | best=0.000876@69 | patience=0/30 | time=4.49s *
[2026-04-27 04:19:09] epoch   70/300 | train=0.000721 | val=0.000887 | best=0.000876@69 | patience=1/30 | time=4.44s
[2026-04-27 04:19:14] epoch   71/300 | train=0.000717 | val=0.000879 | best=0.000876@69 | patience=2/30 | time=4.44s
[2026-04-27 04:19:18] epoch   72/300 | train=0.000711 | val=0.000900 | best=0.000876@69 | patience=3/30 | time=4.47s
[2026-04-27 04:19:23] epoch   73/300 | train=0.000707 | val=0.000875 | best=0.000876@69 | patience=4/30 | time=4.46s
[2026-04-27 04:19:27] epoch   74/300 | train=0.000702 | val=0.000891 | best=0.000876@69 | patience=5/30 | time=4.46s
[2026-04-27 04:19:32] epoch   75/300 | train=0.000695 | val=0.000877 | best=0.000876@69 | patience=6/30 | time=4.45s
[2026-04-27 04:19:36] epoch   76/300 | train=0.000697 | val=0.000875 | best=0.000876@69 | patience=7/30 | time=4.44s
[2026-04-27 04:19:41] epoch   77/300 | train=0.000688 | val=0.000881 | best=0.000876@69 | patience=8/30 | time=4.44s
[2026-04-27 04:19:45] epoch   78/300 | train=0.000684 | val=0.000875 | best=0.000876@69 | patience=9/30 | time=4.47s
[2026-04-27 04:19:50] epoch   79/300 | train=0.000682 | val=0.000871 | best=0.000871@79 | patience=0/30 | time=4.46s *
[2026-04-27 04:19:54] epoch   80/300 | train=0.000675 | val=0.000882 | best=0.000871@79 | patience=1/30 | time=4.47s
[2026-04-27 04:19:59] epoch   81/300 | train=0.000675 | val=0.000872 | best=0.000871@79 | patience=2/30 | time=4.45s
[2026-04-27 04:20:03] epoch   82/300 | train=0.000667 | val=0.000875 | best=0.000871@79 | patience=3/30 | time=4.44s
[2026-04-27 04:20:08] epoch   83/300 | train=0.000657 | val=0.000868 | best=0.000868@83 | patience=0/30 | time=4.44s *
[2026-04-27 04:20:12] epoch   84/300 | train=0.000655 | val=0.000868 | best=0.000868@83 | patience=1/30 | time=4.48s
[2026-04-27 04:20:17] epoch   85/300 | train=0.000651 | val=0.000864 | best=0.000864@85 | patience=0/30 | time=4.45s *
[2026-04-27 04:20:21] epoch   86/300 | train=0.000645 | val=0.000862 | best=0.000862@86 | patience=0/30 | time=4.47s *
[2026-04-27 04:20:26] epoch   87/300 | train=0.000643 | val=0.000879 | best=0.000862@86 | patience=1/30 | time=4.45s
[2026-04-27 04:20:30] epoch   88/300 | train=0.000637 | val=0.000869 | best=0.000862@86 | patience=2/30 | time=4.44s
[2026-04-27 04:20:35] epoch   89/300 | train=0.000633 | val=0.000862 | best=0.000862@86 | patience=3/30 | time=4.44s
[2026-04-27 04:20:39] epoch   90/300 | train=0.000632 | val=0.000872 | best=0.000862@86 | patience=4/30 | time=4.47s
[2026-04-27 04:20:44] epoch   91/300 | train=0.000629 | val=0.000859 | best=0.000859@91 | patience=0/30 | time=4.46s *
[2026-04-27 04:20:48] epoch   92/300 | train=0.000622 | val=0.000861 | best=0.000859@91 | patience=1/30 | time=4.47s
[2026-04-27 04:20:53] epoch   93/300 | train=0.000616 | val=0.000877 | best=0.000859@91 | patience=2/30 | time=4.45s
[2026-04-27 04:20:57] epoch   94/300 | train=0.000610 | val=0.000862 | best=0.000859@91 | patience=3/30 | time=4.44s
[2026-04-27 04:21:02] epoch   95/300 | train=0.000606 | val=0.000859 | best=0.000859@91 | patience=4/30 | time=4.44s
[2026-04-27 04:21:06] epoch   96/300 | train=0.000599 | val=0.000859 | best=0.000859@91 | patience=5/30 | time=4.48s
[2026-04-27 04:21:11] epoch   97/300 | train=0.000599 | val=0.000889 | best=0.000859@91 | patience=6/30 | time=4.45s
[2026-04-27 04:21:15] epoch   98/300 | train=0.000597 | val=0.000862 | best=0.000859@91 | patience=7/30 | time=4.47s
[2026-04-27 04:21:20] epoch   99/300 | train=0.000591 | val=0.000871 | best=0.000859@91 | patience=8/30 | time=4.45s
[2026-04-27 04:21:24] epoch  100/300 | train=0.000587 | val=0.000859 | best=0.000859@91 | patience=9/30 | time=4.44s
[2026-04-27 04:21:29] epoch  101/300 | train=0.000583 | val=0.000857 | best=0.000857@101 | patience=0/30 | time=4.44s *
[2026-04-27 04:21:33] epoch  102/300 | train=0.000581 | val=0.000865 | best=0.000857@101 | patience=1/30 | time=4.47s
[2026-04-27 04:21:38] epoch  103/300 | train=0.000575 | val=0.000880 | best=0.000857@101 | patience=2/30 | time=4.45s
[2026-04-27 04:21:42] epoch  104/300 | train=0.000573 | val=0.000875 | best=0.000857@101 | patience=3/30 | time=4.42s
[2026-04-27 04:21:47] epoch  105/300 | train=0.000567 | val=0.000896 | best=0.000857@101 | patience=4/30 | time=4.48s
[2026-04-27 04:21:51] epoch  106/300 | train=0.000564 | val=0.000858 | best=0.000857@101 | patience=5/30 | time=4.44s
[2026-04-27 04:21:56] epoch  107/300 | train=0.000557 | val=0.000851 | best=0.000851@107 | patience=0/30 | time=4.44s *
[2026-04-27 04:22:00] epoch  108/300 | train=0.000555 | val=0.000859 | best=0.000851@107 | patience=1/30 | time=4.48s
[2026-04-27 04:22:05] epoch  109/300 | train=0.000553 | val=0.000863 | best=0.000851@107 | patience=2/30 | time=4.46s
[2026-04-27 04:22:09] epoch  110/300 | train=0.000550 | val=0.000859 | best=0.000851@107 | patience=3/30 | time=4.43s
[2026-04-27 04:22:14] epoch  111/300 | train=0.000547 | val=0.000872 | best=0.000851@107 | patience=4/30 | time=4.49s
[2026-04-27 04:22:18] epoch  112/300 | train=0.000543 | val=0.000890 | best=0.000851@107 | patience=5/30 | time=4.44s
[2026-04-27 04:22:23] epoch  113/300 | train=0.000543 | val=0.000879 | best=0.000851@107 | patience=6/30 | time=4.44s
[2026-04-27 04:22:27] epoch  114/300 | train=0.000536 | val=0.000866 | best=0.000851@107 | patience=7/30 | time=4.47s
[2026-04-27 04:22:32] epoch  115/300 | train=0.000532 | val=0.000865 | best=0.000851@107 | patience=8/30 | time=4.45s
[2026-04-27 04:22:36] epoch  116/300 | train=0.000527 | val=0.000855 | best=0.000851@107 | patience=9/30 | time=4.43s
[2026-04-27 04:22:41] epoch  117/300 | train=0.000523 | val=0.000865 | best=0.000851@107 | patience=10/30 | time=4.49s
[2026-04-27 04:22:45] epoch  118/300 | train=0.000522 | val=0.000870 | best=0.000851@107 | patience=11/30 | time=4.44s
[2026-04-27 04:22:50] epoch  119/300 | train=0.000517 | val=0.000864 | best=0.000851@107 | patience=12/30 | time=4.44s
[2026-04-27 04:22:54] epoch  120/300 | train=0.000513 | val=0.000862 | best=0.000851@107 | patience=13/30 | time=4.47s
[2026-04-27 04:22:59] epoch  121/300 | train=0.000510 | val=0.000869 | best=0.000851@107 | patience=14/30 | time=4.45s
[2026-04-27 04:23:03] epoch  122/300 | train=0.000507 | val=0.000869 | best=0.000851@107 | patience=15/30 | time=4.43s
[2026-04-27 04:23:08] epoch  123/300 | train=0.000503 | val=0.000859 | best=0.000851@107 | patience=16/30 | time=4.48s
[2026-04-27 04:23:12] epoch  124/300 | train=0.000502 | val=0.000854 | best=0.000851@107 | patience=17/30 | time=4.44s
[2026-04-27 04:23:17] epoch  125/300 | train=0.000504 | val=0.000905 | best=0.000851@107 | patience=18/30 | time=4.44s
[2026-04-27 04:23:21] epoch  126/300 | train=0.000505 | val=0.000866 | best=0.000851@107 | patience=19/30 | time=4.47s
[2026-04-27 04:23:26] epoch  127/300 | train=0.000502 | val=0.000857 | best=0.000851@107 | patience=20/30 | time=4.45s
[2026-04-27 04:23:30] epoch  128/300 | train=0.000495 | val=0.000883 | best=0.000851@107 | patience=21/30 | time=4.42s
[2026-04-27 04:23:35] epoch  129/300 | train=0.000490 | val=0.000918 | best=0.000851@107 | patience=22/30 | time=4.49s
[2026-04-27 04:23:39] epoch  130/300 | train=0.000491 | val=0.000856 | best=0.000851@107 | patience=23/30 | time=4.44s
[2026-04-27 04:23:43] epoch  131/300 | train=0.000482 | val=0.000861 | best=0.000851@107 | patience=24/30 | time=4.44s
[2026-04-27 04:23:48] epoch  132/300 | train=0.000478 | val=0.000870 | best=0.000851@107 | patience=25/30 | time=4.47s
[2026-04-27 04:23:52] epoch  133/300 | train=0.000473 | val=0.000864 | best=0.000851@107 | patience=26/30 | time=4.45s
[2026-04-27 04:23:57] epoch  134/300 | train=0.000471 | val=0.000884 | best=0.000851@107 | patience=27/30 | time=4.42s
[2026-04-27 04:24:01] epoch  135/300 | train=0.000467 | val=0.000860 | best=0.000851@107 | patience=28/30 | time=4.47s
[2026-04-27 04:24:06] epoch  136/300 | train=0.000464 | val=0.000855 | best=0.000851@107 | patience=29/30 | time=4.46s
[2026-04-27 04:24:10] epoch  137/300 | train=0.000462 | val=0.000855 | best=0.000851@107 | patience=30/30 | time=4.44s
[2026-04-27 04:24:10]   early stopping at epoch 137 (no improvement for 30 epochs)
[2026-04-27 04:24:10] Training done: stop_reason=early_stop, total_epochs=137, best_epoch=107, best_val=0.000851
[2026-04-27 04:24:10] Reloading best checkpoint (epoch 107) for evaluation
[2026-04-27 04:24:15] ------------------------------------------------------------
[2026-04-27 04:24:15] Evaluation:
[2026-04-27 04:24:15]   AUC broken_lcfs         : 0.5997
[2026-04-27 04:24:15]   AUC bad_black_core      : 0.9940
[2026-04-27 04:24:15]   AUC bad_nonconverged    : 0.9987
[2026-04-27 04:24:15]   objective      : 0.8377
[2026-04-27 04:24:15]   floor_ok       : True
[2026-04-27 04:24:15]   threshold      : 0.1179
[2026-04-27 04:24:15]   mu / sigma     : 0.000545891 / 0.000146697
[2026-04-27 04:24:15] Train time=642.7s, eval time=4.1s
