[2026-04-27 00:38:06] ============================================================
[2026-04-27 00:38:06] Trial 13 starting on cuda:0
[2026-04-27 00:38:06] Timestamp: 2026-04-27T00:38:06.981388
[2026-04-27 00:38:06] --- Config summary ---
  bottleneck_dim  : 41
  n_enc_layers    : 3
  n_dec_layers    : 4
  base_channels   : 62
  growth_factor   : 2.995491427981335
  use_batchnorm   : False
  use_hpf         : True
  hpf_sigma       : 6.240642247256083
  lr              : 0.0006599400116148091
  batch_size      : 16
  max_epochs      : 300
  patience        : 30
  seed            : 42
  deterministic   : False
  trial_num       : 13
[2026-04-27 00:38:06] Loading train/val/selection splits...
[2026-04-27 00:39:31] Splits loaded in 84.5s: n_train=722, n_val=120, n_selection=405
[2026-04-27 00:39:34] --- Architecture summary ---
  channels per enc layer : [62, 186, 556]
  final spatial size     : 32x32
  flat size before latent: 569344
  bottleneck_dim         : 41
  total parameters       : 61,496,074
[2026-04-27 00:39:34] Starting training: n_train=722, n_val=120, device=cuda:0
[2026-04-27 00:42:35] epoch    1/300 | train=0.019204 | val=0.013724 | best=0.013724@1 | patience=0/30 | time=180.02s *
[2026-04-27 00:42:51] epoch    2/300 | train=0.013614 | val=0.013323 | best=0.013323@2 | patience=0/30 | time=15.05s *
[2026-04-27 00:43:06] epoch    3/300 | train=0.010993 | val=0.008981 | best=0.008981@3 | patience=0/30 | time=14.79s *
[2026-04-27 00:43:22] epoch    4/300 | train=0.008467 | val=0.007885 | best=0.007885@4 | patience=0/30 | time=14.70s *
[2026-04-27 00:43:38] epoch    5/300 | train=0.007189 | val=0.006700 | best=0.006700@5 | patience=0/30 | time=14.82s *
[2026-04-27 00:43:54] epoch    6/300 | train=0.006558 | val=0.006442 | best=0.006442@6 | patience=0/30 | time=14.83s *
[2026-04-27 00:44:10] epoch    7/300 | train=0.006222 | val=0.005889 | best=0.005889@7 | patience=0/30 | time=15.04s *
[2026-04-27 00:44:26] epoch    8/300 | train=0.005469 | val=0.005086 | best=0.005086@8 | patience=0/30 | time=14.83s *
[2026-04-27 00:44:42] epoch    9/300 | train=0.004732 | val=0.004620 | best=0.004620@9 | patience=0/30 | time=14.83s *
[2026-04-27 00:44:58] epoch   10/300 | train=0.004263 | val=0.004104 | best=0.004104@10 | patience=0/30 | time=15.08s *
[2026-04-27 00:45:13] epoch   11/300 | train=0.003769 | val=0.003695 | best=0.003695@11 | patience=0/30 | time=14.76s *
[2026-04-27 00:45:29] epoch   12/300 | train=0.003472 | val=0.003364 | best=0.003364@12 | patience=0/30 | time=14.80s *
[2026-04-27 00:45:45] epoch   13/300 | train=0.003288 | val=0.003232 | best=0.003232@13 | patience=0/30 | time=14.82s *
[2026-04-27 00:46:01] epoch   14/300 | train=0.003167 | val=0.003145 | best=0.003145@14 | patience=0/30 | time=14.99s *
[2026-04-27 00:46:17] epoch   15/300 | train=0.003026 | val=0.003096 | best=0.003096@15 | patience=0/30 | time=14.84s *
[2026-04-27 00:46:33] epoch   16/300 | train=0.002903 | val=0.002913 | best=0.002913@16 | patience=0/30 | time=14.84s *
[2026-04-27 00:46:49] epoch   17/300 | train=0.002814 | val=0.002888 | best=0.002888@17 | patience=0/30 | time=15.13s *
[2026-04-27 00:47:05] epoch   18/300 | train=0.002737 | val=0.002832 | best=0.002832@18 | patience=0/30 | time=14.81s *
[2026-04-27 00:47:21] epoch   19/300 | train=0.002709 | val=0.002710 | best=0.002710@19 | patience=0/30 | time=15.15s *
[2026-04-27 00:47:36] epoch   20/300 | train=0.002607 | val=0.002728 | best=0.002710@19 | patience=1/30 | time=14.85s
[2026-04-27 00:47:52] epoch   21/300 | train=0.002558 | val=0.002589 | best=0.002589@21 | patience=0/30 | time=14.98s *
[2026-04-27 00:48:07] epoch   22/300 | train=0.002439 | val=0.002613 | best=0.002589@21 | patience=1/30 | time=14.88s
[2026-04-27 00:48:23] epoch   23/300 | train=0.002380 | val=0.002494 | best=0.002494@23 | patience=0/30 | time=14.88s *
[2026-04-27 00:48:39] epoch   24/300 | train=0.002298 | val=0.002426 | best=0.002426@24 | patience=0/30 | time=15.16s *
[2026-04-27 00:48:54] epoch   25/300 | train=0.002299 | val=0.002828 | best=0.002426@24 | patience=1/30 | time=14.82s
[2026-04-27 00:49:10] epoch   26/300 | train=0.002300 | val=0.002404 | best=0.002404@26 | patience=0/30 | time=14.80s *
[2026-04-27 00:49:26] epoch   27/300 | train=0.002162 | val=0.002366 | best=0.002366@27 | patience=0/30 | time=14.95s *
[2026-04-27 00:49:42] epoch   28/300 | train=0.002108 | val=0.002312 | best=0.002312@28 | patience=0/30 | time=14.77s *
[2026-04-27 00:49:57] epoch   29/300 | train=0.002062 | val=0.002443 | best=0.002312@28 | patience=1/30 | time=14.87s
[2026-04-27 00:50:13] epoch   30/300 | train=0.002106 | val=0.002285 | best=0.002285@30 | patience=0/30 | time=15.11s *
[2026-04-27 00:50:29] epoch   31/300 | train=0.002021 | val=0.002236 | best=0.002236@31 | patience=0/30 | time=14.76s *
[2026-04-27 00:50:45] epoch   32/300 | train=0.001933 | val=0.002218 | best=0.002218@32 | patience=0/30 | time=14.87s *
[2026-04-27 00:51:00] epoch   33/300 | train=0.001937 | val=0.002250 | best=0.002218@32 | patience=1/30 | time=14.89s
[2026-04-27 00:51:16] epoch   34/300 | train=0.001859 | val=0.002202 | best=0.002202@34 | patience=0/30 | time=14.99s *
[2026-04-27 00:51:31] epoch   35/300 | train=0.001892 | val=0.002558 | best=0.002202@34 | patience=1/30 | time=14.89s
[2026-04-27 00:51:46] epoch   36/300 | train=0.002233 | val=0.002291 | best=0.002202@34 | patience=2/30 | time=14.83s
[2026-04-27 00:52:02] epoch   37/300 | train=0.001841 | val=0.002149 | best=0.002149@37 | patience=0/30 | time=15.14s *
[2026-04-27 00:52:17] epoch   38/300 | train=0.001739 | val=0.002203 | best=0.002149@37 | patience=1/30 | time=14.74s
[2026-04-27 00:52:33] epoch   39/300 | train=0.001718 | val=0.002126 | best=0.002126@39 | patience=0/30 | time=14.86s *
[2026-04-27 00:52:49] epoch   40/300 | train=0.001675 | val=0.002096 | best=0.002096@40 | patience=0/30 | time=14.88s *
[2026-04-27 00:53:04] epoch   41/300 | train=0.001646 | val=0.002100 | best=0.002096@40 | patience=1/30 | time=14.95s
[2026-04-27 00:53:19] epoch   42/300 | train=0.001611 | val=0.002103 | best=0.002096@40 | patience=2/30 | time=14.92s
[2026-04-27 00:53:34] epoch   43/300 | train=0.001601 | val=0.002113 | best=0.002096@40 | patience=3/30 | time=14.88s
[2026-04-27 00:53:50] epoch   44/300 | train=0.001593 | val=0.002082 | best=0.002082@44 | patience=0/30 | time=15.07s *
[2026-04-27 00:54:05] epoch   45/300 | train=0.001562 | val=0.002212 | best=0.002082@44 | patience=1/30 | time=14.94s
[2026-04-27 00:54:20] epoch   46/300 | train=0.001589 | val=0.002092 | best=0.002082@44 | patience=2/30 | time=14.87s
[2026-04-27 00:54:36] epoch   47/300 | train=0.001532 | val=0.002111 | best=0.002082@44 | patience=3/30 | time=15.13s
[2026-04-27 00:54:51] epoch   48/300 | train=0.001477 | val=0.002075 | best=0.002075@48 | patience=0/30 | time=14.82s *
[2026-04-27 00:55:06] epoch   49/300 | train=0.001460 | val=0.002076 | best=0.002075@48 | patience=1/30 | time=14.87s
[2026-04-27 00:55:22] epoch   50/300 | train=0.001465 | val=0.002104 | best=0.002075@48 | patience=2/30 | time=15.12s
[2026-04-27 00:55:37] epoch   51/300 | train=0.001416 | val=0.002120 | best=0.002075@48 | patience=3/30 | time=14.76s
[2026-04-27 00:55:53] epoch   52/300 | train=0.001380 | val=0.002059 | best=0.002059@52 | patience=0/30 | time=14.85s *
[2026-04-27 00:56:08] epoch   53/300 | train=0.001352 | val=0.002100 | best=0.002059@52 | patience=1/30 | time=14.86s
[2026-04-27 00:56:23] epoch   54/300 | train=0.001325 | val=0.002112 | best=0.002059@52 | patience=2/30 | time=14.99s
[2026-04-27 00:56:38] epoch   55/300 | train=0.001342 | val=0.002058 | best=0.002059@52 | patience=3/30 | time=14.86s
[2026-04-27 00:56:53] epoch   56/300 | train=0.001300 | val=0.002175 | best=0.002059@52 | patience=4/30 | time=14.90s
[2026-04-27 00:57:08] epoch   57/300 | train=0.001262 | val=0.002075 | best=0.002059@52 | patience=5/30 | time=15.05s
[2026-04-27 00:57:24] epoch   58/300 | train=0.001234 | val=0.002035 | best=0.002035@58 | patience=0/30 | time=14.89s *
[2026-04-27 00:57:39] epoch   59/300 | train=0.001242 | val=0.002160 | best=0.002035@58 | patience=1/30 | time=14.91s
[2026-04-27 00:57:54] epoch   60/300 | train=0.001305 | val=0.002078 | best=0.002035@58 | patience=2/30 | time=15.09s
[2026-04-27 00:58:09] epoch   61/300 | train=0.001224 | val=0.002088 | best=0.002035@58 | patience=3/30 | time=14.94s
[2026-04-27 00:58:24] epoch   62/300 | train=0.001161 | val=0.002090 | best=0.002035@58 | patience=4/30 | time=14.89s
[2026-04-27 00:58:39] epoch   63/300 | train=0.001128 | val=0.002042 | best=0.002035@58 | patience=5/30 | time=15.16s
[2026-04-27 00:58:54] epoch   64/300 | train=0.001107 | val=0.002043 | best=0.002035@58 | patience=6/30 | time=14.78s
[2026-04-27 00:59:09] epoch   65/300 | train=0.001095 | val=0.002103 | best=0.002035@58 | patience=7/30 | time=14.85s
[2026-04-27 00:59:25] epoch   66/300 | train=0.001092 | val=0.002032 | best=0.002032@66 | patience=0/30 | time=15.15s *
[2026-04-27 00:59:40] epoch   67/300 | train=0.001058 | val=0.002074 | best=0.002032@66 | patience=1/30 | time=14.81s
[2026-04-27 00:59:55] epoch   68/300 | train=0.001062 | val=0.002042 | best=0.002032@66 | patience=2/30 | time=14.87s
[2026-04-27 01:00:11] epoch   69/300 | train=0.001047 | val=0.002084 | best=0.002032@66 | patience=3/30 | time=15.20s
[2026-04-27 01:00:25] epoch   70/300 | train=0.001053 | val=0.002121 | best=0.002032@66 | patience=4/30 | time=14.76s
[2026-04-27 01:00:41] epoch   71/300 | train=0.001020 | val=0.002087 | best=0.002032@66 | patience=5/30 | time=15.15s
[2026-04-27 01:00:56] epoch   72/300 | train=0.001039 | val=0.002091 | best=0.002032@66 | patience=6/30 | time=14.87s
[2026-04-27 01:01:11] epoch   73/300 | train=0.001046 | val=0.002076 | best=0.002032@66 | patience=7/30 | time=14.98s
[2026-04-27 01:01:26] epoch   74/300 | train=0.000995 | val=0.002048 | best=0.002032@66 | patience=8/30 | time=14.89s
[2026-04-27 01:01:41] epoch   75/300 | train=0.000949 | val=0.002063 | best=0.002032@66 | patience=9/30 | time=14.88s
[2026-04-27 01:01:56] epoch   76/300 | train=0.000935 | val=0.002062 | best=0.002032@66 | patience=10/30 | time=15.01s
[2026-04-27 01:02:11] epoch   77/300 | train=0.000920 | val=0.002296 | best=0.002032@66 | patience=11/30 | time=14.86s
[2026-04-27 01:02:26] epoch   78/300 | train=0.001039 | val=0.002110 | best=0.002032@66 | patience=12/30 | time=14.84s
[2026-04-27 01:02:41] epoch   79/300 | train=0.000971 | val=0.002188 | best=0.002032@66 | patience=13/30 | time=14.98s
[2026-04-27 01:02:56] epoch   80/300 | train=0.000940 | val=0.002199 | best=0.002032@66 | patience=14/30 | time=14.85s
[2026-04-27 01:03:11] epoch   81/300 | train=0.000909 | val=0.002085 | best=0.002032@66 | patience=15/30 | time=14.83s
[2026-04-27 01:03:26] epoch   82/300 | train=0.000878 | val=0.002040 | best=0.002032@66 | patience=16/30 | time=14.98s
[2026-04-27 01:03:41] epoch   83/300 | train=0.000830 | val=0.002130 | best=0.002032@66 | patience=17/30 | time=14.86s
[2026-04-27 01:03:57] epoch   84/300 | train=0.000845 | val=0.002078 | best=0.002032@66 | patience=18/30 | time=14.83s
[2026-04-27 01:04:12] epoch   85/300 | train=0.000843 | val=0.002096 | best=0.002032@66 | patience=19/30 | time=14.96s
[2026-04-27 01:04:27] epoch   86/300 | train=0.000836 | val=0.002061 | best=0.002032@66 | patience=20/30 | time=14.87s
[2026-04-27 01:04:42] epoch   87/300 | train=0.000809 | val=0.002091 | best=0.002032@66 | patience=21/30 | time=14.85s
[2026-04-27 01:04:57] epoch   88/300 | train=0.000801 | val=0.002141 | best=0.002032@66 | patience=22/30 | time=14.98s
[2026-04-27 01:05:12] epoch   89/300 | train=0.000807 | val=0.002081 | best=0.002032@66 | patience=23/30 | time=14.84s
[2026-04-27 01:05:27] epoch   90/300 | train=0.000790 | val=0.002140 | best=0.002032@66 | patience=24/30 | time=14.85s
[2026-04-27 01:05:42] epoch   91/300 | train=0.000771 | val=0.002187 | best=0.002032@66 | patience=25/30 | time=15.07s
[2026-04-27 01:05:57] epoch   92/300 | train=0.000797 | val=0.002104 | best=0.002032@66 | patience=26/30 | time=14.91s
[2026-04-27 01:06:12] epoch   93/300 | train=0.000766 | val=0.002104 | best=0.002032@66 | patience=27/30 | time=14.89s
[2026-04-27 01:06:28] epoch   94/300 | train=0.000769 | val=0.002074 | best=0.002032@66 | patience=28/30 | time=15.02s
[2026-04-27 01:06:43] epoch   95/300 | train=0.000761 | val=0.002139 | best=0.002032@66 | patience=29/30 | time=14.78s
[2026-04-27 01:06:58] epoch   96/300 | train=0.000731 | val=0.002097 | best=0.002032@66 | patience=30/30 | time=14.85s
[2026-04-27 01:06:58]   early stopping at epoch 96 (no improvement for 30 epochs)
[2026-04-27 01:06:58] Training done: stop_reason=early_stop, total_epochs=96, best_epoch=66, best_val=0.002032
[2026-04-27 01:06:58] Reloading best checkpoint (epoch 66) for evaluation
[2026-04-27 01:07:15] ------------------------------------------------------------
[2026-04-27 01:07:15] Evaluation:
[2026-04-27 01:07:15]   AUC broken_lcfs         : 0.5736
[2026-04-27 01:07:15]   AUC bad_black_core      : 0.9984
[2026-04-27 01:07:15]   AUC bad_nonconverged    : 0.9987
[2026-04-27 01:07:15]   objective      : 0.8285
[2026-04-27 01:07:15]   floor_ok       : True
[2026-04-27 01:07:15]   threshold      : 0.2884
[2026-04-27 01:07:15]   mu / sigma     : 0.00103799 / 0.000242604
[2026-04-27 01:07:15] Train time=1643.9s, eval time=16.6s
