[2026-04-27 08:43:53] ============================================================
[2026-04-27 08:43:53] Trial 143 starting on cuda:0
[2026-04-27 08:43:53] Timestamp: 2026-04-27T08:43:53.908032
[2026-04-27 08:43:53] --- Config summary ---
  bottleneck_dim  : 202
  n_enc_layers    : 5
  n_dec_layers    : 5
  base_channels   : 39
  growth_factor   : 1.5244092355097518
  use_batchnorm   : True
  use_hpf         : True
  hpf_sigma       : 1.9849188622850378
  lr              : 0.00018274554482658432
  batch_size      : 16
  max_epochs      : 300
  patience        : 30
  seed            : 42
  deterministic   : False
  trial_num       : 143
[2026-04-27 08:43:53] Loading train/val/selection splits...
[2026-04-27 08:44:53] Splits loaded in 59.3s: n_train=722, n_val=120, n_selection=405
[2026-04-27 08:44:53] --- Architecture summary ---
  channels per enc layer : [39, 59, 91, 138, 211]
  final spatial size     : 8x8
  flat size before latent: 13504
  bottleneck_dim         : 202
  total parameters       : 9,534,842
[2026-04-27 08:44:53] Starting training: n_train=722, n_val=120, device=cuda:0
[2026-04-27 08:46:12] epoch    1/300 | train=0.006034 | val=0.005480 | best=0.005480@1 | patience=0/30 | time=78.33s *
[2026-04-27 08:46:17] epoch    2/300 | train=0.003899 | val=0.003622 | best=0.003622@2 | patience=0/30 | time=5.40s *
[2026-04-27 08:46:23] epoch    3/300 | train=0.003346 | val=0.003225 | best=0.003225@3 | patience=0/30 | time=5.50s *
[2026-04-27 08:46:29] epoch    4/300 | train=0.002983 | val=0.002808 | best=0.002808@4 | patience=0/30 | time=5.39s *
[2026-04-27 08:46:34] epoch    5/300 | train=0.002773 | val=0.002669 | best=0.002669@5 | patience=0/30 | time=5.34s *
[2026-04-27 08:46:40] epoch    6/300 | train=0.002682 | val=0.002668 | best=0.002669@5 | patience=1/30 | time=5.53s
[2026-04-27 08:46:46] epoch    7/300 | train=0.002619 | val=0.002627 | best=0.002627@7 | patience=0/30 | time=5.40s *
[2026-04-27 08:46:52] epoch    8/300 | train=0.002599 | val=0.002566 | best=0.002566@8 | patience=0/30 | time=5.42s *
[2026-04-27 08:46:57] epoch    9/300 | train=0.002575 | val=0.002519 | best=0.002519@9 | patience=0/30 | time=5.57s *
[2026-04-27 08:47:03] epoch   10/300 | train=0.002488 | val=0.002522 | best=0.002519@9 | patience=1/30 | time=5.41s
[2026-04-27 08:47:09] epoch   11/300 | train=0.002482 | val=0.002487 | best=0.002487@11 | patience=0/30 | time=5.32s *
[2026-04-27 08:47:14] epoch   12/300 | train=0.002447 | val=0.002432 | best=0.002432@12 | patience=0/30 | time=5.32s *
[2026-04-27 08:47:20] epoch   13/300 | train=0.002404 | val=0.002417 | best=0.002417@13 | patience=0/30 | time=5.60s *
[2026-04-27 08:47:26] epoch   14/300 | train=0.002383 | val=0.002363 | best=0.002363@14 | patience=0/30 | time=5.27s *
[2026-04-27 08:47:32] epoch   15/300 | train=0.002341 | val=0.002405 | best=0.002363@14 | patience=1/30 | time=5.53s
[2026-04-27 08:47:37] epoch   16/300 | train=0.002367 | val=0.002318 | best=0.002318@16 | patience=0/30 | time=5.40s *
[2026-04-27 08:47:43] epoch   17/300 | train=0.002285 | val=0.002305 | best=0.002305@17 | patience=0/30 | time=5.29s *
[2026-04-27 08:47:48] epoch   18/300 | train=0.002257 | val=0.002244 | best=0.002244@18 | patience=0/30 | time=5.29s *
[2026-04-27 08:47:54] epoch   19/300 | train=0.002217 | val=0.002221 | best=0.002221@19 | patience=0/30 | time=5.52s *
[2026-04-27 08:48:00] epoch   20/300 | train=0.002200 | val=0.002418 | best=0.002221@19 | patience=1/30 | time=5.40s
[2026-04-27 08:48:06] epoch   21/300 | train=0.002228 | val=0.002183 | best=0.002183@21 | patience=0/30 | time=5.27s *
[2026-04-27 08:48:11] epoch   22/300 | train=0.002140 | val=0.002157 | best=0.002157@22 | patience=0/30 | time=5.37s *
[2026-04-27 08:48:17] epoch   23/300 | train=0.002131 | val=0.002216 | best=0.002157@22 | patience=1/30 | time=5.28s
[2026-04-27 08:48:22] epoch   24/300 | train=0.002100 | val=0.002123 | best=0.002123@24 | patience=0/30 | time=5.29s *
[2026-04-27 08:48:28] epoch   25/300 | train=0.002088 | val=0.002129 | best=0.002123@24 | patience=1/30 | time=5.51s
[2026-04-27 08:48:33] epoch   26/300 | train=0.002035 | val=0.002135 | best=0.002123@24 | patience=2/30 | time=5.38s
[2026-04-27 08:48:39] epoch   27/300 | train=0.002019 | val=0.002086 | best=0.002086@27 | patience=0/30 | time=5.26s *
[2026-04-27 08:48:44] epoch   28/300 | train=0.001978 | val=0.002184 | best=0.002086@27 | patience=1/30 | time=5.50s
[2026-04-27 08:48:50] epoch   29/300 | train=0.002030 | val=0.002014 | best=0.002014@29 | patience=0/30 | time=5.40s *
[2026-04-27 08:48:56] epoch   30/300 | train=0.001960 | val=0.002026 | best=0.002014@29 | patience=1/30 | time=5.32s
[2026-04-27 08:49:02] epoch   31/300 | train=0.001936 | val=0.002013 | best=0.002013@31 | patience=0/30 | time=5.64s *
[2026-04-27 08:49:07] epoch   32/300 | train=0.001912 | val=0.001969 | best=0.001969@32 | patience=0/30 | time=5.41s *
[2026-04-27 08:49:13] epoch   33/300 | train=0.001866 | val=0.001982 | best=0.001969@32 | patience=1/30 | time=5.29s
[2026-04-27 08:49:18] epoch   34/300 | train=0.001878 | val=0.002028 | best=0.001969@32 | patience=2/30 | time=5.56s
[2026-04-27 08:49:24] epoch   35/300 | train=0.001851 | val=0.001890 | best=0.001890@35 | patience=0/30 | time=5.41s *
[2026-04-27 08:49:30] epoch   36/300 | train=0.001804 | val=0.001868 | best=0.001868@36 | patience=0/30 | time=5.29s *
[2026-04-27 08:49:35] epoch   37/300 | train=0.001793 | val=0.001980 | best=0.001868@36 | patience=1/30 | time=5.29s
[2026-04-27 08:49:41] epoch   38/300 | train=0.001759 | val=0.001873 | best=0.001868@36 | patience=2/30 | time=5.53s
[2026-04-27 08:49:46] epoch   39/300 | train=0.001740 | val=0.001859 | best=0.001859@39 | patience=0/30 | time=5.27s *
[2026-04-27 08:49:52] epoch   40/300 | train=0.001714 | val=0.001868 | best=0.001859@39 | patience=1/30 | time=5.48s
[2026-04-27 08:49:58] epoch   41/300 | train=0.001712 | val=0.001812 | best=0.001812@41 | patience=0/30 | time=5.38s *
[2026-04-27 08:50:03] epoch   42/300 | train=0.001706 | val=0.001853 | best=0.001812@41 | patience=1/30 | time=5.30s
[2026-04-27 08:50:09] epoch   43/300 | train=0.001677 | val=0.001808 | best=0.001808@43 | patience=0/30 | time=5.30s *
[2026-04-27 08:50:15] epoch   44/300 | train=0.001647 | val=0.001785 | best=0.001785@44 | patience=0/30 | time=5.52s *
[2026-04-27 08:50:20] epoch   45/300 | train=0.001643 | val=0.001863 | best=0.001785@44 | patience=1/30 | time=5.37s
[2026-04-27 08:50:26] epoch   46/300 | train=0.001664 | val=0.001823 | best=0.001785@44 | patience=2/30 | time=5.27s
[2026-04-27 08:50:31] epoch   47/300 | train=0.001620 | val=0.001777 | best=0.001777@47 | patience=0/30 | time=5.51s *
[2026-04-27 08:50:37] epoch   48/300 | train=0.001595 | val=0.001763 | best=0.001763@48 | patience=0/30 | time=5.33s *
[2026-04-27 08:50:43] epoch   49/300 | train=0.001587 | val=0.001725 | best=0.001725@49 | patience=0/30 | time=5.32s *
[2026-04-27 08:50:48] epoch   50/300 | train=0.001580 | val=0.001733 | best=0.001725@49 | patience=1/30 | time=5.53s
[2026-04-27 08:50:48]   pruned at epoch 50
[2026-04-27 08:50:49] Training done: stop_reason=pruned, total_epochs=50, best_epoch=49, best_val=0.001725
[2026-04-27 08:50:49] Reloading best checkpoint (epoch 49) for evaluation
[2026-04-27 08:50:58] ------------------------------------------------------------
[2026-04-27 08:50:58] Evaluation:
[2026-04-27 08:50:58]   AUC broken_lcfs         : 0.5617
[2026-04-27 08:50:58]   AUC bad_black_core      : 0.9950
[2026-04-27 08:50:58]   AUC bad_nonconverged    : 0.9960
[2026-04-27 08:50:58]   objective      : 0.8220
[2026-04-27 08:50:58]   floor_ok       : True
[2026-04-27 08:50:58]   threshold      : 0.0526
[2026-04-27 08:50:58]   mu / sigma     : 0.00156469 / 0.000455555
[2026-04-27 08:50:58] Train time=355.4s, eval time=9.6s
