[2026-04-27 00:02:13] ============================================================
[2026-04-27 00:02:13] Trial 6 starting on cuda:0
[2026-04-27 00:02:13] Timestamp: 2026-04-27T00:02:13.303269
[2026-04-27 00:02:13] --- Config summary ---
  bottleneck_dim  : 181
  n_enc_layers    : 2
  n_dec_layers    : 2
  base_channels   : 23
  growth_factor   : 2.254880996313912
  use_batchnorm   : False
  use_hpf         : True
  hpf_sigma       : 7.359972358401298
  lr              : 3.087514344726402e-05
  batch_size      : 56
  max_epochs      : 300
  patience        : 30
  seed            : 42
  deterministic   : False
  trial_num       : 6
[2026-04-27 00:02:13] Loading train/val/selection splits...
[2026-04-27 00:03:13] Splits loaded in 59.9s: n_train=722, n_val=120, n_selection=405
[2026-04-27 00:03:17] --- Architecture summary ---
  channels per enc layer : [23, 52]
  final spatial size     : 64x64
  flat size before latent: 212992
  bottleneck_dim         : 181
  total parameters       : 77,391,694
[2026-04-27 00:03:17] Starting training: n_train=722, n_val=120, device=cuda:0
[2026-04-27 00:05:48] epoch    1/300 | train=0.016033 | val=0.016062 | best=0.016062@1 | patience=0/30 | time=149.19s *
[2026-04-27 00:05:52] epoch    2/300 | train=0.015961 | val=0.016006 | best=0.016006@2 | patience=0/30 | time=1.10s *
[2026-04-27 00:05:55] epoch    3/300 | train=0.015905 | val=0.015947 | best=0.015947@3 | patience=0/30 | time=1.26s *
[2026-04-27 00:05:59] epoch    4/300 | train=0.015791 | val=0.015643 | best=0.015643@4 | patience=0/30 | time=1.10s *
[2026-04-27 00:06:02] epoch    5/300 | train=0.014974 | val=0.014236 | best=0.014236@5 | patience=0/30 | time=1.10s *
[2026-04-27 00:06:06] epoch    6/300 | train=0.013739 | val=0.013014 | best=0.013014@6 | patience=0/30 | time=1.10s *
[2026-04-27 00:06:09] epoch    7/300 | train=0.012245 | val=0.011280 | best=0.011280@7 | patience=0/30 | time=1.10s *
[2026-04-27 00:06:13] epoch    8/300 | train=0.010850 | val=0.010075 | best=0.010075@8 | patience=0/30 | time=1.10s *
[2026-04-27 00:06:17] epoch    9/300 | train=0.009763 | val=0.009097 | best=0.009097@9 | patience=0/30 | time=1.10s *
[2026-04-27 00:06:20] epoch   10/300 | train=0.008860 | val=0.008264 | best=0.008264@10 | patience=0/30 | time=1.10s *
[2026-04-27 00:06:23] epoch   11/300 | train=0.008111 | val=0.007589 | best=0.007589@11 | patience=0/30 | time=1.10s *
[2026-04-27 00:06:27] epoch   12/300 | train=0.007529 | val=0.007118 | best=0.007118@12 | patience=0/30 | time=1.12s *
[2026-04-27 00:06:30] epoch   13/300 | train=0.007151 | val=0.006836 | best=0.006836@13 | patience=0/30 | time=1.37s *
[2026-04-27 00:06:34] epoch   14/300 | train=0.006933 | val=0.006685 | best=0.006685@14 | patience=0/30 | time=1.10s *
[2026-04-27 00:06:37] epoch   15/300 | train=0.006807 | val=0.006580 | best=0.006580@15 | patience=0/30 | time=1.10s *
[2026-04-27 00:06:41] epoch   16/300 | train=0.006731 | val=0.006525 | best=0.006525@16 | patience=0/30 | time=1.10s *
[2026-04-27 00:06:45] epoch   17/300 | train=0.006666 | val=0.006466 | best=0.006466@17 | patience=0/30 | time=1.10s *
[2026-04-27 00:06:48] epoch   18/300 | train=0.006621 | val=0.006418 | best=0.006418@18 | patience=0/30 | time=1.10s *
[2026-04-27 00:06:52] epoch   19/300 | train=0.006596 | val=0.006410 | best=0.006410@19 | patience=0/30 | time=1.12s *
[2026-04-27 00:06:55] epoch   20/300 | train=0.006553 | val=0.006358 | best=0.006358@20 | patience=0/30 | time=1.32s *
[2026-04-27 00:06:59] epoch   21/300 | train=0.006521 | val=0.006334 | best=0.006334@21 | patience=0/30 | time=1.10s *
[2026-04-27 00:07:02] epoch   22/300 | train=0.006494 | val=0.006308 | best=0.006308@22 | patience=0/30 | time=1.10s *
[2026-04-27 00:07:06] epoch   23/300 | train=0.006468 | val=0.006281 | best=0.006281@23 | patience=0/30 | time=1.10s *
[2026-04-27 00:07:09] epoch   24/300 | train=0.006436 | val=0.006256 | best=0.006256@24 | patience=0/30 | time=1.10s *
[2026-04-27 00:07:13] epoch   25/300 | train=0.006405 | val=0.006220 | best=0.006220@25 | patience=0/30 | time=1.10s *
[2026-04-27 00:07:16] epoch   26/300 | train=0.006370 | val=0.006176 | best=0.006176@26 | patience=0/30 | time=1.12s *
[2026-04-27 00:07:20] epoch   27/300 | train=0.006332 | val=0.006143 | best=0.006143@27 | patience=0/30 | time=1.10s *
[2026-04-27 00:07:23] epoch   28/300 | train=0.006289 | val=0.006109 | best=0.006109@28 | patience=0/30 | time=1.10s *
[2026-04-27 00:07:27] epoch   29/300 | train=0.006232 | val=0.006036 | best=0.006036@29 | patience=0/30 | time=1.10s *
[2026-04-27 00:07:30] epoch   30/300 | train=0.006165 | val=0.005980 | best=0.005980@30 | patience=0/30 | time=1.10s *
[2026-04-27 00:07:33] epoch   31/300 | train=0.006093 | val=0.005909 | best=0.005909@31 | patience=0/30 | time=1.10s *
[2026-04-27 00:07:37] epoch   32/300 | train=0.006015 | val=0.005837 | best=0.005837@32 | patience=0/30 | time=1.12s *
[2026-04-27 00:07:40] epoch   33/300 | train=0.005928 | val=0.005774 | best=0.005774@33 | patience=0/30 | time=1.10s *
[2026-04-27 00:07:44] epoch   34/300 | train=0.005845 | val=0.005680 | best=0.005680@34 | patience=0/30 | time=1.10s *
[2026-04-27 00:07:48] epoch   35/300 | train=0.005755 | val=0.005598 | best=0.005598@35 | patience=0/30 | time=1.10s *
[2026-04-27 00:07:51] epoch   36/300 | train=0.005671 | val=0.005532 | best=0.005532@36 | patience=0/30 | time=1.10s *
[2026-04-27 00:07:56] epoch   37/300 | train=0.005600 | val=0.005470 | best=0.005470@37 | patience=0/30 | time=1.10s *
[2026-04-27 00:07:59] epoch   38/300 | train=0.005536 | val=0.005420 | best=0.005420@38 | patience=0/30 | time=1.10s *
[2026-04-27 00:08:03] epoch   39/300 | train=0.005479 | val=0.005369 | best=0.005369@39 | patience=0/30 | time=1.10s *
[2026-04-27 00:08:06] epoch   40/300 | train=0.005427 | val=0.005329 | best=0.005329@40 | patience=0/30 | time=1.10s *
[2026-04-27 00:08:09] epoch   41/300 | train=0.005383 | val=0.005291 | best=0.005291@41 | patience=0/30 | time=1.12s *
[2026-04-27 00:08:13] epoch   42/300 | train=0.005340 | val=0.005254 | best=0.005254@42 | patience=0/30 | time=1.23s *
[2026-04-27 00:08:16] epoch   43/300 | train=0.005303 | val=0.005223 | best=0.005223@43 | patience=0/30 | time=1.11s *
[2026-04-27 00:08:20] epoch   44/300 | train=0.005270 | val=0.005189 | best=0.005189@44 | patience=0/30 | time=1.10s *
[2026-04-27 00:08:24] epoch   45/300 | train=0.005235 | val=0.005165 | best=0.005165@45 | patience=0/30 | time=1.10s *
[2026-04-27 00:08:27] epoch   46/300 | train=0.005203 | val=0.005139 | best=0.005139@46 | patience=0/30 | time=1.10s *
[2026-04-27 00:08:31] epoch   47/300 | train=0.005176 | val=0.005113 | best=0.005113@47 | patience=0/30 | time=1.10s *
[2026-04-27 00:08:34] epoch   48/300 | train=0.005147 | val=0.005081 | best=0.005081@48 | patience=0/30 | time=1.10s *
[2026-04-27 00:08:37] epoch   49/300 | train=0.005115 | val=0.005054 | best=0.005054@49 | patience=0/30 | time=1.12s *
[2026-04-27 00:08:41] epoch   50/300 | train=0.005083 | val=0.005020 | best=0.005020@50 | patience=0/30 | time=1.10s *
[2026-04-27 00:08:45] epoch   51/300 | train=0.005054 | val=0.005009 | best=0.005009@51 | patience=0/30 | time=1.10s *
[2026-04-27 00:08:48] epoch   52/300 | train=0.005027 | val=0.004978 | best=0.004978@52 | patience=0/30 | time=1.10s *
[2026-04-27 00:08:52] epoch   53/300 | train=0.004993 | val=0.004943 | best=0.004943@53 | patience=0/30 | time=1.10s *
[2026-04-27 00:08:55] epoch   54/300 | train=0.004958 | val=0.004915 | best=0.004915@54 | patience=0/30 | time=1.10s *
[2026-04-27 00:08:58] epoch   55/300 | train=0.004930 | val=0.004879 | best=0.004879@55 | patience=0/30 | time=1.10s *
[2026-04-27 00:09:00] epoch   56/300 | train=0.004891 | val=0.004858 | best=0.004858@56 | patience=0/30 | time=1.38s *
[2026-04-27 00:09:01] epoch   57/300 | train=0.004859 | val=0.004826 | best=0.004826@57 | patience=0/30 | time=1.31s *
[2026-04-27 00:09:03] epoch   58/300 | train=0.004823 | val=0.004787 | best=0.004787@58 | patience=0/30 | time=1.14s *
[2026-04-27 00:09:05] epoch   59/300 | train=0.004781 | val=0.004740 | best=0.004740@59 | patience=0/30 | time=1.14s *
[2026-04-27 00:09:06] epoch   60/300 | train=0.004736 | val=0.004715 | best=0.004715@60 | patience=0/30 | time=1.11s *
[2026-04-27 00:09:08] epoch   61/300 | train=0.004696 | val=0.004672 | best=0.004672@61 | patience=0/30 | time=1.14s *
[2026-04-27 00:09:09] epoch   62/300 | train=0.004653 | val=0.004632 | best=0.004632@62 | patience=0/30 | time=1.11s *
[2026-04-27 00:09:11] epoch   63/300 | train=0.004616 | val=0.004603 | best=0.004603@63 | patience=0/30 | time=1.15s *
[2026-04-27 00:09:12] epoch   64/300 | train=0.004576 | val=0.004555 | best=0.004555@64 | patience=0/30 | time=1.11s *
[2026-04-27 00:09:14] epoch   65/300 | train=0.004537 | val=0.004520 | best=0.004520@65 | patience=0/30 | time=1.11s *
[2026-04-27 00:09:15] epoch   66/300 | train=0.004500 | val=0.004493 | best=0.004493@66 | patience=0/30 | time=1.11s *
[2026-04-27 00:09:17] epoch   67/300 | train=0.004463 | val=0.004459 | best=0.004459@67 | patience=0/30 | time=1.14s *
[2026-04-27 00:09:18] epoch   68/300 | train=0.004439 | val=0.004428 | best=0.004428@68 | patience=0/30 | time=1.08s *
[2026-04-27 00:09:20] epoch   69/300 | train=0.004402 | val=0.004398 | best=0.004398@69 | patience=0/30 | time=1.09s *
[2026-04-27 00:09:21] epoch   70/300 | train=0.004370 | val=0.004373 | best=0.004373@70 | patience=0/30 | time=1.10s *
[2026-04-27 00:09:23] epoch   71/300 | train=0.004334 | val=0.004332 | best=0.004332@71 | patience=0/30 | time=1.08s *
[2026-04-27 00:09:24] epoch   72/300 | train=0.004302 | val=0.004300 | best=0.004300@72 | patience=0/30 | time=1.09s *
[2026-04-27 00:09:26] epoch   73/300 | train=0.004273 | val=0.004272 | best=0.004272@73 | patience=0/30 | time=1.14s *
[2026-04-27 00:09:27] epoch   74/300 | train=0.004243 | val=0.004251 | best=0.004251@74 | patience=0/30 | time=1.09s *
[2026-04-27 00:09:29] epoch   75/300 | train=0.004215 | val=0.004226 | best=0.004226@75 | patience=0/30 | time=1.10s *
[2026-04-27 00:09:30] epoch   76/300 | train=0.004190 | val=0.004196 | best=0.004196@76 | patience=0/30 | time=1.08s *
[2026-04-27 00:09:32] epoch   77/300 | train=0.004166 | val=0.004180 | best=0.004180@77 | patience=0/30 | time=1.18s *
[2026-04-27 00:09:34] epoch   78/300 | train=0.004138 | val=0.004143 | best=0.004143@78 | patience=0/30 | time=1.20s *
[2026-04-27 00:09:35] epoch   79/300 | train=0.004109 | val=0.004132 | best=0.004132@79 | patience=0/30 | time=1.19s *
[2026-04-27 00:09:37] epoch   80/300 | train=0.004091 | val=0.004116 | best=0.004116@80 | patience=0/30 | time=1.18s *
[2026-04-27 00:09:39] epoch   81/300 | train=0.004065 | val=0.004082 | best=0.004082@81 | patience=0/30 | time=1.18s *
[2026-04-27 00:09:40] epoch   82/300 | train=0.004044 | val=0.004064 | best=0.004064@82 | patience=0/30 | time=1.12s *
[2026-04-27 00:09:42] epoch   83/300 | train=0.004018 | val=0.004034 | best=0.004034@83 | patience=0/30 | time=1.14s *
[2026-04-27 00:09:43] epoch   84/300 | train=0.003996 | val=0.004011 | best=0.004011@84 | patience=0/30 | time=1.15s *
[2026-04-27 00:09:45] epoch   85/300 | train=0.003971 | val=0.004000 | best=0.004000@85 | patience=0/30 | time=1.15s *
[2026-04-27 00:09:46] epoch   86/300 | train=0.003959 | val=0.003983 | best=0.003983@86 | patience=0/30 | time=1.09s *
[2026-04-27 00:09:48] epoch   87/300 | train=0.003935 | val=0.003956 | best=0.003956@87 | patience=0/30 | time=1.13s *
[2026-04-27 00:09:49] epoch   88/300 | train=0.003910 | val=0.003936 | best=0.003936@88 | patience=0/30 | time=1.09s *
[2026-04-27 00:09:51] epoch   89/300 | train=0.003894 | val=0.003934 | best=0.003934@89 | patience=0/30 | time=1.11s *
[2026-04-27 00:09:52] epoch   90/300 | train=0.003874 | val=0.003893 | best=0.003893@90 | patience=0/30 | time=1.11s *
[2026-04-27 00:09:54] epoch   91/300 | train=0.003857 | val=0.003881 | best=0.003881@91 | patience=0/30 | time=1.11s *
[2026-04-27 00:09:55] epoch   92/300 | train=0.003835 | val=0.003866 | best=0.003866@92 | patience=0/30 | time=1.12s *
[2026-04-27 00:09:57] epoch   93/300 | train=0.003820 | val=0.003860 | best=0.003860@93 | patience=0/30 | time=1.09s *
[2026-04-27 00:09:58] epoch   94/300 | train=0.003802 | val=0.003842 | best=0.003842@94 | patience=0/30 | time=1.08s *
[2026-04-27 00:10:00] epoch   95/300 | train=0.003783 | val=0.003811 | best=0.003811@95 | patience=0/30 | time=1.11s *
[2026-04-27 00:10:01] epoch   96/300 | train=0.003767 | val=0.003801 | best=0.003801@96 | patience=0/30 | time=1.14s *
[2026-04-27 00:10:03] epoch   97/300 | train=0.003747 | val=0.003785 | best=0.003785@97 | patience=0/30 | time=1.09s *
[2026-04-27 00:10:04] epoch   98/300 | train=0.003731 | val=0.003767 | best=0.003767@98 | patience=0/30 | time=1.11s *
[2026-04-27 00:10:06] epoch   99/300 | train=0.003716 | val=0.003751 | best=0.003751@99 | patience=0/30 | time=1.08s *
[2026-04-27 00:10:07] epoch  100/300 | train=0.003700 | val=0.003738 | best=0.003738@100 | patience=0/30 | time=1.10s *
[2026-04-27 00:10:09] epoch  101/300 | train=0.003683 | val=0.003715 | best=0.003715@101 | patience=0/30 | time=1.09s *
[2026-04-27 00:10:10] epoch  102/300 | train=0.003672 | val=0.003706 | best=0.003706@102 | patience=0/30 | time=1.08s *
[2026-04-27 00:10:12] epoch  103/300 | train=0.003665 | val=0.003694 | best=0.003694@103 | patience=0/30 | time=1.09s *
[2026-04-27 00:10:13] epoch  104/300 | train=0.003639 | val=0.003671 | best=0.003671@104 | patience=0/30 | time=1.12s *
[2026-04-27 00:10:15] epoch  105/300 | train=0.003623 | val=0.003669 | best=0.003669@105 | patience=0/30 | time=1.10s *
[2026-04-27 00:10:16] epoch  106/300 | train=0.003611 | val=0.003650 | best=0.003650@106 | patience=0/30 | time=1.09s *
[2026-04-27 00:10:18] epoch  107/300 | train=0.003596 | val=0.003644 | best=0.003644@107 | patience=0/30 | time=1.08s *
[2026-04-27 00:10:19] epoch  108/300 | train=0.003579 | val=0.003620 | best=0.003620@108 | patience=0/30 | time=1.08s *
[2026-04-27 00:10:21] epoch  109/300 | train=0.003565 | val=0.003616 | best=0.003616@109 | patience=0/30 | time=1.08s *
[2026-04-27 00:10:22] epoch  110/300 | train=0.003556 | val=0.003604 | best=0.003604@110 | patience=0/30 | time=1.08s *
[2026-04-27 00:10:24] epoch  111/300 | train=0.003540 | val=0.003584 | best=0.003584@111 | patience=0/30 | time=1.08s *
[2026-04-27 00:10:25] epoch  112/300 | train=0.003525 | val=0.003572 | best=0.003572@112 | patience=0/30 | time=1.08s *
[2026-04-27 00:10:27] epoch  113/300 | train=0.003517 | val=0.003559 | best=0.003559@113 | patience=0/30 | time=1.10s *
[2026-04-27 00:10:28] epoch  114/300 | train=0.003503 | val=0.003551 | best=0.003551@114 | patience=0/30 | time=1.09s *
[2026-04-27 00:10:30] epoch  115/300 | train=0.003486 | val=0.003539 | best=0.003539@115 | patience=0/30 | time=1.08s *
[2026-04-27 00:10:31] epoch  116/300 | train=0.003476 | val=0.003534 | best=0.003534@116 | patience=0/30 | time=1.21s *
[2026-04-27 00:10:33] epoch  117/300 | train=0.003464 | val=0.003515 | best=0.003515@117 | patience=0/30 | time=1.08s *
[2026-04-27 00:10:34] epoch  118/300 | train=0.003450 | val=0.003508 | best=0.003508@118 | patience=0/30 | time=1.08s *
[2026-04-27 00:10:36] epoch  119/300 | train=0.003439 | val=0.003496 | best=0.003496@119 | patience=0/30 | time=1.08s *
[2026-04-27 00:10:37] epoch  120/300 | train=0.003426 | val=0.003480 | best=0.003480@120 | patience=0/30 | time=1.12s *
[2026-04-27 00:10:39] epoch  121/300 | train=0.003414 | val=0.003474 | best=0.003474@121 | patience=0/30 | time=1.08s *
[2026-04-27 00:10:40] epoch  122/300 | train=0.003403 | val=0.003459 | best=0.003459@122 | patience=0/30 | time=1.08s *
[2026-04-27 00:10:42] epoch  123/300 | train=0.003393 | val=0.003451 | best=0.003451@123 | patience=0/30 | time=1.09s *
[2026-04-27 00:10:43] epoch  124/300 | train=0.003382 | val=0.003434 | best=0.003434@124 | patience=0/30 | time=1.08s *
[2026-04-27 00:10:45] epoch  125/300 | train=0.003370 | val=0.003430 | best=0.003430@125 | patience=0/30 | time=1.11s *
[2026-04-27 00:10:46] epoch  126/300 | train=0.003360 | val=0.003415 | best=0.003415@126 | patience=0/30 | time=1.08s *
[2026-04-27 00:10:48] epoch  127/300 | train=0.003350 | val=0.003403 | best=0.003403@127 | patience=0/30 | time=1.08s *
[2026-04-27 00:10:49] epoch  128/300 | train=0.003337 | val=0.003394 | best=0.003394@128 | patience=0/30 | time=1.08s *
[2026-04-27 00:10:51] epoch  129/300 | train=0.003324 | val=0.003391 | best=0.003391@129 | patience=0/30 | time=1.08s *
[2026-04-27 00:10:52] epoch  130/300 | train=0.003318 | val=0.003377 | best=0.003377@130 | patience=0/30 | time=1.08s *
[2026-04-27 00:10:54] epoch  131/300 | train=0.003310 | val=0.003369 | best=0.003369@131 | patience=0/30 | time=1.10s *
[2026-04-27 00:10:55] epoch  132/300 | train=0.003299 | val=0.003355 | best=0.003355@132 | patience=0/30 | time=1.08s *
[2026-04-27 00:10:57] epoch  133/300 | train=0.003287 | val=0.003347 | best=0.003347@133 | patience=0/30 | time=1.08s *
[2026-04-27 00:10:58] epoch  134/300 | train=0.003278 | val=0.003338 | best=0.003338@134 | patience=0/30 | time=1.08s *
[2026-04-27 00:11:00] epoch  135/300 | train=0.003268 | val=0.003328 | best=0.003328@135 | patience=0/30 | time=1.11s *
[2026-04-27 00:11:01] epoch  136/300 | train=0.003260 | val=0.003318 | best=0.003318@136 | patience=0/30 | time=1.08s *
[2026-04-27 00:11:03] epoch  137/300 | train=0.003251 | val=0.003312 | best=0.003312@137 | patience=0/30 | time=1.08s *
[2026-04-27 00:11:04] epoch  138/300 | train=0.003242 | val=0.003307 | best=0.003307@138 | patience=0/30 | time=1.07s *
[2026-04-27 00:11:06] epoch  139/300 | train=0.003231 | val=0.003295 | best=0.003295@139 | patience=0/30 | time=1.12s *
[2026-04-27 00:11:07] epoch  140/300 | train=0.003225 | val=0.003289 | best=0.003289@140 | patience=0/30 | time=1.08s *
[2026-04-27 00:11:09] epoch  141/300 | train=0.003216 | val=0.003280 | best=0.003280@141 | patience=0/30 | time=1.08s *
[2026-04-27 00:11:10] epoch  142/300 | train=0.003204 | val=0.003276 | best=0.003276@142 | patience=0/30 | time=1.09s *
[2026-04-27 00:11:12] epoch  143/300 | train=0.003196 | val=0.003259 | best=0.003259@143 | patience=0/30 | time=1.08s *
[2026-04-27 00:11:13] epoch  144/300 | train=0.003187 | val=0.003253 | best=0.003253@144 | patience=0/30 | time=1.08s *
[2026-04-27 00:11:15] epoch  145/300 | train=0.003179 | val=0.003244 | best=0.003244@145 | patience=0/30 | time=1.08s *
[2026-04-27 00:11:17] epoch  146/300 | train=0.003171 | val=0.003242 | best=0.003242@146 | patience=0/30 | time=1.66s *
[2026-04-27 00:11:18] epoch  147/300 | train=0.003162 | val=0.003228 | best=0.003228@147 | patience=0/30 | time=1.08s *
[2026-04-27 00:11:20] epoch  148/300 | train=0.003154 | val=0.003222 | best=0.003222@148 | patience=0/30 | time=1.08s *
[2026-04-27 00:11:21] epoch  149/300 | train=0.003148 | val=0.003219 | best=0.003219@149 | patience=0/30 | time=1.08s *
[2026-04-27 00:11:22] epoch  150/300 | train=0.003141 | val=0.003213 | best=0.003213@150 | patience=0/30 | time=1.08s *
[2026-04-27 00:11:24] epoch  151/300 | train=0.003133 | val=0.003204 | best=0.003204@151 | patience=0/30 | time=1.08s *
[2026-04-27 00:11:25] epoch  152/300 | train=0.003124 | val=0.003198 | best=0.003198@152 | patience=0/30 | time=1.12s *
[2026-04-27 00:11:27] epoch  153/300 | train=0.003115 | val=0.003188 | best=0.003188@153 | patience=0/30 | time=1.08s *
[2026-04-27 00:11:28] epoch  154/300 | train=0.003109 | val=0.003180 | best=0.003180@154 | patience=0/30 | time=1.10s *
[2026-04-27 00:11:30] epoch  155/300 | train=0.003100 | val=0.003173 | best=0.003173@155 | patience=0/30 | time=1.08s *
[2026-04-27 00:11:31] epoch  156/300 | train=0.003095 | val=0.003174 | best=0.003173@155 | patience=1/30 | time=1.09s
[2026-04-27 00:11:32] epoch  157/300 | train=0.003089 | val=0.003162 | best=0.003162@157 | patience=0/30 | time=1.08s *
[2026-04-27 00:11:34] epoch  158/300 | train=0.003081 | val=0.003154 | best=0.003154@158 | patience=0/30 | time=1.08s *
[2026-04-27 00:11:35] epoch  159/300 | train=0.003074 | val=0.003146 | best=0.003146@159 | patience=0/30 | time=1.08s *
[2026-04-27 00:11:37] epoch  160/300 | train=0.003066 | val=0.003141 | best=0.003141@160 | patience=0/30 | time=1.08s *
[2026-04-27 00:11:38] epoch  161/300 | train=0.003059 | val=0.003129 | best=0.003129@161 | patience=0/30 | time=1.07s *
[2026-04-27 00:11:40] epoch  162/300 | train=0.003051 | val=0.003126 | best=0.003126@162 | patience=0/30 | time=1.08s *
[2026-04-27 00:11:41] epoch  163/300 | train=0.003047 | val=0.003122 | best=0.003122@163 | patience=0/30 | time=1.11s *
[2026-04-27 00:11:43] epoch  164/300 | train=0.003043 | val=0.003117 | best=0.003117@164 | patience=0/30 | time=1.08s *
[2026-04-27 00:11:44] epoch  165/300 | train=0.003036 | val=0.003108 | best=0.003108@165 | patience=0/30 | time=1.08s *
[2026-04-27 00:11:46] epoch  166/300 | train=0.003026 | val=0.003101 | best=0.003101@166 | patience=0/30 | time=1.08s *
[2026-04-27 00:11:47] epoch  167/300 | train=0.003021 | val=0.003098 | best=0.003098@167 | patience=0/30 | time=1.08s *
[2026-04-27 00:11:49] epoch  168/300 | train=0.003013 | val=0.003090 | best=0.003090@168 | patience=0/30 | time=1.12s *
[2026-04-27 00:11:50] epoch  169/300 | train=0.003011 | val=0.003089 | best=0.003090@168 | patience=1/30 | time=1.08s
[2026-04-27 00:11:51] epoch  170/300 | train=0.003001 | val=0.003078 | best=0.003078@170 | patience=0/30 | time=1.08s *
[2026-04-27 00:11:53] epoch  171/300 | train=0.002995 | val=0.003074 | best=0.003074@171 | patience=0/30 | time=1.08s *
[2026-04-27 00:11:54] epoch  172/300 | train=0.002988 | val=0.003068 | best=0.003068@172 | patience=0/30 | time=1.08s *
[2026-04-27 00:11:56] epoch  173/300 | train=0.002985 | val=0.003065 | best=0.003065@173 | patience=0/30 | time=1.09s *
[2026-04-27 00:11:57] epoch  174/300 | train=0.002976 | val=0.003056 | best=0.003056@174 | patience=0/30 | time=1.08s *
[2026-04-27 00:11:59] epoch  175/300 | train=0.002973 | val=0.003052 | best=0.003052@175 | patience=0/30 | time=1.08s *
[2026-04-27 00:12:00] epoch  176/300 | train=0.002967 | val=0.003048 | best=0.003048@176 | patience=0/30 | time=1.08s *
[2026-04-27 00:12:02] epoch  177/300 | train=0.002959 | val=0.003038 | best=0.003038@177 | patience=0/30 | time=1.08s *
[2026-04-27 00:12:03] epoch  178/300 | train=0.002953 | val=0.003037 | best=0.003038@177 | patience=1/30 | time=1.08s
[2026-04-27 00:12:04] epoch  179/300 | train=0.002948 | val=0.003027 | best=0.003027@179 | patience=0/30 | time=1.20s *
[2026-04-27 00:12:06] epoch  180/300 | train=0.002942 | val=0.003024 | best=0.003024@180 | patience=0/30 | time=1.08s *
[2026-04-27 00:12:07] epoch  181/300 | train=0.002938 | val=0.003020 | best=0.003020@181 | patience=0/30 | time=1.08s *
[2026-04-27 00:12:09] epoch  182/300 | train=0.002931 | val=0.003014 | best=0.003014@182 | patience=0/30 | time=1.08s *
[2026-04-27 00:12:10] epoch  183/300 | train=0.002924 | val=0.003007 | best=0.003007@183 | patience=0/30 | time=1.08s *
[2026-04-27 00:12:12] epoch  184/300 | train=0.002920 | val=0.003002 | best=0.003002@184 | patience=0/30 | time=1.12s *
[2026-04-27 00:12:13] epoch  185/300 | train=0.002914 | val=0.002999 | best=0.002999@185 | patience=0/30 | time=1.08s *
[2026-04-27 00:12:15] epoch  186/300 | train=0.002910 | val=0.002991 | best=0.002991@186 | patience=0/30 | time=1.08s *
[2026-04-27 00:12:16] epoch  187/300 | train=0.002902 | val=0.002989 | best=0.002989@187 | patience=0/30 | time=1.10s *
[2026-04-27 00:12:17] epoch  188/300 | train=0.002898 | val=0.002989 | best=0.002989@187 | patience=1/30 | time=1.08s
[2026-04-27 00:12:19] epoch  189/300 | train=0.002894 | val=0.002981 | best=0.002981@189 | patience=0/30 | time=1.08s *
[2026-04-27 00:12:20] epoch  190/300 | train=0.002888 | val=0.002973 | best=0.002973@190 | patience=0/30 | time=1.09s *
[2026-04-27 00:12:22] epoch  191/300 | train=0.002883 | val=0.002970 | best=0.002970@191 | patience=0/30 | time=1.08s *
[2026-04-27 00:12:23] epoch  192/300 | train=0.002875 | val=0.002964 | best=0.002964@192 | patience=0/30 | time=1.08s *
[2026-04-27 00:12:25] epoch  193/300 | train=0.002871 | val=0.002960 | best=0.002960@193 | patience=0/30 | time=1.08s *
[2026-04-27 00:12:26] epoch  194/300 | train=0.002869 | val=0.002965 | best=0.002960@193 | patience=1/30 | time=1.08s
[2026-04-27 00:12:27] epoch  195/300 | train=0.002868 | val=0.002958 | best=0.002958@195 | patience=0/30 | time=1.08s *
[2026-04-27 00:12:29] epoch  196/300 | train=0.002861 | val=0.002952 | best=0.002952@196 | patience=0/30 | time=1.11s *
[2026-04-27 00:12:30] epoch  197/300 | train=0.002851 | val=0.002941 | best=0.002941@197 | patience=0/30 | time=1.08s *
[2026-04-27 00:12:32] epoch  198/300 | train=0.002846 | val=0.002938 | best=0.002938@198 | patience=0/30 | time=1.08s *
[2026-04-27 00:12:33] epoch  199/300 | train=0.002841 | val=0.002929 | best=0.002929@199 | patience=0/30 | time=1.08s *
[2026-04-27 00:12:35] epoch  200/300 | train=0.002836 | val=0.002928 | best=0.002928@200 | patience=0/30 | time=1.08s *
[2026-04-27 00:12:36] epoch  201/300 | train=0.002831 | val=0.002921 | best=0.002921@201 | patience=0/30 | time=1.12s *
[2026-04-27 00:12:37] epoch  202/300 | train=0.002828 | val=0.002922 | best=0.002921@201 | patience=1/30 | time=1.08s
[2026-04-27 00:12:39] epoch  203/300 | train=0.002825 | val=0.002916 | best=0.002916@203 | patience=0/30 | time=1.08s *
[2026-04-27 00:12:40] epoch  204/300 | train=0.002821 | val=0.002915 | best=0.002915@204 | patience=0/30 | time=1.10s *
[2026-04-27 00:12:42] epoch  205/300 | train=0.002815 | val=0.002909 | best=0.002909@205 | patience=0/30 | time=1.08s *
[2026-04-27 00:12:43] epoch  206/300 | train=0.002811 | val=0.002901 | best=0.002901@206 | patience=0/30 | time=1.08s *
[2026-04-27 00:12:45] epoch  207/300 | train=0.002807 | val=0.002899 | best=0.002899@207 | patience=0/30 | time=1.09s *
[2026-04-27 00:12:46] epoch  208/300 | train=0.002804 | val=0.002897 | best=0.002897@208 | patience=0/30 | time=1.08s *
[2026-04-27 00:12:47] epoch  209/300 | train=0.002800 | val=0.002898 | best=0.002897@208 | patience=1/30 | time=1.08s
[2026-04-27 00:12:49] epoch  210/300 | train=0.002794 | val=0.002891 | best=0.002891@210 | patience=0/30 | time=1.08s *
[2026-04-27 00:12:50] epoch  211/300 | train=0.002793 | val=0.002881 | best=0.002881@211 | patience=0/30 | time=1.08s *
[2026-04-27 00:12:51] epoch  212/300 | train=0.002787 | val=0.002886 | best=0.002881@211 | patience=1/30 | time=1.10s
[2026-04-27 00:12:53] epoch  213/300 | train=0.002782 | val=0.002875 | best=0.002875@213 | patience=0/30 | time=1.08s *
[2026-04-27 00:12:54] epoch  214/300 | train=0.002774 | val=0.002874 | best=0.002875@213 | patience=1/30 | time=1.08s
[2026-04-27 00:12:55] epoch  215/300 | train=0.002772 | val=0.002870 | best=0.002870@215 | patience=0/30 | time=1.08s *
[2026-04-27 00:12:57] epoch  216/300 | train=0.002767 | val=0.002861 | best=0.002861@216 | patience=0/30 | time=1.08s *
[2026-04-27 00:12:58] epoch  217/300 | train=0.002766 | val=0.002862 | best=0.002861@216 | patience=1/30 | time=1.08s
[2026-04-27 00:13:00] epoch  218/300 | train=0.002760 | val=0.002860 | best=0.002860@218 | patience=0/30 | time=1.12s *
[2026-04-27 00:13:01] epoch  219/300 | train=0.002755 | val=0.002853 | best=0.002853@219 | patience=0/30 | time=1.08s *
[2026-04-27 00:13:03] epoch  220/300 | train=0.002750 | val=0.002851 | best=0.002851@220 | patience=0/30 | time=1.08s *
[2026-04-27 00:13:04] epoch  221/300 | train=0.002746 | val=0.002851 | best=0.002851@220 | patience=1/30 | time=1.10s
[2026-04-27 00:13:05] epoch  222/300 | train=0.002744 | val=0.002842 | best=0.002842@222 | patience=0/30 | time=1.08s *
[2026-04-27 00:13:07] epoch  223/300 | train=0.002737 | val=0.002839 | best=0.002839@223 | patience=0/30 | time=1.08s *
[2026-04-27 00:13:08] epoch  224/300 | train=0.002736 | val=0.002846 | best=0.002839@223 | patience=1/30 | time=1.09s
[2026-04-27 00:13:09] epoch  225/300 | train=0.002733 | val=0.002833 | best=0.002833@225 | patience=0/30 | time=1.08s *
[2026-04-27 00:13:11] epoch  226/300 | train=0.002728 | val=0.002829 | best=0.002829@226 | patience=0/30 | time=1.08s *
[2026-04-27 00:13:12] epoch  227/300 | train=0.002725 | val=0.002828 | best=0.002829@226 | patience=1/30 | time=1.08s
[2026-04-27 00:13:13] epoch  228/300 | train=0.002721 | val=0.002825 | best=0.002825@228 | patience=0/30 | time=1.08s *
[2026-04-27 00:13:15] epoch  229/300 | train=0.002718 | val=0.002818 | best=0.002818@229 | patience=0/30 | time=1.08s *
[2026-04-27 00:13:16] epoch  230/300 | train=0.002713 | val=0.002816 | best=0.002816@230 | patience=0/30 | time=1.11s *
[2026-04-27 00:13:17] epoch  231/300 | train=0.002710 | val=0.002816 | best=0.002816@230 | patience=1/30 | time=1.08s
[2026-04-27 00:13:19] epoch  232/300 | train=0.002708 | val=0.002811 | best=0.002811@232 | patience=0/30 | time=1.08s *
[2026-04-27 00:13:20] epoch  233/300 | train=0.002702 | val=0.002810 | best=0.002811@232 | patience=1/30 | time=1.08s
[2026-04-27 00:13:21] epoch  234/300 | train=0.002699 | val=0.002808 | best=0.002808@234 | patience=0/30 | time=1.08s *
[2026-04-27 00:13:23] epoch  235/300 | train=0.002695 | val=0.002801 | best=0.002801@235 | patience=0/30 | time=1.08s *
[2026-04-27 00:13:24] epoch  236/300 | train=0.002692 | val=0.002797 | best=0.002797@236 | patience=0/30 | time=1.12s *
[2026-04-27 00:13:26] epoch  237/300 | train=0.002689 | val=0.002793 | best=0.002793@237 | patience=0/30 | time=1.08s *
[2026-04-27 00:13:27] epoch  238/300 | train=0.002687 | val=0.002795 | best=0.002793@237 | patience=1/30 | time=1.08s
[2026-04-27 00:13:28] epoch  239/300 | train=0.002685 | val=0.002792 | best=0.002792@239 | patience=0/30 | time=1.10s *
[2026-04-27 00:13:30] epoch  240/300 | train=0.002681 | val=0.002787 | best=0.002787@240 | patience=0/30 | time=1.08s *
[2026-04-27 00:13:31] epoch  241/300 | train=0.002675 | val=0.002785 | best=0.002785@241 | patience=0/30 | time=1.08s *
[2026-04-27 00:13:33] epoch  242/300 | train=0.002671 | val=0.002777 | best=0.002777@242 | patience=0/30 | time=1.09s *
[2026-04-27 00:13:34] epoch  243/300 | train=0.002668 | val=0.002777 | best=0.002777@242 | patience=1/30 | time=1.08s
[2026-04-27 00:13:35] epoch  244/300 | train=0.002664 | val=0.002780 | best=0.002777@242 | patience=2/30 | time=1.08s
[2026-04-27 00:13:37] epoch  245/300 | train=0.002661 | val=0.002773 | best=0.002773@245 | patience=0/30 | time=1.08s *
[2026-04-27 00:13:38] epoch  246/300 | train=0.002655 | val=0.002774 | best=0.002773@245 | patience=1/30 | time=1.08s
[2026-04-27 00:13:39] epoch  247/300 | train=0.002653 | val=0.002764 | best=0.002764@247 | patience=0/30 | time=1.08s *
[2026-04-27 00:13:40] epoch  248/300 | train=0.002650 | val=0.002763 | best=0.002764@247 | patience=1/30 | time=1.11s
[2026-04-27 00:13:42] epoch  249/300 | train=0.002647 | val=0.002762 | best=0.002762@249 | patience=0/30 | time=1.08s *
[2026-04-27 00:13:43] epoch  250/300 | train=0.002644 | val=0.002760 | best=0.002760@250 | patience=0/30 | time=1.08s *
[2026-04-27 00:13:45] epoch  251/300 | train=0.002643 | val=0.002753 | best=0.002753@251 | patience=0/30 | time=1.08s *
[2026-04-27 00:13:46] epoch  252/300 | train=0.002638 | val=0.002754 | best=0.002753@251 | patience=1/30 | time=1.08s
[2026-04-27 00:13:47] epoch  253/300 | train=0.002635 | val=0.002749 | best=0.002749@253 | patience=0/30 | time=1.07s *
[2026-04-27 00:13:49] epoch  254/300 | train=0.002630 | val=0.002746 | best=0.002746@254 | patience=0/30 | time=1.08s *
[2026-04-27 00:13:50] epoch  255/300 | train=0.002628 | val=0.002747 | best=0.002746@254 | patience=1/30 | time=1.08s
[2026-04-27 00:13:51] epoch  256/300 | train=0.002624 | val=0.002739 | best=0.002739@256 | patience=0/30 | time=1.08s *
[2026-04-27 00:13:53] epoch  257/300 | train=0.002620 | val=0.002735 | best=0.002735@257 | patience=0/30 | time=1.10s *
[2026-04-27 00:13:54] epoch  258/300 | train=0.002617 | val=0.002733 | best=0.002733@258 | patience=0/30 | time=1.08s *
[2026-04-27 00:13:56] epoch  259/300 | train=0.002615 | val=0.002730 | best=0.002730@259 | patience=0/30 | time=1.08s *
[2026-04-27 00:13:58] epoch  260/300 | train=0.002610 | val=0.002727 | best=0.002727@260 | patience=0/30 | time=1.21s *
[2026-04-27 00:13:59] epoch  261/300 | train=0.002607 | val=0.002726 | best=0.002726@261 | patience=0/30 | time=1.18s *
[2026-04-27 00:14:01] epoch  262/300 | train=0.002606 | val=0.002721 | best=0.002721@262 | patience=0/30 | time=1.17s *
[2026-04-27 00:14:02] epoch  263/300 | train=0.002604 | val=0.002726 | best=0.002721@262 | patience=1/30 | time=1.15s
[2026-04-27 00:14:04] epoch  264/300 | train=0.002602 | val=0.002717 | best=0.002717@264 | patience=0/30 | time=1.11s *
[2026-04-27 00:14:05] epoch  265/300 | train=0.002599 | val=0.002718 | best=0.002717@264 | patience=1/30 | time=1.08s
[2026-04-27 00:14:06] epoch  266/300 | train=0.002597 | val=0.002720 | best=0.002717@264 | patience=2/30 | time=1.08s
[2026-04-27 00:14:07] epoch  267/300 | train=0.002597 | val=0.002720 | best=0.002717@264 | patience=3/30 | time=1.10s
[2026-04-27 00:14:08] epoch  268/300 | train=0.002592 | val=0.002720 | best=0.002717@264 | patience=4/30 | time=1.15s
[2026-04-27 00:14:10] epoch  269/300 | train=0.002589 | val=0.002706 | best=0.002706@269 | patience=0/30 | time=1.15s *
[2026-04-27 00:14:11] epoch  270/300 | train=0.002583 | val=0.002706 | best=0.002706@269 | patience=1/30 | time=1.13s
[2026-04-27 00:14:12] epoch  271/300 | train=0.002581 | val=0.002701 | best=0.002701@271 | patience=0/30 | time=1.11s *
[2026-04-27 00:14:14] epoch  272/300 | train=0.002576 | val=0.002701 | best=0.002701@271 | patience=1/30 | time=1.11s
[2026-04-27 00:14:15] epoch  273/300 | train=0.002575 | val=0.002699 | best=0.002699@273 | patience=0/30 | time=1.11s *
[2026-04-27 00:14:17] epoch  274/300 | train=0.002573 | val=0.002693 | best=0.002693@274 | patience=0/30 | time=1.14s *
[2026-04-27 00:14:18] epoch  275/300 | train=0.002569 | val=0.002690 | best=0.002690@275 | patience=0/30 | time=1.09s *
[2026-04-27 00:14:20] epoch  276/300 | train=0.002565 | val=0.002685 | best=0.002685@276 | patience=0/30 | time=1.11s *
[2026-04-27 00:14:21] epoch  277/300 | train=0.002562 | val=0.002685 | best=0.002685@276 | patience=1/30 | time=1.14s
[2026-04-27 00:14:22] epoch  278/300 | train=0.002559 | val=0.002683 | best=0.002683@278 | patience=0/30 | time=1.09s *
[2026-04-27 00:14:24] epoch  279/300 | train=0.002557 | val=0.002681 | best=0.002681@279 | patience=0/30 | time=1.10s *
[2026-04-27 00:14:25] epoch  280/300 | train=0.002554 | val=0.002681 | best=0.002681@279 | patience=1/30 | time=1.12s
[2026-04-27 00:14:26] epoch  281/300 | train=0.002553 | val=0.002681 | best=0.002681@279 | patience=2/30 | time=1.09s
[2026-04-27 00:14:28] epoch  282/300 | train=0.002549 | val=0.002674 | best=0.002674@282 | patience=0/30 | time=1.09s *
[2026-04-27 00:14:29] epoch  283/300 | train=0.002546 | val=0.002671 | best=0.002671@283 | patience=0/30 | time=1.08s *
[2026-04-27 00:14:30] epoch  284/300 | train=0.002543 | val=0.002671 | best=0.002671@283 | patience=1/30 | time=1.11s
[2026-04-27 00:14:32] epoch  285/300 | train=0.002542 | val=0.002667 | best=0.002667@285 | patience=0/30 | time=1.12s *
[2026-04-27 00:14:33] epoch  286/300 | train=0.002539 | val=0.002664 | best=0.002664@286 | patience=0/30 | time=1.10s *
[2026-04-27 00:14:35] epoch  287/300 | train=0.002535 | val=0.002661 | best=0.002661@287 | patience=0/30 | time=1.09s *
[2026-04-27 00:14:36] epoch  288/300 | train=0.002533 | val=0.002659 | best=0.002659@288 | patience=0/30 | time=1.11s *
[2026-04-27 00:14:38] epoch  289/300 | train=0.002530 | val=0.002657 | best=0.002657@289 | patience=0/30 | time=1.08s *
[2026-04-27 00:14:39] epoch  290/300 | train=0.002528 | val=0.002653 | best=0.002653@290 | patience=0/30 | time=1.12s *
[2026-04-27 00:14:40] epoch  291/300 | train=0.002525 | val=0.002655 | best=0.002653@290 | patience=1/30 | time=1.10s
[2026-04-27 00:14:42] epoch  292/300 | train=0.002522 | val=0.002654 | best=0.002653@290 | patience=2/30 | time=1.09s
[2026-04-27 00:14:43] epoch  293/300 | train=0.002525 | val=0.002654 | best=0.002653@290 | patience=3/30 | time=1.08s
[2026-04-27 00:14:44] epoch  294/300 | train=0.002519 | val=0.002649 | best=0.002649@294 | patience=0/30 | time=1.07s *
[2026-04-27 00:14:45] epoch  295/300 | train=0.002515 | val=0.002649 | best=0.002649@294 | patience=1/30 | time=1.08s
[2026-04-27 00:14:47] epoch  296/300 | train=0.002516 | val=0.002644 | best=0.002644@296 | patience=0/30 | time=1.11s *
[2026-04-27 00:14:48] epoch  297/300 | train=0.002514 | val=0.002643 | best=0.002643@297 | patience=0/30 | time=1.08s *
[2026-04-27 00:14:50] epoch  298/300 | train=0.002508 | val=0.002638 | best=0.002638@298 | patience=0/30 | time=1.12s *
[2026-04-27 00:14:51] epoch  299/300 | train=0.002506 | val=0.002635 | best=0.002635@299 | patience=0/30 | time=1.10s *
[2026-04-27 00:14:53] epoch  300/300 | train=0.002504 | val=0.002638 | best=0.002635@299 | patience=1/30 | time=1.13s
[2026-04-27 00:14:53] Training done: stop_reason=max_epochs, total_epochs=300, best_epoch=299, best_val=0.002635
[2026-04-27 00:14:53] Reloading best checkpoint (epoch 299) for evaluation
[2026-04-27 00:14:55] ------------------------------------------------------------
[2026-04-27 00:14:55] Evaluation:
[2026-04-27 00:14:55]   AUC broken_lcfs         : 0.4893
[2026-04-27 00:14:55]   AUC bad_black_core      : 0.9973
[2026-04-27 00:14:55]   AUC bad_nonconverged    : 0.9973
[2026-04-27 00:14:55]   objective      : 0.7941
[2026-04-27 00:14:55]   floor_ok       : True
[2026-04-27 00:14:55]   threshold      : 0.0366
[2026-04-27 00:14:55]   mu / sigma     : 0.00249754 / 0.000706344
[2026-04-27 00:14:55] Train time=695.9s, eval time=1.7s
