[2026-04-27 12:45:36] ============================================================
[2026-04-27 12:45:36] Trial 192 starting on cuda:0
[2026-04-27 12:45:36] Timestamp: 2026-04-27T12:45:36.493202
[2026-04-27 12:45:36] --- Config summary ---
  bottleneck_dim  : 250
  n_enc_layers    : 5
  n_dec_layers    : 3
  base_channels   : 62
  growth_factor   : 1.6866138268914386
  use_batchnorm   : True
  use_hpf         : True
  hpf_sigma       : 1.0086013839709582
  lr              : 0.00022462020349196278
  batch_size      : 16
  max_epochs      : 300
  patience        : 30
  seed            : 42
  deterministic   : False
  trial_num       : 192
[2026-04-27 12:45:36] Loading train/val/selection splits...
[2026-04-27 12:46:42] Splits loaded in 65.6s: n_train=722, n_val=120, n_selection=405
[2026-04-27 12:46:43] --- Architecture summary ---
  channels per enc layer : [62, 105, 176, 297, 502]
  final spatial size     : 8x8
  flat size before latent: 32128
  bottleneck_dim         : 250
  total parameters       : 29,402,191
[2026-04-27 12:46:43] Starting training: n_train=722, n_val=120, device=cuda:0
[2026-04-27 12:48:34] epoch    1/300 | train=0.003750 | val=0.002908 | best=0.002908@1 | patience=0/30 | time=110.83s *
[2026-04-27 12:48:42] epoch    2/300 | train=0.002365 | val=0.002166 | best=0.002166@2 | patience=0/30 | time=7.21s *
[2026-04-27 12:48:49] epoch    3/300 | train=0.001782 | val=0.001642 | best=0.001642@3 | patience=0/30 | time=6.64s *
[2026-04-27 12:49:00] epoch    4/300 | train=0.001491 | val=0.001472 | best=0.001472@4 | patience=0/30 | time=10.40s *
[2026-04-27 12:49:07] epoch    5/300 | train=0.001365 | val=0.001313 | best=0.001313@5 | patience=0/30 | time=6.48s *
[2026-04-27 12:49:13] epoch    6/300 | train=0.001319 | val=0.001386 | best=0.001313@5 | patience=1/30 | time=6.51s
[2026-04-27 12:49:20] epoch    7/300 | train=0.001298 | val=0.001283 | best=0.001283@7 | patience=0/30 | time=6.49s *
[2026-04-27 12:49:30] epoch    8/300 | train=0.001284 | val=0.001299 | best=0.001283@7 | patience=1/30 | time=9.06s
[2026-04-27 12:49:37] epoch    9/300 | train=0.001269 | val=0.001239 | best=0.001239@9 | patience=0/30 | time=6.62s *
[2026-04-27 12:49:43] epoch   10/300 | train=0.001243 | val=0.001249 | best=0.001239@9 | patience=1/30 | time=6.46s
[2026-04-27 12:49:50] epoch   11/300 | train=0.001249 | val=0.001229 | best=0.001229@11 | patience=0/30 | time=6.51s *
[2026-04-27 12:49:57] epoch   12/300 | train=0.001234 | val=0.001235 | best=0.001229@11 | patience=1/30 | time=6.51s
[2026-04-27 12:50:05] epoch   13/300 | train=0.001233 | val=0.001221 | best=0.001221@13 | patience=0/30 | time=7.78s *
[2026-04-27 12:50:12] epoch   14/300 | train=0.001229 | val=0.001212 | best=0.001212@14 | patience=0/30 | time=6.49s *
[2026-04-27 12:50:19] epoch   15/300 | train=0.001219 | val=0.001233 | best=0.001212@14 | patience=1/30 | time=7.06s
[2026-04-27 12:50:26] epoch   16/300 | train=0.001232 | val=0.001220 | best=0.001212@14 | patience=2/30 | time=6.66s
[2026-04-27 12:50:36] epoch   17/300 | train=0.001201 | val=0.001227 | best=0.001212@14 | patience=3/30 | time=9.61s
[2026-04-27 12:50:42] epoch   18/300 | train=0.001209 | val=0.001219 | best=0.001212@14 | patience=4/30 | time=6.48s
[2026-04-27 12:50:49] epoch   19/300 | train=0.001189 | val=0.001190 | best=0.001190@19 | patience=0/30 | time=6.53s *
[2026-04-27 12:50:56] epoch   20/300 | train=0.001181 | val=0.001324 | best=0.001190@19 | patience=1/30 | time=6.50s
[2026-04-27 12:51:03] epoch   21/300 | train=0.001200 | val=0.001194 | best=0.001190@19 | patience=2/30 | time=6.49s
[2026-04-27 12:51:11] epoch   22/300 | train=0.001163 | val=0.001160 | best=0.001160@22 | patience=0/30 | time=7.81s *
[2026-04-27 12:51:18] epoch   23/300 | train=0.001153 | val=0.001243 | best=0.001160@22 | patience=1/30 | time=6.49s
[2026-04-27 12:51:24] epoch   24/300 | train=0.001147 | val=0.001243 | best=0.001160@22 | patience=2/30 | time=6.52s
[2026-04-27 12:51:31] epoch   25/300 | train=0.001154 | val=0.001189 | best=0.001160@22 | patience=3/30 | time=6.65s
[2026-04-27 12:51:41] epoch   26/300 | train=0.001130 | val=0.001371 | best=0.001160@22 | patience=4/30 | time=10.49s
[2026-04-27 12:51:48] epoch   27/300 | train=0.001151 | val=0.001204 | best=0.001160@22 | patience=5/30 | time=6.48s
[2026-04-27 12:51:56] epoch   28/300 | train=0.001109 | val=0.001132 | best=0.001132@28 | patience=0/30 | time=7.07s *
[2026-04-27 12:52:03] epoch   29/300 | train=0.001104 | val=0.001111 | best=0.001111@29 | patience=0/30 | time=6.63s *
[2026-04-27 12:52:10] epoch   30/300 | train=0.001088 | val=0.001086 | best=0.001086@30 | patience=0/30 | time=6.87s *
[2026-04-27 12:52:18] epoch   31/300 | train=0.001079 | val=0.001104 | best=0.001086@30 | patience=1/30 | time=7.47s
[2026-04-27 12:52:24] epoch   32/300 | train=0.001063 | val=0.001098 | best=0.001086@30 | patience=2/30 | time=6.47s
[2026-04-27 12:52:32] epoch   33/300 | train=0.001059 | val=0.001137 | best=0.001086@30 | patience=3/30 | time=7.15s
[2026-04-27 12:52:39] epoch   34/300 | train=0.001049 | val=0.001072 | best=0.001072@34 | patience=0/30 | time=6.67s *
[2026-04-27 12:52:46] epoch   35/300 | train=0.001051 | val=0.001059 | best=0.001059@35 | patience=0/30 | time=6.88s *
[2026-04-27 12:52:53] epoch   36/300 | train=0.001024 | val=0.001033 | best=0.001033@36 | patience=0/30 | time=6.50s *
[2026-04-27 12:53:00] epoch   37/300 | train=0.001010 | val=0.001051 | best=0.001033@36 | patience=1/30 | time=6.55s
[2026-04-27 12:53:07] epoch   38/300 | train=0.000993 | val=0.001112 | best=0.001033@36 | patience=2/30 | time=6.50s
[2026-04-27 12:53:14] epoch   39/300 | train=0.000996 | val=0.001030 | best=0.001030@39 | patience=0/30 | time=6.51s *
[2026-04-27 12:53:21] epoch   40/300 | train=0.000965 | val=0.001079 | best=0.001030@39 | patience=1/30 | time=6.58s
[2026-04-27 12:53:28] epoch   41/300 | train=0.000960 | val=0.000978 | best=0.000978@41 | patience=0/30 | time=6.50s *
[2026-04-27 12:53:34] epoch   42/300 | train=0.000946 | val=0.001048 | best=0.000978@41 | patience=1/30 | time=6.53s
[2026-04-27 12:53:41] epoch   43/300 | train=0.000935 | val=0.000974 | best=0.000974@43 | patience=0/30 | time=6.67s *
[2026-04-27 12:53:48] epoch   44/300 | train=0.000927 | val=0.001007 | best=0.000974@43 | patience=1/30 | time=6.91s
[2026-04-27 12:53:55] epoch   45/300 | train=0.000917 | val=0.000974 | best=0.000974@43 | patience=2/30 | time=6.61s
[2026-04-27 12:54:02] epoch   46/300 | train=0.000907 | val=0.000963 | best=0.000963@46 | patience=0/30 | time=6.47s *
[2026-04-27 12:54:09] epoch   47/300 | train=0.000888 | val=0.001011 | best=0.000963@46 | patience=1/30 | time=7.07s
[2026-04-27 12:54:16] epoch   48/300 | train=0.000897 | val=0.000932 | best=0.000932@48 | patience=0/30 | time=6.62s *
[2026-04-27 12:54:26] epoch   49/300 | train=0.000873 | val=0.000919 | best=0.000919@49 | patience=0/30 | time=9.31s *
[2026-04-27 12:54:33] epoch   50/300 | train=0.000869 | val=0.000948 | best=0.000919@49 | patience=1/30 | time=6.47s
[2026-04-27 12:54:39] epoch   51/300 | train=0.000857 | val=0.000926 | best=0.000919@49 | patience=2/30 | time=6.54s
[2026-04-27 12:54:47] epoch   52/300 | train=0.000846 | val=0.000904 | best=0.000904@52 | patience=0/30 | time=6.53s *
[2026-04-27 12:54:54] epoch   53/300 | train=0.000838 | val=0.000969 | best=0.000904@52 | patience=1/30 | time=6.88s
[2026-04-27 12:55:01] epoch   54/300 | train=0.000832 | val=0.000886 | best=0.000886@54 | patience=0/30 | time=6.48s *
[2026-04-27 12:55:07] epoch   55/300 | train=0.000823 | val=0.000945 | best=0.000886@54 | patience=1/30 | time=6.54s
[2026-04-27 12:55:14] epoch   56/300 | train=0.000837 | val=0.000907 | best=0.000886@54 | patience=2/30 | time=6.50s
[2026-04-27 12:55:20] epoch   57/300 | train=0.000810 | val=0.000895 | best=0.000886@54 | patience=3/30 | time=6.50s
[2026-04-27 12:55:28] epoch   58/300 | train=0.000809 | val=0.000879 | best=0.000879@58 | patience=0/30 | time=6.83s *
[2026-04-27 12:55:34] epoch   59/300 | train=0.000793 | val=0.000896 | best=0.000879@58 | patience=1/30 | time=6.49s
[2026-04-27 12:55:41] epoch   60/300 | train=0.000784 | val=0.000866 | best=0.000866@60 | patience=0/30 | time=6.54s *
[2026-04-27 12:55:48] epoch   61/300 | train=0.000779 | val=0.000876 | best=0.000866@60 | patience=1/30 | time=6.59s
[2026-04-27 12:55:55] epoch   62/300 | train=0.000775 | val=0.000869 | best=0.000866@60 | patience=2/30 | time=6.74s
[2026-04-27 12:56:02] epoch   63/300 | train=0.000759 | val=0.000866 | best=0.000866@60 | patience=3/30 | time=6.58s
[2026-04-27 12:56:08] epoch   64/300 | train=0.000746 | val=0.000891 | best=0.000866@60 | patience=4/30 | time=6.50s
[2026-04-27 12:56:15] epoch   65/300 | train=0.000759 | val=0.000876 | best=0.000866@60 | patience=5/30 | time=7.07s
[2026-04-27 12:56:23] epoch   66/300 | train=0.000743 | val=0.000858 | best=0.000858@66 | patience=0/30 | time=6.68s *
[2026-04-27 12:56:34] epoch   67/300 | train=0.000733 | val=0.000856 | best=0.000856@67 | patience=0/30 | time=10.51s *
[2026-04-27 12:56:40] epoch   68/300 | train=0.000729 | val=0.000855 | best=0.000856@67 | patience=1/30 | time=6.50s
[2026-04-27 12:56:48] epoch   69/300 | train=0.000721 | val=0.000848 | best=0.000848@69 | patience=0/30 | time=7.04s *
[2026-04-27 12:56:55] epoch   70/300 | train=0.000716 | val=0.000860 | best=0.000848@69 | patience=1/30 | time=6.67s
[2026-04-27 12:57:05] epoch   71/300 | train=0.000721 | val=0.000853 | best=0.000848@69 | patience=2/30 | time=10.51s
[2026-04-27 12:57:12] epoch   72/300 | train=0.000699 | val=0.000873 | best=0.000848@69 | patience=3/30 | time=6.49s
[2026-04-27 12:57:20] epoch   73/300 | train=0.000700 | val=0.000836 | best=0.000836@73 | patience=0/30 | time=6.99s *
[2026-04-27 12:57:26] epoch   74/300 | train=0.000681 | val=0.000843 | best=0.000836@73 | patience=1/30 | time=6.65s
[2026-04-27 12:57:35] epoch   75/300 | train=0.000677 | val=0.000847 | best=0.000836@73 | patience=2/30 | time=8.81s
[2026-04-27 12:57:43] epoch   76/300 | train=0.000684 | val=0.000835 | best=0.000835@76 | patience=0/30 | time=7.45s *
[2026-04-27 12:57:51] epoch   77/300 | train=0.000668 | val=0.000863 | best=0.000835@76 | patience=1/30 | time=7.11s
[2026-04-27 12:57:57] epoch   78/300 | train=0.000673 | val=0.000855 | best=0.000835@76 | patience=2/30 | time=6.62s
[2026-04-27 12:58:07] epoch   79/300 | train=0.000677 | val=0.000856 | best=0.000835@76 | patience=3/30 | time=9.56s
[2026-04-27 12:58:14] epoch   80/300 | train=0.000662 | val=0.000843 | best=0.000835@76 | patience=4/30 | time=7.48s
[2026-04-27 12:58:22] epoch   81/300 | train=0.000660 | val=0.000831 | best=0.000831@81 | patience=0/30 | time=7.05s *
[2026-04-27 12:58:29] epoch   82/300 | train=0.000655 | val=0.000838 | best=0.000831@81 | patience=1/30 | time=6.62s
[2026-04-27 12:58:36] epoch   83/300 | train=0.000637 | val=0.000825 | best=0.000825@83 | patience=0/30 | time=6.50s *
[2026-04-27 12:58:44] epoch   84/300 | train=0.000647 | val=0.000852 | best=0.000825@83 | patience=1/30 | time=7.43s
[2026-04-27 12:58:50] epoch   85/300 | train=0.000655 | val=0.000874 | best=0.000825@83 | patience=2/30 | time=6.47s
[2026-04-27 12:58:57] epoch   86/300 | train=0.000640 | val=0.000870 | best=0.000825@83 | patience=3/30 | time=7.06s
[2026-04-27 12:59:04] epoch   87/300 | train=0.000631 | val=0.000843 | best=0.000825@83 | patience=4/30 | time=6.64s
[2026-04-27 12:59:15] epoch   88/300 | train=0.000624 | val=0.000845 | best=0.000825@83 | patience=5/30 | time=10.60s
[2026-04-27 12:59:21] epoch   89/300 | train=0.000609 | val=0.000829 | best=0.000825@83 | patience=6/30 | time=6.49s
[2026-04-27 12:59:29] epoch   90/300 | train=0.000600 | val=0.000838 | best=0.000825@83 | patience=7/30 | time=6.98s
[2026-04-27 12:59:35] epoch   91/300 | train=0.000592 | val=0.000829 | best=0.000825@83 | patience=8/30 | time=6.68s
[2026-04-27 12:59:46] epoch   92/300 | train=0.000588 | val=0.000858 | best=0.000825@83 | patience=9/30 | time=10.12s
[2026-04-27 12:59:52] epoch   93/300 | train=0.000597 | val=0.000837 | best=0.000825@83 | patience=10/30 | time=6.49s
[2026-04-27 12:59:59] epoch   94/300 | train=0.000582 | val=0.000837 | best=0.000825@83 | patience=11/30 | time=6.98s
[2026-04-27 13:00:06] epoch   95/300 | train=0.000588 | val=0.000830 | best=0.000825@83 | patience=12/30 | time=6.50s
[2026-04-27 13:00:13] epoch   96/300 | train=0.000567 | val=0.000839 | best=0.000825@83 | patience=13/30 | time=6.64s
[2026-04-27 13:00:20] epoch   97/300 | train=0.000567 | val=0.000845 | best=0.000825@83 | patience=14/30 | time=7.75s
[2026-04-27 13:00:27] epoch   98/300 | train=0.000563 | val=0.000853 | best=0.000825@83 | patience=15/30 | time=6.50s
[2026-04-27 13:00:34] epoch   99/300 | train=0.000555 | val=0.000835 | best=0.000825@83 | patience=16/30 | time=7.07s
[2026-04-27 13:00:41] epoch  100/300 | train=0.000547 | val=0.000828 | best=0.000825@83 | patience=17/30 | time=6.66s
[2026-04-27 13:00:51] epoch  101/300 | train=0.000540 | val=0.000821 | best=0.000821@101 | patience=0/30 | time=9.34s *
[2026-04-27 13:00:57] epoch  102/300 | train=0.000536 | val=0.000836 | best=0.000821@101 | patience=1/30 | time=6.49s
[2026-04-27 13:01:04] epoch  103/300 | train=0.000524 | val=0.000831 | best=0.000821@101 | patience=2/30 | time=6.54s
[2026-04-27 13:01:11] epoch  104/300 | train=0.000529 | val=0.000836 | best=0.000821@101 | patience=3/30 | time=6.65s
[2026-04-27 13:01:18] epoch  105/300 | train=0.000520 | val=0.000832 | best=0.000821@101 | patience=4/30 | time=6.67s
[2026-04-27 13:01:28] epoch  106/300 | train=0.000510 | val=0.000836 | best=0.000821@101 | patience=5/30 | time=10.16s
[2026-04-27 13:01:35] epoch  107/300 | train=0.000506 | val=0.000833 | best=0.000821@101 | patience=6/30 | time=7.11s
[2026-04-27 13:01:42] epoch  108/300 | train=0.000497 | val=0.000855 | best=0.000821@101 | patience=7/30 | time=6.66s
[2026-04-27 13:01:49] epoch  109/300 | train=0.000501 | val=0.000837 | best=0.000821@101 | patience=8/30 | time=6.65s
[2026-04-27 13:01:58] epoch  110/300 | train=0.000498 | val=0.000835 | best=0.000821@101 | patience=9/30 | time=9.00s
[2026-04-27 13:02:04] epoch  111/300 | train=0.000486 | val=0.000845 | best=0.000821@101 | patience=10/30 | time=6.49s
[2026-04-27 13:02:11] epoch  112/300 | train=0.000481 | val=0.000851 | best=0.000821@101 | patience=11/30 | time=6.52s
[2026-04-27 13:02:18] epoch  113/300 | train=0.000478 | val=0.000841 | best=0.000821@101 | patience=12/30 | time=6.49s
[2026-04-27 13:02:24] epoch  114/300 | train=0.000458 | val=0.000845 | best=0.000821@101 | patience=13/30 | time=6.81s
[2026-04-27 13:02:31] epoch  115/300 | train=0.000455 | val=0.000848 | best=0.000821@101 | patience=14/30 | time=6.59s
[2026-04-27 13:02:38] epoch  116/300 | train=0.000462 | val=0.000837 | best=0.000821@101 | patience=15/30 | time=6.50s
[2026-04-27 13:02:44] epoch  117/300 | train=0.000449 | val=0.000854 | best=0.000821@101 | patience=16/30 | time=6.53s
[2026-04-27 13:02:51] epoch  118/300 | train=0.000445 | val=0.000847 | best=0.000821@101 | patience=17/30 | time=6.49s
[2026-04-27 13:02:58] epoch  119/300 | train=0.000449 | val=0.000854 | best=0.000821@101 | patience=18/30 | time=6.80s
[2026-04-27 13:03:05] epoch  120/300 | train=0.000446 | val=0.000847 | best=0.000821@101 | patience=19/30 | time=6.59s
[2026-04-27 13:03:11] epoch  121/300 | train=0.000431 | val=0.000863 | best=0.000821@101 | patience=20/30 | time=6.48s
[2026-04-27 13:03:18] epoch  122/300 | train=0.000429 | val=0.000849 | best=0.000821@101 | patience=21/30 | time=6.53s
[2026-04-27 13:03:24] epoch  123/300 | train=0.000424 | val=0.000854 | best=0.000821@101 | patience=22/30 | time=6.53s
[2026-04-27 13:03:31] epoch  124/300 | train=0.000419 | val=0.000867 | best=0.000821@101 | patience=23/30 | time=6.73s
[2026-04-27 13:03:39] epoch  125/300 | train=0.000417 | val=0.000860 | best=0.000821@101 | patience=24/30 | time=7.58s
[2026-04-27 13:03:46] epoch  126/300 | train=0.000411 | val=0.000844 | best=0.000821@101 | patience=25/30 | time=7.10s
[2026-04-27 13:03:53] epoch  127/300 | train=0.000407 | val=0.000855 | best=0.000821@101 | patience=26/30 | time=6.65s
[2026-04-27 13:04:00] epoch  128/300 | train=0.000389 | val=0.000854 | best=0.000821@101 | patience=27/30 | time=6.50s
[2026-04-27 13:04:06] epoch  129/300 | train=0.000388 | val=0.000862 | best=0.000821@101 | patience=28/30 | time=6.82s
[2026-04-27 13:04:13] epoch  130/300 | train=0.000427 | val=0.000866 | best=0.000821@101 | patience=29/30 | time=6.49s
[2026-04-27 13:04:20] epoch  131/300 | train=0.000404 | val=0.000853 | best=0.000821@101 | patience=30/30 | time=6.53s
[2026-04-27 13:04:20]   early stopping at epoch 131 (no improvement for 30 epochs)
[2026-04-27 13:04:20] Training done: stop_reason=early_stop, total_epochs=131, best_epoch=101, best_val=0.000821
[2026-04-27 13:04:20] Reloading best checkpoint (epoch 101) for evaluation
[2026-04-27 13:04:32] ------------------------------------------------------------
[2026-04-27 13:04:32] Evaluation:
[2026-04-27 13:04:32]   AUC broken_lcfs         : 0.6125
[2026-04-27 13:04:32]   AUC bad_black_core      : 0.9965
[2026-04-27 13:04:32]   AUC bad_nonconverged    : 0.9960
[2026-04-27 13:04:32]   objective      : 0.8427
[2026-04-27 13:04:32]   floor_ok       : True
[2026-04-27 13:04:32]   threshold      : 0.1202
[2026-04-27 13:04:32]   mu / sigma     : 0.000519976 / 0.000137955
[2026-04-27 13:04:32] Train time=1057.3s, eval time=12.2s
