[2026-04-27 09:32:58] ============================================================
[2026-04-27 09:32:58] Trial 153 starting on cuda:0
[2026-04-27 09:32:58] Timestamp: 2026-04-27T09:32:58.879424
[2026-04-27 09:32:58] --- Config summary ---
  bottleneck_dim  : 206
  n_enc_layers    : 2
  n_dec_layers    : 4
  base_channels   : 51
  growth_factor   : 2.552219966238056
  use_batchnorm   : True
  use_hpf         : True
  hpf_sigma       : 1.017336257925485
  lr              : 0.0006157097651137026
  batch_size      : 24
  max_epochs      : 300
  patience        : 30
  seed            : 42
  deterministic   : False
  trial_num       : 153
[2026-04-27 09:32:58] Loading train/val/selection splits...
[2026-04-27 09:33:57] Splits loaded in 58.9s: n_train=722, n_val=120, n_selection=405
[2026-04-27 09:34:09] --- Architecture summary ---
  channels per enc layer : [51, 130]
  final spatial size     : 64x64
  flat size before latent: 532480
  bottleneck_dim         : 206
  total parameters       : 220,715,639
[2026-04-27 09:34:09] Starting training: n_train=722, n_val=120, device=cuda:0
[2026-04-27 09:35:31] epoch    1/300 | train=0.003326 | val=0.002410 | best=0.002410@1 | patience=0/30 | time=75.49s *
[2026-04-27 09:35:44] epoch    2/300 | train=0.001463 | val=0.001454 | best=0.001454@2 | patience=0/30 | time=7.14s *
[2026-04-27 09:35:58] epoch    3/300 | train=0.001418 | val=0.001425 | best=0.001425@3 | patience=0/30 | time=6.80s *
[2026-04-27 09:36:05] epoch    4/300 | train=0.001377 | val=0.001453 | best=0.001425@3 | patience=1/30 | time=6.96s
[2026-04-27 09:36:18] epoch    5/300 | train=0.001319 | val=0.001335 | best=0.001335@5 | patience=0/30 | time=6.83s *
[2026-04-27 09:36:25] epoch    6/300 | train=0.001301 | val=0.001504 | best=0.001335@5 | patience=1/30 | time=6.70s
[2026-04-27 09:36:32] epoch    7/300 | train=0.001309 | val=0.001360 | best=0.001335@5 | patience=2/30 | time=6.91s
[2026-04-27 09:36:39] epoch    8/300 | train=0.001290 | val=0.001352 | best=0.001335@5 | patience=3/30 | time=6.79s
[2026-04-27 09:36:52] epoch    9/300 | train=0.001257 | val=0.001277 | best=0.001277@9 | patience=0/30 | time=6.86s *
[2026-04-27 09:36:59] epoch   10/300 | train=0.001237 | val=0.001293 | best=0.001277@9 | patience=1/30 | time=6.96s
[2026-04-27 09:37:06] epoch   11/300 | train=0.001242 | val=0.001294 | best=0.001277@9 | patience=2/30 | time=6.83s
[2026-04-27 09:37:20] epoch   12/300 | train=0.001230 | val=0.001250 | best=0.001250@12 | patience=0/30 | time=6.87s *
[2026-04-27 09:37:26] epoch   13/300 | train=0.001233 | val=0.001280 | best=0.001250@12 | patience=1/30 | time=6.64s
[2026-04-27 09:37:33] epoch   14/300 | train=0.001220 | val=0.001273 | best=0.001250@12 | patience=2/30 | time=7.06s
[2026-04-27 09:37:47] epoch   15/300 | train=0.001207 | val=0.001224 | best=0.001224@15 | patience=0/30 | time=6.83s *
[2026-04-27 09:38:00] epoch   16/300 | train=0.001209 | val=0.001217 | best=0.001217@16 | patience=0/30 | time=6.92s *
[2026-04-27 09:38:14] epoch   17/300 | train=0.001180 | val=0.001198 | best=0.001198@17 | patience=0/30 | time=6.84s *
[2026-04-27 09:38:20] epoch   18/300 | train=0.001187 | val=0.001282 | best=0.001198@17 | patience=1/30 | time=6.66s
[2026-04-27 09:38:34] epoch   19/300 | train=0.001160 | val=0.001185 | best=0.001185@19 | patience=0/30 | time=6.89s *
[2026-04-27 09:38:41] epoch   20/300 | train=0.001139 | val=0.001495 | best=0.001185@19 | patience=1/30 | time=6.81s
[2026-04-27 09:38:48] epoch   21/300 | train=0.001173 | val=0.001293 | best=0.001185@19 | patience=2/30 | time=6.68s
[2026-04-27 09:39:02] epoch   22/300 | train=0.001127 | val=0.001149 | best=0.001149@22 | patience=0/30 | time=6.64s *
[2026-04-27 09:39:09] epoch   23/300 | train=0.001107 | val=0.001567 | best=0.001149@22 | patience=1/30 | time=6.85s
[2026-04-27 09:39:16] epoch   24/300 | train=0.001109 | val=0.001198 | best=0.001149@22 | patience=2/30 | time=6.72s
[2026-04-27 09:39:23] epoch   25/300 | train=0.001084 | val=0.001192 | best=0.001149@22 | patience=3/30 | time=6.92s
[2026-04-27 09:39:30] epoch   26/300 | train=0.001073 | val=0.001230 | best=0.001149@22 | patience=4/30 | time=6.83s
[2026-04-27 09:39:43] epoch   27/300 | train=0.001068 | val=0.001079 | best=0.001079@27 | patience=0/30 | time=6.83s *
[2026-04-27 09:39:50] epoch   28/300 | train=0.001042 | val=0.001101 | best=0.001079@27 | patience=1/30 | time=6.92s
[2026-04-27 09:40:03] epoch   29/300 | train=0.001031 | val=0.001042 | best=0.001042@29 | patience=0/30 | time=6.84s *
[2026-04-27 09:40:10] epoch   30/300 | train=0.001009 | val=0.001042 | best=0.001042@29 | patience=1/30 | time=6.87s
[2026-04-27 09:40:17] epoch   31/300 | train=0.001001 | val=0.001064 | best=0.001042@29 | patience=2/30 | time=6.67s
[2026-04-27 09:40:31] epoch   32/300 | train=0.000984 | val=0.001025 | best=0.001025@32 | patience=0/30 | time=7.10s *
[2026-04-27 09:40:44] epoch   33/300 | train=0.000970 | val=0.000980 | best=0.000980@33 | patience=0/30 | time=6.72s *
[2026-04-27 09:40:57] epoch   34/300 | train=0.000949 | val=0.000979 | best=0.000979@34 | patience=0/30 | time=6.79s *
[2026-04-27 09:41:11] epoch   35/300 | train=0.000939 | val=0.000975 | best=0.000975@35 | patience=0/30 | time=6.87s *
[2026-04-27 09:41:18] epoch   36/300 | train=0.000921 | val=0.001106 | best=0.000975@35 | patience=1/30 | time=7.14s
[2026-04-27 09:41:31] epoch   37/300 | train=0.000906 | val=0.000942 | best=0.000942@37 | patience=0/30 | time=6.83s *
[2026-04-27 09:41:38] epoch   38/300 | train=0.000896 | val=0.000992 | best=0.000942@37 | patience=1/30 | time=6.71s
[2026-04-27 09:41:45] epoch   39/300 | train=0.000899 | val=0.000957 | best=0.000942@37 | patience=2/30 | time=6.96s
[2026-04-27 09:41:52] epoch   40/300 | train=0.000879 | val=0.001034 | best=0.000942@37 | patience=3/30 | time=6.83s
[2026-04-27 09:41:59] epoch   41/300 | train=0.000866 | val=0.001020 | best=0.000942@37 | patience=4/30 | time=6.88s
[2026-04-27 09:42:06] epoch   42/300 | train=0.000861 | val=0.001249 | best=0.000942@37 | patience=5/30 | time=6.68s
[2026-04-27 09:42:13] epoch   43/300 | train=0.000866 | val=0.000991 | best=0.000942@37 | patience=6/30 | time=7.15s
[2026-04-27 09:42:27] epoch   44/300 | train=0.000840 | val=0.000937 | best=0.000937@44 | patience=0/30 | time=6.83s *
[2026-04-27 09:42:33] epoch   45/300 | train=0.000829 | val=0.001150 | best=0.000937@44 | patience=1/30 | time=6.66s
[2026-04-27 09:42:41] epoch   46/300 | train=0.000852 | val=0.000952 | best=0.000937@44 | patience=2/30 | time=7.16s
[2026-04-27 09:42:48] epoch   47/300 | train=0.000821 | val=0.001142 | best=0.000937@44 | patience=3/30 | time=6.83s
[2026-04-27 09:43:01] epoch   48/300 | train=0.000817 | val=0.000881 | best=0.000881@48 | patience=0/30 | time=6.72s *
[2026-04-27 09:43:08] epoch   49/300 | train=0.000807 | val=0.000929 | best=0.000881@48 | patience=1/30 | time=6.96s
[2026-04-27 09:43:15] epoch   50/300 | train=0.000793 | val=0.000913 | best=0.000881@48 | patience=2/30 | time=6.83s
[2026-04-27 09:43:28] epoch   51/300 | train=0.000779 | val=0.000869 | best=0.000869@51 | patience=0/30 | time=6.90s *
[2026-04-27 09:43:35] epoch   52/300 | train=0.000774 | val=0.000873 | best=0.000869@51 | patience=1/30 | time=7.12s
[2026-04-27 09:43:42] epoch   53/300 | train=0.000761 | val=0.000913 | best=0.000869@51 | patience=2/30 | time=6.62s
[2026-04-27 09:43:49] epoch   54/300 | train=0.000753 | val=0.000915 | best=0.000869@51 | patience=3/30 | time=6.90s
[2026-04-27 09:43:56] epoch   55/300 | train=0.000751 | val=0.000933 | best=0.000869@51 | patience=4/30 | time=6.67s
[2026-04-27 09:44:03] epoch   56/300 | train=0.000741 | val=0.000870 | best=0.000869@51 | patience=5/30 | time=7.13s
[2026-04-27 09:44:10] epoch   57/300 | train=0.000730 | val=0.001086 | best=0.000869@51 | patience=6/30 | time=6.84s
[2026-04-27 09:44:23] epoch   58/300 | train=0.000748 | val=0.000868 | best=0.000868@58 | patience=0/30 | time=6.72s *
[2026-04-27 09:44:30] epoch   59/300 | train=0.000723 | val=0.000868 | best=0.000868@58 | patience=1/30 | time=7.09s
[2026-04-27 09:44:44] epoch   60/300 | train=0.000710 | val=0.000842 | best=0.000842@60 | patience=0/30 | time=6.82s *
[2026-04-27 09:44:51] epoch   61/300 | train=0.000701 | val=0.000858 | best=0.000842@60 | patience=1/30 | time=6.90s
[2026-04-27 09:44:58] epoch   62/300 | train=0.000684 | val=0.000846 | best=0.000842@60 | patience=2/30 | time=6.79s
[2026-04-27 09:45:05] epoch   63/300 | train=0.000679 | val=0.000854 | best=0.000842@60 | patience=3/30 | time=6.86s
[2026-04-27 09:45:12] epoch   64/300 | train=0.000672 | val=0.000847 | best=0.000842@60 | patience=4/30 | time=6.66s
[2026-04-27 09:45:19] epoch   65/300 | train=0.000676 | val=0.000853 | best=0.000842@60 | patience=5/30 | time=6.92s
[2026-04-27 09:45:26] epoch   66/300 | train=0.000670 | val=0.000860 | best=0.000842@60 | patience=6/30 | time=6.84s
[2026-04-27 09:45:33] epoch   67/300 | train=0.000668 | val=0.000871 | best=0.000842@60 | patience=7/30 | time=6.86s
[2026-04-27 09:45:40] epoch   68/300 | train=0.000661 | val=0.000927 | best=0.000842@60 | patience=8/30 | time=6.68s
[2026-04-27 09:45:47] epoch   69/300 | train=0.000643 | val=0.000898 | best=0.000842@60 | patience=9/30 | time=7.06s
[2026-04-27 09:45:54] epoch   70/300 | train=0.000628 | val=0.000882 | best=0.000842@60 | patience=10/30 | time=6.79s
[2026-04-27 09:46:07] epoch   71/300 | train=0.000616 | val=0.000829 | best=0.000829@71 | patience=0/30 | time=6.69s *
[2026-04-27 09:46:15] epoch   72/300 | train=0.000602 | val=0.000867 | best=0.000829@71 | patience=1/30 | time=7.14s
[2026-04-27 09:46:22] epoch   73/300 | train=0.000611 | val=0.000884 | best=0.000829@71 | patience=2/30 | time=6.83s
[2026-04-27 09:46:28] epoch   74/300 | train=0.000594 | val=0.000896 | best=0.000829@71 | patience=3/30 | time=6.72s
[2026-04-27 09:46:35] epoch   75/300 | train=0.000587 | val=0.000932 | best=0.000829@71 | patience=4/30 | time=6.64s
[2026-04-27 09:46:42] epoch   76/300 | train=0.000590 | val=0.000860 | best=0.000829@71 | patience=5/30 | time=6.81s
[2026-04-27 09:46:56] epoch   77/300 | train=0.000582 | val=0.000826 | best=0.000826@77 | patience=0/30 | time=6.84s *
[2026-04-27 09:47:03] epoch   78/300 | train=0.000566 | val=0.000847 | best=0.000826@77 | patience=1/30 | time=6.90s
[2026-04-27 09:47:16] epoch   79/300 | train=0.000570 | val=0.000822 | best=0.000822@79 | patience=0/30 | time=6.83s *
[2026-04-27 09:47:23] epoch   80/300 | train=0.000545 | val=0.000885 | best=0.000822@79 | patience=1/30 | time=6.72s
[2026-04-27 09:47:30] epoch   81/300 | train=0.000541 | val=0.000927 | best=0.000822@79 | patience=2/30 | time=6.92s
[2026-04-27 09:47:37] epoch   82/300 | train=0.000540 | val=0.000865 | best=0.000822@79 | patience=3/30 | time=6.80s
[2026-04-27 09:47:44] epoch   83/300 | train=0.000560 | val=0.002365 | best=0.000822@79 | patience=4/30 | time=6.90s
[2026-04-27 09:47:51] epoch   84/300 | train=0.001250 | val=0.001275 | best=0.000822@79 | patience=5/30 | time=6.68s
[2026-04-27 09:47:58] epoch   85/300 | train=0.001178 | val=0.001201 | best=0.000822@79 | patience=6/30 | time=7.14s
[2026-04-27 09:48:05] epoch   86/300 | train=0.001097 | val=0.001164 | best=0.000822@79 | patience=7/30 | time=6.62s
[2026-04-27 09:48:12] epoch   87/300 | train=0.001061 | val=0.001223 | best=0.000822@79 | patience=8/30 | time=6.88s
[2026-04-27 09:48:19] epoch   88/300 | train=0.001019 | val=0.001039 | best=0.000822@79 | patience=9/30 | time=6.67s
[2026-04-27 09:48:26] epoch   89/300 | train=0.000927 | val=0.001023 | best=0.000822@79 | patience=10/30 | time=7.16s
[2026-04-27 09:48:33] epoch   90/300 | train=0.000824 | val=0.001008 | best=0.000822@79 | patience=11/30 | time=6.83s
[2026-04-27 09:48:40] epoch   91/300 | train=0.000719 | val=0.000894 | best=0.000822@79 | patience=12/30 | time=6.71s
[2026-04-27 09:48:47] epoch   92/300 | train=0.000653 | val=0.000933 | best=0.000822@79 | patience=13/30 | time=6.91s
[2026-04-27 09:48:54] epoch   93/300 | train=0.000652 | val=0.000924 | best=0.000822@79 | patience=14/30 | time=6.84s
[2026-04-27 09:49:01] epoch   94/300 | train=0.000589 | val=0.000892 | best=0.000822@79 | patience=15/30 | time=6.80s
[2026-04-27 09:49:07] epoch   95/300 | train=0.000566 | val=0.000822 | best=0.000822@79 | patience=16/30 | time=6.73s
[2026-04-27 09:49:22] epoch   96/300 | train=0.000536 | val=0.000813 | best=0.000813@96 | patience=0/30 | time=6.92s *
[2026-04-27 09:49:28] epoch   97/300 | train=0.000514 | val=0.000827 | best=0.000813@96 | patience=1/30 | time=6.64s
[2026-04-27 09:49:35] epoch   98/300 | train=0.000510 | val=0.000865 | best=0.000813@96 | patience=2/30 | time=6.88s
[2026-04-27 09:49:42] epoch   99/300 | train=0.000504 | val=0.000821 | best=0.000813@96 | patience=3/30 | time=6.67s
[2026-04-27 09:49:49] epoch  100/300 | train=0.000486 | val=0.000814 | best=0.000813@96 | patience=4/30 | time=7.12s
[2026-04-27 09:49:56] epoch  101/300 | train=0.000462 | val=0.000812 | best=0.000813@96 | patience=5/30 | time=6.79s
[2026-04-27 09:50:03] epoch  102/300 | train=0.000450 | val=0.000830 | best=0.000813@96 | patience=6/30 | time=6.73s
[2026-04-27 09:50:17] epoch  103/300 | train=0.000440 | val=0.000804 | best=0.000804@103 | patience=0/30 | time=6.65s *
[2026-04-27 09:50:24] epoch  104/300 | train=0.000432 | val=0.000831 | best=0.000804@103 | patience=1/30 | time=6.82s
[2026-04-27 09:50:31] epoch  105/300 | train=0.000431 | val=0.000846 | best=0.000804@103 | patience=2/30 | time=6.72s
[2026-04-27 09:50:38] epoch  106/300 | train=0.000425 | val=0.000854 | best=0.000804@103 | patience=3/30 | time=6.92s
[2026-04-27 09:50:45] epoch  107/300 | train=0.000406 | val=0.000857 | best=0.000804@103 | patience=4/30 | time=6.80s
[2026-04-27 09:50:52] epoch  108/300 | train=0.000406 | val=0.000830 | best=0.000804@103 | patience=5/30 | time=6.79s
[2026-04-27 09:50:58] epoch  109/300 | train=0.000407 | val=0.000842 | best=0.000804@103 | patience=6/30 | time=6.71s
[2026-04-27 09:51:05] epoch  110/300 | train=0.000394 | val=0.000826 | best=0.000804@103 | patience=7/30 | time=6.97s
[2026-04-27 09:51:12] epoch  111/300 | train=0.000392 | val=0.000867 | best=0.000804@103 | patience=8/30 | time=6.84s
[2026-04-27 09:51:19] epoch  112/300 | train=0.000397 | val=0.000901 | best=0.000804@103 | patience=9/30 | time=6.90s
[2026-04-27 09:51:26] epoch  113/300 | train=0.000378 | val=0.000836 | best=0.000804@103 | patience=10/30 | time=6.68s
[2026-04-27 09:51:33] epoch  114/300 | train=0.000359 | val=0.000851 | best=0.000804@103 | patience=11/30 | time=7.13s
[2026-04-27 09:51:40] epoch  115/300 | train=0.000355 | val=0.000842 | best=0.000804@103 | patience=12/30 | time=6.63s
[2026-04-27 09:51:47] epoch  116/300 | train=0.000349 | val=0.000872 | best=0.000804@103 | patience=13/30 | time=6.87s
[2026-04-27 09:51:54] epoch  117/300 | train=0.000343 | val=0.000891 | best=0.000804@103 | patience=14/30 | time=6.68s
[2026-04-27 09:52:01] epoch  118/300 | train=0.000339 | val=0.000915 | best=0.000804@103 | patience=15/30 | time=7.14s
[2026-04-27 09:52:08] epoch  119/300 | train=0.000331 | val=0.000896 | best=0.000804@103 | patience=16/30 | time=6.80s
[2026-04-27 09:52:15] epoch  120/300 | train=0.000323 | val=0.000840 | best=0.000804@103 | patience=17/30 | time=6.71s
[2026-04-27 09:52:22] epoch  121/300 | train=0.000312 | val=0.000858 | best=0.000804@103 | patience=18/30 | time=6.92s
[2026-04-27 09:52:29] epoch  122/300 | train=0.000331 | val=0.001038 | best=0.000804@103 | patience=19/30 | time=6.84s
[2026-04-27 09:52:36] epoch  123/300 | train=0.000315 | val=0.000835 | best=0.000804@103 | patience=20/30 | time=6.82s
[2026-04-27 09:52:43] epoch  124/300 | train=0.000312 | val=0.000872 | best=0.000804@103 | patience=21/30 | time=6.73s
[2026-04-27 09:52:50] epoch  125/300 | train=0.000329 | val=0.000858 | best=0.000804@103 | patience=22/30 | time=6.97s
[2026-04-27 09:52:57] epoch  126/300 | train=0.000308 | val=0.000837 | best=0.000804@103 | patience=23/30 | time=6.84s
[2026-04-27 09:53:04] epoch  127/300 | train=0.000307 | val=0.000894 | best=0.000804@103 | patience=24/30 | time=6.90s
[2026-04-27 09:53:11] epoch  128/300 | train=0.000312 | val=0.001011 | best=0.000804@103 | patience=25/30 | time=6.67s
[2026-04-27 09:53:18] epoch  129/300 | train=0.000337 | val=0.001123 | best=0.000804@103 | patience=26/30 | time=7.15s
[2026-04-27 09:53:25] epoch  130/300 | train=0.000370 | val=0.000867 | best=0.000804@103 | patience=27/30 | time=6.83s
[2026-04-27 09:53:32] epoch  131/300 | train=0.000308 | val=0.000817 | best=0.000804@103 | patience=28/30 | time=6.69s
[2026-04-27 09:53:38] epoch  132/300 | train=0.000280 | val=0.000935 | best=0.000804@103 | patience=29/30 | time=6.68s
[2026-04-27 09:53:46] epoch  133/300 | train=0.000284 | val=0.000907 | best=0.000804@103 | patience=30/30 | time=7.13s
[2026-04-27 09:53:46]   early stopping at epoch 133 (no improvement for 30 epochs)
[2026-04-27 09:53:46] Training done: stop_reason=early_stop, total_epochs=133, best_epoch=103, best_val=0.000804
[2026-04-27 09:53:46] Reloading best checkpoint (epoch 103) for evaluation
[2026-04-27 09:54:02] ------------------------------------------------------------
[2026-04-27 09:54:02] Evaluation:
[2026-04-27 09:54:02]   AUC broken_lcfs         : 0.6086
[2026-04-27 09:54:02]   AUC bad_black_core      : 0.9979
[2026-04-27 09:54:02]   AUC bad_nonconverged    : 0.9987
[2026-04-27 09:54:02]   objective      : 0.8424
[2026-04-27 09:54:02]   floor_ok       : True
[2026-04-27 09:54:02]   threshold      : 0.2022
[2026-04-27 09:54:02]   mu / sigma     : 0.000440365 / 9.09884e-05
[2026-04-27 09:54:02] Train time=1176.8s, eval time=10.5s
