[2026-04-27 04:06:39] ============================================================
[2026-04-27 04:06:39] Trial 77 starting on cuda:0
[2026-04-27 04:06:39] Timestamp: 2026-04-27T04:06:39.897018
[2026-04-27 04:06:39] --- Config summary ---
  bottleneck_dim  : 195
  n_enc_layers    : 4
  n_dec_layers    : 5
  base_channels   : 45
  growth_factor   : 1.7514734830113219
  use_batchnorm   : True
  use_hpf         : True
  hpf_sigma       : 1.0762828136760954
  lr              : 6.071653212320082e-05
  batch_size      : 32
  max_epochs      : 300
  patience        : 30
  seed            : 42
  deterministic   : False
  trial_num       : 77
[2026-04-27 04:06:39] Loading train/val/selection splits...
[2026-04-27 04:07:41] Splits loaded in 61.7s: n_train=722, n_val=120, n_selection=405
[2026-04-27 04:07:45] --- Architecture summary ---
  channels per enc layer : [45, 79, 138, 242]
  final spatial size     : 16x16
  flat size before latent: 61952
  bottleneck_dim         : 195
  total parameters       : 28,712,844
[2026-04-27 04:07:45] Starting training: n_train=722, n_val=120, device=cuda:0
[2026-04-27 04:11:39] epoch    1/300 | train=0.007525 | val=0.004830 | best=0.004830@1 | patience=0/30 | time=233.92s *
[2026-04-27 04:11:46] epoch    2/300 | train=0.002859 | val=0.003770 | best=0.003770@2 | patience=0/30 | time=6.44s *
[2026-04-27 04:11:53] epoch    3/300 | train=0.002203 | val=0.002563 | best=0.002563@3 | patience=0/30 | time=6.79s *
[2026-04-27 04:12:00] epoch    4/300 | train=0.001897 | val=0.001842 | best=0.001842@4 | patience=0/30 | time=6.40s *
[2026-04-27 04:12:10] epoch    5/300 | train=0.001759 | val=0.001726 | best=0.001726@5 | patience=0/30 | time=9.42s *
[2026-04-27 04:12:18] epoch    6/300 | train=0.001662 | val=0.001653 | best=0.001653@6 | patience=0/30 | time=6.75s *
[2026-04-27 04:12:25] epoch    7/300 | train=0.001612 | val=0.001596 | best=0.001596@7 | patience=0/30 | time=6.24s *
[2026-04-27 04:12:32] epoch    8/300 | train=0.001561 | val=0.001544 | best=0.001544@8 | patience=0/30 | time=6.41s *
[2026-04-27 04:12:39] epoch    9/300 | train=0.001525 | val=0.001535 | best=0.001535@9 | patience=0/30 | time=6.77s *
[2026-04-27 04:12:46] epoch   10/300 | train=0.001495 | val=0.001501 | best=0.001501@10 | patience=0/30 | time=6.75s *
[2026-04-27 04:12:53] epoch   11/300 | train=0.001469 | val=0.001476 | best=0.001476@11 | patience=0/30 | time=6.38s *
[2026-04-27 04:13:00] epoch   12/300 | train=0.001446 | val=0.001460 | best=0.001460@12 | patience=0/30 | time=6.65s *
[2026-04-27 04:13:07] epoch   13/300 | train=0.001426 | val=0.001428 | best=0.001428@13 | patience=0/30 | time=6.39s *
[2026-04-27 04:13:15] epoch   14/300 | train=0.001399 | val=0.001399 | best=0.001399@14 | patience=0/30 | time=6.73s *
[2026-04-27 04:13:22] epoch   15/300 | train=0.001384 | val=0.001385 | best=0.001385@15 | patience=0/30 | time=6.36s *
[2026-04-27 04:13:29] epoch   16/300 | train=0.001373 | val=0.001365 | best=0.001365@16 | patience=0/30 | time=6.53s *
[2026-04-27 04:13:36] epoch   17/300 | train=0.001345 | val=0.001355 | best=0.001355@17 | patience=0/30 | time=6.42s *
[2026-04-27 04:13:42] epoch   18/300 | train=0.001343 | val=0.001343 | best=0.001343@18 | patience=0/30 | time=6.30s *
[2026-04-27 04:13:49] epoch   19/300 | train=0.001311 | val=0.001317 | best=0.001317@19 | patience=0/30 | time=6.26s *
[2026-04-27 04:13:56] epoch   20/300 | train=0.001301 | val=0.001306 | best=0.001306@20 | patience=0/30 | time=6.50s *
[2026-04-27 04:14:03] epoch   21/300 | train=0.001290 | val=0.001311 | best=0.001306@20 | patience=1/30 | time=6.35s
[2026-04-27 04:14:10] epoch   22/300 | train=0.001280 | val=0.001282 | best=0.001282@22 | patience=0/30 | time=6.58s *
[2026-04-27 04:14:17] epoch   23/300 | train=0.001266 | val=0.001279 | best=0.001279@23 | patience=0/30 | time=6.57s *
[2026-04-27 04:14:27] epoch   24/300 | train=0.001261 | val=0.001266 | best=0.001266@24 | patience=0/30 | time=9.25s *
[2026-04-27 04:14:33] epoch   25/300 | train=0.001246 | val=0.001268 | best=0.001266@24 | patience=1/30 | time=6.30s
[2026-04-27 04:14:40] epoch   26/300 | train=0.001240 | val=0.001253 | best=0.001253@26 | patience=0/30 | time=6.26s *
[2026-04-27 04:14:47] epoch   27/300 | train=0.001217 | val=0.001243 | best=0.001243@27 | patience=0/30 | time=6.53s *
[2026-04-27 04:14:54] epoch   28/300 | train=0.001206 | val=0.001245 | best=0.001243@27 | patience=1/30 | time=6.40s
[2026-04-27 04:15:00] epoch   29/300 | train=0.001210 | val=0.001245 | best=0.001243@27 | patience=2/30 | time=6.78s
[2026-04-27 04:15:07] epoch   30/300 | train=0.001201 | val=0.001199 | best=0.001199@30 | patience=0/30 | time=6.42s *
[2026-04-27 04:15:18] epoch   31/300 | train=0.001177 | val=0.001186 | best=0.001186@31 | patience=0/30 | time=9.50s *
[2026-04-27 04:15:24] epoch   32/300 | train=0.001157 | val=0.001177 | best=0.001177@32 | patience=0/30 | time=6.25s *
[2026-04-27 04:15:32] epoch   33/300 | train=0.001143 | val=0.001166 | best=0.001166@33 | patience=0/30 | time=6.76s *
[2026-04-27 04:15:38] epoch   34/300 | train=0.001143 | val=0.001166 | best=0.001166@33 | patience=1/30 | time=6.59s
[2026-04-27 04:15:48] epoch   35/300 | train=0.001133 | val=0.001163 | best=0.001163@35 | patience=0/30 | time=9.06s *
[2026-04-27 04:15:55] epoch   36/300 | train=0.001124 | val=0.001155 | best=0.001155@36 | patience=0/30 | time=6.59s *
[2026-04-27 04:16:02] epoch   37/300 | train=0.001122 | val=0.001141 | best=0.001141@37 | patience=0/30 | time=6.34s *
[2026-04-27 04:16:12] epoch   38/300 | train=0.001109 | val=0.001137 | best=0.001137@38 | patience=0/30 | time=9.19s *
[2026-04-27 04:16:19] epoch   39/300 | train=0.001102 | val=0.001137 | best=0.001137@38 | patience=1/30 | time=6.79s
[2026-04-27 04:16:26] epoch   40/300 | train=0.001095 | val=0.001116 | best=0.001116@40 | patience=0/30 | time=6.24s *
[2026-04-27 04:16:32] epoch   41/300 | train=0.001085 | val=0.001123 | best=0.001116@40 | patience=1/30 | time=6.43s
[2026-04-27 04:16:39] epoch   42/300 | train=0.001078 | val=0.001108 | best=0.001108@42 | patience=0/30 | time=6.69s *
[2026-04-27 04:16:47] epoch   43/300 | train=0.001067 | val=0.001105 | best=0.001105@43 | patience=0/30 | time=6.62s *
[2026-04-27 04:16:53] epoch   44/300 | train=0.001065 | val=0.001093 | best=0.001093@44 | patience=0/30 | time=6.38s *
[2026-04-27 04:17:03] epoch   45/300 | train=0.001053 | val=0.001091 | best=0.001091@45 | patience=0/30 | time=9.13s *
[2026-04-27 04:17:10] epoch   46/300 | train=0.001044 | val=0.001083 | best=0.001083@46 | patience=0/30 | time=6.42s *
[2026-04-27 04:17:17] epoch   47/300 | train=0.001035 | val=0.001072 | best=0.001072@47 | patience=0/30 | time=6.80s *
[2026-04-27 04:17:24] epoch   48/300 | train=0.001031 | val=0.001091 | best=0.001072@47 | patience=1/30 | time=6.31s
[2026-04-27 04:17:31] epoch   49/300 | train=0.001031 | val=0.001064 | best=0.001064@49 | patience=0/30 | time=6.52s *
[2026-04-27 04:17:38] epoch   50/300 | train=0.001022 | val=0.001060 | best=0.001060@50 | patience=0/30 | time=6.41s *
[2026-04-27 04:17:45] epoch   51/300 | train=0.001014 | val=0.001054 | best=0.001054@51 | patience=0/30 | time=6.83s *
[2026-04-27 04:17:52] epoch   52/300 | train=0.001008 | val=0.001069 | best=0.001054@51 | patience=1/30 | time=6.38s
[2026-04-27 04:18:00] epoch   53/300 | train=0.001014 | val=0.001053 | best=0.001053@53 | patience=0/30 | time=6.72s *
[2026-04-27 04:18:06] epoch   54/300 | train=0.001004 | val=0.001054 | best=0.001053@53 | patience=1/30 | time=6.41s
[2026-04-27 04:18:13] epoch   55/300 | train=0.000999 | val=0.001058 | best=0.001053@53 | patience=2/30 | time=6.58s
[2026-04-27 04:18:20] epoch   56/300 | train=0.000998 | val=0.001049 | best=0.001049@56 | patience=0/30 | time=6.39s *
[2026-04-27 04:18:30] epoch   57/300 | train=0.000987 | val=0.001037 | best=0.001037@57 | patience=0/30 | time=9.25s *
[2026-04-27 04:18:36] epoch   58/300 | train=0.000983 | val=0.001048 | best=0.001037@57 | patience=1/30 | time=6.40s
[2026-04-27 04:18:43] epoch   59/300 | train=0.000989 | val=0.001044 | best=0.001037@57 | patience=2/30 | time=6.85s
[2026-04-27 04:18:50] epoch   60/300 | train=0.000977 | val=0.001027 | best=0.001027@60 | patience=0/30 | time=6.45s *
[2026-04-27 04:18:59] epoch   61/300 | train=0.000973 | val=0.001040 | best=0.001027@60 | patience=1/30 | time=9.02s
[2026-04-27 04:19:06] epoch   62/300 | train=0.000982 | val=0.001036 | best=0.001027@60 | patience=2/30 | time=6.76s
[2026-04-27 04:19:13] epoch   63/300 | train=0.000968 | val=0.001020 | best=0.001020@63 | patience=0/30 | time=6.36s *
[2026-04-27 04:19:20] epoch   64/300 | train=0.000959 | val=0.001020 | best=0.001020@63 | patience=1/30 | time=6.42s
[2026-04-27 04:19:27] epoch   65/300 | train=0.000960 | val=0.001028 | best=0.001020@63 | patience=2/30 | time=6.68s
[2026-04-27 04:19:34] epoch   66/300 | train=0.000958 | val=0.001013 | best=0.001013@66 | patience=0/30 | time=6.78s *
[2026-04-27 04:19:40] epoch   67/300 | train=0.000946 | val=0.001014 | best=0.001013@66 | patience=1/30 | time=6.39s
[2026-04-27 04:19:47] epoch   68/300 | train=0.000946 | val=0.001014 | best=0.001013@66 | patience=2/30 | time=6.45s
[2026-04-27 04:19:57] epoch   69/300 | train=0.000942 | val=0.001011 | best=0.001011@69 | patience=0/30 | time=9.25s *
[2026-04-27 04:20:04] epoch   70/300 | train=0.000936 | val=0.001005 | best=0.001005@70 | patience=0/30 | time=6.81s *
[2026-04-27 04:20:11] epoch   71/300 | train=0.000933 | val=0.001008 | best=0.001005@70 | patience=1/30 | time=6.57s
[2026-04-27 04:20:20] epoch   72/300 | train=0.000930 | val=0.001001 | best=0.001001@72 | patience=0/30 | time=8.91s *
[2026-04-27 04:20:28] epoch   73/300 | train=0.000924 | val=0.001000 | best=0.001000@73 | patience=0/30 | time=6.74s *
[2026-04-27 04:20:35] epoch   74/300 | train=0.000920 | val=0.000998 | best=0.000998@74 | patience=0/30 | time=6.40s *
[2026-04-27 04:20:42] epoch   75/300 | train=0.000918 | val=0.000994 | best=0.000994@75 | patience=0/30 | time=6.52s *
[2026-04-27 04:20:49] epoch   76/300 | train=0.000914 | val=0.000989 | best=0.000989@76 | patience=0/30 | time=6.28s *
[2026-04-27 04:20:55] epoch   77/300 | train=0.000909 | val=0.000989 | best=0.000989@76 | patience=1/30 | time=6.70s
[2026-04-27 04:21:02] epoch   78/300 | train=0.000910 | val=0.001005 | best=0.000989@76 | patience=2/30 | time=6.35s
[2026-04-27 04:21:09] epoch   79/300 | train=0.000912 | val=0.001008 | best=0.000989@76 | patience=3/30 | time=6.62s
[2026-04-27 04:21:15] epoch   80/300 | train=0.000907 | val=0.000990 | best=0.000989@76 | patience=4/30 | time=6.40s
[2026-04-27 04:21:22] epoch   81/300 | train=0.000900 | val=0.000986 | best=0.000986@81 | patience=0/30 | time=6.55s *
[2026-04-27 04:21:29] epoch   82/300 | train=0.000898 | val=0.000985 | best=0.000986@81 | patience=1/30 | time=6.41s
[2026-04-27 04:21:36] epoch   83/300 | train=0.000892 | val=0.000979 | best=0.000979@83 | patience=0/30 | time=6.73s *
[2026-04-27 04:21:43] epoch   84/300 | train=0.000891 | val=0.000981 | best=0.000979@83 | patience=1/30 | time=6.42s
[2026-04-27 04:21:49] epoch   85/300 | train=0.000896 | val=0.000986 | best=0.000979@83 | patience=2/30 | time=6.30s
[2026-04-27 04:21:55] epoch   86/300 | train=0.000884 | val=0.000982 | best=0.000979@83 | patience=3/30 | time=6.27s
[2026-04-27 04:22:05] epoch   87/300 | train=0.000881 | val=0.000973 | best=0.000973@87 | patience=0/30 | time=6.27s *
[2026-04-27 04:22:11] epoch   88/300 | train=0.000880 | val=0.001000 | best=0.000973@87 | patience=1/30 | time=6.28s
[2026-04-27 04:22:18] epoch   89/300 | train=0.000887 | val=0.000981 | best=0.000973@87 | patience=2/30 | time=6.83s
[2026-04-27 04:22:25] epoch   90/300 | train=0.000876 | val=0.000974 | best=0.000973@87 | patience=3/30 | time=6.41s
[2026-04-27 04:22:32] epoch   91/300 | train=0.000868 | val=0.000967 | best=0.000967@91 | patience=0/30 | time=6.37s *
[2026-04-27 04:22:39] epoch   92/300 | train=0.000865 | val=0.000969 | best=0.000967@91 | patience=1/30 | time=6.43s
[2026-04-27 04:22:45] epoch   93/300 | train=0.000860 | val=0.000970 | best=0.000967@91 | patience=2/30 | time=6.31s
[2026-04-27 04:22:52] epoch   94/300 | train=0.000856 | val=0.000960 | best=0.000960@94 | patience=0/30 | time=6.26s *
[2026-04-27 04:22:58] epoch   95/300 | train=0.000853 | val=0.000962 | best=0.000960@94 | patience=1/30 | time=6.27s
[2026-04-27 04:23:07] epoch   96/300 | train=0.000851 | val=0.000962 | best=0.000960@94 | patience=2/30 | time=9.00s
[2026-04-27 04:23:14] epoch   97/300 | train=0.000848 | val=0.000961 | best=0.000960@94 | patience=3/30 | time=6.75s
[2026-04-27 04:23:21] epoch   98/300 | train=0.000842 | val=0.000961 | best=0.000960@94 | patience=4/30 | time=6.38s
[2026-04-27 04:23:30] epoch   99/300 | train=0.000840 | val=0.000958 | best=0.000958@99 | patience=0/30 | time=9.10s *
[2026-04-27 04:23:37] epoch  100/300 | train=0.000840 | val=0.000966 | best=0.000958@99 | patience=1/30 | time=6.24s
[2026-04-27 04:23:44] epoch  101/300 | train=0.000851 | val=0.000962 | best=0.000958@99 | patience=2/30 | time=6.70s
[2026-04-27 04:23:50] epoch  102/300 | train=0.000841 | val=0.000964 | best=0.000958@99 | patience=3/30 | time=6.55s
[2026-04-27 04:24:00] epoch  103/300 | train=0.000831 | val=0.000948 | best=0.000948@103 | patience=0/30 | time=9.01s *
[2026-04-27 04:24:06] epoch  104/300 | train=0.000824 | val=0.000950 | best=0.000948@103 | patience=1/30 | time=6.30s
[2026-04-27 04:24:13] epoch  105/300 | train=0.000827 | val=0.000967 | best=0.000948@103 | patience=2/30 | time=6.27s
[2026-04-27 04:24:20] epoch  106/300 | train=0.000825 | val=0.000947 | best=0.000947@106 | patience=0/30 | time=6.42s *
[2026-04-27 04:24:29] epoch  107/300 | train=0.000819 | val=0.000950 | best=0.000947@106 | patience=1/30 | time=9.07s
[2026-04-27 04:24:36] epoch  108/300 | train=0.000822 | val=0.000958 | best=0.000947@106 | patience=2/30 | time=6.75s
[2026-04-27 04:24:42] epoch  109/300 | train=0.000817 | val=0.000952 | best=0.000947@106 | patience=3/30 | time=6.26s
[2026-04-27 04:24:52] epoch  110/300 | train=0.000815 | val=0.000943 | best=0.000943@110 | patience=0/30 | time=8.82s *
[2026-04-27 04:24:58] epoch  111/300 | train=0.000812 | val=0.000947 | best=0.000943@110 | patience=1/30 | time=6.24s
[2026-04-27 04:25:05] epoch  112/300 | train=0.000804 | val=0.000945 | best=0.000943@110 | patience=2/30 | time=6.78s
[2026-04-27 04:25:11] epoch  113/300 | train=0.000801 | val=0.000943 | best=0.000943@110 | patience=3/30 | time=6.52s
[2026-04-27 04:25:20] epoch  114/300 | train=0.000802 | val=0.000946 | best=0.000943@110 | patience=4/30 | time=8.54s
[2026-04-27 04:25:27] epoch  115/300 | train=0.000802 | val=0.000951 | best=0.000943@110 | patience=5/30 | time=6.24s
[2026-04-27 04:25:33] epoch  116/300 | train=0.000795 | val=0.000944 | best=0.000943@110 | patience=6/30 | time=6.71s
[2026-04-27 04:25:41] epoch  117/300 | train=0.000794 | val=0.000953 | best=0.000943@110 | patience=7/30 | time=6.50s
[2026-04-27 04:25:47] epoch  118/300 | train=0.000793 | val=0.000944 | best=0.000943@110 | patience=8/30 | time=6.54s
[2026-04-27 04:25:54] epoch  119/300 | train=0.000786 | val=0.000941 | best=0.000941@119 | patience=0/30 | time=6.24s *
[2026-04-27 04:26:01] epoch  120/300 | train=0.000787 | val=0.000943 | best=0.000941@119 | patience=1/30 | time=6.31s
[2026-04-27 04:26:07] epoch  121/300 | train=0.000787 | val=0.000948 | best=0.000941@119 | patience=2/30 | time=6.48s
[2026-04-27 04:26:16] epoch  122/300 | train=0.000780 | val=0.000933 | best=0.000933@122 | patience=0/30 | time=8.56s *
[2026-04-27 04:26:23] epoch  123/300 | train=0.000773 | val=0.000935 | best=0.000933@122 | patience=1/30 | time=6.41s
[2026-04-27 04:26:30] epoch  124/300 | train=0.000769 | val=0.000935 | best=0.000933@122 | patience=2/30 | time=6.79s
[2026-04-27 04:26:37] epoch  125/300 | train=0.000767 | val=0.000931 | best=0.000931@125 | patience=0/30 | time=6.40s *
[2026-04-27 04:26:46] epoch  126/300 | train=0.000766 | val=0.000932 | best=0.000931@125 | patience=1/30 | time=8.96s
[2026-04-27 04:26:52] epoch  127/300 | train=0.000771 | val=0.000936 | best=0.000931@125 | patience=2/30 | time=6.31s
[2026-04-27 04:26:59] epoch  128/300 | train=0.000765 | val=0.000937 | best=0.000931@125 | patience=3/30 | time=6.24s
[2026-04-27 04:27:05] epoch  129/300 | train=0.000761 | val=0.000941 | best=0.000931@125 | patience=4/30 | time=6.37s
[2026-04-27 04:27:12] epoch  130/300 | train=0.000761 | val=0.000936 | best=0.000931@125 | patience=5/30 | time=6.66s
[2026-04-27 04:27:18] epoch  131/300 | train=0.000755 | val=0.000930 | best=0.000931@125 | patience=6/30 | time=6.24s
[2026-04-27 04:27:25] epoch  132/300 | train=0.000754 | val=0.000930 | best=0.000931@125 | patience=7/30 | time=6.31s
[2026-04-27 04:27:32] epoch  133/300 | train=0.000747 | val=0.000927 | best=0.000927@133 | patience=0/30 | time=6.41s *
[2026-04-27 04:27:40] epoch  134/300 | train=0.000745 | val=0.000943 | best=0.000927@133 | patience=1/30 | time=8.46s
[2026-04-27 04:27:47] epoch  135/300 | train=0.000746 | val=0.000924 | best=0.000924@135 | patience=0/30 | time=6.28s *
[2026-04-27 04:27:54] epoch  136/300 | train=0.000740 | val=0.000928 | best=0.000924@135 | patience=1/30 | time=6.76s
[2026-04-27 04:28:01] epoch  137/300 | train=0.000738 | val=0.000927 | best=0.000924@135 | patience=2/30 | time=6.30s
[2026-04-27 04:28:07] epoch  138/300 | train=0.000736 | val=0.000925 | best=0.000924@135 | patience=3/30 | time=6.49s
[2026-04-27 04:28:14] epoch  139/300 | train=0.000735 | val=0.000924 | best=0.000924@135 | patience=4/30 | time=6.28s
[2026-04-27 04:28:20] epoch  140/300 | train=0.000733 | val=0.000936 | best=0.000924@135 | patience=5/30 | time=6.30s
[2026-04-27 04:28:27] epoch  141/300 | train=0.000726 | val=0.000929 | best=0.000924@135 | patience=6/30 | time=6.35s
[2026-04-27 04:28:36] epoch  142/300 | train=0.000730 | val=0.000939 | best=0.000924@135 | patience=7/30 | time=9.11s
[2026-04-27 04:28:43] epoch  143/300 | train=0.000732 | val=0.000922 | best=0.000922@143 | patience=0/30 | time=6.24s *
[2026-04-27 04:28:50] epoch  144/300 | train=0.000729 | val=0.000929 | best=0.000922@143 | patience=1/30 | time=6.23s
[2026-04-27 04:28:57] epoch  145/300 | train=0.000716 | val=0.000919 | best=0.000919@145 | patience=0/30 | time=6.46s *
[2026-04-27 04:29:03] epoch  146/300 | train=0.000715 | val=0.000938 | best=0.000919@145 | patience=1/30 | time=6.71s
[2026-04-27 04:29:10] epoch  147/300 | train=0.000717 | val=0.000926 | best=0.000919@145 | patience=2/30 | time=6.24s
[2026-04-27 04:29:17] epoch  148/300 | train=0.000715 | val=0.000925 | best=0.000919@145 | patience=3/30 | time=6.73s
[2026-04-27 04:29:23] epoch  149/300 | train=0.000711 | val=0.000922 | best=0.000919@145 | patience=4/30 | time=6.29s
[2026-04-27 04:29:30] epoch  150/300 | train=0.000714 | val=0.000935 | best=0.000919@145 | patience=5/30 | time=6.64s
[2026-04-27 04:29:36] epoch  151/300 | train=0.000705 | val=0.000920 | best=0.000919@145 | patience=6/30 | time=6.24s
[2026-04-27 04:29:43] epoch  152/300 | train=0.000701 | val=0.000927 | best=0.000919@145 | patience=7/30 | time=6.73s
[2026-04-27 04:29:50] epoch  153/300 | train=0.000698 | val=0.000916 | best=0.000916@153 | patience=0/30 | time=6.42s *
[2026-04-27 04:29:59] epoch  154/300 | train=0.000698 | val=0.000916 | best=0.000916@153 | patience=1/30 | time=9.06s
[2026-04-27 04:30:06] epoch  155/300 | train=0.000694 | val=0.000925 | best=0.000916@153 | patience=2/30 | time=6.30s
[2026-04-27 04:30:12] epoch  156/300 | train=0.000697 | val=0.000916 | best=0.000916@153 | patience=3/30 | time=6.24s
[2026-04-27 04:30:19] epoch  157/300 | train=0.000691 | val=0.000921 | best=0.000916@153 | patience=4/30 | time=6.60s
[2026-04-27 04:30:26] epoch  158/300 | train=0.000686 | val=0.000912 | best=0.000912@158 | patience=0/30 | time=6.70s *
[2026-04-27 04:30:33] epoch  159/300 | train=0.000685 | val=0.000925 | best=0.000912@158 | patience=1/30 | time=6.83s
[2026-04-27 04:30:40] epoch  160/300 | train=0.000685 | val=0.000918 | best=0.000912@158 | patience=2/30 | time=6.24s
[2026-04-27 04:30:46] epoch  161/300 | train=0.000686 | val=0.000916 | best=0.000912@158 | patience=3/30 | time=6.47s
[2026-04-27 04:30:53] epoch  162/300 | train=0.000683 | val=0.000931 | best=0.000912@158 | patience=4/30 | time=6.67s
[2026-04-27 04:30:59] epoch  163/300 | train=0.000675 | val=0.000919 | best=0.000912@158 | patience=5/30 | time=6.24s
[2026-04-27 04:31:06] epoch  164/300 | train=0.000678 | val=0.000913 | best=0.000912@158 | patience=6/30 | time=6.30s
[2026-04-27 04:31:14] epoch  165/300 | train=0.000672 | val=0.000911 | best=0.000911@165 | patience=0/30 | time=6.56s *
[2026-04-27 04:31:20] epoch  166/300 | train=0.000670 | val=0.000923 | best=0.000911@165 | patience=1/30 | time=6.65s
[2026-04-27 04:31:27] epoch  167/300 | train=0.000670 | val=0.000920 | best=0.000911@165 | patience=2/30 | time=6.23s
[2026-04-27 04:31:34] epoch  168/300 | train=0.000664 | val=0.000921 | best=0.000911@165 | patience=3/30 | time=6.80s
[2026-04-27 04:31:40] epoch  169/300 | train=0.000664 | val=0.000914 | best=0.000911@165 | patience=4/30 | time=6.45s
[2026-04-27 04:31:47] epoch  170/300 | train=0.000663 | val=0.000922 | best=0.000911@165 | patience=5/30 | time=6.62s
[2026-04-27 04:31:53] epoch  171/300 | train=0.000668 | val=0.000918 | best=0.000911@165 | patience=6/30 | time=6.24s
[2026-04-27 04:32:00] epoch  172/300 | train=0.000662 | val=0.000921 | best=0.000911@165 | patience=7/30 | time=6.31s
[2026-04-27 04:32:07] epoch  173/300 | train=0.000656 | val=0.000913 | best=0.000911@165 | patience=8/30 | time=6.47s
[2026-04-27 04:32:16] epoch  174/300 | train=0.000652 | val=0.000920 | best=0.000911@165 | patience=9/30 | time=9.17s
[2026-04-27 04:32:23] epoch  175/300 | train=0.000651 | val=0.000911 | best=0.000911@165 | patience=10/30 | time=6.82s
[2026-04-27 04:32:29] epoch  176/300 | train=0.000659 | val=0.000921 | best=0.000911@165 | patience=11/30 | time=6.27s
[2026-04-27 04:32:36] epoch  177/300 | train=0.000649 | val=0.000908 | best=0.000908@177 | patience=0/30 | time=6.45s *
[2026-04-27 04:32:43] epoch  178/300 | train=0.000641 | val=0.000908 | best=0.000908@177 | patience=1/30 | time=6.55s
[2026-04-27 04:32:49] epoch  179/300 | train=0.000638 | val=0.000911 | best=0.000908@177 | patience=2/30 | time=6.31s
[2026-04-27 04:32:56] epoch  180/300 | train=0.000636 | val=0.000912 | best=0.000908@177 | patience=3/30 | time=6.24s
[2026-04-27 04:33:02] epoch  181/300 | train=0.000633 | val=0.000912 | best=0.000908@177 | patience=4/30 | time=6.30s
[2026-04-27 04:33:09] epoch  182/300 | train=0.000636 | val=0.000915 | best=0.000908@177 | patience=5/30 | time=6.59s
[2026-04-27 04:33:15] epoch  183/300 | train=0.000633 | val=0.000910 | best=0.000908@177 | patience=6/30 | time=6.24s
[2026-04-27 04:33:22] epoch  184/300 | train=0.000630 | val=0.000910 | best=0.000908@177 | patience=7/30 | time=6.29s
[2026-04-27 04:33:28] epoch  185/300 | train=0.000633 | val=0.000915 | best=0.000908@177 | patience=8/30 | time=6.29s
[2026-04-27 04:33:35] epoch  186/300 | train=0.000628 | val=0.000908 | best=0.000908@177 | patience=9/30 | time=6.52s
[2026-04-27 04:33:41] epoch  187/300 | train=0.000628 | val=0.000908 | best=0.000908@177 | patience=10/30 | time=6.29s
[2026-04-27 04:33:48] epoch  188/300 | train=0.000624 | val=0.000918 | best=0.000908@177 | patience=11/30 | time=6.32s
[2026-04-27 04:33:54] epoch  189/300 | train=0.000619 | val=0.000911 | best=0.000908@177 | patience=12/30 | time=6.27s
[2026-04-27 04:34:01] epoch  190/300 | train=0.000620 | val=0.000910 | best=0.000908@177 | patience=13/30 | time=6.59s
[2026-04-27 04:34:07] epoch  191/300 | train=0.000616 | val=0.000921 | best=0.000908@177 | patience=14/30 | time=6.30s
[2026-04-27 04:34:14] epoch  192/300 | train=0.000616 | val=0.000911 | best=0.000908@177 | patience=15/30 | time=6.30s
[2026-04-27 04:34:21] epoch  193/300 | train=0.000612 | val=0.000912 | best=0.000908@177 | patience=16/30 | time=6.28s
[2026-04-27 04:34:28] epoch  194/300 | train=0.000608 | val=0.000906 | best=0.000906@194 | patience=0/30 | time=6.62s *
[2026-04-27 04:34:35] epoch  195/300 | train=0.000606 | val=0.000908 | best=0.000906@194 | patience=1/30 | time=6.41s
[2026-04-27 04:34:42] epoch  196/300 | train=0.000604 | val=0.000913 | best=0.000906@194 | patience=2/30 | time=6.83s
[2026-04-27 04:34:48] epoch  197/300 | train=0.000605 | val=0.000912 | best=0.000906@194 | patience=3/30 | time=6.34s
[2026-04-27 04:34:57] epoch  198/300 | train=0.000605 | val=0.000909 | best=0.000906@194 | patience=4/30 | time=9.18s
[2026-04-27 04:35:04] epoch  199/300 | train=0.000601 | val=0.000908 | best=0.000906@194 | patience=5/30 | time=6.23s
[2026-04-27 04:35:10] epoch  200/300 | train=0.000597 | val=0.000905 | best=0.000906@194 | patience=6/30 | time=6.30s
[2026-04-27 04:35:17] epoch  201/300 | train=0.000597 | val=0.000912 | best=0.000906@194 | patience=7/30 | time=6.60s
[2026-04-27 04:35:24] epoch  202/300 | train=0.000594 | val=0.000918 | best=0.000906@194 | patience=8/30 | time=6.60s
[2026-04-27 04:35:30] epoch  203/300 | train=0.000599 | val=0.000914 | best=0.000906@194 | patience=9/30 | time=6.24s
[2026-04-27 04:35:36] epoch  204/300 | train=0.000594 | val=0.000913 | best=0.000906@194 | patience=10/30 | time=6.31s
[2026-04-27 04:35:43] epoch  205/300 | train=0.000588 | val=0.000904 | best=0.000904@205 | patience=0/30 | time=6.30s *
[2026-04-27 04:35:50] epoch  206/300 | train=0.000586 | val=0.000905 | best=0.000904@205 | patience=1/30 | time=6.48s
[2026-04-27 04:35:56] epoch  207/300 | train=0.000584 | val=0.000916 | best=0.000904@205 | patience=2/30 | time=6.44s
[2026-04-27 04:36:03] epoch  208/300 | train=0.000583 | val=0.000916 | best=0.000904@205 | patience=3/30 | time=6.81s
[2026-04-27 04:36:10] epoch  209/300 | train=0.000580 | val=0.000912 | best=0.000904@205 | patience=4/30 | time=6.43s
[2026-04-27 04:36:17] epoch  210/300 | train=0.000581 | val=0.000921 | best=0.000904@205 | patience=5/30 | time=6.53s
[2026-04-27 04:36:23] epoch  211/300 | train=0.000584 | val=0.000917 | best=0.000904@205 | patience=6/30 | time=6.28s
[2026-04-27 04:36:30] epoch  212/300 | train=0.000578 | val=0.000910 | best=0.000904@205 | patience=7/30 | time=6.29s
[2026-04-27 04:36:36] epoch  213/300 | train=0.000573 | val=0.000908 | best=0.000904@205 | patience=8/30 | time=6.26s
[2026-04-27 04:36:43] epoch  214/300 | train=0.000567 | val=0.000912 | best=0.000904@205 | patience=9/30 | time=6.57s
[2026-04-27 04:36:49] epoch  215/300 | train=0.000568 | val=0.000907 | best=0.000904@205 | patience=10/30 | time=6.26s
[2026-04-27 04:36:55] epoch  216/300 | train=0.000570 | val=0.000905 | best=0.000904@205 | patience=11/30 | time=6.30s
[2026-04-27 04:37:02] epoch  217/300 | train=0.000569 | val=0.000916 | best=0.000904@205 | patience=12/30 | time=6.25s
[2026-04-27 04:37:09] epoch  218/300 | train=0.000573 | val=0.000907 | best=0.000904@205 | patience=13/30 | time=6.53s
[2026-04-27 04:37:15] epoch  219/300 | train=0.000567 | val=0.000907 | best=0.000904@205 | patience=14/30 | time=6.28s
[2026-04-27 04:37:21] epoch  220/300 | train=0.000563 | val=0.000916 | best=0.000904@205 | patience=15/30 | time=6.30s
[2026-04-27 04:37:28] epoch  221/300 | train=0.000561 | val=0.000903 | best=0.000903@221 | patience=0/30 | time=6.26s *
[2026-04-27 04:37:35] epoch  222/300 | train=0.000559 | val=0.000919 | best=0.000903@221 | patience=1/30 | time=6.26s
[2026-04-27 04:37:41] epoch  223/300 | train=0.000560 | val=0.000912 | best=0.000903@221 | patience=2/30 | time=6.55s
[2026-04-27 04:37:48] epoch  224/300 | train=0.000559 | val=0.000913 | best=0.000903@221 | patience=3/30 | time=6.30s
[2026-04-27 04:37:54] epoch  225/300 | train=0.000557 | val=0.000914 | best=0.000903@221 | patience=4/30 | time=6.24s
[2026-04-27 04:38:01] epoch  226/300 | train=0.000554 | val=0.000918 | best=0.000903@221 | patience=5/30 | time=6.44s
[2026-04-27 04:38:07] epoch  227/300 | train=0.000551 | val=0.000914 | best=0.000903@221 | patience=6/30 | time=6.55s
[2026-04-27 04:38:14] epoch  228/300 | train=0.000549 | val=0.000912 | best=0.000903@221 | patience=7/30 | time=6.24s
[2026-04-27 04:38:20] epoch  229/300 | train=0.000548 | val=0.000915 | best=0.000903@221 | patience=8/30 | time=6.31s
[2026-04-27 04:38:27] epoch  230/300 | train=0.000545 | val=0.000917 | best=0.000903@221 | patience=9/30 | time=6.30s
[2026-04-27 04:38:33] epoch  231/300 | train=0.000546 | val=0.000909 | best=0.000903@221 | patience=10/30 | time=6.66s
[2026-04-27 04:38:40] epoch  232/300 | train=0.000539 | val=0.000908 | best=0.000903@221 | patience=11/30 | time=6.24s
[2026-04-27 04:38:47] epoch  233/300 | train=0.000538 | val=0.000905 | best=0.000903@221 | patience=12/30 | time=6.80s
[2026-04-27 04:38:53] epoch  234/300 | train=0.000536 | val=0.000911 | best=0.000903@221 | patience=13/30 | time=6.47s
[2026-04-27 04:39:00] epoch  235/300 | train=0.000536 | val=0.000913 | best=0.000903@221 | patience=14/30 | time=6.55s
[2026-04-27 04:39:07] epoch  236/300 | train=0.000531 | val=0.000904 | best=0.000903@221 | patience=15/30 | time=6.24s
[2026-04-27 04:39:14] epoch  237/300 | train=0.000533 | val=0.000925 | best=0.000903@221 | patience=16/30 | time=6.74s
[2026-04-27 04:39:20] epoch  238/300 | train=0.000531 | val=0.000927 | best=0.000903@221 | patience=17/30 | time=6.30s
[2026-04-27 04:39:27] epoch  239/300 | train=0.000535 | val=0.000914 | best=0.000903@221 | patience=18/30 | time=6.49s
[2026-04-27 04:39:34] epoch  240/300 | train=0.000531 | val=0.000915 | best=0.000903@221 | patience=19/30 | time=6.44s
[2026-04-27 04:39:40] epoch  241/300 | train=0.000525 | val=0.000915 | best=0.000903@221 | patience=20/30 | time=6.73s
[2026-04-27 04:39:48] epoch  242/300 | train=0.000521 | val=0.000901 | best=0.000901@242 | patience=0/30 | time=6.43s *
[2026-04-27 04:39:57] epoch  243/300 | train=0.000520 | val=0.000920 | best=0.000901@242 | patience=1/30 | time=9.15s
[2026-04-27 04:40:03] epoch  244/300 | train=0.000523 | val=0.000914 | best=0.000901@242 | patience=2/30 | time=6.42s
[2026-04-27 04:40:10] epoch  245/300 | train=0.000520 | val=0.000913 | best=0.000901@242 | patience=3/30 | time=6.79s
[2026-04-27 04:40:17] epoch  246/300 | train=0.000520 | val=0.000906 | best=0.000901@242 | patience=4/30 | time=6.40s
[2026-04-27 04:40:26] epoch  247/300 | train=0.000518 | val=0.000909 | best=0.000901@242 | patience=5/30 | time=8.52s
[2026-04-27 04:40:32] epoch  248/300 | train=0.000513 | val=0.000922 | best=0.000901@242 | patience=6/30 | time=6.23s
[2026-04-27 04:40:39] epoch  249/300 | train=0.000512 | val=0.000910 | best=0.000901@242 | patience=7/30 | time=6.78s
[2026-04-27 04:40:45] epoch  250/300 | train=0.000511 | val=0.000919 | best=0.000901@242 | patience=8/30 | time=6.51s
[2026-04-27 04:40:55] epoch  251/300 | train=0.000511 | val=0.000917 | best=0.000901@242 | patience=9/30 | time=9.04s
[2026-04-27 04:41:01] epoch  252/300 | train=0.000512 | val=0.000915 | best=0.000901@242 | patience=10/30 | time=6.30s
[2026-04-27 04:41:07] epoch  253/300 | train=0.000513 | val=0.000909 | best=0.000901@242 | patience=11/30 | time=6.27s
[2026-04-27 04:41:14] epoch  254/300 | train=0.000508 | val=0.000914 | best=0.000901@242 | patience=12/30 | time=6.27s
[2026-04-27 04:41:20] epoch  255/300 | train=0.000508 | val=0.000919 | best=0.000901@242 | patience=13/30 | time=6.60s
[2026-04-27 04:41:27] epoch  256/300 | train=0.000506 | val=0.000906 | best=0.000901@242 | patience=14/30 | time=6.30s
[2026-04-27 04:41:33] epoch  257/300 | train=0.000505 | val=0.000908 | best=0.000901@242 | patience=15/30 | time=6.24s
[2026-04-27 04:41:40] epoch  258/300 | train=0.000500 | val=0.000911 | best=0.000901@242 | patience=16/30 | time=6.29s
[2026-04-27 04:41:47] epoch  259/300 | train=0.000502 | val=0.000953 | best=0.000901@242 | patience=17/30 | time=6.69s
[2026-04-27 04:41:53] epoch  260/300 | train=0.000503 | val=0.000913 | best=0.000901@242 | patience=18/30 | time=6.24s
[2026-04-27 04:42:00] epoch  261/300 | train=0.000497 | val=0.000910 | best=0.000901@242 | patience=19/30 | time=6.74s
[2026-04-27 04:42:06] epoch  262/300 | train=0.000496 | val=0.000922 | best=0.000901@242 | patience=20/30 | time=6.30s
[2026-04-27 04:42:13] epoch  263/300 | train=0.000494 | val=0.000909 | best=0.000901@242 | patience=21/30 | time=6.55s
[2026-04-27 04:42:19] epoch  264/300 | train=0.000493 | val=0.000917 | best=0.000901@242 | patience=22/30 | time=6.27s
[2026-04-27 04:42:26] epoch  265/300 | train=0.000494 | val=0.000913 | best=0.000901@242 | patience=23/30 | time=6.76s
[2026-04-27 04:42:33] epoch  266/300 | train=0.000493 | val=0.000915 | best=0.000901@242 | patience=24/30 | time=6.26s
[2026-04-27 04:42:39] epoch  267/300 | train=0.000488 | val=0.000917 | best=0.000901@242 | patience=25/30 | time=6.57s
[2026-04-27 04:42:46] epoch  268/300 | train=0.000490 | val=0.000914 | best=0.000901@242 | patience=26/30 | time=6.29s
[2026-04-27 04:42:52] epoch  269/300 | train=0.000486 | val=0.000914 | best=0.000901@242 | patience=27/30 | time=6.30s
[2026-04-27 04:42:59] epoch  270/300 | train=0.000480 | val=0.000922 | best=0.000901@242 | patience=28/30 | time=6.39s
[2026-04-27 04:43:05] epoch  271/300 | train=0.000479 | val=0.000924 | best=0.000901@242 | patience=29/30 | time=6.83s
[2026-04-27 04:43:12] epoch  272/300 | train=0.000480 | val=0.000911 | best=0.000901@242 | patience=30/30 | time=6.29s
[2026-04-27 04:43:12]   early stopping at epoch 272 (no improvement for 30 epochs)
[2026-04-27 04:43:12] Training done: stop_reason=early_stop, total_epochs=272, best_epoch=242, best_val=0.000901
[2026-04-27 04:43:12] Reloading best checkpoint (epoch 242) for evaluation
[2026-04-27 04:43:25] ------------------------------------------------------------
[2026-04-27 04:43:25] Evaluation:
[2026-04-27 04:43:25]   AUC broken_lcfs         : 0.6095
[2026-04-27 04:43:25]   AUC bad_black_core      : 0.9945
[2026-04-27 04:43:25]   AUC bad_nonconverged    : 0.9980
[2026-04-27 04:43:25]   objective      : 0.8415
[2026-04-27 04:43:25]   floor_ok       : True
[2026-04-27 04:43:25]   threshold      : 0.1424
[2026-04-27 04:43:25]   mu / sigma     : 0.000519769 / 0.000143357
[2026-04-27 04:43:25] Train time=2127.3s, eval time=12.7s
