[2026-04-27 09:09:02] ============================================================
[2026-04-27 09:09:02] Trial 148 starting on cuda:0
[2026-04-27 09:09:02] Timestamp: 2026-04-27T09:09:02.062619
[2026-04-27 09:09:02] --- Config summary ---
  bottleneck_dim  : 171
  n_enc_layers    : 2
  n_dec_layers    : 4
  base_channels   : 49
  growth_factor   : 2.2920556534889394
  use_batchnorm   : True
  use_hpf         : True
  hpf_sigma       : 1.019691421539643
  lr              : 0.00037274054052086774
  batch_size      : 16
  max_epochs      : 300
  patience        : 30
  seed            : 42
  deterministic   : False
  trial_num       : 148
[2026-04-27 09:09:02] Loading train/val/selection splits...
[2026-04-27 09:10:01] Splits loaded in 59.2s: n_train=722, n_val=120, n_selection=405
[2026-04-27 09:10:10] --- Architecture summary ---
  channels per enc layer : [49, 112]
  final spatial size     : 64x64
  flat size before latent: 458752
  bottleneck_dim         : 171
  total parameters       : 157,970,208
[2026-04-27 09:10:10] Starting training: n_train=722, n_val=120, device=cuda:0
[2026-04-27 09:11:00] epoch    1/300 | train=0.002251 | val=0.001998 | best=0.001998@1 | patience=0/30 | time=45.48s *
[2026-04-27 09:11:11] epoch    2/300 | train=0.001450 | val=0.001442 | best=0.001442@2 | patience=0/30 | time=6.20s *
[2026-04-27 09:11:22] epoch    3/300 | train=0.001402 | val=0.001383 | best=0.001383@3 | patience=0/30 | time=6.10s *
[2026-04-27 09:11:28] epoch    4/300 | train=0.001336 | val=0.001462 | best=0.001383@3 | patience=1/30 | time=5.92s
[2026-04-27 09:11:39] epoch    5/300 | train=0.001298 | val=0.001352 | best=0.001352@5 | patience=0/30 | time=6.14s *
[2026-04-27 09:11:45] epoch    6/300 | train=0.001273 | val=0.001398 | best=0.001352@5 | patience=1/30 | time=6.07s
[2026-04-27 09:11:56] epoch    7/300 | train=0.001252 | val=0.001272 | best=0.001272@7 | patience=0/30 | time=5.94s *
[2026-04-27 09:12:02] epoch    8/300 | train=0.001233 | val=0.001278 | best=0.001272@7 | patience=1/30 | time=6.21s
[2026-04-27 09:12:13] epoch    9/300 | train=0.001196 | val=0.001200 | best=0.001200@9 | patience=0/30 | time=6.07s *
[2026-04-27 09:12:19] epoch   10/300 | train=0.001176 | val=0.001246 | best=0.001200@9 | patience=1/30 | time=5.95s
[2026-04-27 09:12:25] epoch   11/300 | train=0.001169 | val=0.001200 | best=0.001200@9 | patience=2/30 | time=5.92s
[2026-04-27 09:12:36] epoch   12/300 | train=0.001142 | val=0.001164 | best=0.001164@12 | patience=0/30 | time=6.13s *
[2026-04-27 09:12:42] epoch   13/300 | train=0.001126 | val=0.001187 | best=0.001164@12 | patience=1/30 | time=6.10s
[2026-04-27 09:12:53] epoch   14/300 | train=0.001113 | val=0.001132 | best=0.001132@14 | patience=0/30 | time=5.98s *
[2026-04-27 09:13:04] epoch   15/300 | train=0.001093 | val=0.001115 | best=0.001115@15 | patience=0/30 | time=6.13s *
[2026-04-27 09:13:15] epoch   16/300 | train=0.001079 | val=0.001088 | best=0.001088@16 | patience=0/30 | time=6.06s *
[2026-04-27 09:13:26] epoch   17/300 | train=0.001057 | val=0.001084 | best=0.001084@17 | patience=0/30 | time=5.92s *
[2026-04-27 09:13:32] epoch   18/300 | train=0.001051 | val=0.001180 | best=0.001084@17 | patience=1/30 | time=6.05s
[2026-04-27 09:13:43] epoch   19/300 | train=0.001043 | val=0.001038 | best=0.001038@19 | patience=0/30 | time=6.08s *
[2026-04-27 09:13:49] epoch   20/300 | train=0.001014 | val=0.001041 | best=0.001038@19 | patience=1/30 | time=5.97s
[2026-04-27 09:13:55] epoch   21/300 | train=0.001007 | val=0.001044 | best=0.001038@19 | patience=2/30 | time=5.89s
[2026-04-27 09:14:06] epoch   22/300 | train=0.000991 | val=0.001005 | best=0.001005@22 | patience=0/30 | time=6.38s *
[2026-04-27 09:14:12] epoch   23/300 | train=0.000975 | val=0.001068 | best=0.001005@22 | patience=1/30 | time=6.04s
[2026-04-27 09:14:18] epoch   24/300 | train=0.000969 | val=0.001059 | best=0.001005@22 | patience=2/30 | time=5.94s
[2026-04-27 09:14:29] epoch   25/300 | train=0.000960 | val=0.000972 | best=0.000972@25 | patience=0/30 | time=5.93s *
[2026-04-27 09:14:35] epoch   26/300 | train=0.000940 | val=0.000991 | best=0.000972@25 | patience=1/30 | time=6.05s
[2026-04-27 09:14:42] epoch   27/300 | train=0.000934 | val=0.001004 | best=0.000972@25 | patience=2/30 | time=6.05s
[2026-04-27 09:14:48] epoch   28/300 | train=0.000922 | val=0.001011 | best=0.000972@25 | patience=3/30 | time=5.97s
[2026-04-27 09:14:54] epoch   29/300 | train=0.000921 | val=0.000972 | best=0.000972@25 | patience=4/30 | time=5.90s
[2026-04-27 09:15:00] epoch   30/300 | train=0.000903 | val=0.000982 | best=0.000972@25 | patience=5/30 | time=6.37s
[2026-04-27 09:15:11] epoch   31/300 | train=0.000899 | val=0.000967 | best=0.000967@31 | patience=0/30 | time=5.88s *
[2026-04-27 09:15:21] epoch   32/300 | train=0.000883 | val=0.000945 | best=0.000945@32 | patience=0/30 | time=5.98s *
[2026-04-27 09:15:28] epoch   33/300 | train=0.000877 | val=0.000993 | best=0.000945@32 | patience=1/30 | time=6.38s
[2026-04-27 09:15:39] epoch   34/300 | train=0.000864 | val=0.000941 | best=0.000941@34 | patience=0/30 | time=5.87s *
[2026-04-27 09:15:45] epoch   35/300 | train=0.000863 | val=0.001018 | best=0.000941@34 | patience=1/30 | time=5.94s
[2026-04-27 09:15:56] epoch   36/300 | train=0.000853 | val=0.000932 | best=0.000932@36 | patience=0/30 | time=5.92s *
[2026-04-27 09:16:02] epoch   37/300 | train=0.000842 | val=0.000958 | best=0.000932@36 | patience=1/30 | time=6.05s
[2026-04-27 09:16:08] epoch   38/300 | train=0.000836 | val=0.001065 | best=0.000932@36 | patience=2/30 | time=6.04s
[2026-04-27 09:16:19] epoch   39/300 | train=0.000841 | val=0.000898 | best=0.000898@39 | patience=0/30 | time=5.94s *
[2026-04-27 09:16:25] epoch   40/300 | train=0.000822 | val=0.000926 | best=0.000898@39 | patience=1/30 | time=6.19s
[2026-04-27 09:16:31] epoch   41/300 | train=0.000815 | val=0.000912 | best=0.000898@39 | patience=2/30 | time=6.07s
[2026-04-27 09:16:37] epoch   42/300 | train=0.000813 | val=0.000925 | best=0.000898@39 | patience=3/30 | time=6.08s
[2026-04-27 09:16:48] epoch   43/300 | train=0.000806 | val=0.000895 | best=0.000895@43 | patience=0/30 | time=5.97s *
[2026-04-27 09:16:55] epoch   44/300 | train=0.000792 | val=0.000905 | best=0.000895@43 | patience=1/30 | time=6.34s
[2026-04-27 09:17:01] epoch   45/300 | train=0.000782 | val=0.000970 | best=0.000895@43 | patience=2/30 | time=5.88s
[2026-04-27 09:17:11] epoch   46/300 | train=0.000775 | val=0.000890 | best=0.000890@46 | patience=0/30 | time=6.12s *
[2026-04-27 09:17:22] epoch   47/300 | train=0.000765 | val=0.000877 | best=0.000877@47 | patience=0/30 | time=5.89s *
[2026-04-27 09:17:28] epoch   48/300 | train=0.000759 | val=0.000910 | best=0.000877@47 | patience=1/30 | time=6.06s
[2026-04-27 09:17:35] epoch   49/300 | train=0.000755 | val=0.000880 | best=0.000877@47 | patience=2/30 | time=6.10s
[2026-04-27 09:17:41] epoch   50/300 | train=0.000745 | val=0.001026 | best=0.000877@47 | patience=3/30 | time=5.95s
[2026-04-27 09:17:47] epoch   51/300 | train=0.000742 | val=0.000892 | best=0.000877@47 | patience=4/30 | time=5.92s
[2026-04-27 09:17:53] epoch   52/300 | train=0.000734 | val=0.001026 | best=0.000877@47 | patience=5/30 | time=6.19s
[2026-04-27 09:17:59] epoch   53/300 | train=0.000728 | val=0.000883 | best=0.000877@47 | patience=6/30 | time=6.10s
[2026-04-27 09:18:10] epoch   54/300 | train=0.000725 | val=0.000869 | best=0.000869@54 | patience=0/30 | time=6.08s *
[2026-04-27 09:18:16] epoch   55/300 | train=0.000715 | val=0.000886 | best=0.000869@54 | patience=1/30 | time=5.90s
[2026-04-27 09:18:27] epoch   56/300 | train=0.000707 | val=0.000865 | best=0.000865@56 | patience=0/30 | time=6.40s *
[2026-04-27 09:18:34] epoch   57/300 | train=0.000697 | val=0.000902 | best=0.000865@56 | patience=1/30 | time=6.12s
[2026-04-27 09:18:40] epoch   58/300 | train=0.000691 | val=0.000874 | best=0.000865@56 | patience=2/30 | time=5.90s
[2026-04-27 09:18:46] epoch   59/300 | train=0.000681 | val=0.000884 | best=0.000865@56 | patience=3/30 | time=6.22s
[2026-04-27 09:18:52] epoch   60/300 | train=0.000676 | val=0.000891 | best=0.000865@56 | patience=4/30 | time=6.07s
[2026-04-27 09:19:03] epoch   61/300 | train=0.000674 | val=0.000835 | best=0.000835@61 | patience=0/30 | time=6.05s *
[2026-04-27 09:19:09] epoch   62/300 | train=0.000661 | val=0.000845 | best=0.000835@61 | patience=1/30 | time=5.92s
[2026-04-27 09:19:15] epoch   63/300 | train=0.000653 | val=0.000859 | best=0.000835@61 | patience=2/30 | time=6.13s
[2026-04-27 09:19:26] epoch   64/300 | train=0.000642 | val=0.000828 | best=0.000828@64 | patience=0/30 | time=6.10s *
[2026-04-27 09:19:32] epoch   65/300 | train=0.000633 | val=0.000832 | best=0.000828@64 | patience=1/30 | time=6.11s
[2026-04-27 09:19:43] epoch   66/300 | train=0.000631 | val=0.000821 | best=0.000821@66 | patience=0/30 | time=5.90s *
[2026-04-27 09:19:49] epoch   67/300 | train=0.000627 | val=0.000850 | best=0.000821@66 | patience=1/30 | time=6.32s
[2026-04-27 09:19:55] epoch   68/300 | train=0.000626 | val=0.000850 | best=0.000821@66 | patience=2/30 | time=5.87s
[2026-04-27 09:20:01] epoch   69/300 | train=0.000609 | val=0.000838 | best=0.000821@66 | patience=3/30 | time=6.14s
[2026-04-27 09:20:07] epoch   70/300 | train=0.000598 | val=0.000872 | best=0.000821@66 | patience=4/30 | time=5.93s
[2026-04-27 09:20:14] epoch   71/300 | train=0.000600 | val=0.001074 | best=0.000821@66 | patience=5/30 | time=6.20s
[2026-04-27 09:20:20] epoch   72/300 | train=0.000596 | val=0.000842 | best=0.000821@66 | patience=6/30 | time=6.05s
[2026-04-27 09:20:26] epoch   73/300 | train=0.000582 | val=0.000841 | best=0.000821@66 | patience=7/30 | time=6.09s
[2026-04-27 09:20:32] epoch   74/300 | train=0.000572 | val=0.000867 | best=0.000821@66 | patience=8/30 | time=5.98s
[2026-04-27 09:20:38] epoch   75/300 | train=0.000562 | val=0.000949 | best=0.000821@66 | patience=9/30 | time=5.90s
[2026-04-27 09:20:44] epoch   76/300 | train=0.000571 | val=0.000889 | best=0.000821@66 | patience=10/30 | time=6.33s
[2026-04-27 09:20:50] epoch   77/300 | train=0.000550 | val=0.000925 | best=0.000821@66 | patience=11/30 | time=5.88s
[2026-04-27 09:20:57] epoch   78/300 | train=0.000551 | val=0.000888 | best=0.000821@66 | patience=12/30 | time=6.12s
[2026-04-27 09:21:07] epoch   79/300 | train=0.000540 | val=0.000815 | best=0.000815@79 | patience=0/30 | time=5.93s *
[2026-04-27 09:21:14] epoch   80/300 | train=0.000522 | val=0.000863 | best=0.000815@79 | patience=1/30 | time=6.07s
[2026-04-27 09:21:20] epoch   81/300 | train=0.000524 | val=0.000815 | best=0.000815@79 | patience=2/30 | time=6.05s
[2026-04-27 09:21:26] epoch   82/300 | train=0.000506 | val=0.000848 | best=0.000815@79 | patience=3/30 | time=5.95s
[2026-04-27 09:21:32] epoch   83/300 | train=0.000502 | val=0.001280 | best=0.000815@79 | patience=4/30 | time=5.92s
[2026-04-27 09:21:38] epoch   84/300 | train=0.000514 | val=0.001033 | best=0.000815@79 | patience=5/30 | time=6.32s
[2026-04-27 09:21:44] epoch   85/300 | train=0.000504 | val=0.000845 | best=0.000815@79 | patience=6/30 | time=5.88s
[2026-04-27 09:21:50] epoch   86/300 | train=0.000492 | val=0.001048 | best=0.000815@79 | patience=7/30 | time=6.16s
[2026-04-27 09:21:56] epoch   87/300 | train=0.000484 | val=0.001136 | best=0.000815@79 | patience=8/30 | time=5.90s
[2026-04-27 09:22:03] epoch   88/300 | train=0.000473 | val=0.000833 | best=0.000815@79 | patience=9/30 | time=6.22s
[2026-04-27 09:22:09] epoch   89/300 | train=0.000463 | val=0.000880 | best=0.000815@79 | patience=10/30 | time=6.05s
[2026-04-27 09:22:15] epoch   90/300 | train=0.000460 | val=0.000864 | best=0.000815@79 | patience=11/30 | time=6.09s
[2026-04-27 09:22:21] epoch   91/300 | train=0.000453 | val=0.000916 | best=0.000815@79 | patience=12/30 | time=5.96s
[2026-04-27 09:22:27] epoch   92/300 | train=0.000451 | val=0.000844 | best=0.000815@79 | patience=13/30 | time=5.93s
[2026-04-27 09:22:34] epoch   93/300 | train=0.000437 | val=0.000880 | best=0.000815@79 | patience=14/30 | time=6.37s
[2026-04-27 09:22:40] epoch   94/300 | train=0.000434 | val=0.000871 | best=0.000815@79 | patience=15/30 | time=5.88s
[2026-04-27 09:22:46] epoch   95/300 | train=0.000421 | val=0.000879 | best=0.000815@79 | patience=16/30 | time=6.13s
[2026-04-27 09:22:52] epoch   96/300 | train=0.000405 | val=0.000878 | best=0.000815@79 | patience=17/30 | time=5.91s
[2026-04-27 09:22:58] epoch   97/300 | train=0.000415 | val=0.000836 | best=0.000815@79 | patience=18/30 | time=6.16s
[2026-04-27 09:23:04] epoch   98/300 | train=0.000409 | val=0.001118 | best=0.000815@79 | patience=19/30 | time=6.10s
[2026-04-27 09:23:10] epoch   99/300 | train=0.000403 | val=0.000853 | best=0.000815@79 | patience=20/30 | time=6.06s
[2026-04-27 09:23:17] epoch  100/300 | train=0.000391 | val=0.000859 | best=0.000815@79 | patience=21/30 | time=5.95s
[2026-04-27 09:23:23] epoch  101/300 | train=0.000379 | val=0.000841 | best=0.000815@79 | patience=22/30 | time=5.93s
[2026-04-27 09:23:29] epoch  102/300 | train=0.000368 | val=0.000879 | best=0.000815@79 | patience=23/30 | time=6.43s
[2026-04-27 09:23:35] epoch  103/300 | train=0.000363 | val=0.000833 | best=0.000815@79 | patience=24/30 | time=5.88s
[2026-04-27 09:23:41] epoch  104/300 | train=0.000355 | val=0.000862 | best=0.000815@79 | patience=25/30 | time=6.13s
[2026-04-27 09:23:47] epoch  105/300 | train=0.000356 | val=0.000832 | best=0.000815@79 | patience=26/30 | time=5.90s
[2026-04-27 09:23:54] epoch  106/300 | train=0.000354 | val=0.001054 | best=0.000815@79 | patience=27/30 | time=6.19s
[2026-04-27 09:24:00] epoch  107/300 | train=0.000362 | val=0.001107 | best=0.000815@79 | patience=28/30 | time=6.05s
[2026-04-27 09:24:06] epoch  108/300 | train=0.000371 | val=0.000938 | best=0.000815@79 | patience=29/30 | time=6.09s
[2026-04-27 09:24:12] epoch  109/300 | train=0.000355 | val=0.001101 | best=0.000815@79 | patience=30/30 | time=5.98s
[2026-04-27 09:24:12]   early stopping at epoch 109 (no improvement for 30 epochs)
[2026-04-27 09:24:12] Training done: stop_reason=early_stop, total_epochs=109, best_epoch=79, best_val=0.000815
[2026-04-27 09:24:12] Reloading best checkpoint (epoch 79) for evaluation
[2026-04-27 09:24:24] ------------------------------------------------------------
[2026-04-27 09:24:24] Evaluation:
[2026-04-27 09:24:24]   AUC broken_lcfs         : 0.6174
[2026-04-27 09:24:24]   AUC bad_black_core      : 0.9945
[2026-04-27 09:24:24]   AUC bad_nonconverged    : 0.9993
[2026-04-27 09:24:24]   objective      : 0.8451
[2026-04-27 09:24:24]   floor_ok       : True
[2026-04-27 09:24:24]   threshold      : 0.1417
[2026-04-27 09:24:24]   mu / sigma     : 0.000541566 / 0.000121535
[2026-04-27 09:24:24] Train time=842.7s, eval time=7.3s
