[2026-04-27 00:25:54] ============================================================
[2026-04-27 00:25:54] Trial 11 starting on cuda:0
[2026-04-27 00:25:54] Timestamp: 2026-04-27T00:25:54.668905
[2026-04-27 00:25:54] --- Config summary ---
  bottleneck_dim  : 156
  n_enc_layers    : 2
  n_dec_layers    : 2
  base_channels   : 19
  growth_factor   : 1.7107517215651362
  use_batchnorm   : False
  use_hpf         : False
  hpf_sigma       : 3.0
  lr              : 6.333342246208201e-05
  batch_size      : 16
  max_epochs      : 300
  patience        : 30
  seed            : 42
  deterministic   : False
  trial_num       : 11
[2026-04-27 00:25:54] Loading train/val/selection splits...
[2026-04-27 00:26:54] Splits loaded in 59.8s: n_train=722, n_val=120, n_selection=405
[2026-04-27 00:26:56] --- Architecture summary ---
  channels per enc layer : [19, 33]
  final spatial size     : 64x64
  flat size before latent: 135168
  bottleneck_dim         : 156
  total parameters       : 42,342,224
[2026-04-27 00:26:56] Starting training: n_train=722, n_val=120, device=cuda:0
[2026-04-27 00:27:27] epoch    1/300 | train=0.045519 | val=0.039313 | best=0.039313@1 | patience=0/30 | time=29.87s *
[2026-04-27 00:27:30] epoch    2/300 | train=0.030604 | val=0.024356 | best=0.024356@2 | patience=0/30 | time=1.23s *
[2026-04-27 00:27:33] epoch    3/300 | train=0.022932 | val=0.018933 | best=0.018933@3 | patience=0/30 | time=1.22s *
[2026-04-27 00:27:35] epoch    4/300 | train=0.015022 | val=0.010350 | best=0.010350@4 | patience=0/30 | time=1.22s *
[2026-04-27 00:27:38] epoch    5/300 | train=0.009953 | val=0.008895 | best=0.008895@5 | patience=0/30 | time=1.22s *
[2026-04-27 00:27:41] epoch    6/300 | train=0.008828 | val=0.008234 | best=0.008234@6 | patience=0/30 | time=1.22s *
[2026-04-27 00:27:43] epoch    7/300 | train=0.008282 | val=0.007870 | best=0.007870@7 | patience=0/30 | time=1.22s *
[2026-04-27 00:27:46] epoch    8/300 | train=0.007952 | val=0.007651 | best=0.007651@8 | patience=0/30 | time=1.23s *
[2026-04-27 00:27:48] epoch    9/300 | train=0.007742 | val=0.007508 | best=0.007508@9 | patience=0/30 | time=1.22s *
[2026-04-27 00:27:51] epoch   10/300 | train=0.007604 | val=0.007375 | best=0.007375@10 | patience=0/30 | time=1.22s *
[2026-04-27 00:27:54] epoch   11/300 | train=0.007497 | val=0.007310 | best=0.007310@11 | patience=0/30 | time=1.22s *
[2026-04-27 00:27:56] epoch   12/300 | train=0.007399 | val=0.007240 | best=0.007240@12 | patience=0/30 | time=1.23s *
[2026-04-27 00:27:59] epoch   13/300 | train=0.007327 | val=0.007166 | best=0.007166@13 | patience=0/30 | time=1.34s *
[2026-04-27 00:28:01] epoch   14/300 | train=0.007267 | val=0.007122 | best=0.007122@14 | patience=0/30 | time=1.22s *
[2026-04-27 00:28:04] epoch   15/300 | train=0.007200 | val=0.007078 | best=0.007078@15 | patience=0/30 | time=1.23s *
[2026-04-27 00:28:07] epoch   16/300 | train=0.007152 | val=0.007017 | best=0.007017@16 | patience=0/30 | time=1.22s *
[2026-04-27 00:28:09] epoch   17/300 | train=0.007076 | val=0.007008 | best=0.007008@17 | patience=0/30 | time=1.22s *
[2026-04-27 00:28:12] epoch   18/300 | train=0.007007 | val=0.006956 | best=0.006956@18 | patience=0/30 | time=1.22s *
[2026-04-27 00:28:15] epoch   19/300 | train=0.006948 | val=0.006870 | best=0.006870@19 | patience=0/30 | time=1.22s *
[2026-04-27 00:28:17] epoch   20/300 | train=0.006861 | val=0.006822 | best=0.006822@20 | patience=0/30 | time=1.22s *
[2026-04-27 00:28:20] epoch   21/300 | train=0.006781 | val=0.006689 | best=0.006689@21 | patience=0/30 | time=1.23s *
[2026-04-27 00:28:23] epoch   22/300 | train=0.006603 | val=0.006613 | best=0.006613@22 | patience=0/30 | time=1.45s *
[2026-04-27 00:28:26] epoch   23/300 | train=0.006432 | val=0.006463 | best=0.006463@23 | patience=0/30 | time=1.22s *
[2026-04-27 00:28:28] epoch   24/300 | train=0.006252 | val=0.006226 | best=0.006226@24 | patience=0/30 | time=1.24s *
[2026-04-27 00:28:31] epoch   25/300 | train=0.006045 | val=0.006039 | best=0.006039@25 | patience=0/30 | time=1.24s *
[2026-04-27 00:28:33] epoch   26/300 | train=0.005899 | val=0.005968 | best=0.005968@26 | patience=0/30 | time=1.23s *
[2026-04-27 00:28:36] epoch   27/300 | train=0.005753 | val=0.005757 | best=0.005757@27 | patience=0/30 | time=1.22s *
[2026-04-27 00:28:39] epoch   28/300 | train=0.005552 | val=0.005659 | best=0.005659@28 | patience=0/30 | time=1.22s *
[2026-04-27 00:28:41] epoch   29/300 | train=0.005422 | val=0.005429 | best=0.005429@29 | patience=0/30 | time=1.22s *
[2026-04-27 00:28:44] epoch   30/300 | train=0.005248 | val=0.005276 | best=0.005276@30 | patience=0/30 | time=1.24s *
[2026-04-27 00:28:47] epoch   31/300 | train=0.005128 | val=0.005127 | best=0.005127@31 | patience=0/30 | time=1.22s *
[2026-04-27 00:28:48] epoch   32/300 | train=0.005018 | val=0.005150 | best=0.005127@31 | patience=1/30 | time=1.50s
[2026-04-27 00:28:51] epoch   33/300 | train=0.004940 | val=0.004969 | best=0.004969@33 | patience=0/30 | time=1.22s *
[2026-04-27 00:28:54] epoch   34/300 | train=0.004817 | val=0.004861 | best=0.004861@34 | patience=0/30 | time=1.35s *
[2026-04-27 00:28:56] epoch   35/300 | train=0.004739 | val=0.004793 | best=0.004793@35 | patience=0/30 | time=1.22s *
[2026-04-27 00:28:59] epoch   36/300 | train=0.004668 | val=0.004730 | best=0.004730@36 | patience=0/30 | time=1.23s *
[2026-04-27 00:29:01] epoch   37/300 | train=0.004588 | val=0.004610 | best=0.004610@37 | patience=0/30 | time=1.23s *
[2026-04-27 00:29:05] epoch   38/300 | train=0.004507 | val=0.004550 | best=0.004550@38 | patience=0/30 | time=1.22s *
[2026-04-27 00:29:07] epoch   39/300 | train=0.004423 | val=0.004468 | best=0.004468@39 | patience=0/30 | time=1.23s *
[2026-04-27 00:29:10] epoch   40/300 | train=0.004375 | val=0.004426 | best=0.004426@40 | patience=0/30 | time=1.22s *
[2026-04-27 00:29:13] epoch   41/300 | train=0.004289 | val=0.004376 | best=0.004376@41 | patience=0/30 | time=1.24s *
[2026-04-27 00:29:15] epoch   42/300 | train=0.004251 | val=0.004272 | best=0.004272@42 | patience=0/30 | time=1.22s *
[2026-04-27 00:29:17] epoch   43/300 | train=0.004173 | val=0.004298 | best=0.004272@42 | patience=1/30 | time=1.23s
[2026-04-27 00:29:18] epoch   44/300 | train=0.004127 | val=0.004284 | best=0.004272@42 | patience=2/30 | time=1.22s
[2026-04-27 00:29:21] epoch   45/300 | train=0.004081 | val=0.004166 | best=0.004166@45 | patience=0/30 | time=1.34s *
[2026-04-27 00:29:22] epoch   46/300 | train=0.004013 | val=0.004217 | best=0.004166@45 | patience=1/30 | time=1.22s
[2026-04-27 00:29:25] epoch   47/300 | train=0.003995 | val=0.004069 | best=0.004069@47 | patience=0/30 | time=1.22s *
[2026-04-27 00:29:27] epoch   48/300 | train=0.003920 | val=0.004041 | best=0.004041@48 | patience=0/30 | time=1.22s *
[2026-04-27 00:29:30] epoch   49/300 | train=0.003870 | val=0.004013 | best=0.004013@49 | patience=0/30 | time=1.22s *
[2026-04-27 00:29:33] epoch   50/300 | train=0.003837 | val=0.003905 | best=0.003905@50 | patience=0/30 | time=1.22s *
[2026-04-27 00:29:35] epoch   51/300 | train=0.003801 | val=0.003894 | best=0.003894@51 | patience=0/30 | time=1.22s *
[2026-04-27 00:29:37] epoch   52/300 | train=0.003752 | val=0.003956 | best=0.003894@51 | patience=1/30 | time=1.22s
[2026-04-27 00:29:39] epoch   53/300 | train=0.003735 | val=0.003863 | best=0.003863@53 | patience=0/30 | time=1.24s *
[2026-04-27 00:29:42] epoch   54/300 | train=0.003673 | val=0.003808 | best=0.003808@54 | patience=0/30 | time=1.21s *
[2026-04-27 00:29:45] epoch   55/300 | train=0.003640 | val=0.003753 | best=0.003753@55 | patience=0/30 | time=1.21s *
[2026-04-27 00:29:47] epoch   56/300 | train=0.003592 | val=0.003692 | best=0.003692@56 | patience=0/30 | time=1.22s *
[2026-04-27 00:29:50] epoch   57/300 | train=0.003563 | val=0.003678 | best=0.003678@57 | patience=0/30 | time=1.22s *
[2026-04-27 00:29:53] epoch   58/300 | train=0.003537 | val=0.003646 | best=0.003646@58 | patience=0/30 | time=1.22s *
[2026-04-27 00:29:55] epoch   59/300 | train=0.003497 | val=0.003622 | best=0.003622@59 | patience=0/30 | time=1.22s *
[2026-04-27 00:29:58] epoch   60/300 | train=0.003474 | val=0.003568 | best=0.003568@60 | patience=0/30 | time=1.22s *
[2026-04-27 00:30:00] epoch   61/300 | train=0.003442 | val=0.003549 | best=0.003549@61 | patience=0/30 | time=1.22s *
[2026-04-27 00:30:02] epoch   62/300 | train=0.003412 | val=0.003558 | best=0.003549@61 | patience=1/30 | time=1.22s
[2026-04-27 00:30:04] epoch   63/300 | train=0.003399 | val=0.003516 | best=0.003516@63 | patience=0/30 | time=1.22s *
[2026-04-27 00:30:07] epoch   64/300 | train=0.003368 | val=0.003490 | best=0.003490@64 | patience=0/30 | time=1.26s *
[2026-04-27 00:30:09] epoch   65/300 | train=0.003341 | val=0.003450 | best=0.003450@65 | patience=0/30 | time=1.20s *
[2026-04-27 00:30:12] epoch   66/300 | train=0.003296 | val=0.003438 | best=0.003438@66 | patience=0/30 | time=1.22s *
[2026-04-27 00:30:13] epoch   67/300 | train=0.003292 | val=0.003497 | best=0.003438@66 | patience=1/30 | time=1.22s
[2026-04-27 00:30:16] epoch   68/300 | train=0.003261 | val=0.003390 | best=0.003390@68 | patience=0/30 | time=1.23s *
[2026-04-27 00:30:19] epoch   69/300 | train=0.003239 | val=0.003357 | best=0.003357@69 | patience=0/30 | time=1.22s *
[2026-04-27 00:30:20] epoch   70/300 | train=0.003212 | val=0.003357 | best=0.003357@69 | patience=1/30 | time=1.23s
[2026-04-27 00:30:23] epoch   71/300 | train=0.003190 | val=0.003319 | best=0.003319@71 | patience=0/30 | time=1.22s *
[2026-04-27 00:30:24] epoch   72/300 | train=0.003169 | val=0.003331 | best=0.003319@71 | patience=1/30 | time=1.35s
[2026-04-27 00:30:27] epoch   73/300 | train=0.003150 | val=0.003256 | best=0.003256@73 | patience=0/30 | time=1.22s *
[2026-04-27 00:30:28] epoch   74/300 | train=0.003118 | val=0.003256 | best=0.003256@73 | patience=1/30 | time=1.21s
[2026-04-27 00:30:29] epoch   75/300 | train=0.003102 | val=0.003257 | best=0.003256@73 | patience=2/30 | time=1.23s
[2026-04-27 00:30:31] epoch   76/300 | train=0.003091 | val=0.003276 | best=0.003256@73 | patience=3/30 | time=1.21s
[2026-04-27 00:30:32] epoch   77/300 | train=0.003097 | val=0.003308 | best=0.003256@73 | patience=4/30 | time=1.21s
[2026-04-27 00:30:35] epoch   78/300 | train=0.003077 | val=0.003191 | best=0.003191@78 | patience=0/30 | time=1.21s *
[2026-04-27 00:30:36] epoch   79/300 | train=0.003030 | val=0.003194 | best=0.003191@78 | patience=1/30 | time=1.21s
[2026-04-27 00:30:38] epoch   80/300 | train=0.003012 | val=0.003166 | best=0.003166@80 | patience=0/30 | time=1.21s *
[2026-04-27 00:30:41] epoch   81/300 | train=0.002994 | val=0.003164 | best=0.003164@81 | patience=0/30 | time=1.21s *
[2026-04-27 00:30:44] epoch   82/300 | train=0.002991 | val=0.003150 | best=0.003150@82 | patience=0/30 | time=1.22s *
[2026-04-27 00:30:45] epoch   83/300 | train=0.002967 | val=0.003156 | best=0.003150@82 | patience=1/30 | time=1.23s
[2026-04-27 00:30:48] epoch   84/300 | train=0.002962 | val=0.003118 | best=0.003118@84 | patience=0/30 | time=1.22s *
[2026-04-27 00:30:50] epoch   85/300 | train=0.002929 | val=0.003086 | best=0.003086@85 | patience=0/30 | time=1.21s *
[2026-04-27 00:30:53] epoch   86/300 | train=0.002931 | val=0.003078 | best=0.003078@86 | patience=0/30 | time=1.49s *
[2026-04-27 00:30:56] epoch   87/300 | train=0.002897 | val=0.003075 | best=0.003075@87 | patience=0/30 | time=1.21s *
[2026-04-27 00:30:58] epoch   88/300 | train=0.002894 | val=0.003039 | best=0.003039@88 | patience=0/30 | time=1.21s *
[2026-04-27 00:31:01] epoch   89/300 | train=0.002868 | val=0.003018 | best=0.003018@89 | patience=0/30 | time=1.21s *
[2026-04-27 00:31:03] epoch   90/300 | train=0.002852 | val=0.003012 | best=0.003012@90 | patience=0/30 | time=1.21s *
[2026-04-27 00:31:06] epoch   91/300 | train=0.002842 | val=0.002998 | best=0.002998@91 | patience=0/30 | time=1.21s *
[2026-04-27 00:31:08] epoch   92/300 | train=0.002828 | val=0.003016 | best=0.002998@91 | patience=1/30 | time=1.21s
[2026-04-27 00:31:11] epoch   93/300 | train=0.002822 | val=0.002981 | best=0.002981@93 | patience=0/30 | time=1.26s *
[2026-04-27 00:31:13] epoch   94/300 | train=0.002807 | val=0.002964 | best=0.002964@94 | patience=0/30 | time=1.22s *
[2026-04-27 00:31:15] epoch   95/300 | train=0.002792 | val=0.002970 | best=0.002964@94 | patience=1/30 | time=1.23s
[2026-04-27 00:31:17] epoch   96/300 | train=0.002805 | val=0.002944 | best=0.002944@96 | patience=0/30 | time=1.22s *
[2026-04-27 00:31:20] epoch   97/300 | train=0.002761 | val=0.002940 | best=0.002940@97 | patience=0/30 | time=1.45s *
[2026-04-27 00:31:21] epoch   98/300 | train=0.002750 | val=0.002953 | best=0.002940@97 | patience=1/30 | time=1.22s
[2026-04-27 00:31:24] epoch   99/300 | train=0.002746 | val=0.002926 | best=0.002926@99 | patience=0/30 | time=1.33s *
[2026-04-27 00:31:27] epoch  100/300 | train=0.002735 | val=0.002918 | best=0.002918@100 | patience=0/30 | time=1.22s *
[2026-04-27 00:31:29] epoch  101/300 | train=0.002722 | val=0.002899 | best=0.002899@101 | patience=0/30 | time=1.23s *
[2026-04-27 00:31:31] epoch  102/300 | train=0.002709 | val=0.002918 | best=0.002899@101 | patience=1/30 | time=1.24s
[2026-04-27 00:31:33] epoch  103/300 | train=0.002719 | val=0.002892 | best=0.002892@103 | patience=0/30 | time=1.23s *
[2026-04-27 00:31:35] epoch  104/300 | train=0.002687 | val=0.002892 | best=0.002892@103 | patience=1/30 | time=1.22s
[2026-04-27 00:31:37] epoch  105/300 | train=0.002682 | val=0.002859 | best=0.002859@105 | patience=0/30 | time=1.28s *
[2026-04-27 00:31:40] epoch  106/300 | train=0.002656 | val=0.002842 | best=0.002842@106 | patience=0/30 | time=1.22s *
[2026-04-27 00:31:43] epoch  107/300 | train=0.002651 | val=0.002839 | best=0.002839@107 | patience=0/30 | time=1.21s *
[2026-04-27 00:31:44] epoch  108/300 | train=0.002643 | val=0.002843 | best=0.002839@107 | patience=1/30 | time=1.21s
[2026-04-27 00:31:47] epoch  109/300 | train=0.002643 | val=0.002832 | best=0.002832@109 | patience=0/30 | time=1.21s *
[2026-04-27 00:31:50] epoch  110/300 | train=0.002624 | val=0.002817 | best=0.002817@110 | patience=0/30 | time=1.21s *
[2026-04-27 00:31:52] epoch  111/300 | train=0.002616 | val=0.002801 | best=0.002801@111 | patience=0/30 | time=1.21s *
[2026-04-27 00:31:54] epoch  112/300 | train=0.002601 | val=0.002802 | best=0.002801@111 | patience=1/30 | time=1.25s
[2026-04-27 00:31:56] epoch  113/300 | train=0.002602 | val=0.002790 | best=0.002790@113 | patience=0/30 | time=1.22s *
[2026-04-27 00:31:58] epoch  114/300 | train=0.002595 | val=0.002803 | best=0.002790@113 | patience=1/30 | time=1.22s
[2026-04-27 00:32:00] epoch  115/300 | train=0.002579 | val=0.002776 | best=0.002776@115 | patience=0/30 | time=1.22s *
[2026-04-27 00:32:03] epoch  116/300 | train=0.002572 | val=0.002752 | best=0.002752@116 | patience=0/30 | time=1.22s *
[2026-04-27 00:32:04] epoch  117/300 | train=0.002551 | val=0.002752 | best=0.002752@116 | patience=1/30 | time=1.22s
[2026-04-27 00:32:07] epoch  118/300 | train=0.002549 | val=0.002745 | best=0.002745@118 | patience=0/30 | time=1.22s *
[2026-04-27 00:32:09] epoch  119/300 | train=0.002542 | val=0.002740 | best=0.002740@119 | patience=0/30 | time=1.22s *
[2026-04-27 00:32:11] epoch  120/300 | train=0.002536 | val=0.002745 | best=0.002740@119 | patience=1/30 | time=1.21s
[2026-04-27 00:32:14] epoch  121/300 | train=0.002525 | val=0.002728 | best=0.002728@121 | patience=0/30 | time=1.43s *
[2026-04-27 00:32:15] epoch  122/300 | train=0.002516 | val=0.002729 | best=0.002728@121 | patience=1/30 | time=1.21s
[2026-04-27 00:32:18] epoch  123/300 | train=0.002506 | val=0.002718 | best=0.002718@123 | patience=0/30 | time=1.35s *
[2026-04-27 00:32:20] epoch  124/300 | train=0.002502 | val=0.002711 | best=0.002711@124 | patience=0/30 | time=1.21s *
[2026-04-27 00:32:22] epoch  125/300 | train=0.002499 | val=0.002713 | best=0.002711@124 | patience=1/30 | time=1.21s
[2026-04-27 00:32:23] epoch  126/300 | train=0.002497 | val=0.002716 | best=0.002711@124 | patience=2/30 | time=1.20s
[2026-04-27 00:32:26] epoch  127/300 | train=0.002476 | val=0.002687 | best=0.002687@127 | patience=0/30 | time=1.21s *
[2026-04-27 00:32:28] epoch  128/300 | train=0.002465 | val=0.002674 | best=0.002674@128 | patience=0/30 | time=1.21s *
[2026-04-27 00:32:30] epoch  129/300 | train=0.002462 | val=0.002695 | best=0.002674@128 | patience=1/30 | time=1.25s
[2026-04-27 00:32:32] epoch  130/300 | train=0.002465 | val=0.002667 | best=0.002667@130 | patience=0/30 | time=1.22s *
[2026-04-27 00:32:35] epoch  131/300 | train=0.002446 | val=0.002655 | best=0.002655@131 | patience=0/30 | time=1.22s *
[2026-04-27 00:32:37] epoch  132/300 | train=0.002436 | val=0.002670 | best=0.002655@131 | patience=1/30 | time=1.21s
[2026-04-27 00:32:38] epoch  133/300 | train=0.002435 | val=0.002660 | best=0.002655@131 | patience=2/30 | time=1.21s
[2026-04-27 00:32:41] epoch  134/300 | train=0.002430 | val=0.002649 | best=0.002649@134 | patience=0/30 | time=1.21s *
[2026-04-27 00:32:44] epoch  135/300 | train=0.002416 | val=0.002638 | best=0.002638@135 | patience=0/30 | time=1.21s *
[2026-04-27 00:32:45] epoch  136/300 | train=0.002413 | val=0.002640 | best=0.002638@135 | patience=1/30 | time=1.21s
[2026-04-27 00:32:48] epoch  137/300 | train=0.002408 | val=0.002627 | best=0.002627@137 | patience=0/30 | time=1.21s *
[2026-04-27 00:32:50] epoch  138/300 | train=0.002393 | val=0.002614 | best=0.002614@138 | patience=0/30 | time=1.22s *
[2026-04-27 00:32:53] epoch  139/300 | train=0.002383 | val=0.002607 | best=0.002607@139 | patience=0/30 | time=1.21s *
[2026-04-27 00:32:54] epoch  140/300 | train=0.002380 | val=0.002639 | best=0.002607@139 | patience=1/30 | time=1.22s
[2026-04-27 00:32:55] epoch  141/300 | train=0.002390 | val=0.002615 | best=0.002607@139 | patience=2/30 | time=1.22s
[2026-04-27 00:32:58] epoch  142/300 | train=0.002387 | val=0.002605 | best=0.002605@142 | patience=0/30 | time=1.22s *
[2026-04-27 00:33:01] epoch  143/300 | train=0.002366 | val=0.002602 | best=0.002602@143 | patience=0/30 | time=1.22s *
[2026-04-27 00:33:04] epoch  144/300 | train=0.002357 | val=0.002586 | best=0.002586@144 | patience=0/30 | time=1.21s *
[2026-04-27 00:33:05] epoch  145/300 | train=0.002349 | val=0.002585 | best=0.002586@144 | patience=1/30 | time=1.21s
[2026-04-27 00:33:08] epoch  146/300 | train=0.002340 | val=0.002577 | best=0.002577@146 | patience=0/30 | time=1.21s *
[2026-04-27 00:33:09] epoch  147/300 | train=0.002332 | val=0.002587 | best=0.002577@146 | patience=1/30 | time=1.23s
[2026-04-27 00:33:12] epoch  148/300 | train=0.002329 | val=0.002570 | best=0.002570@148 | patience=0/30 | time=1.22s *
[2026-04-27 00:33:15] epoch  149/300 | train=0.002325 | val=0.002568 | best=0.002568@149 | patience=0/30 | time=1.23s *
[2026-04-27 00:33:17] epoch  150/300 | train=0.002320 | val=0.002562 | best=0.002562@150 | patience=0/30 | time=1.21s *
[2026-04-27 00:33:19] epoch  151/300 | train=0.002315 | val=0.002568 | best=0.002562@150 | patience=1/30 | time=1.21s
[2026-04-27 00:33:21] epoch  152/300 | train=0.002310 | val=0.002554 | best=0.002554@152 | patience=0/30 | time=1.21s *
[2026-04-27 00:33:24] epoch  153/300 | train=0.002299 | val=0.002543 | best=0.002543@153 | patience=0/30 | time=1.19s *
[2026-04-27 00:33:26] epoch  154/300 | train=0.002294 | val=0.002529 | best=0.002529@154 | patience=0/30 | time=1.26s *
[2026-04-27 00:33:28] epoch  155/300 | train=0.002285 | val=0.002543 | best=0.002529@154 | patience=1/30 | time=1.20s
[2026-04-27 00:33:29] epoch  156/300 | train=0.002283 | val=0.002531 | best=0.002529@154 | patience=2/30 | time=1.21s
[2026-04-27 00:33:32] epoch  157/300 | train=0.002282 | val=0.002528 | best=0.002528@157 | patience=0/30 | time=1.21s *
[2026-04-27 00:33:34] epoch  158/300 | train=0.002268 | val=0.002527 | best=0.002528@157 | patience=1/30 | time=1.21s
[2026-04-27 00:33:37] epoch  159/300 | train=0.002264 | val=0.002523 | best=0.002523@159 | patience=0/30 | time=1.44s *
[2026-04-27 00:33:39] epoch  160/300 | train=0.002265 | val=0.002509 | best=0.002509@160 | patience=0/30 | time=1.21s *
[2026-04-27 00:33:42] epoch  161/300 | train=0.002253 | val=0.002506 | best=0.002506@161 | patience=0/30 | time=1.21s *
[2026-04-27 00:33:43] epoch  162/300 | train=0.002245 | val=0.002509 | best=0.002506@161 | patience=1/30 | time=1.22s
[2026-04-27 00:33:45] epoch  163/300 | train=0.002243 | val=0.002516 | best=0.002506@161 | patience=2/30 | time=1.21s
[2026-04-27 00:33:47] epoch  164/300 | train=0.002241 | val=0.002496 | best=0.002496@164 | patience=0/30 | time=1.20s *
[2026-04-27 00:33:49] epoch  165/300 | train=0.002230 | val=0.002519 | best=0.002496@164 | patience=1/30 | time=1.21s
[2026-04-27 00:33:50] epoch  166/300 | train=0.002231 | val=0.002497 | best=0.002496@164 | patience=2/30 | time=1.21s
[2026-04-27 00:33:52] epoch  167/300 | train=0.002221 | val=0.002492 | best=0.002492@167 | patience=0/30 | time=1.20s *
[2026-04-27 00:33:54] epoch  168/300 | train=0.002220 | val=0.002491 | best=0.002492@167 | patience=1/30 | time=1.24s
[2026-04-27 00:33:56] epoch  169/300 | train=0.002210 | val=0.002480 | best=0.002480@169 | patience=0/30 | time=1.21s *
[2026-04-27 00:33:58] epoch  170/300 | train=0.002208 | val=0.002483 | best=0.002480@169 | patience=1/30 | time=1.21s
[2026-04-27 00:34:00] epoch  171/300 | train=0.002203 | val=0.002465 | best=0.002465@171 | patience=0/30 | time=1.22s *
[2026-04-27 00:34:03] epoch  172/300 | train=0.002194 | val=0.002463 | best=0.002463@172 | patience=0/30 | time=1.20s *
[2026-04-27 00:34:06] epoch  173/300 | train=0.002191 | val=0.002460 | best=0.002460@173 | patience=0/30 | time=1.23s *
[2026-04-27 00:34:09] epoch  174/300 | train=0.002180 | val=0.002459 | best=0.002459@174 | patience=0/30 | time=1.21s *
[2026-04-27 00:34:10] epoch  175/300 | train=0.002186 | val=0.002465 | best=0.002459@174 | patience=1/30 | time=1.21s
[2026-04-27 00:34:12] epoch  176/300 | train=0.002178 | val=0.002455 | best=0.002455@176 | patience=0/30 | time=1.21s *
[2026-04-27 00:34:14] epoch  177/300 | train=0.002179 | val=0.002456 | best=0.002455@176 | patience=1/30 | time=1.21s
[2026-04-27 00:34:16] epoch  178/300 | train=0.002168 | val=0.002446 | best=0.002446@178 | patience=0/30 | time=1.21s *
[2026-04-27 00:34:18] epoch  179/300 | train=0.002160 | val=0.002449 | best=0.002446@178 | patience=1/30 | time=1.24s
[2026-04-27 00:34:19] epoch  180/300 | train=0.002161 | val=0.002472 | best=0.002446@178 | patience=2/30 | time=1.22s
[2026-04-27 00:34:22] epoch  181/300 | train=0.002157 | val=0.002428 | best=0.002428@181 | patience=0/30 | time=1.22s *
[2026-04-27 00:34:23] epoch  182/300 | train=0.002150 | val=0.002438 | best=0.002428@181 | patience=1/30 | time=1.22s
[2026-04-27 00:34:24] epoch  183/300 | train=0.002145 | val=0.002430 | best=0.002428@181 | patience=2/30 | time=1.22s
[2026-04-27 00:34:26] epoch  184/300 | train=0.002136 | val=0.002439 | best=0.002428@181 | patience=3/30 | time=1.22s
[2026-04-27 00:34:29] epoch  185/300 | train=0.002135 | val=0.002425 | best=0.002425@185 | patience=0/30 | time=1.26s *
[2026-04-27 00:34:32] epoch  186/300 | train=0.002126 | val=0.002419 | best=0.002419@186 | patience=0/30 | time=1.20s *
[2026-04-27 00:34:33] epoch  187/300 | train=0.002122 | val=0.002430 | best=0.002419@186 | patience=1/30 | time=1.21s
[2026-04-27 00:34:34] epoch  188/300 | train=0.002127 | val=0.002422 | best=0.002419@186 | patience=2/30 | time=1.20s
[2026-04-27 00:34:37] epoch  189/300 | train=0.002119 | val=0.002417 | best=0.002417@189 | patience=0/30 | time=1.21s *
[2026-04-27 00:34:40] epoch  190/300 | train=0.002108 | val=0.002408 | best=0.002408@190 | patience=0/30 | time=1.21s *
[2026-04-27 00:34:42] epoch  191/300 | train=0.002102 | val=0.002406 | best=0.002406@191 | patience=0/30 | time=1.32s *
[2026-04-27 00:34:45] epoch  192/300 | train=0.002105 | val=0.002397 | best=0.002397@192 | patience=0/30 | time=1.20s *
[2026-04-27 00:34:46] epoch  193/300 | train=0.002090 | val=0.002404 | best=0.002397@192 | patience=1/30 | time=1.21s
[2026-04-27 00:34:48] epoch  194/300 | train=0.002092 | val=0.002396 | best=0.002397@192 | patience=2/30 | time=1.20s
[2026-04-27 00:34:49] epoch  195/300 | train=0.002090 | val=0.002401 | best=0.002397@192 | patience=3/30 | time=1.21s
[2026-04-27 00:34:51] epoch  196/300 | train=0.002080 | val=0.002401 | best=0.002397@192 | patience=4/30 | time=1.21s
[2026-04-27 00:34:52] epoch  197/300 | train=0.002077 | val=0.002399 | best=0.002397@192 | patience=5/30 | time=1.22s
[2026-04-27 00:34:53] epoch  198/300 | train=0.002077 | val=0.002415 | best=0.002397@192 | patience=6/30 | time=1.20s
[2026-04-27 00:34:56] epoch  199/300 | train=0.002089 | val=0.002394 | best=0.002394@199 | patience=0/30 | time=1.24s *
[2026-04-27 00:34:58] epoch  200/300 | train=0.002069 | val=0.002387 | best=0.002387@200 | patience=0/30 | time=1.21s *
[2026-04-27 00:35:01] epoch  201/300 | train=0.002059 | val=0.002377 | best=0.002377@201 | patience=0/30 | time=1.21s *
[2026-04-27 00:35:02] epoch  202/300 | train=0.002055 | val=0.002377 | best=0.002377@201 | patience=1/30 | time=1.20s
[2026-04-27 00:35:04] epoch  203/300 | train=0.002057 | val=0.002376 | best=0.002377@201 | patience=2/30 | time=1.43s
[2026-04-27 00:35:05] epoch  204/300 | train=0.002053 | val=0.002376 | best=0.002377@201 | patience=3/30 | time=1.21s
[2026-04-27 00:35:08] epoch  205/300 | train=0.002047 | val=0.002374 | best=0.002374@205 | patience=0/30 | time=1.20s *
[2026-04-27 00:35:09] epoch  206/300 | train=0.002041 | val=0.002376 | best=0.002374@205 | patience=1/30 | time=1.31s
[2026-04-27 00:35:11] epoch  207/300 | train=0.002039 | val=0.002376 | best=0.002374@205 | patience=2/30 | time=1.20s
[2026-04-27 00:35:13] epoch  208/300 | train=0.002045 | val=0.002368 | best=0.002368@208 | patience=0/30 | time=1.20s *
[2026-04-27 00:35:15] epoch  209/300 | train=0.002032 | val=0.002432 | best=0.002368@208 | patience=1/30 | time=1.21s
[2026-04-27 00:35:17] epoch  210/300 | train=0.002060 | val=0.002372 | best=0.002368@208 | patience=2/30 | time=1.20s
[2026-04-27 00:35:19] epoch  211/300 | train=0.002035 | val=0.002351 | best=0.002351@211 | patience=0/30 | time=1.20s *
[2026-04-27 00:35:21] epoch  212/300 | train=0.002018 | val=0.002353 | best=0.002351@211 | patience=1/30 | time=1.18s
[2026-04-27 00:35:22] epoch  213/300 | train=0.002015 | val=0.002363 | best=0.002351@211 | patience=2/30 | time=1.18s
[2026-04-27 00:35:23] epoch  214/300 | train=0.002016 | val=0.002356 | best=0.002351@211 | patience=3/30 | time=1.23s
[2026-04-27 00:35:26] epoch  215/300 | train=0.002013 | val=0.002341 | best=0.002341@215 | patience=0/30 | time=1.20s *
[2026-04-27 00:35:27] epoch  216/300 | train=0.001998 | val=0.002343 | best=0.002341@215 | patience=1/30 | time=1.20s
[2026-04-27 00:35:30] epoch  217/300 | train=0.001995 | val=0.002336 | best=0.002336@217 | patience=0/30 | time=1.22s *
[2026-04-27 00:35:31] epoch  218/300 | train=0.001991 | val=0.002345 | best=0.002336@217 | patience=1/30 | time=1.20s
[2026-04-27 00:35:33] epoch  219/300 | train=0.001990 | val=0.002343 | best=0.002336@217 | patience=2/30 | time=1.20s
[2026-04-27 00:35:34] epoch  220/300 | train=0.001985 | val=0.002343 | best=0.002336@217 | patience=3/30 | time=1.43s
[2026-04-27 00:35:35] epoch  221/300 | train=0.001988 | val=0.002344 | best=0.002336@217 | patience=4/30 | time=1.20s
[2026-04-27 00:35:37] epoch  222/300 | train=0.001984 | val=0.002350 | best=0.002336@217 | patience=5/30 | time=1.20s
[2026-04-27 00:35:38] epoch  223/300 | train=0.001986 | val=0.002340 | best=0.002336@217 | patience=6/30 | time=1.20s
[2026-04-27 00:35:41] epoch  224/300 | train=0.001972 | val=0.002323 | best=0.002323@224 | patience=0/30 | time=1.33s *
[2026-04-27 00:35:42] epoch  225/300 | train=0.001974 | val=0.002326 | best=0.002323@224 | patience=1/30 | time=1.20s
[2026-04-27 00:35:44] epoch  226/300 | train=0.001970 | val=0.002325 | best=0.002323@224 | patience=2/30 | time=1.22s
[2026-04-27 00:35:45] epoch  227/300 | train=0.001960 | val=0.002326 | best=0.002323@224 | patience=3/30 | time=1.20s
[2026-04-27 00:35:48] epoch  228/300 | train=0.001966 | val=0.002315 | best=0.002315@228 | patience=0/30 | time=1.20s *
[2026-04-27 00:35:49] epoch  229/300 | train=0.001955 | val=0.002321 | best=0.002315@228 | patience=1/30 | time=1.21s
[2026-04-27 00:35:50] epoch  230/300 | train=0.001949 | val=0.002316 | best=0.002315@228 | patience=2/30 | time=1.20s
[2026-04-27 00:35:51] epoch  231/300 | train=0.001952 | val=0.002320 | best=0.002315@228 | patience=3/30 | time=1.20s
[2026-04-27 00:35:55] epoch  232/300 | train=0.001943 | val=0.002305 | best=0.002305@232 | patience=0/30 | time=1.25s *
[2026-04-27 00:35:56] epoch  233/300 | train=0.001936 | val=0.002309 | best=0.002305@232 | patience=1/30 | time=1.22s
[2026-04-27 00:35:57] epoch  234/300 | train=0.001937 | val=0.002307 | best=0.002305@232 | patience=2/30 | time=1.22s
[2026-04-27 00:35:59] epoch  235/300 | train=0.001934 | val=0.002310 | best=0.002305@232 | patience=3/30 | time=1.23s
[2026-04-27 00:36:00] epoch  236/300 | train=0.001929 | val=0.002305 | best=0.002305@232 | patience=4/30 | time=1.22s
[2026-04-27 00:36:01] epoch  237/300 | train=0.001932 | val=0.002304 | best=0.002305@232 | patience=5/30 | time=1.22s
[2026-04-27 00:36:03] epoch  238/300 | train=0.001924 | val=0.002308 | best=0.002305@232 | patience=6/30 | time=1.22s
[2026-04-27 00:36:04] epoch  239/300 | train=0.001934 | val=0.002318 | best=0.002305@232 | patience=7/30 | time=1.23s
[2026-04-27 00:36:06] epoch  240/300 | train=0.001926 | val=0.002306 | best=0.002305@232 | patience=8/30 | time=1.22s
[2026-04-27 00:36:08] epoch  241/300 | train=0.001916 | val=0.002293 | best=0.002293@241 | patience=0/30 | time=1.22s *
[2026-04-27 00:36:10] epoch  242/300 | train=0.001910 | val=0.002332 | best=0.002293@241 | patience=1/30 | time=1.22s
[2026-04-27 00:36:12] epoch  243/300 | train=0.001913 | val=0.002291 | best=0.002291@243 | patience=0/30 | time=1.22s *
[2026-04-27 00:36:14] epoch  244/300 | train=0.001901 | val=0.002294 | best=0.002291@243 | patience=1/30 | time=1.23s
[2026-04-27 00:36:16] epoch  245/300 | train=0.001899 | val=0.002287 | best=0.002287@245 | patience=0/30 | time=1.22s *
[2026-04-27 00:36:18] epoch  246/300 | train=0.001893 | val=0.002287 | best=0.002287@245 | patience=1/30 | time=1.22s
[2026-04-27 00:36:19] epoch  247/300 | train=0.001895 | val=0.002300 | best=0.002287@245 | patience=2/30 | time=1.22s
[2026-04-27 00:36:20] epoch  248/300 | train=0.001896 | val=0.002292 | best=0.002287@245 | patience=3/30 | time=1.22s
[2026-04-27 00:36:22] epoch  249/300 | train=0.001889 | val=0.002372 | best=0.002287@245 | patience=4/30 | time=1.22s
[2026-04-27 00:36:23] epoch  250/300 | train=0.001952 | val=0.002321 | best=0.002287@245 | patience=5/30 | time=1.26s
[2026-04-27 00:36:26] epoch  251/300 | train=0.001924 | val=0.002284 | best=0.002284@251 | patience=0/30 | time=1.22s *
[2026-04-27 00:36:28] epoch  252/300 | train=0.001887 | val=0.002268 | best=0.002268@252 | patience=0/30 | time=1.30s *
[2026-04-27 00:36:31] epoch  253/300 | train=0.001872 | val=0.002267 | best=0.002267@253 | patience=0/30 | time=1.23s *
[2026-04-27 00:36:34] epoch  254/300 | train=0.001865 | val=0.002261 | best=0.002261@254 | patience=0/30 | time=1.45s *
[2026-04-27 00:36:35] epoch  255/300 | train=0.001865 | val=0.002271 | best=0.002261@254 | patience=1/30 | time=1.23s
[2026-04-27 00:36:37] epoch  256/300 | train=0.001865 | val=0.002261 | best=0.002261@254 | patience=2/30 | time=1.21s
[2026-04-27 00:36:38] epoch  257/300 | train=0.001858 | val=0.002267 | best=0.002261@254 | patience=3/30 | time=1.21s
[2026-04-27 00:36:39] epoch  258/300 | train=0.001855 | val=0.002261 | best=0.002261@254 | patience=4/30 | time=1.21s
[2026-04-27 00:36:41] epoch  259/300 | train=0.001856 | val=0.002260 | best=0.002261@254 | patience=5/30 | time=1.21s
[2026-04-27 00:36:43] epoch  260/300 | train=0.001851 | val=0.002263 | best=0.002261@254 | patience=6/30 | time=1.19s
[2026-04-27 00:36:45] epoch  261/300 | train=0.001849 | val=0.002260 | best=0.002260@261 | patience=0/30 | time=1.19s *
[2026-04-27 00:36:48] epoch  262/300 | train=0.001845 | val=0.002259 | best=0.002259@262 | patience=0/30 | time=1.22s *
[2026-04-27 00:36:51] epoch  263/300 | train=0.001847 | val=0.002255 | best=0.002255@263 | patience=0/30 | time=1.22s *
[2026-04-27 00:36:52] epoch  264/300 | train=0.001837 | val=0.002258 | best=0.002255@263 | patience=1/30 | time=1.22s
[2026-04-27 00:36:55] epoch  265/300 | train=0.001838 | val=0.002249 | best=0.002249@265 | patience=0/30 | time=1.21s *
[2026-04-27 00:36:56] epoch  266/300 | train=0.001833 | val=0.002252 | best=0.002249@265 | patience=1/30 | time=1.22s
[2026-04-27 00:36:59] epoch  267/300 | train=0.001831 | val=0.002247 | best=0.002247@267 | patience=0/30 | time=1.22s *
[2026-04-27 00:37:01] epoch  268/300 | train=0.001826 | val=0.002245 | best=0.002245@268 | patience=0/30 | time=1.25s *
[2026-04-27 00:37:04] epoch  269/300 | train=0.001822 | val=0.002243 | best=0.002243@269 | patience=0/30 | time=1.22s *
[2026-04-27 00:37:05] epoch  270/300 | train=0.001822 | val=0.002248 | best=0.002243@269 | patience=1/30 | time=1.23s
[2026-04-27 00:37:07] epoch  271/300 | train=0.001822 | val=0.002268 | best=0.002243@269 | patience=2/30 | time=1.22s
[2026-04-27 00:37:08] epoch  272/300 | train=0.001815 | val=0.002245 | best=0.002243@269 | patience=3/30 | time=1.22s
[2026-04-27 00:37:11] epoch  273/300 | train=0.001812 | val=0.002241 | best=0.002241@273 | patience=0/30 | time=1.35s *
[2026-04-27 00:37:13] epoch  274/300 | train=0.001810 | val=0.002238 | best=0.002238@274 | patience=0/30 | time=1.22s *
[2026-04-27 00:37:16] epoch  275/300 | train=0.001806 | val=0.002233 | best=0.002233@275 | patience=0/30 | time=1.22s *
[2026-04-27 00:37:17] epoch  276/300 | train=0.001803 | val=0.002245 | best=0.002233@275 | patience=1/30 | time=1.20s
[2026-04-27 00:37:19] epoch  277/300 | train=0.001806 | val=0.002245 | best=0.002233@275 | patience=2/30 | time=1.21s
[2026-04-27 00:37:20] epoch  278/300 | train=0.001801 | val=0.002237 | best=0.002233@275 | patience=3/30 | time=1.20s
[2026-04-27 00:37:21] epoch  279/300 | train=0.001804 | val=0.002234 | best=0.002233@275 | patience=4/30 | time=1.20s
[2026-04-27 00:37:24] epoch  280/300 | train=0.001796 | val=0.002231 | best=0.002231@280 | patience=0/30 | time=1.20s *
[2026-04-27 00:37:27] epoch  281/300 | train=0.001791 | val=0.002229 | best=0.002229@281 | patience=0/30 | time=1.22s *
[2026-04-27 00:37:29] epoch  282/300 | train=0.001783 | val=0.002228 | best=0.002228@282 | patience=0/30 | time=1.22s *
[2026-04-27 00:37:31] epoch  283/300 | train=0.001777 | val=0.002241 | best=0.002228@282 | patience=1/30 | time=1.22s
[2026-04-27 00:37:32] epoch  284/300 | train=0.001783 | val=0.002238 | best=0.002228@282 | patience=2/30 | time=1.20s
[2026-04-27 00:37:34] epoch  285/300 | train=0.001780 | val=0.002230 | best=0.002228@282 | patience=3/30 | time=1.43s
[2026-04-27 00:37:35] epoch  286/300 | train=0.001785 | val=0.002227 | best=0.002228@282 | patience=4/30 | time=1.21s
[2026-04-27 00:37:37] epoch  287/300 | train=0.001777 | val=0.002225 | best=0.002225@287 | patience=0/30 | time=1.21s *
[2026-04-27 00:37:40] epoch  288/300 | train=0.001769 | val=0.002218 | best=0.002218@288 | patience=0/30 | time=1.33s *
[2026-04-27 00:37:42] epoch  289/300 | train=0.001764 | val=0.002218 | best=0.002218@288 | patience=1/30 | time=1.22s
[2026-04-27 00:37:45] epoch  290/300 | train=0.001760 | val=0.002215 | best=0.002215@290 | patience=0/30 | time=1.20s *
[2026-04-27 00:37:46] epoch  291/300 | train=0.001758 | val=0.002217 | best=0.002215@290 | patience=1/30 | time=1.20s
[2026-04-27 00:37:49] epoch  292/300 | train=0.001754 | val=0.002213 | best=0.002213@292 | patience=0/30 | time=1.21s *
[2026-04-27 00:37:50] epoch  293/300 | train=0.001755 | val=0.002230 | best=0.002213@292 | patience=1/30 | time=1.22s
[2026-04-27 00:37:52] epoch  294/300 | train=0.001753 | val=0.002223 | best=0.002213@292 | patience=2/30 | time=1.27s
[2026-04-27 00:37:53] epoch  295/300 | train=0.001750 | val=0.002217 | best=0.002213@292 | patience=3/30 | time=1.22s
[2026-04-27 00:37:54] epoch  296/300 | train=0.001750 | val=0.002218 | best=0.002213@292 | patience=4/30 | time=1.22s
[2026-04-27 00:37:56] epoch  297/300 | train=0.001742 | val=0.002219 | best=0.002213@292 | patience=5/30 | time=1.22s
[2026-04-27 00:37:57] epoch  298/300 | train=0.001743 | val=0.002214 | best=0.002213@292 | patience=6/30 | time=1.23s
[2026-04-27 00:38:00] epoch  299/300 | train=0.001742 | val=0.002210 | best=0.002210@299 | patience=0/30 | time=1.22s *
[2026-04-27 00:38:01] epoch  300/300 | train=0.001743 | val=0.002224 | best=0.002210@299 | patience=1/30 | time=1.22s
[2026-04-27 00:38:01] Training done: stop_reason=max_epochs, total_epochs=300, best_epoch=299, best_val=0.002210
[2026-04-27 00:38:01] Reloading best checkpoint (epoch 299) for evaluation
[2026-04-27 00:38:06] ------------------------------------------------------------
[2026-04-27 00:38:06] Evaluation:
[2026-04-27 00:38:06]   AUC broken_lcfs         : 0.5743
[2026-04-27 00:38:06]   AUC bad_black_core      : 0.9999
[2026-04-27 00:38:06]   AUC bad_nonconverged    : 1.0000
[2026-04-27 00:38:06]   objective      : 0.8297
[2026-04-27 00:38:06]   floor_ok       : True
[2026-04-27 00:38:06]   threshold      : 0.3258
[2026-04-27 00:38:06]   mu / sigma     : 0.00173425 / 0.000434925
[2026-04-27 00:38:06] Train time=664.8s, eval time=3.1s
