[2026-04-27 04:18:45] ============================================================
[2026-04-27 04:18:45] Trial 79 starting on cuda:0
[2026-04-27 04:18:45] Timestamp: 2026-04-27T04:18:45.185391
[2026-04-27 04:18:45] --- Config summary ---
  bottleneck_dim  : 188
  n_enc_layers    : 5
  n_dec_layers    : 5
  base_channels   : 35
  growth_factor   : 1.5355402702574523
  use_batchnorm   : True
  use_hpf         : True
  hpf_sigma       : 1.0466390253539732
  lr              : 0.00014144859144075647
  batch_size      : 16
  max_epochs      : 300
  patience        : 30
  seed            : 42
  deterministic   : False
  trial_num       : 79
[2026-04-27 04:18:45] Loading train/val/selection splits...
[2026-04-27 04:19:43] Splits loaded in 58.8s: n_train=722, n_val=120, n_selection=405
[2026-04-27 04:19:44] --- Architecture summary ---
  channels per enc layer : [35, 54, 83, 127, 195]
  final spatial size     : 8x8
  flat size before latent: 12480
  bottleneck_dim         : 188
  total parameters       : 8,153,444
[2026-04-27 04:19:44] Starting training: n_train=722, n_val=120, device=cuda:0
[2026-04-27 04:21:18] epoch    1/300 | train=0.006414 | val=0.003572 | best=0.003572@1 | patience=0/30 | time=94.29s *
[2026-04-27 04:21:24] epoch    2/300 | train=0.002934 | val=0.003843 | best=0.003572@1 | patience=1/30 | time=5.13s
[2026-04-27 04:21:29] epoch    3/300 | train=0.002969 | val=0.003438 | best=0.003438@3 | patience=0/30 | time=5.02s *
[2026-04-27 04:21:34] epoch    4/300 | train=0.002631 | val=0.002539 | best=0.002539@4 | patience=0/30 | time=4.92s *
[2026-04-27 04:21:39] epoch    5/300 | train=0.002340 | val=0.002244 | best=0.002244@5 | patience=0/30 | time=4.93s *
[2026-04-27 04:21:45] epoch    6/300 | train=0.002138 | val=0.002026 | best=0.002026@6 | patience=0/30 | time=5.18s *
[2026-04-27 04:21:51] epoch    7/300 | train=0.001938 | val=0.001998 | best=0.001998@7 | patience=0/30 | time=4.90s *
[2026-04-27 04:21:56] epoch    8/300 | train=0.001787 | val=0.002014 | best=0.001998@7 | patience=1/30 | time=5.11s
[2026-04-27 04:22:01] epoch    9/300 | train=0.001747 | val=0.001665 | best=0.001665@9 | patience=0/30 | time=5.03s *
[2026-04-27 04:22:06] epoch   10/300 | train=0.001598 | val=0.001675 | best=0.001665@9 | patience=1/30 | time=4.92s
[2026-04-27 04:22:12] epoch   11/300 | train=0.001564 | val=0.001546 | best=0.001546@11 | patience=0/30 | time=4.91s *
[2026-04-27 04:22:17] epoch   12/300 | train=0.001512 | val=0.001543 | best=0.001543@12 | patience=0/30 | time=5.13s *
[2026-04-27 04:22:22] epoch   13/300 | train=0.001470 | val=0.001428 | best=0.001428@13 | patience=0/30 | time=4.93s *
[2026-04-27 04:22:28] epoch   14/300 | train=0.001454 | val=0.001405 | best=0.001405@14 | patience=0/30 | time=4.89s *
[2026-04-27 04:22:33] epoch   15/300 | train=0.001404 | val=0.001529 | best=0.001405@14 | patience=1/30 | time=5.13s
[2026-04-27 04:22:38] epoch   16/300 | train=0.001404 | val=0.001416 | best=0.001405@14 | patience=2/30 | time=5.01s
[2026-04-27 04:22:43] epoch   17/300 | train=0.001383 | val=0.001372 | best=0.001372@17 | patience=0/30 | time=4.91s *
[2026-04-27 04:22:48] epoch   18/300 | train=0.001379 | val=0.001386 | best=0.001372@17 | patience=1/30 | time=4.92s
[2026-04-27 04:22:54] epoch   19/300 | train=0.001338 | val=0.001328 | best=0.001328@19 | patience=0/30 | time=5.13s *
[2026-04-27 04:22:59] epoch   20/300 | train=0.001326 | val=0.001465 | best=0.001328@19 | patience=1/30 | time=4.92s
[2026-04-27 04:23:04] epoch   21/300 | train=0.001335 | val=0.001299 | best=0.001299@21 | patience=0/30 | time=4.93s *
[2026-04-27 04:23:09] epoch   22/300 | train=0.001301 | val=0.001298 | best=0.001298@22 | patience=0/30 | time=4.93s *
[2026-04-27 04:23:14] epoch   23/300 | train=0.001285 | val=0.001375 | best=0.001298@22 | patience=1/30 | time=4.93s
[2026-04-27 04:23:20] epoch   24/300 | train=0.001290 | val=0.001285 | best=0.001285@24 | patience=0/30 | time=5.06s *
[2026-04-27 04:23:25] epoch   25/300 | train=0.001265 | val=0.001290 | best=0.001285@24 | patience=1/30 | time=4.94s
[2026-04-27 04:23:30] epoch   26/300 | train=0.001252 | val=0.001246 | best=0.001246@26 | patience=0/30 | time=4.95s *
[2026-04-27 04:23:36] epoch   27/300 | train=0.001233 | val=0.001241 | best=0.001241@27 | patience=0/30 | time=5.16s *
[2026-04-27 04:23:41] epoch   28/300 | train=0.001230 | val=0.001282 | best=0.001241@27 | patience=1/30 | time=4.96s
[2026-04-27 04:23:46] epoch   29/300 | train=0.001248 | val=0.001254 | best=0.001241@27 | patience=2/30 | time=4.92s
[2026-04-27 04:23:51] epoch   30/300 | train=0.001215 | val=0.001231 | best=0.001231@30 | patience=0/30 | time=5.14s *
[2026-04-27 04:23:56] epoch   31/300 | train=0.001206 | val=0.001235 | best=0.001231@30 | patience=1/30 | time=5.04s
[2026-04-27 04:24:02] epoch   32/300 | train=0.001202 | val=0.001220 | best=0.001220@32 | patience=0/30 | time=4.96s *
[2026-04-27 04:24:07] epoch   33/300 | train=0.001186 | val=0.001189 | best=0.001189@33 | patience=0/30 | time=4.96s *
[2026-04-27 04:24:12] epoch   34/300 | train=0.001175 | val=0.001184 | best=0.001184@34 | patience=0/30 | time=4.92s *
[2026-04-27 04:24:17] epoch   35/300 | train=0.001166 | val=0.001407 | best=0.001184@34 | patience=1/30 | time=4.93s
[2026-04-27 04:24:23] epoch   36/300 | train=0.001176 | val=0.001172 | best=0.001172@36 | patience=0/30 | time=4.92s *
[2026-04-27 04:24:28] epoch   37/300 | train=0.001155 | val=0.001168 | best=0.001168@37 | patience=0/30 | time=5.02s *
[2026-04-27 04:24:33] epoch   38/300 | train=0.001142 | val=0.001192 | best=0.001168@37 | patience=1/30 | time=4.94s
[2026-04-27 04:24:38] epoch   39/300 | train=0.001138 | val=0.001180 | best=0.001168@37 | patience=2/30 | time=4.93s
[2026-04-27 04:24:44] epoch   40/300 | train=0.001131 | val=0.001150 | best=0.001150@40 | patience=0/30 | time=4.92s *
[2026-04-27 04:24:49] epoch   41/300 | train=0.001124 | val=0.001159 | best=0.001150@40 | patience=1/30 | time=4.96s
[2026-04-27 04:24:54] epoch   42/300 | train=0.001129 | val=0.001240 | best=0.001150@40 | patience=2/30 | time=4.90s
[2026-04-27 04:24:59] epoch   43/300 | train=0.001128 | val=0.001122 | best=0.001122@43 | patience=0/30 | time=5.12s *
[2026-04-27 04:25:04] epoch   44/300 | train=0.001100 | val=0.001200 | best=0.001122@43 | patience=1/30 | time=5.02s
[2026-04-27 04:25:09] epoch   45/300 | train=0.001100 | val=0.001137 | best=0.001122@43 | patience=2/30 | time=4.91s
[2026-04-27 04:25:15] epoch   46/300 | train=0.001091 | val=0.001112 | best=0.001112@46 | patience=0/30 | time=4.91s *
[2026-04-27 04:25:20] epoch   47/300 | train=0.001080 | val=0.001119 | best=0.001112@46 | patience=1/30 | time=5.13s
[2026-04-27 04:25:25] epoch   48/300 | train=0.001070 | val=0.001097 | best=0.001097@48 | patience=0/30 | time=4.94s *
[2026-04-27 04:25:30] epoch   49/300 | train=0.001067 | val=0.001092 | best=0.001092@49 | patience=0/30 | time=4.89s *
[2026-04-27 04:25:36] epoch   50/300 | train=0.001057 | val=0.001073 | best=0.001073@50 | patience=0/30 | time=5.10s *
[2026-04-27 04:25:41] epoch   51/300 | train=0.001051 | val=0.001099 | best=0.001073@50 | patience=1/30 | time=5.02s
[2026-04-27 04:25:46] epoch   52/300 | train=0.001046 | val=0.001081 | best=0.001073@50 | patience=2/30 | time=4.91s
[2026-04-27 04:25:51] epoch   53/300 | train=0.001036 | val=0.001063 | best=0.001063@53 | patience=0/30 | time=4.92s *
[2026-04-27 04:25:56] epoch   54/300 | train=0.001030 | val=0.001068 | best=0.001063@53 | patience=1/30 | time=5.19s
[2026-04-27 04:26:01] epoch   55/300 | train=0.001026 | val=0.001064 | best=0.001063@53 | patience=2/30 | time=4.94s
[2026-04-27 04:26:07] epoch   56/300 | train=0.001018 | val=0.001089 | best=0.001063@53 | patience=3/30 | time=4.89s
[2026-04-27 04:26:13] epoch   57/300 | train=0.001016 | val=0.001061 | best=0.001061@57 | patience=0/30 | time=5.13s *
[2026-04-27 04:26:18] epoch   58/300 | train=0.001010 | val=0.001042 | best=0.001042@58 | patience=0/30 | time=5.06s *
[2026-04-27 04:26:23] epoch   59/300 | train=0.001000 | val=0.001047 | best=0.001042@58 | patience=1/30 | time=4.95s
[2026-04-27 04:26:28] epoch   60/300 | train=0.000996 | val=0.001054 | best=0.001042@58 | patience=2/30 | time=4.94s
[2026-04-27 04:26:33] epoch   61/300 | train=0.001004 | val=0.001073 | best=0.001042@58 | patience=3/30 | time=5.16s
[2026-04-27 04:26:39] epoch   62/300 | train=0.000994 | val=0.001026 | best=0.001026@62 | patience=0/30 | time=4.98s *
[2026-04-27 04:26:44] epoch   63/300 | train=0.000982 | val=0.001035 | best=0.001026@62 | patience=1/30 | time=4.94s
[2026-04-27 04:26:49] epoch   64/300 | train=0.000976 | val=0.001063 | best=0.001026@62 | patience=2/30 | time=5.15s
[2026-04-27 04:26:54] epoch   65/300 | train=0.000999 | val=0.001022 | best=0.001022@65 | patience=0/30 | time=5.03s *
[2026-04-27 04:26:59] epoch   66/300 | train=0.000974 | val=0.001036 | best=0.001022@65 | patience=1/30 | time=4.94s
[2026-04-27 04:27:05] epoch   67/300 | train=0.000963 | val=0.001004 | best=0.001004@67 | patience=0/30 | time=4.95s *
[2026-04-27 04:27:10] epoch   68/300 | train=0.000954 | val=0.001018 | best=0.001004@67 | patience=1/30 | time=5.15s
[2026-04-27 04:27:15] epoch   69/300 | train=0.000949 | val=0.001017 | best=0.001004@67 | patience=2/30 | time=4.93s
[2026-04-27 04:27:20] epoch   70/300 | train=0.000955 | val=0.001004 | best=0.001004@67 | patience=3/30 | time=4.90s
[2026-04-27 04:27:25] epoch   71/300 | train=0.000945 | val=0.001000 | best=0.001000@71 | patience=0/30 | time=5.10s *
[2026-04-27 04:27:31] epoch   72/300 | train=0.000942 | val=0.001066 | best=0.001000@71 | patience=1/30 | time=4.99s
[2026-04-27 04:27:36] epoch   73/300 | train=0.000951 | val=0.000997 | best=0.000997@73 | patience=0/30 | time=4.92s *
[2026-04-27 04:27:41] epoch   74/300 | train=0.000935 | val=0.001015 | best=0.000997@73 | patience=1/30 | time=4.92s
[2026-04-27 04:27:46] epoch   75/300 | train=0.000924 | val=0.000986 | best=0.000986@75 | patience=0/30 | time=5.13s *
[2026-04-27 04:27:51] epoch   76/300 | train=0.000923 | val=0.001002 | best=0.000986@75 | patience=1/30 | time=4.93s
[2026-04-27 04:27:56] epoch   77/300 | train=0.000920 | val=0.000991 | best=0.000986@75 | patience=2/30 | time=4.89s
[2026-04-27 04:28:02] epoch   78/300 | train=0.000918 | val=0.001006 | best=0.000986@75 | patience=3/30 | time=5.16s
[2026-04-27 04:28:07] epoch   79/300 | train=0.000925 | val=0.000987 | best=0.000986@75 | patience=4/30 | time=5.00s
[2026-04-27 04:28:12] epoch   80/300 | train=0.000910 | val=0.000989 | best=0.000986@75 | patience=5/30 | time=4.95s
[2026-04-27 04:28:17] epoch   81/300 | train=0.000914 | val=0.000990 | best=0.000986@75 | patience=6/30 | time=4.95s
[2026-04-27 04:28:22] epoch   82/300 | train=0.000911 | val=0.000985 | best=0.000985@82 | patience=0/30 | time=5.15s *
[2026-04-27 04:28:27] epoch   83/300 | train=0.000895 | val=0.001013 | best=0.000985@82 | patience=1/30 | time=4.97s
[2026-04-27 04:28:33] epoch   84/300 | train=0.000910 | val=0.000989 | best=0.000985@82 | patience=2/30 | time=4.92s
[2026-04-27 04:28:38] epoch   85/300 | train=0.000901 | val=0.000979 | best=0.000979@85 | patience=0/30 | time=5.13s *
[2026-04-27 04:28:43] epoch   86/300 | train=0.000890 | val=0.000994 | best=0.000979@85 | patience=1/30 | time=5.05s
[2026-04-27 04:28:48] epoch   87/300 | train=0.000901 | val=0.001156 | best=0.000979@85 | patience=2/30 | time=4.95s
[2026-04-27 04:28:53] epoch   88/300 | train=0.000934 | val=0.000971 | best=0.000971@88 | patience=0/30 | time=4.95s *
[2026-04-27 04:28:59] epoch   89/300 | train=0.000883 | val=0.000967 | best=0.000967@89 | patience=0/30 | time=5.18s *
[2026-04-27 04:29:04] epoch   90/300 | train=0.000873 | val=0.000964 | best=0.000964@90 | patience=0/30 | time=4.98s *
[2026-04-27 04:29:09] epoch   91/300 | train=0.000870 | val=0.000970 | best=0.000964@90 | patience=1/30 | time=4.93s
[2026-04-27 04:29:15] epoch   92/300 | train=0.000872 | val=0.000964 | best=0.000964@90 | patience=2/30 | time=5.11s
[2026-04-27 04:29:20] epoch   93/300 | train=0.000866 | val=0.000952 | best=0.000952@93 | patience=0/30 | time=5.02s *
[2026-04-27 04:29:25] epoch   94/300 | train=0.000860 | val=0.000959 | best=0.000952@93 | patience=1/30 | time=4.92s
[2026-04-27 04:29:30] epoch   95/300 | train=0.000856 | val=0.000972 | best=0.000952@93 | patience=2/30 | time=4.92s
[2026-04-27 04:29:35] epoch   96/300 | train=0.000861 | val=0.000977 | best=0.000952@93 | patience=3/30 | time=5.14s
[2026-04-27 04:29:40] epoch   97/300 | train=0.000857 | val=0.000968 | best=0.000952@93 | patience=4/30 | time=4.93s
[2026-04-27 04:29:45] epoch   98/300 | train=0.000856 | val=0.000963 | best=0.000952@93 | patience=5/30 | time=4.89s
[2026-04-27 04:29:51] epoch   99/300 | train=0.000844 | val=0.000957 | best=0.000952@93 | patience=6/30 | time=5.12s
[2026-04-27 04:29:56] epoch  100/300 | train=0.000841 | val=0.000956 | best=0.000952@93 | patience=7/30 | time=5.00s
[2026-04-27 04:30:01] epoch  101/300 | train=0.000837 | val=0.000961 | best=0.000952@93 | patience=8/30 | time=4.93s
[2026-04-27 04:30:06] epoch  102/300 | train=0.000835 | val=0.000952 | best=0.000952@93 | patience=9/30 | time=4.94s
[2026-04-27 04:30:12] epoch  103/300 | train=0.000834 | val=0.000970 | best=0.000952@93 | patience=10/30 | time=5.15s
[2026-04-27 04:30:17] epoch  104/300 | train=0.000835 | val=0.000943 | best=0.000943@104 | patience=0/30 | time=4.96s *
[2026-04-27 04:30:22] epoch  105/300 | train=0.000822 | val=0.000954 | best=0.000943@104 | patience=1/30 | time=4.92s
[2026-04-27 04:30:27] epoch  106/300 | train=0.000817 | val=0.000985 | best=0.000943@104 | patience=2/30 | time=5.14s
[2026-04-27 04:30:33] epoch  107/300 | train=0.000831 | val=0.000958 | best=0.000943@104 | patience=3/30 | time=5.02s
[2026-04-27 04:30:38] epoch  108/300 | train=0.000823 | val=0.000962 | best=0.000943@104 | patience=4/30 | time=4.94s
[2026-04-27 04:30:43] epoch  109/300 | train=0.000815 | val=0.001027 | best=0.000943@104 | patience=5/30 | time=4.94s
[2026-04-27 04:30:48] epoch  110/300 | train=0.000846 | val=0.000939 | best=0.000939@110 | patience=0/30 | time=5.21s *
[2026-04-27 04:30:53] epoch  111/300 | train=0.000811 | val=0.000943 | best=0.000939@110 | patience=1/30 | time=4.96s
[2026-04-27 04:30:59] epoch  112/300 | train=0.000801 | val=0.000937 | best=0.000937@112 | patience=0/30 | time=4.92s *
[2026-04-27 04:31:04] epoch  113/300 | train=0.000798 | val=0.000936 | best=0.000936@113 | patience=0/30 | time=5.13s *
[2026-04-27 04:31:09] epoch  114/300 | train=0.000793 | val=0.000949 | best=0.000936@113 | patience=1/30 | time=5.04s
[2026-04-27 04:31:14] epoch  115/300 | train=0.000792 | val=0.000957 | best=0.000936@113 | patience=2/30 | time=4.95s
[2026-04-27 04:31:19] epoch  116/300 | train=0.000795 | val=0.000962 | best=0.000936@113 | patience=3/30 | time=4.95s
[2026-04-27 04:31:25] epoch  117/300 | train=0.000800 | val=0.000937 | best=0.000936@113 | patience=4/30 | time=5.15s
[2026-04-27 04:31:30] epoch  118/300 | train=0.000782 | val=0.000929 | best=0.000929@118 | patience=0/30 | time=4.96s *
[2026-04-27 04:31:35] epoch  119/300 | train=0.000774 | val=0.000943 | best=0.000929@118 | patience=1/30 | time=4.92s
[2026-04-27 04:31:40] epoch  120/300 | train=0.000777 | val=0.000961 | best=0.000929@118 | patience=2/30 | time=5.14s
[2026-04-27 04:31:45] epoch  121/300 | train=0.000779 | val=0.000946 | best=0.000929@118 | patience=3/30 | time=5.02s
[2026-04-27 04:31:50] epoch  122/300 | train=0.000778 | val=0.000945 | best=0.000929@118 | patience=4/30 | time=4.94s
[2026-04-27 04:31:55] epoch  123/300 | train=0.000765 | val=0.000947 | best=0.000929@118 | patience=5/30 | time=4.94s
[2026-04-27 04:32:01] epoch  124/300 | train=0.000763 | val=0.000930 | best=0.000929@118 | patience=6/30 | time=5.21s
[2026-04-27 04:32:06] epoch  125/300 | train=0.000761 | val=0.000926 | best=0.000926@125 | patience=0/30 | time=4.95s *
[2026-04-27 04:32:11] epoch  126/300 | train=0.000756 | val=0.000928 | best=0.000926@125 | patience=1/30 | time=4.92s
[2026-04-27 04:32:17] epoch  127/300 | train=0.000754 | val=0.000928 | best=0.000926@125 | patience=2/30 | time=5.18s
[2026-04-27 04:32:22] epoch  128/300 | train=0.000746 | val=0.000968 | best=0.000926@125 | patience=3/30 | time=5.04s
[2026-04-27 04:32:27] epoch  129/300 | train=0.000763 | val=0.001109 | best=0.000926@125 | patience=4/30 | time=4.95s
[2026-04-27 04:32:32] epoch  130/300 | train=0.000801 | val=0.000953 | best=0.000926@125 | patience=5/30 | time=4.97s
[2026-04-27 04:32:37] epoch  131/300 | train=0.000762 | val=0.000922 | best=0.000922@131 | patience=0/30 | time=5.15s *
[2026-04-27 04:32:42] epoch  132/300 | train=0.000745 | val=0.000928 | best=0.000922@131 | patience=1/30 | time=4.97s
[2026-04-27 04:32:48] epoch  133/300 | train=0.000746 | val=0.000926 | best=0.000922@131 | patience=2/30 | time=4.92s
[2026-04-27 04:32:53] epoch  134/300 | train=0.000739 | val=0.000920 | best=0.000920@134 | patience=0/30 | time=5.18s *
[2026-04-27 04:32:58] epoch  135/300 | train=0.000727 | val=0.000929 | best=0.000920@134 | patience=1/30 | time=5.02s
[2026-04-27 04:33:04] epoch  136/300 | train=0.000725 | val=0.000939 | best=0.000920@134 | patience=2/30 | time=4.91s
[2026-04-27 04:33:09] epoch  137/300 | train=0.000732 | val=0.000922 | best=0.000920@134 | patience=3/30 | time=4.92s
[2026-04-27 04:33:14] epoch  138/300 | train=0.000711 | val=0.000921 | best=0.000920@134 | patience=4/30 | time=5.14s
[2026-04-27 04:33:19] epoch  139/300 | train=0.000711 | val=0.000944 | best=0.000920@134 | patience=5/30 | time=4.93s
[2026-04-27 04:33:24] epoch  140/300 | train=0.000728 | val=0.000913 | best=0.000913@140 | patience=0/30 | time=4.90s *
[2026-04-27 04:33:30] epoch  141/300 | train=0.000709 | val=0.000932 | best=0.000913@140 | patience=1/30 | time=5.16s
[2026-04-27 04:33:35] epoch  142/300 | train=0.000714 | val=0.000994 | best=0.000913@140 | patience=2/30 | time=5.02s
[2026-04-27 04:33:40] epoch  143/300 | train=0.000744 | val=0.000926 | best=0.000913@140 | patience=3/30 | time=4.91s
[2026-04-27 04:33:45] epoch  144/300 | train=0.000720 | val=0.000935 | best=0.000913@140 | patience=4/30 | time=4.93s
[2026-04-27 04:33:50] epoch  145/300 | train=0.000704 | val=0.000918 | best=0.000913@140 | patience=5/30 | time=5.19s
[2026-04-27 04:33:56] epoch  146/300 | train=0.000700 | val=0.000911 | best=0.000911@146 | patience=0/30 | time=4.90s *
[2026-04-27 04:34:01] epoch  147/300 | train=0.000695 | val=0.000931 | best=0.000911@146 | patience=1/30 | time=5.11s
[2026-04-27 04:34:06] epoch  148/300 | train=0.000684 | val=0.000925 | best=0.000911@146 | patience=2/30 | time=5.01s
[2026-04-27 04:34:11] epoch  149/300 | train=0.000690 | val=0.000931 | best=0.000911@146 | patience=3/30 | time=4.92s
[2026-04-27 04:34:16] epoch  150/300 | train=0.000688 | val=0.000924 | best=0.000911@146 | patience=4/30 | time=4.93s
[2026-04-27 04:34:22] epoch  151/300 | train=0.000687 | val=0.000929 | best=0.000911@146 | patience=5/30 | time=5.19s
[2026-04-27 04:34:27] epoch  152/300 | train=0.000688 | val=0.000926 | best=0.000911@146 | patience=6/30 | time=4.96s
[2026-04-27 04:34:32] epoch  153/300 | train=0.000678 | val=0.000921 | best=0.000911@146 | patience=7/30 | time=4.89s
[2026-04-27 04:34:37] epoch  154/300 | train=0.000669 | val=0.000914 | best=0.000911@146 | patience=8/30 | time=5.12s
[2026-04-27 04:34:42] epoch  155/300 | train=0.000669 | val=0.000950 | best=0.000911@146 | patience=9/30 | time=5.00s
[2026-04-27 04:34:47] epoch  156/300 | train=0.000683 | val=0.000919 | best=0.000911@146 | patience=10/30 | time=4.92s
[2026-04-27 04:34:52] epoch  157/300 | train=0.000671 | val=0.000916 | best=0.000911@146 | patience=11/30 | time=4.93s
[2026-04-27 04:34:57] epoch  158/300 | train=0.000658 | val=0.000913 | best=0.000911@146 | patience=12/30 | time=5.14s
[2026-04-27 04:35:02] epoch  159/300 | train=0.000649 | val=0.000918 | best=0.000911@146 | patience=13/30 | time=4.94s
[2026-04-27 04:35:07] epoch  160/300 | train=0.000657 | val=0.000923 | best=0.000911@146 | patience=14/30 | time=4.90s
[2026-04-27 04:35:13] epoch  161/300 | train=0.000654 | val=0.000936 | best=0.000911@146 | patience=15/30 | time=5.11s
[2026-04-27 04:35:18] epoch  162/300 | train=0.000655 | val=0.000913 | best=0.000911@146 | patience=16/30 | time=4.89s
[2026-04-27 04:35:23] epoch  163/300 | train=0.000647 | val=0.000915 | best=0.000911@146 | patience=17/30 | time=4.88s
[2026-04-27 04:35:28] epoch  164/300 | train=0.000651 | val=0.000919 | best=0.000911@146 | patience=18/30 | time=4.91s
[2026-04-27 04:35:33] epoch  165/300 | train=0.000640 | val=0.000926 | best=0.000911@146 | patience=19/30 | time=4.92s
[2026-04-27 04:35:38] epoch  166/300 | train=0.000646 | val=0.000914 | best=0.000911@146 | patience=20/30 | time=5.13s
[2026-04-27 04:35:44] epoch  167/300 | train=0.000637 | val=0.000911 | best=0.000911@146 | patience=21/30 | time=4.91s
[2026-04-27 04:35:49] epoch  168/300 | train=0.000646 | val=0.000919 | best=0.000911@146 | patience=22/30 | time=5.12s
[2026-04-27 04:35:54] epoch  169/300 | train=0.000637 | val=0.000919 | best=0.000911@146 | patience=23/30 | time=5.00s
[2026-04-27 04:35:59] epoch  170/300 | train=0.000639 | val=0.000930 | best=0.000911@146 | patience=24/30 | time=4.92s
[2026-04-27 04:36:04] epoch  171/300 | train=0.000637 | val=0.000914 | best=0.000911@146 | patience=25/30 | time=4.93s
[2026-04-27 04:36:10] epoch  172/300 | train=0.000625 | val=0.000944 | best=0.000911@146 | patience=26/30 | time=5.13s
[2026-04-27 04:36:15] epoch  173/300 | train=0.000636 | val=0.000913 | best=0.000911@146 | patience=27/30 | time=4.93s
[2026-04-27 04:36:20] epoch  174/300 | train=0.000624 | val=0.000914 | best=0.000911@146 | patience=28/30 | time=4.89s
[2026-04-27 04:36:25] epoch  175/300 | train=0.000626 | val=0.000921 | best=0.000911@146 | patience=29/30 | time=4.89s
[2026-04-27 04:36:30] epoch  176/300 | train=0.000622 | val=0.000901 | best=0.000901@176 | patience=0/30 | time=5.15s *
[2026-04-27 04:36:36] epoch  177/300 | train=0.000613 | val=0.000930 | best=0.000901@176 | patience=1/30 | time=5.04s
[2026-04-27 04:36:41] epoch  178/300 | train=0.000620 | val=0.000922 | best=0.000901@176 | patience=2/30 | time=4.95s
[2026-04-27 04:36:46] epoch  179/300 | train=0.000614 | val=0.000925 | best=0.000901@176 | patience=3/30 | time=4.96s
[2026-04-27 04:36:51] epoch  180/300 | train=0.000618 | val=0.000912 | best=0.000901@176 | patience=4/30 | time=5.17s
[2026-04-27 04:36:56] epoch  181/300 | train=0.000609 | val=0.000921 | best=0.000901@176 | patience=5/30 | time=4.97s
[2026-04-27 04:37:01] epoch  182/300 | train=0.000600 | val=0.000911 | best=0.000901@176 | patience=6/30 | time=4.93s
[2026-04-27 04:37:06] epoch  183/300 | train=0.000605 | val=0.000919 | best=0.000901@176 | patience=7/30 | time=5.14s
[2026-04-27 04:37:12] epoch  184/300 | train=0.000599 | val=0.000924 | best=0.000901@176 | patience=8/30 | time=5.06s
[2026-04-27 04:37:17] epoch  185/300 | train=0.000597 | val=0.000903 | best=0.000901@176 | patience=9/30 | time=4.96s
[2026-04-27 04:37:22] epoch  186/300 | train=0.000590 | val=0.000904 | best=0.000901@176 | patience=10/30 | time=4.96s
[2026-04-27 04:37:27] epoch  187/300 | train=0.000589 | val=0.000902 | best=0.000901@176 | patience=11/30 | time=5.16s
[2026-04-27 04:37:32] epoch  188/300 | train=0.000583 | val=0.000924 | best=0.000901@176 | patience=12/30 | time=4.97s
[2026-04-27 04:37:37] epoch  189/300 | train=0.000593 | val=0.000905 | best=0.000901@176 | patience=13/30 | time=4.93s
[2026-04-27 04:37:43] epoch  190/300 | train=0.000587 | val=0.000906 | best=0.000901@176 | patience=14/30 | time=5.15s
[2026-04-27 04:37:48] epoch  191/300 | train=0.000578 | val=0.000904 | best=0.000901@176 | patience=15/30 | time=5.06s
[2026-04-27 04:37:53] epoch  192/300 | train=0.000583 | val=0.000911 | best=0.000901@176 | patience=16/30 | time=4.96s
[2026-04-27 04:37:58] epoch  193/300 | train=0.000572 | val=0.000921 | best=0.000901@176 | patience=17/30 | time=4.96s
[2026-04-27 04:38:03] epoch  194/300 | train=0.000569 | val=0.000916 | best=0.000901@176 | patience=18/30 | time=5.17s
[2026-04-27 04:38:08] epoch  195/300 | train=0.000574 | val=0.000913 | best=0.000901@176 | patience=19/30 | time=4.96s
[2026-04-27 04:38:13] epoch  196/300 | train=0.000574 | val=0.000904 | best=0.000901@176 | patience=20/30 | time=4.93s
[2026-04-27 04:38:19] epoch  197/300 | train=0.000577 | val=0.000918 | best=0.000901@176 | patience=21/30 | time=5.14s
[2026-04-27 04:38:24] epoch  198/300 | train=0.000570 | val=0.000931 | best=0.000901@176 | patience=22/30 | time=5.06s
[2026-04-27 04:38:29] epoch  199/300 | train=0.000593 | val=0.000910 | best=0.000901@176 | patience=23/30 | time=4.96s
[2026-04-27 04:38:34] epoch  200/300 | train=0.000570 | val=0.000908 | best=0.000901@176 | patience=24/30 | time=4.97s
[2026-04-27 04:38:39] epoch  201/300 | train=0.000555 | val=0.000910 | best=0.000901@176 | patience=25/30 | time=5.17s
[2026-04-27 04:38:45] epoch  202/300 | train=0.000557 | val=0.000906 | best=0.000901@176 | patience=26/30 | time=4.97s
[2026-04-27 04:38:50] epoch  203/300 | train=0.000570 | val=0.000915 | best=0.000901@176 | patience=27/30 | time=4.92s
[2026-04-27 04:38:55] epoch  204/300 | train=0.000563 | val=0.000913 | best=0.000901@176 | patience=28/30 | time=5.14s
[2026-04-27 04:39:01] epoch  205/300 | train=0.000559 | val=0.000918 | best=0.000901@176 | patience=29/30 | time=5.04s
[2026-04-27 04:39:06] epoch  206/300 | train=0.000560 | val=0.000913 | best=0.000901@176 | patience=30/30 | time=4.95s
[2026-04-27 04:39:06]   early stopping at epoch 206 (no improvement for 30 epochs)
[2026-04-27 04:39:06] Training done: stop_reason=early_stop, total_epochs=206, best_epoch=176, best_val=0.000901
[2026-04-27 04:39:06] Reloading best checkpoint (epoch 176) for evaluation
[2026-04-27 04:39:15] ------------------------------------------------------------
[2026-04-27 04:39:15] Evaluation:
[2026-04-27 04:39:15]   AUC broken_lcfs         : 0.6174
[2026-04-27 04:39:15]   AUC bad_black_core      : 0.9957
[2026-04-27 04:39:15]   AUC bad_nonconverged    : 0.9980
[2026-04-27 04:39:15]   objective      : 0.8451
[2026-04-27 04:39:15]   floor_ok       : True
[2026-04-27 04:39:15]   threshold      : 0.1079
[2026-04-27 04:39:15]   mu / sigma     : 0.000610198 / 0.000179428
[2026-04-27 04:39:15] Train time=1162.0s, eval time=8.9s
