[2026-04-27 13:22:41] ============================================================
[2026-04-27 13:22:41] Trial 197 starting on cuda:0
[2026-04-27 13:22:41] Timestamp: 2026-04-27T13:22:41.457695
[2026-04-27 13:22:41] --- Config summary ---
  bottleneck_dim  : 112
  n_enc_layers    : 5
  n_dec_layers    : 5
  base_channels   : 60
  growth_factor   : 1.6752164209347942
  use_batchnorm   : True
  use_hpf         : True
  hpf_sigma       : 1.852800228774491
  lr              : 1.5028375328144828e-05
  batch_size      : 48
  max_epochs      : 300
  patience        : 30
  seed            : 42
  deterministic   : False
  trial_num       : 197
[2026-04-27 13:22:41] Loading train/val/selection splits...
[2026-04-27 13:23:41] Splits loaded in 60.1s: n_train=722, n_val=120, n_selection=405
[2026-04-27 13:23:42] --- Architecture summary ---
  channels per enc layer : [60, 101, 168, 282, 473]
  final spatial size     : 8x8
  flat size before latent: 30272
  bottleneck_dim         : 112
  total parameters       : 24,943,214
[2026-04-27 13:23:42] Starting training: n_train=722, n_val=120, device=cuda:0
[2026-04-27 13:28:07] epoch    1/300 | train=0.012590 | val=0.007625 | best=0.007625@1 | patience=0/30 | time=264.62s *
[2026-04-27 13:28:17] epoch    2/300 | train=0.007565 | val=0.007129 | best=0.007129@2 | patience=0/30 | time=9.22s *
[2026-04-27 13:28:27] epoch    3/300 | train=0.006167 | val=0.006099 | best=0.006099@3 | patience=0/30 | time=9.52s *
[2026-04-27 13:28:37] epoch    4/300 | train=0.005347 | val=0.005576 | best=0.005576@4 | patience=0/30 | time=9.15s *
[2026-04-27 13:28:46] epoch    5/300 | train=0.004815 | val=0.004687 | best=0.004687@5 | patience=0/30 | time=9.06s *
[2026-04-27 13:28:56] epoch    6/300 | train=0.004409 | val=0.004246 | best=0.004246@6 | patience=0/30 | time=9.45s *
[2026-04-27 13:29:06] epoch    7/300 | train=0.004024 | val=0.003909 | best=0.003909@7 | patience=0/30 | time=9.16s *
[2026-04-27 13:29:15] epoch    8/300 | train=0.003669 | val=0.003615 | best=0.003615@8 | patience=0/30 | time=9.09s *
[2026-04-27 13:29:25] epoch    9/300 | train=0.003415 | val=0.003364 | best=0.003364@9 | patience=0/30 | time=9.47s *
[2026-04-27 13:29:35] epoch   10/300 | train=0.003185 | val=0.003199 | best=0.003199@10 | patience=0/30 | time=9.16s *
[2026-04-27 13:29:45] epoch   11/300 | train=0.003035 | val=0.003029 | best=0.003029@11 | patience=0/30 | time=9.09s *
[2026-04-27 13:29:55] epoch   12/300 | train=0.002916 | val=0.002921 | best=0.002921@12 | patience=0/30 | time=9.51s *
[2026-04-27 13:30:04] epoch   13/300 | train=0.002809 | val=0.002808 | best=0.002808@13 | patience=0/30 | time=9.25s *
[2026-04-27 13:30:14] epoch   14/300 | train=0.002718 | val=0.002719 | best=0.002719@14 | patience=0/30 | time=9.02s *
[2026-04-27 13:30:24] epoch   15/300 | train=0.002661 | val=0.002650 | best=0.002650@15 | patience=0/30 | time=9.20s *
[2026-04-27 13:30:34] epoch   16/300 | train=0.002629 | val=0.002620 | best=0.002620@16 | patience=0/30 | time=9.25s *
[2026-04-27 13:30:44] epoch   17/300 | train=0.002554 | val=0.002579 | best=0.002579@17 | patience=0/30 | time=9.34s *
[2026-04-27 13:30:53] epoch   18/300 | train=0.002548 | val=0.002541 | best=0.002541@18 | patience=0/30 | time=9.23s *
[2026-04-27 13:31:03] epoch   19/300 | train=0.002503 | val=0.002507 | best=0.002507@19 | patience=0/30 | time=9.25s *
[2026-04-27 13:31:12] epoch   20/300 | train=0.002453 | val=0.002546 | best=0.002507@19 | patience=1/30 | time=9.29s
[2026-04-27 13:31:22] epoch   21/300 | train=0.002502 | val=0.002478 | best=0.002478@21 | patience=0/30 | time=9.22s *
[2026-04-27 13:31:32] epoch   22/300 | train=0.002416 | val=0.002409 | best=0.002409@22 | patience=0/30 | time=9.21s *
[2026-04-27 13:31:41] epoch   23/300 | train=0.002370 | val=0.002469 | best=0.002409@22 | patience=1/30 | time=9.29s
[2026-04-27 13:31:51] epoch   24/300 | train=0.002417 | val=0.002399 | best=0.002399@24 | patience=0/30 | time=9.21s *
[2026-04-27 13:32:01] epoch   25/300 | train=0.002369 | val=0.002375 | best=0.002375@25 | patience=0/30 | time=9.22s *
[2026-04-27 13:32:11] epoch   26/300 | train=0.002321 | val=0.002352 | best=0.002352@26 | patience=0/30 | time=9.27s *
[2026-04-27 13:32:20] epoch   27/300 | train=0.002318 | val=0.002325 | best=0.002325@27 | patience=0/30 | time=9.27s *
[2026-04-27 13:32:30] epoch   28/300 | train=0.002272 | val=0.002314 | best=0.002314@28 | patience=0/30 | time=9.28s *
[2026-04-27 13:32:40] epoch   29/300 | train=0.002276 | val=0.002295 | best=0.002295@29 | patience=0/30 | time=9.56s *
[2026-04-27 13:32:50] epoch   30/300 | train=0.002253 | val=0.002294 | best=0.002294@30 | patience=0/30 | time=8.99s *
[2026-04-27 13:32:59] epoch   31/300 | train=0.002249 | val=0.002281 | best=0.002281@31 | patience=0/30 | time=9.08s *
[2026-04-27 13:33:09] epoch   32/300 | train=0.002241 | val=0.002279 | best=0.002279@32 | patience=0/30 | time=9.54s *
[2026-04-27 13:33:19] epoch   33/300 | train=0.002230 | val=0.002241 | best=0.002241@33 | patience=0/30 | time=9.20s *
[2026-04-27 13:33:28] epoch   34/300 | train=0.002193 | val=0.002260 | best=0.002241@33 | patience=1/30 | time=9.08s
[2026-04-27 13:33:38] epoch   35/300 | train=0.002207 | val=0.002250 | best=0.002241@33 | patience=2/30 | time=9.54s
[2026-04-27 13:33:48] epoch   36/300 | train=0.002182 | val=0.002225 | best=0.002225@36 | patience=0/30 | time=9.17s *
[2026-04-27 13:33:57] epoch   37/300 | train=0.002173 | val=0.002188 | best=0.002188@37 | patience=0/30 | time=9.07s *
[2026-04-27 13:34:07] epoch   38/300 | train=0.002133 | val=0.002354 | best=0.002188@37 | patience=1/30 | time=9.54s
[2026-04-27 13:34:16] epoch   39/300 | train=0.002244 | val=0.002234 | best=0.002188@37 | patience=2/30 | time=9.21s
[2026-04-27 13:34:26] epoch   40/300 | train=0.002147 | val=0.002184 | best=0.002184@40 | patience=0/30 | time=9.10s *
[2026-04-27 13:34:35] epoch   41/300 | train=0.002134 | val=0.002193 | best=0.002184@40 | patience=1/30 | time=9.53s
[2026-04-27 13:34:45] epoch   42/300 | train=0.002134 | val=0.002207 | best=0.002184@40 | patience=2/30 | time=9.18s
[2026-04-27 13:34:54] epoch   43/300 | train=0.002176 | val=0.002177 | best=0.002177@43 | patience=0/30 | time=9.10s *
[2026-04-27 13:35:04] epoch   44/300 | train=0.002113 | val=0.002157 | best=0.002157@44 | patience=0/30 | time=9.51s *
[2026-04-27 13:35:14] epoch   45/300 | train=0.002104 | val=0.002217 | best=0.002157@44 | patience=1/30 | time=9.19s
[2026-04-27 13:35:23] epoch   46/300 | train=0.002137 | val=0.002145 | best=0.002145@46 | patience=0/30 | time=9.11s *
[2026-04-27 13:35:33] epoch   47/300 | train=0.002095 | val=0.002146 | best=0.002145@46 | patience=1/30 | time=9.55s
[2026-04-27 13:35:43] epoch   48/300 | train=0.002092 | val=0.002130 | best=0.002130@48 | patience=0/30 | time=9.16s *
[2026-04-27 13:35:52] epoch   49/300 | train=0.002073 | val=0.002121 | best=0.002121@49 | patience=0/30 | time=9.10s *
[2026-04-27 13:36:02] epoch   50/300 | train=0.002055 | val=0.002090 | best=0.002090@50 | patience=0/30 | time=9.48s *
[2026-04-27 13:36:02]   pruned at epoch 50
[2026-04-27 13:36:02] Training done: stop_reason=pruned, total_epochs=50, best_epoch=50, best_val=0.002090
[2026-04-27 13:36:02] Reloading best checkpoint (epoch 50) for evaluation
[2026-04-27 13:36:20] ------------------------------------------------------------
[2026-04-27 13:36:20] Evaluation:
[2026-04-27 13:36:20]   AUC broken_lcfs         : 0.6030
[2026-04-27 13:36:20]   AUC bad_black_core      : 0.9810
[2026-04-27 13:36:20]   AUC bad_nonconverged    : 0.9899
[2026-04-27 13:36:20]   objective      : 0.8325
[2026-04-27 13:36:20]   floor_ok       : True
[2026-04-27 13:36:20]   threshold      : 0.0739
[2026-04-27 13:36:20]   mu / sigma     : 0.00203796 / 0.00048753
[2026-04-27 13:36:20] Train time=740.2s, eval time=17.0s
