[2026-04-26 23:52:00] ============================================================
[2026-04-26 23:52:00] Trial 1 starting on cuda:0
[2026-04-26 23:52:00] Timestamp: 2026-04-26T23:52:00.026113
[2026-04-26 23:52:00] --- Config summary ---
  bottleneck_dim  : 20
  n_enc_layers    : 5
  n_dec_layers    : 3
  base_channels   : 27
  growth_factor   : 2.4654431109444976
  use_batchnorm   : True
  use_hpf         : False
  hpf_sigma       : 3.0
  lr              : 0.0008609396421236715
  batch_size      : 16
  max_epochs      : 300
  patience        : 30
  seed            : 42
  deterministic   : False
  trial_num       : 1
[2026-04-26 23:52:00] Loading train/val/selection splits...
[2026-04-26 23:53:00] Splits loaded in 61.0s: n_train=722, n_val=120, n_selection=405
[2026-04-26 23:53:02] --- Architecture summary ---
  channels per enc layer : [27, 67, 164, 405, 998]
  final spatial size     : 8x8
  flat size before latent: 63872
  bottleneck_dim         : 20
  total parameters       : 41,762,911
[2026-04-26 23:53:11] Starting training: n_train=722, n_val=120, device=cuda:0
[2026-04-26 23:55:48] epoch    1/300 | train=0.025235 | val=0.019230 | best=0.019230@1 | patience=0/30 | time=155.60s *
[2026-04-26 23:55:54] epoch    2/300 | train=0.014679 | val=0.016178 | best=0.016178@2 | patience=0/30 | time=5.56s *
[2026-04-26 23:56:01] epoch    3/300 | train=0.013674 | val=0.013118 | best=0.013118@3 | patience=0/30 | time=5.83s *
[2026-04-26 23:56:08] epoch    4/300 | train=0.012473 | val=0.011312 | best=0.011312@4 | patience=0/30 | time=5.56s *
[2026-04-26 23:56:14] epoch    5/300 | train=0.011483 | val=0.012414 | best=0.011312@4 | patience=1/30 | time=5.54s
[2026-04-26 23:56:20] epoch    6/300 | train=0.011089 | val=0.010577 | best=0.010577@6 | patience=0/30 | time=5.61s *
[2026-04-26 23:56:26] epoch    7/300 | train=0.010788 | val=0.011223 | best=0.010577@6 | patience=1/30 | time=5.83s
[2026-04-26 23:56:32] epoch    8/300 | train=0.011699 | val=0.011098 | best=0.010577@6 | patience=2/30 | time=5.68s
[2026-04-26 23:56:39] epoch    9/300 | train=0.010537 | val=0.010001 | best=0.010001@9 | patience=0/30 | time=5.58s *
[2026-04-26 23:56:46] epoch   10/300 | train=0.009833 | val=0.009607 | best=0.009607@10 | patience=0/30 | time=5.62s *
[2026-04-26 23:56:51] epoch   11/300 | train=0.009906 | val=0.009641 | best=0.009607@10 | patience=1/30 | time=5.79s
[2026-04-26 23:56:58] epoch   12/300 | train=0.009581 | val=0.009550 | best=0.009550@12 | patience=0/30 | time=5.68s *
[2026-04-26 23:57:04] epoch   13/300 | train=0.009536 | val=0.009675 | best=0.009550@12 | patience=1/30 | time=5.57s
[2026-04-26 23:57:11] epoch   14/300 | train=0.009484 | val=0.009428 | best=0.009428@14 | patience=0/30 | time=5.62s *
[2026-04-26 23:57:16] epoch   15/300 | train=0.009353 | val=0.009915 | best=0.009428@14 | patience=1/30 | time=5.56s
[2026-04-26 23:57:22] epoch   16/300 | train=0.009679 | val=0.010244 | best=0.009428@14 | patience=2/30 | time=5.78s
[2026-04-26 23:57:29] epoch   17/300 | train=0.009447 | val=0.009123 | best=0.009123@17 | patience=0/30 | time=5.67s *
[2026-04-26 23:57:35] epoch   18/300 | train=0.009250 | val=0.009602 | best=0.009123@17 | patience=1/30 | time=5.55s
[2026-04-26 23:57:42] epoch   19/300 | train=0.008938 | val=0.008727 | best=0.008727@19 | patience=0/30 | time=5.62s *
[2026-04-26 23:57:49] epoch   20/300 | train=0.008548 | val=0.008615 | best=0.008615@20 | patience=0/30 | time=5.78s *
[2026-04-26 23:57:54] epoch   21/300 | train=0.008833 | val=0.009802 | best=0.008615@20 | patience=1/30 | time=5.67s
[2026-04-26 23:58:01] epoch   22/300 | train=0.007649 | val=0.008461 | best=0.008461@22 | patience=0/30 | time=5.57s *
[2026-04-26 23:58:07] epoch   23/300 | train=0.007669 | val=0.009532 | best=0.008461@22 | patience=1/30 | time=5.60s
[2026-04-26 23:58:14] epoch   24/300 | train=0.008434 | val=0.008381 | best=0.008381@24 | patience=0/30 | time=5.84s *
[2026-04-26 23:58:21] epoch   25/300 | train=0.007634 | val=0.007261 | best=0.007261@25 | patience=0/30 | time=5.67s *
[2026-04-26 23:58:26] epoch   26/300 | train=0.007468 | val=0.007483 | best=0.007261@25 | patience=1/30 | time=5.58s
[2026-04-26 23:58:32] epoch   27/300 | train=0.007264 | val=0.007643 | best=0.007261@25 | patience=2/30 | time=5.63s
[2026-04-26 23:58:39] epoch   28/300 | train=0.006906 | val=0.006746 | best=0.006746@28 | patience=0/30 | time=5.57s *
[2026-04-26 23:58:45] epoch   29/300 | train=0.006894 | val=0.007091 | best=0.006746@28 | patience=1/30 | time=5.94s
[2026-04-26 23:58:51] epoch   30/300 | train=0.006768 | val=0.007187 | best=0.006746@28 | patience=2/30 | time=5.58s
[2026-04-26 23:58:56] epoch   31/300 | train=0.006601 | val=0.007721 | best=0.006746@28 | patience=3/30 | time=5.56s
[2026-04-26 23:59:03] epoch   32/300 | train=0.006600 | val=0.006395 | best=0.006395@32 | patience=0/30 | time=5.63s *
[2026-04-26 23:59:09] epoch   33/300 | train=0.006363 | val=0.006861 | best=0.006395@32 | patience=1/30 | time=5.59s
[2026-04-26 23:59:16] epoch   34/300 | train=0.006407 | val=0.006385 | best=0.006385@34 | patience=0/30 | time=5.79s *
[2026-04-26 23:59:22] epoch   35/300 | train=0.006339 | val=0.006761 | best=0.006385@34 | patience=1/30 | time=5.69s
[2026-04-26 23:59:27] epoch   36/300 | train=0.006380 | val=0.007041 | best=0.006385@34 | patience=2/30 | time=5.57s
[2026-04-26 23:59:34] epoch   37/300 | train=0.006189 | val=0.006234 | best=0.006234@37 | patience=0/30 | time=5.62s *
[2026-04-26 23:59:40] epoch   38/300 | train=0.006130 | val=0.008146 | best=0.006234@37 | patience=1/30 | time=5.56s
[2026-04-26 23:59:46] epoch   39/300 | train=0.007106 | val=0.007055 | best=0.006234@37 | patience=2/30 | time=5.96s
[2026-04-26 23:59:53] epoch   40/300 | train=0.006066 | val=0.005532 | best=0.005532@40 | patience=0/30 | time=5.58s *
[2026-04-26 23:59:58] epoch   41/300 | train=0.005618 | val=0.005632 | best=0.005532@40 | patience=1/30 | time=5.56s
[2026-04-27 00:00:04] epoch   42/300 | train=0.005726 | val=0.006191 | best=0.005532@40 | patience=2/30 | time=5.62s
[2026-04-27 00:00:10] epoch   43/300 | train=0.005872 | val=0.005837 | best=0.005532@40 | patience=3/30 | time=5.79s
[2026-04-27 00:00:17] epoch   44/300 | train=0.005423 | val=0.004993 | best=0.004993@44 | patience=0/30 | time=5.70s *
[2026-04-27 00:00:22] epoch   45/300 | train=0.005262 | val=0.005894 | best=0.004993@44 | patience=1/30 | time=5.58s
[2026-04-27 00:00:28] epoch   46/300 | train=0.006213 | val=0.005254 | best=0.004993@44 | patience=2/30 | time=5.63s
[2026-04-27 00:00:34] epoch   47/300 | train=0.005440 | val=0.005579 | best=0.004993@44 | patience=3/30 | time=5.57s
[2026-04-27 00:00:40] epoch   48/300 | train=0.005309 | val=0.005393 | best=0.004993@44 | patience=4/30 | time=5.79s
[2026-04-27 00:00:46] epoch   49/300 | train=0.005141 | val=0.006140 | best=0.004993@44 | patience=5/30 | time=5.72s
[2026-04-27 00:00:51] epoch   50/300 | train=0.004921 | val=0.005218 | best=0.004993@44 | patience=6/30 | time=5.57s
[2026-04-27 00:00:58] epoch   51/300 | train=0.004822 | val=0.004961 | best=0.004961@51 | patience=0/30 | time=5.63s *
[2026-04-27 00:01:05] epoch   52/300 | train=0.004681 | val=0.004936 | best=0.004936@52 | patience=0/30 | time=5.57s *
[2026-04-27 00:01:12] epoch   53/300 | train=0.004583 | val=0.004574 | best=0.004574@53 | patience=0/30 | time=5.70s *
[2026-04-27 00:01:19] epoch   54/300 | train=0.004441 | val=0.004547 | best=0.004547@54 | patience=0/30 | time=5.57s *
[2026-04-27 00:01:26] epoch   55/300 | train=0.004526 | val=0.004337 | best=0.004337@55 | patience=0/30 | time=5.60s *
[2026-04-27 00:01:32] epoch   56/300 | train=0.004356 | val=0.004142 | best=0.004142@56 | patience=0/30 | time=5.56s *
[2026-04-27 00:01:38] epoch   57/300 | train=0.004131 | val=0.004196 | best=0.004142@56 | patience=1/30 | time=5.70s
[2026-04-27 00:01:46] epoch   58/300 | train=0.004163 | val=0.004099 | best=0.004099@58 | patience=0/30 | time=5.58s *
[2026-04-27 00:01:51] epoch   59/300 | train=0.004075 | val=0.005010 | best=0.004099@58 | patience=1/30 | time=5.61s
[2026-04-27 00:01:58] epoch   60/300 | train=0.004184 | val=0.004034 | best=0.004034@60 | patience=0/30 | time=5.57s *
[2026-04-27 00:02:04] epoch   61/300 | train=0.004184 | val=0.004198 | best=0.004034@60 | patience=1/30 | time=5.79s
[2026-04-27 00:02:11] epoch   62/300 | train=0.004177 | val=0.003859 | best=0.003859@62 | patience=0/30 | time=5.72s *
[2026-04-27 00:02:18] epoch   63/300 | train=0.004017 | val=0.003830 | best=0.003830@63 | patience=0/30 | time=5.56s *
[2026-04-27 00:02:23] epoch   64/300 | train=0.003822 | val=0.003956 | best=0.003830@63 | patience=1/30 | time=5.63s
[2026-04-27 00:02:29] epoch   65/300 | train=0.004050 | val=0.003891 | best=0.003830@63 | patience=2/30 | time=5.85s
[2026-04-27 00:02:35] epoch   66/300 | train=0.003761 | val=0.003885 | best=0.003830@63 | patience=3/30 | time=5.71s
[2026-04-27 00:02:42] epoch   67/300 | train=0.003709 | val=0.003669 | best=0.003669@67 | patience=0/30 | time=5.59s *
[2026-04-27 00:02:48] epoch   68/300 | train=0.003742 | val=0.004149 | best=0.003669@67 | patience=1/30 | time=5.62s
[2026-04-27 00:02:53] epoch   69/300 | train=0.003709 | val=0.004058 | best=0.003669@67 | patience=2/30 | time=5.57s
[2026-04-27 00:02:59] epoch   70/300 | train=0.004031 | val=0.003763 | best=0.003669@67 | patience=3/30 | time=5.79s
[2026-04-27 00:03:06] epoch   71/300 | train=0.003643 | val=0.003650 | best=0.003650@71 | patience=0/30 | time=5.68s *
[2026-04-27 00:03:12] epoch   72/300 | train=0.003580 | val=0.003651 | best=0.003650@71 | patience=1/30 | time=5.57s
[2026-04-27 00:03:18] epoch   73/300 | train=0.003575 | val=0.003507 | best=0.003507@73 | patience=0/30 | time=5.62s *
[2026-04-27 00:03:24] epoch   74/300 | train=0.003682 | val=0.004072 | best=0.003507@73 | patience=1/30 | time=5.80s
[2026-04-27 00:03:30] epoch   75/300 | train=0.003867 | val=0.004061 | best=0.003507@73 | patience=2/30 | time=5.69s
[2026-04-27 00:03:36] epoch   76/300 | train=0.003736 | val=0.003665 | best=0.003507@73 | patience=3/30 | time=5.59s
[2026-04-27 00:03:41] epoch   77/300 | train=0.003665 | val=0.003976 | best=0.003507@73 | patience=4/30 | time=5.56s
[2026-04-27 00:03:47] epoch   78/300 | train=0.003792 | val=0.003909 | best=0.003507@73 | patience=5/30 | time=5.62s
[2026-04-27 00:03:53] epoch   79/300 | train=0.004642 | val=0.004346 | best=0.003507@73 | patience=6/30 | time=5.79s
[2026-04-27 00:03:59] epoch   80/300 | train=0.003761 | val=0.003583 | best=0.003507@73 | patience=7/30 | time=5.68s
[2026-04-27 00:04:05] epoch   81/300 | train=0.003692 | val=0.003500 | best=0.003500@81 | patience=0/30 | time=5.59s *
[2026-04-27 00:04:12] epoch   82/300 | train=0.003512 | val=0.003428 | best=0.003428@82 | patience=0/30 | time=5.63s *
[2026-04-27 00:04:18] epoch   83/300 | train=0.003407 | val=0.003586 | best=0.003428@82 | patience=1/30 | time=5.57s
[2026-04-27 00:04:25] epoch   84/300 | train=0.003526 | val=0.003217 | best=0.003217@84 | patience=0/30 | time=5.80s *
[2026-04-27 00:04:31] epoch   85/300 | train=0.003415 | val=0.003451 | best=0.003217@84 | patience=1/30 | time=5.57s
[2026-04-27 00:04:36] epoch   86/300 | train=0.003351 | val=0.003433 | best=0.003217@84 | patience=2/30 | time=5.56s
[2026-04-27 00:04:42] epoch   87/300 | train=0.003381 | val=0.003515 | best=0.003217@84 | patience=3/30 | time=5.61s
[2026-04-27 00:04:48] epoch   88/300 | train=0.003543 | val=0.003396 | best=0.003217@84 | patience=4/30 | time=5.79s
[2026-04-27 00:04:54] epoch   89/300 | train=0.003306 | val=0.003331 | best=0.003217@84 | patience=5/30 | time=5.69s
[2026-04-27 00:04:59] epoch   90/300 | train=0.003240 | val=0.003458 | best=0.003217@84 | patience=6/30 | time=5.59s
[2026-04-27 00:05:06] epoch   91/300 | train=0.003223 | val=0.003184 | best=0.003184@91 | patience=0/30 | time=5.57s *
[2026-04-27 00:05:12] epoch   92/300 | train=0.003166 | val=0.003499 | best=0.003184@91 | patience=1/30 | time=5.57s
[2026-04-27 00:05:18] epoch   93/300 | train=0.003199 | val=0.003205 | best=0.003184@91 | patience=2/30 | time=5.80s
[2026-04-27 00:05:24] epoch   94/300 | train=0.003243 | val=0.003215 | best=0.003184@91 | patience=3/30 | time=5.71s
[2026-04-27 00:05:29] epoch   95/300 | train=0.003282 | val=0.003357 | best=0.003184@91 | patience=4/30 | time=5.58s
[2026-04-27 00:05:35] epoch   96/300 | train=0.003358 | val=0.003673 | best=0.003184@91 | patience=5/30 | time=5.62s
[2026-04-27 00:05:41] epoch   97/300 | train=0.003415 | val=0.003390 | best=0.003184@91 | patience=6/30 | time=5.57s
[2026-04-27 00:05:46] epoch   98/300 | train=0.003195 | val=0.003574 | best=0.003184@91 | patience=7/30 | time=5.81s
[2026-04-27 00:05:53] epoch   99/300 | train=0.003228 | val=0.003057 | best=0.003057@99 | patience=0/30 | time=5.70s *
[2026-04-27 00:05:59] epoch  100/300 | train=0.003143 | val=0.003888 | best=0.003057@99 | patience=1/30 | time=5.56s
[2026-04-27 00:06:05] epoch  101/300 | train=0.003547 | val=0.003390 | best=0.003057@99 | patience=2/30 | time=5.62s
[2026-04-27 00:06:11] epoch  102/300 | train=0.003269 | val=0.003387 | best=0.003057@99 | patience=3/30 | time=5.79s
[2026-04-27 00:06:16] epoch  103/300 | train=0.003244 | val=0.003147 | best=0.003057@99 | patience=4/30 | time=5.68s
[2026-04-27 00:06:22] epoch  104/300 | train=0.003029 | val=0.003284 | best=0.003057@99 | patience=5/30 | time=5.58s
[2026-04-27 00:06:29] epoch  105/300 | train=0.003069 | val=0.002934 | best=0.002934@105 | patience=0/30 | time=5.56s *
[2026-04-27 00:06:34] epoch  106/300 | train=0.003057 | val=0.003009 | best=0.002934@105 | patience=1/30 | time=5.57s
[2026-04-27 00:06:40] epoch  107/300 | train=0.003017 | val=0.003019 | best=0.002934@105 | patience=2/30 | time=5.84s
[2026-04-27 00:06:46] epoch  108/300 | train=0.002970 | val=0.003107 | best=0.002934@105 | patience=3/30 | time=5.68s
[2026-04-27 00:06:52] epoch  109/300 | train=0.002987 | val=0.003057 | best=0.002934@105 | patience=4/30 | time=5.58s
[2026-04-27 00:06:58] epoch  110/300 | train=0.002921 | val=0.003092 | best=0.002934@105 | patience=5/30 | time=5.63s
[2026-04-27 00:07:03] epoch  111/300 | train=0.002965 | val=0.003086 | best=0.002934@105 | patience=6/30 | time=5.56s
[2026-04-27 00:07:09] epoch  112/300 | train=0.002910 | val=0.002983 | best=0.002934@105 | patience=7/30 | time=5.78s
[2026-04-27 00:07:15] epoch  113/300 | train=0.002864 | val=0.003090 | best=0.002934@105 | patience=8/30 | time=5.71s
[2026-04-27 00:07:22] epoch  114/300 | train=0.002890 | val=0.002918 | best=0.002918@114 | patience=0/30 | time=5.58s *
[2026-04-27 00:07:27] epoch  115/300 | train=0.002890 | val=0.003614 | best=0.002918@114 | patience=1/30 | time=5.63s
[2026-04-27 00:07:33] epoch  116/300 | train=0.003499 | val=0.003519 | best=0.002918@114 | patience=2/30 | time=5.56s
[2026-04-27 00:07:39] epoch  117/300 | train=0.003208 | val=0.003239 | best=0.002918@114 | patience=3/30 | time=5.97s
[2026-04-27 00:07:45] epoch  118/300 | train=0.002970 | val=0.002982 | best=0.002918@114 | patience=4/30 | time=5.58s
[2026-04-27 00:07:51] epoch  119/300 | train=0.003094 | val=0.003494 | best=0.002918@114 | patience=5/30 | time=5.56s
[2026-04-27 00:07:56] epoch  120/300 | train=0.003003 | val=0.002952 | best=0.002918@114 | patience=6/30 | time=5.61s
[2026-04-27 00:08:02] epoch  121/300 | train=0.002885 | val=0.003062 | best=0.002918@114 | patience=7/30 | time=5.81s
[2026-04-27 00:08:08] epoch  122/300 | train=0.002819 | val=0.002987 | best=0.002918@114 | patience=8/30 | time=5.71s
[2026-04-27 00:08:14] epoch  123/300 | train=0.002840 | val=0.002941 | best=0.002918@114 | patience=9/30 | time=5.58s
[2026-04-27 00:08:19] epoch  124/300 | train=0.002810 | val=0.003142 | best=0.002918@114 | patience=10/30 | time=5.56s
[2026-04-27 00:08:25] epoch  125/300 | train=0.002882 | val=0.003092 | best=0.002918@114 | patience=11/30 | time=5.57s
[2026-04-27 00:08:31] epoch  126/300 | train=0.002870 | val=0.003003 | best=0.002918@114 | patience=12/30 | time=5.82s
[2026-04-27 00:08:38] epoch  127/300 | train=0.002741 | val=0.002794 | best=0.002794@127 | patience=0/30 | time=5.68s *
[2026-04-27 00:08:44] epoch  128/300 | train=0.002845 | val=0.011540 | best=0.002794@127 | patience=1/30 | time=5.58s
[2026-04-27 00:08:49] epoch  129/300 | train=0.006903 | val=0.007205 | best=0.002794@127 | patience=2/30 | time=5.61s
[2026-04-27 00:08:55] epoch  130/300 | train=0.004700 | val=0.003792 | best=0.002794@127 | patience=3/30 | time=5.57s
[2026-04-27 00:09:01] epoch  131/300 | train=0.003607 | val=0.003752 | best=0.002794@127 | patience=4/30 | time=5.79s
[2026-04-27 00:09:07] epoch  132/300 | train=0.003371 | val=0.003451 | best=0.002794@127 | patience=5/30 | time=5.71s
[2026-04-27 00:09:12] epoch  133/300 | train=0.003165 | val=0.003278 | best=0.002794@127 | patience=6/30 | time=5.57s
[2026-04-27 00:09:18] epoch  134/300 | train=0.003183 | val=0.003011 | best=0.002794@127 | patience=7/30 | time=5.63s
[2026-04-27 00:09:24] epoch  135/300 | train=0.002969 | val=0.002909 | best=0.002794@127 | patience=8/30 | time=5.56s
[2026-04-27 00:09:30] epoch  136/300 | train=0.002928 | val=0.003299 | best=0.002794@127 | patience=9/30 | time=5.92s
[2026-04-27 00:09:35] epoch  137/300 | train=0.003022 | val=0.003175 | best=0.002794@127 | patience=10/30 | time=5.59s
[2026-04-27 00:09:41] epoch  138/300 | train=0.002835 | val=0.002861 | best=0.002794@127 | patience=11/30 | time=5.58s
[2026-04-27 00:09:47] epoch  139/300 | train=0.002803 | val=0.002866 | best=0.002794@127 | patience=12/30 | time=5.63s
[2026-04-27 00:09:53] epoch  140/300 | train=0.002761 | val=0.002804 | best=0.002794@127 | patience=13/30 | time=5.58s
[2026-04-27 00:09:59] epoch  141/300 | train=0.002714 | val=0.003752 | best=0.002794@127 | patience=14/30 | time=5.93s
[2026-04-27 00:10:04] epoch  142/300 | train=0.003479 | val=0.004394 | best=0.002794@127 | patience=15/30 | time=5.58s
[2026-04-27 00:10:10] epoch  143/300 | train=0.004357 | val=0.003913 | best=0.002794@127 | patience=16/30 | time=5.57s
[2026-04-27 00:10:16] epoch  144/300 | train=0.003269 | val=0.003236 | best=0.002794@127 | patience=17/30 | time=5.62s
[2026-04-27 00:10:22] epoch  145/300 | train=0.002902 | val=0.002837 | best=0.002794@127 | patience=18/30 | time=5.81s
[2026-04-27 00:10:27] epoch  146/300 | train=0.002772 | val=0.002803 | best=0.002794@127 | patience=19/30 | time=5.68s
[2026-04-27 00:10:33] epoch  147/300 | train=0.002734 | val=0.002858 | best=0.002794@127 | patience=20/30 | time=5.58s
[2026-04-27 00:10:39] epoch  148/300 | train=0.002751 | val=0.002794 | best=0.002794@127 | patience=21/30 | time=5.57s
[2026-04-27 00:10:46] epoch  149/300 | train=0.002696 | val=0.002778 | best=0.002778@149 | patience=0/30 | time=5.62s *
[2026-04-27 00:10:52] epoch  150/300 | train=0.002622 | val=0.002803 | best=0.002778@149 | patience=1/30 | time=5.79s
[2026-04-27 00:10:58] epoch  151/300 | train=0.002656 | val=0.002756 | best=0.002756@151 | patience=0/30 | time=5.68s *
[2026-04-27 00:11:05] epoch  152/300 | train=0.002685 | val=0.002671 | best=0.002671@152 | patience=0/30 | time=5.57s *
[2026-04-27 00:11:12] epoch  153/300 | train=0.002494 | val=0.002619 | best=0.002619@153 | patience=0/30 | time=5.62s *
[2026-04-27 00:11:18] epoch  154/300 | train=0.002514 | val=0.002743 | best=0.002619@153 | patience=1/30 | time=5.80s
[2026-04-27 00:11:24] epoch  155/300 | train=0.002585 | val=0.002709 | best=0.002619@153 | patience=2/30 | time=5.71s
[2026-04-27 00:11:30] epoch  156/300 | train=0.002540 | val=0.002682 | best=0.002619@153 | patience=3/30 | time=5.58s
[2026-04-27 00:11:36] epoch  157/300 | train=0.002600 | val=0.002617 | best=0.002617@157 | patience=0/30 | time=5.57s *
[2026-04-27 00:11:42] epoch  158/300 | train=0.002435 | val=0.002632 | best=0.002617@157 | patience=1/30 | time=5.56s
[2026-04-27 00:11:48] epoch  159/300 | train=0.002473 | val=0.002826 | best=0.002617@157 | patience=2/30 | time=5.80s
[2026-04-27 00:11:54] epoch  160/300 | train=0.002516 | val=0.002676 | best=0.002617@157 | patience=3/30 | time=5.71s
[2026-04-27 00:12:01] epoch  161/300 | train=0.002487 | val=0.002606 | best=0.002606@161 | patience=0/30 | time=5.58s *
[2026-04-27 00:12:06] epoch  162/300 | train=0.002519 | val=0.002700 | best=0.002606@161 | patience=1/30 | time=5.63s
[2026-04-27 00:12:12] epoch  163/300 | train=0.002467 | val=0.002626 | best=0.002606@161 | patience=2/30 | time=5.57s
[2026-04-27 00:12:18] epoch  164/300 | train=0.002566 | val=0.002890 | best=0.002606@161 | patience=3/30 | time=5.68s
[2026-04-27 00:12:25] epoch  165/300 | train=0.002442 | val=0.002601 | best=0.002601@165 | patience=0/30 | time=5.58s *
[2026-04-27 00:12:31] epoch  166/300 | train=0.002486 | val=0.002976 | best=0.002601@165 | patience=1/30 | time=5.57s
[2026-04-27 00:12:38] epoch  167/300 | train=0.002468 | val=0.002500 | best=0.002500@167 | patience=0/30 | time=5.57s *
[2026-04-27 00:12:44] epoch  168/300 | train=0.002371 | val=0.002759 | best=0.002500@167 | patience=1/30 | time=5.79s
[2026-04-27 00:12:50] epoch  169/300 | train=0.002470 | val=0.002811 | best=0.002500@167 | patience=2/30 | time=5.69s
[2026-04-27 00:12:56] epoch  170/300 | train=0.002417 | val=0.002564 | best=0.002500@167 | patience=3/30 | time=5.57s
[2026-04-27 00:13:01] epoch  171/300 | train=0.002406 | val=0.002523 | best=0.002500@167 | patience=4/30 | time=5.62s
[2026-04-27 00:13:07] epoch  172/300 | train=0.002369 | val=0.002985 | best=0.002500@167 | patience=5/30 | time=5.56s
[2026-04-27 00:13:13] epoch  173/300 | train=0.002993 | val=0.002950 | best=0.002500@167 | patience=6/30 | time=5.98s
[2026-04-27 00:13:19] epoch  174/300 | train=0.002614 | val=0.002577 | best=0.002500@167 | patience=7/30 | time=5.58s
[2026-04-27 00:13:26] epoch  175/300 | train=0.002374 | val=0.002494 | best=0.002494@175 | patience=0/30 | time=5.56s *
[2026-04-27 00:13:31] epoch  176/300 | train=0.002333 | val=0.002729 | best=0.002494@175 | patience=1/30 | time=5.63s
[2026-04-27 00:13:37] epoch  177/300 | train=0.002471 | val=0.002751 | best=0.002494@175 | patience=2/30 | time=5.85s
[2026-04-27 00:13:43] epoch  178/300 | train=0.002544 | val=0.002539 | best=0.002494@175 | patience=3/30 | time=5.70s
[2026-04-27 00:13:49] epoch  179/300 | train=0.002416 | val=0.002613 | best=0.002494@175 | patience=4/30 | time=5.58s
[2026-04-27 00:13:55] epoch  180/300 | train=0.002439 | val=0.002729 | best=0.002494@175 | patience=5/30 | time=5.61s
[2026-04-27 00:14:00] epoch  181/300 | train=0.002451 | val=0.002534 | best=0.002494@175 | patience=6/30 | time=5.58s
[2026-04-27 00:14:07] epoch  182/300 | train=0.002262 | val=0.002427 | best=0.002427@182 | patience=0/30 | time=5.84s *
[2026-04-27 00:14:13] epoch  183/300 | train=0.002227 | val=0.002603 | best=0.002427@182 | patience=1/30 | time=5.70s
[2026-04-27 00:14:19] epoch  184/300 | train=0.002350 | val=0.002579 | best=0.002427@182 | patience=2/30 | time=5.56s
[2026-04-27 00:14:25] epoch  185/300 | train=0.002297 | val=0.002731 | best=0.002427@182 | patience=3/30 | time=5.62s
[2026-04-27 00:14:30] epoch  186/300 | train=0.002560 | val=0.002742 | best=0.002427@182 | patience=4/30 | time=5.57s
[2026-04-27 00:14:37] epoch  187/300 | train=0.002296 | val=0.002511 | best=0.002427@182 | patience=5/30 | time=5.98s
[2026-04-27 00:14:42] epoch  188/300 | train=0.002264 | val=0.002453 | best=0.002427@182 | patience=6/30 | time=5.58s
[2026-04-27 00:14:49] epoch  189/300 | train=0.002276 | val=0.002390 | best=0.002390@189 | patience=0/30 | time=5.57s *
[2026-04-27 00:14:55] epoch  190/300 | train=0.002216 | val=0.002410 | best=0.002390@189 | patience=1/30 | time=5.58s
[2026-04-27 00:15:02] epoch  191/300 | train=0.002224 | val=0.002475 | best=0.002390@189 | patience=2/30 | time=5.79s
[2026-04-27 00:15:07] epoch  192/300 | train=0.002230 | val=0.002511 | best=0.002390@189 | patience=3/30 | time=5.68s
[2026-04-27 00:15:13] epoch  193/300 | train=0.002180 | val=0.002452 | best=0.002390@189 | patience=4/30 | time=5.58s
[2026-04-27 00:15:19] epoch  194/300 | train=0.002122 | val=0.002679 | best=0.002390@189 | patience=5/30 | time=5.63s
[2026-04-27 00:15:24] epoch  195/300 | train=0.002586 | val=0.002620 | best=0.002390@189 | patience=6/30 | time=5.58s
[2026-04-27 00:15:30] epoch  196/300 | train=0.002178 | val=0.002441 | best=0.002390@189 | patience=7/30 | time=5.81s
[2026-04-27 00:15:36] epoch  197/300 | train=0.002143 | val=0.002406 | best=0.002390@189 | patience=8/30 | time=5.71s
[2026-04-27 00:15:42] epoch  198/300 | train=0.002146 | val=0.002631 | best=0.002390@189 | patience=9/30 | time=5.58s
[2026-04-27 00:15:48] epoch  199/300 | train=0.002218 | val=0.002413 | best=0.002390@189 | patience=10/30 | time=5.64s
[2026-04-27 00:15:55] epoch  200/300 | train=0.002166 | val=0.002348 | best=0.002348@200 | patience=0/30 | time=5.57s *
[2026-04-27 00:16:01] epoch  201/300 | train=0.002116 | val=0.002413 | best=0.002348@200 | patience=1/30 | time=5.91s
[2026-04-27 00:16:06] epoch  202/300 | train=0.002088 | val=0.002594 | best=0.002348@200 | patience=2/30 | time=5.58s
[2026-04-27 00:16:13] epoch  203/300 | train=0.002164 | val=0.002344 | best=0.002344@203 | patience=0/30 | time=5.56s *
[2026-04-27 00:16:19] epoch  204/300 | train=0.002049 | val=0.002389 | best=0.002344@203 | patience=1/30 | time=5.61s
[2026-04-27 00:16:25] epoch  205/300 | train=0.002109 | val=0.002363 | best=0.002344@203 | patience=2/30 | time=5.80s
[2026-04-27 00:16:31] epoch  206/300 | train=0.002071 | val=0.002425 | best=0.002344@203 | patience=3/30 | time=5.70s
[2026-04-27 00:16:36] epoch  207/300 | train=0.002084 | val=0.003166 | best=0.002344@203 | patience=4/30 | time=5.57s
[2026-04-27 00:16:42] epoch  208/300 | train=0.002857 | val=0.002832 | best=0.002344@203 | patience=5/30 | time=5.61s
[2026-04-27 00:16:48] epoch  209/300 | train=0.002515 | val=0.002601 | best=0.002344@203 | patience=6/30 | time=5.56s
[2026-04-27 00:16:54] epoch  210/300 | train=0.002292 | val=0.002491 | best=0.002344@203 | patience=7/30 | time=5.78s
[2026-04-27 00:16:59] epoch  211/300 | train=0.002161 | val=0.002419 | best=0.002344@203 | patience=8/30 | time=5.70s
[2026-04-27 00:17:05] epoch  212/300 | train=0.002227 | val=0.002353 | best=0.002344@203 | patience=9/30 | time=5.58s
[2026-04-27 00:17:11] epoch  213/300 | train=0.002076 | val=0.002375 | best=0.002344@203 | patience=10/30 | time=5.62s
[2026-04-27 00:17:18] epoch  214/300 | train=0.002035 | val=0.002278 | best=0.002278@214 | patience=0/30 | time=5.56s *
[2026-04-27 00:17:24] epoch  215/300 | train=0.001998 | val=0.002301 | best=0.002278@214 | patience=1/30 | time=5.69s
[2026-04-27 00:17:29] epoch  216/300 | train=0.001977 | val=0.002446 | best=0.002278@214 | patience=2/30 | time=5.57s
[2026-04-27 00:17:35] epoch  217/300 | train=0.002030 | val=0.002298 | best=0.002278@214 | patience=3/30 | time=5.55s
[2026-04-27 00:17:41] epoch  218/300 | train=0.001960 | val=0.002278 | best=0.002278@214 | patience=4/30 | time=5.61s
[2026-04-27 00:17:47] epoch  219/300 | train=0.001938 | val=0.002334 | best=0.002278@214 | patience=5/30 | time=5.84s
[2026-04-27 00:17:53] epoch  220/300 | train=0.001954 | val=0.002289 | best=0.002278@214 | patience=6/30 | time=5.70s
[2026-04-27 00:17:58] epoch  221/300 | train=0.001946 | val=0.002287 | best=0.002278@214 | patience=7/30 | time=5.58s
[2026-04-27 00:18:04] epoch  222/300 | train=0.001974 | val=0.003015 | best=0.002278@214 | patience=8/30 | time=5.63s
[2026-04-27 00:18:10] epoch  223/300 | train=0.002565 | val=0.002593 | best=0.002278@214 | patience=9/30 | time=5.57s
[2026-04-27 00:18:16] epoch  224/300 | train=0.002079 | val=0.002490 | best=0.002278@214 | patience=10/30 | time=5.80s
[2026-04-27 00:18:21] epoch  225/300 | train=0.002070 | val=0.002321 | best=0.002278@214 | patience=11/30 | time=5.70s
[2026-04-27 00:18:27] epoch  226/300 | train=0.001977 | val=0.002309 | best=0.002278@214 | patience=12/30 | time=5.58s
[2026-04-27 00:18:34] epoch  227/300 | train=0.001919 | val=0.002247 | best=0.002247@227 | patience=0/30 | time=5.61s *
[2026-04-27 00:18:40] epoch  228/300 | train=0.001906 | val=0.002310 | best=0.002247@227 | patience=1/30 | time=5.56s
[2026-04-27 00:18:46] epoch  229/300 | train=0.001940 | val=0.002253 | best=0.002247@227 | patience=2/30 | time=5.96s
[2026-04-27 00:18:52] epoch  230/300 | train=0.001870 | val=0.002242 | best=0.002242@230 | patience=0/30 | time=5.57s *
[2026-04-27 00:18:58] epoch  231/300 | train=0.001894 | val=0.002542 | best=0.002242@230 | patience=1/30 | time=5.56s
[2026-04-27 00:19:04] epoch  232/300 | train=0.002047 | val=0.003162 | best=0.002242@230 | patience=2/30 | time=5.63s
[2026-04-27 00:19:10] epoch  233/300 | train=0.003915 | val=0.003597 | best=0.002242@230 | patience=3/30 | time=5.78s
[2026-04-27 00:19:16] epoch  234/300 | train=0.003066 | val=0.003248 | best=0.002242@230 | patience=4/30 | time=5.67s
[2026-04-27 00:19:21] epoch  235/300 | train=0.003114 | val=0.002817 | best=0.002242@230 | patience=5/30 | time=5.57s
[2026-04-27 00:19:27] epoch  236/300 | train=0.002434 | val=0.002683 | best=0.002242@230 | patience=6/30 | time=5.63s
[2026-04-27 00:19:33] epoch  237/300 | train=0.002480 | val=0.002655 | best=0.002242@230 | patience=7/30 | time=5.56s
[2026-04-27 00:19:39] epoch  238/300 | train=0.002239 | val=0.002365 | best=0.002242@230 | patience=8/30 | time=5.78s
[2026-04-27 00:19:44] epoch  239/300 | train=0.002118 | val=0.002318 | best=0.002242@230 | patience=9/30 | time=5.68s
[2026-04-27 00:19:50] epoch  240/300 | train=0.002078 | val=0.002318 | best=0.002242@230 | patience=10/30 | time=5.58s
[2026-04-27 00:19:57] epoch  241/300 | train=0.002026 | val=0.002361 | best=0.002242@230 | patience=11/30 | time=5.61s
[2026-04-27 00:20:02] epoch  242/300 | train=0.001993 | val=0.002249 | best=0.002242@230 | patience=12/30 | time=5.57s
[2026-04-27 00:20:08] epoch  243/300 | train=0.001972 | val=0.002264 | best=0.002242@230 | patience=13/30 | time=5.91s
[2026-04-27 00:20:14] epoch  244/300 | train=0.001928 | val=0.002272 | best=0.002242@230 | patience=14/30 | time=5.58s
[2026-04-27 00:20:20] epoch  245/300 | train=0.001916 | val=0.002294 | best=0.002242@230 | patience=15/30 | time=5.56s
[2026-04-27 00:20:27] epoch  246/300 | train=0.001932 | val=0.002235 | best=0.002235@246 | patience=0/30 | time=5.61s *
[2026-04-27 00:20:33] epoch  247/300 | train=0.001869 | val=0.002248 | best=0.002235@246 | patience=1/30 | time=5.79s
[2026-04-27 00:20:38] epoch  248/300 | train=0.001894 | val=0.002325 | best=0.002235@246 | patience=2/30 | time=5.67s
[2026-04-27 00:20:44] epoch  249/300 | train=0.001951 | val=0.004169 | best=0.002235@246 | patience=3/30 | time=5.57s
[2026-04-27 00:20:50] epoch  250/300 | train=0.005151 | val=0.005343 | best=0.002235@246 | patience=4/30 | time=5.56s
[2026-04-27 00:20:56] epoch  251/300 | train=0.004330 | val=0.003883 | best=0.002235@246 | patience=5/30 | time=5.56s
[2026-04-27 00:21:01] epoch  252/300 | train=0.003248 | val=0.002970 | best=0.002235@246 | patience=6/30 | time=5.78s
[2026-04-27 00:21:07] epoch  253/300 | train=0.002668 | val=0.002674 | best=0.002235@246 | patience=7/30 | time=5.67s
[2026-04-27 00:21:13] epoch  254/300 | train=0.002454 | val=0.002669 | best=0.002235@246 | patience=8/30 | time=5.57s
[2026-04-27 00:21:19] epoch  255/300 | train=0.002390 | val=0.002482 | best=0.002235@246 | patience=9/30 | time=5.61s
[2026-04-27 00:21:24] epoch  256/300 | train=0.002284 | val=0.002699 | best=0.002235@246 | patience=10/30 | time=5.57s
[2026-04-27 00:21:30] epoch  257/300 | train=0.002527 | val=0.002493 | best=0.002235@246 | patience=11/30 | time=5.79s
[2026-04-27 00:21:36] epoch  258/300 | train=0.002173 | val=0.002286 | best=0.002235@246 | patience=12/30 | time=5.71s
[2026-04-27 00:21:42] epoch  259/300 | train=0.002046 | val=0.002336 | best=0.002235@246 | patience=13/30 | time=5.59s
[2026-04-27 00:21:48] epoch  260/300 | train=0.002135 | val=0.002391 | best=0.002235@246 | patience=14/30 | time=5.64s
[2026-04-27 00:21:53] epoch  261/300 | train=0.002038 | val=0.002270 | best=0.002235@246 | patience=15/30 | time=5.58s
[2026-04-27 00:21:59] epoch  262/300 | train=0.001952 | val=0.002392 | best=0.002235@246 | patience=16/30 | time=5.81s
[2026-04-27 00:22:05] epoch  263/300 | train=0.002171 | val=0.002286 | best=0.002235@246 | patience=17/30 | time=5.70s
[2026-04-27 00:22:11] epoch  264/300 | train=0.001959 | val=0.002344 | best=0.002235@246 | patience=18/30 | time=5.57s
[2026-04-27 00:22:17] epoch  265/300 | train=0.001993 | val=0.002301 | best=0.002235@246 | patience=19/30 | time=5.62s
[2026-04-27 00:22:22] epoch  266/300 | train=0.001930 | val=0.002292 | best=0.002235@246 | patience=20/30 | time=5.58s
[2026-04-27 00:22:29] epoch  267/300 | train=0.001859 | val=0.002190 | best=0.002190@267 | patience=0/30 | time=5.96s *
[2026-04-27 00:22:35] epoch  268/300 | train=0.001831 | val=0.002222 | best=0.002190@267 | patience=1/30 | time=5.57s
[2026-04-27 00:22:41] epoch  269/300 | train=0.001851 | val=0.002214 | best=0.002190@267 | patience=2/30 | time=5.56s
[2026-04-27 00:22:47] epoch  270/300 | train=0.001830 | val=0.002259 | best=0.002190@267 | patience=3/30 | time=5.64s
[2026-04-27 00:22:53] epoch  271/300 | train=0.001809 | val=0.002230 | best=0.002190@267 | patience=4/30 | time=5.79s
[2026-04-27 00:22:59] epoch  272/300 | train=0.001834 | val=0.002170 | best=0.002170@272 | patience=0/30 | time=5.70s *
[2026-04-27 00:23:05] epoch  273/300 | train=0.001756 | val=0.002187 | best=0.002170@272 | patience=1/30 | time=5.58s
[2026-04-27 00:23:11] epoch  274/300 | train=0.001791 | val=0.002225 | best=0.002170@272 | patience=2/30 | time=5.63s
[2026-04-27 00:23:18] epoch  275/300 | train=0.001743 | val=0.002154 | best=0.002154@275 | patience=0/30 | time=5.57s *
[2026-04-27 00:23:24] epoch  276/300 | train=0.001715 | val=0.002203 | best=0.002154@275 | patience=1/30 | time=5.92s
[2026-04-27 00:23:29] epoch  277/300 | train=0.001737 | val=0.002242 | best=0.002154@275 | patience=2/30 | time=5.59s
[2026-04-27 00:23:35] epoch  278/300 | train=0.001764 | val=0.002192 | best=0.002154@275 | patience=3/30 | time=5.58s
[2026-04-27 00:23:41] epoch  279/300 | train=0.001815 | val=0.002230 | best=0.002154@275 | patience=4/30 | time=5.64s
[2026-04-27 00:23:47] epoch  280/300 | train=0.001741 | val=0.002185 | best=0.002154@275 | patience=5/30 | time=5.58s
[2026-04-27 00:23:53] epoch  281/300 | train=0.001734 | val=0.002198 | best=0.002154@275 | patience=6/30 | time=5.94s
[2026-04-27 00:23:59] epoch  282/300 | train=0.001708 | val=0.002138 | best=0.002138@282 | patience=0/30 | time=5.57s *
[2026-04-27 00:24:06] epoch  283/300 | train=0.001683 | val=0.002291 | best=0.002138@282 | patience=1/30 | time=5.61s
[2026-04-27 00:24:12] epoch  284/300 | train=0.001730 | val=0.002378 | best=0.002138@282 | patience=2/30 | time=5.58s
[2026-04-27 00:24:17] epoch  285/300 | train=0.001817 | val=0.002200 | best=0.002138@282 | patience=3/30 | time=5.81s
[2026-04-27 00:24:23] epoch  286/300 | train=0.001687 | val=0.002277 | best=0.002138@282 | patience=4/30 | time=5.68s
[2026-04-27 00:24:29] epoch  287/300 | train=0.001711 | val=0.002149 | best=0.002138@282 | patience=5/30 | time=5.58s
[2026-04-27 00:24:35] epoch  288/300 | train=0.001652 | val=0.002194 | best=0.002138@282 | patience=6/30 | time=5.64s
[2026-04-27 00:24:40] epoch  289/300 | train=0.001653 | val=0.002152 | best=0.002138@282 | patience=7/30 | time=5.57s
[2026-04-27 00:24:46] epoch  290/300 | train=0.001637 | val=0.002213 | best=0.002138@282 | patience=8/30 | time=5.81s
[2026-04-27 00:24:52] epoch  291/300 | train=0.001686 | val=0.002190 | best=0.002138@282 | patience=9/30 | time=5.71s
[2026-04-27 00:24:58] epoch  292/300 | train=0.001621 | val=0.002274 | best=0.002138@282 | patience=10/30 | time=5.58s
[2026-04-27 00:25:04] epoch  293/300 | train=0.001849 | val=0.002228 | best=0.002138@282 | patience=11/30 | time=5.61s
[2026-04-27 00:25:09] epoch  294/300 | train=0.001697 | val=0.002307 | best=0.002138@282 | patience=12/30 | time=5.57s
[2026-04-27 00:25:15] epoch  295/300 | train=0.001678 | val=0.002241 | best=0.002138@282 | patience=13/30 | time=5.78s
[2026-04-27 00:25:21] epoch  296/300 | train=0.001692 | val=0.002269 | best=0.002138@282 | patience=14/30 | time=5.69s
[2026-04-27 00:25:27] epoch  297/300 | train=0.001635 | val=0.002250 | best=0.002138@282 | patience=15/30 | time=5.56s
[2026-04-27 00:25:32] epoch  298/300 | train=0.001698 | val=0.002188 | best=0.002138@282 | patience=16/30 | time=5.61s
[2026-04-27 00:25:38] epoch  299/300 | train=0.001627 | val=0.002281 | best=0.002138@282 | patience=17/30 | time=5.56s
[2026-04-27 00:25:44] epoch  300/300 | train=0.001703 | val=0.002871 | best=0.002138@282 | patience=18/30 | time=5.98s
[2026-04-27 00:25:44] Training done: stop_reason=max_epochs, total_epochs=300, best_epoch=282, best_val=0.002138
[2026-04-27 00:25:44] Reloading best checkpoint (epoch 282) for evaluation
[2026-04-27 00:25:53] ------------------------------------------------------------
[2026-04-27 00:25:53] Evaluation:
[2026-04-27 00:25:53]   AUC broken_lcfs         : 0.5682
[2026-04-27 00:25:53]   AUC bad_black_core      : 0.9999
[2026-04-27 00:25:53]   AUC bad_nonconverged    : 0.9993
[2026-04-27 00:25:53]   objective      : 0.8270
[2026-04-27 00:25:53]   floor_ok       : True
[2026-04-27 00:25:53]   threshold      : 0.3592
[2026-04-27 00:25:53]   mu / sigma     : 0.001617 / 0.000430101
[2026-04-27 00:25:53] Train time=1962.3s, eval time=8.0s
