[2026-04-27 01:07:16] ============================================================
[2026-04-27 01:07:16] Trial 19 starting on cuda:0
[2026-04-27 01:07:16] Timestamp: 2026-04-27T01:07:16.317831
[2026-04-27 01:07:16] --- Config summary ---
  bottleneck_dim  : 16
  n_enc_layers    : 5
  n_dec_layers    : 4
  base_channels   : 63
  growth_factor   : 1.6266872140558608
  use_batchnorm   : True
  use_hpf         : False
  hpf_sigma       : 3.0
  lr              : 0.0017806663448005008
  batch_size      : 8
  max_epochs      : 300
  patience        : 30
  seed            : 42
  deterministic   : False
  trial_num       : 19
[2026-04-27 01:07:16] Loading train/val/selection splits...
[2026-04-27 01:08:15] Splits loaded in 59.4s: n_train=722, n_val=120, n_selection=405
[2026-04-27 01:08:16] --- Architecture summary ---
  channels per enc layer : [63, 102, 167, 271, 441]
  final spatial size     : 8x8
  flat size before latent: 28224
  bottleneck_dim         : 16
  total parameters       : 14,461,100
[2026-04-27 01:08:16] Starting training: n_train=722, n_val=120, device=cuda:0
[2026-04-27 01:09:46] epoch    1/300 | train=0.034944 | val=0.027904 | best=0.027904@1 | patience=0/30 | time=89.83s *
[2026-04-27 01:09:55] epoch    2/300 | train=0.020465 | val=0.016819 | best=0.016819@2 | patience=0/30 | time=8.79s *
[2026-04-27 01:10:04] epoch    3/300 | train=0.015982 | val=0.016301 | best=0.016301@3 | patience=0/30 | time=8.90s *
[2026-04-27 01:10:13] epoch    4/300 | train=0.013896 | val=0.013135 | best=0.013135@4 | patience=0/30 | time=8.65s *
[2026-04-27 01:10:23] epoch    5/300 | train=0.012515 | val=0.012621 | best=0.012621@5 | patience=0/30 | time=9.01s *
[2026-04-27 01:10:32] epoch    6/300 | train=0.012036 | val=0.012101 | best=0.012101@6 | patience=0/30 | time=8.64s *
[2026-04-27 01:10:41] epoch    7/300 | train=0.011445 | val=0.014819 | best=0.012101@6 | patience=1/30 | time=8.91s
[2026-04-27 01:10:49] epoch    8/300 | train=0.011953 | val=0.015080 | best=0.012101@6 | patience=2/30 | time=8.63s
[2026-04-27 01:10:59] epoch    9/300 | train=0.011169 | val=0.011253 | best=0.011253@9 | patience=0/30 | time=8.78s *
[2026-04-27 01:11:07] epoch   10/300 | train=0.010675 | val=0.011476 | best=0.011253@9 | patience=1/30 | time=8.69s
[2026-04-27 01:11:16] epoch   11/300 | train=0.010582 | val=0.016617 | best=0.011253@9 | patience=2/30 | time=8.87s
[2026-04-27 01:11:25] epoch   12/300 | train=0.010369 | val=0.011809 | best=0.011253@9 | patience=3/30 | time=8.61s
[2026-04-27 01:11:34] epoch   13/300 | train=0.010186 | val=0.011438 | best=0.011253@9 | patience=4/30 | time=8.78s
[2026-04-27 01:11:43] epoch   14/300 | train=0.010422 | val=0.011564 | best=0.011253@9 | patience=5/30 | time=8.69s
[2026-04-27 01:11:52] epoch   15/300 | train=0.010802 | val=0.010317 | best=0.010317@15 | patience=0/30 | time=8.86s *
[2026-04-27 01:12:01] epoch   16/300 | train=0.010268 | val=0.010661 | best=0.010317@15 | patience=1/30 | time=8.60s
[2026-04-27 01:12:10] epoch   17/300 | train=0.009685 | val=0.013448 | best=0.010317@15 | patience=2/30 | time=8.78s
[2026-04-27 01:12:19] epoch   18/300 | train=0.010307 | val=0.012202 | best=0.010317@15 | patience=3/30 | time=8.69s
[2026-04-27 01:12:27] epoch   19/300 | train=0.009516 | val=0.010881 | best=0.010317@15 | patience=4/30 | time=8.59s
[2026-04-27 01:12:37] epoch   20/300 | train=0.009197 | val=0.009321 | best=0.009321@20 | patience=0/30 | time=8.65s *
[2026-04-27 01:12:46] epoch   21/300 | train=0.009628 | val=0.010232 | best=0.009321@20 | patience=1/30 | time=8.78s
[2026-04-27 01:12:55] epoch   22/300 | train=0.008786 | val=0.008703 | best=0.008703@22 | patience=0/30 | time=8.69s *
[2026-04-27 01:13:03] epoch   23/300 | train=0.009293 | val=0.012392 | best=0.008703@22 | patience=1/30 | time=8.58s
[2026-04-27 01:13:13] epoch   24/300 | train=0.009015 | val=0.008554 | best=0.008554@24 | patience=0/30 | time=8.88s *
[2026-04-27 01:13:21] epoch   25/300 | train=0.008413 | val=0.008656 | best=0.008554@24 | patience=1/30 | time=8.79s
[2026-04-27 01:13:30] epoch   26/300 | train=0.008435 | val=0.009905 | best=0.008554@24 | patience=2/30 | time=8.70s
[2026-04-27 01:13:39] epoch   27/300 | train=0.008515 | val=0.009404 | best=0.008554@24 | patience=3/30 | time=8.59s
[2026-04-27 01:13:48] epoch   28/300 | train=0.008253 | val=0.011061 | best=0.008554@24 | patience=4/30 | time=8.87s
[2026-04-27 01:13:57] epoch   29/300 | train=0.008340 | val=0.010181 | best=0.008554@24 | patience=5/30 | time=8.80s
[2026-04-27 01:14:06] epoch   30/300 | train=0.008277 | val=0.009283 | best=0.008554@24 | patience=6/30 | time=8.68s
[2026-04-27 01:14:15] epoch   31/300 | train=0.007875 | val=0.007539 | best=0.007539@31 | patience=0/30 | time=8.64s *
[2026-04-27 01:14:24] epoch   32/300 | train=0.007882 | val=0.009765 | best=0.007539@31 | patience=1/30 | time=8.86s
[2026-04-27 01:14:32] epoch   33/300 | train=0.007612 | val=0.009017 | best=0.007539@31 | patience=2/30 | time=8.56s
[2026-04-27 01:14:42] epoch   34/300 | train=0.007620 | val=0.007004 | best=0.007004@34 | patience=0/30 | time=8.90s *
[2026-04-27 01:14:51] epoch   35/300 | train=0.007311 | val=0.006935 | best=0.006935@35 | patience=0/30 | time=8.62s *
[2026-04-27 01:15:00] epoch   36/300 | train=0.007360 | val=0.009184 | best=0.006935@35 | patience=1/30 | time=8.86s
[2026-04-27 01:15:08] epoch   37/300 | train=0.007219 | val=0.007733 | best=0.006935@35 | patience=2/30 | time=8.57s
[2026-04-27 01:15:18] epoch   38/300 | train=0.007162 | val=0.006938 | best=0.006935@35 | patience=3/30 | time=8.72s
[2026-04-27 01:15:27] epoch   39/300 | train=0.007279 | val=0.008873 | best=0.006935@35 | patience=4/30 | time=8.63s
[2026-04-27 01:15:36] epoch   40/300 | train=0.006847 | val=0.007074 | best=0.006935@35 | patience=5/30 | time=8.88s
[2026-04-27 01:15:45] epoch   41/300 | train=0.006775 | val=0.009596 | best=0.006935@35 | patience=6/30 | time=8.57s
[2026-04-27 01:15:54] epoch   42/300 | train=0.007416 | val=0.006917 | best=0.006917@42 | patience=0/30 | time=8.89s *
[2026-04-27 01:16:03] epoch   43/300 | train=0.006664 | val=0.006096 | best=0.006096@43 | patience=0/30 | time=8.63s *
[2026-04-27 01:16:12] epoch   44/300 | train=0.006326 | val=0.007124 | best=0.006096@43 | patience=1/30 | time=9.00s
[2026-04-27 01:16:21] epoch   45/300 | train=0.006055 | val=0.006696 | best=0.006096@43 | patience=2/30 | time=8.61s
[2026-04-27 01:16:30] epoch   46/300 | train=0.006818 | val=0.007240 | best=0.006096@43 | patience=3/30 | time=9.05s
[2026-04-27 01:16:39] epoch   47/300 | train=0.006136 | val=0.005887 | best=0.005887@47 | patience=0/30 | time=8.66s *
[2026-04-27 01:16:48] epoch   48/300 | train=0.005888 | val=0.006103 | best=0.005887@47 | patience=1/30 | time=8.83s
[2026-04-27 01:16:57] epoch   49/300 | train=0.005735 | val=0.005622 | best=0.005622@49 | patience=0/30 | time=8.61s *
[2026-04-27 01:17:06] epoch   50/300 | train=0.005448 | val=0.005611 | best=0.005611@50 | patience=0/30 | time=8.93s *
[2026-04-27 01:17:15] epoch   51/300 | train=0.005218 | val=0.005323 | best=0.005323@51 | patience=0/30 | time=8.61s *
[2026-04-27 01:17:24] epoch   52/300 | train=0.005301 | val=0.005523 | best=0.005323@51 | patience=1/30 | time=8.82s
[2026-04-27 01:17:33] epoch   53/300 | train=0.005203 | val=0.005061 | best=0.005061@53 | patience=0/30 | time=8.61s *
[2026-04-27 01:17:42] epoch   54/300 | train=0.004958 | val=0.005328 | best=0.005061@53 | patience=1/30 | time=8.90s
[2026-04-27 01:17:51] epoch   55/300 | train=0.005018 | val=0.004907 | best=0.004907@55 | patience=0/30 | time=8.62s *
[2026-04-27 01:18:01] epoch   56/300 | train=0.004757 | val=0.004801 | best=0.004801@56 | patience=0/30 | time=8.82s *
[2026-04-27 01:18:09] epoch   57/300 | train=0.004597 | val=0.005675 | best=0.004801@56 | patience=1/30 | time=8.60s
[2026-04-27 01:18:19] epoch   58/300 | train=0.004552 | val=0.004626 | best=0.004626@58 | patience=0/30 | time=8.92s *
[2026-04-27 01:18:28] epoch   59/300 | train=0.004492 | val=0.004455 | best=0.004455@59 | patience=0/30 | time=8.61s *
[2026-04-27 01:18:37] epoch   60/300 | train=0.004562 | val=0.004510 | best=0.004455@59 | patience=1/30 | time=8.82s
[2026-04-27 01:18:45] epoch   61/300 | train=0.004526 | val=0.004639 | best=0.004455@59 | patience=2/30 | time=8.59s
[2026-04-27 01:18:55] epoch   62/300 | train=0.004570 | val=0.004186 | best=0.004186@62 | patience=0/30 | time=8.93s *
[2026-04-27 01:19:03] epoch   63/300 | train=0.004310 | val=0.004561 | best=0.004186@62 | patience=1/30 | time=8.61s
[2026-04-27 01:19:12] epoch   64/300 | train=0.004372 | val=0.004523 | best=0.004186@62 | patience=2/30 | time=8.82s
[2026-04-27 01:19:21] epoch   65/300 | train=0.004283 | val=0.004001 | best=0.004001@65 | patience=0/30 | time=8.59s *
[2026-04-27 01:19:30] epoch   66/300 | train=0.004261 | val=0.004063 | best=0.004001@65 | patience=1/30 | time=8.89s
[2026-04-27 01:19:39] epoch   67/300 | train=0.004148 | val=0.004887 | best=0.004001@65 | patience=2/30 | time=8.61s
[2026-04-27 01:19:48] epoch   68/300 | train=0.004096 | val=0.004103 | best=0.004001@65 | patience=3/30 | time=8.82s
[2026-04-27 01:19:57] epoch   69/300 | train=0.004195 | val=0.004219 | best=0.004001@65 | patience=4/30 | time=8.60s
[2026-04-27 01:20:07] epoch   70/300 | train=0.004009 | val=0.004284 | best=0.004001@65 | patience=5/30 | time=8.90s
[2026-04-27 01:20:15] epoch   71/300 | train=0.004113 | val=0.004304 | best=0.004001@65 | patience=6/30 | time=8.60s
[2026-04-27 01:20:25] epoch   72/300 | train=0.003938 | val=0.003693 | best=0.003693@72 | patience=0/30 | time=8.87s *
[2026-04-27 01:20:33] epoch   73/300 | train=0.004080 | val=0.004303 | best=0.003693@72 | patience=1/30 | time=8.61s
[2026-04-27 01:20:42] epoch   74/300 | train=0.003878 | val=0.004134 | best=0.003693@72 | patience=2/30 | time=8.92s
[2026-04-27 01:20:51] epoch   75/300 | train=0.003954 | val=0.004163 | best=0.003693@72 | patience=3/30 | time=8.59s
[2026-04-27 01:21:00] epoch   76/300 | train=0.004096 | val=0.005539 | best=0.003693@72 | patience=4/30 | time=8.86s
[2026-04-27 01:21:09] epoch   77/300 | train=0.003978 | val=0.004143 | best=0.003693@72 | patience=5/30 | time=8.61s
[2026-04-27 01:21:18] epoch   78/300 | train=0.003997 | val=0.003802 | best=0.003693@72 | patience=6/30 | time=8.79s
[2026-04-27 01:21:27] epoch   79/300 | train=0.004180 | val=0.003823 | best=0.003693@72 | patience=7/30 | time=8.71s
[2026-04-27 01:21:36] epoch   80/300 | train=0.003820 | val=0.004147 | best=0.003693@72 | patience=8/30 | time=8.87s
[2026-04-27 01:21:44] epoch   81/300 | train=0.003812 | val=0.004107 | best=0.003693@72 | patience=9/30 | time=8.61s
[2026-04-27 01:21:53] epoch   82/300 | train=0.003709 | val=0.003976 | best=0.003693@72 | patience=10/30 | time=8.79s
[2026-04-27 01:22:02] epoch   83/300 | train=0.003744 | val=0.003786 | best=0.003693@72 | patience=11/30 | time=8.76s
[2026-04-27 01:22:11] epoch   84/300 | train=0.003620 | val=0.003515 | best=0.003515@84 | patience=0/30 | time=8.90s *
[2026-04-27 01:22:20] epoch   85/300 | train=0.003725 | val=0.003738 | best=0.003515@84 | patience=1/30 | time=8.65s
[2026-04-27 01:22:29] epoch   86/300 | train=0.003530 | val=0.003444 | best=0.003444@86 | patience=0/30 | time=8.83s *
[2026-04-27 01:22:38] epoch   87/300 | train=0.003619 | val=0.003904 | best=0.003444@86 | patience=1/30 | time=8.73s
[2026-04-27 01:22:47] epoch   88/300 | train=0.003681 | val=0.003404 | best=0.003404@88 | patience=0/30 | time=8.63s *
[2026-04-27 01:22:56] epoch   89/300 | train=0.003570 | val=0.004306 | best=0.003404@88 | patience=1/30 | time=8.89s
[2026-04-27 01:23:05] epoch   90/300 | train=0.003666 | val=0.004146 | best=0.003404@88 | patience=2/30 | time=8.85s
[2026-04-27 01:23:14] epoch   91/300 | train=0.003639 | val=0.003458 | best=0.003404@88 | patience=3/30 | time=8.77s
[2026-04-27 01:23:23] epoch   92/300 | train=0.003486 | val=0.003422 | best=0.003404@88 | patience=4/30 | time=8.66s
[2026-04-27 01:23:32] epoch   93/300 | train=0.004494 | val=0.004710 | best=0.003404@88 | patience=5/30 | time=8.92s
[2026-04-27 01:23:41] epoch   94/300 | train=0.003949 | val=0.003712 | best=0.003404@88 | patience=6/30 | time=8.85s
[2026-04-27 01:23:50] epoch   95/300 | train=0.003655 | val=0.005139 | best=0.003404@88 | patience=7/30 | time=8.74s
[2026-04-27 01:23:59] epoch   96/300 | train=0.004208 | val=0.003838 | best=0.003404@88 | patience=8/30 | time=8.67s
[2026-04-27 01:24:08] epoch   97/300 | train=0.003753 | val=0.004078 | best=0.003404@88 | patience=9/30 | time=8.91s
[2026-04-27 01:24:17] epoch   98/300 | train=0.003471 | val=0.004315 | best=0.003404@88 | patience=10/30 | time=8.60s
[2026-04-27 01:24:26] epoch   99/300 | train=0.003508 | val=0.003667 | best=0.003404@88 | patience=11/30 | time=8.71s
[2026-04-27 01:24:35] epoch  100/300 | train=0.003411 | val=0.003236 | best=0.003236@100 | patience=0/30 | time=8.68s *
[2026-04-27 01:24:44] epoch  101/300 | train=0.003413 | val=0.003622 | best=0.003236@100 | patience=1/30 | time=8.94s
[2026-04-27 01:24:52] epoch  102/300 | train=0.003522 | val=0.003804 | best=0.003236@100 | patience=2/30 | time=8.61s
[2026-04-27 01:25:02] epoch  103/300 | train=0.003407 | val=0.003216 | best=0.003216@103 | patience=0/30 | time=8.95s *
[2026-04-27 01:25:11] epoch  104/300 | train=0.003251 | val=0.003598 | best=0.003216@103 | patience=1/30 | time=8.67s
[2026-04-27 01:25:11]   pruned at epoch 104
[2026-04-27 01:25:11] Training done: stop_reason=pruned, total_epochs=104, best_epoch=103, best_val=0.003216
[2026-04-27 01:25:11] Reloading best checkpoint (epoch 103) for evaluation
[2026-04-27 01:25:22] ------------------------------------------------------------
[2026-04-27 01:25:22] Evaluation:
[2026-04-27 01:25:22]   AUC broken_lcfs         : 0.5216
[2026-04-27 01:25:22]   AUC bad_black_core      : 0.9999
[2026-04-27 01:25:22]   AUC bad_nonconverged    : 1.0000
[2026-04-27 01:25:22]   objective      : 0.8086
[2026-04-27 01:25:22]   floor_ok       : True
[2026-04-27 01:25:22]   threshold      : 0.1252
[2026-04-27 01:25:22]   mu / sigma     : 0.00320093 / 0.000825665
[2026-04-27 01:25:22] Train time=1015.0s, eval time=11.3s
