[2026-04-27 07:59:32] ============================================================
[2026-04-27 07:59:32] Trial 129 starting on cuda:0
[2026-04-27 07:59:32] Timestamp: 2026-04-27T07:59:32.980551
[2026-04-27 07:59:32] --- Config summary ---
  bottleneck_dim  : 232
  n_enc_layers    : 5
  n_dec_layers    : 5
  base_channels   : 43
  growth_factor   : 1.6710626194079259
  use_batchnorm   : True
  use_hpf         : True
  hpf_sigma       : 1.0350440943057846
  lr              : 0.00013895250235004393
  batch_size      : 24
  max_epochs      : 300
  patience        : 30
  seed            : 42
  deterministic   : False
  trial_num       : 129
[2026-04-27 07:59:32] Loading train/val/selection splits...
[2026-04-27 08:00:31] Splits loaded in 58.8s: n_train=722, n_val=120, n_selection=405
[2026-04-27 08:00:32] --- Architecture summary ---
  channels per enc layer : [43, 72, 120, 201, 335]
  final spatial size     : 8x8
  flat size before latent: 21440
  bottleneck_dim         : 232
  total parameters       : 19,117,728
[2026-04-27 08:00:32] Starting training: n_train=722, n_val=120, device=cuda:0
[2026-04-27 08:01:33] epoch    1/300 | train=0.004219 | val=0.003488 | best=0.003488@1 | patience=0/30 | time=60.32s *
[2026-04-27 08:01:40] epoch    2/300 | train=0.002326 | val=0.002753 | best=0.002753@2 | patience=0/30 | time=6.06s *
[2026-04-27 08:01:47] epoch    3/300 | train=0.001942 | val=0.001902 | best=0.001902@3 | patience=0/30 | time=6.54s *
[2026-04-27 08:01:53] epoch    4/300 | train=0.001709 | val=0.001682 | best=0.001682@4 | patience=0/30 | time=6.02s *
[2026-04-27 08:02:00] epoch    5/300 | train=0.001559 | val=0.001499 | best=0.001499@5 | patience=0/30 | time=6.27s *
[2026-04-27 08:02:06] epoch    6/300 | train=0.001444 | val=0.001525 | best=0.001499@5 | patience=1/30 | time=6.05s
[2026-04-27 08:02:13] epoch    7/300 | train=0.001419 | val=0.001417 | best=0.001417@7 | patience=0/30 | time=6.31s *
[2026-04-27 08:02:19] epoch    8/300 | train=0.001413 | val=0.001476 | best=0.001417@7 | patience=1/30 | time=6.21s
[2026-04-27 08:02:26] epoch    9/300 | train=0.001396 | val=0.001349 | best=0.001349@9 | patience=0/30 | time=6.24s *
[2026-04-27 08:02:32] epoch   10/300 | train=0.001337 | val=0.001352 | best=0.001349@9 | patience=1/30 | time=6.08s
[2026-04-27 08:02:39] epoch   11/300 | train=0.001336 | val=0.001336 | best=0.001336@11 | patience=0/30 | time=6.09s *
[2026-04-27 08:02:46] epoch   12/300 | train=0.001312 | val=0.001320 | best=0.001320@12 | patience=0/30 | time=6.29s *
[2026-04-27 08:02:52] epoch   13/300 | train=0.001304 | val=0.001293 | best=0.001293@13 | patience=0/30 | time=6.23s *
[2026-04-27 08:02:59] epoch   14/300 | train=0.001294 | val=0.001291 | best=0.001291@14 | patience=0/30 | time=6.21s *
[2026-04-27 08:03:06] epoch   15/300 | train=0.001286 | val=0.001282 | best=0.001282@15 | patience=0/30 | time=6.06s *
[2026-04-27 08:03:12] epoch   16/300 | train=0.001296 | val=0.001265 | best=0.001265@16 | patience=0/30 | time=6.32s *
[2026-04-27 08:03:19] epoch   17/300 | train=0.001253 | val=0.001277 | best=0.001265@16 | patience=1/30 | time=6.21s
[2026-04-27 08:03:26] epoch   18/300 | train=0.001267 | val=0.001263 | best=0.001263@18 | patience=0/30 | time=6.24s *
[2026-04-27 08:03:32] epoch   19/300 | train=0.001243 | val=0.001245 | best=0.001245@19 | patience=0/30 | time=6.09s *
[2026-04-27 08:03:38] epoch   20/300 | train=0.001223 | val=0.001341 | best=0.001245@19 | patience=1/30 | time=6.09s
[2026-04-27 08:03:45] epoch   21/300 | train=0.001290 | val=0.001249 | best=0.001245@19 | patience=2/30 | time=6.31s
[2026-04-27 08:03:51] epoch   22/300 | train=0.001221 | val=0.001221 | best=0.001221@22 | patience=0/30 | time=6.23s *
[2026-04-27 08:03:58] epoch   23/300 | train=0.001204 | val=0.001247 | best=0.001221@22 | patience=1/30 | time=6.22s
[2026-04-27 08:04:04] epoch   24/300 | train=0.001206 | val=0.001228 | best=0.001221@22 | patience=2/30 | time=6.14s
[2026-04-27 08:04:11] epoch   25/300 | train=0.001204 | val=0.001212 | best=0.001212@25 | patience=0/30 | time=6.05s *
[2026-04-27 08:04:18] epoch   26/300 | train=0.001188 | val=0.001209 | best=0.001209@26 | patience=0/30 | time=6.50s *
[2026-04-27 08:04:24] epoch   27/300 | train=0.001188 | val=0.001184 | best=0.001184@27 | patience=0/30 | time=6.04s *
[2026-04-27 08:04:31] epoch   28/300 | train=0.001158 | val=0.001167 | best=0.001167@28 | patience=0/30 | time=6.28s *
[2026-04-27 08:04:37] epoch   29/300 | train=0.001151 | val=0.001150 | best=0.001150@29 | patience=0/30 | time=6.06s *
[2026-04-27 08:04:44] epoch   30/300 | train=0.001136 | val=0.001138 | best=0.001138@30 | patience=0/30 | time=6.30s *
[2026-04-27 08:04:51] epoch   31/300 | train=0.001124 | val=0.001137 | best=0.001138@30 | patience=1/30 | time=6.23s
[2026-04-27 08:04:57] epoch   32/300 | train=0.001122 | val=0.001135 | best=0.001135@32 | patience=0/30 | time=6.22s *
[2026-04-27 08:05:04] epoch   33/300 | train=0.001110 | val=0.001116 | best=0.001116@33 | patience=0/30 | time=6.13s *
[2026-04-27 08:05:10] epoch   34/300 | train=0.001099 | val=0.001153 | best=0.001116@33 | patience=1/30 | time=6.07s
[2026-04-27 08:05:18] epoch   35/300 | train=0.001106 | val=0.001103 | best=0.001103@35 | patience=0/30 | time=6.53s *
[2026-04-27 08:05:24] epoch   36/300 | train=0.001080 | val=0.001101 | best=0.001101@36 | patience=0/30 | time=6.03s *
[2026-04-27 08:05:31] epoch   37/300 | train=0.001065 | val=0.001067 | best=0.001067@37 | patience=0/30 | time=6.10s *
[2026-04-27 08:05:37] epoch   38/300 | train=0.001048 | val=0.001280 | best=0.001067@37 | patience=1/30 | time=6.11s
[2026-04-27 08:05:44] epoch   39/300 | train=0.001088 | val=0.001079 | best=0.001067@37 | patience=2/30 | time=6.39s
[2026-04-27 08:05:51] epoch   40/300 | train=0.001041 | val=0.001050 | best=0.001050@40 | patience=0/30 | time=6.29s *
[2026-04-27 08:05:57] epoch   41/300 | train=0.001026 | val=0.001081 | best=0.001050@40 | patience=1/30 | time=6.27s
[2026-04-27 08:06:03] epoch   42/300 | train=0.001028 | val=0.001093 | best=0.001050@40 | patience=2/30 | time=6.14s
[2026-04-27 08:06:09] epoch   43/300 | train=0.001035 | val=0.001069 | best=0.001050@40 | patience=3/30 | time=6.06s
[2026-04-27 08:06:16] epoch   44/300 | train=0.001020 | val=0.001049 | best=0.001049@44 | patience=0/30 | time=6.49s *
[2026-04-27 08:06:23] epoch   45/300 | train=0.001003 | val=0.001073 | best=0.001049@44 | patience=1/30 | time=6.04s
[2026-04-27 08:06:29] epoch   46/300 | train=0.001021 | val=0.001039 | best=0.001039@46 | patience=0/30 | time=6.33s *
[2026-04-27 08:06:36] epoch   47/300 | train=0.000993 | val=0.001066 | best=0.001039@46 | patience=1/30 | time=6.06s
[2026-04-27 08:06:42] epoch   48/300 | train=0.001000 | val=0.001022 | best=0.001022@48 | patience=0/30 | time=6.38s *
[2026-04-27 08:06:49] epoch   49/300 | train=0.000984 | val=0.001012 | best=0.001012@49 | patience=0/30 | time=6.23s *
[2026-04-27 08:06:56] epoch   50/300 | train=0.000968 | val=0.000991 | best=0.000991@50 | patience=0/30 | time=6.25s *
[2026-04-27 08:07:02] epoch   51/300 | train=0.000957 | val=0.000999 | best=0.000991@50 | patience=1/30 | time=6.10s
[2026-04-27 08:07:09] epoch   52/300 | train=0.000960 | val=0.000988 | best=0.000988@52 | patience=0/30 | time=6.09s *
[2026-04-27 08:07:15] epoch   53/300 | train=0.000946 | val=0.000988 | best=0.000988@52 | patience=1/30 | time=6.58s
[2026-04-27 08:07:21] epoch   54/300 | train=0.000947 | val=0.001022 | best=0.000988@52 | patience=2/30 | time=6.05s
[2026-04-27 08:07:28] epoch   55/300 | train=0.000951 | val=0.001008 | best=0.000988@52 | patience=3/30 | time=6.21s
[2026-04-27 08:07:34] epoch   56/300 | train=0.000944 | val=0.000977 | best=0.000977@56 | patience=0/30 | time=6.14s *
[2026-04-27 08:07:40] epoch   57/300 | train=0.000919 | val=0.001154 | best=0.000977@56 | patience=1/30 | time=6.07s
[2026-04-27 08:07:47] epoch   58/300 | train=0.000952 | val=0.000982 | best=0.000977@56 | patience=2/30 | time=6.57s
[2026-04-27 08:07:53] epoch   59/300 | train=0.000927 | val=0.001000 | best=0.000977@56 | patience=3/30 | time=6.04s
[2026-04-27 08:08:00] epoch   60/300 | train=0.000918 | val=0.000970 | best=0.000970@60 | patience=0/30 | time=6.27s *
[2026-04-27 08:08:07] epoch   61/300 | train=0.000917 | val=0.000968 | best=0.000968@61 | patience=0/30 | time=6.07s *
[2026-04-27 08:08:13] epoch   62/300 | train=0.000903 | val=0.000956 | best=0.000956@62 | patience=0/30 | time=6.38s *
[2026-04-27 08:08:20] epoch   63/300 | train=0.000901 | val=0.000981 | best=0.000956@62 | patience=1/30 | time=6.25s
[2026-04-27 08:08:26] epoch   64/300 | train=0.000897 | val=0.000956 | best=0.000956@62 | patience=2/30 | time=6.20s
[2026-04-27 08:08:32] epoch   65/300 | train=0.000902 | val=0.000963 | best=0.000956@62 | patience=3/30 | time=6.11s
[2026-04-27 08:08:39] epoch   66/300 | train=0.000882 | val=0.000942 | best=0.000942@66 | patience=0/30 | time=6.10s *
[2026-04-27 08:08:45] epoch   67/300 | train=0.000874 | val=0.000941 | best=0.000942@66 | patience=1/30 | time=6.56s
[2026-04-27 08:08:52] epoch   68/300 | train=0.000873 | val=0.000938 | best=0.000938@68 | patience=0/30 | time=6.04s *
[2026-04-27 08:08:59] epoch   69/300 | train=0.000867 | val=0.000934 | best=0.000934@69 | patience=0/30 | time=6.28s *
[2026-04-27 08:09:05] epoch   70/300 | train=0.000858 | val=0.000953 | best=0.000934@69 | patience=1/30 | time=6.06s
[2026-04-27 08:09:11] epoch   71/300 | train=0.000867 | val=0.000957 | best=0.000934@69 | patience=2/30 | time=6.32s
[2026-04-27 08:09:18] epoch   72/300 | train=0.000863 | val=0.001024 | best=0.000934@69 | patience=3/30 | time=6.22s
[2026-04-27 08:09:24] epoch   73/300 | train=0.000874 | val=0.000941 | best=0.000934@69 | patience=4/30 | time=6.04s
[2026-04-27 08:09:30] epoch   74/300 | train=0.000843 | val=0.000943 | best=0.000934@69 | patience=5/30 | time=6.28s
[2026-04-27 08:09:36] epoch   75/300 | train=0.000839 | val=0.000942 | best=0.000934@69 | patience=6/30 | time=6.06s
[2026-04-27 08:09:43] epoch   76/300 | train=0.000845 | val=0.000935 | best=0.000934@69 | patience=7/30 | time=6.33s
[2026-04-27 08:09:49] epoch   77/300 | train=0.000833 | val=0.000933 | best=0.000933@77 | patience=0/30 | time=6.23s *
[2026-04-27 08:09:56] epoch   78/300 | train=0.000847 | val=0.000932 | best=0.000933@77 | patience=1/30 | time=6.22s
[2026-04-27 08:10:02] epoch   79/300 | train=0.000851 | val=0.000954 | best=0.000933@77 | patience=2/30 | time=6.09s
[2026-04-27 08:10:08] epoch   80/300 | train=0.000830 | val=0.000928 | best=0.000928@80 | patience=0/30 | time=6.09s *
[2026-04-27 08:10:15] epoch   81/300 | train=0.000829 | val=0.000922 | best=0.000922@81 | patience=0/30 | time=6.30s *
[2026-04-27 08:10:22] epoch   82/300 | train=0.000826 | val=0.000953 | best=0.000922@81 | patience=1/30 | time=6.24s
[2026-04-27 08:10:28] epoch   83/300 | train=0.000815 | val=0.001252 | best=0.000922@81 | patience=2/30 | time=6.25s
[2026-04-27 08:10:34] epoch   84/300 | train=0.000910 | val=0.000937 | best=0.000922@81 | patience=3/30 | time=6.13s
[2026-04-27 08:10:40] epoch   85/300 | train=0.000855 | val=0.000928 | best=0.000922@81 | patience=4/30 | time=6.07s
[2026-04-27 08:10:47] epoch   86/300 | train=0.000824 | val=0.000912 | best=0.000912@86 | patience=0/30 | time=6.56s *
[2026-04-27 08:10:53] epoch   87/300 | train=0.000816 | val=0.000982 | best=0.000912@86 | patience=1/30 | time=6.04s
[2026-04-27 08:11:00] epoch   88/300 | train=0.000833 | val=0.000926 | best=0.000912@86 | patience=2/30 | time=6.27s
[2026-04-27 08:11:06] epoch   89/300 | train=0.000808 | val=0.000909 | best=0.000909@89 | patience=0/30 | time=6.06s *
[2026-04-27 08:11:13] epoch   90/300 | train=0.000800 | val=0.000917 | best=0.000909@89 | patience=1/30 | time=6.32s
[2026-04-27 08:11:19] epoch   91/300 | train=0.000799 | val=0.000891 | best=0.000891@91 | patience=0/30 | time=6.24s *
[2026-04-27 08:11:26] epoch   92/300 | train=0.000786 | val=0.000933 | best=0.000891@91 | patience=1/30 | time=6.26s
[2026-04-27 08:11:32] epoch   93/300 | train=0.000795 | val=0.000908 | best=0.000891@91 | patience=2/30 | time=6.11s
[2026-04-27 08:11:38] epoch   94/300 | train=0.000793 | val=0.000912 | best=0.000891@91 | patience=3/30 | time=6.08s
[2026-04-27 08:11:45] epoch   95/300 | train=0.000789 | val=0.000901 | best=0.000891@91 | patience=4/30 | time=6.37s
[2026-04-27 08:11:51] epoch   96/300 | train=0.000778 | val=0.000895 | best=0.000891@91 | patience=5/30 | time=6.25s
[2026-04-27 08:11:57] epoch   97/300 | train=0.000778 | val=0.000930 | best=0.000891@91 | patience=6/30 | time=6.25s
[2026-04-27 08:12:04] epoch   98/300 | train=0.000782 | val=0.000897 | best=0.000891@91 | patience=7/30 | time=6.11s
[2026-04-27 08:12:10] epoch   99/300 | train=0.000767 | val=0.000888 | best=0.000888@99 | patience=0/30 | time=6.06s *
[2026-04-27 08:12:17] epoch  100/300 | train=0.000762 | val=0.000896 | best=0.000888@99 | patience=1/30 | time=6.54s
[2026-04-27 08:12:23] epoch  101/300 | train=0.000766 | val=0.000933 | best=0.000888@99 | patience=2/30 | time=6.04s
[2026-04-27 08:12:29] epoch  102/300 | train=0.000785 | val=0.000908 | best=0.000888@99 | patience=3/30 | time=6.20s
[2026-04-27 08:12:35] epoch  103/300 | train=0.000756 | val=0.000893 | best=0.000888@99 | patience=4/30 | time=6.14s
[2026-04-27 08:12:42] epoch  104/300 | train=0.000758 | val=0.000897 | best=0.000888@99 | patience=5/30 | time=6.06s
[2026-04-27 08:12:48] epoch  105/300 | train=0.000759 | val=0.000920 | best=0.000888@99 | patience=6/30 | time=6.49s
[2026-04-27 08:12:54] epoch  106/300 | train=0.000755 | val=0.000912 | best=0.000888@99 | patience=7/30 | time=6.06s
[2026-04-27 08:13:01] epoch  107/300 | train=0.000753 | val=0.000904 | best=0.000888@99 | patience=8/30 | time=6.29s
[2026-04-27 08:13:07] epoch  108/300 | train=0.000750 | val=0.000897 | best=0.000888@99 | patience=9/30 | time=6.06s
[2026-04-27 08:13:14] epoch  109/300 | train=0.000756 | val=0.000886 | best=0.000886@109 | patience=0/30 | time=6.38s *
[2026-04-27 08:13:20] epoch  110/300 | train=0.000741 | val=0.000893 | best=0.000886@109 | patience=1/30 | time=6.21s
[2026-04-27 08:13:26] epoch  111/300 | train=0.000736 | val=0.000892 | best=0.000886@109 | patience=2/30 | time=6.21s
[2026-04-27 08:13:33] epoch  112/300 | train=0.000735 | val=0.000897 | best=0.000886@109 | patience=3/30 | time=6.09s
[2026-04-27 08:13:39] epoch  113/300 | train=0.000730 | val=0.000888 | best=0.000886@109 | patience=4/30 | time=6.08s
[2026-04-27 08:13:45] epoch  114/300 | train=0.000713 | val=0.000891 | best=0.000886@109 | patience=5/30 | time=6.35s
[2026-04-27 08:13:52] epoch  115/300 | train=0.000712 | val=0.000927 | best=0.000886@109 | patience=6/30 | time=6.23s
[2026-04-27 08:13:58] epoch  116/300 | train=0.000728 | val=0.000880 | best=0.000880@116 | patience=0/30 | time=6.20s *
[2026-04-27 08:14:05] epoch  117/300 | train=0.000704 | val=0.000874 | best=0.000874@117 | patience=0/30 | time=6.14s *
[2026-04-27 08:14:11] epoch  118/300 | train=0.000700 | val=0.000892 | best=0.000874@117 | patience=1/30 | time=6.06s
[2026-04-27 08:14:18] epoch  119/300 | train=0.000701 | val=0.000891 | best=0.000874@117 | patience=2/30 | time=6.54s
[2026-04-27 08:14:24] epoch  120/300 | train=0.000704 | val=0.000884 | best=0.000874@117 | patience=3/30 | time=6.03s
[2026-04-27 08:14:31] epoch  121/300 | train=0.000693 | val=0.000894 | best=0.000874@117 | patience=4/30 | time=6.27s
[2026-04-27 08:14:37] epoch  122/300 | train=0.000690 | val=0.000906 | best=0.000874@117 | patience=5/30 | time=6.06s
[2026-04-27 08:14:43] epoch  123/300 | train=0.000716 | val=0.000885 | best=0.000874@117 | patience=6/30 | time=6.32s
[2026-04-27 08:14:50] epoch  124/300 | train=0.000686 | val=0.000890 | best=0.000874@117 | patience=7/30 | time=6.26s
[2026-04-27 08:14:56] epoch  125/300 | train=0.000683 | val=0.000878 | best=0.000874@117 | patience=8/30 | time=6.03s
[2026-04-27 08:15:03] epoch  126/300 | train=0.000672 | val=0.000873 | best=0.000873@126 | patience=0/30 | time=6.09s *
[2026-04-27 08:15:09] epoch  127/300 | train=0.000667 | val=0.000877 | best=0.000873@126 | patience=1/30 | time=6.06s
[2026-04-27 08:15:15] epoch  128/300 | train=0.000670 | val=0.001049 | best=0.000873@126 | patience=2/30 | time=6.36s
[2026-04-27 08:15:22] epoch  129/300 | train=0.000710 | val=0.000946 | best=0.000873@126 | patience=3/30 | time=6.25s
[2026-04-27 08:15:28] epoch  130/300 | train=0.000749 | val=0.000924 | best=0.000873@126 | patience=4/30 | time=6.20s
[2026-04-27 08:15:34] epoch  131/300 | train=0.000719 | val=0.000870 | best=0.000870@131 | patience=0/30 | time=6.10s *
[2026-04-27 08:15:41] epoch  132/300 | train=0.000678 | val=0.000877 | best=0.000870@131 | patience=1/30 | time=6.09s
[2026-04-27 08:15:47] epoch  133/300 | train=0.000669 | val=0.000871 | best=0.000870@131 | patience=2/30 | time=6.36s
[2026-04-27 08:15:53] epoch  134/300 | train=0.000663 | val=0.000878 | best=0.000870@131 | patience=3/30 | time=6.22s
[2026-04-27 08:16:00] epoch  135/300 | train=0.000655 | val=0.000894 | best=0.000870@131 | patience=4/30 | time=6.20s
[2026-04-27 08:16:06] epoch  136/300 | train=0.000669 | val=0.000879 | best=0.000870@131 | patience=5/30 | time=6.13s
[2026-04-27 08:16:12] epoch  137/300 | train=0.000664 | val=0.000875 | best=0.000870@131 | patience=6/30 | time=6.06s
[2026-04-27 08:16:19] epoch  138/300 | train=0.000642 | val=0.000857 | best=0.000857@138 | patience=0/30 | time=6.49s *
[2026-04-27 08:16:25] epoch  139/300 | train=0.000632 | val=0.000877 | best=0.000857@138 | patience=1/30 | time=6.03s
[2026-04-27 08:16:32] epoch  140/300 | train=0.000634 | val=0.000879 | best=0.000857@138 | patience=2/30 | time=6.28s
[2026-04-27 08:16:38] epoch  141/300 | train=0.000633 | val=0.000875 | best=0.000857@138 | patience=3/30 | time=6.06s
[2026-04-27 08:16:44] epoch  142/300 | train=0.000637 | val=0.000919 | best=0.000857@138 | patience=4/30 | time=6.33s
[2026-04-27 08:16:51] epoch  143/300 | train=0.000665 | val=0.000882 | best=0.000857@138 | patience=5/30 | time=6.22s
[2026-04-27 08:16:57] epoch  144/300 | train=0.000642 | val=0.000868 | best=0.000857@138 | patience=6/30 | time=6.21s
[2026-04-27 08:17:03] epoch  145/300 | train=0.000623 | val=0.000870 | best=0.000857@138 | patience=7/30 | time=6.10s
[2026-04-27 08:17:09] epoch  146/300 | train=0.000624 | val=0.000886 | best=0.000857@138 | patience=8/30 | time=6.09s
[2026-04-27 08:17:16] epoch  147/300 | train=0.000633 | val=0.000897 | best=0.000857@138 | patience=9/30 | time=6.30s
[2026-04-27 08:17:22] epoch  148/300 | train=0.000642 | val=0.000890 | best=0.000857@138 | patience=10/30 | time=6.22s
[2026-04-27 08:17:29] epoch  149/300 | train=0.000637 | val=0.000873 | best=0.000857@138 | patience=11/30 | time=6.20s
[2026-04-27 08:17:35] epoch  150/300 | train=0.000608 | val=0.000873 | best=0.000857@138 | patience=12/30 | time=6.13s
[2026-04-27 08:17:41] epoch  151/300 | train=0.000600 | val=0.000873 | best=0.000857@138 | patience=13/30 | time=6.06s
[2026-04-27 08:17:47] epoch  152/300 | train=0.000611 | val=0.000868 | best=0.000857@138 | patience=14/30 | time=6.29s
[2026-04-27 08:17:54] epoch  153/300 | train=0.000587 | val=0.000890 | best=0.000857@138 | patience=15/30 | time=6.24s
[2026-04-27 08:18:00] epoch  154/300 | train=0.000588 | val=0.000863 | best=0.000857@138 | patience=16/30 | time=6.21s
[2026-04-27 08:18:06] epoch  155/300 | train=0.000579 | val=0.000907 | best=0.000857@138 | patience=17/30 | time=6.14s
[2026-04-27 08:18:13] epoch  156/300 | train=0.000614 | val=0.000875 | best=0.000857@138 | patience=18/30 | time=6.07s
[2026-04-27 08:18:19] epoch  157/300 | train=0.000599 | val=0.000865 | best=0.000857@138 | patience=19/30 | time=6.51s
[2026-04-27 08:18:25] epoch  158/300 | train=0.000584 | val=0.000870 | best=0.000857@138 | patience=20/30 | time=6.04s
[2026-04-27 08:18:32] epoch  159/300 | train=0.000594 | val=0.000892 | best=0.000857@138 | patience=21/30 | time=6.28s
[2026-04-27 08:18:38] epoch  160/300 | train=0.000588 | val=0.000877 | best=0.000857@138 | patience=22/30 | time=6.07s
[2026-04-27 08:18:44] epoch  161/300 | train=0.000594 | val=0.000882 | best=0.000857@138 | patience=23/30 | time=6.34s
[2026-04-27 08:18:51] epoch  162/300 | train=0.000587 | val=0.000877 | best=0.000857@138 | patience=24/30 | time=6.26s
[2026-04-27 08:18:57] epoch  163/300 | train=0.000569 | val=0.000863 | best=0.000857@138 | patience=25/30 | time=6.21s
[2026-04-27 08:19:03] epoch  164/300 | train=0.000566 | val=0.000877 | best=0.000857@138 | patience=26/30 | time=6.11s
[2026-04-27 08:19:09] epoch  165/300 | train=0.000566 | val=0.000881 | best=0.000857@138 | patience=27/30 | time=6.07s
[2026-04-27 08:19:16] epoch  166/300 | train=0.000565 | val=0.000868 | best=0.000857@138 | patience=28/30 | time=6.30s
[2026-04-27 08:19:22] epoch  167/300 | train=0.000544 | val=0.000862 | best=0.000857@138 | patience=29/30 | time=6.23s
[2026-04-27 08:19:28] epoch  168/300 | train=0.000548 | val=0.000867 | best=0.000857@138 | patience=30/30 | time=6.26s
[2026-04-27 08:19:29]   early stopping at epoch 168 (no improvement for 30 epochs)
[2026-04-27 08:19:29] Training done: stop_reason=early_stop, total_epochs=168, best_epoch=138, best_val=0.000857
[2026-04-27 08:19:29] Reloading best checkpoint (epoch 138) for evaluation
[2026-04-27 08:19:43] ------------------------------------------------------------
[2026-04-27 08:19:43] Evaluation:
[2026-04-27 08:19:43]   AUC broken_lcfs         : 0.6197
[2026-04-27 08:19:43]   AUC bad_black_core      : 0.9962
[2026-04-27 08:19:43]   AUC bad_nonconverged    : 0.9987
[2026-04-27 08:19:43]   objective      : 0.8463
[2026-04-27 08:19:43]   floor_ok       : True
[2026-04-27 08:19:43]   threshold      : 0.0866
[2026-04-27 08:19:43]   mu / sigma     : 0.000625314 / 0.000186681
[2026-04-27 08:19:43] Train time=1136.6s, eval time=14.4s
