[2026-04-27 01:12:31] ============================================================
[2026-04-27 01:12:31] Trial 21 starting on cuda:0
[2026-04-27 01:12:31] Timestamp: 2026-04-27T01:12:31.590718
[2026-04-27 01:12:31] --- Config summary ---
  bottleneck_dim  : 126
  n_enc_layers    : 4
  n_dec_layers    : 3
  base_channels   : 40
  growth_factor   : 2.2321946247611075
  use_batchnorm   : False
  use_hpf         : True
  hpf_sigma       : 3.5351215828710907
  lr              : 0.0031100395664822667
  batch_size      : 16
  max_epochs      : 300
  patience        : 30
  seed            : 42
  deterministic   : False
  trial_num       : 21
[2026-04-27 01:12:31] Loading train/val/selection splits...
[2026-04-27 01:12:48] Splits loaded in 16.5s: n_train=722, n_val=120, n_selection=405
[2026-04-27 01:12:48] --- Architecture summary ---
  channels per enc layer : [40, 89, 199, 445]
  final spatial size     : 16x16
  flat size before latent: 113920
  bottleneck_dim         : 126
  total parameters       : 37,033,118
[2026-04-27 01:12:48] Starting training: n_train=722, n_val=120, device=cuda:0
[2026-04-27 01:14:12] epoch    1/300 | train=0.042420 | val=0.010556 | best=0.010556@1 | patience=0/30 | time=83.87s *
[2026-04-27 01:14:17] epoch    2/300 | train=0.010041 | val=0.009504 | best=0.009504@2 | patience=0/30 | time=4.62s *
[2026-04-27 01:14:21] epoch    3/300 | train=0.008399 | val=0.007972 | best=0.007972@3 | patience=0/30 | time=4.66s *
[2026-04-27 01:14:26] epoch    4/300 | train=0.007922 | val=0.007932 | best=0.007932@4 | patience=0/30 | time=4.66s *
[2026-04-27 01:14:31] epoch    5/300 | train=0.007903 | val=0.007927 | best=0.007927@5 | patience=0/30 | time=4.64s *
[2026-04-27 01:14:36] epoch    6/300 | train=0.007908 | val=0.007970 | best=0.007927@5 | patience=1/30 | time=4.67s
[2026-04-27 01:14:41] epoch    7/300 | train=0.007902 | val=0.007923 | best=0.007923@7 | patience=0/30 | time=4.66s *
[2026-04-27 01:14:45] epoch    8/300 | train=0.007893 | val=0.007931 | best=0.007923@7 | patience=1/30 | time=4.67s
[2026-04-27 01:14:50] epoch    9/300 | train=0.007884 | val=0.007896 | best=0.007896@9 | patience=0/30 | time=4.66s *
[2026-04-27 01:14:55] epoch   10/300 | train=0.007872 | val=0.007891 | best=0.007891@10 | patience=0/30 | time=4.66s *
[2026-04-27 01:15:00] epoch   11/300 | train=0.007869 | val=0.007888 | best=0.007888@11 | patience=0/30 | time=4.68s *
[2026-04-27 01:15:04] epoch   12/300 | train=0.007866 | val=0.007890 | best=0.007888@11 | patience=1/30 | time=4.65s
[2026-04-27 01:15:09] epoch   13/300 | train=0.007856 | val=0.007867 | best=0.007867@13 | patience=0/30 | time=4.67s *
[2026-04-27 01:15:14] epoch   14/300 | train=0.007844 | val=0.007859 | best=0.007859@14 | patience=0/30 | time=4.66s *
[2026-04-27 01:15:19] epoch   15/300 | train=0.007842 | val=0.007861 | best=0.007859@14 | patience=1/30 | time=4.65s
[2026-04-27 01:15:24] epoch   16/300 | train=0.007849 | val=0.007853 | best=0.007853@16 | patience=0/30 | time=4.68s *
[2026-04-27 01:15:28] epoch   17/300 | train=0.007827 | val=0.007842 | best=0.007842@17 | patience=0/30 | time=4.65s *
[2026-04-27 01:15:33] epoch   18/300 | train=0.007826 | val=0.007851 | best=0.007842@17 | patience=1/30 | time=4.67s
[2026-04-27 01:15:38] epoch   19/300 | train=0.007819 | val=0.007840 | best=0.007840@19 | patience=0/30 | time=4.65s *
[2026-04-27 01:15:43] epoch   20/300 | train=0.007812 | val=0.007852 | best=0.007840@19 | patience=1/30 | time=4.65s
[2026-04-27 01:15:47] epoch   21/300 | train=0.007822 | val=0.007839 | best=0.007840@19 | patience=2/30 | time=4.69s
[2026-04-27 01:15:52] epoch   22/300 | train=0.007808 | val=0.007829 | best=0.007829@22 | patience=0/30 | time=4.66s *
[2026-04-27 01:15:57] epoch   23/300 | train=0.007810 | val=0.007877 | best=0.007829@22 | patience=1/30 | time=4.63s
[2026-04-27 01:16:02] epoch   24/300 | train=0.007812 | val=0.007830 | best=0.007829@22 | patience=2/30 | time=4.69s
[2026-04-27 01:16:06] epoch   25/300 | train=0.007810 | val=0.007839 | best=0.007829@22 | patience=3/30 | time=4.65s
[2026-04-27 01:16:11] epoch   26/300 | train=0.007807 | val=0.007900 | best=0.007829@22 | patience=4/30 | time=4.65s
[2026-04-27 01:16:16] epoch   27/300 | train=0.007816 | val=0.007834 | best=0.007829@22 | patience=5/30 | time=4.70s
[2026-04-27 01:16:20] epoch   28/300 | train=0.007806 | val=0.007831 | best=0.007829@22 | patience=6/30 | time=4.63s
[2026-04-27 01:16:25] epoch   29/300 | train=0.007809 | val=0.007816 | best=0.007816@29 | patience=0/30 | time=4.67s *
[2026-04-27 01:16:30] epoch   30/300 | train=0.007795 | val=0.007810 | best=0.007810@30 | patience=0/30 | time=4.67s *
[2026-04-27 01:16:35] epoch   31/300 | train=0.007798 | val=0.007807 | best=0.007807@31 | patience=0/30 | time=4.64s *
[2026-04-27 01:16:40] epoch   32/300 | train=0.007789 | val=0.007804 | best=0.007804@32 | patience=0/30 | time=4.68s *
[2026-04-27 01:16:44] epoch   33/300 | train=0.007786 | val=0.007813 | best=0.007804@32 | patience=1/30 | time=4.66s
[2026-04-27 01:16:49] epoch   34/300 | train=0.007787 | val=0.007803 | best=0.007804@32 | patience=2/30 | time=4.67s
[2026-04-27 01:16:54] epoch   35/300 | train=0.007782 | val=0.007809 | best=0.007804@32 | patience=3/30 | time=4.66s
[2026-04-27 01:16:58] epoch   36/300 | train=0.007778 | val=0.007811 | best=0.007804@32 | patience=4/30 | time=4.66s
[2026-04-27 01:17:03] epoch   37/300 | train=0.007784 | val=0.007783 | best=0.007783@37 | patience=0/30 | time=4.68s *
[2026-04-27 01:17:08] epoch   38/300 | train=0.007765 | val=0.007802 | best=0.007783@37 | patience=1/30 | time=4.65s
[2026-04-27 01:17:13] epoch   39/300 | train=0.007769 | val=0.007797 | best=0.007783@37 | patience=2/30 | time=4.67s
[2026-04-27 01:17:18] epoch   40/300 | train=0.007774 | val=0.007779 | best=0.007779@40 | patience=0/30 | time=4.66s *
[2026-04-27 01:17:22] epoch   41/300 | train=0.007761 | val=0.007793 | best=0.007779@40 | patience=1/30 | time=4.65s
[2026-04-27 01:17:27] epoch   42/300 | train=0.007764 | val=0.007785 | best=0.007779@40 | patience=2/30 | time=4.70s
[2026-04-27 01:17:32] epoch   43/300 | train=0.007766 | val=0.007783 | best=0.007779@40 | patience=3/30 | time=4.66s
[2026-04-27 01:17:36] epoch   44/300 | train=0.007765 | val=0.007777 | best=0.007777@44 | patience=0/30 | time=4.63s *
[2026-04-27 01:17:41] epoch   45/300 | train=0.007763 | val=0.007812 | best=0.007777@44 | patience=1/30 | time=4.70s
[2026-04-27 01:17:46] epoch   46/300 | train=0.007767 | val=0.007808 | best=0.007777@44 | patience=2/30 | time=4.65s
[2026-04-27 01:17:51] epoch   47/300 | train=0.007763 | val=0.007787 | best=0.007777@44 | patience=3/30 | time=4.65s
[2026-04-27 01:17:55] epoch   48/300 | train=0.007758 | val=0.007775 | best=0.007775@48 | patience=0/30 | time=4.71s *
[2026-04-27 01:18:00] epoch   49/300 | train=0.007752 | val=0.007775 | best=0.007775@48 | patience=1/30 | time=4.63s
[2026-04-27 01:18:05] epoch   50/300 | train=0.007755 | val=0.007779 | best=0.007775@48 | patience=2/30 | time=4.68s
[2026-04-27 01:18:10] epoch   51/300 | train=0.007755 | val=0.007773 | best=0.007773@51 | patience=0/30 | time=4.67s *
[2026-04-27 01:18:14] epoch   52/300 | train=0.007750 | val=0.007767 | best=0.007767@52 | patience=0/30 | time=4.64s *
[2026-04-27 01:18:19] epoch   53/300 | train=0.007763 | val=0.007771 | best=0.007767@52 | patience=1/30 | time=4.68s
[2026-04-27 01:18:24] epoch   54/300 | train=0.007751 | val=0.007765 | best=0.007765@54 | patience=0/30 | time=4.66s *
[2026-04-27 01:18:29] epoch   55/300 | train=0.007747 | val=0.007764 | best=0.007764@55 | patience=0/30 | time=4.67s *
[2026-04-27 01:18:34] epoch   56/300 | train=0.007749 | val=0.007755 | best=0.007755@56 | patience=0/30 | time=4.67s *
[2026-04-27 01:18:39] epoch   57/300 | train=0.007737 | val=0.007746 | best=0.007746@57 | patience=0/30 | time=4.65s *
[2026-04-27 01:18:43] epoch   58/300 | train=0.007729 | val=0.007756 | best=0.007746@57 | patience=1/30 | time=4.67s
[2026-04-27 01:18:48] epoch   59/300 | train=0.007728 | val=0.007761 | best=0.007746@57 | patience=2/30 | time=4.66s
[2026-04-27 01:18:53] epoch   60/300 | train=0.007721 | val=0.007738 | best=0.007738@60 | patience=0/30 | time=4.68s *
[2026-04-27 01:18:58] epoch   61/300 | train=0.007725 | val=0.007732 | best=0.007732@61 | patience=0/30 | time=4.65s *
[2026-04-27 01:19:02] epoch   62/300 | train=0.007714 | val=0.007727 | best=0.007727@62 | patience=0/30 | time=4.66s *
[2026-04-27 01:19:07] epoch   63/300 | train=0.007717 | val=0.007724 | best=0.007724@63 | patience=0/30 | time=4.68s *
[2026-04-27 01:19:12] epoch   64/300 | train=0.007713 | val=0.007744 | best=0.007724@63 | patience=1/30 | time=4.66s
[2026-04-27 01:19:17] epoch   65/300 | train=0.007709 | val=0.007719 | best=0.007719@65 | patience=0/30 | time=4.68s *
[2026-04-27 01:19:22] epoch   66/300 | train=0.007707 | val=0.007719 | best=0.007719@65 | patience=1/30 | time=4.65s
[2026-04-27 01:19:26] epoch   67/300 | train=0.007710 | val=0.007723 | best=0.007719@65 | patience=2/30 | time=4.65s
[2026-04-27 01:19:31] epoch   68/300 | train=0.007709 | val=0.007721 | best=0.007719@65 | patience=3/30 | time=4.69s
[2026-04-27 01:19:36] epoch   69/300 | train=0.007703 | val=0.007737 | best=0.007719@65 | patience=4/30 | time=4.66s
[2026-04-27 01:19:40] epoch   70/300 | train=0.007703 | val=0.007729 | best=0.007719@65 | patience=5/30 | time=4.63s
[2026-04-27 01:19:45] epoch   71/300 | train=0.007698 | val=0.007722 | best=0.007719@65 | patience=6/30 | time=4.69s
[2026-04-27 01:19:50] epoch   72/300 | train=0.007699 | val=0.007718 | best=0.007719@65 | patience=7/30 | time=4.65s
[2026-04-27 01:19:55] epoch   73/300 | train=0.007697 | val=0.007708 | best=0.007708@73 | patience=0/30 | time=4.64s *
[2026-04-27 01:19:59] epoch   74/300 | train=0.007692 | val=0.007715 | best=0.007708@73 | patience=1/30 | time=4.70s
[2026-04-27 01:20:04] epoch   75/300 | train=0.007728 | val=0.007717 | best=0.007708@73 | patience=2/30 | time=4.63s
[2026-04-27 01:20:09] epoch   76/300 | train=0.007699 | val=0.007706 | best=0.007706@76 | patience=0/30 | time=4.67s *
[2026-04-27 01:20:14] epoch   77/300 | train=0.007692 | val=0.007700 | best=0.007700@77 | patience=0/30 | time=4.67s *
[2026-04-27 01:20:18] epoch   78/300 | train=0.007693 | val=0.007722 | best=0.007700@77 | patience=1/30 | time=4.65s
[2026-04-27 01:20:23] epoch   79/300 | train=0.007700 | val=0.007721 | best=0.007700@77 | patience=2/30 | time=4.68s
[2026-04-27 01:20:28] epoch   80/300 | train=0.007689 | val=0.007702 | best=0.007700@77 | patience=3/30 | time=4.65s
[2026-04-27 01:20:33] epoch   81/300 | train=0.007690 | val=0.007717 | best=0.007700@77 | patience=4/30 | time=4.67s
[2026-04-27 01:20:37] epoch   82/300 | train=0.007689 | val=0.007707 | best=0.007700@77 | patience=5/30 | time=4.65s
[2026-04-27 01:20:42] epoch   83/300 | train=0.007686 | val=0.007701 | best=0.007700@77 | patience=6/30 | time=4.66s
[2026-04-27 01:20:47] epoch   84/300 | train=0.007683 | val=0.007709 | best=0.007700@77 | patience=7/30 | time=4.68s
[2026-04-27 01:20:51] epoch   85/300 | train=0.007687 | val=0.007699 | best=0.007700@77 | patience=8/30 | time=4.66s
[2026-04-27 01:20:56] epoch   86/300 | train=0.007678 | val=0.007686 | best=0.007686@86 | patience=0/30 | time=4.63s *
[2026-04-27 01:21:01] epoch   87/300 | train=0.007678 | val=0.007691 | best=0.007686@86 | patience=1/30 | time=4.66s
[2026-04-27 01:21:06] epoch   88/300 | train=0.007676 | val=0.007692 | best=0.007686@86 | patience=2/30 | time=4.65s
[2026-04-27 01:21:10] epoch   89/300 | train=0.007675 | val=0.007696 | best=0.007686@86 | patience=3/30 | time=4.65s
[2026-04-27 01:21:15] epoch   90/300 | train=0.007674 | val=0.007682 | best=0.007682@90 | patience=0/30 | time=4.71s *
[2026-04-27 01:21:20] epoch   91/300 | train=0.007667 | val=0.007673 | best=0.007673@91 | patience=0/30 | time=4.64s *
[2026-04-27 01:21:25] epoch   92/300 | train=0.007665 | val=0.007680 | best=0.007673@91 | patience=1/30 | time=4.67s
[2026-04-27 01:21:29] epoch   93/300 | train=0.007666 | val=0.007677 | best=0.007673@91 | patience=2/30 | time=4.67s
[2026-04-27 01:21:34] epoch   94/300 | train=0.007668 | val=0.007680 | best=0.007673@91 | patience=3/30 | time=4.65s
[2026-04-27 01:21:39] epoch   95/300 | train=0.007661 | val=0.007678 | best=0.007673@91 | patience=4/30 | time=4.68s
[2026-04-27 01:21:43] epoch   96/300 | train=0.007658 | val=0.007670 | best=0.007670@96 | patience=0/30 | time=4.65s *
[2026-04-27 01:21:48] epoch   97/300 | train=0.007652 | val=0.007661 | best=0.007661@97 | patience=0/30 | time=4.67s *
[2026-04-27 01:21:53] epoch   98/300 | train=0.007651 | val=0.007662 | best=0.007661@97 | patience=1/30 | time=4.65s
[2026-04-27 01:21:58] epoch   99/300 | train=0.007652 | val=0.007660 | best=0.007661@97 | patience=2/30 | time=4.66s
[2026-04-27 01:22:02] epoch  100/300 | train=0.007654 | val=0.007667 | best=0.007661@97 | patience=3/30 | time=4.68s
[2026-04-27 01:22:07] epoch  101/300 | train=0.007658 | val=0.007742 | best=0.007661@97 | patience=4/30 | time=4.66s
[2026-04-27 01:22:12] epoch  102/300 | train=0.007668 | val=0.007674 | best=0.007661@97 | patience=5/30 | time=4.68s
[2026-04-27 01:22:17] epoch  103/300 | train=0.007661 | val=0.007668 | best=0.007661@97 | patience=6/30 | time=4.65s
[2026-04-27 01:22:21] epoch  104/300 | train=0.007649 | val=0.007656 | best=0.007656@104 | patience=0/30 | time=4.65s *
[2026-04-27 01:22:26] epoch  105/300 | train=0.007648 | val=0.007663 | best=0.007656@104 | patience=1/30 | time=4.69s
[2026-04-27 01:22:31] epoch  106/300 | train=0.007643 | val=0.007652 | best=0.007652@106 | patience=0/30 | time=4.66s *
[2026-04-27 01:22:36] epoch  107/300 | train=0.007644 | val=0.007652 | best=0.007652@106 | patience=1/30 | time=4.63s
[2026-04-27 01:22:40] epoch  108/300 | train=0.007644 | val=0.007648 | best=0.007648@108 | patience=0/30 | time=4.70s *
[2026-04-27 01:22:45] epoch  109/300 | train=0.007634 | val=0.007662 | best=0.007648@108 | patience=1/30 | time=4.65s
[2026-04-27 01:22:50] epoch  110/300 | train=0.007637 | val=0.007642 | best=0.007642@110 | patience=0/30 | time=4.65s *
[2026-04-27 01:22:55] epoch  111/300 | train=0.007636 | val=0.007643 | best=0.007642@110 | patience=1/30 | time=4.71s
[2026-04-27 01:23:00] epoch  112/300 | train=0.007632 | val=0.007637 | best=0.007637@112 | patience=0/30 | time=4.63s *
[2026-04-27 01:23:04] epoch  113/300 | train=0.007632 | val=0.007635 | best=0.007635@113 | patience=0/30 | time=4.68s *
[2026-04-27 01:23:09] epoch  114/300 | train=0.007629 | val=0.007632 | best=0.007632@114 | patience=0/30 | time=4.67s *
[2026-04-27 01:23:14] epoch  115/300 | train=0.007684 | val=0.007722 | best=0.007632@114 | patience=1/30 | time=4.65s
[2026-04-27 01:23:19] epoch  116/300 | train=0.007669 | val=0.007666 | best=0.007632@114 | patience=2/30 | time=4.67s
[2026-04-27 01:23:23] epoch  117/300 | train=0.007652 | val=0.007669 | best=0.007632@114 | patience=3/30 | time=4.65s
[2026-04-27 01:23:28] epoch  118/300 | train=0.007651 | val=0.007676 | best=0.007632@114 | patience=4/30 | time=4.67s
[2026-04-27 01:23:33] epoch  119/300 | train=0.007654 | val=0.007667 | best=0.007632@114 | patience=5/30 | time=4.65s
[2026-04-27 01:23:37] epoch  120/300 | train=0.007648 | val=0.007654 | best=0.007632@114 | patience=6/30 | time=4.66s
[2026-04-27 01:23:42] epoch  121/300 | train=0.007647 | val=0.007652 | best=0.007632@114 | patience=7/30 | time=4.68s
[2026-04-27 01:23:47] epoch  122/300 | train=0.007645 | val=0.007654 | best=0.007632@114 | patience=8/30 | time=4.65s
[2026-04-27 01:23:52] epoch  123/300 | train=0.007642 | val=0.007664 | best=0.007632@114 | patience=9/30 | time=4.67s
[2026-04-27 01:23:56] epoch  124/300 | train=0.007641 | val=0.007652 | best=0.007632@114 | patience=10/30 | time=4.65s
[2026-04-27 01:24:01] epoch  125/300 | train=0.007640 | val=0.007661 | best=0.007632@114 | patience=11/30 | time=4.64s
[2026-04-27 01:24:06] epoch  126/300 | train=0.007643 | val=0.007655 | best=0.007632@114 | patience=12/30 | time=4.69s
[2026-04-27 01:24:10] epoch  127/300 | train=0.007639 | val=0.007648 | best=0.007632@114 | patience=13/30 | time=4.66s
[2026-04-27 01:24:15] epoch  128/300 | train=0.007637 | val=0.007660 | best=0.007632@114 | patience=14/30 | time=4.63s
[2026-04-27 01:24:20] epoch  129/300 | train=0.007652 | val=0.007646 | best=0.007632@114 | patience=15/30 | time=4.69s
[2026-04-27 01:24:24] epoch  130/300 | train=0.007635 | val=0.007640 | best=0.007632@114 | patience=16/30 | time=4.65s
[2026-04-27 01:24:29] epoch  131/300 | train=0.007634 | val=0.007661 | best=0.007632@114 | patience=17/30 | time=4.64s
[2026-04-27 01:24:34] epoch  132/300 | train=0.007632 | val=0.007644 | best=0.007632@114 | patience=18/30 | time=4.70s
[2026-04-27 01:24:38] epoch  133/300 | train=0.007626 | val=0.007639 | best=0.007632@114 | patience=19/30 | time=4.63s
[2026-04-27 01:24:43] epoch  134/300 | train=0.007633 | val=0.007655 | best=0.007632@114 | patience=20/30 | time=4.68s
[2026-04-27 01:24:48] epoch  135/300 | train=0.007628 | val=0.007645 | best=0.007632@114 | patience=21/30 | time=4.67s
[2026-04-27 01:24:53] epoch  136/300 | train=0.007627 | val=0.007642 | best=0.007632@114 | patience=22/30 | time=4.65s
[2026-04-27 01:24:57] epoch  137/300 | train=0.007626 | val=0.007635 | best=0.007632@114 | patience=23/30 | time=4.68s
[2026-04-27 01:25:02] epoch  138/300 | train=0.007627 | val=0.007647 | best=0.007632@114 | patience=24/30 | time=4.65s
[2026-04-27 01:25:07] epoch  139/300 | train=0.007626 | val=0.007642 | best=0.007632@114 | patience=25/30 | time=4.67s
[2026-04-27 01:25:07]   pruned at epoch 139
[2026-04-27 01:25:07] Training done: stop_reason=pruned, total_epochs=139, best_epoch=114, best_val=0.007632
[2026-04-27 01:25:07] Reloading best checkpoint (epoch 114) for evaluation
[2026-04-27 01:25:12] ------------------------------------------------------------
[2026-04-27 01:25:12] Evaluation:
[2026-04-27 01:25:12]   AUC broken_lcfs         : 0.5768
[2026-04-27 01:25:12]   AUC bad_black_core      : 0.6257
[2026-04-27 01:25:12]   AUC bad_nonconverged    : 0.8091
[2026-04-27 01:25:12]   objective      : 0.0000
[2026-04-27 01:25:12]   floor_ok       : False
[2026-04-27 01:25:12]   threshold      : 0.0104
[2026-04-27 01:25:12]   mu / sigma     : 0.00762337 / 0.00109493
[2026-04-27 01:25:12] Train time=739.1s, eval time=5.1s
