[2026-04-27 07:42:03] ============================================================
[2026-04-27 07:42:03] Trial 126 starting on cuda:0
[2026-04-27 07:42:03] Timestamp: 2026-04-27T07:42:03.634799
[2026-04-27 07:42:03] --- Config summary ---
  bottleneck_dim  : 90
  n_enc_layers    : 2
  n_dec_layers    : 2
  base_channels   : 52
  growth_factor   : 2.2527559228928946
  use_batchnorm   : False
  use_hpf         : True
  hpf_sigma       : 1.0327631079649267
  lr              : 0.0003867383068628991
  batch_size      : 64
  max_epochs      : 300
  patience        : 30
  seed            : 42
  deterministic   : False
  trial_num       : 126
[2026-04-27 07:42:03] Loading train/val/selection splits...
[2026-04-27 07:43:02] Splits loaded in 59.0s: n_train=722, n_val=120, n_selection=405
[2026-04-27 07:43:07] --- Architecture summary ---
  channels per enc layer : [52, 117]
  final spatial size     : 64x64
  flat size before latent: 479232
  bottleneck_dim         : 90
  total parameters       : 87,122,360
[2026-04-27 07:43:07] Starting training: n_train=722, n_val=120, device=cuda:0
[2026-04-27 07:46:22] epoch    1/300 | train=0.005091 | val=0.004663 | best=0.004663@1 | patience=0/30 | time=192.63s *
[2026-04-27 07:46:29] epoch    2/300 | train=0.004048 | val=0.002803 | best=0.002803@2 | patience=0/30 | time=3.29s *
[2026-04-27 07:46:34] epoch    3/300 | train=0.002238 | val=0.001825 | best=0.001825@3 | patience=0/30 | time=3.01s *
[2026-04-27 07:46:40] epoch    4/300 | train=0.001716 | val=0.001572 | best=0.001572@4 | patience=0/30 | time=3.22s *
[2026-04-27 07:46:46] epoch    5/300 | train=0.001558 | val=0.001482 | best=0.001482@5 | patience=0/30 | time=3.12s *
[2026-04-27 07:46:52] epoch    6/300 | train=0.001496 | val=0.001443 | best=0.001443@6 | patience=0/30 | time=3.01s *
[2026-04-27 07:46:58] epoch    7/300 | train=0.001472 | val=0.001431 | best=0.001431@7 | patience=0/30 | time=3.23s *
[2026-04-27 07:47:04] epoch    8/300 | train=0.001461 | val=0.001423 | best=0.001423@8 | patience=0/30 | time=2.99s *
[2026-04-27 07:47:10] epoch    9/300 | train=0.001454 | val=0.001418 | best=0.001418@9 | patience=0/30 | time=3.22s *
[2026-04-27 07:47:13] epoch   10/300 | train=0.001462 | val=0.001426 | best=0.001418@9 | patience=1/30 | time=3.02s
[2026-04-27 07:47:19] epoch   11/300 | train=0.001453 | val=0.001416 | best=0.001416@11 | patience=0/30 | time=3.02s *
[2026-04-27 07:47:25] epoch   12/300 | train=0.001449 | val=0.001412 | best=0.001412@12 | patience=0/30 | time=3.29s *
[2026-04-27 07:47:29] epoch   13/300 | train=0.001448 | val=0.001412 | best=0.001412@12 | patience=1/30 | time=3.01s
[2026-04-27 07:47:32] epoch   14/300 | train=0.001448 | val=0.001412 | best=0.001412@12 | patience=2/30 | time=3.26s
[2026-04-27 07:47:38] epoch   15/300 | train=0.001446 | val=0.001410 | best=0.001410@15 | patience=0/30 | time=2.99s *
[2026-04-27 07:47:44] epoch   16/300 | train=0.001446 | val=0.001406 | best=0.001406@16 | patience=0/30 | time=3.01s *
[2026-04-27 07:47:47] epoch   17/300 | train=0.001443 | val=0.001407 | best=0.001406@16 | patience=1/30 | time=3.29s
[2026-04-27 07:47:50] epoch   18/300 | train=0.001442 | val=0.001408 | best=0.001406@16 | patience=2/30 | time=3.10s
[2026-04-27 07:47:53] epoch   19/300 | train=0.001442 | val=0.001406 | best=0.001406@16 | patience=3/30 | time=2.99s
[2026-04-27 07:47:59] epoch   20/300 | train=0.001439 | val=0.001402 | best=0.001402@20 | patience=0/30 | time=2.99s *
[2026-04-27 07:48:02] epoch   21/300 | train=0.001435 | val=0.001402 | best=0.001402@20 | patience=1/30 | time=3.13s
[2026-04-27 07:48:09] epoch   22/300 | train=0.001433 | val=0.001397 | best=0.001397@22 | patience=0/30 | time=3.02s *
[2026-04-27 07:48:12] epoch   23/300 | train=0.001430 | val=0.001399 | best=0.001397@22 | patience=1/30 | time=2.99s
[2026-04-27 07:48:18] epoch   24/300 | train=0.001425 | val=0.001391 | best=0.001391@24 | patience=0/30 | time=3.25s *
[2026-04-27 07:48:24] epoch   25/300 | train=0.001419 | val=0.001387 | best=0.001387@25 | patience=0/30 | time=3.01s *
[2026-04-27 07:48:30] epoch   26/300 | train=0.001412 | val=0.001381 | best=0.001381@26 | patience=0/30 | time=3.21s *
[2026-04-27 07:48:33] epoch   27/300 | train=0.001404 | val=0.001385 | best=0.001381@26 | patience=1/30 | time=3.01s
[2026-04-27 07:48:39] epoch   28/300 | train=0.001397 | val=0.001354 | best=0.001354@28 | patience=0/30 | time=3.03s *
[2026-04-27 07:48:45] epoch   29/300 | train=0.001370 | val=0.001336 | best=0.001336@29 | patience=0/30 | time=3.24s *
[2026-04-27 07:48:51] epoch   30/300 | train=0.001338 | val=0.001313 | best=0.001313@30 | patience=0/30 | time=3.01s *
[2026-04-27 07:48:57] epoch   31/300 | train=0.001308 | val=0.001289 | best=0.001289@31 | patience=0/30 | time=3.26s *
[2026-04-27 07:49:03] epoch   32/300 | train=0.001288 | val=0.001275 | best=0.001275@32 | patience=0/30 | time=3.02s *
[2026-04-27 07:49:09] epoch   33/300 | train=0.001274 | val=0.001265 | best=0.001265@33 | patience=0/30 | time=2.99s *
[2026-04-27 07:49:14] epoch   34/300 | train=0.001262 | val=0.001259 | best=0.001259@34 | patience=0/30 | time=3.09s *
[2026-04-27 07:49:20] epoch   35/300 | train=0.001254 | val=0.001248 | best=0.001248@35 | patience=0/30 | time=3.22s *
[2026-04-27 07:49:24] epoch   36/300 | train=0.001250 | val=0.001250 | best=0.001248@35 | patience=1/30 | time=3.13s
[2026-04-27 07:49:29] epoch   37/300 | train=0.001247 | val=0.001243 | best=0.001243@37 | patience=0/30 | time=3.02s *
[2026-04-27 07:49:36] epoch   38/300 | train=0.001238 | val=0.001236 | best=0.001236@38 | patience=0/30 | time=3.24s *
[2026-04-27 07:49:41] epoch   39/300 | train=0.001231 | val=0.001229 | best=0.001229@39 | patience=0/30 | time=2.99s *
[2026-04-27 07:49:48] epoch   40/300 | train=0.001224 | val=0.001225 | best=0.001225@40 | patience=0/30 | time=3.27s *
[2026-04-27 07:49:53] epoch   41/300 | train=0.001218 | val=0.001219 | best=0.001219@41 | patience=0/30 | time=3.02s *
[2026-04-27 07:49:56] epoch   42/300 | train=0.001212 | val=0.001218 | best=0.001219@41 | patience=1/30 | time=3.03s
[2026-04-27 07:50:03] epoch   43/300 | train=0.001207 | val=0.001213 | best=0.001213@43 | patience=0/30 | time=3.25s *
[2026-04-27 07:50:09] epoch   44/300 | train=0.001203 | val=0.001201 | best=0.001201@44 | patience=0/30 | time=3.01s *
[2026-04-27 07:50:15] epoch   45/300 | train=0.001191 | val=0.001196 | best=0.001196@45 | patience=0/30 | time=3.22s *
[2026-04-27 07:50:20] epoch   46/300 | train=0.001184 | val=0.001188 | best=0.001188@46 | patience=0/30 | time=3.02s *
[2026-04-27 07:50:23] epoch   47/300 | train=0.001177 | val=0.001188 | best=0.001188@46 | patience=1/30 | time=2.99s
[2026-04-27 07:50:30] epoch   48/300 | train=0.001171 | val=0.001178 | best=0.001178@48 | patience=0/30 | time=3.29s *
[2026-04-27 07:50:36] epoch   49/300 | train=0.001164 | val=0.001170 | best=0.001170@49 | patience=0/30 | time=3.01s *
[2026-04-27 07:50:42] epoch   50/300 | train=0.001155 | val=0.001163 | best=0.001163@50 | patience=0/30 | time=3.26s *
[2026-04-27 07:50:47] epoch   51/300 | train=0.001149 | val=0.001161 | best=0.001161@51 | patience=0/30 | time=3.02s *
[2026-04-27 07:50:53] epoch   52/300 | train=0.001143 | val=0.001153 | best=0.001153@52 | patience=0/30 | time=3.02s *
[2026-04-27 07:50:59] epoch   53/300 | train=0.001135 | val=0.001148 | best=0.001148@53 | patience=0/30 | time=3.09s *
[2026-04-27 07:51:05] epoch   54/300 | train=0.001130 | val=0.001147 | best=0.001147@54 | patience=0/30 | time=3.00s *
[2026-04-27 07:51:11] epoch   55/300 | train=0.001127 | val=0.001141 | best=0.001141@55 | patience=0/30 | time=3.12s *
[2026-04-27 07:51:17] epoch   56/300 | train=0.001123 | val=0.001135 | best=0.001135@56 | patience=0/30 | time=3.03s *
[2026-04-27 07:51:23] epoch   57/300 | train=0.001115 | val=0.001127 | best=0.001127@57 | patience=0/30 | time=3.29s *
[2026-04-27 07:51:29] epoch   58/300 | train=0.001111 | val=0.001123 | best=0.001123@58 | patience=0/30 | time=3.01s *
[2026-04-27 07:51:35] epoch   59/300 | train=0.001104 | val=0.001120 | best=0.001120@59 | patience=0/30 | time=3.26s *
[2026-04-27 07:51:40] epoch   60/300 | train=0.001100 | val=0.001114 | best=0.001114@60 | patience=0/30 | time=3.02s *
[2026-04-27 07:51:46] epoch   61/300 | train=0.001094 | val=0.001108 | best=0.001108@61 | patience=0/30 | time=3.03s *
[2026-04-27 07:51:52] epoch   62/300 | train=0.001089 | val=0.001103 | best=0.001103@62 | patience=0/30 | time=3.09s *
[2026-04-27 07:51:58] epoch   63/300 | train=0.001084 | val=0.001094 | best=0.001094@63 | patience=0/30 | time=2.99s *
[2026-04-27 07:52:01] epoch   64/300 | train=0.001078 | val=0.001097 | best=0.001094@63 | patience=1/30 | time=3.22s
[2026-04-27 07:52:07] epoch   65/300 | train=0.001075 | val=0.001085 | best=0.001085@65 | patience=0/30 | time=3.11s *
[2026-04-27 07:52:13] epoch   66/300 | train=0.001068 | val=0.001083 | best=0.001083@66 | patience=0/30 | time=3.02s *
[2026-04-27 07:52:19] epoch   67/300 | train=0.001064 | val=0.001078 | best=0.001078@67 | patience=0/30 | time=3.29s *
[2026-04-27 07:52:25] epoch   68/300 | train=0.001058 | val=0.001071 | best=0.001071@68 | patience=0/30 | time=3.01s *
[2026-04-27 07:52:31] epoch   69/300 | train=0.001053 | val=0.001069 | best=0.001069@69 | patience=0/30 | time=3.26s *
[2026-04-27 07:52:37] epoch   70/300 | train=0.001048 | val=0.001066 | best=0.001066@70 | patience=0/30 | time=3.02s *
[2026-04-27 07:52:40] epoch   71/300 | train=0.001046 | val=0.001066 | best=0.001066@70 | patience=1/30 | time=3.24s
[2026-04-27 07:52:46] epoch   72/300 | train=0.001043 | val=0.001058 | best=0.001058@72 | patience=0/30 | time=2.99s *
[2026-04-27 07:52:49] epoch   73/300 | train=0.001039 | val=0.001062 | best=0.001058@72 | patience=1/30 | time=3.01s
[2026-04-27 07:52:55] epoch   74/300 | train=0.001033 | val=0.001053 | best=0.001053@74 | patience=0/30 | time=3.26s *
[2026-04-27 07:53:01] epoch   75/300 | train=0.001027 | val=0.001044 | best=0.001044@75 | patience=0/30 | time=3.10s *
[2026-04-27 07:53:07] epoch   76/300 | train=0.001020 | val=0.001041 | best=0.001041@76 | patience=0/30 | time=3.02s *
[2026-04-27 07:53:10] epoch   77/300 | train=0.001017 | val=0.001040 | best=0.001041@76 | patience=1/30 | time=2.99s
[2026-04-27 07:53:14] epoch   78/300 | train=0.001013 | val=0.001040 | best=0.001041@76 | patience=2/30 | time=3.11s
[2026-04-27 07:53:20] epoch   79/300 | train=0.001012 | val=0.001035 | best=0.001035@79 | patience=0/30 | time=2.99s *
[2026-04-27 07:53:26] epoch   80/300 | train=0.001006 | val=0.001027 | best=0.001027@80 | patience=0/30 | time=3.12s *
[2026-04-27 07:53:29] epoch   81/300 | train=0.000999 | val=0.001027 | best=0.001027@80 | patience=1/30 | time=3.02s
[2026-04-27 07:53:32] epoch   82/300 | train=0.001001 | val=0.001035 | best=0.001027@80 | patience=2/30 | time=3.03s
[2026-04-27 07:53:38] epoch   83/300 | train=0.000997 | val=0.001018 | best=0.001018@83 | patience=0/30 | time=3.24s *
[2026-04-27 07:53:44] epoch   84/300 | train=0.000991 | val=0.001014 | best=0.001014@84 | patience=0/30 | time=3.01s *
[2026-04-27 07:53:50] epoch   85/300 | train=0.000984 | val=0.001010 | best=0.001010@85 | patience=0/30 | time=3.26s *
[2026-04-27 07:53:56] epoch   86/300 | train=0.000980 | val=0.001007 | best=0.001007@86 | patience=0/30 | time=3.02s *
[2026-04-27 07:54:02] epoch   87/300 | train=0.000977 | val=0.001005 | best=0.001005@87 | patience=0/30 | time=3.03s *
[2026-04-27 07:54:08] epoch   88/300 | train=0.000972 | val=0.001001 | best=0.001001@88 | patience=0/30 | time=3.12s *
[2026-04-27 07:54:13] epoch   89/300 | train=0.000970 | val=0.000999 | best=0.000999@89 | patience=0/30 | time=2.99s *
[2026-04-27 07:54:17] epoch   90/300 | train=0.000966 | val=0.001003 | best=0.000999@89 | patience=1/30 | time=3.13s
[2026-04-27 07:54:22] epoch   91/300 | train=0.000965 | val=0.000994 | best=0.000994@91 | patience=0/30 | time=3.01s *
[2026-04-27 07:54:26] epoch   92/300 | train=0.000960 | val=0.000995 | best=0.000994@91 | patience=1/30 | time=3.02s
[2026-04-27 07:54:32] epoch   93/300 | train=0.000956 | val=0.000987 | best=0.000987@93 | patience=0/30 | time=3.30s *
[2026-04-27 07:54:38] epoch   94/300 | train=0.000951 | val=0.000984 | best=0.000984@94 | patience=0/30 | time=3.01s *
[2026-04-27 07:54:41] epoch   95/300 | train=0.000948 | val=0.000985 | best=0.000984@94 | patience=1/30 | time=3.27s
[2026-04-27 07:54:47] epoch   96/300 | train=0.000944 | val=0.000977 | best=0.000977@96 | patience=0/30 | time=3.11s *
[2026-04-27 07:54:53] epoch   97/300 | train=0.000941 | val=0.000975 | best=0.000975@97 | patience=0/30 | time=3.02s *
[2026-04-27 07:54:56] epoch   98/300 | train=0.000937 | val=0.000980 | best=0.000975@97 | patience=1/30 | time=3.24s
[2026-04-27 07:55:02] epoch   99/300 | train=0.000939 | val=0.000973 | best=0.000973@99 | patience=0/30 | time=3.11s *
[2026-04-27 07:55:06] epoch  100/300 | train=0.000931 | val=0.000975 | best=0.000973@99 | patience=1/30 | time=3.23s
[2026-04-27 07:55:11] epoch  101/300 | train=0.000930 | val=0.000969 | best=0.000969@101 | patience=0/30 | time=3.13s *
[2026-04-27 07:55:17] epoch  102/300 | train=0.000930 | val=0.000964 | best=0.000964@102 | patience=0/30 | time=3.02s *
[2026-04-27 07:55:24] epoch  103/300 | train=0.000922 | val=0.000961 | best=0.000961@103 | patience=0/30 | time=3.29s *
[2026-04-27 07:55:27] epoch  104/300 | train=0.000919 | val=0.000961 | best=0.000961@103 | patience=1/30 | time=3.00s
[2026-04-27 07:55:30] epoch  105/300 | train=0.000916 | val=0.000963 | best=0.000961@103 | patience=2/30 | time=2.99s
[2026-04-27 07:55:33] epoch  106/300 | train=0.000915 | val=0.000960 | best=0.000961@103 | patience=3/30 | time=3.22s
[2026-04-27 07:55:39] epoch  107/300 | train=0.000912 | val=0.000955 | best=0.000955@107 | patience=0/30 | time=3.13s *
[2026-04-27 07:55:45] epoch  108/300 | train=0.000907 | val=0.000952 | best=0.000952@108 | patience=0/30 | time=3.02s *
[2026-04-27 07:55:51] epoch  109/300 | train=0.000905 | val=0.000951 | best=0.000951@109 | patience=0/30 | time=3.25s *
[2026-04-27 07:55:54] epoch  110/300 | train=0.000906 | val=0.000951 | best=0.000951@109 | patience=1/30 | time=3.01s
[2026-04-27 07:56:00] epoch  111/300 | train=0.000898 | val=0.000947 | best=0.000947@111 | patience=0/30 | time=3.21s *
[2026-04-27 07:56:06] epoch  112/300 | train=0.000896 | val=0.000944 | best=0.000944@112 | patience=0/30 | time=3.13s *
[2026-04-27 07:56:12] epoch  113/300 | train=0.000896 | val=0.000941 | best=0.000941@113 | patience=0/30 | time=3.02s *
[2026-04-27 07:56:15] epoch  114/300 | train=0.000892 | val=0.000943 | best=0.000941@113 | patience=1/30 | time=3.25s
[2026-04-27 07:56:21] epoch  115/300 | train=0.000889 | val=0.000940 | best=0.000940@115 | patience=0/30 | time=3.09s *
[2026-04-27 07:56:27] epoch  116/300 | train=0.000884 | val=0.000937 | best=0.000937@116 | patience=0/30 | time=2.99s *
[2026-04-27 07:56:33] epoch  117/300 | train=0.000881 | val=0.000934 | best=0.000934@117 | patience=0/30 | time=3.27s *
[2026-04-27 07:56:36] epoch  118/300 | train=0.000881 | val=0.000934 | best=0.000934@117 | patience=1/30 | time=3.02s
[2026-04-27 07:56:39] epoch  119/300 | train=0.000878 | val=0.000944 | best=0.000934@117 | patience=2/30 | time=3.02s
[2026-04-27 07:56:46] epoch  120/300 | train=0.000877 | val=0.000931 | best=0.000931@120 | patience=0/30 | time=3.24s *
[2026-04-27 07:56:49] epoch  121/300 | train=0.000873 | val=0.000931 | best=0.000931@120 | patience=1/30 | time=3.00s
[2026-04-27 07:56:53] epoch  122/300 | train=0.000871 | val=0.000931 | best=0.000931@120 | patience=2/30 | time=3.21s
[2026-04-27 07:56:59] epoch  123/300 | train=0.000869 | val=0.000928 | best=0.000928@123 | patience=0/30 | time=2.99s *
[2026-04-27 07:57:02] epoch  124/300 | train=0.000864 | val=0.000935 | best=0.000928@123 | patience=1/30 | time=3.01s
[2026-04-27 07:57:05] epoch  125/300 | train=0.000865 | val=0.000927 | best=0.000928@123 | patience=2/30 | time=3.02s
[2026-04-27 07:57:11] epoch  126/300 | train=0.000862 | val=0.000923 | best=0.000923@126 | patience=0/30 | time=3.24s *
[2026-04-27 07:57:14] epoch  127/300 | train=0.000856 | val=0.000923 | best=0.000923@126 | patience=1/30 | time=3.09s
[2026-04-27 07:57:20] epoch  128/300 | train=0.000858 | val=0.000917 | best=0.000917@128 | patience=0/30 | time=2.99s *
[2026-04-27 07:57:23] epoch  129/300 | train=0.000853 | val=0.000918 | best=0.000917@128 | patience=1/30 | time=3.10s
[2026-04-27 07:57:26] epoch  130/300 | train=0.000849 | val=0.000917 | best=0.000917@128 | patience=2/30 | time=2.99s
[2026-04-27 07:57:32] epoch  131/300 | train=0.000850 | val=0.000916 | best=0.000916@131 | patience=0/30 | time=3.01s *
[2026-04-27 07:57:39] epoch  132/300 | train=0.000844 | val=0.000915 | best=0.000915@132 | patience=0/30 | time=3.24s *
[2026-04-27 07:57:42] epoch  133/300 | train=0.000850 | val=0.000922 | best=0.000915@132 | patience=1/30 | time=2.99s
[2026-04-27 07:57:45] epoch  134/300 | train=0.000843 | val=0.000915 | best=0.000915@132 | patience=2/30 | time=3.00s
[2026-04-27 07:57:51] epoch  135/300 | train=0.000837 | val=0.000911 | best=0.000911@135 | patience=0/30 | time=3.21s *
[2026-04-27 07:57:57] epoch  136/300 | train=0.000834 | val=0.000908 | best=0.000908@136 | patience=0/30 | time=3.01s *
[2026-04-27 07:58:00] epoch  137/300 | train=0.000834 | val=0.000908 | best=0.000908@136 | patience=1/30 | time=3.02s
[2026-04-27 07:58:06] epoch  138/300 | train=0.000834 | val=0.000906 | best=0.000906@138 | patience=0/30 | time=3.24s *
[2026-04-27 07:58:12] epoch  139/300 | train=0.000829 | val=0.000904 | best=0.000904@139 | patience=0/30 | time=3.11s *
[2026-04-27 07:58:15] epoch  140/300 | train=0.000826 | val=0.000907 | best=0.000904@139 | patience=1/30 | time=2.99s
[2026-04-27 07:58:21] epoch  141/300 | train=0.000824 | val=0.000902 | best=0.000902@141 | patience=0/30 | time=3.20s *
[2026-04-27 07:58:24] epoch  142/300 | train=0.000822 | val=0.000912 | best=0.000902@141 | patience=1/30 | time=3.02s
[2026-04-27 07:58:27] epoch  143/300 | train=0.000829 | val=0.000903 | best=0.000902@141 | patience=2/30 | time=3.03s
[2026-04-27 07:58:33] epoch  144/300 | train=0.000821 | val=0.000900 | best=0.000900@144 | patience=0/30 | time=2.99s *
[2026-04-27 07:58:39] epoch  145/300 | train=0.000815 | val=0.000898 | best=0.000898@145 | patience=0/30 | time=3.09s *
[2026-04-27 07:58:42] epoch  146/300 | train=0.000818 | val=0.000920 | best=0.000898@145 | patience=1/30 | time=3.21s
[2026-04-27 07:58:46] epoch  147/300 | train=0.000819 | val=0.000900 | best=0.000898@145 | patience=2/30 | time=3.10s
[2026-04-27 07:58:51] epoch  148/300 | train=0.000811 | val=0.000897 | best=0.000897@148 | patience=0/30 | time=3.01s *
[2026-04-27 07:58:55] epoch  149/300 | train=0.000808 | val=0.000896 | best=0.000897@148 | patience=1/30 | time=3.02s
[2026-04-27 07:59:01] epoch  150/300 | train=0.000804 | val=0.000894 | best=0.000894@150 | patience=0/30 | time=3.29s *
[2026-04-27 07:59:04] epoch  151/300 | train=0.000800 | val=0.000896 | best=0.000894@150 | patience=1/30 | time=3.00s
[2026-04-27 07:59:08] epoch  152/300 | train=0.000799 | val=0.000894 | best=0.000894@150 | patience=2/30 | time=3.26s
[2026-04-27 07:59:11] epoch  153/300 | train=0.000796 | val=0.000895 | best=0.000894@150 | patience=3/30 | time=2.99s
[2026-04-27 07:59:14] epoch  154/300 | train=0.000801 | val=0.000897 | best=0.000894@150 | patience=4/30 | time=3.12s
[2026-04-27 07:59:20] epoch  155/300 | train=0.000795 | val=0.000889 | best=0.000889@155 | patience=0/30 | time=3.01s *
[2026-04-27 07:59:26] epoch  156/300 | train=0.000791 | val=0.000887 | best=0.000887@156 | patience=0/30 | time=3.24s *
[2026-04-27 07:59:29] epoch  157/300 | train=0.000792 | val=0.000894 | best=0.000887@156 | patience=1/30 | time=2.98s
[2026-04-27 07:59:32] epoch  158/300 | train=0.000790 | val=0.000887 | best=0.000887@156 | patience=2/30 | time=3.09s
[2026-04-27 07:59:38] epoch  159/300 | train=0.000785 | val=0.000885 | best=0.000885@159 | patience=0/30 | time=3.00s *
[2026-04-27 07:59:41] epoch  160/300 | train=0.000785 | val=0.000891 | best=0.000885@159 | patience=1/30 | time=3.12s
[2026-04-27 07:59:44] epoch  161/300 | train=0.000785 | val=0.000893 | best=0.000885@159 | patience=2/30 | time=3.01s
[2026-04-27 07:59:48] epoch  162/300 | train=0.000782 | val=0.000890 | best=0.000885@159 | patience=3/30 | time=2.98s
[2026-04-27 07:59:53] epoch  163/300 | train=0.000778 | val=0.000883 | best=0.000883@163 | patience=0/30 | time=3.02s *
[2026-04-27 07:59:56] epoch  164/300 | train=0.000774 | val=0.000883 | best=0.000883@163 | patience=1/30 | time=3.09s
[2026-04-27 08:00:00] epoch  165/300 | train=0.000773 | val=0.000883 | best=0.000883@163 | patience=2/30 | time=2.99s
[2026-04-27 08:00:06] epoch  166/300 | train=0.000772 | val=0.000881 | best=0.000881@166 | patience=0/30 | time=3.26s *
[2026-04-27 08:00:09] epoch  167/300 | train=0.000773 | val=0.000881 | best=0.000881@166 | patience=1/30 | time=3.12s
[2026-04-27 08:00:15] epoch  168/300 | train=0.000767 | val=0.000880 | best=0.000880@168 | patience=0/30 | time=3.02s *
[2026-04-27 08:00:19] epoch  169/300 | train=0.000771 | val=0.000890 | best=0.000880@168 | patience=1/30 | time=3.24s
[2026-04-27 08:00:22] epoch  170/300 | train=0.000767 | val=0.000893 | best=0.000880@168 | patience=2/30 | time=3.09s
[2026-04-27 08:00:25] epoch  171/300 | train=0.000765 | val=0.000879 | best=0.000880@168 | patience=3/30 | time=2.99s
[2026-04-27 08:00:31] epoch  172/300 | train=0.000759 | val=0.000876 | best=0.000876@172 | patience=0/30 | time=2.99s *
[2026-04-27 08:00:34] epoch  173/300 | train=0.000755 | val=0.000877 | best=0.000876@172 | patience=1/30 | time=3.12s
[2026-04-27 08:00:37] epoch  174/300 | train=0.000760 | val=0.000884 | best=0.000876@172 | patience=2/30 | time=3.01s
[2026-04-27 08:00:41] epoch  175/300 | train=0.000755 | val=0.000879 | best=0.000876@172 | patience=3/30 | time=3.02s
[2026-04-27 08:00:47] epoch  176/300 | train=0.000751 | val=0.000872 | best=0.000872@176 | patience=0/30 | time=3.24s *
[2026-04-27 08:00:50] epoch  177/300 | train=0.000752 | val=0.000882 | best=0.000872@176 | patience=1/30 | time=3.09s
[2026-04-27 08:00:53] epoch  178/300 | train=0.000750 | val=0.000882 | best=0.000872@176 | patience=2/30 | time=2.99s
[2026-04-27 08:00:56] epoch  179/300 | train=0.000747 | val=0.000878 | best=0.000872@176 | patience=3/30 | time=3.22s
[2026-04-27 08:01:00] epoch  180/300 | train=0.000746 | val=0.000877 | best=0.000872@176 | patience=4/30 | time=3.12s
[2026-04-27 08:01:05] epoch  181/300 | train=0.000742 | val=0.000869 | best=0.000869@181 | patience=0/30 | time=3.02s *
[2026-04-27 08:01:08] epoch  182/300 | train=0.000740 | val=0.000873 | best=0.000869@181 | patience=1/30 | time=3.03s
[2026-04-27 08:01:12] epoch  183/300 | train=0.000736 | val=0.000868 | best=0.000869@181 | patience=2/30 | time=3.29s
[2026-04-27 08:01:15] epoch  184/300 | train=0.000735 | val=0.000869 | best=0.000869@181 | patience=3/30 | time=3.11s
[2026-04-27 08:01:18] epoch  185/300 | train=0.000730 | val=0.000874 | best=0.000869@181 | patience=4/30 | time=3.00s
[2026-04-27 08:01:24] epoch  186/300 | train=0.000737 | val=0.000866 | best=0.000866@186 | patience=0/30 | time=3.26s *
[2026-04-27 08:01:28] epoch  187/300 | train=0.000737 | val=0.000869 | best=0.000866@186 | patience=1/30 | time=2.99s
[2026-04-27 08:01:31] epoch  188/300 | train=0.000732 | val=0.000872 | best=0.000866@186 | patience=2/30 | time=3.02s
[2026-04-27 08:01:34] epoch  189/300 | train=0.000727 | val=0.000867 | best=0.000866@186 | patience=3/30 | time=3.03s
[2026-04-27 08:01:40] epoch  190/300 | train=0.000724 | val=0.000865 | best=0.000865@190 | patience=0/30 | time=3.29s *
[2026-04-27 08:01:43] epoch  191/300 | train=0.000720 | val=0.000865 | best=0.000865@190 | patience=1/30 | time=3.12s
[2026-04-27 08:01:49] epoch  192/300 | train=0.000720 | val=0.000862 | best=0.000862@192 | patience=0/30 | time=2.99s *
[2026-04-27 08:01:52] epoch  193/300 | train=0.000725 | val=0.000869 | best=0.000862@192 | patience=1/30 | time=3.20s
[2026-04-27 08:01:55] epoch  194/300 | train=0.000722 | val=0.000867 | best=0.000862@192 | patience=2/30 | time=3.13s
[2026-04-27 08:01:59] epoch  195/300 | train=0.000719 | val=0.000874 | best=0.000862@192 | patience=3/30 | time=3.02s
[2026-04-27 08:02:02] epoch  196/300 | train=0.000717 | val=0.000863 | best=0.000862@192 | patience=4/30 | time=3.02s
[2026-04-27 08:02:05] epoch  197/300 | train=0.000714 | val=0.000868 | best=0.000862@192 | patience=5/30 | time=3.24s
[2026-04-27 08:02:08] epoch  198/300 | train=0.000712 | val=0.000863 | best=0.000862@192 | patience=6/30 | time=3.09s
[2026-04-27 08:02:12] epoch  199/300 | train=0.000707 | val=0.000863 | best=0.000862@192 | patience=7/30 | time=2.98s
[2026-04-27 08:02:15] epoch  200/300 | train=0.000708 | val=0.000863 | best=0.000862@192 | patience=8/30 | time=3.00s
[2026-04-27 08:02:21] epoch  201/300 | train=0.000702 | val=0.000859 | best=0.000859@201 | patience=0/30 | time=3.22s *
[2026-04-27 08:02:24] epoch  202/300 | train=0.000709 | val=0.000866 | best=0.000859@201 | patience=1/30 | time=3.01s
[2026-04-27 08:02:27] epoch  203/300 | train=0.000704 | val=0.000864 | best=0.000859@201 | patience=2/30 | time=3.03s
[2026-04-27 08:02:30] epoch  204/300 | train=0.000699 | val=0.000859 | best=0.000859@201 | patience=3/30 | time=3.24s
[2026-04-27 08:02:36] epoch  205/300 | train=0.000700 | val=0.000856 | best=0.000856@205 | patience=0/30 | time=3.09s *
[2026-04-27 08:02:40] epoch  206/300 | train=0.000692 | val=0.000863 | best=0.000856@205 | patience=1/30 | time=2.99s
[2026-04-27 08:02:43] epoch  207/300 | train=0.000691 | val=0.000866 | best=0.000856@205 | patience=2/30 | time=3.21s
[2026-04-27 08:02:47] epoch  208/300 | train=0.000695 | val=0.000860 | best=0.000856@205 | patience=3/30 | time=3.12s
[2026-04-27 08:02:50] epoch  209/300 | train=0.000693 | val=0.000869 | best=0.000856@205 | patience=4/30 | time=3.02s
[2026-04-27 08:02:53] epoch  210/300 | train=0.000690 | val=0.000858 | best=0.000856@205 | patience=5/30 | time=3.02s
[2026-04-27 08:02:56] epoch  211/300 | train=0.000687 | val=0.000862 | best=0.000856@205 | patience=6/30 | time=3.24s
[2026-04-27 08:03:00] epoch  212/300 | train=0.000683 | val=0.000856 | best=0.000856@205 | patience=7/30 | time=3.10s
[2026-04-27 08:03:03] epoch  213/300 | train=0.000695 | val=0.000877 | best=0.000856@205 | patience=8/30 | time=2.99s
[2026-04-27 08:03:06] epoch  214/300 | train=0.000686 | val=0.000858 | best=0.000856@205 | patience=9/30 | time=2.99s
[2026-04-27 08:03:12] epoch  215/300 | train=0.000680 | val=0.000854 | best=0.000854@215 | patience=0/30 | time=3.21s *
[2026-04-27 08:03:15] epoch  216/300 | train=0.000676 | val=0.000857 | best=0.000854@215 | patience=1/30 | time=3.02s
[2026-04-27 08:03:18] epoch  217/300 | train=0.000674 | val=0.000857 | best=0.000854@215 | patience=2/30 | time=3.03s
[2026-04-27 08:03:21] epoch  218/300 | train=0.000672 | val=0.000859 | best=0.000854@215 | patience=3/30 | time=2.99s
[2026-04-27 08:03:25] epoch  219/300 | train=0.000677 | val=0.000859 | best=0.000854@215 | patience=4/30 | time=3.25s
[2026-04-27 08:03:28] epoch  220/300 | train=0.000680 | val=0.000863 | best=0.000854@215 | patience=5/30 | time=3.10s
[2026-04-27 08:03:31] epoch  221/300 | train=0.000676 | val=0.000861 | best=0.000854@215 | patience=6/30 | time=2.99s
[2026-04-27 08:03:35] epoch  222/300 | train=0.000666 | val=0.000855 | best=0.000854@215 | patience=7/30 | time=3.26s
[2026-04-27 08:03:38] epoch  223/300 | train=0.000668 | val=0.000854 | best=0.000854@215 | patience=8/30 | time=3.13s
[2026-04-27 08:03:41] epoch  224/300 | train=0.000667 | val=0.000859 | best=0.000854@215 | patience=9/30 | time=3.02s
[2026-04-27 08:03:47] epoch  225/300 | train=0.000659 | val=0.000853 | best=0.000853@225 | patience=0/30 | time=3.03s *
[2026-04-27 08:03:50] epoch  226/300 | train=0.000660 | val=0.000855 | best=0.000853@225 | patience=1/30 | time=3.25s
[2026-04-27 08:03:53] epoch  227/300 | train=0.000654 | val=0.000855 | best=0.000853@225 | patience=2/30 | time=3.09s
[2026-04-27 08:03:57] epoch  228/300 | train=0.000658 | val=0.000871 | best=0.000853@225 | patience=3/30 | time=2.99s
[2026-04-27 08:04:00] epoch  229/300 | train=0.000656 | val=0.000855 | best=0.000853@225 | patience=4/30 | time=3.23s
[2026-04-27 08:04:03] epoch  230/300 | train=0.000652 | val=0.000854 | best=0.000853@225 | patience=5/30 | time=3.12s
[2026-04-27 08:04:06] epoch  231/300 | train=0.000649 | val=0.000852 | best=0.000853@225 | patience=6/30 | time=3.02s
[2026-04-27 08:04:09] epoch  232/300 | train=0.000654 | val=0.000871 | best=0.000853@225 | patience=7/30 | time=3.02s
[2026-04-27 08:04:16] epoch  233/300 | train=0.000649 | val=0.000851 | best=0.000851@233 | patience=0/30 | time=2.99s *
[2026-04-27 08:04:19] epoch  234/300 | train=0.000644 | val=0.000851 | best=0.000851@233 | patience=1/30 | time=3.09s
[2026-04-27 08:04:23] epoch  235/300 | train=0.000648 | val=0.000855 | best=0.000851@233 | patience=2/30 | time=2.99s
[2026-04-27 08:04:26] epoch  236/300 | train=0.000640 | val=0.000852 | best=0.000851@233 | patience=3/30 | time=3.22s
[2026-04-27 08:04:29] epoch  237/300 | train=0.000637 | val=0.000853 | best=0.000851@233 | patience=4/30 | time=3.12s
[2026-04-27 08:04:32] epoch  238/300 | train=0.000643 | val=0.000864 | best=0.000851@233 | patience=5/30 | time=3.02s
[2026-04-27 08:04:36] epoch  239/300 | train=0.000639 | val=0.000850 | best=0.000851@233 | patience=6/30 | time=3.02s
[2026-04-27 08:04:39] epoch  240/300 | train=0.000635 | val=0.000851 | best=0.000851@233 | patience=7/30 | time=3.25s
[2026-04-27 08:04:42] epoch  241/300 | train=0.000634 | val=0.000851 | best=0.000851@233 | patience=8/30 | time=2.99s
[2026-04-27 08:04:45] epoch  242/300 | train=0.000633 | val=0.000858 | best=0.000851@233 | patience=9/30 | time=3.12s
[2026-04-27 08:04:48] epoch  243/300 | train=0.000632 | val=0.000869 | best=0.000851@233 | patience=10/30 | time=2.99s
[2026-04-27 08:04:52] epoch  244/300 | train=0.000637 | val=0.000854 | best=0.000851@233 | patience=11/30 | time=3.20s
[2026-04-27 08:04:55] epoch  245/300 | train=0.000635 | val=0.000863 | best=0.000851@233 | patience=12/30 | time=3.12s
[2026-04-27 08:04:58] epoch  246/300 | train=0.000632 | val=0.000861 | best=0.000851@233 | patience=13/30 | time=3.02s
[2026-04-27 08:05:01] epoch  247/300 | train=0.000624 | val=0.000855 | best=0.000851@233 | patience=14/30 | time=3.03s
[2026-04-27 08:05:07] epoch  248/300 | train=0.000623 | val=0.000847 | best=0.000847@248 | patience=0/30 | time=3.24s *
[2026-04-27 08:05:11] epoch  249/300 | train=0.000622 | val=0.000859 | best=0.000847@248 | patience=1/30 | time=3.10s
[2026-04-27 08:05:14] epoch  250/300 | train=0.000615 | val=0.000852 | best=0.000847@248 | patience=2/30 | time=2.99s
[2026-04-27 08:05:17] epoch  251/300 | train=0.000611 | val=0.000861 | best=0.000847@248 | patience=3/30 | time=3.27s
[2026-04-27 08:05:20] epoch  252/300 | train=0.000622 | val=0.000851 | best=0.000847@248 | patience=4/30 | time=3.12s
[2026-04-27 08:05:24] epoch  253/300 | train=0.000612 | val=0.000857 | best=0.000847@248 | patience=5/30 | time=3.02s
[2026-04-27 08:05:27] epoch  254/300 | train=0.000613 | val=0.000851 | best=0.000847@248 | patience=6/30 | time=3.03s
[2026-04-27 08:05:30] epoch  255/300 | train=0.000606 | val=0.000853 | best=0.000847@248 | patience=7/30 | time=2.99s
[2026-04-27 08:05:33] epoch  256/300 | train=0.000608 | val=0.000873 | best=0.000847@248 | patience=8/30 | time=2.99s
[2026-04-27 08:05:36] epoch  257/300 | train=0.000609 | val=0.000853 | best=0.000847@248 | patience=9/30 | time=3.11s
[2026-04-27 08:05:40] epoch  258/300 | train=0.000603 | val=0.000850 | best=0.000847@248 | patience=10/30 | time=2.99s
[2026-04-27 08:05:43] epoch  259/300 | train=0.000608 | val=0.000875 | best=0.000847@248 | patience=11/30 | time=3.22s
[2026-04-27 08:05:47] epoch  260/300 | train=0.000603 | val=0.000871 | best=0.000847@248 | patience=12/30 | time=3.12s
[2026-04-27 08:05:50] epoch  261/300 | train=0.000602 | val=0.000851 | best=0.000847@248 | patience=13/30 | time=3.01s
[2026-04-27 08:05:53] epoch  262/300 | train=0.000606 | val=0.000857 | best=0.000847@248 | patience=14/30 | time=3.03s
[2026-04-27 08:05:57] epoch  263/300 | train=0.000597 | val=0.000864 | best=0.000847@248 | patience=15/30 | time=3.24s
[2026-04-27 08:06:00] epoch  264/300 | train=0.000591 | val=0.000851 | best=0.000847@248 | patience=16/30 | time=3.10s
[2026-04-27 08:06:03] epoch  265/300 | train=0.000588 | val=0.000853 | best=0.000847@248 | patience=17/30 | time=2.99s
[2026-04-27 08:06:06] epoch  266/300 | train=0.000589 | val=0.000849 | best=0.000847@248 | patience=18/30 | time=2.99s
[2026-04-27 08:06:10] epoch  267/300 | train=0.000599 | val=0.000868 | best=0.000847@248 | patience=19/30 | time=3.26s
[2026-04-27 08:06:13] epoch  268/300 | train=0.000593 | val=0.000856 | best=0.000847@248 | patience=20/30 | time=3.11s
[2026-04-27 08:06:16] epoch  269/300 | train=0.000584 | val=0.000850 | best=0.000847@248 | patience=21/30 | time=3.02s
[2026-04-27 08:06:19] epoch  270/300 | train=0.000589 | val=0.000876 | best=0.000847@248 | patience=22/30 | time=3.03s
[2026-04-27 08:06:22] epoch  271/300 | train=0.000588 | val=0.000872 | best=0.000847@248 | patience=23/30 | time=3.29s
[2026-04-27 08:06:26] epoch  272/300 | train=0.000587 | val=0.000856 | best=0.000847@248 | patience=24/30 | time=3.09s
[2026-04-27 08:06:29] epoch  273/300 | train=0.000581 | val=0.000857 | best=0.000847@248 | patience=25/30 | time=2.99s
[2026-04-27 08:06:32] epoch  274/300 | train=0.000578 | val=0.000848 | best=0.000847@248 | patience=26/30 | time=2.99s
[2026-04-27 08:06:35] epoch  275/300 | train=0.000581 | val=0.000885 | best=0.000847@248 | patience=27/30 | time=3.26s
[2026-04-27 08:06:39] epoch  276/300 | train=0.000582 | val=0.000864 | best=0.000847@248 | patience=28/30 | time=3.12s
[2026-04-27 08:06:42] epoch  277/300 | train=0.000574 | val=0.000852 | best=0.000847@248 | patience=29/30 | time=3.01s
[2026-04-27 08:06:45] epoch  278/300 | train=0.000573 | val=0.000866 | best=0.000847@248 | patience=30/30 | time=3.02s
[2026-04-27 08:06:45]   early stopping at epoch 278 (no improvement for 30 epochs)
[2026-04-27 08:06:45] Training done: stop_reason=early_stop, total_epochs=278, best_epoch=248, best_val=0.000847
[2026-04-27 08:06:45] Reloading best checkpoint (epoch 248) for evaluation
[2026-04-27 08:06:57] ------------------------------------------------------------
[2026-04-27 08:06:57] Evaluation:
[2026-04-27 08:06:57]   AUC broken_lcfs         : 0.5962
[2026-04-27 08:06:57]   AUC bad_black_core      : 0.9964
[2026-04-27 08:06:57]   AUC bad_nonconverged    : 1.0000
[2026-04-27 08:06:57]   objective      : 0.8374
[2026-04-27 08:06:57]   floor_ok       : True
[2026-04-27 08:06:57]   threshold      : 0.0938
[2026-04-27 08:06:57]   mu / sigma     : 0.000616918 / 0.000164243
[2026-04-27 08:06:57] Train time=1418.1s, eval time=9.2s
