[2026-04-27 09:20:09] ============================================================
[2026-04-27 09:20:09] Trial 150 starting on cuda:0
[2026-04-27 09:20:09] Timestamp: 2026-04-27T09:20:09.847730
[2026-04-27 09:20:09] --- Config summary ---
  bottleneck_dim  : 244
  n_enc_layers    : 5
  n_dec_layers    : 5
  base_channels   : 47
  growth_factor   : 1.8574958284772434
  use_batchnorm   : True
  use_hpf         : True
  hpf_sigma       : 1.0143707738840786
  lr              : 0.00010285194572972464
  batch_size      : 24
  max_epochs      : 300
  patience        : 30
  seed            : 42
  deterministic   : False
  trial_num       : 150
[2026-04-27 09:20:09] Loading train/val/selection splits...
[2026-04-27 09:21:11] Splits loaded in 62.0s: n_train=722, n_val=120, n_selection=405
[2026-04-27 09:21:13] --- Architecture summary ---
  channels per enc layer : [47, 87, 162, 301, 560]
  final spatial size     : 8x8
  flat size before latent: 35840
  bottleneck_dim         : 244
  total parameters       : 40,456,819
[2026-04-27 09:21:13] Starting training: n_train=722, n_val=120, device=cuda:0
[2026-04-27 09:24:05] epoch    1/300 | train=0.004499 | val=0.003434 | best=0.003434@1 | patience=0/30 | time=171.85s *
[2026-04-27 09:24:14] epoch    2/300 | train=0.002255 | val=0.002817 | best=0.002817@2 | patience=0/30 | time=7.71s *
[2026-04-27 09:24:22] epoch    3/300 | train=0.001814 | val=0.001791 | best=0.001791@3 | patience=0/30 | time=7.71s *
[2026-04-27 09:24:32] epoch    4/300 | train=0.001579 | val=0.001745 | best=0.001745@4 | patience=0/30 | time=8.85s *
[2026-04-27 09:24:41] epoch    5/300 | train=0.001616 | val=0.001510 | best=0.001510@5 | patience=0/30 | time=8.26s *
[2026-04-27 09:24:49] epoch    6/300 | train=0.001420 | val=0.001513 | best=0.001510@5 | patience=1/30 | time=8.07s
[2026-04-27 09:24:58] epoch    7/300 | train=0.001380 | val=0.001389 | best=0.001389@7 | patience=0/30 | time=8.63s *
[2026-04-27 09:25:06] epoch    8/300 | train=0.001368 | val=0.001530 | best=0.001389@7 | patience=1/30 | time=7.71s
[2026-04-27 09:25:14] epoch    9/300 | train=0.001356 | val=0.001307 | best=0.001307@9 | patience=0/30 | time=7.71s *
[2026-04-27 09:25:23] epoch   10/300 | train=0.001297 | val=0.001317 | best=0.001307@9 | patience=1/30 | time=8.08s
[2026-04-27 09:25:31] epoch   11/300 | train=0.001298 | val=0.001297 | best=0.001297@11 | patience=0/30 | time=8.07s *
[2026-04-27 09:25:40] epoch   12/300 | train=0.001275 | val=0.001277 | best=0.001277@12 | patience=0/30 | time=7.81s *
[2026-04-27 09:25:51] epoch   13/300 | train=0.001273 | val=0.001262 | best=0.001262@13 | patience=0/30 | time=10.79s *
[2026-04-27 09:26:00] epoch   14/300 | train=0.001261 | val=0.001246 | best=0.001246@14 | patience=0/30 | time=8.28s *
[2026-04-27 09:26:08] epoch   15/300 | train=0.001251 | val=0.001253 | best=0.001246@14 | patience=1/30 | time=7.78s
[2026-04-27 09:26:21] epoch   16/300 | train=0.001265 | val=0.001234 | best=0.001234@16 | patience=0/30 | time=11.91s *
[2026-04-27 09:26:29] epoch   17/300 | train=0.001225 | val=0.001266 | best=0.001234@16 | patience=1/30 | time=7.71s
[2026-04-27 09:26:37] epoch   18/300 | train=0.001248 | val=0.001252 | best=0.001234@16 | patience=2/30 | time=7.91s
[2026-04-27 09:26:48] epoch   19/300 | train=0.001220 | val=0.001216 | best=0.001216@19 | patience=0/30 | time=10.11s *
[2026-04-27 09:26:56] epoch   20/300 | train=0.001203 | val=0.001289 | best=0.001216@19 | patience=1/30 | time=8.18s
[2026-04-27 09:27:04] epoch   21/300 | train=0.001252 | val=0.001234 | best=0.001216@19 | patience=2/30 | time=7.86s
[2026-04-27 09:27:13] epoch   22/300 | train=0.001199 | val=0.001203 | best=0.001203@22 | patience=0/30 | time=8.91s *
[2026-04-27 09:27:22] epoch   23/300 | train=0.001190 | val=0.001245 | best=0.001203@22 | patience=1/30 | time=8.25s
[2026-04-27 09:27:30] epoch   24/300 | train=0.001203 | val=0.001249 | best=0.001203@22 | patience=2/30 | time=7.80s
[2026-04-27 09:27:40] epoch   25/300 | train=0.001217 | val=0.001252 | best=0.001203@22 | patience=3/30 | time=10.10s
[2026-04-27 09:27:48] epoch   26/300 | train=0.001175 | val=0.001219 | best=0.001203@22 | patience=4/30 | time=7.77s
[2026-04-27 09:27:57] epoch   27/300 | train=0.001181 | val=0.001181 | best=0.001181@27 | patience=0/30 | time=8.08s *
[2026-04-27 09:28:08] epoch   28/300 | train=0.001161 | val=0.001168 | best=0.001168@28 | patience=0/30 | time=10.23s *
[2026-04-27 09:28:17] epoch   29/300 | train=0.001149 | val=0.001155 | best=0.001155@29 | patience=0/30 | time=8.29s *
[2026-04-27 09:28:25] epoch   30/300 | train=0.001135 | val=0.001140 | best=0.001140@30 | patience=0/30 | time=7.67s *
[2026-04-27 09:28:34] epoch   31/300 | train=0.001131 | val=0.001129 | best=0.001129@31 | patience=0/30 | time=8.09s *
[2026-04-27 09:28:42] epoch   32/300 | train=0.001121 | val=0.001138 | best=0.001129@31 | patience=1/30 | time=8.26s
[2026-04-27 09:28:50] epoch   33/300 | train=0.001122 | val=0.001141 | best=0.001129@31 | patience=2/30 | time=7.83s
[2026-04-27 09:28:59] epoch   34/300 | train=0.001111 | val=0.001121 | best=0.001121@34 | patience=0/30 | time=8.18s *
[2026-04-27 09:29:07] epoch   35/300 | train=0.001106 | val=0.001137 | best=0.001121@34 | patience=1/30 | time=7.77s
[2026-04-27 09:29:15] epoch   36/300 | train=0.001094 | val=0.001107 | best=0.001107@36 | patience=0/30 | time=7.72s *
[2026-04-27 09:29:24] epoch   37/300 | train=0.001080 | val=0.001084 | best=0.001084@37 | patience=0/30 | time=7.72s *
[2026-04-27 09:29:32] epoch   38/300 | train=0.001067 | val=0.001181 | best=0.001084@37 | patience=1/30 | time=7.78s
[2026-04-27 09:29:40] epoch   39/300 | train=0.001105 | val=0.001098 | best=0.001084@37 | patience=2/30 | time=7.73s
[2026-04-27 09:29:48] epoch   40/300 | train=0.001060 | val=0.001143 | best=0.001084@37 | patience=3/30 | time=7.72s
[2026-04-27 09:29:56] epoch   41/300 | train=0.001051 | val=0.001076 | best=0.001076@41 | patience=0/30 | time=8.11s *
[2026-04-27 09:30:05] epoch   42/300 | train=0.001039 | val=0.001065 | best=0.001065@42 | patience=0/30 | time=7.72s *
[2026-04-27 09:30:13] epoch   43/300 | train=0.001032 | val=0.001056 | best=0.001056@43 | patience=0/30 | time=7.68s *
[2026-04-27 09:30:22] epoch   44/300 | train=0.001024 | val=0.001038 | best=0.001038@44 | patience=0/30 | time=8.11s *
[2026-04-27 09:30:30] epoch   45/300 | train=0.001007 | val=0.001066 | best=0.001038@44 | patience=1/30 | time=8.25s
[2026-04-27 09:30:38] epoch   46/300 | train=0.001022 | val=0.001039 | best=0.001038@44 | patience=2/30 | time=7.78s
[2026-04-27 09:30:50] epoch   47/300 | train=0.000993 | val=0.001041 | best=0.001038@44 | patience=3/30 | time=11.94s
[2026-04-27 09:30:59] epoch   48/300 | train=0.000993 | val=0.001005 | best=0.001005@48 | patience=0/30 | time=8.20s *
[2026-04-27 09:31:08] epoch   49/300 | train=0.000980 | val=0.001002 | best=0.001002@49 | patience=0/30 | time=8.07s *
[2026-04-27 09:31:19] epoch   50/300 | train=0.000966 | val=0.001021 | best=0.001002@49 | patience=1/30 | time=10.59s
[2026-04-27 09:31:28] epoch   51/300 | train=0.000967 | val=0.000993 | best=0.000993@51 | patience=0/30 | time=8.16s *
[2026-04-27 09:31:36] epoch   52/300 | train=0.000955 | val=0.000989 | best=0.000989@52 | patience=0/30 | time=7.69s *
[2026-04-27 09:31:44] epoch   53/300 | train=0.000943 | val=0.001016 | best=0.000989@52 | patience=1/30 | time=8.01s
[2026-04-27 09:31:52] epoch   54/300 | train=0.000946 | val=0.001012 | best=0.000989@52 | patience=2/30 | time=8.12s
[2026-04-27 09:32:01] epoch   55/300 | train=0.000948 | val=0.000994 | best=0.000989@52 | patience=3/30 | time=8.04s
[2026-04-27 09:32:13] epoch   56/300 | train=0.000931 | val=0.000965 | best=0.000965@56 | patience=0/30 | time=11.78s *
[2026-04-27 09:32:22] epoch   57/300 | train=0.000910 | val=0.001145 | best=0.000965@56 | patience=1/30 | time=8.30s
[2026-04-27 09:32:30] epoch   58/300 | train=0.000947 | val=0.000959 | best=0.000959@58 | patience=0/30 | time=7.77s *
[2026-04-27 09:32:42] epoch   59/300 | train=0.000911 | val=0.001004 | best=0.000959@58 | patience=1/30 | time=11.60s
[2026-04-27 09:32:50] epoch   60/300 | train=0.000906 | val=0.000941 | best=0.000941@60 | patience=0/30 | time=7.70s *
[2026-04-27 09:32:58] epoch   61/300 | train=0.000905 | val=0.000959 | best=0.000941@60 | patience=1/30 | time=7.82s
[2026-04-27 09:33:08] epoch   62/300 | train=0.000893 | val=0.000942 | best=0.000941@60 | patience=2/30 | time=10.32s
[2026-04-27 09:33:16] epoch   63/300 | train=0.000895 | val=0.000951 | best=0.000941@60 | patience=3/30 | time=7.66s
[2026-04-27 09:33:25] epoch   64/300 | train=0.000882 | val=0.000943 | best=0.000941@60 | patience=4/30 | time=7.81s
[2026-04-27 09:33:35] epoch   65/300 | train=0.000882 | val=0.000944 | best=0.000941@60 | patience=5/30 | time=10.39s
[2026-04-27 09:33:45] epoch   66/300 | train=0.000867 | val=0.000929 | best=0.000929@66 | patience=0/30 | time=8.70s *
[2026-04-27 09:33:53] epoch   67/300 | train=0.000860 | val=0.000939 | best=0.000929@66 | patience=1/30 | time=8.28s
[2026-04-27 09:34:02] epoch   68/300 | train=0.000857 | val=0.000924 | best=0.000924@68 | patience=0/30 | time=7.98s *
[2026-04-27 09:34:13] epoch   69/300 | train=0.000850 | val=0.000926 | best=0.000924@68 | patience=1/30 | time=11.44s
[2026-04-27 09:34:22] epoch   70/300 | train=0.000848 | val=0.000942 | best=0.000924@68 | patience=2/30 | time=7.77s
[2026-04-27 09:34:31] epoch   71/300 | train=0.000850 | val=0.000930 | best=0.000924@68 | patience=3/30 | time=9.52s
[2026-04-27 09:34:39] epoch   72/300 | train=0.000842 | val=0.000971 | best=0.000924@68 | patience=4/30 | time=7.79s
[2026-04-27 09:34:48] epoch   73/300 | train=0.000857 | val=0.000917 | best=0.000917@73 | patience=0/30 | time=8.14s *
[2026-04-27 09:34:58] epoch   74/300 | train=0.000832 | val=0.000917 | best=0.000917@73 | patience=1/30 | time=9.80s
[2026-04-27 09:35:07] epoch   75/300 | train=0.000825 | val=0.000913 | best=0.000913@75 | patience=0/30 | time=8.42s *
[2026-04-27 09:35:16] epoch   76/300 | train=0.000830 | val=0.000901 | best=0.000901@76 | patience=0/30 | time=7.68s *
[2026-04-27 09:35:27] epoch   77/300 | train=0.000816 | val=0.000902 | best=0.000901@76 | patience=1/30 | time=11.40s
[2026-04-27 09:35:35] epoch   78/300 | train=0.000824 | val=0.000930 | best=0.000901@76 | patience=2/30 | time=8.06s
[2026-04-27 09:35:43] epoch   79/300 | train=0.000835 | val=0.000927 | best=0.000901@76 | patience=3/30 | time=7.68s
[2026-04-27 09:35:54] epoch   80/300 | train=0.000807 | val=0.000917 | best=0.000901@76 | patience=4/30 | time=11.11s
[2026-04-27 09:36:03] epoch   81/300 | train=0.000808 | val=0.000891 | best=0.000891@81 | patience=0/30 | time=8.28s *
[2026-04-27 09:36:11] epoch   82/300 | train=0.000798 | val=0.000928 | best=0.000891@81 | patience=1/30 | time=7.92s
[2026-04-27 09:36:22] epoch   83/300 | train=0.000791 | val=0.002247 | best=0.000891@81 | patience=2/30 | time=10.62s
[2026-04-27 09:36:30] epoch   84/300 | train=0.001069 | val=0.001075 | best=0.000891@81 | patience=3/30 | time=8.02s
[2026-04-27 09:36:38] epoch   85/300 | train=0.000908 | val=0.000965 | best=0.000891@81 | patience=4/30 | time=7.82s
[2026-04-27 09:36:50] epoch   86/300 | train=0.000854 | val=0.000924 | best=0.000891@81 | patience=5/30 | time=11.61s
[2026-04-27 09:36:58] epoch   87/300 | train=0.000824 | val=0.000945 | best=0.000891@81 | patience=6/30 | time=7.72s
[2026-04-27 09:37:06] epoch   88/300 | train=0.000837 | val=0.000911 | best=0.000891@81 | patience=7/30 | time=7.85s
[2026-04-27 09:37:17] epoch   89/300 | train=0.000813 | val=0.000886 | best=0.000886@89 | patience=0/30 | time=10.57s *
[2026-04-27 09:37:26] epoch   90/300 | train=0.000795 | val=0.000888 | best=0.000886@89 | patience=1/30 | time=9.31s
[2026-04-27 09:37:35] epoch   91/300 | train=0.000783 | val=0.000871 | best=0.000871@91 | patience=0/30 | time=7.83s *
[2026-04-27 09:37:45] epoch   92/300 | train=0.000770 | val=0.000976 | best=0.000871@91 | patience=1/30 | time=10.34s
[2026-04-27 09:37:53] epoch   93/300 | train=0.000793 | val=0.000882 | best=0.000871@91 | patience=2/30 | time=7.77s
[2026-04-27 09:38:02] epoch   94/300 | train=0.000769 | val=0.000888 | best=0.000871@91 | patience=3/30 | time=8.24s
[2026-04-27 09:38:10] epoch   95/300 | train=0.000768 | val=0.000874 | best=0.000871@91 | patience=4/30 | time=8.01s
[2026-04-27 09:38:20] epoch   96/300 | train=0.000759 | val=0.000872 | best=0.000871@91 | patience=5/30 | time=8.42s
[2026-04-27 09:38:28] epoch   97/300 | train=0.000756 | val=0.000891 | best=0.000871@91 | patience=6/30 | time=8.24s
[2026-04-27 09:38:37] epoch   98/300 | train=0.000754 | val=0.000869 | best=0.000869@98 | patience=0/30 | time=8.07s *
[2026-04-27 09:38:49] epoch   99/300 | train=0.000745 | val=0.000858 | best=0.000858@99 | patience=0/30 | time=11.52s *
[2026-04-27 09:38:58] epoch  100/300 | train=0.000741 | val=0.000904 | best=0.000858@99 | patience=1/30 | time=8.45s
[2026-04-27 09:39:10] epoch  101/300 | train=0.000762 | val=0.000894 | best=0.000858@99 | patience=2/30 | time=11.73s
[2026-04-27 09:39:18] epoch  102/300 | train=0.000755 | val=0.000884 | best=0.000858@99 | patience=3/30 | time=8.17s
[2026-04-27 09:39:26] epoch  103/300 | train=0.000726 | val=0.000867 | best=0.000858@99 | patience=4/30 | time=7.81s
[2026-04-27 09:39:34] epoch  104/300 | train=0.000726 | val=0.000862 | best=0.000858@99 | patience=5/30 | time=8.11s
[2026-04-27 09:39:42] epoch  105/300 | train=0.000715 | val=0.000870 | best=0.000858@99 | patience=6/30 | time=7.79s
[2026-04-27 09:39:50] epoch  106/300 | train=0.000710 | val=0.000891 | best=0.000858@99 | patience=7/30 | time=7.72s
[2026-04-27 09:39:58] epoch  107/300 | train=0.000723 | val=0.000967 | best=0.000858@99 | patience=8/30 | time=8.02s
[2026-04-27 09:40:07] epoch  108/300 | train=0.000758 | val=0.000897 | best=0.000858@99 | patience=9/30 | time=8.97s
[2026-04-27 09:40:15] epoch  109/300 | train=0.000743 | val=0.000865 | best=0.000858@99 | patience=10/30 | time=7.72s
[2026-04-27 09:40:23] epoch  110/300 | train=0.000724 | val=0.000865 | best=0.000858@99 | patience=11/30 | time=8.02s
[2026-04-27 09:40:35] epoch  111/300 | train=0.000705 | val=0.000864 | best=0.000858@99 | patience=12/30 | time=11.44s
[2026-04-27 09:40:43] epoch  112/300 | train=0.000695 | val=0.000887 | best=0.000858@99 | patience=13/30 | time=8.27s
[2026-04-27 09:40:54] epoch  113/300 | train=0.000704 | val=0.000859 | best=0.000858@99 | patience=14/30 | time=10.69s
[2026-04-27 09:41:02] epoch  114/300 | train=0.000690 | val=0.000871 | best=0.000858@99 | patience=15/30 | time=7.76s
[2026-04-27 09:41:10] epoch  115/300 | train=0.000682 | val=0.000861 | best=0.000858@99 | patience=16/30 | time=7.72s
[2026-04-27 09:41:18] epoch  116/300 | train=0.000697 | val=0.000866 | best=0.000858@99 | patience=17/30 | time=7.95s
[2026-04-27 09:41:27] epoch  117/300 | train=0.000674 | val=0.000873 | best=0.000858@99 | patience=18/30 | time=8.74s
[2026-04-27 09:41:34] epoch  118/300 | train=0.000677 | val=0.000876 | best=0.000858@99 | patience=19/30 | time=7.72s
[2026-04-27 09:41:42] epoch  119/300 | train=0.000681 | val=0.000870 | best=0.000858@99 | patience=20/30 | time=7.83s
[2026-04-27 09:41:51] epoch  120/300 | train=0.000685 | val=0.000861 | best=0.000858@99 | patience=21/30 | time=8.02s
[2026-04-27 09:42:00] epoch  121/300 | train=0.000661 | val=0.000854 | best=0.000854@121 | patience=0/30 | time=8.24s *
[2026-04-27 09:42:07] epoch  122/300 | train=0.000647 | val=0.000872 | best=0.000854@121 | patience=1/30 | time=7.85s
[2026-04-27 09:42:16] epoch  123/300 | train=0.000665 | val=0.000858 | best=0.000854@121 | patience=2/30 | time=8.88s
[2026-04-27 09:42:25] epoch  124/300 | train=0.000645 | val=0.000865 | best=0.000854@121 | patience=3/30 | time=8.22s
[2026-04-27 09:42:33] epoch  125/300 | train=0.000652 | val=0.000859 | best=0.000854@121 | patience=4/30 | time=7.82s
[2026-04-27 09:42:44] epoch  126/300 | train=0.000648 | val=0.000848 | best=0.000848@126 | patience=0/30 | time=10.79s *
[2026-04-27 09:42:54] epoch  127/300 | train=0.000640 | val=0.000842 | best=0.000842@127 | patience=0/30 | time=9.11s *
[2026-04-27 09:43:02] epoch  128/300 | train=0.000622 | val=0.000971 | best=0.000842@127 | patience=1/30 | time=7.83s
[2026-04-27 09:43:14] epoch  129/300 | train=0.000665 | val=0.000916 | best=0.000842@127 | patience=2/30 | time=11.63s
[2026-04-27 09:43:22] epoch  130/300 | train=0.000685 | val=0.000914 | best=0.000842@127 | patience=3/30 | time=8.23s
[2026-04-27 09:43:30] epoch  131/300 | train=0.000669 | val=0.000856 | best=0.000842@127 | patience=4/30 | time=7.95s
[2026-04-27 09:43:42] epoch  132/300 | train=0.000635 | val=0.000863 | best=0.000842@127 | patience=5/30 | time=11.29s
[2026-04-27 09:43:50] epoch  133/300 | train=0.000629 | val=0.000849 | best=0.000842@127 | patience=6/30 | time=7.94s
[2026-04-27 09:43:58] epoch  134/300 | train=0.000621 | val=0.000849 | best=0.000842@127 | patience=7/30 | time=8.03s
[2026-04-27 09:44:09] epoch  135/300 | train=0.000601 | val=0.000857 | best=0.000842@127 | patience=8/30 | time=11.22s
[2026-04-27 09:44:18] epoch  136/300 | train=0.000605 | val=0.000858 | best=0.000842@127 | patience=9/30 | time=8.27s
[2026-04-27 09:44:28] epoch  137/300 | train=0.000601 | val=0.000848 | best=0.000842@127 | patience=10/30 | time=10.62s
[2026-04-27 09:44:37] epoch  138/300 | train=0.000587 | val=0.000859 | best=0.000842@127 | patience=11/30 | time=8.42s
[2026-04-27 09:44:45] epoch  139/300 | train=0.000588 | val=0.000868 | best=0.000842@127 | patience=12/30 | time=7.77s
[2026-04-27 09:44:56] epoch  140/300 | train=0.000600 | val=0.000852 | best=0.000842@127 | patience=13/30 | time=10.36s
[2026-04-27 09:45:05] epoch  141/300 | train=0.000585 | val=0.000877 | best=0.000842@127 | patience=14/30 | time=7.67s
[2026-04-27 09:45:13] epoch  142/300 | train=0.000627 | val=0.000929 | best=0.000842@127 | patience=15/30 | time=7.78s
[2026-04-27 09:45:23] epoch  143/300 | train=0.000645 | val=0.000853 | best=0.000842@127 | patience=16/30 | time=9.58s
[2026-04-27 09:45:32] epoch  144/300 | train=0.000599 | val=0.000846 | best=0.000842@127 | patience=17/30 | time=8.57s
[2026-04-27 09:45:39] epoch  145/300 | train=0.000576 | val=0.000845 | best=0.000842@127 | patience=18/30 | time=7.71s
[2026-04-27 09:45:47] epoch  146/300 | train=0.000562 | val=0.000854 | best=0.000842@127 | patience=19/30 | time=7.94s
[2026-04-27 09:45:59] epoch  147/300 | train=0.000581 | val=0.000870 | best=0.000842@127 | patience=20/30 | time=11.40s
[2026-04-27 09:46:07] epoch  148/300 | train=0.000580 | val=0.000881 | best=0.000842@127 | patience=21/30 | time=8.27s
[2026-04-27 09:46:16] epoch  149/300 | train=0.000589 | val=0.000858 | best=0.000842@127 | patience=22/30 | time=8.07s
[2026-04-27 09:46:25] epoch  150/300 | train=0.000573 | val=0.000866 | best=0.000842@127 | patience=23/30 | time=8.85s
[2026-04-27 09:46:33] epoch  151/300 | train=0.000563 | val=0.000857 | best=0.000842@127 | patience=24/30 | time=8.03s
[2026-04-27 09:46:41] epoch  152/300 | train=0.000586 | val=0.000852 | best=0.000842@127 | patience=25/30 | time=7.90s
[2026-04-27 09:46:50] epoch  153/300 | train=0.000561 | val=0.000851 | best=0.000842@127 | patience=26/30 | time=8.05s
[2026-04-27 09:46:57] epoch  154/300 | train=0.000545 | val=0.000858 | best=0.000842@127 | patience=27/30 | time=7.72s
[2026-04-27 09:47:05] epoch  155/300 | train=0.000532 | val=0.000854 | best=0.000842@127 | patience=28/30 | time=7.80s
[2026-04-27 09:47:17] epoch  156/300 | train=0.000531 | val=0.000861 | best=0.000842@127 | patience=29/30 | time=11.80s
[2026-04-27 09:47:25] epoch  157/300 | train=0.000541 | val=0.000846 | best=0.000842@127 | patience=30/30 | time=7.71s
[2026-04-27 09:47:25]   early stopping at epoch 157 (no improvement for 30 epochs)
[2026-04-27 09:47:25] Training done: stop_reason=early_stop, total_epochs=157, best_epoch=127, best_val=0.000842
[2026-04-27 09:47:25] Reloading best checkpoint (epoch 127) for evaluation
[2026-04-27 09:47:41] ------------------------------------------------------------
[2026-04-27 09:47:41] Evaluation:
[2026-04-27 09:47:41]   AUC broken_lcfs         : 0.6167
[2026-04-27 09:47:41]   AUC bad_black_core      : 0.9965
[2026-04-27 09:47:41]   AUC bad_nonconverged    : 0.9973
[2026-04-27 09:47:41]   objective      : 0.8448
[2026-04-27 09:47:41]   floor_ok       : True
[2026-04-27 09:47:41]   threshold      : 0.0867
[2026-04-27 09:47:41]   mu / sigma     : 0.000617438 / 0.000180395
[2026-04-27 09:47:41] Train time=1572.5s, eval time=15.4s
