[2026-04-27 11:43:35] ============================================================
[2026-04-27 11:43:35] Trial 179 starting on cuda:0
[2026-04-27 11:43:35] Timestamp: 2026-04-27T11:43:35.207194
[2026-04-27 11:43:35] --- Config summary ---
  bottleneck_dim  : 194
  n_enc_layers    : 2
  n_dec_layers    : 4
  base_channels   : 26
  growth_factor   : 2.977426307342182
  use_batchnorm   : True
  use_hpf         : True
  hpf_sigma       : 1.0274711741555471
  lr              : 0.0013754087136407832
  batch_size      : 32
  max_epochs      : 300
  patience        : 30
  seed            : 42
  deterministic   : False
  trial_num       : 179
[2026-04-27 11:43:35] Loading train/val/selection splits...
[2026-04-27 11:44:38] Splits loaded in 63.1s: n_train=722, n_val=120, n_selection=405
[2026-04-27 11:44:44] --- Architecture summary ---
  channels per enc layer : [26, 77]
  final spatial size     : 64x64
  flat size before latent: 315392
  bottleneck_dim         : 194
  total parameters       : 122,957,220
[2026-04-27 11:44:44] Starting training: n_train=722, n_val=120, device=cuda:0
[2026-04-27 11:46:28] epoch    1/300 | train=0.004506 | val=0.003123 | best=0.003123@1 | patience=0/30 | time=100.50s *
[2026-04-27 11:46:38] epoch    2/300 | train=0.002129 | val=0.002306 | best=0.002306@2 | patience=0/30 | time=5.75s *
[2026-04-27 11:46:45] epoch    3/300 | train=0.001628 | val=0.001697 | best=0.001697@3 | patience=0/30 | time=3.11s *
[2026-04-27 11:46:49] epoch    4/300 | train=0.001440 | val=0.001828 | best=0.001697@3 | patience=1/30 | time=3.10s
[2026-04-27 11:46:55] epoch    5/300 | train=0.001387 | val=0.001454 | best=0.001454@5 | patience=0/30 | time=3.10s *
[2026-04-27 11:47:04] epoch    6/300 | train=0.001325 | val=0.001338 | best=0.001338@6 | patience=0/30 | time=3.21s *
[2026-04-27 11:47:12] epoch    7/300 | train=0.001314 | val=0.001336 | best=0.001336@7 | patience=0/30 | time=4.13s *
[2026-04-27 11:47:15] epoch    8/300 | train=0.001306 | val=0.001360 | best=0.001336@7 | patience=1/30 | time=3.11s
[2026-04-27 11:47:22] epoch    9/300 | train=0.001299 | val=0.001287 | best=0.001287@9 | patience=0/30 | time=3.41s *
[2026-04-27 11:47:26] epoch   10/300 | train=0.001274 | val=0.001294 | best=0.001287@9 | patience=1/30 | time=3.20s
[2026-04-27 11:47:35] epoch   11/300 | train=0.001268 | val=0.001284 | best=0.001284@11 | patience=0/30 | time=3.37s *
[2026-04-27 11:47:42] epoch   12/300 | train=0.001263 | val=0.001269 | best=0.001269@12 | patience=0/30 | time=3.71s *
[2026-04-27 11:47:49] epoch   13/300 | train=0.001263 | val=0.001262 | best=0.001262@13 | patience=0/30 | time=3.11s *
[2026-04-27 11:47:57] epoch   14/300 | train=0.001257 | val=0.001259 | best=0.001259@14 | patience=0/30 | time=3.11s *
[2026-04-27 11:48:03] epoch   15/300 | train=0.001249 | val=0.001249 | best=0.001249@15 | patience=0/30 | time=3.10s *
[2026-04-27 11:48:07] epoch   16/300 | train=0.001272 | val=0.001254 | best=0.001249@15 | patience=1/30 | time=3.23s
[2026-04-27 11:48:17] epoch   17/300 | train=0.001244 | val=0.001248 | best=0.001248@17 | patience=0/30 | time=6.82s *
[2026-04-27 11:48:24] epoch   18/300 | train=0.001250 | val=0.001245 | best=0.001245@18 | patience=0/30 | time=3.10s *
[2026-04-27 11:48:31] epoch   19/300 | train=0.001236 | val=0.001236 | best=0.001236@19 | patience=0/30 | time=3.11s *
[2026-04-27 11:48:34] epoch   20/300 | train=0.001234 | val=0.001258 | best=0.001236@19 | patience=1/30 | time=3.11s
[2026-04-27 11:48:37] epoch   21/300 | train=0.001239 | val=0.001254 | best=0.001236@19 | patience=2/30 | time=3.22s
[2026-04-27 11:48:41] epoch   22/300 | train=0.001228 | val=0.001257 | best=0.001236@19 | patience=3/30 | time=3.35s
[2026-04-27 11:48:48] epoch   23/300 | train=0.001230 | val=0.001231 | best=0.001231@23 | patience=0/30 | time=3.99s *
[2026-04-27 11:48:55] epoch   24/300 | train=0.001224 | val=0.001229 | best=0.001229@24 | patience=0/30 | time=3.11s *
[2026-04-27 11:48:58] epoch   25/300 | train=0.001223 | val=0.001241 | best=0.001229@24 | patience=1/30 | time=3.10s
[2026-04-27 11:49:02] epoch   26/300 | train=0.001227 | val=0.001252 | best=0.001229@24 | patience=2/30 | time=3.12s
[2026-04-27 11:49:05] epoch   27/300 | train=0.001230 | val=0.001246 | best=0.001229@24 | patience=3/30 | time=3.13s
[2026-04-27 11:49:12] epoch   28/300 | train=0.001223 | val=0.001225 | best=0.001225@28 | patience=0/30 | time=3.10s *
[2026-04-27 11:49:15] epoch   29/300 | train=0.001219 | val=0.001262 | best=0.001225@28 | patience=1/30 | time=3.23s
[2026-04-27 11:49:22] epoch   30/300 | train=0.001207 | val=0.001211 | best=0.001211@30 | patience=0/30 | time=3.12s *
[2026-04-27 11:49:29] epoch   31/300 | train=0.001199 | val=0.001197 | best=0.001197@31 | patience=0/30 | time=3.11s *
[2026-04-27 11:49:33] epoch   32/300 | train=0.001186 | val=0.001413 | best=0.001197@31 | patience=1/30 | time=3.11s
[2026-04-27 11:49:40] epoch   33/300 | train=0.001177 | val=0.001182 | best=0.001182@33 | patience=0/30 | time=3.19s *
[2026-04-27 11:49:49] epoch   34/300 | train=0.001164 | val=0.001176 | best=0.001176@34 | patience=0/30 | time=5.93s *
[2026-04-27 11:49:52] epoch   35/300 | train=0.001154 | val=0.001232 | best=0.001176@34 | patience=1/30 | time=3.10s
[2026-04-27 11:49:59] epoch   36/300 | train=0.001145 | val=0.001149 | best=0.001149@36 | patience=0/30 | time=3.11s *
[2026-04-27 11:50:06] epoch   37/300 | train=0.001131 | val=0.001133 | best=0.001133@37 | patience=0/30 | time=3.11s *
[2026-04-27 11:50:13] epoch   38/300 | train=0.001105 | val=0.001130 | best=0.001130@38 | patience=0/30 | time=3.22s *
[2026-04-27 11:50:22] epoch   39/300 | train=0.001094 | val=0.001117 | best=0.001117@39 | patience=0/30 | time=3.41s *
[2026-04-27 11:50:28] epoch   40/300 | train=0.001085 | val=0.001098 | best=0.001098@40 | patience=0/30 | time=3.10s *
[2026-04-27 11:50:32] epoch   41/300 | train=0.001060 | val=0.001102 | best=0.001098@40 | patience=1/30 | time=3.10s
[2026-04-27 11:50:39] epoch   42/300 | train=0.001046 | val=0.001055 | best=0.001055@42 | patience=0/30 | time=3.10s *
[2026-04-27 11:50:46] epoch   43/300 | train=0.001027 | val=0.001039 | best=0.001039@43 | patience=0/30 | time=3.10s *
[2026-04-27 11:50:53] epoch   44/300 | train=0.001010 | val=0.001020 | best=0.001020@44 | patience=0/30 | time=3.13s *
[2026-04-27 11:50:58] epoch   45/300 | train=0.000989 | val=0.001027 | best=0.001020@44 | patience=1/30 | time=5.49s
[2026-04-27 11:51:01] epoch   46/300 | train=0.000987 | val=0.001072 | best=0.001020@44 | patience=2/30 | time=3.12s
[2026-04-27 11:51:08] epoch   47/300 | train=0.000968 | val=0.000994 | best=0.000994@47 | patience=0/30 | time=3.10s *
[2026-04-27 11:51:15] epoch   48/300 | train=0.000946 | val=0.000972 | best=0.000972@48 | patience=0/30 | time=3.17s *
[2026-04-27 11:51:18] epoch   49/300 | train=0.000932 | val=0.001060 | best=0.000972@48 | patience=1/30 | time=3.28s
[2026-04-27 11:51:22] epoch   50/300 | train=0.000920 | val=0.000973 | best=0.000972@48 | patience=2/30 | time=3.30s
[2026-04-27 11:51:29] epoch   51/300 | train=0.000907 | val=0.000992 | best=0.000972@48 | patience=3/30 | time=6.98s
[2026-04-27 11:51:36] epoch   52/300 | train=0.000893 | val=0.000934 | best=0.000934@52 | patience=0/30 | time=3.13s *
[2026-04-27 11:51:39] epoch   53/300 | train=0.000884 | val=0.000934 | best=0.000934@52 | patience=1/30 | time=3.65s
[2026-04-27 11:51:42] epoch   54/300 | train=0.000872 | val=0.001159 | best=0.000934@52 | patience=2/30 | time=3.10s
[2026-04-27 11:51:50] epoch   55/300 | train=0.000865 | val=0.000933 | best=0.000933@55 | patience=0/30 | time=3.30s *
[2026-04-27 11:51:55] epoch   56/300 | train=0.000857 | val=0.000982 | best=0.000933@55 | patience=1/30 | time=5.42s
[2026-04-27 11:51:59] epoch   57/300 | train=0.000841 | val=0.000976 | best=0.000933@55 | patience=2/30 | time=4.07s
[2026-04-27 11:52:06] epoch   58/300 | train=0.000834 | val=0.000919 | best=0.000919@58 | patience=0/30 | time=3.10s *
[2026-04-27 11:52:10] epoch   59/300 | train=0.000823 | val=0.000973 | best=0.000919@58 | patience=1/30 | time=3.61s
[2026-04-27 11:52:17] epoch   60/300 | train=0.000806 | val=0.000884 | best=0.000884@60 | patience=0/30 | time=3.10s *
[2026-04-27 11:52:20] epoch   61/300 | train=0.000797 | val=0.000937 | best=0.000884@60 | patience=1/30 | time=3.28s
[2026-04-27 11:52:26] epoch   62/300 | train=0.000788 | val=0.000937 | best=0.000884@60 | patience=2/30 | time=6.21s
[2026-04-27 11:52:29] epoch   63/300 | train=0.000784 | val=0.000888 | best=0.000884@60 | patience=3/30 | time=3.13s
[2026-04-27 11:52:37] epoch   64/300 | train=0.000773 | val=0.000878 | best=0.000878@64 | patience=0/30 | time=3.11s *
[2026-04-27 11:52:40] epoch   65/300 | train=0.000777 | val=0.000903 | best=0.000878@64 | patience=1/30 | time=3.10s
[2026-04-27 11:52:43] epoch   66/300 | train=0.000763 | val=0.000977 | best=0.000878@64 | patience=2/30 | time=3.10s
[2026-04-27 11:52:50] epoch   67/300 | train=0.000745 | val=0.000865 | best=0.000865@67 | patience=0/30 | time=3.13s *
[2026-04-27 11:52:53] epoch   68/300 | train=0.000726 | val=0.000939 | best=0.000865@67 | patience=1/30 | time=3.37s
[2026-04-27 11:53:00] epoch   69/300 | train=0.000710 | val=0.000864 | best=0.000864@69 | patience=0/30 | time=3.22s *
[2026-04-27 11:53:03] epoch   70/300 | train=0.000718 | val=0.000871 | best=0.000864@69 | patience=1/30 | time=3.12s
[2026-04-27 11:53:06] epoch   71/300 | train=0.000715 | val=0.000971 | best=0.000864@69 | patience=2/30 | time=3.11s
[2026-04-27 11:53:10] epoch   72/300 | train=0.000701 | val=0.001025 | best=0.000864@69 | patience=3/30 | time=3.55s
[2026-04-27 11:53:17] epoch   73/300 | train=0.000682 | val=0.000854 | best=0.000854@73 | patience=0/30 | time=3.10s *
[2026-04-27 11:53:20] epoch   74/300 | train=0.000666 | val=0.000861 | best=0.000854@73 | patience=1/30 | time=3.14s
[2026-04-27 11:53:23] epoch   75/300 | train=0.000677 | val=0.000900 | best=0.000854@73 | patience=2/30 | time=3.10s
[2026-04-27 11:53:30] epoch   76/300 | train=0.000675 | val=0.000880 | best=0.000854@73 | patience=3/30 | time=6.16s
[2026-04-27 11:53:33] epoch   77/300 | train=0.000641 | val=0.000905 | best=0.000854@73 | patience=4/30 | time=3.12s
[2026-04-27 11:53:36] epoch   78/300 | train=0.000637 | val=0.000856 | best=0.000854@73 | patience=5/30 | time=3.11s
[2026-04-27 11:53:39] epoch   79/300 | train=0.000622 | val=0.000881 | best=0.000854@73 | patience=6/30 | time=3.17s
[2026-04-27 11:53:46] epoch   80/300 | train=0.000602 | val=0.000831 | best=0.000831@80 | patience=0/30 | time=3.10s *
[2026-04-27 11:53:49] epoch   81/300 | train=0.000594 | val=0.000973 | best=0.000831@80 | patience=1/30 | time=3.13s
[2026-04-27 11:53:52] epoch   82/300 | train=0.000582 | val=0.000864 | best=0.000831@80 | patience=2/30 | time=3.10s
[2026-04-27 11:53:58] epoch   83/300 | train=0.000582 | val=0.000874 | best=0.000831@80 | patience=3/30 | time=5.46s
[2026-04-27 11:54:01] epoch   84/300 | train=0.000590 | val=0.000895 | best=0.000831@80 | patience=4/30 | time=3.12s
[2026-04-27 11:54:04] epoch   85/300 | train=0.000588 | val=0.000876 | best=0.000831@80 | patience=5/30 | time=3.11s
[2026-04-27 11:54:08] epoch   86/300 | train=0.000552 | val=0.000831 | best=0.000831@80 | patience=6/30 | time=3.50s
[2026-04-27 11:54:11] epoch   87/300 | train=0.000534 | val=0.000849 | best=0.000831@80 | patience=7/30 | time=3.10s
[2026-04-27 11:54:15] epoch   88/300 | train=0.000517 | val=0.000831 | best=0.000831@80 | patience=8/30 | time=3.10s
[2026-04-27 11:54:18] epoch   89/300 | train=0.000523 | val=0.000989 | best=0.000831@80 | patience=9/30 | time=3.23s
[2026-04-27 11:54:21] epoch   90/300 | train=0.000579 | val=0.000860 | best=0.000831@80 | patience=10/30 | time=3.13s
[2026-04-27 11:54:29] epoch   91/300 | train=0.000530 | val=0.000825 | best=0.000825@91 | patience=0/30 | time=4.77s *
[2026-04-27 11:54:33] epoch   92/300 | train=0.000498 | val=0.000837 | best=0.000825@91 | patience=1/30 | time=3.85s
[2026-04-27 11:54:37] epoch   93/300 | train=0.000477 | val=0.000838 | best=0.000825@91 | patience=2/30 | time=3.12s
[2026-04-27 11:54:40] epoch   94/300 | train=0.000466 | val=0.000830 | best=0.000825@91 | patience=3/30 | time=3.10s
[2026-04-27 11:54:43] epoch   95/300 | train=0.000458 | val=0.000974 | best=0.000825@91 | patience=4/30 | time=3.50s
[2026-04-27 11:54:47] epoch   96/300 | train=0.000475 | val=0.000866 | best=0.000825@91 | patience=5/30 | time=3.11s
[2026-04-27 11:54:50] epoch   97/300 | train=0.000449 | val=0.000836 | best=0.000825@91 | patience=6/30 | time=3.13s
[2026-04-27 11:54:57] epoch   98/300 | train=0.000432 | val=0.000820 | best=0.000820@98 | patience=0/30 | time=3.13s *
[2026-04-27 11:55:00] epoch   99/300 | train=0.000416 | val=0.000830 | best=0.000820@98 | patience=1/30 | time=3.10s
[2026-04-27 11:55:07] epoch  100/300 | train=0.000405 | val=0.000872 | best=0.000820@98 | patience=2/30 | time=7.06s
[2026-04-27 11:55:10] epoch  101/300 | train=0.000402 | val=0.000834 | best=0.000820@98 | patience=3/30 | time=3.12s
[2026-04-27 11:55:14] epoch  102/300 | train=0.000405 | val=0.000826 | best=0.000820@98 | patience=4/30 | time=3.10s
[2026-04-27 11:55:17] epoch  103/300 | train=0.000393 | val=0.000839 | best=0.000820@98 | patience=5/30 | time=3.17s
[2026-04-27 11:55:20] epoch  104/300 | train=0.000407 | val=0.000901 | best=0.000820@98 | patience=6/30 | time=3.10s
[2026-04-27 11:55:23] epoch  105/300 | train=0.000392 | val=0.000853 | best=0.000820@98 | patience=7/30 | time=3.29s
[2026-04-27 11:55:27] epoch  106/300 | train=0.000377 | val=0.000835 | best=0.000820@98 | patience=8/30 | time=3.14s
[2026-04-27 11:55:33] epoch  107/300 | train=0.000358 | val=0.000839 | best=0.000820@98 | patience=9/30 | time=5.86s
[2026-04-27 11:55:36] epoch  108/300 | train=0.000348 | val=0.000864 | best=0.000820@98 | patience=10/30 | time=3.24s
[2026-04-27 11:55:39] epoch  109/300 | train=0.000348 | val=0.000901 | best=0.000820@98 | patience=11/30 | time=3.12s
[2026-04-27 11:55:42] epoch  110/300 | train=0.000342 | val=0.000866 | best=0.000820@98 | patience=12/30 | time=3.11s
[2026-04-27 11:55:46] epoch  111/300 | train=0.000345 | val=0.000835 | best=0.000820@98 | patience=13/30 | time=3.17s
[2026-04-27 11:55:49] epoch  112/300 | train=0.000327 | val=0.000852 | best=0.000820@98 | patience=14/30 | time=3.11s
[2026-04-27 11:55:52] epoch  113/300 | train=0.000312 | val=0.000859 | best=0.000820@98 | patience=15/30 | time=3.26s
[2026-04-27 11:55:55] epoch  114/300 | train=0.000310 | val=0.000864 | best=0.000820@98 | patience=16/30 | time=3.14s
[2026-04-27 11:56:01] epoch  115/300 | train=0.000311 | val=0.000848 | best=0.000820@98 | patience=17/30 | time=5.80s
[2026-04-27 11:56:05] epoch  116/300 | train=0.000318 | val=0.000870 | best=0.000820@98 | patience=18/30 | time=3.21s
[2026-04-27 11:56:08] epoch  117/300 | train=0.000309 | val=0.000954 | best=0.000820@98 | patience=19/30 | time=3.13s
[2026-04-27 11:56:11] epoch  118/300 | train=0.000311 | val=0.000848 | best=0.000820@98 | patience=20/30 | time=3.11s
[2026-04-27 11:56:15] epoch  119/300 | train=0.000285 | val=0.000839 | best=0.000820@98 | patience=21/30 | time=3.52s
[2026-04-27 11:56:18] epoch  120/300 | train=0.000277 | val=0.000876 | best=0.000820@98 | patience=22/30 | time=3.10s
[2026-04-27 11:56:21] epoch  121/300 | train=0.000279 | val=0.000833 | best=0.000820@98 | patience=23/30 | time=3.27s
[2026-04-27 11:56:25] epoch  122/300 | train=0.000303 | val=0.000872 | best=0.000820@98 | patience=24/30 | time=3.32s
[2026-04-27 11:56:30] epoch  123/300 | train=0.000379 | val=0.001002 | best=0.000820@98 | patience=25/30 | time=4.94s
[2026-04-27 11:56:34] epoch  124/300 | train=0.000359 | val=0.000874 | best=0.000820@98 | patience=26/30 | time=4.21s
[2026-04-27 11:56:37] epoch  125/300 | train=0.000293 | val=0.000861 | best=0.000820@98 | patience=27/30 | time=3.11s
[2026-04-27 11:56:41] epoch  126/300 | train=0.000263 | val=0.000825 | best=0.000820@98 | patience=28/30 | time=3.11s
[2026-04-27 11:56:44] epoch  127/300 | train=0.000249 | val=0.000842 | best=0.000820@98 | patience=29/30 | time=3.17s
[2026-04-27 11:56:47] epoch  128/300 | train=0.000236 | val=0.000856 | best=0.000820@98 | patience=30/30 | time=3.11s
[2026-04-27 11:56:47]   early stopping at epoch 128 (no improvement for 30 epochs)
[2026-04-27 11:56:47] Training done: stop_reason=early_stop, total_epochs=128, best_epoch=98, best_val=0.000820
[2026-04-27 11:56:47] Reloading best checkpoint (epoch 98) for evaluation
[2026-04-27 11:56:56] ------------------------------------------------------------
[2026-04-27 11:56:56] Evaluation:
[2026-04-27 11:56:56]   AUC broken_lcfs         : 0.6215
[2026-04-27 11:56:56]   AUC bad_black_core      : 0.9941
[2026-04-27 11:56:56]   AUC bad_nonconverged    : 1.0000
[2026-04-27 11:56:56]   objective      : 0.8468
[2026-04-27 11:56:56]   floor_ok       : True
[2026-04-27 11:56:56]   threshold      : 0.2341
[2026-04-27 11:56:56]   mu / sigma     : 0.000419679 / 8.81986e-05
[2026-04-27 11:56:56] Train time=723.0s, eval time=5.8s
