[2026-04-27 05:17:23] ============================================================
[2026-04-27 05:17:23] Trial 89 starting on cuda:0
[2026-04-27 05:17:23] Timestamp: 2026-04-27T05:17:23.085754
[2026-04-27 05:17:23] --- Config summary ---
  bottleneck_dim  : 216
  n_enc_layers    : 5
  n_dec_layers    : 3
  base_channels   : 34
  growth_factor   : 2.3849741278558407
  use_batchnorm   : True
  use_hpf         : True
  hpf_sigma       : 1.0138596417492107
  lr              : 4.398645664590593e-05
  batch_size      : 16
  max_epochs      : 300
  patience        : 30
  seed            : 42
  deterministic   : False
  trial_num       : 89
[2026-04-27 05:17:23] Loading train/val/selection splits...
[2026-04-27 05:18:23] Splits loaded in 60.7s: n_train=722, n_val=120, n_selection=405
[2026-04-27 05:18:27] --- Architecture summary ---
  channels per enc layer : [34, 81, 193, 461, 1100]
  final spatial size     : 8x8
  flat size before latent: 70400
  bottleneck_dim         : 216
  total parameters       : 78,871,231
[2026-04-27 05:18:27] Starting training: n_train=722, n_val=120, device=cuda:0
[2026-04-27 05:21:03] epoch    1/300 | train=0.005397 | val=0.003205 | best=0.003205@1 | patience=0/30 | time=155.53s *
[2026-04-27 05:21:12] epoch    2/300 | train=0.002096 | val=0.001890 | best=0.001890@2 | patience=0/30 | time=7.67s *
[2026-04-27 05:21:24] epoch    3/300 | train=0.001687 | val=0.001620 | best=0.001620@3 | patience=0/30 | time=7.55s *
[2026-04-27 05:21:34] epoch    4/300 | train=0.001509 | val=0.001455 | best=0.001455@4 | patience=0/30 | time=7.74s *
[2026-04-27 05:21:43] epoch    5/300 | train=0.001410 | val=0.001373 | best=0.001373@5 | patience=0/30 | time=7.76s *
[2026-04-27 05:21:52] epoch    6/300 | train=0.001358 | val=0.001350 | best=0.001350@6 | patience=0/30 | time=7.56s *
[2026-04-27 05:22:02] epoch    7/300 | train=0.001313 | val=0.001321 | best=0.001321@7 | patience=0/30 | time=9.27s *
[2026-04-27 05:22:11] epoch    8/300 | train=0.001282 | val=0.001317 | best=0.001317@8 | patience=0/30 | time=7.72s *
[2026-04-27 05:22:20] epoch    9/300 | train=0.001259 | val=0.001249 | best=0.001249@9 | patience=0/30 | time=7.32s *
[2026-04-27 05:22:29] epoch   10/300 | train=0.001227 | val=0.001249 | best=0.001249@9 | patience=1/30 | time=9.24s
[2026-04-27 05:22:38] epoch   11/300 | train=0.001215 | val=0.001220 | best=0.001220@11 | patience=0/30 | time=7.74s *
[2026-04-27 05:22:47] epoch   12/300 | train=0.001187 | val=0.001187 | best=0.001187@12 | patience=0/30 | time=7.66s *
[2026-04-27 05:22:56] epoch   13/300 | train=0.001168 | val=0.001181 | best=0.001181@13 | patience=0/30 | time=7.38s *
[2026-04-27 05:23:05] epoch   14/300 | train=0.001157 | val=0.001159 | best=0.001159@14 | patience=0/30 | time=7.91s *
[2026-04-27 05:23:14] epoch   15/300 | train=0.001133 | val=0.001146 | best=0.001146@15 | patience=0/30 | time=7.73s *
[2026-04-27 05:23:22] epoch   16/300 | train=0.001122 | val=0.001118 | best=0.001118@16 | patience=0/30 | time=7.41s *
[2026-04-27 05:23:31] epoch   17/300 | train=0.001095 | val=0.001134 | best=0.001118@16 | patience=1/30 | time=8.31s
[2026-04-27 05:23:40] epoch   18/300 | train=0.001087 | val=0.001100 | best=0.001100@18 | patience=0/30 | time=7.71s *
[2026-04-27 05:23:48] epoch   19/300 | train=0.001068 | val=0.001066 | best=0.001066@19 | patience=0/30 | time=7.33s *
[2026-04-27 05:24:00] epoch   20/300 | train=0.001052 | val=0.001113 | best=0.001066@19 | patience=1/30 | time=10.98s
[2026-04-27 05:24:08] epoch   21/300 | train=0.001042 | val=0.001044 | best=0.001044@21 | patience=0/30 | time=7.70s *
[2026-04-27 05:24:17] epoch   22/300 | train=0.001022 | val=0.001036 | best=0.001036@22 | patience=0/30 | time=7.20s *
[2026-04-27 05:24:25] epoch   23/300 | train=0.001007 | val=0.001091 | best=0.001036@22 | patience=1/30 | time=7.45s
[2026-04-27 05:24:33] epoch   24/300 | train=0.001002 | val=0.001020 | best=0.001020@24 | patience=0/30 | time=7.30s *
[2026-04-27 05:24:42] epoch   25/300 | train=0.000992 | val=0.001000 | best=0.001000@25 | patience=0/30 | time=7.23s *
[2026-04-27 05:24:49] epoch   26/300 | train=0.000970 | val=0.001010 | best=0.001000@25 | patience=1/30 | time=7.21s
[2026-04-27 05:24:58] epoch   27/300 | train=0.000967 | val=0.000995 | best=0.000995@27 | patience=0/30 | time=7.62s *
[2026-04-27 05:25:05] epoch   28/300 | train=0.000946 | val=0.001036 | best=0.000995@27 | patience=1/30 | time=7.24s
[2026-04-27 05:25:14] epoch   29/300 | train=0.000970 | val=0.000989 | best=0.000989@29 | patience=0/30 | time=7.22s *
[2026-04-27 05:25:22] epoch   30/300 | train=0.000934 | val=0.000963 | best=0.000963@30 | patience=0/30 | time=7.49s *
[2026-04-27 05:25:31] epoch   31/300 | train=0.000922 | val=0.000954 | best=0.000954@31 | patience=0/30 | time=7.29s *
[2026-04-27 05:25:40] epoch   32/300 | train=0.000908 | val=0.000944 | best=0.000944@32 | patience=0/30 | time=7.18s *
[2026-04-27 05:25:47] epoch   33/300 | train=0.000899 | val=0.000954 | best=0.000944@32 | patience=1/30 | time=7.21s
[2026-04-27 05:25:56] epoch   34/300 | train=0.000888 | val=0.000942 | best=0.000942@34 | patience=0/30 | time=7.53s *
[2026-04-27 05:26:04] epoch   35/300 | train=0.000886 | val=0.000932 | best=0.000932@35 | patience=0/30 | time=7.25s *
[2026-04-27 05:26:12] epoch   36/300 | train=0.000870 | val=0.000932 | best=0.000932@35 | patience=1/30 | time=7.33s
[2026-04-27 05:26:24] epoch   37/300 | train=0.000863 | val=0.000922 | best=0.000922@37 | patience=0/30 | time=11.02s *
[2026-04-27 05:26:32] epoch   38/300 | train=0.000852 | val=0.000942 | best=0.000922@37 | patience=1/30 | time=7.58s
[2026-04-27 05:26:40] epoch   39/300 | train=0.000857 | val=0.000912 | best=0.000912@39 | patience=0/30 | time=7.37s *
[2026-04-27 05:26:53] epoch   40/300 | train=0.000836 | val=0.000905 | best=0.000905@40 | patience=0/30 | time=11.14s *
[2026-04-27 05:27:00] epoch   41/300 | train=0.000831 | val=0.000909 | best=0.000905@40 | patience=1/30 | time=7.72s
[2026-04-27 05:27:08] epoch   42/300 | train=0.000826 | val=0.000915 | best=0.000905@40 | patience=2/30 | time=7.36s
[2026-04-27 05:27:20] epoch   43/300 | train=0.000819 | val=0.000895 | best=0.000895@43 | patience=0/30 | time=10.96s *
[2026-04-27 05:27:28] epoch   44/300 | train=0.000805 | val=0.000894 | best=0.000895@43 | patience=1/30 | time=7.68s
[2026-04-27 05:27:36] epoch   45/300 | train=0.000796 | val=0.000889 | best=0.000889@45 | patience=0/30 | time=7.18s *
[2026-04-27 05:27:46] epoch   46/300 | train=0.000790 | val=0.000912 | best=0.000889@45 | patience=1/30 | time=9.98s
[2026-04-27 05:27:56] epoch   47/300 | train=0.000788 | val=0.000883 | best=0.000883@47 | patience=0/30 | time=8.04s *
[2026-04-27 05:28:03] epoch   48/300 | train=0.000775 | val=0.000889 | best=0.000883@47 | patience=1/30 | time=7.72s
[2026-04-27 05:28:11] epoch   49/300 | train=0.000773 | val=0.000888 | best=0.000883@47 | patience=2/30 | time=7.42s
[2026-04-27 05:28:20] epoch   50/300 | train=0.000763 | val=0.000869 | best=0.000869@50 | patience=0/30 | time=7.57s *
[2026-04-27 05:28:27] epoch   51/300 | train=0.000746 | val=0.000873 | best=0.000869@50 | patience=1/30 | time=7.25s
[2026-04-27 05:28:34] epoch   52/300 | train=0.000739 | val=0.000872 | best=0.000869@50 | patience=2/30 | time=7.33s
[2026-04-27 05:28:42] epoch   53/300 | train=0.000728 | val=0.000879 | best=0.000869@50 | patience=3/30 | time=7.22s
[2026-04-27 05:28:53] epoch   54/300 | train=0.000721 | val=0.000861 | best=0.000861@54 | patience=0/30 | time=10.56s *
[2026-04-27 05:29:01] epoch   55/300 | train=0.000719 | val=0.000878 | best=0.000861@54 | patience=1/30 | time=7.77s
[2026-04-27 05:29:10] epoch   56/300 | train=0.000716 | val=0.000857 | best=0.000857@56 | patience=0/30 | time=7.38s *
[2026-04-27 05:29:18] epoch   57/300 | train=0.000704 | val=0.000863 | best=0.000857@56 | patience=1/30 | time=8.26s
[2026-04-27 05:29:27] epoch   58/300 | train=0.000699 | val=0.000847 | best=0.000847@58 | patience=0/30 | time=7.26s *
[2026-04-27 05:29:34] epoch   59/300 | train=0.000683 | val=0.000852 | best=0.000847@58 | patience=1/30 | time=7.21s
[2026-04-27 05:29:42] epoch   60/300 | train=0.000669 | val=0.000851 | best=0.000847@58 | patience=2/30 | time=7.53s
[2026-04-27 05:29:50] epoch   61/300 | train=0.000672 | val=0.000846 | best=0.000846@61 | patience=0/30 | time=7.28s *
[2026-04-27 05:29:59] epoch   62/300 | train=0.000662 | val=0.000844 | best=0.000844@62 | patience=0/30 | time=7.22s *
[2026-04-27 05:30:06] epoch   63/300 | train=0.000655 | val=0.000852 | best=0.000844@62 | patience=1/30 | time=7.38s
[2026-04-27 05:30:14] epoch   64/300 | train=0.000648 | val=0.000846 | best=0.000844@62 | patience=2/30 | time=8.35s
[2026-04-27 05:30:23] epoch   65/300 | train=0.000640 | val=0.000840 | best=0.000840@65 | patience=0/30 | time=7.25s *
[2026-04-27 05:30:31] epoch   66/300 | train=0.000632 | val=0.000837 | best=0.000837@66 | patience=0/30 | time=7.20s *
[2026-04-27 05:30:39] epoch   67/300 | train=0.000616 | val=0.000839 | best=0.000837@66 | patience=1/30 | time=7.52s
[2026-04-27 05:30:46] epoch   68/300 | train=0.000607 | val=0.000850 | best=0.000837@66 | patience=2/30 | time=7.30s
[2026-04-27 05:30:54] epoch   69/300 | train=0.000598 | val=0.000846 | best=0.000837@66 | patience=3/30 | time=7.24s
[2026-04-27 05:31:01] epoch   70/300 | train=0.000601 | val=0.000846 | best=0.000837@66 | patience=4/30 | time=7.21s
[2026-04-27 05:31:09] epoch   71/300 | train=0.000594 | val=0.000869 | best=0.000837@66 | patience=5/30 | time=7.48s
[2026-04-27 05:31:16] epoch   72/300 | train=0.000578 | val=0.000866 | best=0.000837@66 | patience=6/30 | time=7.29s
[2026-04-27 05:31:23] epoch   73/300 | train=0.000581 | val=0.000837 | best=0.000837@66 | patience=7/30 | time=7.25s
[2026-04-27 05:31:31] epoch   74/300 | train=0.000565 | val=0.000852 | best=0.000837@66 | patience=8/30 | time=7.21s
[2026-04-27 05:31:38] epoch   75/300 | train=0.000555 | val=0.000838 | best=0.000837@66 | patience=9/30 | time=7.46s
[2026-04-27 05:31:46] epoch   76/300 | train=0.000558 | val=0.000848 | best=0.000837@66 | patience=10/30 | time=7.28s
[2026-04-27 05:31:54] epoch   77/300 | train=0.000541 | val=0.000839 | best=0.000837@66 | patience=11/30 | time=7.74s
[2026-04-27 05:32:02] epoch   78/300 | train=0.000531 | val=0.000849 | best=0.000837@66 | patience=12/30 | time=7.43s
[2026-04-27 05:32:09] epoch   79/300 | train=0.000535 | val=0.000838 | best=0.000837@66 | patience=13/30 | time=7.59s
[2026-04-27 05:32:17] epoch   80/300 | train=0.000516 | val=0.000849 | best=0.000837@66 | patience=14/30 | time=7.18s
[2026-04-27 05:32:24] epoch   81/300 | train=0.000523 | val=0.000838 | best=0.000837@66 | patience=15/30 | time=7.25s
[2026-04-27 05:32:32] epoch   82/300 | train=0.000509 | val=0.000856 | best=0.000837@66 | patience=16/30 | time=7.59s
[2026-04-27 05:32:39] epoch   83/300 | train=0.000502 | val=0.000970 | best=0.000837@66 | patience=17/30 | time=7.57s
[2026-04-27 05:32:47] epoch   84/300 | train=0.000550 | val=0.000851 | best=0.000837@66 | patience=18/30 | time=7.25s
[2026-04-27 05:32:54] epoch   85/300 | train=0.000520 | val=0.000859 | best=0.000837@66 | patience=19/30 | time=7.18s
[2026-04-27 05:33:01] epoch   86/300 | train=0.000496 | val=0.000855 | best=0.000837@66 | patience=20/30 | time=7.23s
[2026-04-27 05:33:09] epoch   87/300 | train=0.000474 | val=0.000858 | best=0.000837@66 | patience=21/30 | time=7.60s
[2026-04-27 05:33:16] epoch   88/300 | train=0.000480 | val=0.000846 | best=0.000837@66 | patience=22/30 | time=7.24s
[2026-04-27 05:33:24] epoch   89/300 | train=0.000455 | val=0.000860 | best=0.000837@66 | patience=23/30 | time=7.35s
[2026-04-27 05:33:36] epoch   90/300 | train=0.000450 | val=0.000835 | best=0.000835@90 | patience=0/30 | time=7.44s *
[2026-04-27 05:33:43] epoch   91/300 | train=0.000433 | val=0.000837 | best=0.000835@90 | patience=1/30 | time=7.26s
[2026-04-27 05:33:51] epoch   92/300 | train=0.000428 | val=0.000853 | best=0.000835@90 | patience=2/30 | time=7.83s
[2026-04-27 05:33:58] epoch   93/300 | train=0.000433 | val=0.000849 | best=0.000835@90 | patience=3/30 | time=7.40s
[2026-04-27 05:34:08] epoch   94/300 | train=0.000423 | val=0.000845 | best=0.000835@90 | patience=4/30 | time=9.93s
[2026-04-27 05:34:16] epoch   95/300 | train=0.000414 | val=0.000856 | best=0.000835@90 | patience=5/30 | time=7.19s
[2026-04-27 05:34:23] epoch   96/300 | train=0.000409 | val=0.000852 | best=0.000835@90 | patience=6/30 | time=7.24s
[2026-04-27 05:34:30] epoch   97/300 | train=0.000403 | val=0.000849 | best=0.000835@90 | patience=7/30 | time=7.24s
[2026-04-27 05:34:38] epoch   98/300 | train=0.000403 | val=0.000844 | best=0.000835@90 | patience=8/30 | time=7.60s
[2026-04-27 05:34:46] epoch   99/300 | train=0.000396 | val=0.000838 | best=0.000835@90 | patience=9/30 | time=7.19s
[2026-04-27 05:34:53] epoch  100/300 | train=0.000393 | val=0.000850 | best=0.000835@90 | patience=10/30 | time=7.25s
[2026-04-27 05:35:00] epoch  101/300 | train=0.000390 | val=0.000846 | best=0.000835@90 | patience=11/30 | time=7.41s
[2026-04-27 05:35:08] epoch  102/300 | train=0.000381 | val=0.000856 | best=0.000835@90 | patience=12/30 | time=7.62s
[2026-04-27 05:35:16] epoch  103/300 | train=0.000367 | val=0.000849 | best=0.000835@90 | patience=13/30 | time=7.98s
[2026-04-27 05:35:24] epoch  104/300 | train=0.000369 | val=0.000848 | best=0.000835@90 | patience=14/30 | time=7.38s
[2026-04-27 05:35:34] epoch  105/300 | train=0.000359 | val=0.000847 | best=0.000835@90 | patience=15/30 | time=10.45s
[2026-04-27 05:35:42] epoch  106/300 | train=0.000351 | val=0.000838 | best=0.000835@90 | patience=16/30 | time=8.04s
[2026-04-27 05:35:50] epoch  107/300 | train=0.000349 | val=0.000849 | best=0.000835@90 | patience=17/30 | time=7.79s
[2026-04-27 05:35:58] epoch  108/300 | train=0.000352 | val=0.000850 | best=0.000835@90 | patience=18/30 | time=7.35s
[2026-04-27 05:36:05] epoch  109/300 | train=0.000347 | val=0.000855 | best=0.000835@90 | patience=19/30 | time=7.47s
[2026-04-27 05:36:13] epoch  110/300 | train=0.000343 | val=0.000857 | best=0.000835@90 | patience=20/30 | time=7.27s
[2026-04-27 05:36:20] epoch  111/300 | train=0.000336 | val=0.000853 | best=0.000835@90 | patience=21/30 | time=7.25s
[2026-04-27 05:36:27] epoch  112/300 | train=0.000332 | val=0.000850 | best=0.000835@90 | patience=22/30 | time=7.22s
[2026-04-27 05:36:35] epoch  113/300 | train=0.000324 | val=0.000848 | best=0.000835@90 | patience=23/30 | time=7.54s
[2026-04-27 05:36:42] epoch  114/300 | train=0.000308 | val=0.000852 | best=0.000835@90 | patience=24/30 | time=7.28s
[2026-04-27 05:36:50] epoch  115/300 | train=0.000307 | val=0.000844 | best=0.000835@90 | patience=25/30 | time=7.82s
[2026-04-27 05:36:58] epoch  116/300 | train=0.000311 | val=0.000848 | best=0.000835@90 | patience=26/30 | time=7.66s
[2026-04-27 05:37:08] epoch  117/300 | train=0.000307 | val=0.000858 | best=0.000835@90 | patience=27/30 | time=9.27s
[2026-04-27 05:37:16] epoch  118/300 | train=0.000305 | val=0.000848 | best=0.000835@90 | patience=28/30 | time=8.04s
[2026-04-27 05:37:24] epoch  119/300 | train=0.000308 | val=0.000846 | best=0.000835@90 | patience=29/30 | time=7.76s
[2026-04-27 05:37:31] epoch  120/300 | train=0.000299 | val=0.000870 | best=0.000835@90 | patience=30/30 | time=7.52s
[2026-04-27 05:37:31]   early stopping at epoch 120 (no improvement for 30 epochs)
[2026-04-27 05:37:31] Training done: stop_reason=early_stop, total_epochs=120, best_epoch=90, best_val=0.000835
[2026-04-27 05:37:31] Reloading best checkpoint (epoch 90) for evaluation
[2026-04-27 05:37:48] ------------------------------------------------------------
[2026-04-27 05:37:48] Evaluation:
[2026-04-27 05:37:48]   AUC broken_lcfs         : 0.6179
[2026-04-27 05:37:48]   AUC bad_black_core      : 0.9956
[2026-04-27 05:37:48]   AUC bad_nonconverged    : 0.9980
[2026-04-27 05:37:48]   objective      : 0.8452
[2026-04-27 05:37:48]   floor_ok       : True
[2026-04-27 05:37:48]   threshold      : 0.1755
[2026-04-27 05:37:48]   mu / sigma     : 0.000427764 / 0.000119156
[2026-04-27 05:37:48] Train time=1144.5s, eval time=15.7s
