[2026-04-27 05:19:15] ============================================================
[2026-04-27 05:19:15] Trial 90 starting on cuda:0
[2026-04-27 05:19:15] Timestamp: 2026-04-27T05:19:15.574992
[2026-04-27 05:19:15] --- Config summary ---
  bottleneck_dim  : 171
  n_enc_layers    : 5
  n_dec_layers    : 5
  base_channels   : 16
  growth_factor   : 1.9140458703482253
  use_batchnorm   : True
  use_hpf         : True
  hpf_sigma       : 1.892591579907597
  lr              : 0.00034313893099278833
  batch_size      : 16
  max_epochs      : 300
  patience        : 30
  seed            : 42
  deterministic   : False
  trial_num       : 90
[2026-04-27 05:19:15] Loading train/val/selection splits...
[2026-04-27 05:19:23] Splits loaded in 8.3s: n_train=722, n_val=120, n_selection=405
[2026-04-27 05:19:23] --- Architecture summary ---
  channels per enc layer : [16, 31, 59, 112, 215]
  final spatial size     : 8x8
  flat size before latent: 13760
  bottleneck_dim         : 171
  total parameters       : 8,022,877
[2026-04-27 05:19:23] Starting training: n_train=722, n_val=120, device=cuda:0
[2026-04-27 05:20:01] epoch    1/300 | train=0.006234 | val=0.005427 | best=0.005427@1 | patience=0/30 | time=37.52s *
[2026-04-27 05:20:03] epoch    2/300 | train=0.004420 | val=0.004274 | best=0.004274@2 | patience=0/30 | time=2.19s *
[2026-04-27 05:20:05] epoch    3/300 | train=0.003893 | val=0.003817 | best=0.003817@3 | patience=0/30 | time=2.19s *
[2026-04-27 05:20:08] epoch    4/300 | train=0.003407 | val=0.003283 | best=0.003283@4 | patience=0/30 | time=2.23s *
[2026-04-27 05:20:10] epoch    5/300 | train=0.003102 | val=0.002941 | best=0.002941@5 | patience=0/30 | time=2.19s *
[2026-04-27 05:20:12] epoch    6/300 | train=0.002917 | val=0.002917 | best=0.002917@6 | patience=0/30 | time=2.21s *
[2026-04-27 05:20:15] epoch    7/300 | train=0.002805 | val=0.002839 | best=0.002839@7 | patience=0/30 | time=2.19s *
[2026-04-27 05:20:17] epoch    8/300 | train=0.002757 | val=0.002919 | best=0.002839@7 | patience=1/30 | time=2.21s
[2026-04-27 05:20:19] epoch    9/300 | train=0.002762 | val=0.002662 | best=0.002662@9 | patience=0/30 | time=2.19s *
[2026-04-27 05:20:21] epoch   10/300 | train=0.002629 | val=0.002620 | best=0.002620@10 | patience=0/30 | time=2.21s *
[2026-04-27 05:20:24] epoch   11/300 | train=0.002627 | val=0.002608 | best=0.002608@11 | patience=0/30 | time=2.19s *
[2026-04-27 05:20:26] epoch   12/300 | train=0.002591 | val=0.002554 | best=0.002554@12 | patience=0/30 | time=2.24s *
[2026-04-27 05:20:28] epoch   13/300 | train=0.002556 | val=0.002568 | best=0.002554@12 | patience=1/30 | time=2.23s
[2026-04-27 05:20:30] epoch   14/300 | train=0.002548 | val=0.002503 | best=0.002503@14 | patience=0/30 | time=2.19s *
[2026-04-27 05:20:33] epoch   15/300 | train=0.002515 | val=0.002525 | best=0.002503@14 | patience=1/30 | time=2.19s
[2026-04-27 05:20:35] epoch   16/300 | train=0.002555 | val=0.002490 | best=0.002490@16 | patience=0/30 | time=2.19s *
[2026-04-27 05:20:37] epoch   17/300 | train=0.002492 | val=0.002519 | best=0.002490@16 | patience=1/30 | time=2.23s
[2026-04-27 05:20:39] epoch   18/300 | train=0.002501 | val=0.002474 | best=0.002474@18 | patience=0/30 | time=2.19s *
[2026-04-27 05:20:42] epoch   19/300 | train=0.002457 | val=0.002458 | best=0.002458@19 | patience=0/30 | time=2.21s *
[2026-04-27 05:20:44] epoch   20/300 | train=0.002450 | val=0.002631 | best=0.002458@19 | patience=1/30 | time=2.21s
[2026-04-27 05:20:46] epoch   21/300 | train=0.002456 | val=0.002425 | best=0.002425@21 | patience=0/30 | time=2.19s *
[2026-04-27 05:20:49] epoch   22/300 | train=0.002399 | val=0.002390 | best=0.002390@22 | patience=0/30 | time=2.21s *
[2026-04-27 05:20:51] epoch   23/300 | train=0.002387 | val=0.002419 | best=0.002390@22 | patience=1/30 | time=2.19s
[2026-04-27 05:20:53] epoch   24/300 | train=0.002373 | val=0.002403 | best=0.002390@22 | patience=2/30 | time=2.24s
[2026-04-27 05:20:55] epoch   25/300 | train=0.002364 | val=0.002372 | best=0.002372@25 | patience=0/30 | time=2.19s *
[2026-04-27 05:20:58] epoch   26/300 | train=0.002336 | val=0.002402 | best=0.002372@25 | patience=1/30 | time=2.23s
[2026-04-27 05:21:00] epoch   27/300 | train=0.002331 | val=0.002319 | best=0.002319@27 | patience=0/30 | time=2.19s *
[2026-04-27 05:21:02] epoch   28/300 | train=0.002286 | val=0.002351 | best=0.002319@27 | patience=1/30 | time=2.19s
[2026-04-27 05:21:04] epoch   29/300 | train=0.002308 | val=0.002306 | best=0.002306@29 | patience=0/30 | time=2.23s *
[2026-04-27 05:21:07] epoch   30/300 | train=0.002261 | val=0.002262 | best=0.002262@30 | patience=0/30 | time=2.19s *
[2026-04-27 05:21:09] epoch   31/300 | train=0.002260 | val=0.002333 | best=0.002262@30 | patience=1/30 | time=2.21s
[2026-04-27 05:21:11] epoch   32/300 | train=0.002250 | val=0.002236 | best=0.002236@32 | patience=0/30 | time=2.19s *
[2026-04-27 05:21:13] epoch   33/300 | train=0.002220 | val=0.002237 | best=0.002236@32 | patience=1/30 | time=2.20s
[2026-04-27 05:21:16] epoch   34/300 | train=0.002195 | val=0.002258 | best=0.002236@32 | patience=2/30 | time=2.20s
[2026-04-27 05:21:18] epoch   35/300 | train=0.002193 | val=0.002230 | best=0.002230@35 | patience=0/30 | time=2.19s *
[2026-04-27 05:21:20] epoch   36/300 | train=0.002167 | val=0.002189 | best=0.002189@36 | patience=0/30 | time=2.22s *
[2026-04-27 05:21:22] epoch   37/300 | train=0.002149 | val=0.002224 | best=0.002189@36 | patience=1/30 | time=2.19s
[2026-04-27 05:21:25] epoch   38/300 | train=0.002146 | val=0.002331 | best=0.002189@36 | patience=2/30 | time=2.23s
[2026-04-27 05:21:27] epoch   39/300 | train=0.002154 | val=0.002109 | best=0.002109@39 | patience=0/30 | time=2.19s *
[2026-04-27 05:21:29] epoch   40/300 | train=0.002088 | val=0.002134 | best=0.002109@39 | patience=1/30 | time=2.19s
[2026-04-27 05:21:31] epoch   41/300 | train=0.002078 | val=0.002133 | best=0.002109@39 | patience=2/30 | time=2.23s
[2026-04-27 05:21:34] epoch   42/300 | train=0.002078 | val=0.002181 | best=0.002109@39 | patience=3/30 | time=2.19s
[2026-04-27 05:21:36] epoch   43/300 | train=0.002097 | val=0.002099 | best=0.002099@43 | patience=0/30 | time=2.21s *
[2026-04-27 05:21:38] epoch   44/300 | train=0.002038 | val=0.002108 | best=0.002099@43 | patience=1/30 | time=2.19s
[2026-04-27 05:21:40] epoch   45/300 | train=0.002017 | val=0.002129 | best=0.002099@43 | patience=2/30 | time=2.20s
[2026-04-27 05:21:43] epoch   46/300 | train=0.002038 | val=0.002119 | best=0.002099@43 | patience=3/30 | time=2.19s
[2026-04-27 05:21:45] epoch   47/300 | train=0.002016 | val=0.002157 | best=0.002099@43 | patience=4/30 | time=2.20s
[2026-04-27 05:21:47] epoch   48/300 | train=0.001983 | val=0.002043 | best=0.002043@48 | patience=0/30 | time=2.23s *
[2026-04-27 05:21:49] epoch   49/300 | train=0.001977 | val=0.002053 | best=0.002043@48 | patience=1/30 | time=2.19s
[2026-04-27 05:21:52] epoch   50/300 | train=0.001952 | val=0.002016 | best=0.002016@50 | patience=0/30 | time=2.23s *
[2026-04-27 05:21:52]   pruned at epoch 50
[2026-04-27 05:21:52] Training done: stop_reason=pruned, total_epochs=50, best_epoch=50, best_val=0.002016
[2026-04-27 05:21:52] Reloading best checkpoint (epoch 50) for evaluation
[2026-04-27 05:21:54] ------------------------------------------------------------
[2026-04-27 05:21:54] Evaluation:
[2026-04-27 05:21:54]   AUC broken_lcfs         : 0.5615
[2026-04-27 05:21:54]   AUC bad_black_core      : 0.9895
[2026-04-27 05:21:54]   AUC bad_nonconverged    : 0.9939
[2026-04-27 05:21:54]   objective      : 0.8196
[2026-04-27 05:21:54]   floor_ok       : True
[2026-04-27 05:21:54]   threshold      : 0.0876
[2026-04-27 05:21:54]   mu / sigma     : 0.00194776 / 0.000479348
[2026-04-27 05:21:54] Train time=148.4s, eval time=2.4s
