[2026-04-27 07:37:25] ============================================================
[2026-04-27 07:37:25] Trial 124 starting on cuda:0
[2026-04-27 07:37:25] Timestamp: 2026-04-27T07:37:25.836380
[2026-04-27 07:37:25] --- Config summary ---
  bottleneck_dim  : 180
  n_enc_layers    : 5
  n_dec_layers    : 5
  base_channels   : 52
  growth_factor   : 2.1896832372145405
  use_batchnorm   : True
  use_hpf         : True
  hpf_sigma       : 1.0254987764982753
  lr              : 4.4160315099947976e-05
  batch_size      : 16
  max_epochs      : 300
  patience        : 30
  seed            : 42
  deterministic   : False
  trial_num       : 124
[2026-04-27 07:37:25] Loading train/val/selection splits...
[2026-04-27 07:37:34] Splits loaded in 8.6s: n_train=722, n_val=120, n_selection=405
[2026-04-27 07:37:35] --- Architecture summary ---
  channels per enc layer : [52, 114, 249, 546, 1195]
  final spatial size     : 8x8
  flat size before latent: 76480
  bottleneck_dim         : 180
  total parameters       : 120,248,610
[2026-04-27 07:37:35] Starting training: n_train=722, n_val=120, device=cuda:0
[2026-04-27 07:40:19] epoch    1/300 | train=0.004039 | val=0.003072 | best=0.003072@1 | patience=0/30 | time=163.79s *
[2026-04-27 07:40:33] epoch    2/300 | train=0.001960 | val=0.001860 | best=0.001860@2 | patience=0/30 | time=14.36s *
[2026-04-27 07:40:48] epoch    3/300 | train=0.001679 | val=0.001635 | best=0.001635@3 | patience=0/30 | time=14.28s *
[2026-04-27 07:41:03] epoch    4/300 | train=0.001501 | val=0.001464 | best=0.001464@4 | patience=0/30 | time=14.27s *
[2026-04-27 07:41:17] epoch    5/300 | train=0.001440 | val=0.001372 | best=0.001372@5 | patience=0/30 | time=14.26s *
[2026-04-27 07:41:32] epoch    6/300 | train=0.001367 | val=0.001367 | best=0.001367@6 | patience=0/30 | time=14.27s *
[2026-04-27 07:41:47] epoch    7/300 | train=0.001338 | val=0.001348 | best=0.001348@7 | patience=0/30 | time=14.22s *
[2026-04-27 07:42:01] epoch    8/300 | train=0.001315 | val=0.001344 | best=0.001344@8 | patience=0/30 | time=14.21s *
[2026-04-27 07:42:16] epoch    9/300 | train=0.001329 | val=0.001287 | best=0.001287@9 | patience=0/30 | time=14.24s *
[2026-04-27 07:42:30] epoch   10/300 | train=0.001271 | val=0.001286 | best=0.001287@9 | patience=1/30 | time=14.23s
[2026-04-27 07:42:44] epoch   11/300 | train=0.001266 | val=0.001262 | best=0.001262@11 | patience=0/30 | time=14.23s *
[2026-04-27 07:42:59] epoch   12/300 | train=0.001253 | val=0.001245 | best=0.001245@12 | patience=0/30 | time=14.24s *
[2026-04-27 07:43:14] epoch   13/300 | train=0.001240 | val=0.001235 | best=0.001235@13 | patience=0/30 | time=14.20s *
[2026-04-27 07:43:28] epoch   14/300 | train=0.001228 | val=0.001226 | best=0.001226@14 | patience=0/30 | time=14.26s *
[2026-04-27 07:43:43] epoch   15/300 | train=0.001214 | val=0.001213 | best=0.001213@15 | patience=0/30 | time=14.22s *
[2026-04-27 07:43:57] epoch   16/300 | train=0.001210 | val=0.001201 | best=0.001201@16 | patience=0/30 | time=14.23s *
[2026-04-27 07:44:12] epoch   17/300 | train=0.001181 | val=0.001192 | best=0.001192@17 | patience=0/30 | time=14.24s *
[2026-04-27 07:44:26] epoch   18/300 | train=0.001174 | val=0.001174 | best=0.001174@18 | patience=0/30 | time=14.21s *
[2026-04-27 07:44:41] epoch   19/300 | train=0.001151 | val=0.001147 | best=0.001147@19 | patience=0/30 | time=14.22s *
[2026-04-27 07:44:55] epoch   20/300 | train=0.001140 | val=0.001189 | best=0.001147@19 | patience=1/30 | time=14.22s
[2026-04-27 07:45:10] epoch   21/300 | train=0.001150 | val=0.001139 | best=0.001139@21 | patience=0/30 | time=14.27s *
[2026-04-27 07:45:25] epoch   22/300 | train=0.001112 | val=0.001108 | best=0.001108@22 | patience=0/30 | time=14.24s *
[2026-04-27 07:45:39] epoch   23/300 | train=0.001103 | val=0.001118 | best=0.001108@22 | patience=1/30 | time=14.21s
[2026-04-27 07:45:53] epoch   24/300 | train=0.001091 | val=0.001100 | best=0.001100@24 | patience=0/30 | time=14.23s *
[2026-04-27 07:46:08] epoch   25/300 | train=0.001081 | val=0.001087 | best=0.001087@25 | patience=0/30 | time=14.22s *
[2026-04-27 07:46:22] epoch   26/300 | train=0.001063 | val=0.001087 | best=0.001087@25 | patience=1/30 | time=14.25s
[2026-04-27 07:46:37] epoch   27/300 | train=0.001051 | val=0.001063 | best=0.001063@27 | patience=0/30 | time=14.23s *
[2026-04-27 07:46:51] epoch   28/300 | train=0.001029 | val=0.001063 | best=0.001063@27 | patience=1/30 | time=14.24s
[2026-04-27 07:47:06] epoch   29/300 | train=0.001042 | val=0.001038 | best=0.001038@29 | patience=0/30 | time=14.23s *
[2026-04-27 07:47:20] epoch   30/300 | train=0.001013 | val=0.001021 | best=0.001021@30 | patience=0/30 | time=14.23s *
[2026-04-27 07:47:34] epoch   31/300 | train=0.001004 | val=0.001025 | best=0.001021@30 | patience=1/30 | time=14.25s
[2026-04-27 07:47:49] epoch   32/300 | train=0.000995 | val=0.001021 | best=0.001021@30 | patience=2/30 | time=14.23s
[2026-04-27 07:48:03] epoch   33/300 | train=0.000978 | val=0.000998 | best=0.000998@33 | patience=0/30 | time=14.22s *
[2026-04-27 07:48:18] epoch   34/300 | train=0.000972 | val=0.001015 | best=0.000998@33 | patience=1/30 | time=14.24s
[2026-04-27 07:48:32] epoch   35/300 | train=0.000962 | val=0.000990 | best=0.000990@35 | patience=0/30 | time=14.21s *
[2026-04-27 07:48:47] epoch   36/300 | train=0.000949 | val=0.000979 | best=0.000979@36 | patience=0/30 | time=14.26s *
[2026-04-27 07:49:01] epoch   37/300 | train=0.000942 | val=0.000992 | best=0.000979@36 | patience=1/30 | time=14.23s
[2026-04-27 07:49:15] epoch   38/300 | train=0.000931 | val=0.001013 | best=0.000979@36 | patience=2/30 | time=14.22s
[2026-04-27 07:49:30] epoch   39/300 | train=0.000937 | val=0.000961 | best=0.000961@39 | patience=0/30 | time=14.24s *
[2026-04-27 07:49:44] epoch   40/300 | train=0.000913 | val=0.000962 | best=0.000961@39 | patience=1/30 | time=14.21s
[2026-04-27 07:49:59] epoch   41/300 | train=0.000910 | val=0.000955 | best=0.000955@41 | patience=0/30 | time=14.22s *
[2026-04-27 07:50:13] epoch   42/300 | train=0.000903 | val=0.001011 | best=0.000955@41 | patience=1/30 | time=14.22s
[2026-04-27 07:50:27] epoch   43/300 | train=0.000905 | val=0.000970 | best=0.000955@41 | patience=2/30 | time=14.25s
[2026-04-27 07:50:42] epoch   44/300 | train=0.000889 | val=0.000941 | best=0.000941@44 | patience=0/30 | time=14.23s *
[2026-04-27 07:50:56] epoch   45/300 | train=0.000876 | val=0.000948 | best=0.000941@44 | patience=1/30 | time=14.24s
[2026-04-27 07:51:11] epoch   46/300 | train=0.000872 | val=0.000935 | best=0.000935@46 | patience=0/30 | time=14.23s *
[2026-04-27 07:51:25] epoch   47/300 | train=0.000869 | val=0.000959 | best=0.000935@46 | patience=1/30 | time=14.22s
[2026-04-27 07:51:39] epoch   48/300 | train=0.000864 | val=0.000927 | best=0.000927@48 | patience=0/30 | time=14.26s *
[2026-04-27 07:51:54] epoch   49/300 | train=0.000852 | val=0.000919 | best=0.000919@49 | patience=0/30 | time=14.23s *
[2026-04-27 07:52:09] epoch   50/300 | train=0.000846 | val=0.000913 | best=0.000913@50 | patience=0/30 | time=14.23s *
[2026-04-27 07:52:23] epoch   51/300 | train=0.000842 | val=0.000910 | best=0.000910@51 | patience=0/30 | time=14.23s *
[2026-04-27 07:52:37] epoch   52/300 | train=0.000834 | val=0.000922 | best=0.000910@51 | patience=1/30 | time=14.22s
[2026-04-27 07:52:52] epoch   53/300 | train=0.000826 | val=0.000924 | best=0.000910@51 | patience=2/30 | time=14.25s
[2026-04-27 07:53:06] epoch   54/300 | train=0.000826 | val=0.000902 | best=0.000902@54 | patience=0/30 | time=14.22s *
[2026-04-27 07:53:20] epoch   55/300 | train=0.000814 | val=0.000926 | best=0.000902@54 | patience=1/30 | time=14.22s
[2026-04-27 07:53:35] epoch   56/300 | train=0.000816 | val=0.000895 | best=0.000895@56 | patience=0/30 | time=14.24s *
[2026-04-27 07:53:49] epoch   57/300 | train=0.000796 | val=0.000918 | best=0.000895@56 | patience=1/30 | time=14.20s
[2026-04-27 07:54:04] epoch   58/300 | train=0.000796 | val=0.000882 | best=0.000882@58 | patience=0/30 | time=14.22s *
[2026-04-27 07:54:18] epoch   59/300 | train=0.000784 | val=0.000885 | best=0.000882@58 | patience=1/30 | time=14.21s
[2026-04-27 07:54:33] epoch   60/300 | train=0.000776 | val=0.000890 | best=0.000882@58 | patience=2/30 | time=14.25s
[2026-04-27 07:54:47] epoch   61/300 | train=0.000781 | val=0.000895 | best=0.000882@58 | patience=3/30 | time=14.25s
[2026-04-27 07:55:01] epoch   62/300 | train=0.000775 | val=0.000879 | best=0.000879@62 | patience=0/30 | time=14.21s *
[2026-04-27 07:55:16] epoch   63/300 | train=0.000766 | val=0.000883 | best=0.000879@62 | patience=1/30 | time=14.22s
[2026-04-27 07:55:30] epoch   64/300 | train=0.000761 | val=0.000911 | best=0.000879@62 | patience=2/30 | time=14.22s
[2026-04-27 07:55:44] epoch   65/300 | train=0.000780 | val=0.000874 | best=0.000874@65 | patience=0/30 | time=14.25s *
[2026-04-27 07:55:59] epoch   66/300 | train=0.000752 | val=0.000875 | best=0.000874@65 | patience=1/30 | time=14.22s
[2026-04-27 07:56:13] epoch   67/300 | train=0.000743 | val=0.000878 | best=0.000874@65 | patience=2/30 | time=14.21s
[2026-04-27 07:56:28] epoch   68/300 | train=0.000735 | val=0.000872 | best=0.000872@68 | patience=0/30 | time=14.23s *
[2026-04-27 07:56:42] epoch   69/300 | train=0.000723 | val=0.000870 | best=0.000870@69 | patience=0/30 | time=14.21s *
[2026-04-27 07:56:56] epoch   70/300 | train=0.000721 | val=0.000890 | best=0.000870@69 | patience=1/30 | time=14.25s
[2026-04-27 07:57:11] epoch   71/300 | train=0.000729 | val=0.000894 | best=0.000870@69 | patience=2/30 | time=14.23s
[2026-04-27 07:57:25] epoch   72/300 | train=0.000718 | val=0.000898 | best=0.000870@69 | patience=3/30 | time=14.23s
[2026-04-27 07:57:40] epoch   73/300 | train=0.000717 | val=0.000854 | best=0.000854@73 | patience=0/30 | time=14.24s *
[2026-04-27 07:57:54] epoch   74/300 | train=0.000693 | val=0.000855 | best=0.000854@73 | patience=1/30 | time=14.20s
[2026-04-27 07:58:08] epoch   75/300 | train=0.000682 | val=0.000860 | best=0.000854@73 | patience=2/30 | time=14.22s
[2026-04-27 07:58:22] epoch   76/300 | train=0.000687 | val=0.000868 | best=0.000854@73 | patience=3/30 | time=14.23s
[2026-04-27 07:58:37] epoch   77/300 | train=0.000681 | val=0.000871 | best=0.000854@73 | patience=4/30 | time=14.25s
[2026-04-27 07:58:51] epoch   78/300 | train=0.000688 | val=0.000941 | best=0.000854@73 | patience=5/30 | time=14.23s
[2026-04-27 07:59:05] epoch   79/300 | train=0.000706 | val=0.000862 | best=0.000854@73 | patience=6/30 | time=14.22s
[2026-04-27 07:59:19] epoch   80/300 | train=0.000669 | val=0.000891 | best=0.000854@73 | patience=7/30 | time=14.24s
[2026-04-27 07:59:34] epoch   81/300 | train=0.000678 | val=0.000892 | best=0.000854@73 | patience=8/30 | time=14.23s
[2026-04-27 07:59:48] epoch   82/300 | train=0.000667 | val=0.000861 | best=0.000854@73 | patience=9/30 | time=14.26s
[2026-04-27 08:00:02] epoch   83/300 | train=0.000645 | val=0.001387 | best=0.000854@73 | patience=10/30 | time=14.23s
[2026-04-27 08:00:16] epoch   84/300 | train=0.000785 | val=0.000883 | best=0.000854@73 | patience=11/30 | time=14.24s
[2026-04-27 08:00:31] epoch   85/300 | train=0.000689 | val=0.000887 | best=0.000854@73 | patience=12/30 | time=14.25s
[2026-04-27 08:00:45] epoch   86/300 | train=0.000660 | val=0.000855 | best=0.000854@73 | patience=13/30 | time=14.22s
[2026-04-27 08:00:59] epoch   87/300 | train=0.000645 | val=0.000888 | best=0.000854@73 | patience=14/30 | time=14.24s
[2026-04-27 08:01:14] epoch   88/300 | train=0.000657 | val=0.000850 | best=0.000850@88 | patience=0/30 | time=14.24s *
[2026-04-27 08:01:28] epoch   89/300 | train=0.000623 | val=0.000859 | best=0.000850@88 | patience=1/30 | time=14.25s
[2026-04-27 08:01:43] epoch   90/300 | train=0.000613 | val=0.000845 | best=0.000845@90 | patience=0/30 | time=14.28s *
[2026-04-27 08:01:57] epoch   91/300 | train=0.000596 | val=0.000859 | best=0.000845@90 | patience=1/30 | time=14.22s
[2026-04-27 08:02:11] epoch   92/300 | train=0.000595 | val=0.000847 | best=0.000845@90 | patience=2/30 | time=14.24s
[2026-04-27 08:02:26] epoch   93/300 | train=0.000595 | val=0.000864 | best=0.000845@90 | patience=3/30 | time=14.24s
[2026-04-27 08:02:40] epoch   94/300 | train=0.000594 | val=0.000851 | best=0.000845@90 | patience=4/30 | time=14.27s
[2026-04-27 08:02:54] epoch   95/300 | train=0.000582 | val=0.000864 | best=0.000845@90 | patience=5/30 | time=14.25s
[2026-04-27 08:03:09] epoch   96/300 | train=0.000577 | val=0.000861 | best=0.000845@90 | patience=6/30 | time=14.25s
[2026-04-27 08:03:23] epoch   97/300 | train=0.000573 | val=0.000867 | best=0.000845@90 | patience=7/30 | time=14.25s
[2026-04-27 08:03:37] epoch   98/300 | train=0.000576 | val=0.000852 | best=0.000845@90 | patience=8/30 | time=14.24s
[2026-04-27 08:03:52] epoch   99/300 | train=0.000560 | val=0.000858 | best=0.000845@90 | patience=9/30 | time=14.27s
[2026-04-27 08:04:06] epoch  100/300 | train=0.000548 | val=0.000855 | best=0.000845@90 | patience=10/30 | time=14.25s
[2026-04-27 08:04:20] epoch  101/300 | train=0.000549 | val=0.000851 | best=0.000845@90 | patience=11/30 | time=14.24s
[2026-04-27 08:04:34] epoch  102/300 | train=0.000536 | val=0.000859 | best=0.000845@90 | patience=12/30 | time=14.26s
[2026-04-27 08:04:49] epoch  103/300 | train=0.000538 | val=0.000863 | best=0.000845@90 | patience=13/30 | time=14.22s
[2026-04-27 08:05:03] epoch  104/300 | train=0.000534 | val=0.000854 | best=0.000845@90 | patience=14/30 | time=14.24s
[2026-04-27 08:05:17] epoch  105/300 | train=0.000518 | val=0.000860 | best=0.000845@90 | patience=15/30 | time=14.24s
[2026-04-27 08:05:32] epoch  106/300 | train=0.000507 | val=0.000865 | best=0.000845@90 | patience=16/30 | time=14.29s
[2026-04-27 08:05:46] epoch  107/300 | train=0.000512 | val=0.000881 | best=0.000845@90 | patience=17/30 | time=14.26s
[2026-04-27 08:06:00] epoch  108/300 | train=0.000510 | val=0.000879 | best=0.000845@90 | patience=18/30 | time=14.23s
[2026-04-27 08:06:14] epoch  109/300 | train=0.000509 | val=0.000865 | best=0.000845@90 | patience=19/30 | time=14.24s
[2026-04-27 08:06:29] epoch  110/300 | train=0.000498 | val=0.000855 | best=0.000845@90 | patience=20/30 | time=14.25s
[2026-04-27 08:06:43] epoch  111/300 | train=0.000489 | val=0.000867 | best=0.000845@90 | patience=21/30 | time=14.27s
[2026-04-27 08:06:57] epoch  112/300 | train=0.000488 | val=0.000866 | best=0.000845@90 | patience=22/30 | time=14.25s
[2026-04-27 08:07:12] epoch  113/300 | train=0.000475 | val=0.000860 | best=0.000845@90 | patience=23/30 | time=14.25s
[2026-04-27 08:07:26] epoch  114/300 | train=0.000455 | val=0.000860 | best=0.000845@90 | patience=24/30 | time=14.26s
[2026-04-27 08:07:40] epoch  115/300 | train=0.000454 | val=0.000873 | best=0.000845@90 | patience=25/30 | time=14.25s
[2026-04-27 08:07:54] epoch  116/300 | train=0.000467 | val=0.000863 | best=0.000845@90 | patience=26/30 | time=14.27s
[2026-04-27 08:08:09] epoch  117/300 | train=0.000447 | val=0.000860 | best=0.000845@90 | patience=27/30 | time=14.25s
[2026-04-27 08:08:23] epoch  118/300 | train=0.000432 | val=0.000868 | best=0.000845@90 | patience=28/30 | time=14.24s
[2026-04-27 08:08:37] epoch  119/300 | train=0.000429 | val=0.000866 | best=0.000845@90 | patience=29/30 | time=14.26s
[2026-04-27 08:08:52] epoch  120/300 | train=0.000425 | val=0.000865 | best=0.000845@90 | patience=30/30 | time=14.23s
[2026-04-27 08:08:52]   early stopping at epoch 120 (no improvement for 30 epochs)
[2026-04-27 08:08:52] Training done: stop_reason=early_stop, total_epochs=120, best_epoch=90, best_val=0.000845
[2026-04-27 08:08:52] Reloading best checkpoint (epoch 90) for evaluation
[2026-04-27 08:09:05] ------------------------------------------------------------
[2026-04-27 08:09:05] Evaluation:
[2026-04-27 08:09:05]   AUC broken_lcfs         : 0.5990
[2026-04-27 08:09:05]   AUC bad_black_core      : 0.9954
[2026-04-27 08:09:05]   AUC bad_nonconverged    : 0.9987
[2026-04-27 08:09:05]   objective      : 0.8378
[2026-04-27 08:09:05]   floor_ok       : True
[2026-04-27 08:09:05]   threshold      : 0.0900
[2026-04-27 08:09:05]   mu / sigma     : 0.00058647 / 0.00017752
[2026-04-27 08:09:05] Train time=1877.0s, eval time=13.1s
