[2026-04-27 05:45:02] ============================================================
[2026-04-27 05:45:02] Trial 99 starting on cuda:0
[2026-04-27 05:45:02] Timestamp: 2026-04-27T05:45:02.095548
[2026-04-27 05:45:02] --- Config summary ---
  bottleneck_dim  : 218
  n_enc_layers    : 5
  n_dec_layers    : 2
  base_channels   : 33
  growth_factor   : 2.8187777714195468
  use_batchnorm   : True
  use_hpf         : True
  hpf_sigma       : 1.0754667785874827
  lr              : 1.862365492068831e-05
  batch_size      : 8
  max_epochs      : 300
  patience        : 30
  seed            : 42
  deterministic   : False
  trial_num       : 99
[2026-04-27 05:45:02] Loading train/val/selection splits...
[2026-04-27 05:46:06] Splits loaded in 64.1s: n_train=722, n_val=120, n_selection=405
[2026-04-27 05:46:14] --- Architecture summary ---
  channels per enc layer : [33, 93, 262, 739, 2083]
  final spatial size     : 8x8
  flat size before latent: 133312
  bottleneck_dim         : 218
  total parameters       : 173,694,332
[2026-04-27 05:46:14] Starting training: n_train=722, n_val=120, device=cuda:0
[2026-04-27 05:49:21] epoch    1/300 | train=0.003125 | val=0.001854 | best=0.001854@1 | patience=0/30 | time=183.41s *
[2026-04-27 05:49:38] epoch    2/300 | train=0.001687 | val=0.001615 | best=0.001615@2 | patience=0/30 | time=12.51s *
[2026-04-27 05:49:54] epoch    3/300 | train=0.001562 | val=0.001494 | best=0.001494@3 | patience=0/30 | time=13.11s *
[2026-04-27 05:50:15] epoch    4/300 | train=0.001467 | val=0.001464 | best=0.001464@4 | patience=0/30 | time=16.64s *
[2026-04-27 05:50:32] epoch    5/300 | train=0.001396 | val=0.001370 | best=0.001370@5 | patience=0/30 | time=13.25s *
[2026-04-27 05:50:48] epoch    6/300 | train=0.001349 | val=0.001333 | best=0.001333@6 | patience=0/30 | time=12.92s *
[2026-04-27 05:51:06] epoch    7/300 | train=0.001313 | val=0.001315 | best=0.001315@7 | patience=0/30 | time=12.88s *
[2026-04-27 05:51:22] epoch    8/300 | train=0.001287 | val=0.001281 | best=0.001281@8 | patience=0/30 | time=13.06s *
[2026-04-27 05:51:42] epoch    9/300 | train=0.001256 | val=0.001260 | best=0.001260@9 | patience=0/30 | time=15.53s *
[2026-04-27 05:52:02] epoch   10/300 | train=0.001227 | val=0.001230 | best=0.001230@10 | patience=0/30 | time=13.43s *
[2026-04-27 05:52:20] epoch   11/300 | train=0.001201 | val=0.001204 | best=0.001204@11 | patience=0/30 | time=13.79s *
[2026-04-27 05:52:40] epoch   12/300 | train=0.001177 | val=0.001180 | best=0.001180@12 | patience=0/30 | time=15.47s *
[2026-04-27 05:52:57] epoch   13/300 | train=0.001155 | val=0.001162 | best=0.001162@13 | patience=0/30 | time=12.88s *
[2026-04-27 05:53:16] epoch   14/300 | train=0.001136 | val=0.001145 | best=0.001145@14 | patience=0/30 | time=15.46s *
[2026-04-27 05:53:36] epoch   15/300 | train=0.001116 | val=0.001141 | best=0.001141@15 | patience=0/30 | time=12.63s *
[2026-04-27 05:53:52] epoch   16/300 | train=0.001099 | val=0.001112 | best=0.001112@16 | patience=0/30 | time=12.72s *
[2026-04-27 05:54:11] epoch   17/300 | train=0.001079 | val=0.001095 | best=0.001095@17 | patience=0/30 | time=14.85s *
[2026-04-27 05:54:27] epoch   18/300 | train=0.001064 | val=0.001077 | best=0.001077@18 | patience=0/30 | time=12.50s *
[2026-04-27 05:54:47] epoch   19/300 | train=0.001045 | val=0.001071 | best=0.001071@19 | patience=0/30 | time=16.12s *
[2026-04-27 05:55:06] epoch   20/300 | train=0.001030 | val=0.001055 | best=0.001055@20 | patience=0/30 | time=15.38s *
[2026-04-27 05:55:23] epoch   21/300 | train=0.001015 | val=0.001050 | best=0.001050@21 | patience=0/30 | time=13.22s *
[2026-04-27 05:55:43] epoch   22/300 | train=0.000998 | val=0.001041 | best=0.001041@22 | patience=0/30 | time=15.46s *
[2026-04-27 05:55:59] epoch   23/300 | train=0.000986 | val=0.001023 | best=0.001023@23 | patience=0/30 | time=12.47s *
[2026-04-27 05:56:13] epoch   24/300 | train=0.000973 | val=0.001025 | best=0.001023@23 | patience=1/30 | time=13.55s
[2026-04-27 05:56:30] epoch   25/300 | train=0.000962 | val=0.001008 | best=0.001008@25 | patience=0/30 | time=13.13s *
[2026-04-27 05:56:46] epoch   26/300 | train=0.000946 | val=0.001001 | best=0.001001@26 | patience=0/30 | time=12.83s *
[2026-04-27 05:57:03] epoch   27/300 | train=0.000932 | val=0.000993 | best=0.000993@27 | patience=0/30 | time=12.53s *
[2026-04-27 05:57:19] epoch   28/300 | train=0.000921 | val=0.000979 | best=0.000979@28 | patience=0/30 | time=12.80s *
[2026-04-27 05:57:35] epoch   29/300 | train=0.000907 | val=0.000989 | best=0.000979@28 | patience=1/30 | time=15.74s
[2026-04-27 05:57:53] epoch   30/300 | train=0.000897 | val=0.000964 | best=0.000964@30 | patience=0/30 | time=13.93s *
[2026-04-27 05:58:06] epoch   31/300 | train=0.000886 | val=0.000968 | best=0.000964@30 | patience=1/30 | time=12.83s
[2026-04-27 05:58:22] epoch   32/300 | train=0.000869 | val=0.000961 | best=0.000961@32 | patience=0/30 | time=12.58s *
[2026-04-27 05:58:38] epoch   33/300 | train=0.000856 | val=0.000953 | best=0.000953@33 | patience=0/30 | time=12.80s *
[2026-04-27 05:58:55] epoch   34/300 | train=0.000843 | val=0.000940 | best=0.000940@34 | patience=0/30 | time=12.87s *
[2026-04-27 05:59:17] epoch   35/300 | train=0.000831 | val=0.000936 | best=0.000936@35 | patience=0/30 | time=15.70s *
[2026-04-27 05:59:29] epoch   36/300 | train=0.000821 | val=0.000939 | best=0.000936@35 | patience=1/30 | time=12.75s
[2026-04-27 05:59:47] epoch   37/300 | train=0.000809 | val=0.000922 | best=0.000922@37 | patience=0/30 | time=12.88s *
[2026-04-27 06:00:00] epoch   38/300 | train=0.000796 | val=0.000947 | best=0.000922@37 | patience=1/30 | time=12.78s
[2026-04-27 06:00:17] epoch   39/300 | train=0.000801 | val=0.000934 | best=0.000922@37 | patience=2/30 | time=16.27s
[2026-04-27 06:00:30] epoch   40/300 | train=0.000774 | val=0.000927 | best=0.000922@37 | patience=3/30 | time=12.80s
[2026-04-27 06:00:46] epoch   41/300 | train=0.000758 | val=0.000915 | best=0.000915@41 | patience=0/30 | time=12.82s *
[2026-04-27 06:00:59] epoch   42/300 | train=0.000752 | val=0.000914 | best=0.000915@41 | patience=1/30 | time=12.49s
[2026-04-27 06:01:12] epoch   43/300 | train=0.000739 | val=0.000927 | best=0.000915@41 | patience=2/30 | time=12.75s
[2026-04-27 06:01:29] epoch   44/300 | train=0.000724 | val=0.000897 | best=0.000897@44 | patience=0/30 | time=13.26s *
[2026-04-27 06:01:46] epoch   45/300 | train=0.000705 | val=0.000907 | best=0.000897@44 | patience=1/30 | time=16.73s
[2026-04-27 06:02:03] epoch   46/300 | train=0.000690 | val=0.000891 | best=0.000891@46 | patience=0/30 | time=12.99s *
[2026-04-27 06:02:19] epoch   47/300 | train=0.000681 | val=0.000921 | best=0.000891@46 | patience=1/30 | time=16.22s
[2026-04-27 06:02:36] epoch   48/300 | train=0.000673 | val=0.000888 | best=0.000888@48 | patience=0/30 | time=13.13s *
[2026-04-27 06:02:53] epoch   49/300 | train=0.000658 | val=0.000894 | best=0.000888@48 | patience=1/30 | time=16.55s
[2026-04-27 06:03:13] epoch   50/300 | train=0.000641 | val=0.000876 | best=0.000876@50 | patience=0/30 | time=15.12s *
[2026-04-27 06:03:26] epoch   51/300 | train=0.000626 | val=0.000881 | best=0.000876@50 | patience=1/30 | time=12.94s
[2026-04-27 06:03:39] epoch   52/300 | train=0.000617 | val=0.000898 | best=0.000876@50 | patience=2/30 | time=13.00s
[2026-04-27 06:03:52] epoch   53/300 | train=0.000607 | val=0.000888 | best=0.000876@50 | patience=3/30 | time=12.63s
[2026-04-27 06:04:05] epoch   54/300 | train=0.000590 | val=0.000900 | best=0.000876@50 | patience=4/30 | time=12.50s
[2026-04-27 06:04:18] epoch   55/300 | train=0.000580 | val=0.000884 | best=0.000876@50 | patience=5/30 | time=12.82s
[2026-04-27 06:04:31] epoch   56/300 | train=0.000557 | val=0.000878 | best=0.000876@50 | patience=6/30 | time=13.21s
[2026-04-27 06:04:45] epoch   57/300 | train=0.000541 | val=0.000886 | best=0.000876@50 | patience=7/30 | time=13.56s
[2026-04-27 06:04:58] epoch   58/300 | train=0.000536 | val=0.000893 | best=0.000876@50 | patience=8/30 | time=13.15s
[2026-04-27 06:05:15] epoch   59/300 | train=0.000528 | val=0.000885 | best=0.000876@50 | patience=9/30 | time=16.59s
[2026-04-27 06:05:28] epoch   60/300 | train=0.000506 | val=0.000885 | best=0.000876@50 | patience=10/30 | time=12.88s
[2026-04-27 06:05:42] epoch   61/300 | train=0.000492 | val=0.000878 | best=0.000876@50 | patience=11/30 | time=13.94s
[2026-04-27 06:05:55] epoch   62/300 | train=0.000478 | val=0.000880 | best=0.000876@50 | patience=12/30 | time=13.03s
[2026-04-27 06:06:12] epoch   63/300 | train=0.000464 | val=0.000877 | best=0.000876@50 | patience=13/30 | time=16.54s
[2026-04-27 06:06:25] epoch   64/300 | train=0.000449 | val=0.000886 | best=0.000876@50 | patience=14/30 | time=13.10s
[2026-04-27 06:06:41] epoch   65/300 | train=0.000439 | val=0.000882 | best=0.000876@50 | patience=15/30 | time=15.62s
[2026-04-27 06:06:54] epoch   66/300 | train=0.000430 | val=0.000878 | best=0.000876@50 | patience=16/30 | time=13.03s
[2026-04-27 06:07:07] epoch   67/300 | train=0.000419 | val=0.000880 | best=0.000876@50 | patience=17/30 | time=12.78s
[2026-04-27 06:07:20] epoch   68/300 | train=0.000412 | val=0.000881 | best=0.000876@50 | patience=18/30 | time=13.37s
[2026-04-27 06:07:33] epoch   69/300 | train=0.000401 | val=0.000888 | best=0.000876@50 | patience=19/30 | time=12.85s
[2026-04-27 06:07:46] epoch   70/300 | train=0.000390 | val=0.000877 | best=0.000876@50 | patience=20/30 | time=12.64s
[2026-04-27 06:07:58] epoch   71/300 | train=0.000382 | val=0.000899 | best=0.000876@50 | patience=21/30 | time=12.52s
[2026-04-27 06:08:12] epoch   72/300 | train=0.000375 | val=0.000883 | best=0.000876@50 | patience=22/30 | time=13.63s
[2026-04-27 06:08:25] epoch   73/300 | train=0.000361 | val=0.000881 | best=0.000876@50 | patience=23/30 | time=12.53s
[2026-04-27 06:08:38] epoch   74/300 | train=0.000348 | val=0.000885 | best=0.000876@50 | patience=24/30 | time=12.84s
[2026-04-27 06:08:51] epoch   75/300 | train=0.000331 | val=0.000890 | best=0.000876@50 | patience=25/30 | time=12.52s
[2026-04-27 06:09:05] epoch   76/300 | train=0.000326 | val=0.000897 | best=0.000876@50 | patience=26/30 | time=13.72s
[2026-04-27 06:09:18] epoch   77/300 | train=0.000313 | val=0.000881 | best=0.000876@50 | patience=27/30 | time=13.03s
[2026-04-27 06:09:31] epoch   78/300 | train=0.000309 | val=0.000882 | best=0.000876@50 | patience=28/30 | time=12.83s
[2026-04-27 06:09:44] epoch   79/300 | train=0.000306 | val=0.000885 | best=0.000876@50 | patience=29/30 | time=13.15s
[2026-04-27 06:09:57] epoch   80/300 | train=0.000296 | val=0.000886 | best=0.000876@50 | patience=30/30 | time=12.70s
[2026-04-27 06:09:57]   early stopping at epoch 80 (no improvement for 30 epochs)
[2026-04-27 06:09:57] Training done: stop_reason=early_stop, total_epochs=80, best_epoch=50, best_val=0.000876
[2026-04-27 06:09:57] Reloading best checkpoint (epoch 50) for evaluation
[2026-04-27 06:10:21] ------------------------------------------------------------
[2026-04-27 06:10:21] Evaluation:
[2026-04-27 06:10:21]   AUC broken_lcfs         : 0.6013
[2026-04-27 06:10:21]   AUC bad_black_core      : 0.9957
[2026-04-27 06:10:21]   AUC bad_nonconverged    : 0.9987
[2026-04-27 06:10:21]   objective      : 0.8388
[2026-04-27 06:10:21]   floor_ok       : True
[2026-04-27 06:10:21]   threshold      : 0.1077
[2026-04-27 06:10:21]   mu / sigma     : 0.000615646 / 0.000160238
[2026-04-27 06:10:21] Train time=1423.1s, eval time=19.1s
