[2026-04-27 06:01:16] ============================================================
[2026-04-27 06:01:16] Trial 101 starting on cuda:0
[2026-04-27 06:01:16] Timestamp: 2026-04-27T06:01:16.671848
[2026-04-27 06:01:16] --- Config summary ---
  bottleneck_dim  : 203
  n_enc_layers    : 5
  n_dec_layers    : 3
  base_channels   : 40
  growth_factor   : 2.0145244191242493
  use_batchnorm   : True
  use_hpf         : True
  hpf_sigma       : 2.0343090293347226
  lr              : 0.0007071856029774235
  batch_size      : 48
  max_epochs      : 300
  patience        : 30
  seed            : 42
  deterministic   : False
  trial_num       : 101
[2026-04-27 06:01:16] Loading train/val/selection splits...
[2026-04-27 06:02:15] Splits loaded in 58.9s: n_train=722, n_val=120, n_selection=405
[2026-04-27 06:02:16] --- Architecture summary ---
  channels per enc layer : [40, 81, 162, 327, 659]
  final spatial size     : 8x8
  flat size before latent: 42176
  bottleneck_dim         : 203
  total parameters       : 36,577,985
[2026-04-27 06:02:16] Starting training: n_train=722, n_val=120, device=cuda:0
[2026-04-27 06:06:29] epoch    1/300 | train=0.007435 | val=0.007276 | best=0.007276@1 | patience=0/30 | time=252.27s *
[2026-04-27 06:06:35] epoch    2/300 | train=0.005513 | val=0.005770 | best=0.005770@2 | patience=0/30 | time=5.02s *
[2026-04-27 06:06:41] epoch    3/300 | train=0.005413 | val=0.005591 | best=0.005591@3 | patience=0/30 | time=5.29s *
[2026-04-27 06:06:46] epoch    4/300 | train=0.005221 | val=0.005618 | best=0.005591@3 | patience=1/30 | time=5.20s
[2026-04-27 06:06:51] epoch    5/300 | train=0.004977 | val=0.005887 | best=0.005591@3 | patience=2/30 | time=5.17s
[2026-04-27 06:06:57] epoch    6/300 | train=0.004896 | val=0.004973 | best=0.004973@6 | patience=0/30 | time=5.07s *
[2026-04-27 06:07:03] epoch    7/300 | train=0.004958 | val=0.004921 | best=0.004921@7 | patience=0/30 | time=5.05s *
[2026-04-27 06:07:08] epoch    8/300 | train=0.004828 | val=0.004962 | best=0.004921@7 | patience=1/30 | time=5.27s
[2026-04-27 06:07:13] epoch    9/300 | train=0.004845 | val=0.005098 | best=0.004921@7 | patience=2/30 | time=5.21s
[2026-04-27 06:07:19] epoch   10/300 | train=0.004744 | val=0.004858 | best=0.004858@10 | patience=0/30 | time=5.19s *
[2026-04-27 06:07:25] epoch   11/300 | train=0.004718 | val=0.004772 | best=0.004772@11 | patience=0/30 | time=5.08s *
[2026-04-27 06:07:31] epoch   12/300 | train=0.004676 | val=0.004728 | best=0.004728@12 | patience=0/30 | time=5.03s *
[2026-04-27 06:07:37] epoch   13/300 | train=0.004620 | val=0.004713 | best=0.004713@13 | patience=0/30 | time=5.46s *
[2026-04-27 06:07:42] epoch   14/300 | train=0.004472 | val=0.004606 | best=0.004606@14 | patience=0/30 | time=5.01s *
[2026-04-27 06:07:48] epoch   15/300 | train=0.004356 | val=0.004384 | best=0.004384@15 | patience=0/30 | time=5.28s *
[2026-04-27 06:07:54] epoch   16/300 | train=0.004290 | val=0.004228 | best=0.004228@16 | patience=0/30 | time=5.04s *
[2026-04-27 06:08:00] epoch   17/300 | train=0.004067 | val=0.004303 | best=0.004228@16 | patience=1/30 | time=5.36s
[2026-04-27 06:08:05] epoch   18/300 | train=0.004154 | val=0.004140 | best=0.004140@18 | patience=0/30 | time=5.21s *
[2026-04-27 06:08:11] epoch   19/300 | train=0.004028 | val=0.003941 | best=0.003941@19 | patience=0/30 | time=5.19s *
[2026-04-27 06:08:16] epoch   20/300 | train=0.003811 | val=0.004093 | best=0.003941@19 | patience=1/30 | time=5.09s
[2026-04-27 06:08:22] epoch   21/300 | train=0.003920 | val=0.004112 | best=0.003941@19 | patience=2/30 | time=5.07s
[2026-04-27 06:08:28] epoch   22/300 | train=0.003749 | val=0.003636 | best=0.003636@22 | patience=0/30 | time=5.29s *
[2026-04-27 06:08:33] epoch   23/300 | train=0.003543 | val=0.003673 | best=0.003636@22 | patience=1/30 | time=5.19s
[2026-04-27 06:08:38] epoch   24/300 | train=0.003582 | val=0.003680 | best=0.003636@22 | patience=2/30 | time=5.22s
[2026-04-27 06:08:43] epoch   25/300 | train=0.003514 | val=0.003879 | best=0.003636@22 | patience=3/30 | time=5.09s
[2026-04-27 06:08:49] epoch   26/300 | train=0.003281 | val=0.003314 | best=0.003314@26 | patience=0/30 | time=5.07s *
[2026-04-27 06:08:55] epoch   27/300 | train=0.003183 | val=0.003128 | best=0.003128@27 | patience=0/30 | time=5.34s *
[2026-04-27 06:09:01] epoch   28/300 | train=0.003034 | val=0.003034 | best=0.003034@28 | patience=0/30 | time=5.02s *
[2026-04-27 06:09:07] epoch   29/300 | train=0.002935 | val=0.002931 | best=0.002931@29 | patience=0/30 | time=5.18s *
[2026-04-27 06:09:12] epoch   30/300 | train=0.002834 | val=0.002912 | best=0.002912@30 | patience=0/30 | time=5.10s *
[2026-04-27 06:09:18] epoch   31/300 | train=0.002854 | val=0.002879 | best=0.002879@31 | patience=0/30 | time=5.04s *
[2026-04-27 06:09:24] epoch   32/300 | train=0.002780 | val=0.002747 | best=0.002747@32 | patience=0/30 | time=5.19s *
[2026-04-27 06:09:30] epoch   33/300 | train=0.002718 | val=0.002706 | best=0.002706@33 | patience=0/30 | time=5.02s *
[2026-04-27 06:09:35] epoch   34/300 | train=0.002682 | val=0.002734 | best=0.002706@33 | patience=1/30 | time=5.09s
[2026-04-27 06:09:40] epoch   35/300 | train=0.002695 | val=0.002832 | best=0.002706@33 | patience=2/30 | time=5.04s
[2026-04-27 06:09:46] epoch   36/300 | train=0.002781 | val=0.002762 | best=0.002706@33 | patience=3/30 | time=5.37s
[2026-04-27 06:09:52] epoch   37/300 | train=0.002713 | val=0.002678 | best=0.002678@37 | patience=0/30 | time=5.22s *
[2026-04-27 06:09:57] epoch   38/300 | train=0.002623 | val=0.002932 | best=0.002678@37 | patience=1/30 | time=5.19s
[2026-04-27 06:10:02] epoch   39/300 | train=0.002881 | val=0.002954 | best=0.002678@37 | patience=2/30 | time=5.08s
[2026-04-27 06:10:07] epoch   40/300 | train=0.002694 | val=0.002698 | best=0.002678@37 | patience=3/30 | time=5.04s
[2026-04-27 06:10:13] epoch   41/300 | train=0.002625 | val=0.002660 | best=0.002660@41 | patience=0/30 | time=5.31s *
[2026-04-27 06:10:19] epoch   42/300 | train=0.002636 | val=0.002638 | best=0.002638@42 | patience=0/30 | time=5.19s *
[2026-04-27 06:10:25] epoch   43/300 | train=0.002648 | val=0.002603 | best=0.002603@43 | patience=0/30 | time=5.23s *
[2026-04-27 06:10:31] epoch   44/300 | train=0.002586 | val=0.002567 | best=0.002567@44 | patience=0/30 | time=5.09s *
[2026-04-27 06:10:36] epoch   45/300 | train=0.002569 | val=0.002790 | best=0.002567@44 | patience=1/30 | time=5.04s
[2026-04-27 06:10:41] epoch   46/300 | train=0.002716 | val=0.002656 | best=0.002567@44 | patience=2/30 | time=5.34s
[2026-04-27 06:10:47] epoch   47/300 | train=0.002600 | val=0.002602 | best=0.002567@44 | patience=3/30 | time=5.22s
[2026-04-27 06:10:52] epoch   48/300 | train=0.002594 | val=0.002567 | best=0.002567@44 | patience=4/30 | time=5.23s
[2026-04-27 06:10:58] epoch   49/300 | train=0.002550 | val=0.002546 | best=0.002546@49 | patience=0/30 | time=5.12s *
[2026-04-27 06:11:04] epoch   50/300 | train=0.002539 | val=0.002529 | best=0.002529@50 | patience=0/30 | time=5.04s *
[2026-04-27 06:11:05]   pruned at epoch 50
[2026-04-27 06:11:05] Training done: stop_reason=pruned, total_epochs=50, best_epoch=50, best_val=0.002529
[2026-04-27 06:11:05] Reloading best checkpoint (epoch 50) for evaluation
[2026-04-27 06:11:21] ------------------------------------------------------------
[2026-04-27 06:11:21] Evaluation:
[2026-04-27 06:11:21]   AUC broken_lcfs         : 0.5930
[2026-04-27 06:11:21]   AUC bad_black_core      : 0.9707
[2026-04-27 06:11:21]   AUC bad_nonconverged    : 0.9670
[2026-04-27 06:11:21]   objective      : 0.8185
[2026-04-27 06:11:21]   floor_ok       : True
[2026-04-27 06:11:21]   threshold      : 0.0787
[2026-04-27 06:11:21]   mu / sigma     : 0.00252381 / 0.000548533
[2026-04-27 06:11:21] Train time=528.3s, eval time=15.9s
