[2026-04-27 01:07:44] ============================================================
[2026-04-27 01:07:44] Trial 20 starting on cuda:0
[2026-04-27 01:07:44] Timestamp: 2026-04-27T01:07:44.897382
[2026-04-27 01:07:44] --- Config summary ---
  bottleneck_dim  : 128
  n_enc_layers    : 2
  n_dec_layers    : 2
  base_channels   : 24
  growth_factor   : 2.400320433927986
  use_batchnorm   : True
  use_hpf         : True
  hpf_sigma       : 2.770084151477414
  lr              : 0.0005356678628339591
  batch_size      : 32
  max_epochs      : 300
  patience        : 30
  seed            : 42
  deterministic   : False
  trial_num       : 20
[2026-04-27 01:07:44] Loading train/val/selection splits...
[2026-04-27 01:07:53] Splits loaded in 8.2s: n_train=722, n_val=120, n_selection=405
[2026-04-27 01:07:53] --- Architecture summary ---
  channels per enc layer : [24, 58]
  final spatial size     : 64x64
  flat size before latent: 237568
  bottleneck_dim         : 128
  total parameters       : 61,146,875
[2026-04-27 01:07:53] Starting training: n_train=722, n_val=120, device=cuda:0
[2026-04-27 01:09:03] epoch    1/300 | train=0.006539 | val=0.006387 | best=0.006387@1 | patience=0/30 | time=70.23s *
[2026-04-27 01:09:05] epoch    2/300 | train=0.003964 | val=0.004548 | best=0.004548@2 | patience=0/30 | time=1.46s *
[2026-04-27 01:09:07] epoch    3/300 | train=0.003719 | val=0.004133 | best=0.004133@3 | patience=0/30 | time=1.51s *
[2026-04-27 01:09:09] epoch    4/300 | train=0.003590 | val=0.003761 | best=0.003761@4 | patience=0/30 | time=1.46s *
[2026-04-27 01:09:11] epoch    5/300 | train=0.003429 | val=0.003471 | best=0.003471@5 | patience=0/30 | time=1.49s *
[2026-04-27 01:09:12] epoch    6/300 | train=0.003257 | val=0.003185 | best=0.003185@6 | patience=0/30 | time=1.46s *
[2026-04-27 01:09:14] epoch    7/300 | train=0.003180 | val=0.003196 | best=0.003185@6 | patience=1/30 | time=1.46s
[2026-04-27 01:09:16] epoch    8/300 | train=0.003131 | val=0.003105 | best=0.003105@8 | patience=0/30 | time=1.47s *
[2026-04-27 01:09:18] epoch    9/300 | train=0.003087 | val=0.003041 | best=0.003041@9 | patience=0/30 | time=1.46s *
[2026-04-27 01:09:19] epoch   10/300 | train=0.003025 | val=0.003008 | best=0.003008@10 | patience=0/30 | time=1.51s *
[2026-04-27 01:09:21] epoch   11/300 | train=0.002975 | val=0.002983 | best=0.002983@11 | patience=0/30 | time=1.46s *
[2026-04-27 01:09:23] epoch   12/300 | train=0.002905 | val=0.002933 | best=0.002933@12 | patience=0/30 | time=1.49s *
[2026-04-27 01:09:25] epoch   13/300 | train=0.002844 | val=0.002858 | best=0.002858@13 | patience=0/30 | time=1.46s *
[2026-04-27 01:09:26] epoch   14/300 | train=0.002773 | val=0.002805 | best=0.002805@14 | patience=0/30 | time=1.48s *
[2026-04-27 01:09:28] epoch   15/300 | train=0.002709 | val=0.002811 | best=0.002805@14 | patience=1/30 | time=1.46s
[2026-04-27 01:09:30] epoch   16/300 | train=0.002662 | val=0.002713 | best=0.002713@16 | patience=0/30 | time=1.48s *
[2026-04-27 01:09:32] epoch   17/300 | train=0.002593 | val=0.002618 | best=0.002618@17 | patience=0/30 | time=1.46s *
[2026-04-27 01:09:33] epoch   18/300 | train=0.002552 | val=0.002594 | best=0.002594@18 | patience=0/30 | time=1.51s *
[2026-04-27 01:09:35] epoch   19/300 | train=0.002481 | val=0.002520 | best=0.002520@19 | patience=0/30 | time=1.46s *
[2026-04-27 01:09:37] epoch   20/300 | train=0.002420 | val=0.002461 | best=0.002461@20 | patience=0/30 | time=1.49s *
[2026-04-27 01:09:38] epoch   21/300 | train=0.002379 | val=0.002461 | best=0.002461@20 | patience=1/30 | time=1.46s
[2026-04-27 01:09:40] epoch   22/300 | train=0.002310 | val=0.002350 | best=0.002350@22 | patience=0/30 | time=1.46s *
[2026-04-27 01:09:42] epoch   23/300 | train=0.002254 | val=0.002308 | best=0.002308@23 | patience=0/30 | time=1.46s *
[2026-04-27 01:09:44] epoch   24/300 | train=0.002199 | val=0.002263 | best=0.002263@24 | patience=0/30 | time=1.50s *
[2026-04-27 01:09:45] epoch   25/300 | train=0.002156 | val=0.002266 | best=0.002263@24 | patience=1/30 | time=1.46s
[2026-04-27 01:09:47] epoch   26/300 | train=0.002105 | val=0.002181 | best=0.002181@26 | patience=0/30 | time=1.46s *
[2026-04-27 01:09:49] epoch   27/300 | train=0.002068 | val=0.002215 | best=0.002181@26 | patience=1/30 | time=1.46s
[2026-04-27 01:09:50] epoch   28/300 | train=0.002025 | val=0.002123 | best=0.002123@28 | patience=0/30 | time=1.46s *
[2026-04-27 01:09:52] epoch   29/300 | train=0.001991 | val=0.002105 | best=0.002105@29 | patience=0/30 | time=1.48s *
[2026-04-27 01:09:54] epoch   30/300 | train=0.001959 | val=0.002043 | best=0.002043@30 | patience=0/30 | time=1.46s *
[2026-04-27 01:09:56] epoch   31/300 | train=0.001910 | val=0.002026 | best=0.002026@31 | patience=0/30 | time=1.48s *
[2026-04-27 01:09:57] epoch   32/300 | train=0.001875 | val=0.002068 | best=0.002026@31 | patience=1/30 | time=1.46s
[2026-04-27 01:09:59] epoch   33/300 | train=0.001857 | val=0.001991 | best=0.001991@33 | patience=0/30 | time=1.51s *
[2026-04-27 01:10:01] epoch   34/300 | train=0.001841 | val=0.002156 | best=0.001991@33 | patience=1/30 | time=1.46s
[2026-04-27 01:10:02] epoch   35/300 | train=0.001792 | val=0.001993 | best=0.001991@33 | patience=2/30 | time=1.49s
[2026-04-27 01:10:04] epoch   36/300 | train=0.001768 | val=0.002043 | best=0.001991@33 | patience=3/30 | time=1.46s
[2026-04-27 01:10:05] epoch   37/300 | train=0.001744 | val=0.001938 | best=0.001938@37 | patience=0/30 | time=1.46s *
[2026-04-27 01:10:07] epoch   38/300 | train=0.001705 | val=0.001955 | best=0.001938@37 | patience=1/30 | time=1.46s
[2026-04-27 01:10:09] epoch   39/300 | train=0.001683 | val=0.001929 | best=0.001929@39 | patience=0/30 | time=1.46s *
[2026-04-27 01:10:11] epoch   40/300 | train=0.001664 | val=0.001869 | best=0.001869@40 | patience=0/30 | time=1.51s *
[2026-04-27 01:10:12] epoch   41/300 | train=0.001637 | val=0.001884 | best=0.001869@40 | patience=1/30 | time=1.46s
[2026-04-27 01:10:14] epoch   42/300 | train=0.001624 | val=0.001867 | best=0.001867@42 | patience=0/30 | time=1.48s *
[2026-04-27 01:10:16] epoch   43/300 | train=0.001598 | val=0.001842 | best=0.001842@43 | patience=0/30 | time=1.46s *
[2026-04-27 01:10:17] epoch   44/300 | train=0.001572 | val=0.001814 | best=0.001814@44 | patience=0/30 | time=1.48s *
[2026-04-27 01:10:19] epoch   45/300 | train=0.001565 | val=0.001852 | best=0.001814@44 | patience=1/30 | time=1.46s
[2026-04-27 01:10:20] epoch   46/300 | train=0.001555 | val=0.001906 | best=0.001814@44 | patience=2/30 | time=1.48s
[2026-04-27 01:10:22] epoch   47/300 | train=0.001514 | val=0.001808 | best=0.001808@47 | patience=0/30 | time=1.46s *
[2026-04-27 01:10:24] epoch   48/300 | train=0.001495 | val=0.001897 | best=0.001808@47 | patience=1/30 | time=1.51s
[2026-04-27 01:10:25] epoch   49/300 | train=0.001481 | val=0.001827 | best=0.001808@47 | patience=2/30 | time=1.46s
[2026-04-27 01:10:27] epoch   50/300 | train=0.001486 | val=0.001840 | best=0.001808@47 | patience=3/30 | time=1.46s
[2026-04-27 01:10:29] epoch   51/300 | train=0.001458 | val=0.001803 | best=0.001803@51 | patience=0/30 | time=1.49s *
[2026-04-27 01:10:30] epoch   52/300 | train=0.001423 | val=0.001897 | best=0.001803@51 | patience=1/30 | time=1.46s
[2026-04-27 01:10:32] epoch   53/300 | train=0.001416 | val=0.001751 | best=0.001751@53 | patience=0/30 | time=1.46s *
[2026-04-27 01:10:33] epoch   54/300 | train=0.001401 | val=0.001759 | best=0.001751@53 | patience=1/30 | time=1.46s
[2026-04-27 01:10:35] epoch   55/300 | train=0.001386 | val=0.001745 | best=0.001745@55 | patience=0/30 | time=1.50s *
[2026-04-27 01:10:37] epoch   56/300 | train=0.001368 | val=0.001779 | best=0.001745@55 | patience=1/30 | time=1.46s
[2026-04-27 01:10:38] epoch   57/300 | train=0.001345 | val=0.001802 | best=0.001745@55 | patience=2/30 | time=1.48s
[2026-04-27 01:10:40] epoch   58/300 | train=0.001332 | val=0.001876 | best=0.001745@55 | patience=3/30 | time=1.46s
[2026-04-27 01:10:41] epoch   59/300 | train=0.001331 | val=0.001998 | best=0.001745@55 | patience=4/30 | time=1.46s
[2026-04-27 01:10:43] epoch   60/300 | train=0.001331 | val=0.001731 | best=0.001731@60 | patience=0/30 | time=1.48s *
[2026-04-27 01:10:44] epoch   61/300 | train=0.001308 | val=0.001850 | best=0.001731@60 | patience=1/30 | time=1.46s
[2026-04-27 01:10:46] epoch   62/300 | train=0.001290 | val=0.001805 | best=0.001731@60 | patience=2/30 | time=1.48s
[2026-04-27 01:10:48] epoch   63/300 | train=0.001262 | val=0.001714 | best=0.001714@63 | patience=0/30 | time=1.46s *
[2026-04-27 01:10:50] epoch   64/300 | train=0.001246 | val=0.001700 | best=0.001700@64 | patience=0/30 | time=1.51s *
[2026-04-27 01:10:51] epoch   65/300 | train=0.001242 | val=0.001810 | best=0.001700@64 | patience=1/30 | time=1.46s
[2026-04-27 01:10:53] epoch   66/300 | train=0.001270 | val=0.001722 | best=0.001700@64 | patience=2/30 | time=1.49s
[2026-04-27 01:10:54] epoch   67/300 | train=0.001237 | val=0.001702 | best=0.001700@64 | patience=3/30 | time=1.46s
[2026-04-27 01:10:56] epoch   68/300 | train=0.001207 | val=0.001693 | best=0.001693@68 | patience=0/30 | time=1.46s *
[2026-04-27 01:10:58] epoch   69/300 | train=0.001182 | val=0.001668 | best=0.001668@69 | patience=0/30 | time=1.46s *
[2026-04-27 01:10:59] epoch   70/300 | train=0.001168 | val=0.001711 | best=0.001668@69 | patience=1/30 | time=1.46s
[2026-04-27 01:11:01] epoch   71/300 | train=0.001165 | val=0.001686 | best=0.001668@69 | patience=2/30 | time=1.50s
[2026-04-27 01:11:02] epoch   72/300 | train=0.001150 | val=0.001659 | best=0.001659@72 | patience=0/30 | time=1.46s *
[2026-04-27 01:11:04] epoch   73/300 | train=0.001123 | val=0.001679 | best=0.001659@72 | patience=1/30 | time=1.48s
[2026-04-27 01:11:05] epoch   74/300 | train=0.001109 | val=0.001847 | best=0.001659@72 | patience=2/30 | time=1.46s
[2026-04-27 01:11:07] epoch   75/300 | train=0.001101 | val=0.001737 | best=0.001659@72 | patience=3/30 | time=1.48s
[2026-04-27 01:11:08] epoch   76/300 | train=0.001089 | val=0.001677 | best=0.001659@72 | patience=4/30 | time=1.46s
[2026-04-27 01:11:10] epoch   77/300 | train=0.001072 | val=0.001752 | best=0.001659@72 | patience=5/30 | time=1.46s
[2026-04-27 01:11:11] epoch   78/300 | train=0.001075 | val=0.001770 | best=0.001659@72 | patience=6/30 | time=1.48s
[2026-04-27 01:11:13] epoch   79/300 | train=0.001065 | val=0.001678 | best=0.001659@72 | patience=7/30 | time=1.46s
[2026-04-27 01:11:14] epoch   80/300 | train=0.001041 | val=0.001705 | best=0.001659@72 | patience=8/30 | time=1.51s
[2026-04-27 01:11:16] epoch   81/300 | train=0.001034 | val=0.001669 | best=0.001659@72 | patience=9/30 | time=1.46s
[2026-04-27 01:11:17] epoch   82/300 | train=0.001028 | val=0.001682 | best=0.001659@72 | patience=10/30 | time=1.46s
[2026-04-27 01:11:19] epoch   83/300 | train=0.001005 | val=0.001660 | best=0.001659@72 | patience=11/30 | time=1.49s
[2026-04-27 01:11:21] epoch   84/300 | train=0.000999 | val=0.001650 | best=0.001650@84 | patience=0/30 | time=1.46s *
[2026-04-27 01:11:22] epoch   85/300 | train=0.000997 | val=0.001962 | best=0.001650@84 | patience=1/30 | time=1.46s
[2026-04-27 01:11:24] epoch   86/300 | train=0.001000 | val=0.001647 | best=0.001647@86 | patience=0/30 | time=1.46s *
[2026-04-27 01:11:26] epoch   87/300 | train=0.000980 | val=0.001780 | best=0.001647@86 | patience=1/30 | time=1.50s
[2026-04-27 01:11:27] epoch   88/300 | train=0.000985 | val=0.001889 | best=0.001647@86 | patience=2/30 | time=1.46s
[2026-04-27 01:11:29] epoch   89/300 | train=0.000987 | val=0.001685 | best=0.001647@86 | patience=3/30 | time=1.48s
[2026-04-27 01:11:30] epoch   90/300 | train=0.000972 | val=0.001669 | best=0.001647@86 | patience=4/30 | time=1.46s
[2026-04-27 01:11:32] epoch   91/300 | train=0.000943 | val=0.001707 | best=0.001647@86 | patience=5/30 | time=1.46s
[2026-04-27 01:11:33] epoch   92/300 | train=0.000922 | val=0.001688 | best=0.001647@86 | patience=6/30 | time=1.48s
[2026-04-27 01:11:35] epoch   93/300 | train=0.000907 | val=0.001635 | best=0.001635@93 | patience=0/30 | time=1.46s *
[2026-04-27 01:11:37] epoch   94/300 | train=0.000906 | val=0.001769 | best=0.001635@93 | patience=1/30 | time=1.48s
[2026-04-27 01:11:38] epoch   95/300 | train=0.000901 | val=0.001746 | best=0.001635@93 | patience=2/30 | time=1.46s
[2026-04-27 01:11:40] epoch   96/300 | train=0.000907 | val=0.001675 | best=0.001635@93 | patience=3/30 | time=1.51s
[2026-04-27 01:11:41] epoch   97/300 | train=0.000895 | val=0.001715 | best=0.001635@93 | patience=4/30 | time=1.46s
[2026-04-27 01:11:43] epoch   98/300 | train=0.000871 | val=0.001658 | best=0.001635@93 | patience=5/30 | time=1.46s
[2026-04-27 01:11:44] epoch   99/300 | train=0.000854 | val=0.001626 | best=0.001626@99 | patience=0/30 | time=1.48s *
[2026-04-27 01:11:46] epoch  100/300 | train=0.000850 | val=0.001765 | best=0.001626@99 | patience=1/30 | time=1.46s
[2026-04-27 01:11:47] epoch  101/300 | train=0.000857 | val=0.001636 | best=0.001626@99 | patience=2/30 | time=1.46s
[2026-04-27 01:11:49] epoch  102/300 | train=0.000841 | val=0.001760 | best=0.001626@99 | patience=3/30 | time=1.46s
[2026-04-27 01:11:50] epoch  103/300 | train=0.000824 | val=0.001643 | best=0.001626@99 | patience=4/30 | time=1.51s
[2026-04-27 01:11:52] epoch  104/300 | train=0.000823 | val=0.001775 | best=0.001626@99 | patience=5/30 | time=1.46s
[2026-04-27 01:11:53] epoch  105/300 | train=0.000816 | val=0.001763 | best=0.001626@99 | patience=6/30 | time=1.48s
[2026-04-27 01:11:55] epoch  106/300 | train=0.000809 | val=0.001888 | best=0.001626@99 | patience=7/30 | time=1.46s
[2026-04-27 01:11:56] epoch  107/300 | train=0.000813 | val=0.001715 | best=0.001626@99 | patience=8/30 | time=1.46s
[2026-04-27 01:11:58] epoch  108/300 | train=0.000815 | val=0.001685 | best=0.001626@99 | patience=9/30 | time=1.48s
[2026-04-27 01:11:59] epoch  109/300 | train=0.000794 | val=0.001680 | best=0.001626@99 | patience=10/30 | time=1.46s
[2026-04-27 01:12:01] epoch  110/300 | train=0.000775 | val=0.001661 | best=0.001626@99 | patience=11/30 | time=1.48s
[2026-04-27 01:12:02] epoch  111/300 | train=0.000766 | val=0.001667 | best=0.001626@99 | patience=12/30 | time=1.46s
[2026-04-27 01:12:04] epoch  112/300 | train=0.000766 | val=0.001649 | best=0.001626@99 | patience=13/30 | time=1.46s
[2026-04-27 01:12:05] epoch  113/300 | train=0.000765 | val=0.001742 | best=0.001626@99 | patience=14/30 | time=1.51s
[2026-04-27 01:12:07] epoch  114/300 | train=0.000751 | val=0.001649 | best=0.001626@99 | patience=15/30 | time=1.46s
[2026-04-27 01:12:08] epoch  115/300 | train=0.000747 | val=0.001841 | best=0.001626@99 | patience=16/30 | time=1.49s
[2026-04-27 01:12:10] epoch  116/300 | train=0.000751 | val=0.001784 | best=0.001626@99 | patience=17/30 | time=1.46s
[2026-04-27 01:12:11] epoch  117/300 | train=0.000737 | val=0.001931 | best=0.001626@99 | patience=18/30 | time=1.46s
[2026-04-27 01:12:13] epoch  118/300 | train=0.000744 | val=0.001684 | best=0.001626@99 | patience=19/30 | time=1.46s
[2026-04-27 01:12:14] epoch  119/300 | train=0.000733 | val=0.001789 | best=0.001626@99 | patience=20/30 | time=1.46s
[2026-04-27 01:12:16] epoch  120/300 | train=0.000735 | val=0.001645 | best=0.001626@99 | patience=21/30 | time=1.50s
[2026-04-27 01:12:18] epoch  121/300 | train=0.000707 | val=0.001681 | best=0.001626@99 | patience=22/30 | time=1.46s
[2026-04-27 01:12:19] epoch  122/300 | train=0.000698 | val=0.001659 | best=0.001626@99 | patience=23/30 | time=1.48s
[2026-04-27 01:12:21] epoch  123/300 | train=0.000694 | val=0.001651 | best=0.001626@99 | patience=24/30 | time=1.46s
[2026-04-27 01:12:22] epoch  124/300 | train=0.000703 | val=0.001748 | best=0.001626@99 | patience=25/30 | time=1.48s
[2026-04-27 01:12:24] epoch  125/300 | train=0.000698 | val=0.001737 | best=0.001626@99 | patience=26/30 | time=1.46s
[2026-04-27 01:12:25] epoch  126/300 | train=0.000697 | val=0.001676 | best=0.001626@99 | patience=27/30 | time=1.46s
[2026-04-27 01:12:27] epoch  127/300 | train=0.000688 | val=0.001654 | best=0.001626@99 | patience=28/30 | time=1.48s
[2026-04-27 01:12:28] epoch  128/300 | train=0.000669 | val=0.001972 | best=0.001626@99 | patience=29/30 | time=1.46s
[2026-04-27 01:12:30] epoch  129/300 | train=0.000674 | val=0.001704 | best=0.001626@99 | patience=30/30 | time=1.51s
[2026-04-27 01:12:30]   early stopping at epoch 129 (no improvement for 30 epochs)
[2026-04-27 01:12:30] Training done: stop_reason=early_stop, total_epochs=129, best_epoch=99, best_val=0.001626
[2026-04-27 01:12:30] Reloading best checkpoint (epoch 99) for evaluation
[2026-04-27 01:12:31] ------------------------------------------------------------
[2026-04-27 01:12:31] Evaluation:
[2026-04-27 01:12:31]   AUC broken_lcfs         : 0.5850
[2026-04-27 01:12:31]   AUC bad_black_core      : 0.9971
[2026-04-27 01:12:31]   AUC bad_nonconverged    : 1.0000
[2026-04-27 01:12:31]   objective      : 0.8331
[2026-04-27 01:12:31]   floor_ok       : True
[2026-04-27 01:12:31]   threshold      : 0.2713
[2026-04-27 01:12:31]   mu / sigma     : 0.000825753 / 0.000163958
[2026-04-27 01:12:31] Train time=276.6s, eval time=1.0s
