[2026-04-27 12:19:47] ============================================================
[2026-04-27 12:19:47] Trial 188 starting on cuda:0
[2026-04-27 12:19:47] Timestamp: 2026-04-27T12:19:47.769946
[2026-04-27 12:19:47] --- Config summary ---
  bottleneck_dim  : 192
  n_enc_layers    : 5
  n_dec_layers    : 5
  base_channels   : 36
  growth_factor   : 1.5919991244565481
  use_batchnorm   : True
  use_hpf         : False
  hpf_sigma       : 3.0
  lr              : 8.875099314702222e-05
  batch_size      : 32
  max_epochs      : 300
  patience        : 30
  seed            : 42
  deterministic   : False
  trial_num       : 188
[2026-04-27 12:19:47] Loading train/val/selection splits...
[2026-04-27 12:20:46] Splits loaded in 58.5s: n_train=722, n_val=120, n_selection=405
[2026-04-27 12:20:46] --- Architecture summary ---
  channels per enc layer : [36, 57, 91, 145, 231]
  final spatial size     : 8x8
  flat size before latent: 14784
  bottleneck_dim         : 192
  total parameters       : 10,293,076
[2026-04-27 12:20:46] Starting training: n_train=722, n_val=120, device=cuda:0
[2026-04-27 12:24:01] epoch    1/300 | train=0.030639 | val=0.103559 | best=0.103559@1 | patience=0/30 | time=193.98s *
[2026-04-27 12:24:05] epoch    2/300 | train=0.015269 | val=0.044411 | best=0.044411@2 | patience=0/30 | time=4.57s *
[2026-04-27 12:24:10] epoch    3/300 | train=0.011532 | val=0.011829 | best=0.011829@3 | patience=0/30 | time=4.54s *
[2026-04-27 12:24:16] epoch    4/300 | train=0.009964 | val=0.009368 | best=0.009368@4 | patience=0/30 | time=5.02s *
[2026-04-27 12:24:20] epoch    5/300 | train=0.009119 | val=0.010939 | best=0.009368@4 | patience=1/30 | time=4.53s
[2026-04-27 12:24:25] epoch    6/300 | train=0.008674 | val=0.007884 | best=0.007884@6 | patience=0/30 | time=4.69s *
[2026-04-27 12:24:30] epoch    7/300 | train=0.007806 | val=0.008125 | best=0.007884@6 | patience=1/30 | time=4.58s
[2026-04-27 12:24:35] epoch    8/300 | train=0.007520 | val=0.007171 | best=0.007171@8 | patience=0/30 | time=4.54s *
[2026-04-27 12:24:39] epoch    9/300 | train=0.007237 | val=0.008946 | best=0.007171@8 | patience=1/30 | time=4.55s
[2026-04-27 12:24:45] epoch   10/300 | train=0.006747 | val=0.006779 | best=0.006779@10 | patience=0/30 | time=4.97s *
[2026-04-27 12:24:49] epoch   11/300 | train=0.006420 | val=0.006000 | best=0.006000@11 | patience=0/30 | time=4.52s *
[2026-04-27 12:24:54] epoch   12/300 | train=0.005978 | val=0.007745 | best=0.006000@11 | patience=1/30 | time=4.69s
[2026-04-27 12:24:59] epoch   13/300 | train=0.005898 | val=0.005905 | best=0.005905@13 | patience=0/30 | time=4.59s *
[2026-04-27 12:25:04] epoch   14/300 | train=0.005586 | val=0.007444 | best=0.005905@13 | patience=1/30 | time=4.55s
[2026-04-27 12:25:09] epoch   15/300 | train=0.005621 | val=0.006218 | best=0.005905@13 | patience=2/30 | time=4.81s
[2026-04-27 12:25:14] epoch   16/300 | train=0.005445 | val=0.005143 | best=0.005143@16 | patience=0/30 | time=4.75s *
[2026-04-27 12:25:18] epoch   17/300 | train=0.005007 | val=0.008501 | best=0.005143@16 | patience=1/30 | time=4.52s
[2026-04-27 12:25:23] epoch   18/300 | train=0.005210 | val=0.005112 | best=0.005112@18 | patience=0/30 | time=4.71s *
[2026-04-27 12:25:28] epoch   19/300 | train=0.004869 | val=0.005255 | best=0.005112@18 | patience=1/30 | time=4.58s
[2026-04-27 12:25:33] epoch   20/300 | train=0.004688 | val=0.005533 | best=0.005112@18 | patience=2/30 | time=4.54s
[2026-04-27 12:25:38] epoch   21/300 | train=0.004706 | val=0.004701 | best=0.004701@21 | patience=0/30 | time=4.54s *
[2026-04-27 12:25:42] epoch   22/300 | train=0.004538 | val=0.004746 | best=0.004701@21 | patience=1/30 | time=4.70s
[2026-04-27 12:25:47] epoch   23/300 | train=0.004408 | val=0.004479 | best=0.004479@23 | patience=0/30 | time=4.52s *
[2026-04-27 12:25:52] epoch   24/300 | train=0.004145 | val=0.004124 | best=0.004124@24 | patience=0/30 | time=4.69s *
[2026-04-27 12:25:57] epoch   25/300 | train=0.004202 | val=0.004667 | best=0.004124@24 | patience=1/30 | time=4.59s
[2026-04-27 12:26:02] epoch   26/300 | train=0.004573 | val=0.004338 | best=0.004124@24 | patience=2/30 | time=4.55s
[2026-04-27 12:26:06] epoch   27/300 | train=0.004201 | val=0.004309 | best=0.004124@24 | patience=3/30 | time=4.81s
[2026-04-27 12:26:11] epoch   28/300 | train=0.003978 | val=0.004175 | best=0.004124@24 | patience=4/30 | time=4.71s
[2026-04-27 12:26:16] epoch   29/300 | train=0.004097 | val=0.004149 | best=0.004124@24 | patience=5/30 | time=4.53s
[2026-04-27 12:26:21] epoch   30/300 | train=0.004071 | val=0.003842 | best=0.003842@30 | patience=0/30 | time=4.69s *
[2026-04-27 12:26:26] epoch   31/300 | train=0.003852 | val=0.003847 | best=0.003842@30 | patience=1/30 | time=4.58s
[2026-04-27 12:26:30] epoch   32/300 | train=0.003937 | val=0.003918 | best=0.003842@30 | patience=2/30 | time=4.55s
[2026-04-27 12:26:35] epoch   33/300 | train=0.003849 | val=0.004235 | best=0.003842@30 | patience=3/30 | time=4.55s
[2026-04-27 12:26:40] epoch   34/300 | train=0.004109 | val=0.003864 | best=0.003842@30 | patience=4/30 | time=4.98s
[2026-04-27 12:26:45] epoch   35/300 | train=0.004026 | val=0.004387 | best=0.003842@30 | patience=5/30 | time=4.53s
[2026-04-27 12:26:49] epoch   36/300 | train=0.004101 | val=0.004190 | best=0.003842@30 | patience=6/30 | time=4.74s
[2026-04-27 12:26:54] epoch   37/300 | train=0.003842 | val=0.004163 | best=0.003842@30 | patience=7/30 | time=4.60s
[2026-04-27 12:26:59] epoch   38/300 | train=0.003746 | val=0.003503 | best=0.003503@38 | patience=0/30 | time=4.55s *
[2026-04-27 12:27:04] epoch   39/300 | train=0.003504 | val=0.003654 | best=0.003503@38 | patience=1/30 | time=4.55s
[2026-04-27 12:27:09] epoch   40/300 | train=0.003449 | val=0.003785 | best=0.003503@38 | patience=2/30 | time=5.02s
[2026-04-27 12:27:13] epoch   41/300 | train=0.003410 | val=0.003494 | best=0.003494@41 | patience=0/30 | time=4.53s *
[2026-04-27 12:27:18] epoch   42/300 | train=0.003450 | val=0.003825 | best=0.003494@41 | patience=1/30 | time=4.71s
[2026-04-27 12:27:23] epoch   43/300 | train=0.003610 | val=0.003768 | best=0.003494@41 | patience=2/30 | time=4.60s
[2026-04-27 12:27:28] epoch   44/300 | train=0.003548 | val=0.003560 | best=0.003494@41 | patience=3/30 | time=4.55s
[2026-04-27 12:27:32] epoch   45/300 | train=0.003370 | val=0.003427 | best=0.003427@45 | patience=0/30 | time=4.55s *
[2026-04-27 12:27:38] epoch   46/300 | train=0.003390 | val=0.003521 | best=0.003427@45 | patience=1/30 | time=4.72s
[2026-04-27 12:27:42] epoch   47/300 | train=0.003185 | val=0.003618 | best=0.003427@45 | patience=2/30 | time=4.52s
[2026-04-27 12:27:47] epoch   48/300 | train=0.003260 | val=0.003415 | best=0.003415@48 | patience=0/30 | time=4.69s *
[2026-04-27 12:27:52] epoch   49/300 | train=0.003237 | val=0.003391 | best=0.003391@49 | patience=0/30 | time=4.59s *
[2026-04-27 12:27:57] epoch   50/300 | train=0.003121 | val=0.003339 | best=0.003339@50 | patience=0/30 | time=4.55s *
[2026-04-27 12:27:57]   pruned at epoch 50
[2026-04-27 12:27:57] Training done: stop_reason=pruned, total_epochs=50, best_epoch=50, best_val=0.003339
[2026-04-27 12:27:57] Reloading best checkpoint (epoch 50) for evaluation
[2026-04-27 12:28:11] ------------------------------------------------------------
[2026-04-27 12:28:11] Evaluation:
[2026-04-27 12:28:11]   AUC broken_lcfs         : 0.5674
[2026-04-27 12:28:11]   AUC bad_black_core      : 0.9996
[2026-04-27 12:28:11]   AUC bad_nonconverged    : 0.9993
[2026-04-27 12:28:11]   objective      : 0.8267
[2026-04-27 12:28:11]   floor_ok       : True
[2026-04-27 12:28:11]   threshold      : 0.2249
[2026-04-27 12:28:11]   mu / sigma     : 0.00300456 / 0.000821703
[2026-04-27 12:28:11] Train time=430.7s, eval time=14.1s
