[2026-04-27 00:55:36] ============================================================
[2026-04-27 00:55:36] Trial 17 starting on cuda:0
[2026-04-27 00:55:36] Timestamp: 2026-04-27T00:55:36.683031
[2026-04-27 00:55:36] --- Config summary ---
  bottleneck_dim  : 178
  n_enc_layers    : 5
  n_dec_layers    : 4
  base_channels   : 31
  growth_factor   : 2.2016314867014213
  use_batchnorm   : False
  use_hpf         : True
  hpf_sigma       : 6.776057522782004
  lr              : 0.00021275914009897826
  batch_size      : 24
  max_epochs      : 300
  patience        : 30
  seed            : 42
  deterministic   : False
  trial_num       : 17
[2026-04-27 00:55:36] Loading train/val/selection splits...
[2026-04-27 00:56:35] Splits loaded in 58.8s: n_train=722, n_val=120, n_selection=405
[2026-04-27 00:56:37] --- Architecture summary ---
  channels per enc layer : [31, 68, 150, 331, 728]
  final spatial size     : 8x8
  flat size before latent: 46592
  bottleneck_dim         : 178
  total parameters       : 44,888,907
[2026-04-27 00:56:37] Starting training: n_train=722, n_val=120, device=cuda:0
[2026-04-27 00:58:18] epoch    1/300 | train=0.014186 | val=0.014228 | best=0.014228@1 | patience=0/30 | time=100.44s *
[2026-04-27 00:58:24] epoch    2/300 | train=0.013969 | val=0.013622 | best=0.013622@2 | patience=0/30 | time=5.19s *
[2026-04-27 00:58:29] epoch    3/300 | train=0.013204 | val=0.012337 | best=0.012337@3 | patience=0/30 | time=4.92s *
[2026-04-27 00:58:35] epoch    4/300 | train=0.011970 | val=0.011803 | best=0.011803@4 | patience=0/30 | time=5.05s *
[2026-04-27 00:58:41] epoch    5/300 | train=0.011499 | val=0.011456 | best=0.011456@5 | patience=0/30 | time=4.91s *
[2026-04-27 00:58:46] epoch    6/300 | train=0.011363 | val=0.011327 | best=0.011327@6 | patience=0/30 | time=4.86s *
[2026-04-27 00:58:52] epoch    7/300 | train=0.011066 | val=0.010951 | best=0.010951@7 | patience=0/30 | time=5.12s *
[2026-04-27 00:58:58] epoch    8/300 | train=0.010680 | val=0.010536 | best=0.010536@8 | patience=0/30 | time=4.92s *
[2026-04-27 00:59:04] epoch    9/300 | train=0.010315 | val=0.010056 | best=0.010056@9 | patience=0/30 | time=5.02s *
[2026-04-27 00:59:09] epoch   10/300 | train=0.009847 | val=0.009611 | best=0.009611@10 | patience=0/30 | time=4.91s *
[2026-04-27 00:59:15] epoch   11/300 | train=0.009443 | val=0.009539 | best=0.009539@11 | patience=0/30 | time=4.87s *
[2026-04-27 00:59:21] epoch   12/300 | train=0.009146 | val=0.008945 | best=0.008945@12 | patience=0/30 | time=5.19s *
[2026-04-27 00:59:26] epoch   13/300 | train=0.008568 | val=0.008311 | best=0.008311@13 | patience=0/30 | time=4.93s *
[2026-04-27 00:59:32] epoch   14/300 | train=0.008205 | val=0.007999 | best=0.007999@14 | patience=0/30 | time=5.04s *
[2026-04-27 00:59:38] epoch   15/300 | train=0.007922 | val=0.007888 | best=0.007888@15 | patience=0/30 | time=4.93s *
[2026-04-27 00:59:43] epoch   16/300 | train=0.007801 | val=0.007668 | best=0.007668@16 | patience=0/30 | time=4.86s *
[2026-04-27 00:59:49] epoch   17/300 | train=0.007594 | val=0.007482 | best=0.007482@17 | patience=0/30 | time=5.19s *
[2026-04-27 00:59:54] epoch   18/300 | train=0.007468 | val=0.007500 | best=0.007482@17 | patience=1/30 | time=4.93s
[2026-04-27 01:00:01] epoch   19/300 | train=0.007278 | val=0.007143 | best=0.007143@19 | patience=0/30 | time=5.04s *
[2026-04-27 01:00:06] epoch   20/300 | train=0.007120 | val=0.007271 | best=0.007143@19 | patience=1/30 | time=4.93s
[2026-04-27 01:00:12] epoch   21/300 | train=0.007089 | val=0.007052 | best=0.007052@21 | patience=0/30 | time=4.86s *
[2026-04-27 01:00:17] epoch   22/300 | train=0.006987 | val=0.006907 | best=0.006907@22 | patience=0/30 | time=5.12s *
[2026-04-27 01:00:22] epoch   23/300 | train=0.006879 | val=0.007130 | best=0.006907@22 | patience=1/30 | time=4.95s
[2026-04-27 01:00:28] epoch   24/300 | train=0.006951 | val=0.006783 | best=0.006783@24 | patience=0/30 | time=5.07s *
[2026-04-27 01:00:33] epoch   25/300 | train=0.006776 | val=0.006945 | best=0.006783@24 | patience=1/30 | time=4.93s
[2026-04-27 01:00:39] epoch   26/300 | train=0.006608 | val=0.006538 | best=0.006538@26 | patience=0/30 | time=4.88s *
[2026-04-27 01:00:44] epoch   27/300 | train=0.006455 | val=0.006565 | best=0.006538@26 | patience=1/30 | time=5.13s
[2026-04-27 01:00:50] epoch   28/300 | train=0.006169 | val=0.006407 | best=0.006407@28 | patience=0/30 | time=4.94s *
[2026-04-27 01:00:55] epoch   29/300 | train=0.005893 | val=0.006884 | best=0.006407@28 | patience=1/30 | time=4.86s
[2026-04-27 01:01:01] epoch   30/300 | train=0.005769 | val=0.005822 | best=0.005822@30 | patience=0/30 | time=5.16s *
[2026-04-27 01:01:06] epoch   31/300 | train=0.005479 | val=0.005395 | best=0.005395@31 | patience=0/30 | time=4.88s *
[2026-04-27 01:01:12] epoch   32/300 | train=0.005224 | val=0.005220 | best=0.005220@32 | patience=0/30 | time=5.13s *
[2026-04-27 01:01:18] epoch   33/300 | train=0.005145 | val=0.005067 | best=0.005067@33 | patience=0/30 | time=4.94s *
[2026-04-27 01:01:23] epoch   34/300 | train=0.005057 | val=0.004998 | best=0.004998@34 | patience=0/30 | time=4.86s *
[2026-04-27 01:01:29] epoch   35/300 | train=0.004933 | val=0.005013 | best=0.004998@34 | patience=1/30 | time=5.11s
[2026-04-27 01:01:34] epoch   36/300 | train=0.004895 | val=0.005091 | best=0.004998@34 | patience=2/30 | time=4.89s
[2026-04-27 01:01:39] epoch   37/300 | train=0.004855 | val=0.004868 | best=0.004868@37 | patience=0/30 | time=4.87s *
[2026-04-27 01:01:45] epoch   38/300 | train=0.004719 | val=0.004781 | best=0.004781@38 | patience=0/30 | time=5.24s *
[2026-04-27 01:01:50] epoch   39/300 | train=0.004650 | val=0.004857 | best=0.004781@38 | patience=1/30 | time=4.86s
[2026-04-27 01:01:55] epoch   40/300 | train=0.004715 | val=0.004824 | best=0.004781@38 | patience=2/30 | time=5.05s
[2026-04-27 01:02:01] epoch   41/300 | train=0.004557 | val=0.004581 | best=0.004581@41 | patience=0/30 | time=4.94s *
[2026-04-27 01:02:06] epoch   42/300 | train=0.004541 | val=0.004633 | best=0.004581@41 | patience=1/30 | time=4.86s
[2026-04-27 01:02:12] epoch   43/300 | train=0.004503 | val=0.004476 | best=0.004476@43 | patience=0/30 | time=5.20s *
[2026-04-27 01:02:17] epoch   44/300 | train=0.004400 | val=0.004527 | best=0.004476@43 | patience=1/30 | time=4.93s
[2026-04-27 01:02:22] epoch   45/300 | train=0.004373 | val=0.004507 | best=0.004476@43 | patience=2/30 | time=5.03s
[2026-04-27 01:02:27] epoch   46/300 | train=0.004452 | val=0.004864 | best=0.004476@43 | patience=3/30 | time=4.94s
[2026-04-27 01:02:33] epoch   47/300 | train=0.004429 | val=0.004351 | best=0.004351@47 | patience=0/30 | time=4.89s *
[2026-04-27 01:02:38] epoch   48/300 | train=0.004259 | val=0.004442 | best=0.004351@47 | patience=1/30 | time=5.14s
[2026-04-27 01:02:44] epoch   49/300 | train=0.004252 | val=0.004299 | best=0.004299@49 | patience=0/30 | time=4.94s *
[2026-04-27 01:02:49] epoch   50/300 | train=0.004221 | val=0.004314 | best=0.004299@49 | patience=1/30 | time=4.86s
[2026-04-27 01:02:54] epoch   51/300 | train=0.004170 | val=0.004406 | best=0.004299@49 | patience=2/30 | time=5.08s
[2026-04-27 01:03:00] epoch   52/300 | train=0.004148 | val=0.004244 | best=0.004244@52 | patience=0/30 | time=4.96s *
[2026-04-27 01:03:05] epoch   53/300 | train=0.004161 | val=0.004227 | best=0.004227@53 | patience=0/30 | time=4.86s *
[2026-04-27 01:03:11] epoch   54/300 | train=0.004108 | val=0.004153 | best=0.004153@54 | patience=0/30 | time=5.23s *
[2026-04-27 01:03:16] epoch   55/300 | train=0.004038 | val=0.004370 | best=0.004153@54 | patience=1/30 | time=4.87s
[2026-04-27 01:03:22] epoch   56/300 | train=0.004040 | val=0.004081 | best=0.004081@56 | patience=0/30 | time=5.08s *
[2026-04-27 01:03:28] epoch   57/300 | train=0.003932 | val=0.003929 | best=0.003929@57 | patience=0/30 | time=4.97s *
[2026-04-27 01:03:33] epoch   58/300 | train=0.003916 | val=0.004104 | best=0.003929@57 | patience=1/30 | time=4.86s
[2026-04-27 01:03:38] epoch   59/300 | train=0.003905 | val=0.004127 | best=0.003929@57 | patience=2/30 | time=5.14s
[2026-04-27 01:03:43] epoch   60/300 | train=0.003918 | val=0.003965 | best=0.003929@57 | patience=3/30 | time=4.94s
[2026-04-27 01:03:49] epoch   61/300 | train=0.003825 | val=0.003806 | best=0.003806@61 | patience=0/30 | time=5.04s *
[2026-04-27 01:03:54] epoch   62/300 | train=0.003743 | val=0.003820 | best=0.003806@61 | patience=1/30 | time=4.95s
[2026-04-27 01:03:59] epoch   63/300 | train=0.003774 | val=0.003830 | best=0.003806@61 | patience=2/30 | time=4.89s
[2026-04-27 01:04:05] epoch   64/300 | train=0.003725 | val=0.003739 | best=0.003739@64 | patience=0/30 | time=5.14s *
[2026-04-27 01:04:11] epoch   65/300 | train=0.003651 | val=0.003734 | best=0.003734@65 | patience=0/30 | time=4.95s *
[2026-04-27 01:04:16] epoch   66/300 | train=0.003611 | val=0.003734 | best=0.003734@65 | patience=1/30 | time=4.86s
[2026-04-27 01:04:22] epoch   67/300 | train=0.003604 | val=0.003721 | best=0.003721@67 | patience=0/30 | time=5.16s *
[2026-04-27 01:04:27] epoch   68/300 | train=0.003569 | val=0.003605 | best=0.003605@68 | patience=0/30 | time=4.89s *
[2026-04-27 01:04:32] epoch   69/300 | train=0.003538 | val=0.003668 | best=0.003605@68 | patience=1/30 | time=4.86s
[2026-04-27 01:04:38] epoch   70/300 | train=0.003626 | val=0.003806 | best=0.003605@68 | patience=2/30 | time=5.22s
[2026-04-27 01:04:43] epoch   71/300 | train=0.003555 | val=0.003576 | best=0.003576@71 | patience=0/30 | time=4.86s *
[2026-04-27 01:04:49] epoch   72/300 | train=0.003441 | val=0.003603 | best=0.003576@71 | patience=1/30 | time=5.04s
[2026-04-27 01:04:55] epoch   73/300 | train=0.003446 | val=0.003492 | best=0.003492@73 | patience=0/30 | time=4.89s *
[2026-04-27 01:05:00] epoch   74/300 | train=0.003447 | val=0.003497 | best=0.003492@73 | patience=1/30 | time=4.87s
[2026-04-27 01:05:05] epoch   75/300 | train=0.003390 | val=0.003552 | best=0.003492@73 | patience=2/30 | time=5.14s
[2026-04-27 01:05:10] epoch   76/300 | train=0.003373 | val=0.003596 | best=0.003492@73 | patience=3/30 | time=4.95s
[2026-04-27 01:05:15] epoch   77/300 | train=0.003372 | val=0.003548 | best=0.003492@73 | patience=4/30 | time=5.05s
[2026-04-27 01:05:20] epoch   78/300 | train=0.003391 | val=0.003533 | best=0.003492@73 | patience=5/30 | time=4.94s
[2026-04-27 01:05:25] epoch   79/300 | train=0.003360 | val=0.003643 | best=0.003492@73 | patience=6/30 | time=4.89s
[2026-04-27 01:05:31] epoch   80/300 | train=0.003386 | val=0.003354 | best=0.003354@80 | patience=0/30 | time=4.87s *
[2026-04-27 01:05:36] epoch   81/300 | train=0.003300 | val=0.003395 | best=0.003354@80 | patience=1/30 | time=4.96s
[2026-04-27 01:05:42] epoch   82/300 | train=0.003243 | val=0.003328 | best=0.003328@82 | patience=0/30 | time=4.87s *
[2026-04-27 01:05:47] epoch   83/300 | train=0.003209 | val=0.003481 | best=0.003328@82 | patience=1/30 | time=5.15s
[2026-04-27 01:05:53] epoch   84/300 | train=0.003319 | val=0.003326 | best=0.003326@84 | patience=0/30 | time=4.89s *
[2026-04-27 01:05:59] epoch   85/300 | train=0.003211 | val=0.003238 | best=0.003238@85 | patience=0/30 | time=4.87s *
[2026-04-27 01:06:04] epoch   86/300 | train=0.003171 | val=0.003265 | best=0.003238@85 | patience=1/30 | time=5.15s
[2026-04-27 01:06:09] epoch   87/300 | train=0.003167 | val=0.003401 | best=0.003238@85 | patience=2/30 | time=4.94s
[2026-04-27 01:06:14] epoch   88/300 | train=0.003244 | val=0.003242 | best=0.003238@85 | patience=3/30 | time=5.08s
[2026-04-27 01:06:19] epoch   89/300 | train=0.003127 | val=0.003237 | best=0.003238@85 | patience=4/30 | time=4.93s
[2026-04-27 01:06:24] epoch   90/300 | train=0.003128 | val=0.003256 | best=0.003238@85 | patience=5/30 | time=4.89s
[2026-04-27 01:06:30] epoch   91/300 | train=0.003093 | val=0.003138 | best=0.003138@91 | patience=0/30 | time=5.14s *
[2026-04-27 01:06:35] epoch   92/300 | train=0.003062 | val=0.003191 | best=0.003138@91 | patience=1/30 | time=4.94s
[2026-04-27 01:06:40] epoch   93/300 | train=0.003065 | val=0.003184 | best=0.003138@91 | patience=2/30 | time=4.87s
[2026-04-27 01:06:45] epoch   94/300 | train=0.003110 | val=0.003212 | best=0.003138@91 | patience=3/30 | time=5.09s
[2026-04-27 01:06:50] epoch   95/300 | train=0.003097 | val=0.003219 | best=0.003138@91 | patience=4/30 | time=4.89s
[2026-04-27 01:06:55] epoch   96/300 | train=0.003119 | val=0.003305 | best=0.003138@91 | patience=5/30 | time=4.87s
[2026-04-27 01:07:01] epoch   97/300 | train=0.003123 | val=0.003108 | best=0.003108@97 | patience=0/30 | time=5.21s *
[2026-04-27 01:07:06] epoch   98/300 | train=0.003023 | val=0.003144 | best=0.003108@97 | patience=1/30 | time=4.94s
[2026-04-27 01:07:11] epoch   99/300 | train=0.003031 | val=0.003235 | best=0.003108@97 | patience=2/30 | time=5.03s
[2026-04-27 01:07:16] epoch  100/300 | train=0.003071 | val=0.003256 | best=0.003108@97 | patience=3/30 | time=4.94s
[2026-04-27 01:07:21] epoch  101/300 | train=0.003152 | val=0.003168 | best=0.003108@97 | patience=4/30 | time=4.89s
[2026-04-27 01:07:27] epoch  102/300 | train=0.003046 | val=0.003149 | best=0.003108@97 | patience=5/30 | time=5.15s
[2026-04-27 01:07:32] epoch  103/300 | train=0.002998 | val=0.003141 | best=0.003108@97 | patience=6/30 | time=4.95s
[2026-04-27 01:07:37] epoch  104/300 | train=0.003007 | val=0.003172 | best=0.003108@97 | patience=7/30 | time=4.87s
[2026-04-27 01:07:43] epoch  105/300 | train=0.002949 | val=0.003020 | best=0.003020@105 | patience=0/30 | time=5.09s *
[2026-04-27 01:07:48] epoch  106/300 | train=0.002906 | val=0.003012 | best=0.003012@106 | patience=0/30 | time=4.96s *
[2026-04-27 01:07:54] epoch  107/300 | train=0.002926 | val=0.002982 | best=0.002982@107 | patience=0/30 | time=4.87s *
[2026-04-27 01:07:59] epoch  108/300 | train=0.002907 | val=0.002995 | best=0.002982@107 | patience=1/30 | time=5.20s
[2026-04-27 01:08:04] epoch  109/300 | train=0.002907 | val=0.003043 | best=0.002982@107 | patience=2/30 | time=4.95s
[2026-04-27 01:08:09] epoch  110/300 | train=0.002909 | val=0.003001 | best=0.002982@107 | patience=3/30 | time=5.08s
[2026-04-27 01:08:15] epoch  111/300 | train=0.002877 | val=0.002970 | best=0.002970@111 | patience=0/30 | time=4.93s *
[2026-04-27 01:08:20] epoch  112/300 | train=0.002856 | val=0.003000 | best=0.002970@111 | patience=1/30 | time=4.89s
[2026-04-27 01:08:26] epoch  113/300 | train=0.002862 | val=0.002950 | best=0.002950@113 | patience=0/30 | time=5.15s *
[2026-04-27 01:08:32] epoch  114/300 | train=0.002818 | val=0.002918 | best=0.002918@114 | patience=0/30 | time=4.95s *
[2026-04-27 01:08:37] epoch  115/300 | train=0.002817 | val=0.002960 | best=0.002918@114 | patience=1/30 | time=5.05s
[2026-04-27 01:08:42] epoch  116/300 | train=0.002839 | val=0.002910 | best=0.002910@116 | patience=0/30 | time=4.93s *
[2026-04-27 01:08:47] epoch  117/300 | train=0.002822 | val=0.002997 | best=0.002910@116 | patience=1/30 | time=4.89s
[2026-04-27 01:08:53] epoch  118/300 | train=0.002836 | val=0.002905 | best=0.002905@118 | patience=0/30 | time=4.87s *
[2026-04-27 01:08:58] epoch  119/300 | train=0.002827 | val=0.002931 | best=0.002905@118 | patience=1/30 | time=4.95s
[2026-04-27 01:09:03] epoch  120/300 | train=0.002835 | val=0.003065 | best=0.002905@118 | patience=2/30 | time=4.87s
[2026-04-27 01:09:08] epoch  121/300 | train=0.002823 | val=0.002928 | best=0.002905@118 | patience=3/30 | time=5.08s
[2026-04-27 01:09:13] epoch  122/300 | train=0.002786 | val=0.002929 | best=0.002905@118 | patience=4/30 | time=4.94s
[2026-04-27 01:09:19] epoch  123/300 | train=0.002778 | val=0.002857 | best=0.002857@123 | patience=0/30 | time=4.90s *
[2026-04-27 01:09:24] epoch  124/300 | train=0.002754 | val=0.002879 | best=0.002857@123 | patience=1/30 | time=5.21s
[2026-04-27 01:09:29] epoch  125/300 | train=0.002810 | val=0.002893 | best=0.002857@123 | patience=2/30 | time=4.94s
[2026-04-27 01:09:35] epoch  126/300 | train=0.002769 | val=0.002910 | best=0.002857@123 | patience=3/30 | time=5.09s
[2026-04-27 01:09:40] epoch  127/300 | train=0.002760 | val=0.002886 | best=0.002857@123 | patience=4/30 | time=4.95s
[2026-04-27 01:09:45] epoch  128/300 | train=0.002761 | val=0.002919 | best=0.002857@123 | patience=5/30 | time=4.89s
[2026-04-27 01:09:50] epoch  129/300 | train=0.002800 | val=0.003102 | best=0.002857@123 | patience=6/30 | time=4.87s
[2026-04-27 01:09:55] epoch  130/300 | train=0.002863 | val=0.002937 | best=0.002857@123 | patience=7/30 | time=5.29s
[2026-04-27 01:10:01] epoch  131/300 | train=0.002791 | val=0.002827 | best=0.002827@131 | patience=0/30 | time=4.86s *
[2026-04-27 01:10:06] epoch  132/300 | train=0.002718 | val=0.002927 | best=0.002827@131 | patience=1/30 | time=5.04s
[2026-04-27 01:10:11] epoch  133/300 | train=0.002723 | val=0.002813 | best=0.002813@133 | patience=0/30 | time=4.95s *
[2026-04-27 01:10:17] epoch  134/300 | train=0.002682 | val=0.002788 | best=0.002788@134 | patience=0/30 | time=4.87s *
[2026-04-27 01:10:22] epoch  135/300 | train=0.002662 | val=0.002873 | best=0.002788@134 | patience=1/30 | time=5.13s
[2026-04-27 01:10:27] epoch  136/300 | train=0.002707 | val=0.002803 | best=0.002788@134 | patience=2/30 | time=4.95s
[2026-04-27 01:10:32] epoch  137/300 | train=0.002700 | val=0.002793 | best=0.002788@134 | patience=3/30 | time=5.04s
[2026-04-27 01:10:38] epoch  138/300 | train=0.002646 | val=0.002775 | best=0.002775@138 | patience=0/30 | time=4.94s *
[2026-04-27 01:10:44] epoch  139/300 | train=0.002653 | val=0.002768 | best=0.002768@139 | patience=0/30 | time=4.89s *
[2026-04-27 01:10:49] epoch  140/300 | train=0.002663 | val=0.002826 | best=0.002768@139 | patience=1/30 | time=5.14s
[2026-04-27 01:10:54] epoch  141/300 | train=0.002664 | val=0.002839 | best=0.002768@139 | patience=2/30 | time=4.95s
[2026-04-27 01:10:59] epoch  142/300 | train=0.002663 | val=0.002827 | best=0.002768@139 | patience=3/30 | time=4.87s
[2026-04-27 01:11:05] epoch  143/300 | train=0.002683 | val=0.002762 | best=0.002762@143 | patience=0/30 | time=5.09s *
[2026-04-27 01:11:10] epoch  144/300 | train=0.002627 | val=0.002766 | best=0.002762@143 | patience=1/30 | time=4.89s
[2026-04-27 01:11:15] epoch  145/300 | train=0.002643 | val=0.002736 | best=0.002736@145 | patience=0/30 | time=4.87s *
[2026-04-27 01:11:21] epoch  146/300 | train=0.002641 | val=0.002940 | best=0.002736@145 | patience=1/30 | time=5.27s
[2026-04-27 01:11:26] epoch  147/300 | train=0.002681 | val=0.002851 | best=0.002736@145 | patience=2/30 | time=4.87s
[2026-04-27 01:11:31] epoch  148/300 | train=0.002635 | val=0.002850 | best=0.002736@145 | patience=3/30 | time=5.04s
[2026-04-27 01:11:36] epoch  149/300 | train=0.002673 | val=0.002840 | best=0.002736@145 | patience=4/30 | time=4.94s
[2026-04-27 01:11:41] epoch  150/300 | train=0.002622 | val=0.002819 | best=0.002736@145 | patience=5/30 | time=4.89s
[2026-04-27 01:11:46] epoch  151/300 | train=0.002600 | val=0.002779 | best=0.002736@145 | patience=6/30 | time=5.15s
[2026-04-27 01:11:52] epoch  152/300 | train=0.002610 | val=0.002722 | best=0.002722@152 | patience=0/30 | time=4.95s *
[2026-04-27 01:11:58] epoch  153/300 | train=0.002549 | val=0.002716 | best=0.002716@153 | patience=0/30 | time=4.86s *
[2026-04-27 01:12:04] epoch  154/300 | train=0.002537 | val=0.002684 | best=0.002684@154 | patience=0/30 | time=5.12s *
[2026-04-27 01:12:09] epoch  155/300 | train=0.002562 | val=0.002921 | best=0.002684@154 | patience=1/30 | time=4.89s
[2026-04-27 01:12:13] epoch  156/300 | train=0.002726 | val=0.002823 | best=0.002684@154 | patience=2/30 | time=4.87s
[2026-04-27 01:12:19] epoch  157/300 | train=0.002645 | val=0.002719 | best=0.002684@154 | patience=3/30 | time=5.28s
[2026-04-27 01:12:24] epoch  158/300 | train=0.002554 | val=0.002723 | best=0.002684@154 | patience=4/30 | time=4.86s
[2026-04-27 01:12:30] epoch  159/300 | train=0.002551 | val=0.002673 | best=0.002673@159 | patience=0/30 | time=5.08s *
[2026-04-27 01:12:35] epoch  160/300 | train=0.002499 | val=0.002632 | best=0.002632@160 | patience=0/30 | time=4.96s *
[2026-04-27 01:12:40] epoch  161/300 | train=0.002488 | val=0.002666 | best=0.002632@160 | patience=1/30 | time=4.87s
[2026-04-27 01:12:46] epoch  162/300 | train=0.002518 | val=0.002647 | best=0.002632@160 | patience=2/30 | time=5.20s
[2026-04-27 01:12:51] epoch  163/300 | train=0.002490 | val=0.002612 | best=0.002612@163 | patience=0/30 | time=4.95s *
[2026-04-27 01:12:57] epoch  164/300 | train=0.002487 | val=0.002894 | best=0.002612@163 | patience=1/30 | time=5.08s
[2026-04-27 01:13:02] epoch  165/300 | train=0.002585 | val=0.002721 | best=0.002612@163 | patience=2/30 | time=4.94s
[2026-04-27 01:13:07] epoch  166/300 | train=0.002504 | val=0.002628 | best=0.002612@163 | patience=3/30 | time=4.89s
[2026-04-27 01:13:12] epoch  167/300 | train=0.002481 | val=0.002628 | best=0.002612@163 | patience=4/30 | time=5.14s
[2026-04-27 01:13:18] epoch  168/300 | train=0.002496 | val=0.002603 | best=0.002603@168 | patience=0/30 | time=4.95s *
[2026-04-27 01:13:23] epoch  169/300 | train=0.002467 | val=0.002607 | best=0.002603@168 | patience=1/30 | time=4.86s
[2026-04-27 01:13:29] epoch  170/300 | train=0.002453 | val=0.002589 | best=0.002589@170 | patience=0/30 | time=5.14s *
[2026-04-27 01:13:34] epoch  171/300 | train=0.002455 | val=0.002824 | best=0.002589@170 | patience=1/30 | time=4.89s
[2026-04-27 01:13:39] epoch  172/300 | train=0.002546 | val=0.002684 | best=0.002589@170 | patience=2/30 | time=4.87s
[2026-04-27 01:13:45] epoch  173/300 | train=0.002486 | val=0.002592 | best=0.002589@170 | patience=3/30 | time=5.24s
[2026-04-27 01:13:50] epoch  174/300 | train=0.002419 | val=0.002599 | best=0.002589@170 | patience=4/30 | time=4.87s
[2026-04-27 01:13:55] epoch  175/300 | train=0.002424 | val=0.002548 | best=0.002548@175 | patience=0/30 | time=5.05s *
[2026-04-27 01:14:00] epoch  176/300 | train=0.002405 | val=0.002609 | best=0.002548@175 | patience=1/30 | time=4.94s
[2026-04-27 01:14:05] epoch  177/300 | train=0.002410 | val=0.002608 | best=0.002548@175 | patience=2/30 | time=4.89s
[2026-04-27 01:14:11] epoch  178/300 | train=0.002420 | val=0.002577 | best=0.002548@175 | patience=3/30 | time=5.14s
[2026-04-27 01:14:16] epoch  179/300 | train=0.002446 | val=0.002585 | best=0.002548@175 | patience=4/30 | time=4.95s
[2026-04-27 01:14:21] epoch  180/300 | train=0.002417 | val=0.002589 | best=0.002548@175 | patience=5/30 | time=4.87s
[2026-04-27 01:14:27] epoch  181/300 | train=0.002418 | val=0.002547 | best=0.002547@181 | patience=0/30 | time=5.16s *
[2026-04-27 01:14:32] epoch  182/300 | train=0.002398 | val=0.002570 | best=0.002547@181 | patience=1/30 | time=4.89s
[2026-04-27 01:14:37] epoch  183/300 | train=0.002415 | val=0.002621 | best=0.002547@181 | patience=2/30 | time=4.87s
[2026-04-27 01:14:42] epoch  184/300 | train=0.002464 | val=0.002573 | best=0.002547@181 | patience=3/30 | time=5.29s
[2026-04-27 01:14:47] epoch  185/300 | train=0.002397 | val=0.002646 | best=0.002547@181 | patience=4/30 | time=4.86s
[2026-04-27 01:14:52] epoch  186/300 | train=0.002404 | val=0.002563 | best=0.002547@181 | patience=5/30 | time=5.05s
[2026-04-27 01:14:57] epoch  187/300 | train=0.002394 | val=0.002645 | best=0.002547@181 | patience=6/30 | time=4.94s
[2026-04-27 01:15:02] epoch  188/300 | train=0.002378 | val=0.002565 | best=0.002547@181 | patience=7/30 | time=4.89s
[2026-04-27 01:15:08] epoch  189/300 | train=0.002356 | val=0.002495 | best=0.002495@189 | patience=0/30 | time=5.14s *
[2026-04-27 01:15:13] epoch  190/300 | train=0.002354 | val=0.002537 | best=0.002495@189 | patience=1/30 | time=4.94s
[2026-04-27 01:15:18] epoch  191/300 | train=0.002355 | val=0.002555 | best=0.002495@189 | patience=2/30 | time=4.87s
[2026-04-27 01:15:24] epoch  192/300 | train=0.002346 | val=0.002577 | best=0.002495@189 | patience=3/30 | time=5.14s
[2026-04-27 01:15:29] epoch  193/300 | train=0.002339 | val=0.002495 | best=0.002495@189 | patience=4/30 | time=4.90s
[2026-04-27 01:15:34] epoch  194/300 | train=0.002315 | val=0.002529 | best=0.002495@189 | patience=5/30 | time=4.88s
[2026-04-27 01:15:39] epoch  195/300 | train=0.002345 | val=0.002667 | best=0.002495@189 | patience=6/30 | time=5.15s
[2026-04-27 01:15:44] epoch  196/300 | train=0.002376 | val=0.002497 | best=0.002495@189 | patience=7/30 | time=4.95s
[2026-04-27 01:15:49] epoch  197/300 | train=0.002324 | val=0.002598 | best=0.002495@189 | patience=8/30 | time=5.05s
[2026-04-27 01:15:54] epoch  198/300 | train=0.002331 | val=0.002731 | best=0.002495@189 | patience=9/30 | time=4.95s
[2026-04-27 01:15:59] epoch  199/300 | train=0.002409 | val=0.002501 | best=0.002495@189 | patience=10/30 | time=4.89s
[2026-04-27 01:16:05] epoch  200/300 | train=0.002301 | val=0.002487 | best=0.002487@200 | patience=0/30 | time=5.15s *
[2026-04-27 01:16:10] epoch  201/300 | train=0.002293 | val=0.002542 | best=0.002487@200 | patience=1/30 | time=4.94s
[2026-04-27 01:16:15] epoch  202/300 | train=0.002369 | val=0.002682 | best=0.002487@200 | patience=2/30 | time=4.87s
[2026-04-27 01:16:20] epoch  203/300 | train=0.002405 | val=0.002765 | best=0.002487@200 | patience=3/30 | time=5.16s
[2026-04-27 01:16:25] epoch  204/300 | train=0.002406 | val=0.002576 | best=0.002487@200 | patience=4/30 | time=4.90s
[2026-04-27 01:16:30] epoch  205/300 | train=0.002306 | val=0.002508 | best=0.002487@200 | patience=5/30 | time=4.87s
[2026-04-27 01:16:36] epoch  206/300 | train=0.002275 | val=0.002468 | best=0.002468@206 | patience=0/30 | time=5.15s *
[2026-04-27 01:16:42] epoch  207/300 | train=0.002250 | val=0.002611 | best=0.002468@206 | patience=1/30 | time=4.88s
[2026-04-27 01:16:47] epoch  208/300 | train=0.002385 | val=0.002566 | best=0.002468@206 | patience=2/30 | time=5.06s
[2026-04-27 01:16:52] epoch  209/300 | train=0.002285 | val=0.002484 | best=0.002468@206 | patience=3/30 | time=4.95s
[2026-04-27 01:16:57] epoch  210/300 | train=0.002249 | val=0.002437 | best=0.002437@210 | patience=0/30 | time=4.90s *
[2026-04-27 01:17:03] epoch  211/300 | train=0.002222 | val=0.002549 | best=0.002437@210 | patience=1/30 | time=5.21s
[2026-04-27 01:17:08] epoch  212/300 | train=0.002314 | val=0.002473 | best=0.002437@210 | patience=2/30 | time=4.95s
[2026-04-27 01:17:13] epoch  213/300 | train=0.002260 | val=0.002481 | best=0.002437@210 | patience=3/30 | time=4.87s
[2026-04-27 01:17:18] epoch  214/300 | train=0.002253 | val=0.002469 | best=0.002437@210 | patience=4/30 | time=5.16s
[2026-04-27 01:17:23] epoch  215/300 | train=0.002252 | val=0.002475 | best=0.002437@210 | patience=5/30 | time=4.89s
[2026-04-27 01:17:28] epoch  216/300 | train=0.002253 | val=0.002477 | best=0.002437@210 | patience=6/30 | time=4.87s
[2026-04-27 01:17:33] epoch  217/300 | train=0.002255 | val=0.002484 | best=0.002437@210 | patience=7/30 | time=5.16s
[2026-04-27 01:17:39] epoch  218/300 | train=0.002216 | val=0.002472 | best=0.002437@210 | patience=8/30 | time=4.95s
[2026-04-27 01:17:44] epoch  219/300 | train=0.002213 | val=0.002437 | best=0.002437@210 | patience=9/30 | time=5.06s
[2026-04-27 01:17:50] epoch  220/300 | train=0.002275 | val=0.002491 | best=0.002437@210 | patience=10/30 | time=4.95s
[2026-04-27 01:17:55] epoch  221/300 | train=0.002234 | val=0.002410 | best=0.002410@221 | patience=0/30 | time=4.89s *
[2026-04-27 01:18:01] epoch  222/300 | train=0.002205 | val=0.002457 | best=0.002410@221 | patience=1/30 | time=5.14s
[2026-04-27 01:18:06] epoch  223/300 | train=0.002232 | val=0.002417 | best=0.002410@221 | patience=2/30 | time=4.94s
[2026-04-27 01:18:11] epoch  224/300 | train=0.002196 | val=0.002441 | best=0.002410@221 | patience=3/30 | time=4.87s
[2026-04-27 01:18:16] epoch  225/300 | train=0.002183 | val=0.002439 | best=0.002410@221 | patience=4/30 | time=5.16s
[2026-04-27 01:18:21] epoch  226/300 | train=0.002188 | val=0.002429 | best=0.002410@221 | patience=5/30 | time=4.89s
[2026-04-27 01:18:26] epoch  227/300 | train=0.002186 | val=0.002460 | best=0.002410@221 | patience=6/30 | time=4.87s
[2026-04-27 01:18:31] epoch  228/300 | train=0.002197 | val=0.002481 | best=0.002410@221 | patience=7/30 | time=5.15s
[2026-04-27 01:18:36] epoch  229/300 | train=0.002204 | val=0.002416 | best=0.002410@221 | patience=8/30 | time=4.95s
[2026-04-27 01:18:42] epoch  230/300 | train=0.002185 | val=0.002494 | best=0.002410@221 | patience=9/30 | time=5.04s
[2026-04-27 01:18:47] epoch  231/300 | train=0.002205 | val=0.002426 | best=0.002410@221 | patience=10/30 | time=4.95s
[2026-04-27 01:18:52] epoch  232/300 | train=0.002175 | val=0.002412 | best=0.002410@221 | patience=11/30 | time=4.89s
[2026-04-27 01:18:57] epoch  233/300 | train=0.002152 | val=0.002526 | best=0.002410@221 | patience=12/30 | time=5.21s
[2026-04-27 01:19:02] epoch  234/300 | train=0.002159 | val=0.002416 | best=0.002410@221 | patience=13/30 | time=4.95s
[2026-04-27 01:19:07] epoch  235/300 | train=0.002173 | val=0.002431 | best=0.002410@221 | patience=14/30 | time=4.87s
[2026-04-27 01:19:12] epoch  236/300 | train=0.002139 | val=0.002514 | best=0.002410@221 | patience=15/30 | time=5.04s
[2026-04-27 01:19:17] epoch  237/300 | train=0.002236 | val=0.002479 | best=0.002410@221 | patience=16/30 | time=4.97s
[2026-04-27 01:19:22] epoch  238/300 | train=0.002156 | val=0.002530 | best=0.002410@221 | patience=17/30 | time=4.87s
[2026-04-27 01:19:28] epoch  239/300 | train=0.002236 | val=0.002503 | best=0.002410@221 | patience=18/30 | time=5.21s
[2026-04-27 01:19:33] epoch  240/300 | train=0.002183 | val=0.002384 | best=0.002384@240 | patience=0/30 | time=4.94s *
[2026-04-27 01:19:39] epoch  241/300 | train=0.002118 | val=0.002395 | best=0.002384@240 | patience=1/30 | time=5.04s
[2026-04-27 01:19:44] epoch  242/300 | train=0.002131 | val=0.002465 | best=0.002384@240 | patience=2/30 | time=4.94s
[2026-04-27 01:19:50] epoch  243/300 | train=0.002161 | val=0.002361 | best=0.002361@243 | patience=0/30 | time=4.89s *
[2026-04-27 01:19:55] epoch  244/300 | train=0.002137 | val=0.002379 | best=0.002361@243 | patience=1/30 | time=5.14s
[2026-04-27 01:20:01] epoch  245/300 | train=0.002102 | val=0.002359 | best=0.002359@245 | patience=0/30 | time=4.95s *
[2026-04-27 01:20:06] epoch  246/300 | train=0.002088 | val=0.002379 | best=0.002359@245 | patience=1/30 | time=4.87s
[2026-04-27 01:20:11] epoch  247/300 | train=0.002095 | val=0.002386 | best=0.002359@245 | patience=2/30 | time=5.11s
[2026-04-27 01:20:17] epoch  248/300 | train=0.002090 | val=0.002341 | best=0.002341@248 | patience=0/30 | time=4.89s *
[2026-04-27 01:20:22] epoch  249/300 | train=0.002075 | val=0.002429 | best=0.002341@248 | patience=1/30 | time=4.87s
[2026-04-27 01:20:27] epoch  250/300 | train=0.002102 | val=0.002391 | best=0.002341@248 | patience=2/30 | time=5.22s
[2026-04-27 01:20:32] epoch  251/300 | train=0.002118 | val=0.002376 | best=0.002341@248 | patience=3/30 | time=4.88s
[2026-04-27 01:20:38] epoch  252/300 | train=0.002120 | val=0.002316 | best=0.002316@252 | patience=0/30 | time=5.09s *
[2026-04-27 01:20:43] epoch  253/300 | train=0.002060 | val=0.002334 | best=0.002316@252 | patience=1/30 | time=4.94s
[2026-04-27 01:20:48] epoch  254/300 | train=0.002064 | val=0.002324 | best=0.002316@252 | patience=2/30 | time=4.89s
[2026-04-27 01:20:53] epoch  255/300 | train=0.002085 | val=0.002479 | best=0.002316@252 | patience=3/30 | time=5.14s
[2026-04-27 01:20:58] epoch  256/300 | train=0.002170 | val=0.002480 | best=0.002316@252 | patience=4/30 | time=4.95s
[2026-04-27 01:21:03] epoch  257/300 | train=0.002150 | val=0.002391 | best=0.002316@252 | patience=5/30 | time=4.87s
[2026-04-27 01:21:09] epoch  258/300 | train=0.002085 | val=0.002313 | best=0.002313@258 | patience=0/30 | time=5.05s *
[2026-04-27 01:21:14] epoch  259/300 | train=0.002042 | val=0.002391 | best=0.002313@258 | patience=1/30 | time=4.89s
[2026-04-27 01:21:20] epoch  260/300 | train=0.002054 | val=0.002295 | best=0.002295@260 | patience=0/30 | time=4.87s *
[2026-04-27 01:21:25] epoch  261/300 | train=0.002035 | val=0.002315 | best=0.002295@260 | patience=1/30 | time=5.30s
[2026-04-27 01:21:30] epoch  262/300 | train=0.002010 | val=0.002331 | best=0.002295@260 | patience=2/30 | time=4.86s
[2026-04-27 01:21:35] epoch  263/300 | train=0.002038 | val=0.002332 | best=0.002295@260 | patience=3/30 | time=5.08s
[2026-04-27 01:21:41] epoch  264/300 | train=0.002020 | val=0.002340 | best=0.002295@260 | patience=4/30 | time=4.94s
[2026-04-27 01:21:46] epoch  265/300 | train=0.002032 | val=0.002341 | best=0.002295@260 | patience=5/30 | time=4.89s
[2026-04-27 01:21:51] epoch  266/300 | train=0.002026 | val=0.002320 | best=0.002295@260 | patience=6/30 | time=5.15s
[2026-04-27 01:21:56] epoch  267/300 | train=0.002005 | val=0.002301 | best=0.002295@260 | patience=7/30 | time=4.95s
[2026-04-27 01:22:01] epoch  268/300 | train=0.002009 | val=0.002393 | best=0.002295@260 | patience=8/30 | time=4.87s
[2026-04-27 01:22:06] epoch  269/300 | train=0.002042 | val=0.002344 | best=0.002295@260 | patience=9/30 | time=5.11s
[2026-04-27 01:22:11] epoch  270/300 | train=0.002043 | val=0.002369 | best=0.002295@260 | patience=10/30 | time=4.89s
[2026-04-27 01:22:16] epoch  271/300 | train=0.002031 | val=0.002323 | best=0.002295@260 | patience=11/30 | time=4.87s
[2026-04-27 01:22:21] epoch  272/300 | train=0.002038 | val=0.002348 | best=0.002295@260 | patience=12/30 | time=5.14s
[2026-04-27 01:22:27] epoch  273/300 | train=0.002013 | val=0.002351 | best=0.002295@260 | patience=13/30 | time=4.95s
[2026-04-27 01:22:32] epoch  274/300 | train=0.001999 | val=0.002329 | best=0.002295@260 | patience=14/30 | time=5.06s
[2026-04-27 01:22:37] epoch  275/300 | train=0.002020 | val=0.002300 | best=0.002295@260 | patience=15/30 | time=4.95s
[2026-04-27 01:22:42] epoch  276/300 | train=0.001987 | val=0.002290 | best=0.002290@276 | patience=0/30 | time=4.89s *
[2026-04-27 01:22:48] epoch  277/300 | train=0.001976 | val=0.002343 | best=0.002290@276 | patience=1/30 | time=5.15s
[2026-04-27 01:22:53] epoch  278/300 | train=0.001993 | val=0.002306 | best=0.002290@276 | patience=2/30 | time=4.95s
[2026-04-27 01:22:58] epoch  279/300 | train=0.001977 | val=0.002285 | best=0.002285@279 | patience=0/30 | time=4.87s *
[2026-04-27 01:23:04] epoch  280/300 | train=0.001953 | val=0.002285 | best=0.002285@279 | patience=1/30 | time=5.16s
[2026-04-27 01:23:09] epoch  281/300 | train=0.001965 | val=0.002277 | best=0.002277@281 | patience=0/30 | time=4.89s *
[2026-04-27 01:23:14] epoch  282/300 | train=0.001970 | val=0.002288 | best=0.002277@281 | patience=1/30 | time=4.87s
[2026-04-27 01:23:20] epoch  283/300 | train=0.001955 | val=0.002291 | best=0.002277@281 | patience=2/30 | time=5.14s
[2026-04-27 01:23:25] epoch  284/300 | train=0.001961 | val=0.002385 | best=0.002277@281 | patience=3/30 | time=4.87s
[2026-04-27 01:23:30] epoch  285/300 | train=0.002055 | val=0.002337 | best=0.002277@281 | patience=4/30 | time=5.05s
[2026-04-27 01:23:35] epoch  286/300 | train=0.001996 | val=0.002305 | best=0.002277@281 | patience=5/30 | time=4.95s
[2026-04-27 01:23:40] epoch  287/300 | train=0.002026 | val=0.002393 | best=0.002277@281 | patience=6/30 | time=4.89s
[2026-04-27 01:23:45] epoch  288/300 | train=0.002037 | val=0.002294 | best=0.002277@281 | patience=7/30 | time=5.14s
[2026-04-27 01:23:50] epoch  289/300 | train=0.001985 | val=0.002298 | best=0.002277@281 | patience=8/30 | time=4.95s
[2026-04-27 01:23:56] epoch  290/300 | train=0.001969 | val=0.002259 | best=0.002259@290 | patience=0/30 | time=4.87s *
[2026-04-27 01:24:02] epoch  291/300 | train=0.001951 | val=0.002272 | best=0.002259@290 | patience=1/30 | time=4.94s
[2026-04-27 01:24:08] epoch  292/300 | train=0.001912 | val=0.002257 | best=0.002257@292 | patience=0/30 | time=4.89s *
[2026-04-27 01:24:14] epoch  293/300 | train=0.001926 | val=0.002255 | best=0.002255@293 | patience=0/30 | time=4.87s *
[2026-04-27 01:24:19] epoch  294/300 | train=0.001898 | val=0.002237 | best=0.002237@294 | patience=0/30 | time=4.95s *
[2026-04-27 01:24:24] epoch  295/300 | train=0.001891 | val=0.002272 | best=0.002237@294 | patience=1/30 | time=4.87s
[2026-04-27 01:24:29] epoch  296/300 | train=0.001903 | val=0.002247 | best=0.002237@294 | patience=2/30 | time=5.05s
[2026-04-27 01:24:35] epoch  297/300 | train=0.001903 | val=0.002257 | best=0.002237@294 | patience=3/30 | time=4.95s
[2026-04-27 01:24:40] epoch  298/300 | train=0.001899 | val=0.002264 | best=0.002237@294 | patience=4/30 | time=4.87s
[2026-04-27 01:24:45] epoch  299/300 | train=0.001894 | val=0.002310 | best=0.002237@294 | patience=5/30 | time=5.21s
[2026-04-27 01:24:50] epoch  300/300 | train=0.001919 | val=0.002295 | best=0.002237@294 | patience=6/30 | time=4.95s
[2026-04-27 01:24:50] Training done: stop_reason=max_epochs, total_epochs=300, best_epoch=294, best_val=0.002237
[2026-04-27 01:24:50] Reloading best checkpoint (epoch 294) for evaluation
[2026-04-27 01:25:02] ------------------------------------------------------------
[2026-04-27 01:25:02] Evaluation:
[2026-04-27 01:25:02]   AUC broken_lcfs         : 0.5696
[2026-04-27 01:25:02]   AUC bad_black_core      : 0.9993
[2026-04-27 01:25:02]   AUC bad_nonconverged    : 0.9993
[2026-04-27 01:25:02]   objective      : 0.8274
[2026-04-27 01:25:02]   floor_ok       : True
[2026-04-27 01:25:02]   threshold      : 0.1397
[2026-04-27 01:25:02]   mu / sigma     : 0.00190214 / 0.000456055
[2026-04-27 01:25:02] Train time=1693.5s, eval time=11.9s
