[2026-04-27 09:25:09] ============================================================
[2026-04-27 09:25:09] Trial 152 starting on cuda:0
[2026-04-27 09:25:09] Timestamp: 2026-04-27T09:25:09.776168
[2026-04-27 09:25:09] --- Config summary ---
  bottleneck_dim  : 216
  n_enc_layers    : 3
  n_dec_layers    : 5
  base_channels   : 48
  growth_factor   : 2.5375131033692826
  use_batchnorm   : True
  use_hpf         : True
  hpf_sigma       : 1.0252485625621859
  lr              : 0.0003350172816825257
  batch_size      : 24
  max_epochs      : 300
  patience        : 30
  seed            : 42
  deterministic   : False
  trial_num       : 152
[2026-04-27 09:25:09] Loading train/val/selection splits...
[2026-04-27 09:26:09] Splits loaded in 59.7s: n_train=722, n_val=120, n_selection=405
[2026-04-27 09:26:16] --- Architecture summary ---
  channels per enc layer : [48, 122, 309]
  final spatial size     : 32x32
  flat size before latent: 316416
  bottleneck_dim         : 216
  total parameters       : 142,716,832
[2026-04-27 09:26:16] Starting training: n_train=722, n_val=120, device=cuda:0
[2026-04-27 09:28:51] epoch    1/300 | train=0.003061 | val=0.003223 | best=0.003223@1 | patience=0/30 | time=149.72s *
[2026-04-27 09:29:05] epoch    2/300 | train=0.001531 | val=0.001605 | best=0.001605@2 | patience=0/30 | time=9.83s *
[2026-04-27 09:29:19] epoch    3/300 | train=0.001408 | val=0.001418 | best=0.001418@3 | patience=0/30 | time=9.72s *
[2026-04-27 09:29:33] epoch    4/300 | train=0.001341 | val=0.001414 | best=0.001414@4 | patience=0/30 | time=9.97s *
[2026-04-27 09:29:47] epoch    5/300 | train=0.001312 | val=0.001350 | best=0.001350@5 | patience=0/30 | time=9.61s *
[2026-04-27 09:29:57] epoch    6/300 | train=0.001291 | val=0.001753 | best=0.001350@5 | patience=1/30 | time=9.90s
[2026-04-27 09:30:07] epoch    7/300 | train=0.001310 | val=0.001439 | best=0.001350@5 | patience=2/30 | time=9.75s
[2026-04-27 09:30:21] epoch    8/300 | train=0.001296 | val=0.001296 | best=0.001296@8 | patience=0/30 | time=9.95s *
[2026-04-27 09:30:36] epoch    9/300 | train=0.001260 | val=0.001247 | best=0.001247@9 | patience=0/30 | time=9.96s *
[2026-04-27 09:30:46] epoch   10/300 | train=0.001248 | val=0.001278 | best=0.001247@9 | patience=1/30 | time=9.71s
[2026-04-27 09:30:56] epoch   11/300 | train=0.001254 | val=0.001258 | best=0.001247@9 | patience=2/30 | time=9.98s
[2026-04-27 09:31:06] epoch   12/300 | train=0.001242 | val=0.001270 | best=0.001247@9 | patience=3/30 | time=10.06s
[2026-04-27 09:31:16] epoch   13/300 | train=0.001252 | val=0.001259 | best=0.001247@9 | patience=4/30 | time=9.96s
[2026-04-27 09:31:30] epoch   14/300 | train=0.001241 | val=0.001242 | best=0.001242@14 | patience=0/30 | time=9.63s *
[2026-04-27 09:31:40] epoch   15/300 | train=0.001232 | val=0.001243 | best=0.001242@14 | patience=1/30 | time=9.94s
[2026-04-27 09:31:50] epoch   16/300 | train=0.001245 | val=0.001293 | best=0.001242@14 | patience=2/30 | time=9.69s
[2026-04-27 09:32:00] epoch   17/300 | train=0.001219 | val=0.001321 | best=0.001242@14 | patience=3/30 | time=9.99s
[2026-04-27 09:32:10] epoch   18/300 | train=0.001231 | val=0.001268 | best=0.001242@14 | patience=4/30 | time=9.96s
[2026-04-27 09:32:24] epoch   19/300 | train=0.001205 | val=0.001231 | best=0.001231@19 | patience=0/30 | time=9.62s *
[2026-04-27 09:32:34] epoch   20/300 | train=0.001182 | val=0.001423 | best=0.001231@19 | patience=1/30 | time=9.71s
[2026-04-27 09:32:48] epoch   21/300 | train=0.001219 | val=0.001205 | best=0.001205@21 | patience=0/30 | time=10.00s *
[2026-04-27 09:33:03] epoch   22/300 | train=0.001163 | val=0.001164 | best=0.001164@22 | patience=0/30 | time=10.04s *
[2026-04-27 09:33:12] epoch   23/300 | train=0.001136 | val=0.001567 | best=0.001164@22 | patience=1/30 | time=9.70s
[2026-04-27 09:33:23] epoch   24/300 | train=0.001128 | val=0.001354 | best=0.001164@22 | patience=2/30 | time=9.99s
[2026-04-27 09:33:33] epoch   25/300 | train=0.001122 | val=0.001506 | best=0.001164@22 | patience=3/30 | time=9.90s
[2026-04-27 09:33:42] epoch   26/300 | train=0.001101 | val=0.001813 | best=0.001164@22 | patience=4/30 | time=9.62s
[2026-04-27 09:33:56] epoch   27/300 | train=0.001106 | val=0.001153 | best=0.001153@27 | patience=0/30 | time=9.96s *
[2026-04-27 09:34:11] epoch   28/300 | train=0.001070 | val=0.001128 | best=0.001128@28 | patience=0/30 | time=9.73s *
[2026-04-27 09:34:25] epoch   29/300 | train=0.001064 | val=0.001079 | best=0.001079@29 | patience=0/30 | time=9.95s *
[2026-04-27 09:34:39] epoch   30/300 | train=0.001043 | val=0.001048 | best=0.001048@30 | patience=0/30 | time=9.60s *
[2026-04-27 09:34:53] epoch   31/300 | train=0.001021 | val=0.001041 | best=0.001041@31 | patience=0/30 | time=9.93s *
[2026-04-27 09:35:03] epoch   32/300 | train=0.001006 | val=0.001174 | best=0.001041@31 | patience=1/30 | time=9.91s
[2026-04-27 09:35:13] epoch   33/300 | train=0.000999 | val=0.001084 | best=0.001041@31 | patience=2/30 | time=9.72s
[2026-04-27 09:35:23] epoch   34/300 | train=0.000974 | val=0.001051 | best=0.001041@31 | patience=3/30 | time=9.99s
[2026-04-27 09:35:34] epoch   35/300 | train=0.000974 | val=0.001042 | best=0.001041@31 | patience=4/30 | time=10.04s
[2026-04-27 09:35:48] epoch   36/300 | train=0.000958 | val=0.001021 | best=0.001021@36 | patience=0/30 | time=9.80s *
[2026-04-27 09:36:02] epoch   37/300 | train=0.000944 | val=0.001007 | best=0.001007@37 | patience=0/30 | time=9.62s *
[2026-04-27 09:36:12] epoch   38/300 | train=0.000935 | val=0.001258 | best=0.001007@37 | patience=1/30 | time=9.97s
[2026-04-27 09:36:22] epoch   39/300 | train=0.000970 | val=0.001033 | best=0.001007@37 | patience=2/30 | time=9.74s
[2026-04-27 09:36:32] epoch   40/300 | train=0.000917 | val=0.001279 | best=0.001007@37 | patience=3/30 | time=10.03s
[2026-04-27 09:36:46] epoch   41/300 | train=0.000908 | val=0.000966 | best=0.000966@41 | patience=0/30 | time=9.95s *
[2026-04-27 09:36:56] epoch   42/300 | train=0.000891 | val=0.001058 | best=0.000966@41 | patience=1/30 | time=9.91s
[2026-04-27 09:37:06] epoch   43/300 | train=0.000888 | val=0.001026 | best=0.000966@41 | patience=2/30 | time=9.71s
[2026-04-27 09:37:16] epoch   44/300 | train=0.000876 | val=0.000982 | best=0.000966@41 | patience=3/30 | time=9.98s
[2026-04-27 09:37:26] epoch   45/300 | train=0.000860 | val=0.000996 | best=0.000966@41 | patience=4/30 | time=10.05s
[2026-04-27 09:37:40] epoch   46/300 | train=0.000870 | val=0.000947 | best=0.000947@46 | patience=0/30 | time=9.78s *
[2026-04-27 09:37:50] epoch   47/300 | train=0.000857 | val=0.001146 | best=0.000947@46 | patience=1/30 | time=9.61s
[2026-04-27 09:38:00] epoch   48/300 | train=0.000885 | val=0.000996 | best=0.000947@46 | patience=2/30 | time=9.98s
[2026-04-27 09:38:10] epoch   49/300 | train=0.000843 | val=0.000965 | best=0.000947@46 | patience=3/30 | time=9.93s
[2026-04-27 09:38:25] epoch   50/300 | train=0.000837 | val=0.000942 | best=0.000942@50 | patience=0/30 | time=9.86s *
[2026-04-27 09:38:39] epoch   51/300 | train=0.000828 | val=0.000912 | best=0.000912@51 | patience=0/30 | time=9.81s *
[2026-04-27 09:38:49] epoch   52/300 | train=0.000818 | val=0.000985 | best=0.000912@51 | patience=1/30 | time=9.86s
[2026-04-27 09:38:59] epoch   53/300 | train=0.000806 | val=0.000923 | best=0.000912@51 | patience=2/30 | time=9.74s
[2026-04-27 09:39:09] epoch   54/300 | train=0.000805 | val=0.001006 | best=0.000912@51 | patience=3/30 | time=10.00s
[2026-04-27 09:39:19] epoch   55/300 | train=0.000794 | val=0.000937 | best=0.000912@51 | patience=4/30 | time=10.02s
[2026-04-27 09:39:29] epoch   56/300 | train=0.000780 | val=0.000937 | best=0.000912@51 | patience=5/30 | time=9.80s
[2026-04-27 09:39:39] epoch   57/300 | train=0.000765 | val=0.001293 | best=0.000912@51 | patience=6/30 | time=9.74s
[2026-04-27 09:39:53] epoch   58/300 | train=0.000828 | val=0.000893 | best=0.000893@58 | patience=0/30 | time=9.97s *
[2026-04-27 09:40:07] epoch   59/300 | train=0.000773 | val=0.000885 | best=0.000885@59 | patience=0/30 | time=9.72s *
[2026-04-27 09:40:17] epoch   60/300 | train=0.000762 | val=0.000907 | best=0.000885@59 | patience=1/30 | time=10.02s
[2026-04-27 09:40:27] epoch   61/300 | train=0.000753 | val=0.000886 | best=0.000885@59 | patience=2/30 | time=9.98s
[2026-04-27 09:40:38] epoch   62/300 | train=0.000735 | val=0.000916 | best=0.000885@59 | patience=3/30 | time=10.05s
[2026-04-27 09:40:52] epoch   63/300 | train=0.000729 | val=0.000858 | best=0.000858@63 | patience=0/30 | time=9.79s *
[2026-04-27 09:41:02] epoch   64/300 | train=0.000723 | val=0.000900 | best=0.000858@63 | patience=1/30 | time=9.85s
[2026-04-27 09:41:12] epoch   65/300 | train=0.000751 | val=0.000891 | best=0.000858@63 | patience=2/30 | time=9.75s
[2026-04-27 09:41:22] epoch   66/300 | train=0.000718 | val=0.000873 | best=0.000858@63 | patience=3/30 | time=10.01s
[2026-04-27 09:41:32] epoch   67/300 | train=0.000706 | val=0.000884 | best=0.000858@63 | patience=4/30 | time=10.06s
[2026-04-27 09:41:46] epoch   68/300 | train=0.000702 | val=0.000846 | best=0.000846@68 | patience=0/30 | time=9.98s *
[2026-04-27 09:41:56] epoch   69/300 | train=0.000679 | val=0.000872 | best=0.000846@68 | patience=1/30 | time=9.84s
[2026-04-27 09:42:06] epoch   70/300 | train=0.000685 | val=0.000898 | best=0.000846@68 | patience=2/30 | time=9.94s
[2026-04-27 09:42:16] epoch   71/300 | train=0.000678 | val=0.000917 | best=0.000846@68 | patience=3/30 | time=9.77s
[2026-04-27 09:42:26] epoch   72/300 | train=0.000667 | val=0.000946 | best=0.000846@68 | patience=4/30 | time=9.97s
[2026-04-27 09:42:40] epoch   73/300 | train=0.000701 | val=0.000843 | best=0.000843@73 | patience=0/30 | time=9.92s *
[2026-04-27 09:42:51] epoch   74/300 | train=0.000659 | val=0.000877 | best=0.000843@73 | patience=1/30 | time=10.06s
[2026-04-27 09:43:01] epoch   75/300 | train=0.000649 | val=0.000902 | best=0.000843@73 | patience=2/30 | time=9.83s
[2026-04-27 09:43:10] epoch   76/300 | train=0.000657 | val=0.000852 | best=0.000843@73 | patience=3/30 | time=9.75s
[2026-04-27 09:43:21] epoch   77/300 | train=0.000642 | val=0.000870 | best=0.000843@73 | patience=4/30 | time=10.01s
[2026-04-27 09:43:31] epoch   78/300 | train=0.000645 | val=0.000879 | best=0.000843@73 | patience=5/30 | time=9.96s
[2026-04-27 09:43:41] epoch   79/300 | train=0.000650 | val=0.000854 | best=0.000843@73 | patience=6/30 | time=9.88s
[2026-04-27 09:43:51] epoch   80/300 | train=0.000621 | val=0.000875 | best=0.000843@73 | patience=7/30 | time=10.02s
[2026-04-27 09:44:01] epoch   81/300 | train=0.000636 | val=0.000881 | best=0.000843@73 | patience=8/30 | time=9.73s
[2026-04-27 09:44:11] epoch   82/300 | train=0.000615 | val=0.000872 | best=0.000843@73 | patience=9/30 | time=10.08s
[2026-04-27 09:44:21] epoch   83/300 | train=0.000604 | val=0.001141 | best=0.000843@73 | patience=10/30 | time=9.97s
[2026-04-27 09:44:31] epoch   84/300 | train=0.000704 | val=0.000896 | best=0.000843@73 | patience=11/30 | time=9.93s
[2026-04-27 09:44:41] epoch   85/300 | train=0.000678 | val=0.000902 | best=0.000843@73 | patience=12/30 | time=9.72s
[2026-04-27 09:44:51] epoch   86/300 | train=0.000641 | val=0.000850 | best=0.000843@73 | patience=13/30 | time=9.97s
[2026-04-27 09:45:01] epoch   87/300 | train=0.000617 | val=0.000947 | best=0.000843@73 | patience=14/30 | time=9.99s
[2026-04-27 09:45:11] epoch   88/300 | train=0.000646 | val=0.000885 | best=0.000843@73 | patience=15/30 | time=9.80s
[2026-04-27 09:45:21] epoch   89/300 | train=0.000605 | val=0.000861 | best=0.000843@73 | patience=16/30 | time=9.74s
[2026-04-27 09:45:35] epoch   90/300 | train=0.000583 | val=0.000836 | best=0.000836@90 | patience=0/30 | time=10.05s *
[2026-04-27 09:45:45] epoch   91/300 | train=0.000567 | val=0.000846 | best=0.000836@90 | patience=1/30 | time=9.72s
[2026-04-27 09:45:55] epoch   92/300 | train=0.000556 | val=0.000847 | best=0.000836@90 | patience=2/30 | time=9.99s
[2026-04-27 09:46:05] epoch   93/300 | train=0.000569 | val=0.000891 | best=0.000836@90 | patience=3/30 | time=9.96s
[2026-04-27 09:46:15] epoch   94/300 | train=0.000570 | val=0.000858 | best=0.000836@90 | patience=4/30 | time=9.62s
[2026-04-27 09:46:29] epoch   95/300 | train=0.000553 | val=0.000827 | best=0.000827@95 | patience=0/30 | time=10.01s *
[2026-04-27 09:46:39] epoch   96/300 | train=0.000530 | val=0.000826 | best=0.000827@95 | patience=1/30 | time=9.73s
[2026-04-27 09:46:50] epoch   97/300 | train=0.000530 | val=0.000854 | best=0.000827@95 | patience=2/30 | time=10.01s
[2026-04-27 09:47:00] epoch   98/300 | train=0.000542 | val=0.000887 | best=0.000827@95 | patience=3/30 | time=9.89s
[2026-04-27 09:47:10] epoch   99/300 | train=0.000556 | val=0.000845 | best=0.000827@95 | patience=4/30 | time=9.92s
[2026-04-27 09:47:20] epoch  100/300 | train=0.000537 | val=0.000867 | best=0.000827@95 | patience=5/30 | time=10.00s
[2026-04-27 09:47:30] epoch  101/300 | train=0.000522 | val=0.000867 | best=0.000827@95 | patience=6/30 | time=9.72s
[2026-04-27 09:47:40] epoch  102/300 | train=0.000519 | val=0.000837 | best=0.000827@95 | patience=7/30 | time=10.04s
[2026-04-27 09:47:50] epoch  103/300 | train=0.000502 | val=0.000844 | best=0.000827@95 | patience=8/30 | time=9.95s
[2026-04-27 09:48:00] epoch  104/300 | train=0.000489 | val=0.000842 | best=0.000827@95 | patience=9/30 | time=9.63s
[2026-04-27 09:48:10] epoch  105/300 | train=0.000481 | val=0.000835 | best=0.000827@95 | patience=10/30 | time=10.04s
[2026-04-27 09:48:20] epoch  106/300 | train=0.000484 | val=0.000869 | best=0.000827@95 | patience=11/30 | time=10.00s
[2026-04-27 09:48:30] epoch  107/300 | train=0.000484 | val=0.000862 | best=0.000827@95 | patience=12/30 | time=9.86s
[2026-04-27 09:48:40] epoch  108/300 | train=0.000472 | val=0.000836 | best=0.000827@95 | patience=13/30 | time=9.99s
[2026-04-27 09:48:50] epoch  109/300 | train=0.000468 | val=0.001018 | best=0.000827@95 | patience=14/30 | time=9.73s
[2026-04-27 09:49:00] epoch  110/300 | train=0.000504 | val=0.000865 | best=0.000827@95 | patience=15/30 | time=10.05s
[2026-04-27 09:49:11] epoch  111/300 | train=0.000490 | val=0.000841 | best=0.000827@95 | patience=16/30 | time=9.94s
[2026-04-27 09:49:20] epoch  112/300 | train=0.000477 | val=0.000863 | best=0.000827@95 | patience=17/30 | time=9.63s
[2026-04-27 09:49:30] epoch  113/300 | train=0.000469 | val=0.000827 | best=0.000827@95 | patience=18/30 | time=9.98s
[2026-04-27 09:49:40] epoch  114/300 | train=0.000429 | val=0.000867 | best=0.000827@95 | patience=19/30 | time=9.93s
[2026-04-27 09:49:50] epoch  115/300 | train=0.000441 | val=0.000828 | best=0.000827@95 | patience=20/30 | time=9.87s
[2026-04-27 09:50:00] epoch  116/300 | train=0.000436 | val=0.000837 | best=0.000827@95 | patience=21/30 | time=9.95s
[2026-04-27 09:50:10] epoch  117/300 | train=0.000419 | val=0.000878 | best=0.000827@95 | patience=22/30 | time=9.72s
[2026-04-27 09:50:20] epoch  118/300 | train=0.000414 | val=0.000893 | best=0.000827@95 | patience=23/30 | time=9.99s
[2026-04-27 09:50:30] epoch  119/300 | train=0.000428 | val=0.000867 | best=0.000827@95 | patience=24/30 | time=9.96s
[2026-04-27 09:50:40] epoch  120/300 | train=0.000416 | val=0.000920 | best=0.000827@95 | patience=25/30 | time=9.62s
[2026-04-27 09:50:50] epoch  121/300 | train=0.000414 | val=0.000855 | best=0.000827@95 | patience=26/30 | time=9.98s
[2026-04-27 09:51:00] epoch  122/300 | train=0.000404 | val=0.000904 | best=0.000827@95 | patience=27/30 | time=9.99s
[2026-04-27 09:51:10] epoch  123/300 | train=0.000389 | val=0.000869 | best=0.000827@95 | patience=28/30 | time=9.84s
[2026-04-27 09:51:20] epoch  124/300 | train=0.000410 | val=0.000930 | best=0.000827@95 | patience=29/30 | time=9.98s
[2026-04-27 09:51:30] epoch  125/300 | train=0.000393 | val=0.000856 | best=0.000827@95 | patience=30/30 | time=9.75s
[2026-04-27 09:51:30]   early stopping at epoch 125 (no improvement for 30 epochs)
[2026-04-27 09:51:30] Training done: stop_reason=early_stop, total_epochs=125, best_epoch=95, best_val=0.000827
[2026-04-27 09:51:30] Reloading best checkpoint (epoch 95) for evaluation
[2026-04-27 09:51:52] ------------------------------------------------------------
[2026-04-27 09:51:52] Evaluation:
[2026-04-27 09:51:52]   AUC broken_lcfs         : 0.6121
[2026-04-27 09:51:52]   AUC bad_black_core      : 0.9953
[2026-04-27 09:51:52]   AUC bad_nonconverged    : 0.9987
[2026-04-27 09:51:52]   objective      : 0.8430
[2026-04-27 09:51:52]   floor_ok       : True
[2026-04-27 09:51:52]   threshold      : 0.1246
[2026-04-27 09:51:52]   mu / sigma     : 0.000527312 / 0.000134598
[2026-04-27 09:51:52] Train time=1514.2s, eval time=17.2s
