[2026-04-27 08:27:07] ============================================================
[2026-04-27 08:27:07] Trial 140 starting on cuda:0
[2026-04-27 08:27:07] Timestamp: 2026-04-27T08:27:07.532584
[2026-04-27 08:27:07] --- Config summary ---
  bottleneck_dim  : 193
  n_enc_layers    : 2
  n_dec_layers    : 4
  base_channels   : 31
  growth_factor   : 2.8148870342736454
  use_batchnorm   : True
  use_hpf         : True
  hpf_sigma       : 1.0026209789584537
  lr              : 0.0005289200832588149
  batch_size      : 32
  max_epochs      : 300
  patience        : 30
  seed            : 42
  deterministic   : False
  trial_num       : 140
[2026-04-27 08:27:07] Loading train/val/selection splits...
[2026-04-27 08:28:06] Splits loaded in 59.1s: n_train=722, n_val=120, n_selection=405
[2026-04-27 08:28:14] --- Architecture summary ---
  channels per enc layer : [31, 87]
  final spatial size     : 64x64
  flat size before latent: 356352
  bottleneck_dim         : 193
  total parameters       : 138,257,475
[2026-04-27 08:28:14] Starting training: n_train=722, n_val=120, device=cuda:0
[2026-04-27 08:30:42] epoch    1/300 | train=0.003747 | val=0.003705 | best=0.003705@1 | patience=0/30 | time=143.82s *
[2026-04-27 08:30:50] epoch    2/300 | train=0.001510 | val=0.001801 | best=0.001801@2 | patience=0/30 | time=3.58s *
[2026-04-27 08:30:58] epoch    3/300 | train=0.001397 | val=0.001394 | best=0.001394@3 | patience=0/30 | time=3.66s *
[2026-04-27 08:31:02] epoch    4/300 | train=0.001364 | val=0.001403 | best=0.001394@3 | patience=1/30 | time=3.56s
[2026-04-27 08:31:10] epoch    5/300 | train=0.001341 | val=0.001345 | best=0.001345@5 | patience=0/30 | time=3.78s *
[2026-04-27 08:31:18] epoch    6/300 | train=0.001299 | val=0.001309 | best=0.001309@6 | patience=0/30 | time=3.54s *
[2026-04-27 08:31:26] epoch    7/300 | train=0.001276 | val=0.001288 | best=0.001288@7 | patience=0/30 | time=3.53s *
[2026-04-27 08:31:30] epoch    8/300 | train=0.001260 | val=0.001299 | best=0.001288@7 | patience=1/30 | time=3.65s
[2026-04-27 08:31:38] epoch    9/300 | train=0.001249 | val=0.001241 | best=0.001241@9 | patience=0/30 | time=3.55s *
[2026-04-27 08:31:41] epoch   10/300 | train=0.001228 | val=0.001253 | best=0.001241@9 | patience=1/30 | time=3.55s
[2026-04-27 08:31:50] epoch   11/300 | train=0.001218 | val=0.001210 | best=0.001210@11 | patience=0/30 | time=3.78s *
[2026-04-27 08:31:53] epoch   12/300 | train=0.001201 | val=0.001221 | best=0.001210@11 | patience=1/30 | time=3.54s
[2026-04-27 08:31:57] epoch   13/300 | train=0.001192 | val=0.001209 | best=0.001210@11 | patience=2/30 | time=3.53s
[2026-04-27 08:32:05] epoch   14/300 | train=0.001178 | val=0.001179 | best=0.001179@14 | patience=0/30 | time=3.74s *
[2026-04-27 08:32:13] epoch   15/300 | train=0.001163 | val=0.001174 | best=0.001174@15 | patience=0/30 | time=3.55s *
[2026-04-27 08:32:21] epoch   16/300 | train=0.001166 | val=0.001168 | best=0.001168@16 | patience=0/30 | time=3.55s *
[2026-04-27 08:32:29] epoch   17/300 | train=0.001148 | val=0.001160 | best=0.001160@17 | patience=0/30 | time=3.62s *
[2026-04-27 08:32:37] epoch   18/300 | train=0.001143 | val=0.001153 | best=0.001153@18 | patience=0/30 | time=3.52s *
[2026-04-27 08:32:45] epoch   19/300 | train=0.001124 | val=0.001137 | best=0.001137@19 | patience=0/30 | time=3.66s *
[2026-04-27 08:32:53] epoch   20/300 | train=0.001116 | val=0.001125 | best=0.001125@20 | patience=0/30 | time=3.55s *
[2026-04-27 08:32:57] epoch   21/300 | train=0.001112 | val=0.001130 | best=0.001125@20 | patience=1/30 | time=3.62s
[2026-04-27 08:33:04] epoch   22/300 | train=0.001098 | val=0.001101 | best=0.001101@22 | patience=0/30 | time=3.52s *
[2026-04-27 08:33:08] epoch   23/300 | train=0.001089 | val=0.001110 | best=0.001101@22 | patience=1/30 | time=3.66s
[2026-04-27 08:33:12] epoch   24/300 | train=0.001080 | val=0.001108 | best=0.001101@22 | patience=2/30 | time=3.55s
[2026-04-27 08:33:20] epoch   25/300 | train=0.001068 | val=0.001099 | best=0.001099@25 | patience=0/30 | time=3.55s *
[2026-04-27 08:33:23] epoch   26/300 | train=0.001060 | val=0.001150 | best=0.001099@25 | patience=1/30 | time=3.77s
[2026-04-27 08:33:31] epoch   27/300 | train=0.001055 | val=0.001085 | best=0.001085@27 | patience=0/30 | time=3.65s *
[2026-04-27 08:33:39] epoch   28/300 | train=0.001047 | val=0.001073 | best=0.001073@28 | patience=0/30 | time=3.52s *
[2026-04-27 08:33:43] epoch   29/300 | train=0.001038 | val=0.001073 | best=0.001073@28 | patience=1/30 | time=3.75s
[2026-04-27 08:33:51] epoch   30/300 | train=0.001028 | val=0.001056 | best=0.001056@30 | patience=0/30 | time=3.62s *
[2026-04-27 08:33:58] epoch   31/300 | train=0.001018 | val=0.001028 | best=0.001028@31 | patience=0/30 | time=3.55s *
[2026-04-27 08:34:07] epoch   32/300 | train=0.001002 | val=0.001015 | best=0.001015@32 | patience=0/30 | time=3.82s *
[2026-04-27 08:34:15] epoch   33/300 | train=0.000993 | val=0.001009 | best=0.001009@33 | patience=0/30 | time=3.54s *
[2026-04-27 08:34:22] epoch   34/300 | train=0.000987 | val=0.001004 | best=0.001004@34 | patience=0/30 | time=3.52s *
[2026-04-27 08:34:27] epoch   35/300 | train=0.000974 | val=0.001012 | best=0.001004@34 | patience=1/30 | time=3.79s
[2026-04-27 08:34:31] epoch   36/300 | train=0.000966 | val=0.001007 | best=0.001004@34 | patience=2/30 | time=3.64s
[2026-04-27 08:34:34] epoch   37/300 | train=0.000958 | val=0.001035 | best=0.001004@34 | patience=3/30 | time=3.55s
[2026-04-27 08:34:42] epoch   38/300 | train=0.000947 | val=0.000969 | best=0.000969@38 | patience=0/30 | time=3.55s *
[2026-04-27 08:34:46] epoch   39/300 | train=0.000939 | val=0.001004 | best=0.000969@38 | patience=1/30 | time=3.64s
[2026-04-27 08:34:54] epoch   40/300 | train=0.000933 | val=0.000954 | best=0.000954@40 | patience=0/30 | time=3.52s *
[2026-04-27 08:34:58] epoch   41/300 | train=0.000926 | val=0.000965 | best=0.000954@40 | patience=1/30 | time=3.65s
[2026-04-27 08:35:01] epoch   42/300 | train=0.000918 | val=0.000971 | best=0.000954@40 | patience=2/30 | time=3.55s
[2026-04-27 08:35:05] epoch   43/300 | train=0.000911 | val=0.000976 | best=0.000954@40 | patience=3/30 | time=3.55s
[2026-04-27 08:35:13] epoch   44/300 | train=0.000903 | val=0.000939 | best=0.000939@44 | patience=0/30 | time=3.82s *
[2026-04-27 08:35:21] epoch   45/300 | train=0.000892 | val=0.000927 | best=0.000927@45 | patience=0/30 | time=3.62s *
[2026-04-27 08:35:29] epoch   46/300 | train=0.000885 | val=0.000925 | best=0.000925@46 | patience=0/30 | time=3.52s *
[2026-04-27 08:35:33] epoch   47/300 | train=0.000878 | val=0.000960 | best=0.000925@46 | patience=1/30 | time=3.79s
[2026-04-27 08:35:36] epoch   48/300 | train=0.000873 | val=0.000952 | best=0.000925@46 | patience=2/30 | time=3.63s
[2026-04-27 08:35:40] epoch   49/300 | train=0.000866 | val=0.000957 | best=0.000925@46 | patience=3/30 | time=3.55s
[2026-04-27 08:35:48] epoch   50/300 | train=0.000864 | val=0.000920 | best=0.000920@50 | patience=0/30 | time=3.55s *
[2026-04-27 08:35:56] epoch   51/300 | train=0.000856 | val=0.000916 | best=0.000916@51 | patience=0/30 | time=3.82s *
[2026-04-27 08:36:04] epoch   52/300 | train=0.000846 | val=0.000906 | best=0.000906@52 | patience=0/30 | time=3.54s *
[2026-04-27 08:36:12] epoch   53/300 | train=0.000844 | val=0.000894 | best=0.000894@53 | patience=0/30 | time=3.80s *
[2026-04-27 08:36:16] epoch   54/300 | train=0.000835 | val=0.000901 | best=0.000894@53 | patience=1/30 | time=3.55s
[2026-04-27 08:36:19] epoch   55/300 | train=0.000830 | val=0.000951 | best=0.000894@53 | patience=2/30 | time=3.56s
[2026-04-27 08:36:23] epoch   56/300 | train=0.000827 | val=0.000937 | best=0.000894@53 | patience=3/30 | time=3.77s
[2026-04-27 08:36:31] epoch   57/300 | train=0.000818 | val=0.000878 | best=0.000878@57 | patience=0/30 | time=3.63s *
[2026-04-27 08:36:35] epoch   58/300 | train=0.000814 | val=0.000886 | best=0.000878@57 | patience=1/30 | time=3.79s
[2026-04-27 08:36:39] epoch   59/300 | train=0.000809 | val=0.000910 | best=0.000878@57 | patience=2/30 | time=3.64s
[2026-04-27 08:36:46] epoch   60/300 | train=0.000803 | val=0.000873 | best=0.000873@60 | patience=0/30 | time=3.54s *
[2026-04-27 08:36:50] epoch   61/300 | train=0.000797 | val=0.000883 | best=0.000873@60 | patience=1/30 | time=3.77s
[2026-04-27 08:36:54] epoch   62/300 | train=0.000792 | val=0.000942 | best=0.000873@60 | patience=2/30 | time=3.62s
[2026-04-27 08:37:02] epoch   63/300 | train=0.000784 | val=0.000860 | best=0.000860@63 | patience=0/30 | time=3.52s *
[2026-04-27 08:37:06] epoch   64/300 | train=0.000777 | val=0.000873 | best=0.000860@63 | patience=1/30 | time=3.66s
[2026-04-27 08:37:09] epoch   65/300 | train=0.000778 | val=0.000870 | best=0.000860@63 | patience=2/30 | time=3.55s
[2026-04-27 08:37:17] epoch   66/300 | train=0.000774 | val=0.000855 | best=0.000855@66 | patience=0/30 | time=3.52s *
[2026-04-27 08:37:21] epoch   67/300 | train=0.000763 | val=0.000858 | best=0.000855@66 | patience=1/30 | time=3.77s
[2026-04-27 08:37:29] epoch   68/300 | train=0.000760 | val=0.000846 | best=0.000846@68 | patience=0/30 | time=3.62s *
[2026-04-27 08:37:32] epoch   69/300 | train=0.000752 | val=0.000871 | best=0.000846@68 | patience=1/30 | time=3.52s
[2026-04-27 08:37:36] epoch   70/300 | train=0.000747 | val=0.000845 | best=0.000846@68 | patience=2/30 | time=3.52s
[2026-04-27 08:37:40] epoch   71/300 | train=0.000741 | val=0.000848 | best=0.000846@68 | patience=3/30 | time=3.79s
[2026-04-27 08:37:44] epoch   72/300 | train=0.000738 | val=0.000852 | best=0.000846@68 | patience=4/30 | time=3.64s
[2026-04-27 08:37:52] epoch   73/300 | train=0.000732 | val=0.000844 | best=0.000844@73 | patience=0/30 | time=3.54s *
[2026-04-27 08:38:00] epoch   74/300 | train=0.000726 | val=0.000838 | best=0.000838@74 | patience=0/30 | time=3.52s *
[2026-04-27 08:38:04] epoch   75/300 | train=0.000721 | val=0.000862 | best=0.000838@74 | patience=1/30 | time=3.54s
[2026-04-27 08:38:08] epoch   76/300 | train=0.000720 | val=0.000924 | best=0.000838@74 | patience=2/30 | time=3.52s
[2026-04-27 08:38:11] epoch   77/300 | train=0.000714 | val=0.000852 | best=0.000838@74 | patience=3/30 | time=3.76s
[2026-04-27 08:38:15] epoch   78/300 | train=0.000705 | val=0.000874 | best=0.000838@74 | patience=4/30 | time=3.66s
[2026-04-27 08:38:19] epoch   79/300 | train=0.000705 | val=0.000840 | best=0.000838@74 | patience=5/30 | time=3.55s
[2026-04-27 08:38:27] epoch   80/300 | train=0.000692 | val=0.000827 | best=0.000827@80 | patience=0/30 | time=3.56s *
[2026-04-27 08:38:31] epoch   81/300 | train=0.000687 | val=0.000867 | best=0.000827@80 | patience=1/30 | time=3.64s
[2026-04-27 08:38:34] epoch   82/300 | train=0.000690 | val=0.000849 | best=0.000827@80 | patience=2/30 | time=3.52s
[2026-04-27 08:38:38] epoch   83/300 | train=0.000681 | val=0.000902 | best=0.000827@80 | patience=3/30 | time=3.75s
[2026-04-27 08:38:42] epoch   84/300 | train=0.000679 | val=0.000831 | best=0.000827@80 | patience=4/30 | time=3.66s
[2026-04-27 08:38:46] epoch   85/300 | train=0.000677 | val=0.000861 | best=0.000827@80 | patience=5/30 | time=3.55s
[2026-04-27 08:38:49] epoch   86/300 | train=0.000673 | val=0.000844 | best=0.000827@80 | patience=6/30 | time=3.56s
[2026-04-27 08:38:58] epoch   87/300 | train=0.000668 | val=0.000825 | best=0.000825@87 | patience=0/30 | time=3.82s *
[2026-04-27 08:39:01] epoch   88/300 | train=0.000654 | val=0.000835 | best=0.000825@87 | patience=1/30 | time=3.56s
[2026-04-27 08:39:09] epoch   89/300 | train=0.000648 | val=0.000817 | best=0.000817@89 | patience=0/30 | time=3.52s *
[2026-04-27 08:39:13] epoch   90/300 | train=0.000639 | val=0.000842 | best=0.000817@89 | patience=1/30 | time=3.63s
[2026-04-27 08:39:17] epoch   91/300 | train=0.000634 | val=0.000828 | best=0.000817@89 | patience=2/30 | time=3.56s
[2026-04-27 08:39:25] epoch   92/300 | train=0.000630 | val=0.000815 | best=0.000815@92 | patience=0/30 | time=3.55s *
[2026-04-27 08:39:29] epoch   93/300 | train=0.000631 | val=0.000862 | best=0.000815@92 | patience=1/30 | time=3.62s
[2026-04-27 08:39:32] epoch   94/300 | train=0.000631 | val=0.000857 | best=0.000815@92 | patience=2/30 | time=3.52s
[2026-04-27 08:39:36] epoch   95/300 | train=0.000620 | val=0.000824 | best=0.000815@92 | patience=3/30 | time=3.74s
[2026-04-27 08:39:40] epoch   96/300 | train=0.000610 | val=0.000858 | best=0.000815@92 | patience=4/30 | time=3.64s
[2026-04-27 08:39:48] epoch   97/300 | train=0.000605 | val=0.000808 | best=0.000808@97 | patience=0/30 | time=3.55s *
[2026-04-27 08:39:51] epoch   98/300 | train=0.000596 | val=0.000817 | best=0.000808@97 | patience=1/30 | time=3.76s
[2026-04-27 08:39:55] epoch   99/300 | train=0.000589 | val=0.000825 | best=0.000808@97 | patience=2/30 | time=3.64s
[2026-04-27 08:39:59] epoch  100/300 | train=0.000588 | val=0.000955 | best=0.000808@97 | patience=3/30 | time=3.52s
[2026-04-27 08:40:07] epoch  101/300 | train=0.000582 | val=0.000798 | best=0.000798@101 | patience=0/30 | time=3.52s *
[2026-04-27 08:40:11] epoch  102/300 | train=0.000578 | val=0.000815 | best=0.000798@101 | patience=1/30 | time=3.55s
[2026-04-27 08:40:14] epoch  103/300 | train=0.000572 | val=0.000820 | best=0.000798@101 | patience=2/30 | time=3.52s
[2026-04-27 08:40:18] epoch  104/300 | train=0.000572 | val=0.000816 | best=0.000798@101 | patience=3/30 | time=3.52s
[2026-04-27 08:40:22] epoch  105/300 | train=0.000568 | val=0.000920 | best=0.000798@101 | patience=4/30 | time=3.82s
[2026-04-27 08:40:25] epoch  106/300 | train=0.000564 | val=0.000800 | best=0.000798@101 | patience=5/30 | time=3.62s
[2026-04-27 08:40:29] epoch  107/300 | train=0.000555 | val=0.000829 | best=0.000798@101 | patience=6/30 | time=3.52s
[2026-04-27 08:40:33] epoch  108/300 | train=0.000554 | val=0.000806 | best=0.000798@101 | patience=7/30 | time=3.79s
[2026-04-27 08:40:37] epoch  109/300 | train=0.000560 | val=0.000809 | best=0.000798@101 | patience=8/30 | time=3.65s
[2026-04-27 08:40:41] epoch  110/300 | train=0.000543 | val=0.000859 | best=0.000798@101 | patience=9/30 | time=3.55s
[2026-04-27 08:40:44] epoch  111/300 | train=0.000533 | val=0.000803 | best=0.000798@101 | patience=10/30 | time=3.55s
[2026-04-27 08:40:48] epoch  112/300 | train=0.000521 | val=0.000799 | best=0.000798@101 | patience=11/30 | time=3.77s
[2026-04-27 08:40:52] epoch  113/300 | train=0.000518 | val=0.000859 | best=0.000798@101 | patience=12/30 | time=3.62s
[2026-04-27 08:40:55] epoch  114/300 | train=0.000513 | val=0.000820 | best=0.000798@101 | patience=13/30 | time=3.52s
[2026-04-27 08:40:59] epoch  115/300 | train=0.000509 | val=0.000801 | best=0.000798@101 | patience=14/30 | time=3.79s
[2026-04-27 08:41:03] epoch  116/300 | train=0.000499 | val=0.000798 | best=0.000798@101 | patience=15/30 | time=3.63s
[2026-04-27 08:41:07] epoch  117/300 | train=0.000497 | val=0.000830 | best=0.000798@101 | patience=16/30 | time=3.55s
[2026-04-27 08:41:10] epoch  118/300 | train=0.000505 | val=0.000843 | best=0.000798@101 | patience=17/30 | time=3.55s
[2026-04-27 08:41:14] epoch  119/300 | train=0.000491 | val=0.000815 | best=0.000798@101 | patience=18/30 | time=3.82s
[2026-04-27 08:41:18] epoch  120/300 | train=0.000504 | val=0.000839 | best=0.000798@101 | patience=19/30 | time=3.65s
[2026-04-27 08:41:22] epoch  121/300 | train=0.000497 | val=0.000870 | best=0.000798@101 | patience=20/30 | time=3.52s
[2026-04-27 08:41:26] epoch  122/300 | train=0.000480 | val=0.000799 | best=0.000798@101 | patience=21/30 | time=3.74s
[2026-04-27 08:41:29] epoch  123/300 | train=0.000470 | val=0.000847 | best=0.000798@101 | patience=22/30 | time=3.65s
[2026-04-27 08:41:33] epoch  124/300 | train=0.000460 | val=0.000800 | best=0.000798@101 | patience=23/30 | time=3.55s
[2026-04-27 08:41:37] epoch  125/300 | train=0.000452 | val=0.000817 | best=0.000798@101 | patience=24/30 | time=3.55s
[2026-04-27 08:41:41] epoch  126/300 | train=0.000452 | val=0.000846 | best=0.000798@101 | patience=25/30 | time=3.76s
[2026-04-27 08:41:49] epoch  127/300 | train=0.000448 | val=0.000796 | best=0.000796@127 | patience=0/30 | time=3.63s *
[2026-04-27 08:41:53] epoch  128/300 | train=0.000445 | val=0.000857 | best=0.000796@127 | patience=1/30 | time=3.74s
[2026-04-27 08:41:57] epoch  129/300 | train=0.000441 | val=0.000992 | best=0.000796@127 | patience=2/30 | time=3.64s
[2026-04-27 08:42:00] epoch  130/300 | train=0.000449 | val=0.000953 | best=0.000796@127 | patience=3/30 | time=3.54s
[2026-04-27 08:42:04] epoch  131/300 | train=0.000445 | val=0.000903 | best=0.000796@127 | patience=4/30 | time=3.55s
[2026-04-27 08:42:08] epoch  132/300 | train=0.000432 | val=0.000816 | best=0.000796@127 | patience=5/30 | time=3.76s
[2026-04-27 08:42:12] epoch  133/300 | train=0.000419 | val=0.000828 | best=0.000796@127 | patience=6/30 | time=3.62s
[2026-04-27 08:42:15] epoch  134/300 | train=0.000422 | val=0.000807 | best=0.000796@127 | patience=7/30 | time=3.52s
[2026-04-27 08:42:19] epoch  135/300 | train=0.000420 | val=0.000847 | best=0.000796@127 | patience=8/30 | time=3.79s
[2026-04-27 08:42:23] epoch  136/300 | train=0.000415 | val=0.000894 | best=0.000796@127 | patience=9/30 | time=3.64s
[2026-04-27 08:42:27] epoch  137/300 | train=0.000409 | val=0.000825 | best=0.000796@127 | patience=10/30 | time=3.55s
[2026-04-27 08:42:30] epoch  138/300 | train=0.000399 | val=0.000799 | best=0.000796@127 | patience=11/30 | time=3.55s
[2026-04-27 08:42:34] epoch  139/300 | train=0.000397 | val=0.000832 | best=0.000796@127 | patience=12/30 | time=3.83s
[2026-04-27 08:42:38] epoch  140/300 | train=0.000403 | val=0.000809 | best=0.000796@127 | patience=13/30 | time=3.62s
[2026-04-27 08:42:42] epoch  141/300 | train=0.000385 | val=0.000805 | best=0.000796@127 | patience=14/30 | time=3.52s
[2026-04-27 08:42:46] epoch  142/300 | train=0.000378 | val=0.000853 | best=0.000796@127 | patience=15/30 | time=3.75s
[2026-04-27 08:42:49] epoch  143/300 | train=0.000377 | val=0.000819 | best=0.000796@127 | patience=16/30 | time=3.65s
[2026-04-27 08:42:53] epoch  144/300 | train=0.000369 | val=0.000817 | best=0.000796@127 | patience=17/30 | time=3.54s
[2026-04-27 08:42:57] epoch  145/300 | train=0.000368 | val=0.000797 | best=0.000796@127 | patience=18/30 | time=3.52s
[2026-04-27 08:43:00] epoch  146/300 | train=0.000363 | val=0.000862 | best=0.000796@127 | patience=19/30 | time=3.52s
[2026-04-27 08:43:04] epoch  147/300 | train=0.000366 | val=0.000875 | best=0.000796@127 | patience=20/30 | time=3.77s
[2026-04-27 08:43:08] epoch  148/300 | train=0.000359 | val=0.000820 | best=0.000796@127 | patience=21/30 | time=3.65s
[2026-04-27 08:43:12] epoch  149/300 | train=0.000362 | val=0.001016 | best=0.000796@127 | patience=22/30 | time=3.52s
[2026-04-27 08:43:16] epoch  150/300 | train=0.000373 | val=0.001203 | best=0.000796@127 | patience=23/30 | time=3.75s
[2026-04-27 08:43:19] epoch  151/300 | train=0.000386 | val=0.000813 | best=0.000796@127 | patience=24/30 | time=3.64s
[2026-04-27 08:43:23] epoch  152/300 | train=0.000374 | val=0.000897 | best=0.000796@127 | patience=25/30 | time=3.55s
[2026-04-27 08:43:27] epoch  153/300 | train=0.000351 | val=0.000808 | best=0.000796@127 | patience=26/30 | time=3.55s
[2026-04-27 08:43:31] epoch  154/300 | train=0.000342 | val=0.000796 | best=0.000796@127 | patience=27/30 | time=3.77s
[2026-04-27 08:43:34] epoch  155/300 | train=0.000333 | val=0.000849 | best=0.000796@127 | patience=28/30 | time=3.65s
[2026-04-27 08:43:38] epoch  156/300 | train=0.000333 | val=0.000827 | best=0.000796@127 | patience=29/30 | time=3.52s
[2026-04-27 08:43:42] epoch  157/300 | train=0.000324 | val=0.000808 | best=0.000796@127 | patience=30/30 | time=3.75s
[2026-04-27 08:43:42]   early stopping at epoch 157 (no improvement for 30 epochs)
[2026-04-27 08:43:42] Training done: stop_reason=early_stop, total_epochs=157, best_epoch=127, best_val=0.000796
[2026-04-27 08:43:42] Reloading best checkpoint (epoch 127) for evaluation
[2026-04-27 08:43:52] ------------------------------------------------------------
[2026-04-27 08:43:52] Evaluation:
[2026-04-27 08:43:52]   AUC broken_lcfs         : 0.6561
[2026-04-27 08:43:52]   AUC bad_black_core      : 0.9941
[2026-04-27 08:43:52]   AUC bad_nonconverged    : 1.0000
[2026-04-27 08:43:52]   objective      : 0.8607
[2026-04-27 08:43:52]   floor_ok       : True
[2026-04-27 08:43:52]   threshold      : 0.2021
[2026-04-27 08:43:52]   mu / sigma     : 0.000441728 / 9.44568e-05
[2026-04-27 08:43:52] Train time=928.3s, eval time=6.8s
