[2026-04-27 04:39:16] ============================================================
[2026-04-27 04:39:16] Trial 82 starting on cuda:0
[2026-04-27 04:39:16] Timestamp: 2026-04-27T04:39:16.501373
[2026-04-27 04:39:16] --- Config summary ---
  bottleneck_dim  : 97
  n_enc_layers    : 5
  n_dec_layers    : 4
  base_channels   : 61
  growth_factor   : 2.202855608376952
  use_batchnorm   : True
  use_hpf         : True
  hpf_sigma       : 1.7956307018580284
  lr              : 0.00022804465374265775
  batch_size      : 24
  max_epochs      : 300
  patience        : 30
  seed            : 42
  deterministic   : False
  trial_num       : 82
[2026-04-27 04:39:16] Loading train/val/selection splits...
[2026-04-27 04:40:16] Splits loaded in 59.6s: n_train=722, n_val=120, n_selection=405
[2026-04-27 04:40:22] --- Architecture summary ---
  channels per enc layer : [61, 134, 296, 652, 1436]
  final spatial size     : 8x8
  flat size before latent: 91904
  bottleneck_dim         : 97
  total parameters       : 127,812,684
[2026-04-27 04:40:22] Starting training: n_train=722, n_val=120, device=cuda:0
[2026-04-27 04:45:02] epoch    1/300 | train=0.006000 | val=0.005410 | best=0.005410@1 | patience=0/30 | time=278.99s *
[2026-04-27 04:45:20] epoch    2/300 | train=0.004762 | val=0.004744 | best=0.004744@2 | patience=0/30 | time=15.57s *
[2026-04-27 04:45:38] epoch    3/300 | train=0.004483 | val=0.004468 | best=0.004468@3 | patience=0/30 | time=15.56s *
[2026-04-27 04:45:55] epoch    4/300 | train=0.004268 | val=0.004371 | best=0.004371@4 | patience=0/30 | time=15.70s *
[2026-04-27 04:46:13] epoch    5/300 | train=0.004033 | val=0.003929 | best=0.003929@5 | patience=0/30 | time=15.63s *
[2026-04-27 04:46:30] epoch    6/300 | train=0.003641 | val=0.003835 | best=0.003835@6 | patience=0/30 | time=15.88s *
[2026-04-27 04:46:48] epoch    7/300 | train=0.003355 | val=0.003176 | best=0.003176@7 | patience=0/30 | time=15.71s *
[2026-04-27 04:47:06] epoch    8/300 | train=0.003076 | val=0.003175 | best=0.003175@8 | patience=0/30 | time=15.66s *
[2026-04-27 04:47:23] epoch    9/300 | train=0.002989 | val=0.002848 | best=0.002848@9 | patience=0/30 | time=15.64s *
[2026-04-27 04:47:41] epoch   10/300 | train=0.002703 | val=0.002688 | best=0.002688@10 | patience=0/30 | time=15.78s *
[2026-04-27 04:47:59] epoch   11/300 | train=0.002559 | val=0.002511 | best=0.002511@11 | patience=0/30 | time=15.67s *
[2026-04-27 04:48:16] epoch   12/300 | train=0.002444 | val=0.002472 | best=0.002472@12 | patience=0/30 | time=15.69s *
[2026-04-27 04:48:34] epoch   13/300 | train=0.002420 | val=0.002436 | best=0.002436@13 | patience=0/30 | time=15.63s *
[2026-04-27 04:48:52] epoch   14/300 | train=0.002376 | val=0.002333 | best=0.002333@14 | patience=0/30 | time=15.87s *
[2026-04-27 04:49:08] epoch   15/300 | train=0.002342 | val=0.002363 | best=0.002333@14 | patience=1/30 | time=15.86s
[2026-04-27 04:49:25] epoch   16/300 | train=0.002362 | val=0.002324 | best=0.002324@16 | patience=0/30 | time=15.65s *
[2026-04-27 04:49:41] epoch   17/300 | train=0.002323 | val=0.002399 | best=0.002324@16 | patience=1/30 | time=15.94s
[2026-04-27 04:49:59] epoch   18/300 | train=0.002382 | val=0.002319 | best=0.002319@18 | patience=0/30 | time=15.74s *
[2026-04-27 04:50:17] epoch   19/300 | train=0.002304 | val=0.002281 | best=0.002281@19 | patience=0/30 | time=15.66s *
[2026-04-27 04:50:33] epoch   20/300 | train=0.002281 | val=0.002395 | best=0.002281@19 | patience=1/30 | time=15.96s
[2026-04-27 04:50:48] epoch   21/300 | train=0.002373 | val=0.002363 | best=0.002281@19 | patience=2/30 | time=15.70s
[2026-04-27 04:51:06] epoch   22/300 | train=0.002288 | val=0.002259 | best=0.002259@22 | patience=0/30 | time=15.75s *
[2026-04-27 04:51:22] epoch   23/300 | train=0.002267 | val=0.002465 | best=0.002259@22 | patience=1/30 | time=15.71s
[2026-04-27 04:51:38] epoch   24/300 | train=0.002321 | val=0.002272 | best=0.002259@22 | patience=2/30 | time=15.66s
[2026-04-27 04:51:54] epoch   25/300 | train=0.002280 | val=0.002258 | best=0.002259@22 | patience=3/30 | time=16.09s
[2026-04-27 04:52:10] epoch   26/300 | train=0.002266 | val=0.002495 | best=0.002259@22 | patience=4/30 | time=15.81s
[2026-04-27 04:52:26] epoch   27/300 | train=0.002318 | val=0.002263 | best=0.002259@22 | patience=5/30 | time=15.68s
[2026-04-27 04:52:41] epoch   28/300 | train=0.002265 | val=0.002263 | best=0.002259@22 | patience=6/30 | time=15.69s
[2026-04-27 04:52:59] epoch   29/300 | train=0.002256 | val=0.002239 | best=0.002239@29 | patience=0/30 | time=15.91s *
[2026-04-27 04:53:15] epoch   30/300 | train=0.002246 | val=0.002247 | best=0.002239@29 | patience=1/30 | time=15.78s
[2026-04-27 04:53:31] epoch   31/300 | train=0.002240 | val=0.002278 | best=0.002239@29 | patience=2/30 | time=15.68s
[2026-04-27 04:53:49] epoch   32/300 | train=0.002245 | val=0.002233 | best=0.002233@32 | patience=0/30 | time=15.71s *
[2026-04-27 04:54:05] epoch   33/300 | train=0.002252 | val=0.002241 | best=0.002233@32 | patience=1/30 | time=15.77s
[2026-04-27 04:54:21] epoch   34/300 | train=0.002243 | val=0.002281 | best=0.002233@32 | patience=2/30 | time=15.76s
[2026-04-27 04:54:36] epoch   35/300 | train=0.002244 | val=0.002268 | best=0.002233@32 | patience=3/30 | time=15.62s
[2026-04-27 04:54:52] epoch   36/300 | train=0.002236 | val=0.002345 | best=0.002233@32 | patience=4/30 | time=16.01s
[2026-04-27 04:55:08] epoch   37/300 | train=0.002234 | val=0.002276 | best=0.002233@32 | patience=5/30 | time=15.71s
[2026-04-27 04:55:24] epoch   38/300 | train=0.002208 | val=0.005062 | best=0.002233@32 | patience=6/30 | time=15.76s
[2026-04-27 04:55:40] epoch   39/300 | train=0.002331 | val=0.002340 | best=0.002233@32 | patience=7/30 | time=15.73s
[2026-04-27 04:55:56] epoch   40/300 | train=0.002257 | val=0.002323 | best=0.002233@32 | patience=8/30 | time=15.68s
[2026-04-27 04:56:12] epoch   41/300 | train=0.002218 | val=0.002294 | best=0.002233@32 | patience=9/30 | time=15.95s
[2026-04-27 04:56:28] epoch   42/300 | train=0.002206 | val=0.002495 | best=0.002233@32 | patience=10/30 | time=15.72s
[2026-04-27 04:56:44] epoch   43/300 | train=0.002200 | val=0.002257 | best=0.002233@32 | patience=11/30 | time=15.80s
[2026-04-27 04:57:01] epoch   44/300 | train=0.002193 | val=0.002182 | best=0.002182@44 | patience=0/30 | time=15.69s *
[2026-04-27 04:57:17] epoch   45/300 | train=0.002174 | val=0.002305 | best=0.002182@44 | patience=1/30 | time=15.91s
[2026-04-27 04:57:33] epoch   46/300 | train=0.002206 | val=0.002363 | best=0.002182@44 | patience=2/30 | time=15.75s
[2026-04-27 04:57:49] epoch   47/300 | train=0.002178 | val=0.002846 | best=0.002182@44 | patience=3/30 | time=15.74s
[2026-04-27 04:58:05] epoch   48/300 | train=0.002212 | val=0.002485 | best=0.002182@44 | patience=4/30 | time=15.66s
[2026-04-27 04:58:23] epoch   49/300 | train=0.002166 | val=0.002174 | best=0.002174@49 | patience=0/30 | time=15.94s *
[2026-04-27 04:58:40] epoch   50/300 | train=0.002163 | val=0.002169 | best=0.002169@50 | patience=0/30 | time=15.88s *
[2026-04-27 04:58:41]   pruned at epoch 50
[2026-04-27 04:58:41] Training done: stop_reason=pruned, total_epochs=50, best_epoch=50, best_val=0.002169
[2026-04-27 04:58:41] Reloading best checkpoint (epoch 50) for evaluation
[2026-04-27 04:59:14] ------------------------------------------------------------
[2026-04-27 04:59:14] Evaluation:
[2026-04-27 04:59:14]   AUC broken_lcfs         : 0.6451
[2026-04-27 04:59:14]   AUC bad_black_core      : 0.9790
[2026-04-27 04:59:14]   AUC bad_nonconverged    : 0.9865
[2026-04-27 04:59:14]   objective      : 0.8477
[2026-04-27 04:59:14]   floor_ok       : True
[2026-04-27 04:59:14]   threshold      : 0.0582
[2026-04-27 04:59:14]   mu / sigma     : 0.00214612 / 0.000443362
[2026-04-27 04:59:14] Train time=1098.8s, eval time=32.9s
