[2026-04-27 02:38:15] ============================================================
[2026-04-27 02:38:15] Trial 49 starting on cuda:0
[2026-04-27 02:38:15] Timestamp: 2026-04-27T02:38:15.157324
[2026-04-27 02:38:15] --- Config summary ---
  bottleneck_dim  : 164
  n_enc_layers    : 2
  n_dec_layers    : 3
  base_channels   : 19
  growth_factor   : 2.9730241483421027
  use_batchnorm   : True
  use_hpf         : True
  hpf_sigma       : 2.370225623700213
  lr              : 0.00462673574162093
  batch_size      : 32
  max_epochs      : 300
  patience        : 30
  seed            : 42
  deterministic   : False
  trial_num       : 49
[2026-04-27 02:38:15] Loading train/val/selection splits...
[2026-04-27 02:38:23] Splits loaded in 8.0s: n_train=722, n_val=120, n_selection=405
[2026-04-27 02:38:23] --- Architecture summary ---
  channels per enc layer : [19, 56]
  final spatial size     : 64x64
  flat size before latent: 229376
  bottleneck_dim         : 164
  total parameters       : 75,576,281
[2026-04-27 02:38:23] Starting training: n_train=722, n_val=120, device=cuda:0
[2026-04-27 02:39:32] epoch    1/300 | train=0.007271 | val=0.005668 | best=0.005668@1 | patience=0/30 | time=68.15s *
[2026-04-27 02:39:34] epoch    2/300 | train=0.004658 | val=0.005285 | best=0.005285@2 | patience=0/30 | time=1.73s *
[2026-04-27 02:39:36] epoch    3/300 | train=0.003871 | val=0.003984 | best=0.003984@3 | patience=0/30 | time=1.68s *
[2026-04-27 02:39:38] epoch    4/300 | train=0.003434 | val=0.006708 | best=0.003984@3 | patience=1/30 | time=1.71s
[2026-04-27 02:39:39] epoch    5/300 | train=0.003259 | val=0.004027 | best=0.003984@3 | patience=2/30 | time=1.68s
[2026-04-27 02:39:41] epoch    6/300 | train=0.003098 | val=0.003158 | best=0.003158@6 | patience=0/30 | time=1.68s *
[2026-04-27 02:39:43] epoch    7/300 | train=0.003082 | val=0.003186 | best=0.003158@6 | patience=1/30 | time=1.67s
[2026-04-27 02:39:45] epoch    8/300 | train=0.003041 | val=0.003298 | best=0.003158@6 | patience=2/30 | time=1.72s
[2026-04-27 02:39:47] epoch    9/300 | train=0.003006 | val=0.003084 | best=0.003084@9 | patience=0/30 | time=1.67s *
[2026-04-27 02:39:49] epoch   10/300 | train=0.002908 | val=0.003650 | best=0.003084@9 | patience=1/30 | time=1.70s
[2026-04-27 02:39:51] epoch   11/300 | train=0.002918 | val=0.002908 | best=0.002908@11 | patience=0/30 | time=1.68s *
[2026-04-27 02:39:53] epoch   12/300 | train=0.002889 | val=0.003021 | best=0.002908@11 | patience=1/30 | time=1.69s
[2026-04-27 02:39:54] epoch   13/300 | train=0.002870 | val=0.003391 | best=0.002908@11 | patience=2/30 | time=1.68s
[2026-04-27 02:39:56] epoch   14/300 | train=0.002840 | val=0.003122 | best=0.002908@11 | patience=3/30 | time=1.69s
[2026-04-27 02:39:58] epoch   15/300 | train=0.002841 | val=0.003275 | best=0.002908@11 | patience=4/30 | time=1.68s
[2026-04-27 02:39:59] epoch   16/300 | train=0.002878 | val=0.002933 | best=0.002908@11 | patience=5/30 | time=1.72s
[2026-04-27 02:40:01] epoch   17/300 | train=0.002814 | val=0.003884 | best=0.002908@11 | patience=6/30 | time=1.68s
[2026-04-27 02:40:03] epoch   18/300 | train=0.002796 | val=0.003323 | best=0.002908@11 | patience=7/30 | time=1.71s
[2026-04-27 02:40:05] epoch   19/300 | train=0.002779 | val=0.002775 | best=0.002775@19 | patience=0/30 | time=1.68s *
[2026-04-27 02:40:07] epoch   20/300 | train=0.002762 | val=0.003254 | best=0.002775@19 | patience=1/30 | time=1.68s
[2026-04-27 02:40:08] epoch   21/300 | train=0.002759 | val=0.003501 | best=0.002775@19 | patience=2/30 | time=1.68s
[2026-04-27 02:40:10] epoch   22/300 | train=0.002733 | val=0.003520 | best=0.002775@19 | patience=3/30 | time=1.72s
[2026-04-27 02:40:12] epoch   23/300 | train=0.002694 | val=0.003626 | best=0.002775@19 | patience=4/30 | time=1.68s
[2026-04-27 02:40:14] epoch   24/300 | train=0.002637 | val=0.002621 | best=0.002621@24 | patience=0/30 | time=1.70s *
[2026-04-27 02:40:16] epoch   25/300 | train=0.002549 | val=0.003570 | best=0.002621@24 | patience=1/30 | time=1.68s
[2026-04-27 02:40:17] epoch   26/300 | train=0.002483 | val=0.003412 | best=0.002621@24 | patience=2/30 | time=1.69s
[2026-04-27 02:40:19] epoch   27/300 | train=0.002423 | val=0.004411 | best=0.002621@24 | patience=3/30 | time=1.68s
[2026-04-27 02:40:21] epoch   28/300 | train=0.002347 | val=0.006257 | best=0.002621@24 | patience=4/30 | time=1.69s
[2026-04-27 02:40:23] epoch   29/300 | train=0.002275 | val=0.002524 | best=0.002524@29 | patience=0/30 | time=1.68s *
[2026-04-27 02:40:25] epoch   30/300 | train=0.002193 | val=0.002707 | best=0.002524@29 | patience=1/30 | time=1.72s
[2026-04-27 02:40:27] epoch   31/300 | train=0.002095 | val=0.002146 | best=0.002146@31 | patience=0/30 | time=1.68s *
[2026-04-27 02:40:29] epoch   32/300 | train=0.002010 | val=0.002714 | best=0.002146@31 | patience=1/30 | time=1.71s
[2026-04-27 02:40:30] epoch   33/300 | train=0.001941 | val=0.002555 | best=0.002146@31 | patience=2/30 | time=1.68s
[2026-04-27 02:40:32] epoch   34/300 | train=0.001887 | val=0.002007 | best=0.002007@34 | patience=0/30 | time=1.68s *
[2026-04-27 02:40:34] epoch   35/300 | train=0.001817 | val=0.002767 | best=0.002007@34 | patience=1/30 | time=1.68s
[2026-04-27 02:40:36] epoch   36/300 | train=0.001828 | val=0.001901 | best=0.001901@36 | patience=0/30 | time=1.72s *
[2026-04-27 02:40:38] epoch   37/300 | train=0.001725 | val=0.002203 | best=0.001901@36 | patience=1/30 | time=1.70s
[2026-04-27 02:40:40] epoch   38/300 | train=0.001643 | val=0.001852 | best=0.001852@38 | patience=0/30 | time=1.68s *
[2026-04-27 02:40:42] epoch   39/300 | train=0.001596 | val=0.001792 | best=0.001792@39 | patience=0/30 | time=1.69s *
[2026-04-27 02:40:44] epoch   40/300 | train=0.001569 | val=0.001767 | best=0.001767@40 | patience=0/30 | time=1.68s *
[2026-04-27 02:40:46] epoch   41/300 | train=0.001515 | val=0.001722 | best=0.001722@41 | patience=0/30 | time=1.69s *
[2026-04-27 02:40:48] epoch   42/300 | train=0.001489 | val=0.002187 | best=0.001722@41 | patience=1/30 | time=1.67s
[2026-04-27 02:40:50] epoch   43/300 | train=0.001437 | val=0.001723 | best=0.001722@41 | patience=2/30 | time=1.72s
[2026-04-27 02:40:52] epoch   44/300 | train=0.001398 | val=0.001716 | best=0.001716@44 | patience=0/30 | time=1.68s *
[2026-04-27 02:40:54] epoch   45/300 | train=0.001411 | val=0.001688 | best=0.001688@45 | patience=0/30 | time=1.71s *
[2026-04-27 02:40:56] epoch   46/300 | train=0.001369 | val=0.001666 | best=0.001666@46 | patience=0/30 | time=1.68s *
[2026-04-27 02:40:58] epoch   47/300 | train=0.001308 | val=0.001717 | best=0.001666@46 | patience=1/30 | time=1.68s
[2026-04-27 02:41:00] epoch   48/300 | train=0.001280 | val=0.001641 | best=0.001641@48 | patience=0/30 | time=1.68s *
[2026-04-27 02:41:02] epoch   49/300 | train=0.001254 | val=0.001957 | best=0.001641@48 | patience=1/30 | time=1.68s
[2026-04-27 02:41:04] epoch   50/300 | train=0.001223 | val=0.001639 | best=0.001639@50 | patience=0/30 | time=1.72s *
[2026-04-27 02:41:06] epoch   51/300 | train=0.001222 | val=0.003141 | best=0.001639@50 | patience=1/30 | time=1.68s
[2026-04-27 02:41:07] epoch   52/300 | train=0.001213 | val=0.001880 | best=0.001639@50 | patience=2/30 | time=1.69s
[2026-04-27 02:41:09] epoch   53/300 | train=0.001156 | val=0.001702 | best=0.001639@50 | patience=3/30 | time=1.68s
[2026-04-27 02:41:11] epoch   54/300 | train=0.001103 | val=0.001624 | best=0.001624@54 | patience=0/30 | time=1.69s *
[2026-04-27 02:41:13] epoch   55/300 | train=0.001061 | val=0.001598 | best=0.001598@55 | patience=0/30 | time=1.67s *
[2026-04-27 02:41:15] epoch   56/300 | train=0.001041 | val=0.001603 | best=0.001598@55 | patience=1/30 | time=1.69s
[2026-04-27 02:41:17] epoch   57/300 | train=0.001009 | val=0.001792 | best=0.001598@55 | patience=2/30 | time=1.67s
[2026-04-27 02:41:19] epoch   58/300 | train=0.000997 | val=0.001591 | best=0.001591@58 | patience=0/30 | time=1.72s *
[2026-04-27 02:41:21] epoch   59/300 | train=0.000988 | val=0.001869 | best=0.001591@58 | patience=1/30 | time=1.68s
[2026-04-27 02:41:22] epoch   60/300 | train=0.000968 | val=0.001730 | best=0.001591@58 | patience=2/30 | time=1.71s
[2026-04-27 02:41:24] epoch   61/300 | train=0.000940 | val=0.001693 | best=0.001591@58 | patience=3/30 | time=1.68s
[2026-04-27 02:41:26] epoch   62/300 | train=0.000914 | val=0.001616 | best=0.001591@58 | patience=4/30 | time=1.68s
[2026-04-27 02:41:27] epoch   63/300 | train=0.000891 | val=0.001611 | best=0.001591@58 | patience=5/30 | time=1.68s
[2026-04-27 02:41:29] epoch   64/300 | train=0.000855 | val=0.002200 | best=0.001591@58 | patience=6/30 | time=1.72s
[2026-04-27 02:41:31] epoch   65/300 | train=0.000834 | val=0.001615 | best=0.001591@58 | patience=7/30 | time=1.67s
[2026-04-27 02:41:33] epoch   66/300 | train=0.000817 | val=0.001591 | best=0.001591@58 | patience=8/30 | time=1.70s
[2026-04-27 02:41:34] epoch   67/300 | train=0.000809 | val=0.001594 | best=0.001591@58 | patience=9/30 | time=1.68s
[2026-04-27 02:41:36] epoch   68/300 | train=0.000801 | val=0.001643 | best=0.001591@58 | patience=10/30 | time=1.69s
[2026-04-27 02:41:38] epoch   69/300 | train=0.000750 | val=0.001720 | best=0.001591@58 | patience=11/30 | time=1.68s
[2026-04-27 02:41:39] epoch   70/300 | train=0.000728 | val=0.001603 | best=0.001591@58 | patience=12/30 | time=1.69s
[2026-04-27 02:41:41] epoch   71/300 | train=0.000733 | val=0.001634 | best=0.001591@58 | patience=13/30 | time=1.68s
[2026-04-27 02:41:43] epoch   72/300 | train=0.000709 | val=0.001613 | best=0.001591@58 | patience=14/30 | time=1.72s
[2026-04-27 02:41:45] epoch   73/300 | train=0.000674 | val=0.001627 | best=0.001591@58 | patience=15/30 | time=1.68s
[2026-04-27 02:41:46] epoch   74/300 | train=0.000643 | val=0.001663 | best=0.001591@58 | patience=16/30 | time=1.70s
[2026-04-27 02:41:48] epoch   75/300 | train=0.000624 | val=0.001673 | best=0.001591@58 | patience=17/30 | time=1.67s
[2026-04-27 02:41:50] epoch   76/300 | train=0.000630 | val=0.001662 | best=0.001591@58 | patience=18/30 | time=1.68s
[2026-04-27 02:41:52] epoch   77/300 | train=0.000656 | val=0.001755 | best=0.001591@58 | patience=19/30 | time=1.68s
[2026-04-27 02:41:53] epoch   78/300 | train=0.000630 | val=0.001681 | best=0.001591@58 | patience=20/30 | time=1.72s
[2026-04-27 02:41:55] epoch   79/300 | train=0.000616 | val=0.001707 | best=0.001591@58 | patience=21/30 | time=1.67s
[2026-04-27 02:41:57] epoch   80/300 | train=0.000567 | val=0.001618 | best=0.001591@58 | patience=22/30 | time=1.70s
[2026-04-27 02:41:58] epoch   81/300 | train=0.000555 | val=0.001641 | best=0.001591@58 | patience=23/30 | time=1.67s
[2026-04-27 02:42:00] epoch   82/300 | train=0.000537 | val=0.001654 | best=0.001591@58 | patience=24/30 | time=1.69s
[2026-04-27 02:42:02] epoch   83/300 | train=0.000508 | val=0.001602 | best=0.001591@58 | patience=25/30 | time=1.68s
[2026-04-27 02:42:04] epoch   84/300 | train=0.000519 | val=0.001667 | best=0.001591@58 | patience=26/30 | time=1.69s
[2026-04-27 02:42:05] epoch   85/300 | train=0.000513 | val=0.001648 | best=0.001591@58 | patience=27/30 | time=1.67s
[2026-04-27 02:42:07] epoch   86/300 | train=0.000505 | val=0.001625 | best=0.001591@58 | patience=28/30 | time=1.67s
[2026-04-27 02:42:09] epoch   87/300 | train=0.000499 | val=0.001662 | best=0.001591@58 | patience=29/30 | time=1.72s
[2026-04-27 02:42:10] epoch   88/300 | train=0.000517 | val=0.001737 | best=0.001591@58 | patience=30/30 | time=1.68s
[2026-04-27 02:42:10]   early stopping at epoch 88 (no improvement for 30 epochs)
[2026-04-27 02:42:10] Training done: stop_reason=early_stop, total_epochs=88, best_epoch=58, best_val=0.001591
[2026-04-27 02:42:10] Reloading best checkpoint (epoch 58) for evaluation
[2026-04-27 02:42:13] ------------------------------------------------------------
[2026-04-27 02:42:13] Evaluation:
[2026-04-27 02:42:13]   AUC broken_lcfs         : 0.5829
[2026-04-27 02:42:13]   AUC bad_black_core      : 0.9967
[2026-04-27 02:42:13]   AUC bad_nonconverged    : 0.9987
[2026-04-27 02:42:13]   objective      : 0.8318
[2026-04-27 02:42:13]   floor_ok       : True
[2026-04-27 02:42:13]   threshold      : 0.1482
[2026-04-27 02:42:13]   mu / sigma     : 0.000980158 / 0.000225223
[2026-04-27 02:42:13] Train time=227.4s, eval time=2.1s
