[2026-04-27 00:17:45] ============================================================
[2026-04-27 00:17:45] Trial 9 starting on cuda:0
[2026-04-27 00:17:45] Timestamp: 2026-04-27T00:17:45.473017
[2026-04-27 00:17:45] --- Config summary ---
  bottleneck_dim  : 133
  n_enc_layers    : 5
  n_dec_layers    : 3
  base_channels   : 55
  growth_factor   : 1.8343469896373539
  use_batchnorm   : False
  use_hpf         : True
  hpf_sigma       : 3.083487501057065
  lr              : 0.0017325757623238046
  batch_size      : 64
  max_epochs      : 300
  patience        : 30
  seed            : 42
  deterministic   : False
  trial_num       : 9
[2026-04-27 00:17:45] Loading train/val/selection splits...
[2026-04-27 00:18:45] Splits loaded in 59.7s: n_train=722, n_val=120, n_selection=405
[2026-04-27 00:18:46] --- Architecture summary ---
  channels per enc layer : [55, 101, 185, 339, 623]
  final spatial size     : 8x8
  flat size before latent: 39872
  bottleneck_dim         : 133
  total parameters       : 29,420,635
[2026-04-27 00:18:46] Starting training: n_train=722, n_val=120, device=cuda:0
[2026-04-27 00:26:01] epoch    1/300 | train=0.009949 | val=0.009884 | best=0.009884@1 | patience=0/30 | time=435.27s *
[2026-04-27 00:26:07] epoch    2/300 | train=0.009850 | val=0.009897 | best=0.009884@1 | patience=1/30 | time=5.54s
[2026-04-27 00:26:13] epoch    3/300 | train=0.009723 | val=0.009963 | best=0.009884@1 | patience=2/30 | time=5.72s
[2026-04-27 00:26:19] epoch    4/300 | train=0.009592 | val=0.009413 | best=0.009413@4 | patience=0/30 | time=5.60s *
[2026-04-27 00:26:25] epoch    5/300 | train=0.009049 | val=0.008527 | best=0.008527@5 | patience=0/30 | time=5.69s *
[2026-04-27 00:26:31] epoch    6/300 | train=0.012520 | val=0.009491 | best=0.008527@5 | patience=1/30 | time=5.52s
[2026-04-27 00:26:37] epoch    7/300 | train=0.010508 | val=0.009208 | best=0.008527@5 | patience=2/30 | time=5.75s
[2026-04-27 00:26:42] epoch    8/300 | train=0.008826 | val=0.026119 | best=0.008527@5 | patience=3/30 | time=5.50s
[2026-04-27 00:26:48] epoch    9/300 | train=0.015984 | val=0.009151 | best=0.008527@5 | patience=4/30 | time=5.69s
[2026-04-27 00:26:55] epoch   10/300 | train=0.008667 | val=0.008140 | best=0.008140@10 | patience=0/30 | time=5.73s *
[2026-04-27 00:27:01] epoch   11/300 | train=0.009619 | val=0.007800 | best=0.007800@11 | patience=0/30 | time=5.56s *
[2026-04-27 00:27:06] epoch   12/300 | train=0.009221 | val=0.008301 | best=0.007800@11 | patience=1/30 | time=5.49s
[2026-04-27 00:27:12] epoch   13/300 | train=0.017630 | val=0.008975 | best=0.007800@11 | patience=2/30 | time=5.71s
[2026-04-27 00:27:18] epoch   14/300 | train=0.008221 | val=0.007739 | best=0.007739@14 | patience=0/30 | time=5.66s *
[2026-04-27 00:27:24] epoch   15/300 | train=0.007706 | val=0.007434 | best=0.007434@15 | patience=0/30 | time=5.57s *
[2026-04-27 00:27:31] epoch   16/300 | train=0.007466 | val=0.007384 | best=0.007384@16 | patience=0/30 | time=5.67s *
[2026-04-27 00:27:37] epoch   17/300 | train=0.007302 | val=0.007248 | best=0.007248@17 | patience=0/30 | time=5.48s *
[2026-04-27 00:27:43] epoch   18/300 | train=0.007245 | val=0.007219 | best=0.007219@18 | patience=0/30 | time=5.55s *
[2026-04-27 00:27:49] epoch   19/300 | train=0.007194 | val=0.007168 | best=0.007168@19 | patience=0/30 | time=5.53s *
[2026-04-27 00:27:55] epoch   20/300 | train=0.007148 | val=0.007151 | best=0.007151@20 | patience=0/30 | time=5.68s *
[2026-04-27 00:28:01] epoch   21/300 | train=0.007122 | val=0.007097 | best=0.007097@21 | patience=0/30 | time=5.69s *
[2026-04-27 00:28:07] epoch   22/300 | train=0.007095 | val=0.007080 | best=0.007080@22 | patience=0/30 | time=5.57s *
[2026-04-27 00:28:14] epoch   23/300 | train=0.007078 | val=0.007078 | best=0.007078@23 | patience=0/30 | time=5.70s *
[2026-04-27 00:28:20] epoch   24/300 | train=0.007050 | val=0.007018 | best=0.007018@24 | patience=0/30 | time=5.50s *
[2026-04-27 00:28:26] epoch   25/300 | train=0.007031 | val=0.007053 | best=0.007018@24 | patience=1/30 | time=5.73s
[2026-04-27 00:28:32] epoch   26/300 | train=0.007026 | val=0.007001 | best=0.007001@26 | patience=0/30 | time=5.50s *
[2026-04-27 00:28:37] epoch   27/300 | train=0.007014 | val=0.007078 | best=0.007001@26 | patience=1/30 | time=5.72s
[2026-04-27 00:28:43] epoch   28/300 | train=0.007042 | val=0.007091 | best=0.007001@26 | patience=2/30 | time=5.67s
[2026-04-27 00:28:49] epoch   29/300 | train=0.007003 | val=0.006988 | best=0.006988@29 | patience=0/30 | time=5.54s *
[2026-04-27 00:28:55] epoch   30/300 | train=0.006961 | val=0.006900 | best=0.006900@30 | patience=0/30 | time=5.47s *
[2026-04-27 00:29:01] epoch   31/300 | train=0.006892 | val=0.007091 | best=0.006900@30 | patience=1/30 | time=5.69s
[2026-04-27 00:29:07] epoch   32/300 | train=0.006920 | val=0.006809 | best=0.006809@32 | patience=0/30 | time=5.66s *
[2026-04-27 00:29:13] epoch   33/300 | train=0.006895 | val=0.006889 | best=0.006809@32 | patience=1/30 | time=5.50s
[2026-04-27 00:29:19] epoch   34/300 | train=0.006843 | val=0.006766 | best=0.006766@34 | patience=0/30 | time=5.72s *
[2026-04-27 00:29:25] epoch   35/300 | train=0.006746 | val=0.006651 | best=0.006651@35 | patience=0/30 | time=5.49s *
[2026-04-27 00:29:31] epoch   36/300 | train=0.006747 | val=0.006730 | best=0.006651@35 | patience=1/30 | time=5.59s
[2026-04-27 00:29:37] epoch   37/300 | train=0.006688 | val=0.006605 | best=0.006605@37 | patience=0/30 | time=5.50s *
[2026-04-27 00:29:43] epoch   38/300 | train=0.006616 | val=0.006442 | best=0.006442@38 | patience=0/30 | time=5.72s *
[2026-04-27 00:29:50] epoch   39/300 | train=0.006440 | val=0.006337 | best=0.006337@39 | patience=0/30 | time=5.69s *
[2026-04-27 00:29:56] epoch   40/300 | train=0.006311 | val=0.006257 | best=0.006257@40 | patience=0/30 | time=5.57s *
[2026-04-27 00:30:02] epoch   41/300 | train=0.006245 | val=0.006221 | best=0.006221@41 | patience=0/30 | time=5.68s *
[2026-04-27 00:30:08] epoch   42/300 | train=0.006235 | val=0.006321 | best=0.006221@41 | patience=1/30 | time=5.49s
[2026-04-27 00:30:14] epoch   43/300 | train=0.006241 | val=0.006152 | best=0.006152@43 | patience=0/30 | time=5.73s *
[2026-04-27 00:30:20] epoch   44/300 | train=0.006169 | val=0.006113 | best=0.006113@44 | patience=0/30 | time=5.50s *
[2026-04-27 00:30:26] epoch   45/300 | train=0.006137 | val=0.006130 | best=0.006113@44 | patience=1/30 | time=5.71s
[2026-04-27 00:30:32] epoch   46/300 | train=0.006113 | val=0.006096 | best=0.006096@46 | patience=0/30 | time=5.70s *
[2026-04-27 00:30:39] epoch   47/300 | train=0.006073 | val=0.006028 | best=0.006028@47 | patience=0/30 | time=5.57s *
[2026-04-27 00:30:45] epoch   48/300 | train=0.006029 | val=0.005968 | best=0.005968@48 | patience=0/30 | time=5.68s *
[2026-04-27 00:30:51] epoch   49/300 | train=0.005984 | val=0.005951 | best=0.005951@49 | patience=0/30 | time=5.50s *
[2026-04-27 00:30:57] epoch   50/300 | train=0.005998 | val=0.005962 | best=0.005951@49 | patience=1/30 | time=5.65s
[2026-04-27 00:31:03] epoch   51/300 | train=0.005947 | val=0.005859 | best=0.005859@51 | patience=0/30 | time=5.55s *
[2026-04-27 00:31:09] epoch   52/300 | train=0.005845 | val=0.005776 | best=0.005776@52 | patience=0/30 | time=5.47s *
[2026-04-27 00:31:15] epoch   53/300 | train=0.005821 | val=0.005780 | best=0.005776@52 | patience=1/30 | time=5.73s
[2026-04-27 00:31:21] epoch   54/300 | train=0.005762 | val=0.005670 | best=0.005670@54 | patience=0/30 | time=5.69s *
[2026-04-27 00:31:27] epoch   55/300 | train=0.005700 | val=0.005639 | best=0.005639@55 | patience=0/30 | time=5.50s *
[2026-04-27 00:31:33] epoch   56/300 | train=0.005682 | val=0.005604 | best=0.005604@56 | patience=0/30 | time=5.68s *
[2026-04-27 00:31:40] epoch   57/300 | train=0.005632 | val=0.005536 | best=0.005536@57 | patience=0/30 | time=5.66s *
[2026-04-27 00:31:45] epoch   58/300 | train=0.005587 | val=0.005561 | best=0.005536@57 | patience=1/30 | time=5.56s
[2026-04-27 00:31:51] epoch   59/300 | train=0.005563 | val=0.005504 | best=0.005504@59 | patience=0/30 | time=5.50s *
[2026-04-27 00:31:58] epoch   60/300 | train=0.005506 | val=0.005436 | best=0.005436@60 | patience=0/30 | time=5.76s *
[2026-04-27 00:32:03] epoch   61/300 | train=0.005471 | val=0.005460 | best=0.005436@60 | patience=1/30 | time=5.64s
[2026-04-27 00:32:10] epoch   62/300 | train=0.005500 | val=0.005425 | best=0.005425@62 | patience=0/30 | time=5.58s *
[2026-04-27 00:32:16] epoch   63/300 | train=0.005461 | val=0.005371 | best=0.005371@63 | patience=0/30 | time=5.79s *
[2026-04-27 00:32:22] epoch   64/300 | train=0.005428 | val=0.005392 | best=0.005371@63 | patience=1/30 | time=5.50s
[2026-04-27 00:32:28] epoch   65/300 | train=0.005410 | val=0.005304 | best=0.005304@65 | patience=0/30 | time=5.75s *
[2026-04-27 00:32:34] epoch   66/300 | train=0.005340 | val=0.005293 | best=0.005293@66 | patience=0/30 | time=5.50s *
[2026-04-27 00:32:40] epoch   67/300 | train=0.005335 | val=0.005250 | best=0.005250@67 | patience=0/30 | time=5.72s *
[2026-04-27 00:32:47] epoch   68/300 | train=0.005289 | val=0.005205 | best=0.005205@68 | patience=0/30 | time=5.70s *
[2026-04-27 00:32:53] epoch   69/300 | train=0.005235 | val=0.005202 | best=0.005202@69 | patience=0/30 | time=5.57s *
[2026-04-27 00:32:58] epoch   70/300 | train=0.005233 | val=0.005202 | best=0.005202@69 | patience=1/30 | time=5.68s
[2026-04-27 00:33:05] epoch   71/300 | train=0.005212 | val=0.005141 | best=0.005141@71 | patience=0/30 | time=5.50s *
[2026-04-27 00:33:10] epoch   72/300 | train=0.005215 | val=0.005179 | best=0.005141@71 | patience=1/30 | time=5.77s
[2026-04-27 00:33:17] epoch   73/300 | train=0.005187 | val=0.005091 | best=0.005091@73 | patience=0/30 | time=5.50s *
[2026-04-27 00:33:23] epoch   74/300 | train=0.005122 | val=0.005065 | best=0.005065@74 | patience=0/30 | time=5.68s *
[2026-04-27 00:33:29] epoch   75/300 | train=0.005112 | val=0.005024 | best=0.005024@75 | patience=0/30 | time=5.69s *
[2026-04-27 00:33:35] epoch   76/300 | train=0.005048 | val=0.004970 | best=0.004970@76 | patience=0/30 | time=5.58s *
[2026-04-27 00:33:41] epoch   77/300 | train=0.005016 | val=0.004971 | best=0.004970@76 | patience=1/30 | time=5.48s
[2026-04-27 00:33:47] epoch   78/300 | train=0.005006 | val=0.005056 | best=0.004970@76 | patience=2/30 | time=5.74s
[2026-04-27 00:33:53] epoch   79/300 | train=0.005095 | val=0.005052 | best=0.004970@76 | patience=3/30 | time=5.77s
[2026-04-27 00:33:58] epoch   80/300 | train=0.005046 | val=0.004969 | best=0.004970@76 | patience=4/30 | time=5.50s
[2026-04-27 00:34:04] epoch   81/300 | train=0.004987 | val=0.004886 | best=0.004886@81 | patience=0/30 | time=5.71s *
[2026-04-27 00:34:11] epoch   82/300 | train=0.004917 | val=0.004809 | best=0.004809@82 | patience=0/30 | time=5.72s *
[2026-04-27 00:34:17] epoch   83/300 | train=0.004885 | val=0.004786 | best=0.004786@83 | patience=0/30 | time=5.55s *
[2026-04-27 00:34:22] epoch   84/300 | train=0.004894 | val=0.004841 | best=0.004786@83 | patience=1/30 | time=5.50s
[2026-04-27 00:34:28] epoch   85/300 | train=0.004871 | val=0.004791 | best=0.004786@83 | patience=2/30 | time=5.70s
[2026-04-27 00:34:35] epoch   86/300 | train=0.004836 | val=0.004753 | best=0.004753@86 | patience=0/30 | time=5.66s *
[2026-04-27 00:34:41] epoch   87/300 | train=0.004804 | val=0.004761 | best=0.004753@86 | patience=1/30 | time=5.50s
[2026-04-27 00:34:47] epoch   88/300 | train=0.004814 | val=0.004696 | best=0.004696@88 | patience=0/30 | time=5.71s *
[2026-04-27 00:34:53] epoch   89/300 | train=0.004801 | val=0.004884 | best=0.004696@88 | patience=1/30 | time=5.50s
[2026-04-27 00:34:59] epoch   90/300 | train=0.004920 | val=0.004775 | best=0.004696@88 | patience=2/30 | time=5.69s
[2026-04-27 00:35:05] epoch   91/300 | train=0.004805 | val=0.004684 | best=0.004684@91 | patience=0/30 | time=5.58s *
[2026-04-27 00:35:11] epoch   92/300 | train=0.004789 | val=0.004676 | best=0.004676@92 | patience=0/30 | time=5.48s *
[2026-04-27 00:35:17] epoch   93/300 | train=0.004759 | val=0.004659 | best=0.004659@93 | patience=0/30 | time=5.70s *
[2026-04-27 00:35:24] epoch   94/300 | train=0.004706 | val=0.004571 | best=0.004571@94 | patience=0/30 | time=5.74s *
[2026-04-27 00:35:29] epoch   95/300 | train=0.004666 | val=0.004623 | best=0.004571@94 | patience=1/30 | time=5.50s
[2026-04-27 00:35:35] epoch   96/300 | train=0.004666 | val=0.004596 | best=0.004571@94 | patience=2/30 | time=5.72s
[2026-04-27 00:35:41] epoch   97/300 | train=0.004736 | val=0.004896 | best=0.004571@94 | patience=3/30 | time=5.72s
[2026-04-27 00:35:47] epoch   98/300 | train=0.004842 | val=0.004642 | best=0.004571@94 | patience=4/30 | time=5.55s
[2026-04-27 00:35:52] epoch   99/300 | train=0.004709 | val=0.004580 | best=0.004571@94 | patience=5/30 | time=5.50s
[2026-04-27 00:35:58] epoch  100/300 | train=0.004653 | val=0.004588 | best=0.004571@94 | patience=6/30 | time=5.70s
[2026-04-27 00:36:04] epoch  101/300 | train=0.004690 | val=0.004627 | best=0.004571@94 | patience=7/30 | time=5.67s
[2026-04-27 00:36:10] epoch  102/300 | train=0.004621 | val=0.004507 | best=0.004507@102 | patience=0/30 | time=5.57s *
[2026-04-27 00:36:16] epoch  103/300 | train=0.004585 | val=0.004468 | best=0.004468@103 | patience=0/30 | time=5.48s *
[2026-04-27 00:36:22] epoch  104/300 | train=0.004525 | val=0.004472 | best=0.004468@103 | patience=1/30 | time=5.50s
[2026-04-27 00:36:28] epoch  105/300 | train=0.004535 | val=0.004521 | best=0.004468@103 | patience=2/30 | time=5.74s
[2026-04-27 00:36:33] epoch  106/300 | train=0.004608 | val=0.004540 | best=0.004468@103 | patience=3/30 | time=5.50s
[2026-04-27 00:36:40] epoch  107/300 | train=0.004597 | val=0.004438 | best=0.004438@107 | patience=0/30 | time=5.72s *
[2026-04-27 00:36:46] epoch  108/300 | train=0.004478 | val=0.004351 | best=0.004351@108 | patience=0/30 | time=5.72s *
[2026-04-27 00:36:52] epoch  109/300 | train=0.004422 | val=0.004352 | best=0.004351@108 | patience=1/30 | time=5.55s
[2026-04-27 00:36:58] epoch  110/300 | train=0.004408 | val=0.004313 | best=0.004313@110 | patience=0/30 | time=5.50s *
[2026-04-27 00:37:03] epoch  111/300 | train=0.004410 | val=0.004321 | best=0.004313@110 | patience=1/30 | time=5.69s
[2026-04-27 00:37:10] epoch  112/300 | train=0.004391 | val=0.004292 | best=0.004292@112 | patience=0/30 | time=5.66s *
[2026-04-27 00:37:16] epoch  113/300 | train=0.004379 | val=0.004288 | best=0.004288@113 | patience=0/30 | time=5.50s *
[2026-04-27 00:37:22] epoch  114/300 | train=0.004367 | val=0.004293 | best=0.004288@113 | patience=1/30 | time=5.68s
[2026-04-27 00:37:28] epoch  115/300 | train=0.004344 | val=0.004318 | best=0.004288@113 | patience=2/30 | time=5.50s
[2026-04-27 00:37:34] epoch  116/300 | train=0.004365 | val=0.004229 | best=0.004229@116 | patience=0/30 | time=5.69s *
[2026-04-27 00:37:40] epoch  117/300 | train=0.004320 | val=0.004256 | best=0.004229@116 | patience=1/30 | time=5.58s
[2026-04-27 00:37:46] epoch  118/300 | train=0.004337 | val=0.004252 | best=0.004229@116 | patience=2/30 | time=5.48s
[2026-04-27 00:37:52] epoch  119/300 | train=0.004319 | val=0.004223 | best=0.004223@119 | patience=0/30 | time=5.70s *
[2026-04-27 00:37:58] epoch  120/300 | train=0.004307 | val=0.004197 | best=0.004197@120 | patience=0/30 | time=5.74s *
[2026-04-27 00:38:04] epoch  121/300 | train=0.004290 | val=0.004183 | best=0.004183@121 | patience=0/30 | time=5.50s *
[2026-04-27 00:38:10] epoch  122/300 | train=0.004285 | val=0.004175 | best=0.004175@122 | patience=0/30 | time=5.72s *
[2026-04-27 00:38:17] epoch  123/300 | train=0.004264 | val=0.004169 | best=0.004169@123 | patience=0/30 | time=5.71s *
[2026-04-27 00:38:23] epoch  124/300 | train=0.004246 | val=0.004149 | best=0.004149@124 | patience=0/30 | time=5.58s *
[2026-04-27 00:38:28] epoch  125/300 | train=0.004242 | val=0.004181 | best=0.004149@124 | patience=1/30 | time=5.48s
[2026-04-27 00:38:34] epoch  126/300 | train=0.004251 | val=0.004182 | best=0.004149@124 | patience=2/30 | time=5.70s
[2026-04-27 00:38:40] epoch  127/300 | train=0.004254 | val=0.004164 | best=0.004149@124 | patience=3/30 | time=5.67s
[2026-04-27 00:38:46] epoch  128/300 | train=0.004236 | val=0.004288 | best=0.004149@124 | patience=4/30 | time=5.57s
[2026-04-27 00:38:52] epoch  129/300 | train=0.004297 | val=0.004165 | best=0.004149@124 | patience=5/30 | time=5.72s
[2026-04-27 00:38:58] epoch  130/300 | train=0.004238 | val=0.004123 | best=0.004123@130 | patience=0/30 | time=5.50s *
[2026-04-27 00:39:04] epoch  131/300 | train=0.004234 | val=0.004132 | best=0.004123@130 | patience=1/30 | time=5.77s
[2026-04-27 00:39:10] epoch  132/300 | train=0.004215 | val=0.004105 | best=0.004105@132 | patience=0/30 | time=5.50s *
[2026-04-27 00:39:15] epoch  133/300 | train=0.004199 | val=0.004108 | best=0.004105@132 | patience=1/30 | time=5.68s
[2026-04-27 00:39:21] epoch  134/300 | train=0.004210 | val=0.004156 | best=0.004105@132 | patience=2/30 | time=5.69s
[2026-04-27 00:39:27] epoch  135/300 | train=0.004218 | val=0.004126 | best=0.004105@132 | patience=3/30 | time=5.55s
[2026-04-27 00:39:32] epoch  136/300 | train=0.004205 | val=0.004157 | best=0.004105@132 | patience=4/30 | time=5.50s
[2026-04-27 00:39:38] epoch  137/300 | train=0.004212 | val=0.004109 | best=0.004105@132 | patience=5/30 | time=5.74s
[2026-04-27 00:39:44] epoch  138/300 | train=0.004203 | val=0.004112 | best=0.004105@132 | patience=6/30 | time=5.69s
[2026-04-27 00:39:50] epoch  139/300 | train=0.004192 | val=0.004089 | best=0.004089@139 | patience=0/30 | time=5.57s *
[2026-04-27 00:39:56] epoch  140/300 | train=0.004190 | val=0.004084 | best=0.004084@140 | patience=0/30 | time=5.67s *
[2026-04-27 00:40:02] epoch  141/300 | train=0.004185 | val=0.004153 | best=0.004084@140 | patience=1/30 | time=5.50s
[2026-04-27 00:40:08] epoch  142/300 | train=0.004388 | val=0.004322 | best=0.004084@140 | patience=2/30 | time=5.73s
[2026-04-27 00:40:14] epoch  143/300 | train=0.004289 | val=0.004167 | best=0.004084@140 | patience=3/30 | time=5.50s
[2026-04-27 00:40:19] epoch  144/300 | train=0.004236 | val=0.004113 | best=0.004084@140 | patience=4/30 | time=5.68s
[2026-04-27 00:40:26] epoch  145/300 | train=0.004195 | val=0.004079 | best=0.004079@145 | patience=0/30 | time=5.69s *
[2026-04-27 00:40:31] epoch  146/300 | train=0.004183 | val=0.004092 | best=0.004079@145 | patience=1/30 | time=5.56s
[2026-04-27 00:40:37] epoch  147/300 | train=0.004182 | val=0.004074 | best=0.004074@147 | patience=0/30 | time=5.50s *
[2026-04-27 00:40:43] epoch  148/300 | train=0.004168 | val=0.004074 | best=0.004074@147 | patience=1/30 | time=5.74s
[2026-04-27 00:40:49] epoch  149/300 | train=0.004164 | val=0.004061 | best=0.004061@149 | patience=0/30 | time=5.69s *
[2026-04-27 00:40:56] epoch  150/300 | train=0.004159 | val=0.004055 | best=0.004055@150 | patience=0/30 | time=5.58s *
[2026-04-27 00:41:01] epoch  151/300 | train=0.004157 | val=0.004078 | best=0.004055@150 | patience=1/30 | time=5.72s
[2026-04-27 00:41:07] epoch  152/300 | train=0.004148 | val=0.004045 | best=0.004045@152 | patience=0/30 | time=5.50s *
[2026-04-27 00:41:13] epoch  153/300 | train=0.004154 | val=0.004064 | best=0.004045@152 | patience=1/30 | time=5.77s
[2026-04-27 00:41:19] epoch  154/300 | train=0.004156 | val=0.004043 | best=0.004043@154 | patience=0/30 | time=5.50s *
[2026-04-27 00:41:25] epoch  155/300 | train=0.004141 | val=0.004066 | best=0.004043@154 | patience=1/30 | time=5.68s
[2026-04-27 00:41:31] epoch  156/300 | train=0.004143 | val=0.004052 | best=0.004043@154 | patience=2/30 | time=5.68s
[2026-04-27 00:41:37] epoch  157/300 | train=0.004146 | val=0.004058 | best=0.004043@154 | patience=3/30 | time=5.57s
[2026-04-27 00:41:42] epoch  158/300 | train=0.004154 | val=0.004051 | best=0.004043@154 | patience=4/30 | time=5.48s
[2026-04-27 00:41:48] epoch  159/300 | train=0.004139 | val=0.004062 | best=0.004043@154 | patience=5/30 | time=5.75s
[2026-04-27 00:41:54] epoch  160/300 | train=0.004138 | val=0.004034 | best=0.004034@160 | patience=0/30 | time=5.70s *
[2026-04-27 00:42:00] epoch  161/300 | train=0.004144 | val=0.004068 | best=0.004034@160 | patience=1/30 | time=5.58s
[2026-04-27 00:42:06] epoch  162/300 | train=0.004147 | val=0.004050 | best=0.004034@160 | patience=2/30 | time=5.69s
[2026-04-27 00:42:11] epoch  163/300 | train=0.004136 | val=0.004092 | best=0.004034@160 | patience=3/30 | time=5.50s
[2026-04-27 00:42:17] epoch  164/300 | train=0.004152 | val=0.004087 | best=0.004034@160 | patience=4/30 | time=5.75s
[2026-04-27 00:42:23] epoch  165/300 | train=0.004150 | val=0.004047 | best=0.004034@160 | patience=5/30 | time=5.50s
[2026-04-27 00:42:29] epoch  166/300 | train=0.004136 | val=0.004027 | best=0.004027@166 | patience=0/30 | time=5.75s *
[2026-04-27 00:42:35] epoch  167/300 | train=0.004130 | val=0.004027 | best=0.004027@166 | patience=1/30 | time=5.73s
[2026-04-27 00:42:41] epoch  168/300 | train=0.004134 | val=0.004096 | best=0.004027@166 | patience=2/30 | time=5.58s
[2026-04-27 00:42:47] epoch  169/300 | train=0.004160 | val=0.004044 | best=0.004027@166 | patience=3/30 | time=5.48s
[2026-04-27 00:42:53] epoch  170/300 | train=0.004124 | val=0.004073 | best=0.004027@166 | patience=4/30 | time=5.78s
[2026-04-27 00:42:59] epoch  171/300 | train=0.004136 | val=0.004024 | best=0.004024@171 | patience=0/30 | time=5.48s *
[2026-04-27 00:43:05] epoch  172/300 | train=0.004119 | val=0.004018 | best=0.004018@172 | patience=0/30 | time=5.74s *
[2026-04-27 00:43:11] epoch  173/300 | train=0.004105 | val=0.004011 | best=0.004011@173 | patience=0/30 | time=5.50s *
[2026-04-27 00:43:17] epoch  174/300 | train=0.004114 | val=0.004033 | best=0.004011@173 | patience=1/30 | time=5.68s
[2026-04-27 00:43:23] epoch  175/300 | train=0.004133 | val=0.004046 | best=0.004011@173 | patience=2/30 | time=5.69s
[2026-04-27 00:43:28] epoch  176/300 | train=0.004130 | val=0.004018 | best=0.004011@173 | patience=3/30 | time=5.55s
[2026-04-27 00:43:34] epoch  177/300 | train=0.004116 | val=0.004025 | best=0.004011@173 | patience=4/30 | time=5.51s
[2026-04-27 00:43:40] epoch  178/300 | train=0.004108 | val=0.004017 | best=0.004011@173 | patience=5/30 | time=5.74s
[2026-04-27 00:43:46] epoch  179/300 | train=0.004103 | val=0.004006 | best=0.004006@179 | patience=0/30 | time=5.69s *
[2026-04-27 00:43:52] epoch  180/300 | train=0.004091 | val=0.003982 | best=0.003982@180 | patience=0/30 | time=5.58s *
[2026-04-27 00:43:58] epoch  181/300 | train=0.004098 | val=0.004060 | best=0.003982@180 | patience=1/30 | time=5.68s
[2026-04-27 00:44:04] epoch  182/300 | train=0.004115 | val=0.004014 | best=0.003982@180 | patience=2/30 | time=5.50s
[2026-04-27 00:44:09] epoch  183/300 | train=0.004108 | val=0.004005 | best=0.003982@180 | patience=3/30 | time=5.74s
[2026-04-27 00:44:15] epoch  184/300 | train=0.004092 | val=0.003997 | best=0.003982@180 | patience=4/30 | time=5.50s
[2026-04-27 00:44:21] epoch  185/300 | train=0.004109 | val=0.004032 | best=0.003982@180 | patience=5/30 | time=5.71s
[2026-04-27 00:44:27] epoch  186/300 | train=0.004105 | val=0.003993 | best=0.003982@180 | patience=6/30 | time=5.67s
[2026-04-27 00:44:32] epoch  187/300 | train=0.004095 | val=0.004014 | best=0.003982@180 | patience=7/30 | time=5.55s
[2026-04-27 00:44:38] epoch  188/300 | train=0.004103 | val=0.004003 | best=0.003982@180 | patience=8/30 | time=5.50s
[2026-04-27 00:44:44] epoch  189/300 | train=0.004092 | val=0.004000 | best=0.003982@180 | patience=9/30 | time=5.68s
[2026-04-27 00:44:50] epoch  190/300 | train=0.004102 | val=0.003991 | best=0.003982@180 | patience=10/30 | time=5.69s
[2026-04-27 00:44:55] epoch  191/300 | train=0.004102 | val=0.003997 | best=0.003982@180 | patience=11/30 | time=5.58s
[2026-04-27 00:45:01] epoch  192/300 | train=0.004087 | val=0.003983 | best=0.003982@180 | patience=12/30 | time=5.48s
[2026-04-27 00:45:07] epoch  193/300 | train=0.004089 | val=0.003993 | best=0.003982@180 | patience=13/30 | time=5.74s
[2026-04-27 00:45:13] epoch  194/300 | train=0.004088 | val=0.003993 | best=0.003982@180 | patience=14/30 | time=5.70s
[2026-04-27 00:45:18] epoch  195/300 | train=0.004118 | val=0.004005 | best=0.003982@180 | patience=15/30 | time=5.58s
[2026-04-27 00:45:24] epoch  196/300 | train=0.004093 | val=0.003991 | best=0.003982@180 | patience=16/30 | time=5.68s
[2026-04-27 00:45:30] epoch  197/300 | train=0.004087 | val=0.003993 | best=0.003982@180 | patience=17/30 | time=5.50s
[2026-04-27 00:45:36] epoch  198/300 | train=0.004080 | val=0.003993 | best=0.003982@180 | patience=18/30 | time=5.74s
[2026-04-27 00:45:41] epoch  199/300 | train=0.004082 | val=0.003994 | best=0.003982@180 | patience=19/30 | time=5.50s
[2026-04-27 00:45:47] epoch  200/300 | train=0.004093 | val=0.004007 | best=0.003982@180 | patience=20/30 | time=5.68s
[2026-04-27 00:45:53] epoch  201/300 | train=0.004106 | val=0.003998 | best=0.003982@180 | patience=21/30 | time=5.69s
[2026-04-27 00:45:59] epoch  202/300 | train=0.004087 | val=0.003993 | best=0.003982@180 | patience=22/30 | time=5.56s
[2026-04-27 00:46:04] epoch  203/300 | train=0.004092 | val=0.003983 | best=0.003982@180 | patience=23/30 | time=5.50s
[2026-04-27 00:46:10] epoch  204/300 | train=0.004085 | val=0.003972 | best=0.003972@204 | patience=0/30 | time=5.72s *
[2026-04-27 00:46:16] epoch  205/300 | train=0.004073 | val=0.003986 | best=0.003972@204 | patience=1/30 | time=5.70s
[2026-04-27 00:46:22] epoch  206/300 | train=0.004077 | val=0.003977 | best=0.003972@204 | patience=2/30 | time=5.58s
[2026-04-27 00:46:28] epoch  207/300 | train=0.004085 | val=0.004035 | best=0.003972@204 | patience=3/30 | time=5.48s
[2026-04-27 00:46:33] epoch  208/300 | train=0.004088 | val=0.003991 | best=0.003972@204 | patience=4/30 | time=5.70s
[2026-04-27 00:46:39] epoch  209/300 | train=0.004089 | val=0.004021 | best=0.003972@204 | patience=5/30 | time=5.67s
[2026-04-27 00:46:45] epoch  210/300 | train=0.004087 | val=0.003990 | best=0.003972@204 | patience=6/30 | time=5.56s
[2026-04-27 00:46:51] epoch  211/300 | train=0.004083 | val=0.003964 | best=0.003964@211 | patience=0/30 | time=5.72s *
[2026-04-27 00:46:57] epoch  212/300 | train=0.004067 | val=0.003970 | best=0.003964@211 | patience=1/30 | time=5.50s
[2026-04-27 00:47:03] epoch  213/300 | train=0.004066 | val=0.003988 | best=0.003964@211 | patience=2/30 | time=5.77s
[2026-04-27 00:47:09] epoch  214/300 | train=0.004064 | val=0.003956 | best=0.003956@214 | patience=0/30 | time=5.51s *
[2026-04-27 00:47:14] epoch  215/300 | train=0.004072 | val=0.003973 | best=0.003956@214 | patience=1/30 | time=5.68s
[2026-04-27 00:47:20] epoch  216/300 | train=0.004461 | val=0.004559 | best=0.003956@214 | patience=2/30 | time=5.68s
[2026-04-27 00:47:26] epoch  217/300 | train=0.004464 | val=0.004286 | best=0.003956@214 | patience=3/30 | time=5.56s
[2026-04-27 00:47:32] epoch  218/300 | train=0.004255 | val=0.004109 | best=0.003956@214 | patience=4/30 | time=5.48s
[2026-04-27 00:47:37] epoch  219/300 | train=0.004160 | val=0.004038 | best=0.003956@214 | patience=5/30 | time=5.74s
[2026-04-27 00:47:43] epoch  220/300 | train=0.004130 | val=0.004005 | best=0.003956@214 | patience=6/30 | time=5.69s
[2026-04-27 00:47:49] epoch  221/300 | train=0.004104 | val=0.003998 | best=0.003956@214 | patience=7/30 | time=5.58s
[2026-04-27 00:47:55] epoch  222/300 | train=0.004108 | val=0.004040 | best=0.003956@214 | patience=8/30 | time=5.48s
[2026-04-27 00:48:00] epoch  223/300 | train=0.004097 | val=0.003984 | best=0.003956@214 | patience=9/30 | time=5.69s
[2026-04-27 00:48:06] epoch  224/300 | train=0.004078 | val=0.003978 | best=0.003956@214 | patience=10/30 | time=5.74s
[2026-04-27 00:48:12] epoch  225/300 | train=0.004079 | val=0.003962 | best=0.003956@214 | patience=11/30 | time=5.50s
[2026-04-27 00:48:18] epoch  226/300 | train=0.004068 | val=0.003974 | best=0.003956@214 | patience=12/30 | time=5.72s
[2026-04-27 00:48:24] epoch  227/300 | train=0.004065 | val=0.003969 | best=0.003956@214 | patience=13/30 | time=5.50s
[2026-04-27 00:48:30] epoch  228/300 | train=0.004069 | val=0.003956 | best=0.003956@214 | patience=14/30 | time=5.69s
[2026-04-27 00:48:36] epoch  229/300 | train=0.004059 | val=0.003969 | best=0.003956@214 | patience=15/30 | time=5.58s
[2026-04-27 00:48:41] epoch  230/300 | train=0.004054 | val=0.003964 | best=0.003956@214 | patience=16/30 | time=5.48s
[2026-04-27 00:48:47] epoch  231/300 | train=0.004049 | val=0.003963 | best=0.003956@214 | patience=17/30 | time=5.74s
[2026-04-27 00:48:53] epoch  232/300 | train=0.004055 | val=0.003963 | best=0.003956@214 | patience=18/30 | time=5.70s
[2026-04-27 00:48:58] epoch  233/300 | train=0.004065 | val=0.004003 | best=0.003956@214 | patience=19/30 | time=5.50s
[2026-04-27 00:49:04] epoch  234/300 | train=0.004071 | val=0.003957 | best=0.003956@214 | patience=20/30 | time=5.72s
[2026-04-27 00:49:10] epoch  235/300 | train=0.004053 | val=0.003977 | best=0.003956@214 | patience=21/30 | time=5.50s
[2026-04-27 00:49:16] epoch  236/300 | train=0.004050 | val=0.003956 | best=0.003956@214 | patience=22/30 | time=5.77s
[2026-04-27 00:49:21] epoch  237/300 | train=0.004065 | val=0.003967 | best=0.003956@214 | patience=23/30 | time=5.50s
[2026-04-27 00:49:27] epoch  238/300 | train=0.004056 | val=0.003964 | best=0.003956@214 | patience=24/30 | time=5.68s
[2026-04-27 00:49:33] epoch  239/300 | train=0.004066 | val=0.004007 | best=0.003956@214 | patience=25/30 | time=5.69s
[2026-04-27 00:49:39] epoch  240/300 | train=0.004086 | val=0.003988 | best=0.003956@214 | patience=26/30 | time=5.55s
[2026-04-27 00:49:44] epoch  241/300 | train=0.004079 | val=0.003963 | best=0.003956@214 | patience=27/30 | time=5.50s
[2026-04-27 00:49:50] epoch  242/300 | train=0.004057 | val=0.003958 | best=0.003956@214 | patience=28/30 | time=5.72s
[2026-04-27 00:49:57] epoch  243/300 | train=0.004052 | val=0.003950 | best=0.003950@243 | patience=0/30 | time=5.70s *
[2026-04-27 00:50:02] epoch  244/300 | train=0.004052 | val=0.003954 | best=0.003950@243 | patience=1/30 | time=5.58s
[2026-04-27 00:50:08] epoch  245/300 | train=0.004054 | val=0.004006 | best=0.003950@243 | patience=2/30 | time=5.47s
[2026-04-27 00:50:14] epoch  246/300 | train=0.004070 | val=0.004005 | best=0.003950@243 | patience=3/30 | time=5.70s
[2026-04-27 00:50:20] epoch  247/300 | train=0.004070 | val=0.003950 | best=0.003950@243 | patience=4/30 | time=5.72s
[2026-04-27 00:50:25] epoch  248/300 | train=0.004048 | val=0.003951 | best=0.003950@243 | patience=5/30 | time=5.50s
[2026-04-27 00:50:31] epoch  249/300 | train=0.004046 | val=0.003945 | best=0.003945@249 | patience=0/30 | time=5.72s *
[2026-04-27 00:50:37] epoch  250/300 | train=0.004045 | val=0.003949 | best=0.003945@249 | patience=1/30 | time=5.50s
[2026-04-27 00:50:43] epoch  251/300 | train=0.004046 | val=0.003981 | best=0.003945@249 | patience=2/30 | time=5.56s
[2026-04-27 00:50:49] epoch  252/300 | train=0.004053 | val=0.003995 | best=0.003945@249 | patience=3/30 | time=5.50s
[2026-04-27 00:50:54] epoch  253/300 | train=0.004064 | val=0.003962 | best=0.003945@249 | patience=4/30 | time=5.68s
[2026-04-27 00:51:00] epoch  254/300 | train=0.004059 | val=0.003961 | best=0.003945@249 | patience=5/30 | time=5.69s
[2026-04-27 00:51:06] epoch  255/300 | train=0.004063 | val=0.003955 | best=0.003945@249 | patience=6/30 | time=5.55s
[2026-04-27 00:51:12] epoch  256/300 | train=0.004059 | val=0.003954 | best=0.003945@249 | patience=7/30 | time=5.50s
[2026-04-27 00:51:17] epoch  257/300 | train=0.004058 | val=0.003954 | best=0.003945@249 | patience=8/30 | time=5.73s
[2026-04-27 00:51:24] epoch  258/300 | train=0.004042 | val=0.003935 | best=0.003935@258 | patience=0/30 | time=5.70s *
[2026-04-27 00:51:29] epoch  259/300 | train=0.004046 | val=0.003961 | best=0.003935@258 | patience=1/30 | time=5.57s
[2026-04-27 00:51:35] epoch  260/300 | train=0.004050 | val=0.003953 | best=0.003935@258 | patience=2/30 | time=5.48s
[2026-04-27 00:51:41] epoch  261/300 | train=0.004037 | val=0.003952 | best=0.003935@258 | patience=3/30 | time=5.70s
[2026-04-27 00:51:47] epoch  262/300 | train=0.004045 | val=0.003953 | best=0.003935@258 | patience=4/30 | time=5.66s
[2026-04-27 00:51:52] epoch  263/300 | train=0.004040 | val=0.003943 | best=0.003935@258 | patience=5/30 | time=5.50s
[2026-04-27 00:51:58] epoch  264/300 | train=0.004058 | val=0.003972 | best=0.003935@258 | patience=6/30 | time=5.72s
[2026-04-27 00:52:04] epoch  265/300 | train=0.004065 | val=0.003968 | best=0.003935@258 | patience=7/30 | time=5.50s
[2026-04-27 00:52:10] epoch  266/300 | train=0.004053 | val=0.003955 | best=0.003935@258 | patience=8/30 | time=5.77s
[2026-04-27 00:52:16] epoch  267/300 | train=0.004041 | val=0.003934 | best=0.003934@267 | patience=0/30 | time=5.50s *
[2026-04-27 00:52:22] epoch  268/300 | train=0.004046 | val=0.003945 | best=0.003934@267 | patience=1/30 | time=5.68s
[2026-04-27 00:52:28] epoch  269/300 | train=0.004032 | val=0.003926 | best=0.003926@269 | patience=0/30 | time=5.69s *
[2026-04-27 00:52:34] epoch  270/300 | train=0.004040 | val=0.003944 | best=0.003926@269 | patience=1/30 | time=5.55s
[2026-04-27 00:52:39] epoch  271/300 | train=0.004045 | val=0.003948 | best=0.003926@269 | patience=2/30 | time=5.48s
[2026-04-27 00:52:45] epoch  272/300 | train=0.004043 | val=0.003933 | best=0.003926@269 | patience=3/30 | time=5.74s
[2026-04-27 00:52:51] epoch  273/300 | train=0.004043 | val=0.003936 | best=0.003926@269 | patience=4/30 | time=5.65s
[2026-04-27 00:52:57] epoch  274/300 | train=0.004063 | val=0.003984 | best=0.003926@269 | patience=5/30 | time=5.57s
[2026-04-27 00:53:02] epoch  275/300 | train=0.004065 | val=0.003952 | best=0.003926@269 | patience=6/30 | time=5.48s
[2026-04-27 00:53:09] epoch  276/300 | train=0.004048 | val=0.003979 | best=0.003926@269 | patience=7/30 | time=5.50s
[2026-04-27 00:53:14] epoch  277/300 | train=0.004061 | val=0.003946 | best=0.003926@269 | patience=8/30 | time=5.65s
[2026-04-27 00:53:20] epoch  278/300 | train=0.004039 | val=0.003939 | best=0.003926@269 | patience=9/30 | time=5.55s
[2026-04-27 00:53:26] epoch  279/300 | train=0.004035 | val=0.003940 | best=0.003926@269 | patience=10/30 | time=5.50s
[2026-04-27 00:53:32] epoch  280/300 | train=0.004028 | val=0.003946 | best=0.003926@269 | patience=11/30 | time=5.72s
[2026-04-27 00:53:37] epoch  281/300 | train=0.004028 | val=0.003933 | best=0.003926@269 | patience=12/30 | time=5.71s
[2026-04-27 00:53:43] epoch  282/300 | train=0.004031 | val=0.003943 | best=0.003926@269 | patience=13/30 | time=5.58s
[2026-04-27 00:53:49] epoch  283/300 | train=0.004032 | val=0.003944 | best=0.003926@269 | patience=14/30 | time=5.48s
[2026-04-27 00:53:55] epoch  284/300 | train=0.004039 | val=0.004016 | best=0.003926@269 | patience=15/30 | time=5.71s
[2026-04-27 00:54:00] epoch  285/300 | train=0.004062 | val=0.003945 | best=0.003926@269 | patience=16/30 | time=5.66s
[2026-04-27 00:54:06] epoch  286/300 | train=0.004039 | val=0.003941 | best=0.003926@269 | patience=17/30 | time=5.58s
[2026-04-27 00:54:12] epoch  287/300 | train=0.004038 | val=0.003946 | best=0.003926@269 | patience=18/30 | time=5.72s
[2026-04-27 00:54:18] epoch  288/300 | train=0.004042 | val=0.003946 | best=0.003926@269 | patience=19/30 | time=5.50s
[2026-04-27 00:54:24] epoch  289/300 | train=0.004048 | val=0.003947 | best=0.003926@269 | patience=20/30 | time=5.77s
[2026-04-27 00:54:29] epoch  290/300 | train=0.004050 | val=0.003935 | best=0.003926@269 | patience=21/30 | time=5.50s
[2026-04-27 00:54:35] epoch  291/300 | train=0.004033 | val=0.003938 | best=0.003926@269 | patience=22/30 | time=5.69s
[2026-04-27 00:54:41] epoch  292/300 | train=0.004039 | val=0.003937 | best=0.003926@269 | patience=23/30 | time=5.69s
[2026-04-27 00:54:47] epoch  293/300 | train=0.004036 | val=0.003942 | best=0.003926@269 | patience=24/30 | time=5.55s
[2026-04-27 00:54:52] epoch  294/300 | train=0.004030 | val=0.003930 | best=0.003926@269 | patience=25/30 | time=5.50s
[2026-04-27 00:54:58] epoch  295/300 | train=0.004030 | val=0.003947 | best=0.003926@269 | patience=26/30 | time=5.72s
[2026-04-27 00:55:04] epoch  296/300 | train=0.004046 | val=0.003985 | best=0.003926@269 | patience=27/30 | time=5.72s
[2026-04-27 00:55:10] epoch  297/300 | train=0.004042 | val=0.003934 | best=0.003926@269 | patience=28/30 | time=5.58s
[2026-04-27 00:55:15] epoch  298/300 | train=0.004038 | val=0.003940 | best=0.003926@269 | patience=29/30 | time=5.48s
[2026-04-27 00:55:21] epoch  299/300 | train=0.004035 | val=0.003940 | best=0.003926@269 | patience=30/30 | time=5.71s
[2026-04-27 00:55:21]   early stopping at epoch 299 (no improvement for 30 epochs)
[2026-04-27 00:55:21] Training done: stop_reason=early_stop, total_epochs=299, best_epoch=269, best_val=0.003926
[2026-04-27 00:55:21] Reloading best checkpoint (epoch 269) for evaluation
[2026-04-27 00:55:36] ------------------------------------------------------------
[2026-04-27 00:55:36] Evaluation:
[2026-04-27 00:55:36]   AUC broken_lcfs         : 0.5302
[2026-04-27 00:55:36]   AUC bad_black_core      : 0.9763
[2026-04-27 00:55:36]   AUC bad_nonconverged    : 0.8606
[2026-04-27 00:55:36]   objective      : 0.0000
[2026-04-27 00:55:36]   floor_ok       : False
[2026-04-27 00:55:36]   threshold      : 0.0402
[2026-04-27 00:55:36]   mu / sigma     : 0.0040263 / 0.00136016
[2026-04-27 00:55:36] Train time=2195.5s, eval time=13.9s
