[2026-04-27 04:59:15] ============================================================
[2026-04-27 04:59:15] Trial 87 starting on cuda:0
[2026-04-27 04:59:15] Timestamp: 2026-04-27T04:59:15.717834
[2026-04-27 04:59:15] --- Config summary ---
  bottleneck_dim  : 173
  n_enc_layers    : 5
  n_dec_layers    : 5
  base_channels   : 49
  growth_factor   : 1.934237463533407
  use_batchnorm   : True
  use_hpf         : True
  hpf_sigma       : 1.0319906095745581
  lr              : 2.4701308969108117e-05
  batch_size      : 16
  max_epochs      : 300
  patience        : 30
  seed            : 42
  deterministic   : False
  trial_num       : 87
[2026-04-27 04:59:15] Loading train/val/selection splits...
[2026-04-27 05:00:14] Splits loaded in 58.9s: n_train=722, n_val=120, n_selection=405
[2026-04-27 05:00:16] --- Architecture summary ---
  channels per enc layer : [49, 95, 183, 355, 686]
  final spatial size     : 8x8
  flat size before latent: 43904
  bottleneck_dim         : 173
  total parameters       : 48,540,266
[2026-04-27 05:00:16] Starting training: n_train=722, n_val=120, device=cuda:0
[2026-04-27 05:02:45] epoch    1/300 | train=0.004386 | val=0.003226 | best=0.003226@1 | patience=0/30 | time=148.58s *
[2026-04-27 05:02:55] epoch    2/300 | train=0.002373 | val=0.002157 | best=0.002157@2 | patience=0/30 | time=9.04s *
[2026-04-27 05:03:05] epoch    3/300 | train=0.001900 | val=0.001782 | best=0.001782@3 | patience=0/30 | time=9.20s *
[2026-04-27 05:03:15] epoch    4/300 | train=0.001633 | val=0.001574 | best=0.001574@4 | patience=0/30 | time=9.22s *
[2026-04-27 05:03:25] epoch    5/300 | train=0.001490 | val=0.001471 | best=0.001471@5 | patience=0/30 | time=9.03s *
[2026-04-27 05:03:35] epoch    6/300 | train=0.001433 | val=0.001418 | best=0.001418@6 | patience=0/30 | time=9.22s *
[2026-04-27 05:03:45] epoch    7/300 | train=0.001370 | val=0.001380 | best=0.001380@7 | patience=0/30 | time=9.20s *
[2026-04-27 05:03:55] epoch    8/300 | train=0.001332 | val=0.001349 | best=0.001349@8 | patience=0/30 | time=9.04s *
[2026-04-27 05:04:05] epoch    9/300 | train=0.001305 | val=0.001307 | best=0.001307@9 | patience=0/30 | time=9.22s *
[2026-04-27 05:04:14] epoch   10/300 | train=0.001279 | val=0.001308 | best=0.001307@9 | patience=1/30 | time=9.25s
[2026-04-27 05:04:24] epoch   11/300 | train=0.001269 | val=0.001274 | best=0.001274@11 | patience=0/30 | time=9.04s *
[2026-04-27 05:04:34] epoch   12/300 | train=0.001241 | val=0.001248 | best=0.001248@12 | patience=0/30 | time=9.25s *
[2026-04-27 05:04:45] epoch   13/300 | train=0.001225 | val=0.001240 | best=0.001240@13 | patience=0/30 | time=9.22s *
[2026-04-27 05:04:54] epoch   14/300 | train=0.001218 | val=0.001227 | best=0.001227@14 | patience=0/30 | time=9.05s *
[2026-04-27 05:05:05] epoch   15/300 | train=0.001199 | val=0.001213 | best=0.001213@15 | patience=0/30 | time=9.23s *
[2026-04-27 05:05:15] epoch   16/300 | train=0.001194 | val=0.001182 | best=0.001182@16 | patience=0/30 | time=9.27s *
[2026-04-27 05:05:24] epoch   17/300 | train=0.001165 | val=0.001198 | best=0.001182@16 | patience=1/30 | time=9.06s
[2026-04-27 05:05:35] epoch   18/300 | train=0.001161 | val=0.001162 | best=0.001162@18 | patience=0/30 | time=9.31s *
[2026-04-27 05:05:45] epoch   19/300 | train=0.001143 | val=0.001144 | best=0.001144@19 | patience=0/30 | time=9.31s *
[2026-04-27 05:05:54] epoch   20/300 | train=0.001132 | val=0.001189 | best=0.001144@19 | patience=1/30 | time=9.05s
[2026-04-27 05:06:04] epoch   21/300 | train=0.001127 | val=0.001132 | best=0.001132@21 | patience=0/30 | time=9.30s *
[2026-04-27 05:06:14] epoch   22/300 | train=0.001104 | val=0.001112 | best=0.001112@22 | patience=0/30 | time=8.95s *
[2026-04-27 05:06:23] epoch   23/300 | train=0.001096 | val=0.001124 | best=0.001112@22 | patience=1/30 | time=9.06s
[2026-04-27 05:06:34] epoch   24/300 | train=0.001085 | val=0.001108 | best=0.001108@24 | patience=0/30 | time=9.29s *
[2026-04-27 05:06:44] epoch   25/300 | train=0.001085 | val=0.001095 | best=0.001095@25 | patience=0/30 | time=8.96s *
[2026-04-27 05:06:54] epoch   26/300 | train=0.001063 | val=0.001088 | best=0.001088@26 | patience=0/30 | time=9.05s *
[2026-04-27 05:07:04] epoch   27/300 | train=0.001056 | val=0.001081 | best=0.001081@27 | patience=0/30 | time=9.24s *
[2026-04-27 05:07:13] epoch   28/300 | train=0.001045 | val=0.001096 | best=0.001081@27 | patience=1/30 | time=8.97s
[2026-04-27 05:07:23] epoch   29/300 | train=0.001049 | val=0.001063 | best=0.001063@29 | patience=0/30 | time=9.31s *
[2026-04-27 05:07:33] epoch   30/300 | train=0.001031 | val=0.001056 | best=0.001056@30 | patience=0/30 | time=9.31s *
[2026-04-27 05:07:43] epoch   31/300 | train=0.001027 | val=0.001048 | best=0.001048@31 | patience=0/30 | time=8.96s *
[2026-04-27 05:07:53] epoch   32/300 | train=0.001016 | val=0.001038 | best=0.001038@32 | patience=0/30 | time=9.39s *
[2026-04-27 05:08:03] epoch   33/300 | train=0.001006 | val=0.001027 | best=0.001027@33 | patience=0/30 | time=9.30s *
[2026-04-27 05:08:12] epoch   34/300 | train=0.000996 | val=0.001040 | best=0.001027@33 | patience=1/30 | time=8.96s
[2026-04-27 05:08:23] epoch   35/300 | train=0.000996 | val=0.001021 | best=0.001021@35 | patience=0/30 | time=9.36s *
[2026-04-27 05:08:32] epoch   36/300 | train=0.000981 | val=0.001028 | best=0.001021@35 | patience=1/30 | time=9.31s
[2026-04-27 05:08:41] epoch   37/300 | train=0.000984 | val=0.001022 | best=0.001021@35 | patience=2/30 | time=8.96s
[2026-04-27 05:08:51] epoch   38/300 | train=0.000969 | val=0.001029 | best=0.001021@35 | patience=3/30 | time=9.30s
[2026-04-27 05:09:01] epoch   39/300 | train=0.000978 | val=0.001009 | best=0.001009@39 | patience=0/30 | time=9.11s *
[2026-04-27 05:09:10] epoch   40/300 | train=0.000959 | val=0.000999 | best=0.000999@40 | patience=0/30 | time=9.09s *
[2026-04-27 05:09:21] epoch   41/300 | train=0.000955 | val=0.000996 | best=0.000996@41 | patience=0/30 | time=9.31s *
[2026-04-27 05:09:30] epoch   42/300 | train=0.000950 | val=0.000998 | best=0.000996@41 | patience=1/30 | time=9.16s
[2026-04-27 05:09:40] epoch   43/300 | train=0.000942 | val=0.000989 | best=0.000989@43 | patience=0/30 | time=9.03s *
[2026-04-27 05:09:50] epoch   44/300 | train=0.000932 | val=0.000980 | best=0.000980@44 | patience=0/30 | time=9.30s *
[2026-04-27 05:09:59] epoch   45/300 | train=0.000924 | val=0.000985 | best=0.000980@44 | patience=1/30 | time=9.18s
[2026-04-27 05:10:08] epoch   46/300 | train=0.000927 | val=0.001000 | best=0.000980@44 | patience=2/30 | time=9.06s
[2026-04-27 05:10:19] epoch   47/300 | train=0.000934 | val=0.000978 | best=0.000978@47 | patience=0/30 | time=9.18s *
[2026-04-27 05:10:29] epoch   48/300 | train=0.000914 | val=0.000969 | best=0.000969@48 | patience=0/30 | time=9.17s *
[2026-04-27 05:10:38] epoch   49/300 | train=0.000910 | val=0.000970 | best=0.000969@48 | patience=1/30 | time=9.06s
[2026-04-27 05:10:48] epoch   50/300 | train=0.000912 | val=0.000964 | best=0.000964@50 | patience=0/30 | time=9.18s *
[2026-04-27 05:10:58] epoch   51/300 | train=0.000902 | val=0.000958 | best=0.000958@51 | patience=0/30 | time=9.05s *
[2026-04-27 05:11:08] epoch   52/300 | train=0.000893 | val=0.000953 | best=0.000953@52 | patience=0/30 | time=9.04s *
[2026-04-27 05:11:18] epoch   53/300 | train=0.000884 | val=0.000950 | best=0.000950@53 | patience=0/30 | time=9.20s *
[2026-04-27 05:11:27] epoch   54/300 | train=0.000881 | val=0.000949 | best=0.000950@53 | patience=1/30 | time=9.05s
[2026-04-27 05:11:36] epoch   55/300 | train=0.000880 | val=0.000954 | best=0.000950@53 | patience=2/30 | time=9.22s
[2026-04-27 05:11:47] epoch   56/300 | train=0.000879 | val=0.000940 | best=0.000940@56 | patience=0/30 | time=9.24s *
[2026-04-27 05:11:56] epoch   57/300 | train=0.000868 | val=0.000947 | best=0.000940@56 | patience=1/30 | time=9.09s
[2026-04-27 05:12:05] epoch   58/300 | train=0.000867 | val=0.000941 | best=0.000940@56 | patience=2/30 | time=9.25s
[2026-04-27 05:12:15] epoch   59/300 | train=0.000859 | val=0.000932 | best=0.000932@59 | patience=0/30 | time=8.97s *
[2026-04-27 05:12:24] epoch   60/300 | train=0.000851 | val=0.000934 | best=0.000932@59 | patience=1/30 | time=9.06s
[2026-04-27 05:12:34] epoch   61/300 | train=0.000853 | val=0.000930 | best=0.000930@61 | patience=0/30 | time=9.25s *
[2026-04-27 05:12:44] epoch   62/300 | train=0.000847 | val=0.000928 | best=0.000928@62 | patience=0/30 | time=8.96s *
[2026-04-27 05:12:55] epoch   63/300 | train=0.000842 | val=0.000919 | best=0.000919@63 | patience=0/30 | time=9.36s *
[2026-04-27 05:13:04] epoch   64/300 | train=0.000837 | val=0.000940 | best=0.000919@63 | patience=1/30 | time=9.30s
[2026-04-27 05:13:13] epoch   65/300 | train=0.000844 | val=0.000922 | best=0.000919@63 | patience=2/30 | time=8.97s
[2026-04-27 05:13:23] epoch   66/300 | train=0.000827 | val=0.000917 | best=0.000917@66 | patience=0/30 | time=9.30s *
[2026-04-27 05:13:33] epoch   67/300 | train=0.000820 | val=0.000913 | best=0.000913@67 | patience=0/30 | time=9.17s *
[2026-04-27 05:13:42] epoch   68/300 | train=0.000815 | val=0.000916 | best=0.000913@67 | patience=1/30 | time=9.10s
[2026-04-27 05:13:52] epoch   69/300 | train=0.000819 | val=0.000921 | best=0.000913@67 | patience=2/30 | time=9.30s
[2026-04-27 05:14:01] epoch   70/300 | train=0.000810 | val=0.000920 | best=0.000913@67 | patience=3/30 | time=9.18s
[2026-04-27 05:14:10] epoch   71/300 | train=0.000805 | val=0.000919 | best=0.000913@67 | patience=4/30 | time=9.07s
[2026-04-27 05:14:20] epoch   72/300 | train=0.000798 | val=0.000920 | best=0.000913@67 | patience=5/30 | time=9.18s
[2026-04-27 05:14:29] epoch   73/300 | train=0.000802 | val=0.000915 | best=0.000913@67 | patience=6/30 | time=9.05s
[2026-04-27 05:14:39] epoch   74/300 | train=0.000797 | val=0.000911 | best=0.000911@74 | patience=0/30 | time=9.28s *
[2026-04-27 05:14:49] epoch   75/300 | train=0.000785 | val=0.000906 | best=0.000906@75 | patience=0/30 | time=9.21s *
[2026-04-27 05:14:59] epoch   76/300 | train=0.000787 | val=0.000907 | best=0.000906@75 | patience=1/30 | time=9.05s
[2026-04-27 05:15:08] epoch   77/300 | train=0.000782 | val=0.000905 | best=0.000906@75 | patience=2/30 | time=9.26s
[2026-04-27 05:15:17] epoch   78/300 | train=0.000779 | val=0.000907 | best=0.000906@75 | patience=3/30 | time=8.97s
[2026-04-27 05:15:28] epoch   79/300 | train=0.000781 | val=0.000900 | best=0.000900@79 | patience=0/30 | time=9.31s *
[2026-04-27 05:15:37] epoch   80/300 | train=0.000767 | val=0.000911 | best=0.000900@79 | patience=1/30 | time=9.31s
[2026-04-27 05:15:47] epoch   81/300 | train=0.000766 | val=0.000899 | best=0.000899@81 | patience=0/30 | time=8.97s *
[2026-04-27 05:15:56] epoch   82/300 | train=0.000763 | val=0.000900 | best=0.000899@81 | patience=1/30 | time=9.36s
[2026-04-27 05:16:06] epoch   83/300 | train=0.000753 | val=0.001004 | best=0.000899@81 | patience=2/30 | time=9.30s
[2026-04-27 05:16:15] epoch   84/300 | train=0.000787 | val=0.000911 | best=0.000899@81 | patience=3/30 | time=8.97s
[2026-04-27 05:16:25] epoch   85/300 | train=0.000762 | val=0.000893 | best=0.000893@85 | patience=0/30 | time=9.30s *
[2026-04-27 05:16:35] epoch   86/300 | train=0.000745 | val=0.000889 | best=0.000889@86 | patience=0/30 | time=9.13s *
[2026-04-27 05:16:44] epoch   87/300 | train=0.000741 | val=0.000970 | best=0.000889@86 | patience=1/30 | time=9.10s
[2026-04-27 05:16:54] epoch   88/300 | train=0.000766 | val=0.000896 | best=0.000889@86 | patience=2/30 | time=9.35s
[2026-04-27 05:17:03] epoch   89/300 | train=0.000737 | val=0.000891 | best=0.000889@86 | patience=3/30 | time=9.13s
[2026-04-27 05:17:12] epoch   90/300 | train=0.000722 | val=0.000888 | best=0.000889@86 | patience=4/30 | time=9.07s
[2026-04-27 05:17:22] epoch   91/300 | train=0.000717 | val=0.000891 | best=0.000889@86 | patience=5/30 | time=9.19s
[2026-04-27 05:17:32] epoch   92/300 | train=0.000714 | val=0.000887 | best=0.000887@92 | patience=0/30 | time=9.07s *
[2026-04-27 05:17:42] epoch   93/300 | train=0.000717 | val=0.000884 | best=0.000884@93 | patience=0/30 | time=9.24s *
[2026-04-27 05:17:51] epoch   94/300 | train=0.000708 | val=0.000884 | best=0.000884@93 | patience=1/30 | time=9.22s
[2026-04-27 05:18:01] epoch   95/300 | train=0.000703 | val=0.000880 | best=0.000880@95 | patience=0/30 | time=9.07s *
[2026-04-27 05:18:10] epoch   96/300 | train=0.000706 | val=0.000889 | best=0.000880@95 | patience=1/30 | time=9.25s
[2026-04-27 05:18:19] epoch   97/300 | train=0.000697 | val=0.000905 | best=0.000880@95 | patience=2/30 | time=8.97s
[2026-04-27 05:18:29] epoch   98/300 | train=0.000702 | val=0.000882 | best=0.000880@95 | patience=3/30 | time=9.32s
[2026-04-27 05:18:38] epoch   99/300 | train=0.000683 | val=0.000882 | best=0.000880@95 | patience=4/30 | time=9.34s
[2026-04-27 05:18:48] epoch  100/300 | train=0.000674 | val=0.000872 | best=0.000872@100 | patience=0/30 | time=8.98s *
[2026-04-27 05:18:58] epoch  101/300 | train=0.000672 | val=0.000873 | best=0.000872@100 | patience=1/30 | time=9.32s
[2026-04-27 05:19:07] epoch  102/300 | train=0.000672 | val=0.000874 | best=0.000872@100 | patience=2/30 | time=9.14s
[2026-04-27 05:19:16] epoch  103/300 | train=0.000665 | val=0.000881 | best=0.000872@100 | patience=3/30 | time=9.10s
[2026-04-27 05:19:26] epoch  104/300 | train=0.000662 | val=0.000898 | best=0.000872@100 | patience=4/30 | time=9.32s
[2026-04-27 05:19:35] epoch  105/300 | train=0.000669 | val=0.000897 | best=0.000872@100 | patience=5/30 | time=9.14s
[2026-04-27 05:19:44] epoch  106/300 | train=0.000659 | val=0.000885 | best=0.000872@100 | patience=6/30 | time=9.06s
[2026-04-27 05:19:53] epoch  107/300 | train=0.000650 | val=0.000875 | best=0.000872@100 | patience=7/30 | time=9.21s
[2026-04-27 05:20:03] epoch  108/300 | train=0.000646 | val=0.000875 | best=0.000872@100 | patience=8/30 | time=9.06s
[2026-04-27 05:20:12] epoch  109/300 | train=0.000637 | val=0.000875 | best=0.000872@100 | patience=9/30 | time=9.25s
[2026-04-27 05:20:21] epoch  110/300 | train=0.000634 | val=0.000877 | best=0.000872@100 | patience=10/30 | time=9.28s
[2026-04-27 05:20:31] epoch  111/300 | train=0.000632 | val=0.000882 | best=0.000872@100 | patience=11/30 | time=9.08s
[2026-04-27 05:20:40] epoch  112/300 | train=0.000630 | val=0.000875 | best=0.000872@100 | patience=12/30 | time=9.24s
[2026-04-27 05:20:50] epoch  113/300 | train=0.000620 | val=0.000865 | best=0.000865@113 | patience=0/30 | time=8.97s *
[2026-04-27 05:20:59] epoch  114/300 | train=0.000608 | val=0.000886 | best=0.000865@113 | patience=1/30 | time=9.31s
[2026-04-27 05:21:09] epoch  115/300 | train=0.000613 | val=0.000885 | best=0.000865@113 | patience=2/30 | time=9.15s
[2026-04-27 05:21:18] epoch  116/300 | train=0.000612 | val=0.000875 | best=0.000865@113 | patience=3/30 | time=9.07s
[2026-04-27 05:21:28] epoch  117/300 | train=0.000598 | val=0.000869 | best=0.000865@113 | patience=4/30 | time=9.35s
[2026-04-27 05:21:37] epoch  118/300 | train=0.000590 | val=0.000870 | best=0.000865@113 | patience=5/30 | time=9.16s
[2026-04-27 05:21:46] epoch  119/300 | train=0.000589 | val=0.000870 | best=0.000865@113 | patience=6/30 | time=9.05s
[2026-04-27 05:21:56] epoch  120/300 | train=0.000585 | val=0.000875 | best=0.000865@113 | patience=7/30 | time=9.20s
[2026-04-27 05:22:05] epoch  121/300 | train=0.000587 | val=0.000871 | best=0.000865@113 | patience=8/30 | time=9.07s
[2026-04-27 05:22:14] epoch  122/300 | train=0.000581 | val=0.000879 | best=0.000865@113 | patience=9/30 | time=9.25s
[2026-04-27 05:22:24] epoch  123/300 | train=0.000582 | val=0.000870 | best=0.000865@113 | patience=10/30 | time=8.96s
[2026-04-27 05:22:33] epoch  124/300 | train=0.000576 | val=0.000882 | best=0.000865@113 | patience=11/30 | time=9.33s
[2026-04-27 05:22:42] epoch  125/300 | train=0.000574 | val=0.000876 | best=0.000865@113 | patience=12/30 | time=9.13s
[2026-04-27 05:22:51] epoch  126/300 | train=0.000565 | val=0.000872 | best=0.000865@113 | patience=13/30 | time=8.97s
[2026-04-27 05:23:01] epoch  127/300 | train=0.000554 | val=0.000873 | best=0.000865@113 | patience=14/30 | time=9.40s
[2026-04-27 05:23:10] epoch  128/300 | train=0.000548 | val=0.000906 | best=0.000865@113 | patience=15/30 | time=9.14s
[2026-04-27 05:23:19] epoch  129/300 | train=0.000561 | val=0.000887 | best=0.000865@113 | patience=16/30 | time=9.04s
[2026-04-27 05:23:29] epoch  130/300 | train=0.000570 | val=0.000877 | best=0.000865@113 | patience=17/30 | time=9.24s
[2026-04-27 05:23:38] epoch  131/300 | train=0.000547 | val=0.000872 | best=0.000865@113 | patience=18/30 | time=9.05s
[2026-04-27 05:23:47] epoch  132/300 | train=0.000539 | val=0.000873 | best=0.000865@113 | patience=19/30 | time=9.05s
[2026-04-27 05:23:57] epoch  133/300 | train=0.000533 | val=0.000867 | best=0.000865@113 | patience=20/30 | time=9.19s
[2026-04-27 05:24:06] epoch  134/300 | train=0.000522 | val=0.000877 | best=0.000865@113 | patience=21/30 | time=9.07s
[2026-04-27 05:24:15] epoch  135/300 | train=0.000516 | val=0.000873 | best=0.000865@113 | patience=22/30 | time=9.25s
[2026-04-27 05:24:24] epoch  136/300 | train=0.000514 | val=0.000871 | best=0.000865@113 | patience=23/30 | time=8.97s
[2026-04-27 05:24:34] epoch  137/300 | train=0.000512 | val=0.000876 | best=0.000865@113 | patience=24/30 | time=9.32s
[2026-04-27 05:24:43] epoch  138/300 | train=0.000501 | val=0.000871 | best=0.000865@113 | patience=25/30 | time=9.26s
[2026-04-27 05:24:52] epoch  139/300 | train=0.000493 | val=0.000875 | best=0.000865@113 | patience=26/30 | time=8.98s
[2026-04-27 05:25:02] epoch  140/300 | train=0.000491 | val=0.000870 | best=0.000865@113 | patience=27/30 | time=9.37s
[2026-04-27 05:25:11] epoch  141/300 | train=0.000488 | val=0.000895 | best=0.000865@113 | patience=28/30 | time=9.18s
[2026-04-27 05:25:21] epoch  142/300 | train=0.000505 | val=0.000920 | best=0.000865@113 | patience=29/30 | time=9.07s
[2026-04-27 05:25:30] epoch  143/300 | train=0.000520 | val=0.000878 | best=0.000865@113 | patience=30/30 | time=9.26s
[2026-04-27 05:25:30]   early stopping at epoch 143 (no improvement for 30 epochs)
[2026-04-27 05:25:30] Training done: stop_reason=early_stop, total_epochs=143, best_epoch=113, best_val=0.000865
[2026-04-27 05:25:30] Reloading best checkpoint (epoch 113) for evaluation
[2026-04-27 05:25:43] ------------------------------------------------------------
[2026-04-27 05:25:43] Evaluation:
[2026-04-27 05:25:43]   AUC broken_lcfs         : 0.6168
[2026-04-27 05:25:43]   AUC bad_black_core      : 0.9960
[2026-04-27 05:25:43]   AUC bad_nonconverged    : 0.9980
[2026-04-27 05:25:43]   objective      : 0.8449
[2026-04-27 05:25:43]   floor_ok       : True
[2026-04-27 05:25:43]   threshold      : 0.0950
[2026-04-27 05:25:43]   mu / sigma     : 0.00060879 / 0.000174846
[2026-04-27 05:25:43] Train time=1514.4s, eval time=12.7s
