[2026-04-27 02:38:49] ============================================================
[2026-04-27 02:38:49] Trial 50 starting on cuda:0
[2026-04-27 02:38:49] Timestamp: 2026-04-27T02:38:49.365298
[2026-04-27 02:38:49] --- Config summary ---
  bottleneck_dim  : 103
  n_enc_layers    : 3
  n_dec_layers    : 5
  base_channels   : 21
  growth_factor   : 2.912334102483394
  use_batchnorm   : True
  use_hpf         : True
  hpf_sigma       : 4.32600544094594
  lr              : 0.00010718402958168694
  batch_size      : 24
  max_epochs      : 300
  patience        : 30
  seed            : 42
  deterministic   : False
  trial_num       : 50
[2026-04-27 02:38:49] Loading train/val/selection splits...
[2026-04-27 02:39:48] Splits loaded in 59.4s: n_train=722, n_val=120, n_selection=405
[2026-04-27 02:39:50] --- Architecture summary ---
  channels per enc layer : [21, 61, 178]
  final spatial size     : 32x32
  flat size before latent: 182272
  bottleneck_dim         : 103
  total parameters       : 39,529,412
[2026-04-27 02:39:50] Starting training: n_train=722, n_val=120, device=cuda:0
[2026-04-27 02:41:13] epoch    1/300 | train=0.009456 | val=0.011030 | best=0.011030@1 | patience=0/30 | time=82.25s *
[2026-04-27 02:41:18] epoch    2/300 | train=0.005507 | val=0.007368 | best=0.007368@2 | patience=0/30 | time=4.08s *
[2026-04-27 02:41:23] epoch    3/300 | train=0.004889 | val=0.005035 | best=0.005035@3 | patience=0/30 | time=4.31s *
[2026-04-27 02:41:27] epoch    4/300 | train=0.004669 | val=0.004636 | best=0.004636@4 | patience=0/30 | time=4.09s *
[2026-04-27 02:41:32] epoch    5/300 | train=0.004427 | val=0.004396 | best=0.004396@5 | patience=0/30 | time=4.05s *
[2026-04-27 02:41:37] epoch    6/300 | train=0.004274 | val=0.004416 | best=0.004396@5 | patience=1/30 | time=4.19s
[2026-04-27 02:41:41] epoch    7/300 | train=0.004219 | val=0.004386 | best=0.004386@7 | patience=0/30 | time=4.08s *
[2026-04-27 02:41:46] epoch    8/300 | train=0.004200 | val=0.004159 | best=0.004159@8 | patience=0/30 | time=4.11s *
[2026-04-27 02:41:51] epoch    9/300 | train=0.004016 | val=0.004016 | best=0.004016@9 | patience=0/30 | time=4.35s *
[2026-04-27 02:41:55] epoch   10/300 | train=0.003928 | val=0.004029 | best=0.004016@9 | patience=1/30 | time=4.09s
[2026-04-27 02:42:00] epoch   11/300 | train=0.003861 | val=0.003930 | best=0.003930@11 | patience=0/30 | time=4.05s *
[2026-04-27 02:42:05] epoch   12/300 | train=0.003792 | val=0.003803 | best=0.003803@12 | patience=0/30 | time=4.33s *
[2026-04-27 02:42:10] epoch   13/300 | train=0.003690 | val=0.003759 | best=0.003759@13 | patience=0/30 | time=4.08s *
[2026-04-27 02:42:15] epoch   14/300 | train=0.003608 | val=0.003630 | best=0.003630@14 | patience=0/30 | time=4.09s *
[2026-04-27 02:42:19] epoch   15/300 | train=0.003504 | val=0.003644 | best=0.003630@14 | patience=1/30 | time=4.35s
[2026-04-27 02:42:24] epoch   16/300 | train=0.003453 | val=0.003460 | best=0.003460@16 | patience=0/30 | time=4.09s *
[2026-04-27 02:42:29] epoch   17/300 | train=0.003281 | val=0.003345 | best=0.003345@17 | patience=0/30 | time=4.05s *
[2026-04-27 02:42:33] epoch   18/300 | train=0.003225 | val=0.003373 | best=0.003345@17 | patience=1/30 | time=4.32s
[2026-04-27 02:42:38] epoch   19/300 | train=0.003131 | val=0.003197 | best=0.003197@19 | patience=0/30 | time=4.18s *
[2026-04-27 02:42:42] epoch   20/300 | train=0.002984 | val=0.003297 | best=0.003197@19 | patience=1/30 | time=4.08s
[2026-04-27 02:42:47] epoch   21/300 | train=0.003005 | val=0.003075 | best=0.003075@21 | patience=0/30 | time=4.33s *
[2026-04-27 02:42:52] epoch   22/300 | train=0.002910 | val=0.003050 | best=0.003050@22 | patience=0/30 | time=4.10s *
[2026-04-27 02:42:56] epoch   23/300 | train=0.002823 | val=0.003207 | best=0.003050@22 | patience=1/30 | time=4.05s
[2026-04-27 02:43:01] epoch   24/300 | train=0.002784 | val=0.002932 | best=0.002932@24 | patience=0/30 | time=4.33s *
[2026-04-27 02:43:05] epoch   25/300 | train=0.002751 | val=0.002982 | best=0.002932@24 | patience=1/30 | time=4.18s
[2026-04-27 02:43:10] epoch   26/300 | train=0.002707 | val=0.002949 | best=0.002932@24 | patience=2/30 | time=4.08s
[2026-04-27 02:43:14] epoch   27/300 | train=0.002643 | val=0.002674 | best=0.002674@27 | patience=0/30 | time=4.09s *
[2026-04-27 02:43:19] epoch   28/300 | train=0.002529 | val=0.002776 | best=0.002674@27 | patience=1/30 | time=4.30s
[2026-04-27 02:43:23] epoch   29/300 | train=0.002573 | val=0.002695 | best=0.002674@27 | patience=2/30 | time=4.10s
[2026-04-27 02:43:28] epoch   30/300 | train=0.002511 | val=0.002652 | best=0.002652@30 | patience=0/30 | time=4.05s *
[2026-04-27 02:43:32] epoch   31/300 | train=0.002502 | val=0.002752 | best=0.002652@30 | patience=1/30 | time=4.05s
[2026-04-27 02:43:37] epoch   32/300 | train=0.002499 | val=0.002588 | best=0.002588@32 | patience=0/30 | time=4.19s *
[2026-04-27 02:43:41] epoch   33/300 | train=0.002463 | val=0.002652 | best=0.002588@32 | patience=1/30 | time=4.09s
[2026-04-27 02:43:46] epoch   34/300 | train=0.002456 | val=0.002604 | best=0.002588@32 | patience=2/30 | time=4.30s
[2026-04-27 02:43:50] epoch   35/300 | train=0.002356 | val=0.002594 | best=0.002588@32 | patience=3/30 | time=4.08s
[2026-04-27 02:43:54] epoch   36/300 | train=0.002336 | val=0.002643 | best=0.002588@32 | patience=4/30 | time=4.05s
[2026-04-27 02:43:59] epoch   37/300 | train=0.002355 | val=0.002462 | best=0.002462@37 | patience=0/30 | time=4.27s *
[2026-04-27 02:44:03] epoch   38/300 | train=0.002254 | val=0.002570 | best=0.002462@37 | patience=1/30 | time=4.18s
[2026-04-27 02:44:08] epoch   39/300 | train=0.002250 | val=0.002549 | best=0.002462@37 | patience=2/30 | time=4.08s
[2026-04-27 02:44:13] epoch   40/300 | train=0.002223 | val=0.002430 | best=0.002430@40 | patience=0/30 | time=4.09s *
[2026-04-27 02:44:17] epoch   41/300 | train=0.002195 | val=0.002485 | best=0.002430@40 | patience=1/30 | time=4.30s
[2026-04-27 02:44:21] epoch   42/300 | train=0.002230 | val=0.002437 | best=0.002430@40 | patience=2/30 | time=4.10s
[2026-04-27 02:44:26] epoch   43/300 | train=0.002215 | val=0.002450 | best=0.002430@40 | patience=3/30 | time=4.05s
[2026-04-27 02:44:30] epoch   44/300 | train=0.002173 | val=0.002435 | best=0.002430@40 | patience=4/30 | time=4.27s
[2026-04-27 02:44:34] epoch   45/300 | train=0.002162 | val=0.002939 | best=0.002430@40 | patience=5/30 | time=4.18s
[2026-04-27 02:44:39] epoch   46/300 | train=0.002153 | val=0.002391 | best=0.002391@46 | patience=0/30 | time=4.08s *
[2026-04-27 02:44:43] epoch   47/300 | train=0.002134 | val=0.002391 | best=0.002391@46 | patience=1/30 | time=4.09s
[2026-04-27 02:44:48] epoch   48/300 | train=0.002112 | val=0.002324 | best=0.002324@48 | patience=0/30 | time=4.36s *
[2026-04-27 02:44:53] epoch   49/300 | train=0.002093 | val=0.002314 | best=0.002314@49 | patience=0/30 | time=4.07s *
[2026-04-27 02:44:57] epoch   50/300 | train=0.002115 | val=0.002321 | best=0.002314@49 | patience=1/30 | time=4.34s
[2026-04-27 02:44:58]   pruned at epoch 50
[2026-04-27 02:44:58] Training done: stop_reason=pruned, total_epochs=50, best_epoch=49, best_val=0.002314
[2026-04-27 02:44:58] Reloading best checkpoint (epoch 49) for evaluation
[2026-04-27 02:45:06] ------------------------------------------------------------
[2026-04-27 02:45:06] Evaluation:
[2026-04-27 02:45:06]   AUC broken_lcfs         : 0.5335
[2026-04-27 02:45:06]   AUC bad_black_core      : 0.9967
[2026-04-27 02:45:06]   AUC bad_nonconverged    : 0.9966
[2026-04-27 02:45:06]   objective      : 0.8114
[2026-04-27 02:45:06]   floor_ok       : True
[2026-04-27 02:45:06]   threshold      : 0.0484
[2026-04-27 02:45:06]   mu / sigma     : 0.00207249 / 0.000580808
[2026-04-27 02:45:06] Train time=307.6s, eval time=7.8s
