[2026-04-27 04:03:56] ============================================================
[2026-04-27 04:03:56] Trial 76 starting on cuda:0
[2026-04-27 04:03:56] Timestamp: 2026-04-27T04:03:56.270782
[2026-04-27 04:03:56] --- Config summary ---
  bottleneck_dim  : 177
  n_enc_layers    : 5
  n_dec_layers    : 2
  base_channels   : 60
  growth_factor   : 1.5278638502081139
  use_batchnorm   : True
  use_hpf         : True
  hpf_sigma       : 1.0181935734768826
  lr              : 0.0010908722001631743
  batch_size      : 16
  max_epochs      : 300
  patience        : 30
  seed            : 42
  deterministic   : False
  trial_num       : 76
[2026-04-27 04:03:56] Loading train/val/selection splits...
[2026-04-27 04:04:55] Splits loaded in 59.5s: n_train=722, n_val=120, n_selection=405
[2026-04-27 04:04:56] --- Architecture summary ---
  channels per enc layer : [60, 92, 140, 214, 327]
  final spatial size     : 8x8
  flat size before latent: 20928
  bottleneck_dim         : 177
  total parameters       : 12,189,661
[2026-04-27 04:04:56] Starting training: n_train=722, n_val=120, device=cuda:0
[2026-04-27 04:06:34] epoch    1/300 | train=0.003528 | val=0.002846 | best=0.002846@1 | patience=0/30 | time=97.96s *
[2026-04-27 04:06:39] epoch    2/300 | train=0.002751 | val=0.002694 | best=0.002694@2 | patience=0/30 | time=4.31s *
[2026-04-27 04:06:43] epoch    3/300 | train=0.002538 | val=0.002533 | best=0.002533@3 | patience=0/30 | time=4.19s *
[2026-04-27 04:06:48] epoch    4/300 | train=0.002469 | val=0.002490 | best=0.002490@4 | patience=0/30 | time=4.20s *
[2026-04-27 04:06:53] epoch    5/300 | train=0.002330 | val=0.002212 | best=0.002212@5 | patience=0/30 | time=4.42s *
[2026-04-27 04:06:57] epoch    6/300 | train=0.002055 | val=0.002048 | best=0.002048@6 | patience=0/30 | time=4.22s *
[2026-04-27 04:07:02] epoch    7/300 | train=0.001852 | val=0.001819 | best=0.001819@7 | patience=0/30 | time=4.18s *
[2026-04-27 04:07:07] epoch    8/300 | train=0.001660 | val=0.001761 | best=0.001761@8 | patience=0/30 | time=4.39s *
[2026-04-27 04:07:11] epoch    9/300 | train=0.001507 | val=0.001417 | best=0.001417@9 | patience=0/30 | time=4.31s *
[2026-04-27 04:07:16] epoch   10/300 | train=0.001378 | val=0.001390 | best=0.001390@10 | patience=0/30 | time=4.20s *
[2026-04-27 04:07:20] epoch   11/300 | train=0.001351 | val=0.001351 | best=0.001351@11 | patience=0/30 | time=4.20s *
[2026-04-27 04:07:25] epoch   12/300 | train=0.001310 | val=0.001328 | best=0.001328@12 | patience=0/30 | time=4.41s *
[2026-04-27 04:07:29] epoch   13/300 | train=0.001294 | val=0.001291 | best=0.001291@13 | patience=0/30 | time=4.21s *
[2026-04-27 04:07:34] epoch   14/300 | train=0.001282 | val=0.001269 | best=0.001269@14 | patience=0/30 | time=4.16s *
[2026-04-27 04:07:38] epoch   15/300 | train=0.001267 | val=0.001276 | best=0.001269@14 | patience=1/30 | time=4.43s
[2026-04-27 04:07:43] epoch   16/300 | train=0.001273 | val=0.001254 | best=0.001254@16 | patience=0/30 | time=4.29s *
[2026-04-27 04:07:47] epoch   17/300 | train=0.001249 | val=0.001287 | best=0.001254@16 | patience=1/30 | time=4.18s
[2026-04-27 04:07:52] epoch   18/300 | train=0.001254 | val=0.001290 | best=0.001254@16 | patience=2/30 | time=4.20s
[2026-04-27 04:07:56] epoch   19/300 | train=0.001241 | val=0.001234 | best=0.001234@19 | patience=0/30 | time=4.40s *
[2026-04-27 04:08:01] epoch   20/300 | train=0.001234 | val=0.001297 | best=0.001234@19 | patience=1/30 | time=4.21s
[2026-04-27 04:08:05] epoch   21/300 | train=0.001258 | val=0.001236 | best=0.001234@19 | patience=2/30 | time=4.16s
[2026-04-27 04:08:09] epoch   22/300 | train=0.001231 | val=0.001238 | best=0.001234@19 | patience=3/30 | time=4.42s
[2026-04-27 04:08:14] epoch   23/300 | train=0.001226 | val=0.001315 | best=0.001234@19 | patience=4/30 | time=4.26s
[2026-04-27 04:08:18] epoch   24/300 | train=0.001238 | val=0.001321 | best=0.001234@19 | patience=5/30 | time=4.18s
[2026-04-27 04:08:22] epoch   25/300 | train=0.001231 | val=0.001243 | best=0.001234@19 | patience=6/30 | time=4.18s
[2026-04-27 04:08:27] epoch   26/300 | train=0.001215 | val=0.001592 | best=0.001234@19 | patience=7/30 | time=4.41s
[2026-04-27 04:08:31] epoch   27/300 | train=0.001290 | val=0.001253 | best=0.001234@19 | patience=8/30 | time=4.21s
[2026-04-27 04:08:35] epoch   28/300 | train=0.001224 | val=0.001305 | best=0.001234@19 | patience=9/30 | time=4.17s
[2026-04-27 04:08:40] epoch   29/300 | train=0.001219 | val=0.001356 | best=0.001234@19 | patience=10/30 | time=4.38s
[2026-04-27 04:08:44] epoch   30/300 | train=0.001203 | val=0.001259 | best=0.001234@19 | patience=11/30 | time=4.28s
[2026-04-27 04:08:48] epoch   31/300 | train=0.001199 | val=0.001255 | best=0.001234@19 | patience=12/30 | time=4.19s
[2026-04-27 04:08:53] epoch   32/300 | train=0.001195 | val=0.001237 | best=0.001234@19 | patience=13/30 | time=4.15s
[2026-04-27 04:08:57] epoch   33/300 | train=0.001195 | val=0.001211 | best=0.001211@33 | patience=0/30 | time=4.16s *
[2026-04-27 04:09:02] epoch   34/300 | train=0.001191 | val=0.001605 | best=0.001211@33 | patience=1/30 | time=4.16s
[2026-04-27 04:09:06] epoch   35/300 | train=0.001191 | val=0.001318 | best=0.001211@33 | patience=2/30 | time=4.20s
[2026-04-27 04:09:10] epoch   36/300 | train=0.001183 | val=0.001196 | best=0.001196@36 | patience=0/30 | time=4.16s *
[2026-04-27 04:09:15] epoch   37/300 | train=0.001177 | val=0.001339 | best=0.001196@36 | patience=1/30 | time=4.37s
[2026-04-27 04:09:19] epoch   38/300 | train=0.001167 | val=0.003316 | best=0.001196@36 | patience=2/30 | time=4.30s
[2026-04-27 04:09:24] epoch   39/300 | train=0.001278 | val=0.001267 | best=0.001196@36 | patience=3/30 | time=4.18s
[2026-04-27 04:09:28] epoch   40/300 | train=0.001185 | val=0.001348 | best=0.001196@36 | patience=4/30 | time=4.19s
[2026-04-27 04:09:32] epoch   41/300 | train=0.001160 | val=0.002232 | best=0.001196@36 | patience=5/30 | time=4.41s
[2026-04-27 04:09:37] epoch   42/300 | train=0.001159 | val=0.001302 | best=0.001196@36 | patience=6/30 | time=4.21s
[2026-04-27 04:09:41] epoch   43/300 | train=0.001149 | val=0.001256 | best=0.001196@36 | patience=7/30 | time=4.16s
[2026-04-27 04:09:45] epoch   44/300 | train=0.001142 | val=0.001367 | best=0.001196@36 | patience=8/30 | time=4.38s
[2026-04-27 04:09:50] epoch   45/300 | train=0.001128 | val=0.001352 | best=0.001196@36 | patience=9/30 | time=4.28s
[2026-04-27 04:09:54] epoch   46/300 | train=0.001124 | val=0.001152 | best=0.001152@46 | patience=0/30 | time=4.18s *
[2026-04-27 04:09:59] epoch   47/300 | train=0.001113 | val=0.001308 | best=0.001152@46 | patience=1/30 | time=4.19s
[2026-04-27 04:10:03] epoch   48/300 | train=0.001111 | val=0.001142 | best=0.001142@48 | patience=0/30 | time=4.40s *
[2026-04-27 04:10:08] epoch   49/300 | train=0.001103 | val=0.001135 | best=0.001135@49 | patience=0/30 | time=4.20s *
[2026-04-27 04:10:12] epoch   50/300 | train=0.001093 | val=0.001437 | best=0.001135@49 | patience=1/30 | time=4.16s
[2026-04-27 04:10:17] epoch   51/300 | train=0.001084 | val=0.001222 | best=0.001135@49 | patience=2/30 | time=4.39s
[2026-04-27 04:10:21] epoch   52/300 | train=0.001080 | val=0.001135 | best=0.001135@49 | patience=3/30 | time=4.27s
[2026-04-27 04:10:25] epoch   53/300 | train=0.001073 | val=0.001313 | best=0.001135@49 | patience=4/30 | time=4.19s
[2026-04-27 04:10:30] epoch   54/300 | train=0.001072 | val=0.001115 | best=0.001115@54 | patience=0/30 | time=4.20s *
[2026-04-27 04:10:34] epoch   55/300 | train=0.001062 | val=0.001271 | best=0.001115@54 | patience=1/30 | time=4.41s
[2026-04-27 04:10:38] epoch   56/300 | train=0.001044 | val=0.001216 | best=0.001115@54 | patience=2/30 | time=4.19s
[2026-04-27 04:10:43] epoch   57/300 | train=0.001042 | val=0.001200 | best=0.001115@54 | patience=3/30 | time=4.16s
[2026-04-27 04:10:48] epoch   58/300 | train=0.001045 | val=0.001073 | best=0.001073@58 | patience=0/30 | time=4.40s *
[2026-04-27 04:10:52] epoch   59/300 | train=0.001020 | val=0.001106 | best=0.001073@58 | patience=1/30 | time=4.27s
[2026-04-27 04:10:56] epoch   60/300 | train=0.001034 | val=0.001039 | best=0.001039@60 | patience=0/30 | time=4.20s *
[2026-04-27 04:11:01] epoch   61/300 | train=0.001010 | val=0.001154 | best=0.001039@60 | patience=1/30 | time=4.21s
[2026-04-27 04:11:05] epoch   62/300 | train=0.001010 | val=0.001112 | best=0.001039@60 | patience=2/30 | time=4.41s
[2026-04-27 04:11:10] epoch   63/300 | train=0.000992 | val=0.001042 | best=0.001039@60 | patience=3/30 | time=4.22s
[2026-04-27 04:11:14] epoch   64/300 | train=0.000978 | val=0.001160 | best=0.001039@60 | patience=4/30 | time=4.18s
[2026-04-27 04:11:18] epoch   65/300 | train=0.000973 | val=0.001134 | best=0.001039@60 | patience=5/30 | time=4.39s
[2026-04-27 04:11:23] epoch   66/300 | train=0.000964 | val=0.001131 | best=0.001039@60 | patience=6/30 | time=4.28s
[2026-04-27 04:11:27] epoch   67/300 | train=0.000953 | val=0.000977 | best=0.000977@67 | patience=0/30 | time=4.17s *
[2026-04-27 04:11:31] epoch   68/300 | train=0.000946 | val=0.001072 | best=0.000977@67 | patience=1/30 | time=4.20s
[2026-04-27 04:11:36] epoch   69/300 | train=0.000936 | val=0.001041 | best=0.000977@67 | patience=2/30 | time=4.17s
[2026-04-27 04:11:40] epoch   70/300 | train=0.000939 | val=0.000983 | best=0.000977@67 | patience=3/30 | time=4.42s
[2026-04-27 04:11:45] epoch   71/300 | train=0.000938 | val=0.001051 | best=0.000977@67 | patience=4/30 | time=4.21s
[2026-04-27 04:11:49] epoch   72/300 | train=0.000913 | val=0.001002 | best=0.000977@67 | patience=5/30 | time=4.17s
[2026-04-27 04:11:53] epoch   73/300 | train=0.000907 | val=0.001035 | best=0.000977@67 | patience=6/30 | time=4.45s
[2026-04-27 04:11:58] epoch   74/300 | train=0.000906 | val=0.000962 | best=0.000962@74 | patience=0/30 | time=4.31s *
[2026-04-27 04:12:03] epoch   75/300 | train=0.000892 | val=0.000947 | best=0.000947@75 | patience=0/30 | time=4.19s *
[2026-04-27 04:12:07] epoch   76/300 | train=0.000896 | val=0.000951 | best=0.000947@75 | patience=1/30 | time=4.20s
[2026-04-27 04:12:12] epoch   77/300 | train=0.000883 | val=0.000937 | best=0.000937@77 | patience=0/30 | time=4.41s *
[2026-04-27 04:12:16] epoch   78/300 | train=0.000873 | val=0.001055 | best=0.000937@77 | patience=1/30 | time=4.21s
[2026-04-27 04:12:20] epoch   79/300 | train=0.000879 | val=0.000961 | best=0.000937@77 | patience=2/30 | time=4.17s
[2026-04-27 04:12:25] epoch   80/300 | train=0.000854 | val=0.001024 | best=0.000937@77 | patience=3/30 | time=4.40s
[2026-04-27 04:12:29] epoch   81/300 | train=0.000863 | val=0.000930 | best=0.000930@81 | patience=0/30 | time=4.31s *
[2026-04-27 04:12:34] epoch   82/300 | train=0.000857 | val=0.000992 | best=0.000930@81 | patience=1/30 | time=4.20s
[2026-04-27 04:12:38] epoch   83/300 | train=0.000847 | val=0.001644 | best=0.000930@81 | patience=2/30 | time=4.20s
[2026-04-27 04:12:43] epoch   84/300 | train=0.001049 | val=0.001009 | best=0.000930@81 | patience=3/30 | time=4.41s
[2026-04-27 04:12:47] epoch   85/300 | train=0.000932 | val=0.000959 | best=0.000930@81 | patience=4/30 | time=4.21s
[2026-04-27 04:12:51] epoch   86/300 | train=0.000877 | val=0.000957 | best=0.000930@81 | patience=5/30 | time=4.17s
[2026-04-27 04:12:56] epoch   87/300 | train=0.000856 | val=0.000962 | best=0.000930@81 | patience=6/30 | time=4.44s
[2026-04-27 04:13:00] epoch   88/300 | train=0.000856 | val=0.000930 | best=0.000930@81 | patience=7/30 | time=4.28s
[2026-04-27 04:13:05] epoch   89/300 | train=0.000827 | val=0.000916 | best=0.000916@89 | patience=0/30 | time=4.19s *
[2026-04-27 04:13:09] epoch   90/300 | train=0.000834 | val=0.000907 | best=0.000907@90 | patience=0/30 | time=4.21s *
[2026-04-27 04:13:14] epoch   91/300 | train=0.000817 | val=0.000943 | best=0.000907@90 | patience=1/30 | time=4.40s
[2026-04-27 04:13:18] epoch   92/300 | train=0.000813 | val=0.000993 | best=0.000907@90 | patience=2/30 | time=4.20s
[2026-04-27 04:13:22] epoch   93/300 | train=0.000819 | val=0.000887 | best=0.000887@93 | patience=0/30 | time=4.17s *
[2026-04-27 04:13:27] epoch   94/300 | train=0.000799 | val=0.000930 | best=0.000887@93 | patience=1/30 | time=4.37s
[2026-04-27 04:13:31] epoch   95/300 | train=0.000794 | val=0.000888 | best=0.000887@93 | patience=2/30 | time=4.27s
[2026-04-27 04:13:36] epoch   96/300 | train=0.000805 | val=0.000897 | best=0.000887@93 | patience=3/30 | time=4.19s
[2026-04-27 04:13:40] epoch   97/300 | train=0.000781 | val=0.000874 | best=0.000874@97 | patience=0/30 | time=4.19s *
[2026-04-27 04:13:45] epoch   98/300 | train=0.000770 | val=0.000870 | best=0.000870@98 | patience=0/30 | time=4.41s *
[2026-04-27 04:13:49] epoch   99/300 | train=0.000768 | val=0.000863 | best=0.000863@99 | patience=0/30 | time=4.19s *
[2026-04-27 04:13:54] epoch  100/300 | train=0.000759 | val=0.000889 | best=0.000863@99 | patience=1/30 | time=4.16s
[2026-04-27 04:13:58] epoch  101/300 | train=0.000753 | val=0.000886 | best=0.000863@99 | patience=2/30 | time=4.38s
[2026-04-27 04:14:03] epoch  102/300 | train=0.000761 | val=0.000853 | best=0.000853@102 | patience=0/30 | time=4.27s *
[2026-04-27 04:14:07] epoch  103/300 | train=0.000743 | val=0.000894 | best=0.000853@102 | patience=1/30 | time=4.19s
[2026-04-27 04:14:11] epoch  104/300 | train=0.000759 | val=0.000888 | best=0.000853@102 | patience=2/30 | time=4.20s
[2026-04-27 04:14:16] epoch  105/300 | train=0.000737 | val=0.000851 | best=0.000851@105 | patience=0/30 | time=4.46s *
[2026-04-27 04:14:20] epoch  106/300 | train=0.000722 | val=0.000866 | best=0.000851@105 | patience=1/30 | time=4.21s
[2026-04-27 04:14:25] epoch  107/300 | train=0.000737 | val=0.000869 | best=0.000851@105 | patience=2/30 | time=4.17s
[2026-04-27 04:14:29] epoch  108/300 | train=0.000731 | val=0.000867 | best=0.000851@105 | patience=3/30 | time=4.38s
[2026-04-27 04:14:33] epoch  109/300 | train=0.000722 | val=0.000921 | best=0.000851@105 | patience=4/30 | time=4.27s
[2026-04-27 04:14:38] epoch  110/300 | train=0.000719 | val=0.000850 | best=0.000851@105 | patience=5/30 | time=4.18s
[2026-04-27 04:14:42] epoch  111/300 | train=0.000703 | val=0.000883 | best=0.000851@105 | patience=6/30 | time=4.20s
[2026-04-27 04:14:46] epoch  112/300 | train=0.000700 | val=0.000856 | best=0.000851@105 | patience=7/30 | time=4.16s
[2026-04-27 04:14:51] epoch  113/300 | train=0.000706 | val=0.000842 | best=0.000842@113 | patience=0/30 | time=4.16s *
[2026-04-27 04:14:55] epoch  114/300 | train=0.000698 | val=0.000843 | best=0.000842@113 | patience=1/30 | time=4.17s
[2026-04-27 04:15:00] epoch  115/300 | train=0.000681 | val=0.000852 | best=0.000842@113 | patience=2/30 | time=4.17s
[2026-04-27 04:15:04] epoch  116/300 | train=0.000679 | val=0.000837 | best=0.000837@116 | patience=0/30 | time=4.38s *
[2026-04-27 04:15:09] epoch  117/300 | train=0.000670 | val=0.000847 | best=0.000837@116 | patience=1/30 | time=4.27s
[2026-04-27 04:15:13] epoch  118/300 | train=0.000668 | val=0.000865 | best=0.000837@116 | patience=2/30 | time=4.19s
[2026-04-27 04:15:17] epoch  119/300 | train=0.000667 | val=0.000877 | best=0.000837@116 | patience=3/30 | time=4.20s
[2026-04-27 04:15:22] epoch  120/300 | train=0.000669 | val=0.000850 | best=0.000837@116 | patience=4/30 | time=4.40s
[2026-04-27 04:15:26] epoch  121/300 | train=0.000676 | val=0.000850 | best=0.000837@116 | patience=5/30 | time=4.21s
[2026-04-27 04:15:30] epoch  122/300 | train=0.000657 | val=0.000844 | best=0.000837@116 | patience=6/30 | time=4.16s
[2026-04-27 04:15:35] epoch  123/300 | train=0.000660 | val=0.000846 | best=0.000837@116 | patience=7/30 | time=4.38s
[2026-04-27 04:15:39] epoch  124/300 | train=0.000644 | val=0.000852 | best=0.000837@116 | patience=8/30 | time=4.27s
[2026-04-27 04:15:44] epoch  125/300 | train=0.000645 | val=0.000854 | best=0.000837@116 | patience=9/30 | time=4.18s
[2026-04-27 04:15:48] epoch  126/300 | train=0.000642 | val=0.000860 | best=0.000837@116 | patience=10/30 | time=4.20s
[2026-04-27 04:15:52] epoch  127/300 | train=0.000631 | val=0.000837 | best=0.000837@116 | patience=11/30 | time=4.46s
[2026-04-27 04:15:57] epoch  128/300 | train=0.000622 | val=0.000930 | best=0.000837@116 | patience=12/30 | time=4.20s
[2026-04-27 04:16:01] epoch  129/300 | train=0.000658 | val=0.000875 | best=0.000837@116 | patience=13/30 | time=4.16s
[2026-04-27 04:16:06] epoch  130/300 | train=0.000654 | val=0.000858 | best=0.000837@116 | patience=14/30 | time=4.37s
[2026-04-27 04:16:11] epoch  131/300 | train=0.000627 | val=0.000835 | best=0.000835@131 | patience=0/30 | time=4.26s *
[2026-04-27 04:16:15] epoch  132/300 | train=0.000616 | val=0.000844 | best=0.000835@131 | patience=1/30 | time=4.18s
[2026-04-27 04:16:20] epoch  133/300 | train=0.000606 | val=0.000832 | best=0.000832@133 | patience=0/30 | time=4.20s *
[2026-04-27 04:16:24] epoch  134/300 | train=0.000601 | val=0.000830 | best=0.000830@134 | patience=0/30 | time=4.41s *
[2026-04-27 04:16:29] epoch  135/300 | train=0.000597 | val=0.000845 | best=0.000830@134 | patience=1/30 | time=4.20s
[2026-04-27 04:16:33] epoch  136/300 | train=0.000595 | val=0.000849 | best=0.000830@134 | patience=2/30 | time=4.16s
[2026-04-27 04:16:37] epoch  137/300 | train=0.000590 | val=0.000862 | best=0.000830@134 | patience=3/30 | time=4.37s
[2026-04-27 04:16:42] epoch  138/300 | train=0.000575 | val=0.000895 | best=0.000830@134 | patience=4/30 | time=4.26s
[2026-04-27 04:16:46] epoch  139/300 | train=0.000577 | val=0.000840 | best=0.000830@134 | patience=5/30 | time=4.18s
[2026-04-27 04:16:50] epoch  140/300 | train=0.000578 | val=0.000843 | best=0.000830@134 | patience=6/30 | time=4.19s
[2026-04-27 04:16:55] epoch  141/300 | train=0.000572 | val=0.000853 | best=0.000830@134 | patience=7/30 | time=4.40s
[2026-04-27 04:16:59] epoch  142/300 | train=0.000584 | val=0.000897 | best=0.000830@134 | patience=8/30 | time=4.20s
[2026-04-27 04:17:04] epoch  143/300 | train=0.000589 | val=0.000846 | best=0.000830@134 | patience=9/30 | time=4.16s
[2026-04-27 04:17:08] epoch  144/300 | train=0.000563 | val=0.000855 | best=0.000830@134 | patience=10/30 | time=4.38s
[2026-04-27 04:17:12] epoch  145/300 | train=0.000551 | val=0.000839 | best=0.000830@134 | patience=11/30 | time=4.27s
[2026-04-27 04:17:17] epoch  146/300 | train=0.000544 | val=0.000868 | best=0.000830@134 | patience=12/30 | time=4.18s
[2026-04-27 04:17:21] epoch  147/300 | train=0.000570 | val=0.000849 | best=0.000830@134 | patience=13/30 | time=4.18s
[2026-04-27 04:17:25] epoch  148/300 | train=0.000555 | val=0.000843 | best=0.000830@134 | patience=14/30 | time=4.40s
[2026-04-27 04:17:30] epoch  149/300 | train=0.000547 | val=0.000850 | best=0.000830@134 | patience=15/30 | time=4.19s
[2026-04-27 04:17:34] epoch  150/300 | train=0.000528 | val=0.000877 | best=0.000830@134 | patience=16/30 | time=4.16s
[2026-04-27 04:17:39] epoch  151/300 | train=0.000530 | val=0.000873 | best=0.000830@134 | patience=17/30 | time=4.43s
[2026-04-27 04:17:43] epoch  152/300 | train=0.000542 | val=0.000858 | best=0.000830@134 | patience=18/30 | time=4.29s
[2026-04-27 04:17:47] epoch  153/300 | train=0.000514 | val=0.000863 | best=0.000830@134 | patience=19/30 | time=4.19s
[2026-04-27 04:17:52] epoch  154/300 | train=0.000506 | val=0.000851 | best=0.000830@134 | patience=20/30 | time=4.20s
[2026-04-27 04:17:56] epoch  155/300 | train=0.000502 | val=0.000854 | best=0.000830@134 | patience=21/30 | time=4.46s
[2026-04-27 04:18:01] epoch  156/300 | train=0.000496 | val=0.000846 | best=0.000830@134 | patience=22/30 | time=4.22s
[2026-04-27 04:18:05] epoch  157/300 | train=0.000503 | val=0.000848 | best=0.000830@134 | patience=23/30 | time=4.16s
[2026-04-27 04:18:09] epoch  158/300 | train=0.000496 | val=0.000836 | best=0.000830@134 | patience=24/30 | time=4.16s
[2026-04-27 04:18:14] epoch  159/300 | train=0.000488 | val=0.000868 | best=0.000830@134 | patience=25/30 | time=4.16s
[2026-04-27 04:18:18] epoch  160/300 | train=0.000496 | val=0.000879 | best=0.000830@134 | patience=26/30 | time=4.27s
[2026-04-27 04:18:22] epoch  161/300 | train=0.000490 | val=0.000865 | best=0.000830@134 | patience=27/30 | time=4.18s
[2026-04-27 04:18:27] epoch  162/300 | train=0.000483 | val=0.000866 | best=0.000830@134 | patience=28/30 | time=4.18s
[2026-04-27 04:18:31] epoch  163/300 | train=0.000484 | val=0.000859 | best=0.000830@134 | patience=29/30 | time=4.41s
[2026-04-27 04:18:35] epoch  164/300 | train=0.000478 | val=0.000870 | best=0.000830@134 | patience=30/30 | time=4.19s
[2026-04-27 04:18:36]   early stopping at epoch 164 (no improvement for 30 epochs)
[2026-04-27 04:18:36] Training done: stop_reason=early_stop, total_epochs=164, best_epoch=134, best_val=0.000830
[2026-04-27 04:18:36] Reloading best checkpoint (epoch 134) for evaluation
[2026-04-27 04:18:44] ------------------------------------------------------------
[2026-04-27 04:18:44] Evaluation:
[2026-04-27 04:18:44]   AUC broken_lcfs         : 0.5984
[2026-04-27 04:18:44]   AUC bad_black_core      : 0.9955
[2026-04-27 04:18:44]   AUC bad_nonconverged    : 0.9973
[2026-04-27 04:18:44]   objective      : 0.8372
[2026-04-27 04:18:44]   floor_ok       : True
[2026-04-27 04:18:44]   threshold      : 0.1054
[2026-04-27 04:18:44]   mu / sigma     : 0.000583632 / 0.000160964
[2026-04-27 04:18:44] Train time=819.9s, eval time=7.8s
