[2026-04-27 01:37:22] ============================================================
[2026-04-27 01:37:22] Trial 28 starting on cuda:0
[2026-04-27 01:37:22] Timestamp: 2026-04-27T01:37:22.392185
[2026-04-27 01:37:22] --- Config summary ---
  bottleneck_dim  : 63
  n_enc_layers    : 2
  n_dec_layers    : 2
  base_channels   : 32
  growth_factor   : 2.3299336244611
  use_batchnorm   : True
  use_hpf         : True
  hpf_sigma       : 2.493962056396722
  lr              : 0.0019278311039885884
  batch_size      : 40
  max_epochs      : 300
  patience        : 30
  seed            : 42
  deterministic   : False
  trial_num       : 28
[2026-04-27 01:37:22] Loading train/val/selection splits...
[2026-04-27 01:37:30] Splits loaded in 8.4s: n_train=722, n_val=120, n_selection=405
[2026-04-27 01:37:30] --- Architecture summary ---
  channels per enc layer : [32, 75]
  final spatial size     : 64x64
  flat size before latent: 307200
  bottleneck_dim         : 63
  total parameters       : 39,169,413
[2026-04-27 01:37:30] Starting training: n_train=722, n_val=120, device=cuda:0
[2026-04-27 01:38:42] epoch    1/300 | train=0.006402 | val=0.005549 | best=0.005549@1 | patience=0/30 | time=71.03s *
[2026-04-27 01:38:44] epoch    2/300 | train=0.003728 | val=0.005338 | best=0.005338@2 | patience=0/30 | time=1.81s *
[2026-04-27 01:38:45] epoch    3/300 | train=0.003469 | val=0.004986 | best=0.004986@3 | patience=0/30 | time=1.81s *
[2026-04-27 01:38:47] epoch    4/300 | train=0.003369 | val=0.004054 | best=0.004054@4 | patience=0/30 | time=1.83s *
[2026-04-27 01:38:49] epoch    5/300 | train=0.003194 | val=0.003159 | best=0.003159@5 | patience=0/30 | time=1.81s *
[2026-04-27 01:38:51] epoch    6/300 | train=0.003128 | val=0.004097 | best=0.003159@5 | patience=1/30 | time=1.83s
[2026-04-27 01:38:53] epoch    7/300 | train=0.003284 | val=0.003243 | best=0.003159@5 | patience=2/30 | time=1.83s
[2026-04-27 01:38:55] epoch    8/300 | train=0.003132 | val=0.003546 | best=0.003159@5 | patience=3/30 | time=1.81s
[2026-04-27 01:38:57] epoch    9/300 | train=0.003076 | val=0.002993 | best=0.002993@9 | patience=0/30 | time=1.86s *
[2026-04-27 01:38:59] epoch   10/300 | train=0.002988 | val=0.003117 | best=0.002993@9 | patience=1/30 | time=1.81s
[2026-04-27 01:39:01] epoch   11/300 | train=0.003004 | val=0.003037 | best=0.002993@9 | patience=2/30 | time=1.84s
[2026-04-27 01:39:03] epoch   12/300 | train=0.003014 | val=0.003069 | best=0.002993@9 | patience=3/30 | time=1.82s
[2026-04-27 01:39:04] epoch   13/300 | train=0.002998 | val=0.002971 | best=0.002971@13 | patience=0/30 | time=1.82s *
[2026-04-27 01:39:06] epoch   14/300 | train=0.002944 | val=0.002950 | best=0.002950@14 | patience=0/30 | time=1.81s *
[2026-04-27 01:39:08] epoch   15/300 | train=0.002924 | val=0.002889 | best=0.002889@15 | patience=0/30 | time=1.86s *
[2026-04-27 01:39:10] epoch   16/300 | train=0.002938 | val=0.002931 | best=0.002889@15 | patience=1/30 | time=1.81s
[2026-04-27 01:39:12] epoch   17/300 | train=0.002873 | val=0.002909 | best=0.002889@15 | patience=2/30 | time=1.84s
[2026-04-27 01:39:14] epoch   18/300 | train=0.002907 | val=0.002936 | best=0.002889@15 | patience=3/30 | time=1.83s
[2026-04-27 01:39:16] epoch   19/300 | train=0.002889 | val=0.002877 | best=0.002877@19 | patience=0/30 | time=1.82s *
[2026-04-27 01:39:18] epoch   20/300 | train=0.002846 | val=0.003131 | best=0.002877@19 | patience=1/30 | time=1.83s
[2026-04-27 01:39:20] epoch   21/300 | train=0.002918 | val=0.003130 | best=0.002877@19 | patience=2/30 | time=1.82s
[2026-04-27 01:39:22] epoch   22/300 | train=0.002837 | val=0.002897 | best=0.002877@19 | patience=3/30 | time=1.86s
[2026-04-27 01:39:23] epoch   23/300 | train=0.002814 | val=0.003158 | best=0.002877@19 | patience=4/30 | time=1.81s
[2026-04-27 01:39:25] epoch   24/300 | train=0.002851 | val=0.002884 | best=0.002877@19 | patience=5/30 | time=1.84s
[2026-04-27 01:39:27] epoch   25/300 | train=0.002797 | val=0.002872 | best=0.002872@25 | patience=0/30 | time=1.81s *
[2026-04-27 01:39:29] epoch   26/300 | train=0.002780 | val=0.003034 | best=0.002872@25 | patience=1/30 | time=1.81s
[2026-04-27 01:39:31] epoch   27/300 | train=0.002766 | val=0.002743 | best=0.002743@27 | patience=0/30 | time=1.82s *
[2026-04-27 01:39:33] epoch   28/300 | train=0.002708 | val=0.002819 | best=0.002743@27 | patience=1/30 | time=1.86s
[2026-04-27 01:39:35] epoch   29/300 | train=0.002702 | val=0.002720 | best=0.002720@29 | patience=0/30 | time=1.82s *
[2026-04-27 01:39:37] epoch   30/300 | train=0.002642 | val=0.002738 | best=0.002720@29 | patience=1/30 | time=1.82s
[2026-04-27 01:39:39] epoch   31/300 | train=0.002600 | val=0.002698 | best=0.002698@31 | patience=0/30 | time=1.83s *
[2026-04-27 01:39:41] epoch   32/300 | train=0.002561 | val=0.002601 | best=0.002601@32 | patience=0/30 | time=1.82s *
[2026-04-27 01:39:43] epoch   33/300 | train=0.002518 | val=0.002571 | best=0.002571@33 | patience=0/30 | time=1.83s *
[2026-04-27 01:39:45] epoch   34/300 | train=0.002471 | val=0.002532 | best=0.002532@34 | patience=0/30 | time=1.82s *
[2026-04-27 01:39:47] epoch   35/300 | train=0.002437 | val=0.002480 | best=0.002480@35 | patience=0/30 | time=1.86s *
[2026-04-27 01:39:49] epoch   36/300 | train=0.002399 | val=0.002478 | best=0.002478@36 | patience=0/30 | time=1.81s *
[2026-04-27 01:39:51] epoch   37/300 | train=0.002354 | val=0.002371 | best=0.002371@37 | patience=0/30 | time=1.84s *
[2026-04-27 01:39:53] epoch   38/300 | train=0.002286 | val=0.003458 | best=0.002371@37 | patience=1/30 | time=1.82s
[2026-04-27 01:39:54] epoch   39/300 | train=0.002337 | val=0.002459 | best=0.002371@37 | patience=2/30 | time=1.82s
[2026-04-27 01:39:56] epoch   40/300 | train=0.002249 | val=0.002435 | best=0.002371@37 | patience=3/30 | time=1.86s
[2026-04-27 01:39:58] epoch   41/300 | train=0.002192 | val=0.002390 | best=0.002371@37 | patience=4/30 | time=1.81s
[2026-04-27 01:40:00] epoch   42/300 | train=0.002163 | val=0.002533 | best=0.002371@37 | patience=5/30 | time=1.84s
[2026-04-27 01:40:02] epoch   43/300 | train=0.002150 | val=0.002219 | best=0.002219@43 | patience=0/30 | time=1.82s *
[2026-04-27 01:40:04] epoch   44/300 | train=0.002070 | val=0.002277 | best=0.002219@43 | patience=1/30 | time=1.83s
[2026-04-27 01:40:06] epoch   45/300 | train=0.002045 | val=0.002960 | best=0.002219@43 | patience=2/30 | time=1.82s
[2026-04-27 01:40:08] epoch   46/300 | train=0.002083 | val=0.002120 | best=0.002120@46 | patience=0/30 | time=1.83s *
[2026-04-27 01:40:10] epoch   47/300 | train=0.001976 | val=0.002070 | best=0.002070@47 | patience=0/30 | time=1.82s *
[2026-04-27 01:40:12] epoch   48/300 | train=0.001962 | val=0.002277 | best=0.002070@47 | patience=1/30 | time=1.86s
[2026-04-27 01:40:14] epoch   49/300 | train=0.001957 | val=0.002014 | best=0.002014@49 | patience=0/30 | time=1.82s *
[2026-04-27 01:40:15] epoch   50/300 | train=0.001894 | val=0.002087 | best=0.002014@49 | patience=1/30 | time=1.82s
[2026-04-27 01:40:17] epoch   51/300 | train=0.001864 | val=0.002160 | best=0.002014@49 | patience=2/30 | time=1.82s
[2026-04-27 01:40:19] epoch   52/300 | train=0.001832 | val=0.002001 | best=0.002001@52 | patience=0/30 | time=1.81s *
[2026-04-27 01:40:21] epoch   53/300 | train=0.001777 | val=0.001933 | best=0.001933@53 | patience=0/30 | time=1.86s *
[2026-04-27 01:40:23] epoch   54/300 | train=0.001779 | val=0.001911 | best=0.001911@54 | patience=0/30 | time=1.81s *
[2026-04-27 01:40:25] epoch   55/300 | train=0.001734 | val=0.001940 | best=0.001911@54 | patience=1/30 | time=1.84s
[2026-04-27 01:40:27] epoch   56/300 | train=0.001705 | val=0.001876 | best=0.001876@56 | patience=0/30 | time=1.82s *
[2026-04-27 01:40:29] epoch   57/300 | train=0.001683 | val=0.001888 | best=0.001876@56 | patience=1/30 | time=1.83s
[2026-04-27 01:40:31] epoch   58/300 | train=0.001711 | val=0.001922 | best=0.001876@56 | patience=2/30 | time=1.81s
[2026-04-27 01:40:33] epoch   59/300 | train=0.001672 | val=0.001849 | best=0.001849@59 | patience=0/30 | time=1.83s *
[2026-04-27 01:40:35] epoch   60/300 | train=0.001627 | val=0.001841 | best=0.001841@60 | patience=0/30 | time=1.86s *
[2026-04-27 01:40:36] epoch   61/300 | train=0.001639 | val=0.002174 | best=0.001841@60 | patience=1/30 | time=1.81s
[2026-04-27 01:40:38] epoch   62/300 | train=0.001600 | val=0.001762 | best=0.001762@62 | patience=0/30 | time=1.84s *
[2026-04-27 01:40:40] epoch   63/300 | train=0.001553 | val=0.001809 | best=0.001762@62 | patience=1/30 | time=1.82s
[2026-04-27 01:40:42] epoch   64/300 | train=0.001538 | val=0.001809 | best=0.001762@62 | patience=2/30 | time=1.81s
[2026-04-27 01:40:44] epoch   65/300 | train=0.001531 | val=0.001761 | best=0.001762@62 | patience=3/30 | time=1.81s
[2026-04-27 01:40:46] epoch   66/300 | train=0.001500 | val=0.001840 | best=0.001762@62 | patience=4/30 | time=1.87s
[2026-04-27 01:40:48] epoch   67/300 | train=0.001484 | val=0.001773 | best=0.001762@62 | patience=5/30 | time=1.81s
[2026-04-27 01:40:50] epoch   68/300 | train=0.001470 | val=0.001767 | best=0.001762@62 | patience=6/30 | time=1.84s
[2026-04-27 01:40:51] epoch   69/300 | train=0.001447 | val=0.002005 | best=0.001762@62 | patience=7/30 | time=1.82s
[2026-04-27 01:40:53] epoch   70/300 | train=0.001451 | val=0.001872 | best=0.001762@62 | patience=8/30 | time=1.83s
[2026-04-27 01:40:55] epoch   71/300 | train=0.001428 | val=0.001740 | best=0.001740@71 | patience=0/30 | time=1.81s *
[2026-04-27 01:40:57] epoch   72/300 | train=0.001406 | val=0.002272 | best=0.001740@71 | patience=1/30 | time=1.83s
[2026-04-27 01:40:59] epoch   73/300 | train=0.001436 | val=0.001880 | best=0.001740@71 | patience=2/30 | time=1.81s
[2026-04-27 01:41:01] epoch   74/300 | train=0.001386 | val=0.001719 | best=0.001719@74 | patience=0/30 | time=1.86s *
[2026-04-27 01:41:03] epoch   75/300 | train=0.001365 | val=0.001828 | best=0.001719@74 | patience=1/30 | time=1.84s
[2026-04-27 01:41:05] epoch   76/300 | train=0.001370 | val=0.001766 | best=0.001719@74 | patience=2/30 | time=1.82s
[2026-04-27 01:41:07] epoch   77/300 | train=0.001340 | val=0.001703 | best=0.001703@77 | patience=0/30 | time=1.81s *
[2026-04-27 01:41:08] epoch   78/300 | train=0.001348 | val=0.002177 | best=0.001703@77 | patience=1/30 | time=1.82s
[2026-04-27 01:41:10] epoch   79/300 | train=0.001396 | val=0.001794 | best=0.001703@77 | patience=2/30 | time=1.85s
[2026-04-27 01:41:12] epoch   80/300 | train=0.001316 | val=0.001806 | best=0.001703@77 | patience=3/30 | time=1.82s
[2026-04-27 01:41:14] epoch   81/300 | train=0.001314 | val=0.002078 | best=0.001703@77 | patience=4/30 | time=1.83s
[2026-04-27 01:41:16] epoch   82/300 | train=0.001356 | val=0.001968 | best=0.001703@77 | patience=5/30 | time=1.82s
[2026-04-27 01:41:18] epoch   83/300 | train=0.001286 | val=0.002359 | best=0.001703@77 | patience=6/30 | time=1.83s
[2026-04-27 01:41:20] epoch   84/300 | train=0.001344 | val=0.001681 | best=0.001681@84 | patience=0/30 | time=1.81s *
[2026-04-27 01:41:22] epoch   85/300 | train=0.001307 | val=0.001740 | best=0.001681@84 | patience=1/30 | time=1.83s
[2026-04-27 01:41:23] epoch   86/300 | train=0.001275 | val=0.001696 | best=0.001681@84 | patience=2/30 | time=1.82s
[2026-04-27 01:41:25] epoch   87/300 | train=0.001230 | val=0.001968 | best=0.001681@84 | patience=3/30 | time=1.86s
[2026-04-27 01:41:27] epoch   88/300 | train=0.001267 | val=0.001734 | best=0.001681@84 | patience=4/30 | time=1.81s
[2026-04-27 01:41:29] epoch   89/300 | train=0.001225 | val=0.001758 | best=0.001681@84 | patience=5/30 | time=1.84s
[2026-04-27 01:41:31] epoch   90/300 | train=0.001204 | val=0.001817 | best=0.001681@84 | patience=6/30 | time=1.82s
[2026-04-27 01:41:33] epoch   91/300 | train=0.001194 | val=0.001772 | best=0.001681@84 | patience=7/30 | time=1.82s
[2026-04-27 01:41:35] epoch   92/300 | train=0.001179 | val=0.001730 | best=0.001681@84 | patience=8/30 | time=1.86s
[2026-04-27 01:41:36] epoch   93/300 | train=0.001203 | val=0.001692 | best=0.001681@84 | patience=9/30 | time=1.82s
[2026-04-27 01:41:38] epoch   94/300 | train=0.001180 | val=0.001878 | best=0.001681@84 | patience=10/30 | time=1.84s
[2026-04-27 01:41:40] epoch   95/300 | train=0.001165 | val=0.001758 | best=0.001681@84 | patience=11/30 | time=1.81s
[2026-04-27 01:41:42] epoch   96/300 | train=0.001138 | val=0.001646 | best=0.001646@96 | patience=0/30 | time=1.83s *
[2026-04-27 01:41:44] epoch   97/300 | train=0.001119 | val=0.001763 | best=0.001646@96 | patience=1/30 | time=1.81s
[2026-04-27 01:41:46] epoch   98/300 | train=0.001119 | val=0.001669 | best=0.001646@96 | patience=2/30 | time=1.83s
[2026-04-27 01:41:48] epoch   99/300 | train=0.001092 | val=0.001659 | best=0.001646@96 | patience=3/30 | time=1.81s
[2026-04-27 01:41:50] epoch  100/300 | train=0.001089 | val=0.001675 | best=0.001646@96 | patience=4/30 | time=1.86s
[2026-04-27 01:41:51] epoch  101/300 | train=0.001073 | val=0.001823 | best=0.001646@96 | patience=5/30 | time=1.81s
[2026-04-27 01:41:53] epoch  102/300 | train=0.001073 | val=0.001809 | best=0.001646@96 | patience=6/30 | time=1.83s
[2026-04-27 01:41:55] epoch  103/300 | train=0.001066 | val=0.001797 | best=0.001646@96 | patience=7/30 | time=1.81s
[2026-04-27 01:41:57] epoch  104/300 | train=0.001055 | val=0.001757 | best=0.001646@96 | patience=8/30 | time=1.81s
[2026-04-27 01:41:59] epoch  105/300 | train=0.001050 | val=0.001709 | best=0.001646@96 | patience=9/30 | time=1.82s
[2026-04-27 01:42:01] epoch  106/300 | train=0.001036 | val=0.002022 | best=0.001646@96 | patience=10/30 | time=1.86s
[2026-04-27 01:42:03] epoch  107/300 | train=0.001053 | val=0.001666 | best=0.001646@96 | patience=11/30 | time=1.84s
[2026-04-27 01:42:05] epoch  108/300 | train=0.001030 | val=0.001825 | best=0.001646@96 | patience=12/30 | time=1.82s
[2026-04-27 01:42:06] epoch  109/300 | train=0.001033 | val=0.001807 | best=0.001646@96 | patience=13/30 | time=1.83s
[2026-04-27 01:42:08] epoch  110/300 | train=0.001044 | val=0.001728 | best=0.001646@96 | patience=14/30 | time=1.82s
[2026-04-27 01:42:10] epoch  111/300 | train=0.001011 | val=0.001661 | best=0.001646@96 | patience=15/30 | time=1.83s
[2026-04-27 01:42:12] epoch  112/300 | train=0.000993 | val=0.001671 | best=0.001646@96 | patience=16/30 | time=1.81s
[2026-04-27 01:42:14] epoch  113/300 | train=0.000983 | val=0.001754 | best=0.001646@96 | patience=17/30 | time=1.86s
[2026-04-27 01:42:16] epoch  114/300 | train=0.000959 | val=0.001789 | best=0.001646@96 | patience=18/30 | time=1.82s
[2026-04-27 01:42:18] epoch  115/300 | train=0.000955 | val=0.002015 | best=0.001646@96 | patience=19/30 | time=1.84s
[2026-04-27 01:42:19] epoch  116/300 | train=0.000962 | val=0.001657 | best=0.001646@96 | patience=20/30 | time=1.81s
[2026-04-27 01:42:21] epoch  117/300 | train=0.000922 | val=0.001805 | best=0.001646@96 | patience=21/30 | time=1.87s
[2026-04-27 01:42:23] epoch  118/300 | train=0.000908 | val=0.001751 | best=0.001646@96 | patience=22/30 | time=1.81s
[2026-04-27 01:42:25] epoch  119/300 | train=0.000923 | val=0.001760 | best=0.001646@96 | patience=23/30 | time=1.86s
[2026-04-27 01:42:27] epoch  120/300 | train=0.000918 | val=0.001840 | best=0.001646@96 | patience=24/30 | time=1.81s
[2026-04-27 01:42:29] epoch  121/300 | train=0.000922 | val=0.001868 | best=0.001646@96 | patience=25/30 | time=1.84s
[2026-04-27 01:42:31] epoch  122/300 | train=0.000908 | val=0.001712 | best=0.001646@96 | patience=26/30 | time=1.81s
[2026-04-27 01:42:33] epoch  123/300 | train=0.000889 | val=0.001682 | best=0.001646@96 | patience=27/30 | time=1.82s
[2026-04-27 01:42:34] epoch  124/300 | train=0.000870 | val=0.001685 | best=0.001646@96 | patience=28/30 | time=1.83s
[2026-04-27 01:42:36] epoch  125/300 | train=0.000862 | val=0.001633 | best=0.001633@125 | patience=0/30 | time=1.82s *
[2026-04-27 01:42:38] epoch  126/300 | train=0.000842 | val=0.001773 | best=0.001633@125 | patience=1/30 | time=1.86s
[2026-04-27 01:42:40] epoch  127/300 | train=0.000878 | val=0.001831 | best=0.001633@125 | patience=2/30 | time=1.82s
[2026-04-27 01:42:42] epoch  128/300 | train=0.000851 | val=0.002971 | best=0.001633@125 | patience=3/30 | time=1.84s
[2026-04-27 01:42:44] epoch  129/300 | train=0.000965 | val=0.002153 | best=0.001633@125 | patience=4/30 | time=1.81s
[2026-04-27 01:42:46] epoch  130/300 | train=0.000932 | val=0.001785 | best=0.001633@125 | patience=5/30 | time=1.82s
[2026-04-27 01:42:47] epoch  131/300 | train=0.000877 | val=0.001633 | best=0.001633@125 | patience=6/30 | time=1.81s
[2026-04-27 01:42:49] epoch  132/300 | train=0.000835 | val=0.001769 | best=0.001633@125 | patience=7/30 | time=1.85s
[2026-04-27 01:42:51] epoch  133/300 | train=0.000847 | val=0.001756 | best=0.001633@125 | patience=8/30 | time=1.81s
[2026-04-27 01:42:53] epoch  134/300 | train=0.000824 | val=0.001716 | best=0.001633@125 | patience=9/30 | time=1.84s
[2026-04-27 01:42:55] epoch  135/300 | train=0.000800 | val=0.001650 | best=0.001633@125 | patience=10/30 | time=1.81s
[2026-04-27 01:42:57] epoch  136/300 | train=0.000799 | val=0.001655 | best=0.001633@125 | patience=11/30 | time=1.83s
[2026-04-27 01:42:59] epoch  137/300 | train=0.000772 | val=0.001697 | best=0.001633@125 | patience=12/30 | time=1.82s
[2026-04-27 01:43:01] epoch  138/300 | train=0.000772 | val=0.001901 | best=0.001633@125 | patience=13/30 | time=1.83s
[2026-04-27 01:43:02] epoch  139/300 | train=0.000783 | val=0.001697 | best=0.001633@125 | patience=14/30 | time=1.81s
[2026-04-27 01:43:04] epoch  140/300 | train=0.000784 | val=0.001759 | best=0.001633@125 | patience=15/30 | time=1.86s
[2026-04-27 01:43:06] epoch  141/300 | train=0.000765 | val=0.001962 | best=0.001633@125 | patience=16/30 | time=1.84s
[2026-04-27 01:43:08] epoch  142/300 | train=0.000789 | val=0.003979 | best=0.001633@125 | patience=17/30 | time=1.82s
[2026-04-27 01:43:10] epoch  143/300 | train=0.000887 | val=0.001720 | best=0.001633@125 | patience=18/30 | time=1.81s
[2026-04-27 01:43:12] epoch  144/300 | train=0.000775 | val=0.001677 | best=0.001633@125 | patience=19/30 | time=1.82s
[2026-04-27 01:43:14] epoch  145/300 | train=0.000729 | val=0.001740 | best=0.001633@125 | patience=20/30 | time=1.86s
[2026-04-27 01:43:15] epoch  146/300 | train=0.000731 | val=0.001691 | best=0.001633@125 | patience=21/30 | time=1.81s
[2026-04-27 01:43:17] epoch  147/300 | train=0.000719 | val=0.001772 | best=0.001633@125 | patience=22/30 | time=1.84s
[2026-04-27 01:43:19] epoch  148/300 | train=0.000758 | val=0.001703 | best=0.001633@125 | patience=23/30 | time=1.82s
[2026-04-27 01:43:21] epoch  149/300 | train=0.000726 | val=0.001782 | best=0.001633@125 | patience=24/30 | time=1.83s
[2026-04-27 01:43:23] epoch  150/300 | train=0.000701 | val=0.001709 | best=0.001633@125 | patience=25/30 | time=1.82s
[2026-04-27 01:43:25] epoch  151/300 | train=0.000687 | val=0.001648 | best=0.001633@125 | patience=26/30 | time=1.83s
[2026-04-27 01:43:27] epoch  152/300 | train=0.000685 | val=0.001739 | best=0.001633@125 | patience=27/30 | time=1.82s
[2026-04-27 01:43:28] epoch  153/300 | train=0.000678 | val=0.001867 | best=0.001633@125 | patience=28/30 | time=1.86s
[2026-04-27 01:43:30] epoch  154/300 | train=0.000676 | val=0.001749 | best=0.001633@125 | patience=29/30 | time=1.81s
[2026-04-27 01:43:32] epoch  155/300 | train=0.000663 | val=0.001736 | best=0.001633@125 | patience=30/30 | time=1.84s
[2026-04-27 01:43:32]   early stopping at epoch 155 (no improvement for 30 epochs)
[2026-04-27 01:43:32] Training done: stop_reason=early_stop, total_epochs=155, best_epoch=125, best_val=0.001633
[2026-04-27 01:43:32] Reloading best checkpoint (epoch 125) for evaluation
[2026-04-27 01:43:34] ------------------------------------------------------------
[2026-04-27 01:43:34] Evaluation:
[2026-04-27 01:43:34]   AUC broken_lcfs         : 0.5869
[2026-04-27 01:43:34]   AUC bad_black_core      : 0.9970
[2026-04-27 01:43:34]   AUC bad_nonconverged    : 0.9980
[2026-04-27 01:43:34]   objective      : 0.8333
[2026-04-27 01:43:34]   floor_ok       : True
[2026-04-27 01:43:34]   threshold      : 0.2176
[2026-04-27 01:43:34]   mu / sigma     : 0.00082048 / 0.000203197
[2026-04-27 01:43:34] Train time=361.8s, eval time=2.0s
