[2026-04-27 06:11:07] ============================================================
[2026-04-27 06:11:07] Trial 105 starting on cuda:0
[2026-04-27 06:11:07] Timestamp: 2026-04-27T06:11:07.958928
[2026-04-27 06:11:07] --- Config summary ---
  bottleneck_dim  : 215
  n_enc_layers    : 5
  n_dec_layers    : 4
  base_channels   : 63
  growth_factor   : 2.0164040494684934
  use_batchnorm   : True
  use_hpf         : True
  hpf_sigma       : 1.1089226957898972
  lr              : 0.00023536191030350476
  batch_size      : 48
  max_epochs      : 300
  patience        : 30
  seed            : 42
  deterministic   : False
  trial_num       : 105
[2026-04-27 06:11:07] Loading train/val/selection splits...
[2026-04-27 06:11:16] Splits loaded in 8.1s: n_train=722, n_val=120, n_selection=405
[2026-04-27 06:11:16] --- Architecture summary ---
  channels per enc layer : [63, 127, 256, 517, 1041]
  final spatial size     : 8x8
  flat size before latent: 66624
  bottleneck_dim         : 215
  total parameters       : 90,086,403
[2026-04-27 06:11:16] Starting training: n_train=722, n_val=120, device=cuda:0
[2026-04-27 06:17:43] epoch    1/300 | train=0.004744 | val=0.005046 | best=0.005046@1 | patience=0/30 | time=386.61s *
[2026-04-27 06:17:55] epoch    2/300 | train=0.003144 | val=0.003454 | best=0.003454@2 | patience=0/30 | time=11.55s *
[2026-04-27 06:18:06] epoch    3/300 | train=0.002953 | val=0.003338 | best=0.003338@3 | patience=0/30 | time=11.50s *
[2026-04-27 06:18:18] epoch    4/300 | train=0.002857 | val=0.002991 | best=0.002991@4 | patience=0/30 | time=11.56s *
[2026-04-27 06:18:30] epoch    5/300 | train=0.002752 | val=0.002860 | best=0.002860@5 | patience=0/30 | time=11.54s *
[2026-04-27 06:18:42] epoch    6/300 | train=0.002679 | val=0.002795 | best=0.002795@6 | patience=0/30 | time=11.57s *
[2026-04-27 06:18:54] epoch    7/300 | train=0.002622 | val=0.002660 | best=0.002660@7 | patience=0/30 | time=11.56s *
[2026-04-27 06:19:05] epoch    8/300 | train=0.002508 | val=0.002768 | best=0.002660@7 | patience=1/30 | time=11.59s
[2026-04-27 06:19:17] epoch    9/300 | train=0.002488 | val=0.002514 | best=0.002514@9 | patience=0/30 | time=11.57s *
[2026-04-27 06:19:29] epoch   10/300 | train=0.002332 | val=0.002321 | best=0.002321@10 | patience=0/30 | time=11.60s *
[2026-04-27 06:19:41] epoch   11/300 | train=0.002213 | val=0.002231 | best=0.002231@11 | patience=0/30 | time=11.58s *
[2026-04-27 06:19:53] epoch   12/300 | train=0.002143 | val=0.002180 | best=0.002180@12 | patience=0/30 | time=11.59s *
[2026-04-27 06:20:05] epoch   13/300 | train=0.002040 | val=0.002023 | best=0.002023@13 | patience=0/30 | time=11.59s *
[2026-04-27 06:20:16] epoch   14/300 | train=0.001916 | val=0.001942 | best=0.001942@14 | patience=0/30 | time=11.63s *
[2026-04-27 06:20:28] epoch   15/300 | train=0.001790 | val=0.001792 | best=0.001792@15 | patience=0/30 | time=11.55s *
[2026-04-27 06:20:40] epoch   16/300 | train=0.001687 | val=0.001649 | best=0.001649@16 | patience=0/30 | time=11.63s *
[2026-04-27 06:20:52] epoch   17/300 | train=0.001574 | val=0.001803 | best=0.001649@16 | patience=1/30 | time=11.60s
[2026-04-27 06:21:04] epoch   18/300 | train=0.001609 | val=0.001562 | best=0.001562@18 | patience=0/30 | time=11.60s *
[2026-04-27 06:21:16] epoch   19/300 | train=0.001540 | val=0.001516 | best=0.001516@19 | patience=0/30 | time=11.61s *
[2026-04-27 06:21:27] epoch   20/300 | train=0.001473 | val=0.001618 | best=0.001516@19 | patience=1/30 | time=11.59s
[2026-04-27 06:21:39] epoch   21/300 | train=0.001554 | val=0.001557 | best=0.001516@19 | patience=2/30 | time=11.61s
[2026-04-27 06:21:51] epoch   22/300 | train=0.001476 | val=0.001466 | best=0.001466@22 | patience=0/30 | time=11.62s *
[2026-04-27 06:22:02] epoch   23/300 | train=0.001447 | val=0.001562 | best=0.001466@22 | patience=1/30 | time=11.59s
[2026-04-27 06:22:14] epoch   24/300 | train=0.001499 | val=0.001513 | best=0.001466@22 | patience=2/30 | time=11.62s
[2026-04-27 06:22:26] epoch   25/300 | train=0.001512 | val=0.001692 | best=0.001466@22 | patience=3/30 | time=11.63s
[2026-04-27 06:22:37] epoch   26/300 | train=0.001452 | val=0.001466 | best=0.001466@22 | patience=4/30 | time=11.58s
[2026-04-27 06:22:49] epoch   27/300 | train=0.001453 | val=0.001429 | best=0.001429@27 | patience=0/30 | time=11.63s *
[2026-04-27 06:23:01] epoch   28/300 | train=0.001425 | val=0.001419 | best=0.001419@28 | patience=0/30 | time=11.58s *
[2026-04-27 06:23:13] epoch   29/300 | train=0.001410 | val=0.001401 | best=0.001401@29 | patience=0/30 | time=11.63s *
[2026-04-27 06:23:25] epoch   30/300 | train=0.001405 | val=0.001428 | best=0.001401@29 | patience=1/30 | time=11.59s
[2026-04-27 06:23:36] epoch   31/300 | train=0.001418 | val=0.001447 | best=0.001401@29 | patience=2/30 | time=11.61s
[2026-04-27 06:23:48] epoch   32/300 | train=0.001409 | val=0.001388 | best=0.001388@32 | patience=0/30 | time=11.59s *
[2026-04-27 06:24:00] epoch   33/300 | train=0.001396 | val=0.001391 | best=0.001388@32 | patience=1/30 | time=11.62s
[2026-04-27 06:24:11] epoch   34/300 | train=0.001393 | val=0.001393 | best=0.001388@32 | patience=2/30 | time=11.63s
[2026-04-27 06:24:23] epoch   35/300 | train=0.001392 | val=0.001433 | best=0.001388@32 | patience=3/30 | time=11.62s
[2026-04-27 06:24:35] epoch   36/300 | train=0.001419 | val=0.001423 | best=0.001388@32 | patience=4/30 | time=11.59s
[2026-04-27 06:24:46] epoch   37/300 | train=0.001413 | val=0.001393 | best=0.001388@32 | patience=5/30 | time=11.62s
[2026-04-27 06:24:58] epoch   38/300 | train=0.001380 | val=0.001455 | best=0.001388@32 | patience=6/30 | time=11.61s
[2026-04-27 06:25:10] epoch   39/300 | train=0.001439 | val=0.001455 | best=0.001388@32 | patience=7/30 | time=11.61s
[2026-04-27 06:25:21] epoch   40/300 | train=0.001406 | val=0.001388 | best=0.001388@32 | patience=8/30 | time=11.61s
[2026-04-27 06:25:33] epoch   41/300 | train=0.001381 | val=0.001431 | best=0.001388@32 | patience=9/30 | time=11.60s
[2026-04-27 06:25:44] epoch   42/300 | train=0.001412 | val=0.001408 | best=0.001388@32 | patience=10/30 | time=11.61s
[2026-04-27 06:25:56] epoch   43/300 | train=0.001404 | val=0.001384 | best=0.001384@43 | patience=0/30 | time=11.64s *
[2026-04-27 06:26:08] epoch   44/300 | train=0.001383 | val=0.001367 | best=0.001367@44 | patience=0/30 | time=11.56s *
[2026-04-27 06:26:20] epoch   45/300 | train=0.001371 | val=0.001458 | best=0.001367@44 | patience=1/30 | time=11.64s
[2026-04-27 06:26:31] epoch   46/300 | train=0.001448 | val=0.001702 | best=0.001367@44 | patience=2/30 | time=11.61s
[2026-04-27 06:26:43] epoch   47/300 | train=0.001399 | val=0.001406 | best=0.001367@44 | patience=3/30 | time=11.60s
[2026-04-27 06:26:55] epoch   48/300 | train=0.001399 | val=0.001381 | best=0.001367@44 | patience=4/30 | time=11.61s
[2026-04-27 06:27:06] epoch   49/300 | train=0.001373 | val=0.001376 | best=0.001367@44 | patience=5/30 | time=11.60s
[2026-04-27 06:27:18] epoch   50/300 | train=0.001371 | val=0.001368 | best=0.001367@44 | patience=6/30 | time=11.60s
[2026-04-27 06:27:30] epoch   51/300 | train=0.001362 | val=0.001388 | best=0.001367@44 | patience=7/30 | time=11.62s
[2026-04-27 06:27:41] epoch   52/300 | train=0.001371 | val=0.001383 | best=0.001367@44 | patience=8/30 | time=11.59s
[2026-04-27 06:27:53] epoch   53/300 | train=0.001380 | val=0.001370 | best=0.001367@44 | patience=9/30 | time=11.62s
[2026-04-27 06:28:05] epoch   54/300 | train=0.001362 | val=0.001377 | best=0.001367@44 | patience=10/30 | time=11.59s
[2026-04-27 06:28:05]   pruned at epoch 54
[2026-04-27 06:28:05] Training done: stop_reason=pruned, total_epochs=54, best_epoch=44, best_val=0.001367
[2026-04-27 06:28:05] Reloading best checkpoint (epoch 44) for evaluation
[2026-04-27 06:28:25] ------------------------------------------------------------
[2026-04-27 06:28:25] Evaluation:
[2026-04-27 06:28:25]   AUC broken_lcfs         : 0.6004
[2026-04-27 06:28:25]   AUC bad_black_core      : 0.9779
[2026-04-27 06:28:25]   AUC bad_nonconverged    : 0.9845
[2026-04-27 06:28:25]   objective      : 0.8289
[2026-04-27 06:28:25]   floor_ok       : True
[2026-04-27 06:28:25]   threshold      : 0.0967
[2026-04-27 06:28:25]   mu / sigma     : 0.00136096 / 0.000299821
[2026-04-27 06:28:25] Train time=1008.6s, eval time=19.9s
