[2026-04-27 10:08:35] ============================================================
[2026-04-27 10:08:35] Trial 159 starting on cuda:0
[2026-04-27 10:08:35] Timestamp: 2026-04-27T10:08:35.264465
[2026-04-27 10:08:35] --- Config summary ---
  bottleneck_dim  : 172
  n_enc_layers    : 2
  n_dec_layers    : 4
  base_channels   : 45
  growth_factor   : 2.1048973504023354
  use_batchnorm   : True
  use_hpf         : True
  hpf_sigma       : 1.0685184839137973
  lr              : 0.00013834668240904702
  batch_size      : 16
  max_epochs      : 300
  patience        : 30
  seed            : 42
  deterministic   : False
  trial_num       : 159
[2026-04-27 10:08:35] Loading train/val/selection splits...
[2026-04-27 10:09:34] Splits loaded in 59.2s: n_train=722, n_val=120, n_selection=405
[2026-04-27 10:09:41] --- Architecture summary ---
  channels per enc layer : [45, 95]
  final spatial size     : 64x64
  flat size before latent: 389120
  bottleneck_dim         : 172
  total parameters       : 134,705,648
[2026-04-27 10:09:41] Starting training: n_train=722, n_val=120, device=cuda:0
[2026-04-27 10:10:20] epoch    1/300 | train=0.002608 | val=0.003005 | best=0.003005@1 | patience=0/30 | time=34.54s *
[2026-04-27 10:10:29] epoch    2/300 | train=0.001556 | val=0.001519 | best=0.001519@2 | patience=0/30 | time=5.21s *
[2026-04-27 10:10:38] epoch    3/300 | train=0.001514 | val=0.001477 | best=0.001477@3 | patience=0/30 | time=5.25s *
[2026-04-27 10:10:48] epoch    4/300 | train=0.001467 | val=0.001442 | best=0.001442@4 | patience=0/30 | time=5.02s *
[2026-04-27 10:10:57] epoch    5/300 | train=0.001428 | val=0.001398 | best=0.001398@5 | patience=0/30 | time=5.19s *
[2026-04-27 10:11:06] epoch    6/300 | train=0.001389 | val=0.001392 | best=0.001392@6 | patience=0/30 | time=5.24s *
[2026-04-27 10:11:15] epoch    7/300 | train=0.001358 | val=0.001360 | best=0.001360@7 | patience=0/30 | time=5.02s *
[2026-04-27 10:11:21] epoch    8/300 | train=0.001325 | val=0.001359 | best=0.001360@7 | patience=1/30 | time=5.19s
[2026-04-27 10:11:30] epoch    9/300 | train=0.001294 | val=0.001286 | best=0.001286@9 | patience=0/30 | time=5.19s *
[2026-04-27 10:11:35] epoch   10/300 | train=0.001270 | val=0.001313 | best=0.001286@9 | patience=1/30 | time=5.02s
[2026-04-27 10:11:44] epoch   11/300 | train=0.001264 | val=0.001264 | best=0.001264@11 | patience=0/30 | time=5.02s *
[2026-04-27 10:11:54] epoch   12/300 | train=0.001239 | val=0.001247 | best=0.001247@12 | patience=0/30 | time=5.18s *
[2026-04-27 10:11:59] epoch   13/300 | train=0.001227 | val=0.001255 | best=0.001247@12 | patience=1/30 | time=5.08s
[2026-04-27 10:12:08] epoch   14/300 | train=0.001220 | val=0.001221 | best=0.001221@14 | patience=0/30 | time=5.03s *
[2026-04-27 10:12:18] epoch   15/300 | train=0.001203 | val=0.001214 | best=0.001214@15 | patience=0/30 | time=5.32s *
[2026-04-27 10:12:27] epoch   16/300 | train=0.001199 | val=0.001200 | best=0.001200@16 | patience=0/30 | time=5.02s *
[2026-04-27 10:12:32] epoch   17/300 | train=0.001179 | val=0.001200 | best=0.001200@16 | patience=1/30 | time=5.02s
[2026-04-27 10:12:41] epoch   18/300 | train=0.001175 | val=0.001188 | best=0.001188@18 | patience=0/30 | time=5.02s *
[2026-04-27 10:12:51] epoch   19/300 | train=0.001157 | val=0.001167 | best=0.001167@19 | patience=0/30 | time=5.27s *
[2026-04-27 10:12:56] epoch   20/300 | train=0.001151 | val=0.001171 | best=0.001167@19 | patience=1/30 | time=5.02s
[2026-04-27 10:13:06] epoch   21/300 | train=0.001145 | val=0.001154 | best=0.001154@21 | patience=0/30 | time=5.28s *
[2026-04-27 10:13:15] epoch   22/300 | train=0.001136 | val=0.001140 | best=0.001140@22 | patience=0/30 | time=5.02s *
[2026-04-27 10:13:24] epoch   23/300 | train=0.001127 | val=0.001138 | best=0.001138@23 | patience=0/30 | time=5.19s *
[2026-04-27 10:13:30] epoch   24/300 | train=0.001117 | val=0.001141 | best=0.001138@23 | patience=1/30 | time=5.26s
[2026-04-27 10:13:39] epoch   25/300 | train=0.001115 | val=0.001134 | best=0.001134@25 | patience=0/30 | time=5.02s *
[2026-04-27 10:13:44] epoch   26/300 | train=0.001105 | val=0.001138 | best=0.001134@25 | patience=1/30 | time=5.02s
[2026-04-27 10:13:53] epoch   27/300 | train=0.001103 | val=0.001117 | best=0.001117@27 | patience=0/30 | time=5.22s *
[2026-04-27 10:14:02] epoch   28/300 | train=0.001091 | val=0.001112 | best=0.001112@28 | patience=0/30 | time=5.17s *
[2026-04-27 10:14:12] epoch   29/300 | train=0.001089 | val=0.001107 | best=0.001107@29 | patience=0/30 | time=5.05s *
[2026-04-27 10:14:21] epoch   30/300 | train=0.001081 | val=0.001100 | best=0.001100@30 | patience=0/30 | time=5.18s *
[2026-04-27 10:14:30] epoch   31/300 | train=0.001079 | val=0.001090 | best=0.001090@31 | patience=0/30 | time=5.18s *
[2026-04-27 10:14:35] epoch   32/300 | train=0.001066 | val=0.001096 | best=0.001090@31 | patience=1/30 | time=5.05s
[2026-04-27 10:14:41] epoch   33/300 | train=0.001065 | val=0.001106 | best=0.001090@31 | patience=2/30 | time=5.26s
[2026-04-27 10:14:50] epoch   34/300 | train=0.001057 | val=0.001088 | best=0.001088@34 | patience=0/30 | time=5.19s *
[2026-04-27 10:14:59] epoch   35/300 | train=0.001056 | val=0.001079 | best=0.001079@35 | patience=0/30 | time=5.29s *
[2026-04-27 10:15:04] epoch   36/300 | train=0.001046 | val=0.001081 | best=0.001079@35 | patience=1/30 | time=5.01s
[2026-04-27 10:15:14] epoch   37/300 | train=0.001043 | val=0.001064 | best=0.001064@37 | patience=0/30 | time=5.52s *
[2026-04-27 10:15:19] epoch   38/300 | train=0.001034 | val=0.001098 | best=0.001064@37 | patience=1/30 | time=5.18s
[2026-04-27 10:15:24] epoch   39/300 | train=0.001039 | val=0.001063 | best=0.001064@37 | patience=2/30 | time=5.08s
[2026-04-27 10:15:34] epoch   40/300 | train=0.001027 | val=0.001052 | best=0.001052@40 | patience=0/30 | time=5.06s *
[2026-04-27 10:15:39] epoch   41/300 | train=0.001024 | val=0.001055 | best=0.001052@40 | patience=1/30 | time=5.18s
[2026-04-27 10:15:44] epoch   42/300 | train=0.001019 | val=0.001080 | best=0.001052@40 | patience=2/30 | time=5.00s
[2026-04-27 10:15:50] epoch   43/300 | train=0.001017 | val=0.001058 | best=0.001052@40 | patience=3/30 | time=5.27s
[2026-04-27 10:15:59] epoch   44/300 | train=0.001011 | val=0.001042 | best=0.001042@44 | patience=0/30 | time=5.02s *
[2026-04-27 10:16:04] epoch   45/300 | train=0.001006 | val=0.001108 | best=0.001042@44 | patience=1/30 | time=5.27s
[2026-04-27 10:16:09] epoch   46/300 | train=0.001007 | val=0.001043 | best=0.001042@44 | patience=2/30 | time=5.18s
[2026-04-27 10:16:19] epoch   47/300 | train=0.000998 | val=0.001030 | best=0.001030@47 | patience=0/30 | time=5.16s *
[2026-04-27 10:16:24] epoch   48/300 | train=0.000995 | val=0.001034 | best=0.001030@47 | patience=1/30 | time=5.02s
[2026-04-27 10:16:29] epoch   49/300 | train=0.000991 | val=0.001032 | best=0.001030@47 | patience=2/30 | time=5.02s
[2026-04-27 10:16:38] epoch   50/300 | train=0.000989 | val=0.001025 | best=0.001025@50 | patience=0/30 | time=5.45s *
[2026-04-27 10:16:44] epoch   51/300 | train=0.000983 | val=0.001031 | best=0.001025@50 | patience=1/30 | time=5.18s
[2026-04-27 10:16:53] epoch   52/300 | train=0.000979 | val=0.001018 | best=0.001018@52 | patience=0/30 | time=5.09s *
[2026-04-27 10:16:58] epoch   53/300 | train=0.000975 | val=0.001024 | best=0.001018@52 | patience=1/30 | time=5.27s
[2026-04-27 10:17:03] epoch   54/300 | train=0.000972 | val=0.001020 | best=0.001018@52 | patience=2/30 | time=5.17s
[2026-04-27 10:17:09] epoch   55/300 | train=0.000969 | val=0.001027 | best=0.001018@52 | patience=3/30 | time=5.21s
[2026-04-27 10:17:14] epoch   56/300 | train=0.000966 | val=0.001024 | best=0.001018@52 | patience=4/30 | time=5.07s
[2026-04-27 10:17:23] epoch   57/300 | train=0.000960 | val=0.001013 | best=0.001013@57 | patience=0/30 | time=5.03s *
[2026-04-27 10:17:33] epoch   58/300 | train=0.000959 | val=0.001006 | best=0.001006@58 | patience=0/30 | time=5.52s *
[2026-04-27 10:17:42] epoch   59/300 | train=0.000955 | val=0.000998 | best=0.000998@59 | patience=0/30 | time=5.19s *
[2026-04-27 10:17:47] epoch   60/300 | train=0.000951 | val=0.000999 | best=0.000998@59 | patience=1/30 | time=5.02s
[2026-04-27 10:17:57] epoch   61/300 | train=0.000951 | val=0.000991 | best=0.000991@61 | patience=0/30 | time=5.30s *
[2026-04-27 10:18:02] epoch   62/300 | train=0.000945 | val=0.001022 | best=0.000991@61 | patience=1/30 | time=5.02s
[2026-04-27 10:18:07] epoch   63/300 | train=0.000942 | val=0.000995 | best=0.000991@61 | patience=2/30 | time=5.19s
[2026-04-27 10:18:12] epoch   64/300 | train=0.000939 | val=0.001014 | best=0.000991@61 | patience=3/30 | time=5.09s
[2026-04-27 10:18:18] epoch   65/300 | train=0.000938 | val=0.001025 | best=0.000991@61 | patience=4/30 | time=5.03s
[2026-04-27 10:18:23] epoch   66/300 | train=0.000933 | val=0.000997 | best=0.000991@61 | patience=5/30 | time=5.27s
[2026-04-27 10:18:32] epoch   67/300 | train=0.000929 | val=0.000984 | best=0.000984@67 | patience=0/30 | time=5.19s *
[2026-04-27 10:18:38] epoch   68/300 | train=0.000924 | val=0.000984 | best=0.000984@67 | patience=1/30 | time=5.25s
[2026-04-27 10:18:43] epoch   69/300 | train=0.000923 | val=0.000988 | best=0.000984@67 | patience=2/30 | time=5.03s
[2026-04-27 10:18:48] epoch   70/300 | train=0.000918 | val=0.000994 | best=0.000984@67 | patience=3/30 | time=5.30s
[2026-04-27 10:18:57] epoch   71/300 | train=0.000917 | val=0.000975 | best=0.000975@71 | patience=0/30 | time=5.18s *
[2026-04-27 10:19:03] epoch   72/300 | train=0.000912 | val=0.000985 | best=0.000975@71 | patience=1/30 | time=5.17s
[2026-04-27 10:19:12] epoch   73/300 | train=0.000912 | val=0.000971 | best=0.000971@73 | patience=0/30 | time=5.10s *
[2026-04-27 10:19:17] epoch   74/300 | train=0.000909 | val=0.000985 | best=0.000971@73 | patience=1/30 | time=5.27s
[2026-04-27 10:19:22] epoch   75/300 | train=0.000906 | val=0.000972 | best=0.000971@73 | patience=2/30 | time=5.18s
[2026-04-27 10:19:32] epoch   76/300 | train=0.000908 | val=0.000969 | best=0.000969@76 | patience=0/30 | time=5.17s *
[2026-04-27 10:19:37] epoch   77/300 | train=0.000902 | val=0.000973 | best=0.000969@76 | patience=1/30 | time=5.03s
[2026-04-27 10:19:42] epoch   78/300 | train=0.000903 | val=0.000988 | best=0.000969@76 | patience=2/30 | time=5.02s
[2026-04-27 10:19:48] epoch   79/300 | train=0.000899 | val=0.000978 | best=0.000969@76 | patience=3/30 | time=5.44s
[2026-04-27 10:19:57] epoch   80/300 | train=0.000892 | val=0.000960 | best=0.000960@80 | patience=0/30 | time=5.01s *
[2026-04-27 10:20:02] epoch   81/300 | train=0.000892 | val=0.000966 | best=0.000960@80 | patience=1/30 | time=5.07s
[2026-04-27 10:20:11] epoch   82/300 | train=0.000889 | val=0.000954 | best=0.000954@82 | patience=0/30 | time=5.04s *
[2026-04-27 10:20:17] epoch   83/300 | train=0.000884 | val=0.000979 | best=0.000954@82 | patience=1/30 | time=5.51s
[2026-04-27 10:20:22] epoch   84/300 | train=0.000887 | val=0.000960 | best=0.000954@82 | patience=2/30 | time=5.01s
[2026-04-27 10:20:27] epoch   85/300 | train=0.000883 | val=0.000954 | best=0.000954@82 | patience=3/30 | time=5.19s
[2026-04-27 10:20:36] epoch   86/300 | train=0.000878 | val=0.000948 | best=0.000948@86 | patience=0/30 | time=5.07s *
[2026-04-27 10:20:42] epoch   87/300 | train=0.000872 | val=0.000963 | best=0.000948@86 | patience=1/30 | time=5.26s
[2026-04-27 10:20:47] epoch   88/300 | train=0.000877 | val=0.000972 | best=0.000948@86 | patience=2/30 | time=5.22s
[2026-04-27 10:20:52] epoch   89/300 | train=0.000868 | val=0.000951 | best=0.000948@86 | patience=3/30 | time=5.00s
[2026-04-27 10:20:57] epoch   90/300 | train=0.000864 | val=0.000959 | best=0.000948@86 | patience=4/30 | time=5.23s
[2026-04-27 10:21:06] epoch   91/300 | train=0.000863 | val=0.000944 | best=0.000944@91 | patience=0/30 | time=5.02s *
[2026-04-27 10:21:12] epoch   92/300 | train=0.000860 | val=0.000953 | best=0.000944@91 | patience=1/30 | time=5.32s
[2026-04-27 10:21:21] epoch   93/300 | train=0.000863 | val=0.000942 | best=0.000942@93 | patience=0/30 | time=5.20s *
[2026-04-27 10:21:26] epoch   94/300 | train=0.000858 | val=0.000943 | best=0.000942@93 | patience=1/30 | time=5.24s
[2026-04-27 10:21:31] epoch   95/300 | train=0.000854 | val=0.000944 | best=0.000942@93 | patience=2/30 | time=5.02s
[2026-04-27 10:21:41] epoch   96/300 | train=0.000858 | val=0.000934 | best=0.000934@96 | patience=0/30 | time=5.29s *
[2026-04-27 10:21:46] epoch   97/300 | train=0.000851 | val=0.000956 | best=0.000934@96 | patience=1/30 | time=5.02s
[2026-04-27 10:21:56] epoch   98/300 | train=0.000850 | val=0.000932 | best=0.000932@98 | patience=0/30 | time=5.17s *
[2026-04-27 10:22:01] epoch   99/300 | train=0.000847 | val=0.000932 | best=0.000932@98 | patience=1/30 | time=5.02s
[2026-04-27 10:22:10] epoch  100/300 | train=0.000839 | val=0.000929 | best=0.000929@100 | patience=0/30 | time=5.28s *
[2026-04-27 10:22:15] epoch  101/300 | train=0.000838 | val=0.000944 | best=0.000929@100 | patience=1/30 | time=5.02s
[2026-04-27 10:22:25] epoch  102/300 | train=0.000837 | val=0.000927 | best=0.000927@102 | patience=0/30 | time=5.19s *
[2026-04-27 10:22:30] epoch  103/300 | train=0.000833 | val=0.000947 | best=0.000927@102 | patience=1/30 | time=5.07s
[2026-04-27 10:22:39] epoch  104/300 | train=0.000829 | val=0.000922 | best=0.000922@104 | patience=0/30 | time=5.05s *
[2026-04-27 10:22:48] epoch  105/300 | train=0.000830 | val=0.000921 | best=0.000921@105 | patience=0/30 | time=5.18s *
[2026-04-27 10:22:54] epoch  106/300 | train=0.000822 | val=0.000925 | best=0.000921@105 | patience=1/30 | time=5.17s
[2026-04-27 10:22:59] epoch  107/300 | train=0.000824 | val=0.000922 | best=0.000921@105 | patience=2/30 | time=5.10s
[2026-04-27 10:23:08] epoch  108/300 | train=0.000819 | val=0.000920 | best=0.000920@108 | patience=0/30 | time=5.02s *
[2026-04-27 10:23:14] epoch  109/300 | train=0.000817 | val=0.000920 | best=0.000920@108 | patience=1/30 | time=5.19s
[2026-04-27 10:23:23] epoch  110/300 | train=0.000814 | val=0.000919 | best=0.000919@110 | patience=0/30 | time=5.19s *
[2026-04-27 10:23:28] epoch  111/300 | train=0.000812 | val=0.000918 | best=0.000919@110 | patience=1/30 | time=5.02s
[2026-04-27 10:23:33] epoch  112/300 | train=0.000809 | val=0.000920 | best=0.000919@110 | patience=2/30 | time=5.02s
[2026-04-27 10:23:39] epoch  113/300 | train=0.000806 | val=0.000919 | best=0.000919@110 | patience=3/30 | time=5.46s
[2026-04-27 10:23:48] epoch  114/300 | train=0.000801 | val=0.000915 | best=0.000915@114 | patience=0/30 | time=5.01s *
[2026-04-27 10:23:53] epoch  115/300 | train=0.000800 | val=0.000942 | best=0.000915@114 | patience=1/30 | time=5.07s
[2026-04-27 10:23:58] epoch  116/300 | train=0.000798 | val=0.000922 | best=0.000915@114 | patience=2/30 | time=5.03s
[2026-04-27 10:24:04] epoch  117/300 | train=0.000796 | val=0.000919 | best=0.000915@114 | patience=3/30 | time=5.26s
[2026-04-27 10:24:09] epoch  118/300 | train=0.000793 | val=0.000944 | best=0.000915@114 | patience=4/30 | time=5.18s
[2026-04-27 10:24:18] epoch  119/300 | train=0.000791 | val=0.000906 | best=0.000906@119 | patience=0/30 | time=5.00s *
[2026-04-27 10:24:23] epoch  120/300 | train=0.000786 | val=0.000910 | best=0.000906@119 | patience=1/30 | time=5.10s
[2026-04-27 10:24:29] epoch  121/300 | train=0.000784 | val=0.000932 | best=0.000906@119 | patience=2/30 | time=5.02s
[2026-04-27 10:24:34] epoch  122/300 | train=0.000786 | val=0.000910 | best=0.000906@119 | patience=3/30 | time=5.26s
[2026-04-27 10:24:39] epoch  123/300 | train=0.000780 | val=0.000945 | best=0.000906@119 | patience=4/30 | time=5.17s
[2026-04-27 10:24:44] epoch  124/300 | train=0.000781 | val=0.000914 | best=0.000906@119 | patience=5/30 | time=5.17s
[2026-04-27 10:24:54] epoch  125/300 | train=0.000777 | val=0.000903 | best=0.000903@125 | patience=0/30 | time=5.07s *
[2026-04-27 10:24:59] epoch  126/300 | train=0.000773 | val=0.000925 | best=0.000903@125 | patience=1/30 | time=5.02s
[2026-04-27 10:25:04] epoch  127/300 | train=0.000768 | val=0.000905 | best=0.000903@125 | patience=2/30 | time=5.52s
[2026-04-27 10:25:09] epoch  128/300 | train=0.000764 | val=0.001072 | best=0.000903@125 | patience=3/30 | time=5.00s
[2026-04-27 10:25:15] epoch  129/300 | train=0.000776 | val=0.001038 | best=0.000903@125 | patience=4/30 | time=5.21s
[2026-04-27 10:25:20] epoch  130/300 | train=0.000778 | val=0.000910 | best=0.000903@125 | patience=5/30 | time=5.06s
[2026-04-27 10:25:25] epoch  131/300 | train=0.000762 | val=0.000907 | best=0.000903@125 | patience=6/30 | time=5.05s
[2026-04-27 10:25:35] epoch  132/300 | train=0.000756 | val=0.000897 | best=0.000897@132 | patience=0/30 | time=5.27s *
[2026-04-27 10:25:44] epoch  133/300 | train=0.000756 | val=0.000890 | best=0.000890@133 | patience=0/30 | time=5.04s *
[2026-04-27 10:25:49] epoch  134/300 | train=0.000749 | val=0.000896 | best=0.000890@133 | patience=1/30 | time=5.10s
[2026-04-27 10:25:54] epoch  135/300 | train=0.000745 | val=0.000897 | best=0.000890@133 | patience=2/30 | time=5.02s
[2026-04-27 10:26:00] epoch  136/300 | train=0.000744 | val=0.000891 | best=0.000890@133 | patience=3/30 | time=5.26s
[2026-04-27 10:26:05] epoch  137/300 | train=0.000741 | val=0.000901 | best=0.000890@133 | patience=4/30 | time=5.20s
[2026-04-27 10:26:10] epoch  138/300 | train=0.000736 | val=0.000894 | best=0.000890@133 | patience=5/30 | time=5.00s
[2026-04-27 10:26:19] epoch  139/300 | train=0.000732 | val=0.000888 | best=0.000888@139 | patience=0/30 | time=5.07s *
[2026-04-27 10:26:24] epoch  140/300 | train=0.000731 | val=0.000952 | best=0.000888@139 | patience=1/30 | time=5.02s
[2026-04-27 10:26:30] epoch  141/300 | train=0.000728 | val=0.000931 | best=0.000888@139 | patience=2/30 | time=5.26s
[2026-04-27 10:26:35] epoch  142/300 | train=0.000728 | val=0.001027 | best=0.000888@139 | patience=3/30 | time=5.19s
[2026-04-27 10:26:45] epoch  143/300 | train=0.000729 | val=0.000881 | best=0.000881@143 | patience=0/30 | time=5.21s *
[2026-04-27 10:26:50] epoch  144/300 | train=0.000720 | val=0.000883 | best=0.000881@143 | patience=1/30 | time=5.03s
[2026-04-27 10:26:55] epoch  145/300 | train=0.000716 | val=0.000890 | best=0.000881@143 | patience=2/30 | time=5.02s
[2026-04-27 10:27:00] epoch  146/300 | train=0.000711 | val=0.000883 | best=0.000881@143 | patience=3/30 | time=5.51s
[2026-04-27 10:27:06] epoch  147/300 | train=0.000711 | val=0.000907 | best=0.000881@143 | patience=4/30 | time=5.00s
[2026-04-27 10:27:11] epoch  148/300 | train=0.000707 | val=0.000882 | best=0.000881@143 | patience=5/30 | time=5.22s
[2026-04-27 10:27:20] epoch  149/300 | train=0.000705 | val=0.000873 | best=0.000873@149 | patience=0/30 | time=5.06s *
[2026-04-27 10:27:25] epoch  150/300 | train=0.000699 | val=0.000919 | best=0.000873@149 | patience=1/30 | time=5.29s
[2026-04-27 10:27:31] epoch  151/300 | train=0.000699 | val=0.000888 | best=0.000873@149 | patience=2/30 | time=5.22s
[2026-04-27 10:27:36] epoch  152/300 | train=0.000698 | val=0.000918 | best=0.000873@149 | patience=3/30 | time=5.00s
[2026-04-27 10:27:41] epoch  153/300 | train=0.000693 | val=0.000881 | best=0.000873@149 | patience=4/30 | time=5.26s
[2026-04-27 10:27:46] epoch  154/300 | train=0.000690 | val=0.000913 | best=0.000873@149 | patience=5/30 | time=5.04s
[2026-04-27 10:27:51] epoch  155/300 | train=0.000689 | val=0.000879 | best=0.000873@149 | patience=6/30 | time=5.03s
[2026-04-27 10:27:57] epoch  156/300 | train=0.000684 | val=0.000886 | best=0.000873@149 | patience=7/30 | time=5.28s
[2026-04-27 10:28:02] epoch  157/300 | train=0.000678 | val=0.000888 | best=0.000873@149 | patience=8/30 | time=5.19s
[2026-04-27 10:28:08] epoch  158/300 | train=0.000671 | val=0.000880 | best=0.000873@149 | patience=9/30 | time=5.21s
[2026-04-27 10:28:13] epoch  159/300 | train=0.000666 | val=0.000888 | best=0.000873@149 | patience=10/30 | time=5.07s
[2026-04-27 10:28:18] epoch  160/300 | train=0.000670 | val=0.000877 | best=0.000873@149 | patience=11/30 | time=5.05s
[2026-04-27 10:28:28] epoch  161/300 | train=0.000666 | val=0.000864 | best=0.000864@161 | patience=0/30 | time=5.33s *
[2026-04-27 10:28:33] epoch  162/300 | train=0.000664 | val=0.000874 | best=0.000864@161 | patience=1/30 | time=5.02s
[2026-04-27 10:28:38] epoch  163/300 | train=0.000658 | val=0.000898 | best=0.000864@161 | patience=2/30 | time=5.18s
[2026-04-27 10:28:43] epoch  164/300 | train=0.000659 | val=0.000885 | best=0.000864@161 | patience=3/30 | time=5.10s
[2026-04-27 10:28:53] epoch  165/300 | train=0.000653 | val=0.000862 | best=0.000862@165 | patience=0/30 | time=5.02s *
[2026-04-27 10:28:58] epoch  166/300 | train=0.000648 | val=0.000863 | best=0.000862@165 | patience=1/30 | time=5.17s
[2026-04-27 10:29:03] epoch  167/300 | train=0.000644 | val=0.000888 | best=0.000862@165 | patience=2/30 | time=5.00s
[2026-04-27 10:29:09] epoch  168/300 | train=0.000646 | val=0.000939 | best=0.000862@165 | patience=3/30 | time=5.27s
[2026-04-27 10:29:14] epoch  169/300 | train=0.000641 | val=0.000935 | best=0.000862@165 | patience=4/30 | time=5.02s
[2026-04-27 10:29:19] epoch  170/300 | train=0.000639 | val=0.000917 | best=0.000862@165 | patience=5/30 | time=5.02s
[2026-04-27 10:29:24] epoch  171/300 | train=0.000633 | val=0.000868 | best=0.000862@165 | patience=6/30 | time=5.50s
[2026-04-27 10:29:30] epoch  172/300 | train=0.000630 | val=0.000908 | best=0.000862@165 | patience=7/30 | time=5.00s
[2026-04-27 10:29:39] epoch  173/300 | train=0.000630 | val=0.000858 | best=0.000858@173 | patience=0/30 | time=5.18s *
[2026-04-27 10:29:44] epoch  174/300 | train=0.000622 | val=0.000858 | best=0.000858@173 | patience=1/30 | time=5.02s
[2026-04-27 10:29:50] epoch  175/300 | train=0.000624 | val=0.000894 | best=0.000858@173 | patience=2/30 | time=5.32s
[2026-04-27 10:29:55] epoch  176/300 | train=0.000625 | val=0.000857 | best=0.000858@173 | patience=3/30 | time=5.19s
[2026-04-27 10:30:01] epoch  177/300 | train=0.000620 | val=0.000880 | best=0.000858@173 | patience=4/30 | time=5.00s
[2026-04-27 10:30:06] epoch  178/300 | train=0.000613 | val=0.000858 | best=0.000858@173 | patience=5/30 | time=5.25s
[2026-04-27 10:30:11] epoch  179/300 | train=0.000610 | val=0.000905 | best=0.000858@173 | patience=6/30 | time=5.03s
[2026-04-27 10:30:16] epoch  180/300 | train=0.000605 | val=0.000864 | best=0.000858@173 | patience=7/30 | time=5.03s
[2026-04-27 10:30:26] epoch  181/300 | train=0.000602 | val=0.000855 | best=0.000855@181 | patience=0/30 | time=5.26s *
[2026-04-27 10:30:31] epoch  182/300 | train=0.000598 | val=0.000877 | best=0.000855@181 | patience=1/30 | time=5.23s
[2026-04-27 10:30:36] epoch  183/300 | train=0.000596 | val=0.000868 | best=0.000855@181 | patience=2/30 | time=5.07s
[2026-04-27 10:30:42] epoch  184/300 | train=0.000593 | val=0.000881 | best=0.000855@181 | patience=3/30 | time=5.03s
[2026-04-27 10:30:47] epoch  185/300 | train=0.000591 | val=0.000855 | best=0.000855@181 | patience=4/30 | time=5.35s
[2026-04-27 10:30:52] epoch  186/300 | train=0.000586 | val=0.000855 | best=0.000855@181 | patience=5/30 | time=5.20s
[2026-04-27 10:31:02] epoch  187/300 | train=0.000585 | val=0.000852 | best=0.000852@187 | patience=0/30 | time=5.00s *
[2026-04-27 10:31:07] epoch  188/300 | train=0.000579 | val=0.000896 | best=0.000852@187 | patience=1/30 | time=5.06s
[2026-04-27 10:31:12] epoch  189/300 | train=0.000576 | val=0.000853 | best=0.000852@187 | patience=2/30 | time=5.05s
[2026-04-27 10:31:17] epoch  190/300 | train=0.000571 | val=0.000864 | best=0.000852@187 | patience=3/30 | time=5.33s
[2026-04-27 10:31:23] epoch  191/300 | train=0.000567 | val=0.000857 | best=0.000852@187 | patience=4/30 | time=5.19s
[2026-04-27 10:31:28] epoch  192/300 | train=0.000565 | val=0.000862 | best=0.000852@187 | patience=5/30 | time=5.01s
[2026-04-27 10:31:33] epoch  193/300 | train=0.000562 | val=0.000853 | best=0.000852@187 | patience=6/30 | time=5.28s
[2026-04-27 10:31:38] epoch  194/300 | train=0.000562 | val=0.000880 | best=0.000852@187 | patience=7/30 | time=5.02s
[2026-04-27 10:31:44] epoch  195/300 | train=0.000561 | val=0.000877 | best=0.000852@187 | patience=8/30 | time=5.02s
[2026-04-27 10:31:49] epoch  196/300 | train=0.000558 | val=0.000861 | best=0.000852@187 | patience=9/30 | time=5.46s
[2026-04-27 10:31:54] epoch  197/300 | train=0.000560 | val=0.000876 | best=0.000852@187 | patience=10/30 | time=5.01s
[2026-04-27 10:32:00] epoch  198/300 | train=0.000556 | val=0.000862 | best=0.000852@187 | patience=11/30 | time=5.17s
[2026-04-27 10:32:05] epoch  199/300 | train=0.000551 | val=0.000871 | best=0.000852@187 | patience=12/30 | time=5.06s
[2026-04-27 10:32:10] epoch  200/300 | train=0.000544 | val=0.000851 | best=0.000852@187 | patience=13/30 | time=5.06s
[2026-04-27 10:32:19] epoch  201/300 | train=0.000539 | val=0.000851 | best=0.000851@201 | patience=0/30 | time=5.27s *
[2026-04-27 10:32:25] epoch  202/300 | train=0.000538 | val=0.000865 | best=0.000851@201 | patience=1/30 | time=5.18s
[2026-04-27 10:32:30] epoch  203/300 | train=0.000536 | val=0.000868 | best=0.000851@201 | patience=2/30 | time=5.00s
[2026-04-27 10:32:39] epoch  204/300 | train=0.000532 | val=0.000848 | best=0.000848@204 | patience=0/30 | time=5.08s *
[2026-04-27 10:32:44] epoch  205/300 | train=0.000527 | val=0.000849 | best=0.000848@204 | patience=1/30 | time=5.02s
[2026-04-27 10:32:50] epoch  206/300 | train=0.000526 | val=0.000903 | best=0.000848@204 | patience=2/30 | time=5.32s
[2026-04-27 10:32:55] epoch  207/300 | train=0.000523 | val=0.002012 | best=0.000848@204 | patience=3/30 | time=5.18s
[2026-04-27 10:33:00] epoch  208/300 | train=0.000552 | val=0.000889 | best=0.000848@204 | patience=4/30 | time=5.17s
[2026-04-27 10:33:06] epoch  209/300 | train=0.000544 | val=0.000932 | best=0.000848@204 | patience=5/30 | time=5.07s
[2026-04-27 10:33:11] epoch  210/300 | train=0.000526 | val=0.000852 | best=0.000848@204 | patience=6/30 | time=5.05s
[2026-04-27 10:33:16] epoch  211/300 | train=0.000515 | val=0.000896 | best=0.000848@204 | patience=7/30 | time=5.26s
[2026-04-27 10:33:21] epoch  212/300 | train=0.000509 | val=0.000856 | best=0.000848@204 | patience=8/30 | time=5.17s
[2026-04-27 10:33:31] epoch  213/300 | train=0.000506 | val=0.000844 | best=0.000844@213 | patience=0/30 | time=5.00s *
[2026-04-27 10:33:36] epoch  214/300 | train=0.000502 | val=0.000855 | best=0.000844@213 | patience=1/30 | time=5.10s
[2026-04-27 10:33:41] epoch  215/300 | train=0.000501 | val=0.000850 | best=0.000844@213 | patience=2/30 | time=5.03s
[2026-04-27 10:33:46] epoch  216/300 | train=0.000496 | val=0.000849 | best=0.000844@213 | patience=3/30 | time=5.26s
[2026-04-27 10:33:52] epoch  217/300 | train=0.000491 | val=0.000853 | best=0.000844@213 | patience=4/30 | time=5.17s
[2026-04-27 10:34:01] epoch  218/300 | train=0.000489 | val=0.000840 | best=0.000840@218 | patience=0/30 | time=5.17s *
[2026-04-27 10:34:06] epoch  219/300 | train=0.000486 | val=0.000871 | best=0.000840@218 | patience=1/30 | time=5.02s
[2026-04-27 10:34:11] epoch  220/300 | train=0.000483 | val=0.000848 | best=0.000840@218 | patience=2/30 | time=5.02s
[2026-04-27 10:34:17] epoch  221/300 | train=0.000481 | val=0.000853 | best=0.000840@218 | patience=3/30 | time=5.50s
[2026-04-27 10:34:22] epoch  222/300 | train=0.000478 | val=0.000951 | best=0.000840@218 | patience=4/30 | time=5.00s
[2026-04-27 10:34:27] epoch  223/300 | train=0.000482 | val=0.000843 | best=0.000840@218 | patience=5/30 | time=5.18s
[2026-04-27 10:34:32] epoch  224/300 | train=0.000476 | val=0.000866 | best=0.000840@218 | patience=6/30 | time=5.05s
[2026-04-27 10:34:38] epoch  225/300 | train=0.000475 | val=0.000857 | best=0.000840@218 | patience=7/30 | time=5.05s
[2026-04-27 10:34:43] epoch  226/300 | train=0.000477 | val=0.000867 | best=0.000840@218 | patience=8/30 | time=5.27s
[2026-04-27 10:34:49] epoch  227/300 | train=0.000468 | val=0.000867 | best=0.000840@218 | patience=9/30 | time=5.22s
[2026-04-27 10:34:54] epoch  228/300 | train=0.000468 | val=0.000913 | best=0.000840@218 | patience=10/30 | time=5.18s
[2026-04-27 10:35:00] epoch  229/300 | train=0.000464 | val=0.000845 | best=0.000840@218 | patience=11/30 | time=5.06s
[2026-04-27 10:35:05] epoch  230/300 | train=0.000460 | val=0.000874 | best=0.000840@218 | patience=12/30 | time=5.03s
[2026-04-27 10:35:10] epoch  231/300 | train=0.000462 | val=0.000897 | best=0.000840@218 | patience=13/30 | time=5.35s
[2026-04-27 10:35:16] epoch  232/300 | train=0.000458 | val=0.000845 | best=0.000840@218 | patience=14/30 | time=5.19s
[2026-04-27 10:35:21] epoch  233/300 | train=0.000451 | val=0.000873 | best=0.000840@218 | patience=15/30 | time=5.00s
[2026-04-27 10:35:26] epoch  234/300 | train=0.000447 | val=0.000919 | best=0.000840@218 | patience=16/30 | time=5.25s
[2026-04-27 10:35:31] epoch  235/300 | train=0.000449 | val=0.000846 | best=0.000840@218 | patience=17/30 | time=5.03s
[2026-04-27 10:35:36] epoch  236/300 | train=0.000441 | val=0.000876 | best=0.000840@218 | patience=18/30 | time=5.02s
[2026-04-27 10:35:42] epoch  237/300 | train=0.000437 | val=0.000848 | best=0.000840@218 | patience=19/30 | time=5.27s
[2026-04-27 10:35:47] epoch  238/300 | train=0.000435 | val=0.000875 | best=0.000840@218 | patience=20/30 | time=5.00s
[2026-04-27 10:35:52] epoch  239/300 | train=0.000435 | val=0.000843 | best=0.000840@218 | patience=21/30 | time=5.20s
[2026-04-27 10:35:58] epoch  240/300 | train=0.000432 | val=0.000873 | best=0.000840@218 | patience=22/30 | time=5.05s
[2026-04-27 10:36:03] epoch  241/300 | train=0.000426 | val=0.000869 | best=0.000840@218 | patience=23/30 | time=5.03s
[2026-04-27 10:36:08] epoch  242/300 | train=0.000427 | val=0.000870 | best=0.000840@218 | patience=24/30 | time=5.28s
[2026-04-27 10:36:14] epoch  243/300 | train=0.000423 | val=0.000875 | best=0.000840@218 | patience=25/30 | time=5.22s
[2026-04-27 10:36:19] epoch  244/300 | train=0.000424 | val=0.000896 | best=0.000840@218 | patience=26/30 | time=5.00s
[2026-04-27 10:36:24] epoch  245/300 | train=0.000421 | val=0.000875 | best=0.000840@218 | patience=27/30 | time=5.26s
[2026-04-27 10:36:29] epoch  246/300 | train=0.000422 | val=0.000892 | best=0.000840@218 | patience=28/30 | time=5.02s
[2026-04-27 10:36:34] epoch  247/300 | train=0.000421 | val=0.000848 | best=0.000840@218 | patience=29/30 | time=5.02s
[2026-04-27 10:36:40] epoch  248/300 | train=0.000414 | val=0.000877 | best=0.000840@218 | patience=30/30 | time=5.49s
[2026-04-27 10:36:40]   early stopping at epoch 248 (no improvement for 30 epochs)
[2026-04-27 10:36:40] Training done: stop_reason=early_stop, total_epochs=248, best_epoch=218, best_val=0.000840
[2026-04-27 10:36:40] Reloading best checkpoint (epoch 218) for evaluation
[2026-04-27 10:36:50] ------------------------------------------------------------
[2026-04-27 10:36:50] Evaluation:
[2026-04-27 10:36:50]   AUC broken_lcfs         : 0.5935
[2026-04-27 10:36:50]   AUC bad_black_core      : 0.9934
[2026-04-27 10:36:50]   AUC bad_nonconverged    : 0.9987
[2026-04-27 10:36:50]   objective      : 0.8350
[2026-04-27 10:36:50]   floor_ok       : True
[2026-04-27 10:36:50]   threshold      : 0.1898
[2026-04-27 10:36:50]   mu / sigma     : 0.000484094 / 0.000107929
[2026-04-27 10:36:50] Train time=1619.3s, eval time=5.7s
