[2026-04-27 08:22:37] ============================================================
[2026-04-27 08:22:37] Trial 137 starting on cuda:0
[2026-04-27 08:22:37] Timestamp: 2026-04-27T08:22:37.553563
[2026-04-27 08:22:37] --- Config summary ---
  bottleneck_dim  : 205
  n_enc_layers    : 5
  n_dec_layers    : 5
  base_channels   : 49
  growth_factor   : 1.9129137459148464
  use_batchnorm   : True
  use_hpf         : True
  hpf_sigma       : 1.1904778518430594
  lr              : 0.00045631982140929725
  batch_size      : 24
  max_epochs      : 300
  patience        : 30
  seed            : 42
  deterministic   : False
  trial_num       : 137
[2026-04-27 08:22:37] Loading train/val/selection splits...
[2026-04-27 08:23:37] Splits loaded in 60.2s: n_train=722, n_val=120, n_selection=405
[2026-04-27 08:23:39] --- Architecture summary ---
  channels per enc layer : [49, 94, 179, 343, 656]
  final spatial size     : 8x8
  flat size before latent: 41984
  bottleneck_dim         : 205
  total parameters       : 47,979,456
[2026-04-27 08:23:39] Starting training: n_train=722, n_val=120, device=cuda:0
[2026-04-27 08:26:46] epoch    1/300 | train=0.004845 | val=0.003705 | best=0.003705@1 | patience=0/30 | time=185.67s *
[2026-04-27 08:26:56] epoch    2/300 | train=0.003147 | val=0.003672 | best=0.003672@2 | patience=0/30 | time=8.93s *
[2026-04-27 08:27:07] epoch    3/300 | train=0.003037 | val=0.003078 | best=0.003078@3 | patience=0/30 | time=10.30s *
[2026-04-27 08:27:17] epoch    4/300 | train=0.002960 | val=0.003048 | best=0.003048@4 | patience=0/30 | time=9.41s *
[2026-04-27 08:27:31] epoch    5/300 | train=0.002877 | val=0.002898 | best=0.002898@5 | patience=0/30 | time=13.32s *
[2026-04-27 08:27:41] epoch    6/300 | train=0.002637 | val=0.002855 | best=0.002855@6 | patience=0/30 | time=8.95s *
[2026-04-27 08:27:51] epoch    7/300 | train=0.002268 | val=0.002305 | best=0.002305@7 | patience=0/30 | time=9.40s *
[2026-04-27 08:28:01] epoch    8/300 | train=0.001977 | val=0.001876 | best=0.001876@8 | patience=0/30 | time=9.00s *
[2026-04-27 08:28:11] epoch    9/300 | train=0.001781 | val=0.001818 | best=0.001818@9 | patience=0/30 | time=8.91s *
[2026-04-27 08:28:22] epoch   10/300 | train=0.001687 | val=0.001753 | best=0.001753@10 | patience=0/30 | time=10.28s *
[2026-04-27 08:28:32] epoch   11/300 | train=0.001627 | val=0.001751 | best=0.001751@11 | patience=0/30 | time=9.50s *
[2026-04-27 08:28:42] epoch   12/300 | train=0.001594 | val=0.001712 | best=0.001712@12 | patience=0/30 | time=9.19s *
[2026-04-27 08:28:53] epoch   13/300 | train=0.001571 | val=0.001558 | best=0.001558@13 | patience=0/30 | time=10.26s *
[2026-04-27 08:29:03] epoch   14/300 | train=0.001553 | val=0.001555 | best=0.001555@14 | patience=0/30 | time=9.14s *
[2026-04-27 08:29:13] epoch   15/300 | train=0.001546 | val=0.001581 | best=0.001555@14 | patience=1/30 | time=9.49s
[2026-04-27 08:29:22] epoch   16/300 | train=0.001563 | val=0.001582 | best=0.001555@14 | patience=2/30 | time=8.96s
[2026-04-27 08:29:31] epoch   17/300 | train=0.001533 | val=0.001693 | best=0.001555@14 | patience=3/30 | time=8.91s
[2026-04-27 08:29:42] epoch   18/300 | train=0.001566 | val=0.001532 | best=0.001532@18 | patience=0/30 | time=9.99s *
[2026-04-27 08:29:52] epoch   19/300 | train=0.001519 | val=0.001522 | best=0.001522@19 | patience=0/30 | time=9.47s *
[2026-04-27 08:30:05] epoch   20/300 | train=0.001512 | val=0.001770 | best=0.001522@19 | patience=1/30 | time=12.39s
[2026-04-27 08:30:15] epoch   21/300 | train=0.001615 | val=0.001588 | best=0.001522@19 | patience=2/30 | time=10.57s
[2026-04-27 08:30:25] epoch   22/300 | train=0.001522 | val=0.001507 | best=0.001507@22 | patience=0/30 | time=9.21s *
[2026-04-27 08:30:38] epoch   23/300 | train=0.001505 | val=0.001642 | best=0.001507@22 | patience=1/30 | time=12.86s
[2026-04-27 08:30:48] epoch   24/300 | train=0.001540 | val=0.001515 | best=0.001507@22 | patience=2/30 | time=9.59s
[2026-04-27 08:30:57] epoch   25/300 | train=0.001507 | val=0.001535 | best=0.001507@22 | patience=3/30 | time=9.52s
[2026-04-27 08:31:07] epoch   26/300 | train=0.001506 | val=0.001960 | best=0.001507@22 | patience=4/30 | time=9.40s
[2026-04-27 08:31:16] epoch   27/300 | train=0.001569 | val=0.001526 | best=0.001507@22 | patience=5/30 | time=9.06s
[2026-04-27 08:31:26] epoch   28/300 | train=0.001513 | val=0.001513 | best=0.001507@22 | patience=6/30 | time=9.85s
[2026-04-27 08:31:36] epoch   29/300 | train=0.001508 | val=0.001504 | best=0.001504@29 | patience=0/30 | time=9.43s *
[2026-04-27 08:31:46] epoch   30/300 | train=0.001495 | val=0.001504 | best=0.001504@29 | patience=1/30 | time=9.28s
[2026-04-27 08:31:59] epoch   31/300 | train=0.001495 | val=0.001599 | best=0.001504@29 | patience=2/30 | time=9.60s
[2026-04-27 08:32:09] epoch   32/300 | train=0.001498 | val=0.001490 | best=0.001490@32 | patience=0/30 | time=9.33s *
[2026-04-27 08:32:22] epoch   33/300 | train=0.001501 | val=0.001506 | best=0.001490@32 | patience=1/30 | time=13.31s
[2026-04-27 08:32:32] epoch   34/300 | train=0.001497 | val=0.001503 | best=0.001490@32 | patience=2/30 | time=9.46s
[2026-04-27 08:32:41] epoch   35/300 | train=0.001501 | val=0.001571 | best=0.001490@32 | patience=3/30 | time=9.06s
[2026-04-27 08:32:51] epoch   36/300 | train=0.001505 | val=0.001533 | best=0.001490@32 | patience=4/30 | time=9.30s
[2026-04-27 08:33:00] epoch   37/300 | train=0.001500 | val=0.001495 | best=0.001490@32 | patience=5/30 | time=9.40s
[2026-04-27 08:33:12] epoch   38/300 | train=0.001485 | val=0.002129 | best=0.001490@32 | patience=6/30 | time=12.20s
[2026-04-27 08:33:22] epoch   39/300 | train=0.001540 | val=0.001756 | best=0.001490@32 | patience=7/30 | time=9.92s
[2026-04-27 08:33:32] epoch   40/300 | train=0.001502 | val=0.001510 | best=0.001490@32 | patience=8/30 | time=9.78s
[2026-04-27 08:33:46] epoch   41/300 | train=0.001491 | val=0.001589 | best=0.001490@32 | patience=9/30 | time=13.32s
[2026-04-27 08:33:55] epoch   42/300 | train=0.001501 | val=0.001513 | best=0.001490@32 | patience=10/30 | time=8.94s
[2026-04-27 08:34:04] epoch   43/300 | train=0.001499 | val=0.001553 | best=0.001490@32 | patience=11/30 | time=9.39s
[2026-04-27 08:34:14] epoch   44/300 | train=0.001488 | val=0.001484 | best=0.001484@44 | patience=0/30 | time=9.00s *
[2026-04-27 08:34:23] epoch   45/300 | train=0.001484 | val=0.001606 | best=0.001484@44 | patience=1/30 | time=8.98s
[2026-04-27 08:34:33] epoch   46/300 | train=0.001514 | val=0.001494 | best=0.001484@44 | patience=2/30 | time=9.17s
[2026-04-27 08:34:43] epoch   47/300 | train=0.001476 | val=0.001547 | best=0.001484@44 | patience=3/30 | time=10.60s
[2026-04-27 08:34:52] epoch   48/300 | train=0.001491 | val=0.001516 | best=0.001484@44 | patience=4/30 | time=9.09s
[2026-04-27 08:35:06] epoch   49/300 | train=0.001476 | val=0.001516 | best=0.001484@44 | patience=5/30 | time=13.19s
[2026-04-27 08:35:16] epoch   50/300 | train=0.001476 | val=0.001468 | best=0.001468@50 | patience=0/30 | time=8.94s *
[2026-04-27 08:35:16]   pruned at epoch 50
[2026-04-27 08:35:16] Training done: stop_reason=pruned, total_epochs=50, best_epoch=50, best_val=0.001468
[2026-04-27 08:35:16] Reloading best checkpoint (epoch 50) for evaluation
[2026-04-27 08:35:40] ------------------------------------------------------------
[2026-04-27 08:35:40] Evaluation:
[2026-04-27 08:35:40]   AUC broken_lcfs         : 0.6394
[2026-04-27 08:35:40]   AUC bad_black_core      : 0.9789
[2026-04-27 08:35:40]   AUC bad_nonconverged    : 0.9838
[2026-04-27 08:35:40]   objective      : 0.8446
[2026-04-27 08:35:40]   floor_ok       : True
[2026-04-27 08:35:40]   threshold      : 0.0005
[2026-04-27 08:35:40]   mu / sigma     : 0.00145869 / 0.000321233
[2026-04-27 08:35:40] Train time=696.4s, eval time=23.2s
