[2026-04-27 01:29:52] ============================================================
[2026-04-27 01:29:52] Trial 26 starting on cuda:0
[2026-04-27 01:29:52] Timestamp: 2026-04-27T01:29:52.565099
[2026-04-27 01:29:52] --- Config summary ---
  bottleneck_dim  : 174
  n_enc_layers    : 2
  n_dec_layers    : 2
  base_channels   : 37
  growth_factor   : 2.6832529751768237
  use_batchnorm   : True
  use_hpf         : True
  hpf_sigma       : 2.8512432332934914
  lr              : 0.0013554574280660913
  batch_size      : 24
  max_epochs      : 300
  patience        : 30
  seed            : 42
  deterministic   : False
  trial_num       : 26
[2026-04-27 01:29:52] Loading train/val/selection splits...
[2026-04-27 01:30:52] Splits loaded in 59.5s: n_train=722, n_val=120, n_selection=405
[2026-04-27 01:30:59] --- Architecture summary ---
  channels per enc layer : [37, 99]
  final spatial size     : 64x64
  flat size before latent: 405504
  bottleneck_dim         : 174
  total parameters       : 141,777,338
[2026-04-27 01:30:59] Starting training: n_train=722, n_val=120, device=cuda:0
[2026-04-27 01:32:24] epoch    1/300 | train=0.005564 | val=0.004743 | best=0.004743@1 | patience=0/30 | time=80.67s *
[2026-04-27 01:32:32] epoch    2/300 | train=0.003758 | val=0.004607 | best=0.004607@2 | patience=0/30 | time=3.18s *
[2026-04-27 01:32:39] epoch    3/300 | train=0.003511 | val=0.003429 | best=0.003429@3 | patience=0/30 | time=3.37s *
[2026-04-27 01:32:47] epoch    4/300 | train=0.003396 | val=0.003418 | best=0.003418@4 | patience=0/30 | time=3.17s *
[2026-04-27 01:32:50] epoch    5/300 | train=0.003296 | val=0.003423 | best=0.003418@4 | patience=1/30 | time=3.41s
[2026-04-27 01:32:53] epoch    6/300 | train=0.003245 | val=0.003777 | best=0.003418@4 | patience=2/30 | time=3.19s
[2026-04-27 01:32:57] epoch    7/300 | train=0.003309 | val=0.003566 | best=0.003418@4 | patience=3/30 | time=3.14s
[2026-04-27 01:33:04] epoch    8/300 | train=0.003280 | val=0.003351 | best=0.003351@8 | patience=0/30 | time=3.14s *
[2026-04-27 01:33:12] epoch    9/300 | train=0.003160 | val=0.003169 | best=0.003169@9 | patience=0/30 | time=3.27s *
[2026-04-27 01:33:15] epoch   10/300 | train=0.003114 | val=0.003182 | best=0.003169@9 | patience=1/30 | time=3.18s
[2026-04-27 01:33:23] epoch   11/300 | train=0.003105 | val=0.003131 | best=0.003131@11 | patience=0/30 | time=3.47s *
[2026-04-27 01:33:30] epoch   12/300 | train=0.003071 | val=0.003070 | best=0.003070@12 | patience=0/30 | time=3.17s *
[2026-04-27 01:33:34] epoch   13/300 | train=0.003051 | val=0.003100 | best=0.003070@12 | patience=1/30 | time=3.26s
[2026-04-27 01:33:37] epoch   14/300 | train=0.002991 | val=0.003259 | best=0.003070@12 | patience=2/30 | time=3.17s
[2026-04-27 01:33:40] epoch   15/300 | train=0.002915 | val=0.003771 | best=0.003070@12 | patience=3/30 | time=3.15s
[2026-04-27 01:33:48] epoch   16/300 | train=0.002866 | val=0.002908 | best=0.002908@16 | patience=0/30 | time=3.18s *
[2026-04-27 01:33:55] epoch   17/300 | train=0.002777 | val=0.002801 | best=0.002801@17 | patience=0/30 | time=3.19s *
[2026-04-27 01:33:59] epoch   18/300 | train=0.002723 | val=0.003203 | best=0.002801@17 | patience=1/30 | time=3.38s
[2026-04-27 01:34:06] epoch   19/300 | train=0.002662 | val=0.002734 | best=0.002734@19 | patience=0/30 | time=3.28s *
[2026-04-27 01:34:09] epoch   20/300 | train=0.002569 | val=0.002799 | best=0.002734@19 | patience=1/30 | time=3.18s
[2026-04-27 01:34:17] epoch   21/300 | train=0.002501 | val=0.002510 | best=0.002510@21 | patience=0/30 | time=3.45s *
[2026-04-27 01:34:20] epoch   22/300 | train=0.002403 | val=0.002704 | best=0.002510@21 | patience=1/30 | time=3.19s
[2026-04-27 01:34:23] epoch   23/300 | train=0.002316 | val=0.005666 | best=0.002510@21 | patience=2/30 | time=3.15s
[2026-04-27 01:34:31] epoch   24/300 | train=0.002478 | val=0.002436 | best=0.002436@24 | patience=0/30 | time=3.37s *
[2026-04-27 01:34:39] epoch   25/300 | train=0.002212 | val=0.002231 | best=0.002231@25 | patience=0/30 | time=3.17s *
[2026-04-27 01:34:42] epoch   26/300 | train=0.002101 | val=0.002297 | best=0.002231@25 | patience=1/30 | time=3.46s
[2026-04-27 01:34:49] epoch   27/300 | train=0.002060 | val=0.002104 | best=0.002104@27 | patience=0/30 | time=3.19s *
[2026-04-27 01:34:53] epoch   28/300 | train=0.001964 | val=0.002205 | best=0.002104@27 | patience=1/30 | time=3.42s
[2026-04-27 01:35:00] epoch   29/300 | train=0.001961 | val=0.002083 | best=0.002083@29 | patience=0/30 | time=3.15s *
[2026-04-27 01:35:08] epoch   30/300 | train=0.001887 | val=0.002041 | best=0.002041@30 | patience=0/30 | time=3.15s *
[2026-04-27 01:35:16] epoch   31/300 | train=0.001832 | val=0.002000 | best=0.002000@31 | patience=0/30 | time=3.40s *
[2026-04-27 01:35:19] epoch   32/300 | train=0.001801 | val=0.002016 | best=0.002000@31 | patience=1/30 | time=3.15s
[2026-04-27 01:35:26] epoch   33/300 | train=0.001766 | val=0.001948 | best=0.001948@33 | patience=0/30 | time=3.17s *
[2026-04-27 01:35:34] epoch   34/300 | train=0.001697 | val=0.001946 | best=0.001946@34 | patience=0/30 | time=3.27s *
[2026-04-27 01:35:42] epoch   35/300 | train=0.001682 | val=0.001933 | best=0.001933@35 | patience=0/30 | time=3.18s *
[2026-04-27 01:35:49] epoch   36/300 | train=0.001645 | val=0.001922 | best=0.001922@36 | patience=0/30 | time=3.19s *
[2026-04-27 01:35:52] epoch   37/300 | train=0.001595 | val=0.001984 | best=0.001922@36 | patience=1/30 | time=3.38s
[2026-04-27 01:35:56] epoch   38/300 | train=0.001584 | val=0.002423 | best=0.001922@36 | patience=2/30 | time=3.29s
[2026-04-27 01:36:03] epoch   39/300 | train=0.001585 | val=0.001905 | best=0.001905@39 | patience=0/30 | time=3.17s *
[2026-04-27 01:36:11] epoch   40/300 | train=0.001491 | val=0.001845 | best=0.001845@40 | patience=0/30 | time=3.41s *
[2026-04-27 01:36:14] epoch   41/300 | train=0.001483 | val=0.002019 | best=0.001845@40 | patience=1/30 | time=3.17s
[2026-04-27 01:36:18] epoch   42/300 | train=0.001477 | val=0.002118 | best=0.001845@40 | patience=2/30 | time=3.42s
[2026-04-27 01:36:25] epoch   43/300 | train=0.001436 | val=0.001785 | best=0.001785@43 | patience=0/30 | time=3.27s *
[2026-04-27 01:36:29] epoch   44/300 | train=0.001387 | val=0.001855 | best=0.001785@43 | patience=1/30 | time=3.15s
[2026-04-27 01:36:32] epoch   45/300 | train=0.001364 | val=0.002472 | best=0.001785@43 | patience=2/30 | time=3.18s
[2026-04-27 01:36:35] epoch   46/300 | train=0.001382 | val=0.002175 | best=0.001785@43 | patience=3/30 | time=3.41s
[2026-04-27 01:36:39] epoch   47/300 | train=0.001332 | val=0.001798 | best=0.001785@43 | patience=4/30 | time=3.18s
[2026-04-27 01:36:42] epoch   48/300 | train=0.001310 | val=0.002025 | best=0.001785@43 | patience=5/30 | time=3.14s
[2026-04-27 01:36:45] epoch   49/300 | train=0.001318 | val=0.001959 | best=0.001785@43 | patience=6/30 | time=3.42s
[2026-04-27 01:36:53] epoch   50/300 | train=0.001266 | val=0.001726 | best=0.001726@50 | patience=0/30 | time=3.29s *
[2026-04-27 01:36:56] epoch   51/300 | train=0.001211 | val=0.001738 | best=0.001726@50 | patience=1/30 | time=3.18s
[2026-04-27 01:37:00] epoch   52/300 | train=0.001211 | val=0.001853 | best=0.001726@50 | patience=2/30 | time=3.14s
[2026-04-27 01:37:08] epoch   53/300 | train=0.001185 | val=0.001714 | best=0.001714@53 | patience=0/30 | time=3.46s *
[2026-04-27 01:37:11] epoch   54/300 | train=0.001152 | val=0.001810 | best=0.001714@53 | patience=1/30 | time=3.17s
[2026-04-27 01:37:14] epoch   55/300 | train=0.001134 | val=0.001894 | best=0.001714@53 | patience=2/30 | time=3.42s
[2026-04-27 01:37:18] epoch   56/300 | train=0.001102 | val=0.001865 | best=0.001714@53 | patience=3/30 | time=3.27s
[2026-04-27 01:37:21] epoch   57/300 | train=0.001072 | val=0.001718 | best=0.001714@53 | patience=4/30 | time=3.17s
[2026-04-27 01:37:24] epoch   58/300 | train=0.001061 | val=0.001888 | best=0.001714@53 | patience=5/30 | time=3.17s
[2026-04-27 01:37:28] epoch   59/300 | train=0.001047 | val=0.001780 | best=0.001714@53 | patience=6/30 | time=3.15s
[2026-04-27 01:37:31] epoch   60/300 | train=0.001041 | val=0.001758 | best=0.001714@53 | patience=7/30 | time=3.46s
[2026-04-27 01:37:39] epoch   61/300 | train=0.001021 | val=0.001711 | best=0.001711@61 | patience=0/30 | time=3.19s *
[2026-04-27 01:37:42] epoch   62/300 | train=0.000977 | val=0.001744 | best=0.001711@61 | patience=1/30 | time=3.38s
[2026-04-27 01:37:45] epoch   63/300 | train=0.000988 | val=0.001713 | best=0.001711@61 | patience=2/30 | time=3.29s
[2026-04-27 01:37:49] epoch   64/300 | train=0.000943 | val=0.001737 | best=0.001711@61 | patience=3/30 | time=3.17s
[2026-04-27 01:37:52] epoch   65/300 | train=0.000913 | val=0.001734 | best=0.001711@61 | patience=4/30 | time=3.18s
[2026-04-27 01:37:56] epoch   66/300 | train=0.000901 | val=0.001745 | best=0.001711@61 | patience=5/30 | time=3.41s
[2026-04-27 01:37:59] epoch   67/300 | train=0.000875 | val=0.001856 | best=0.001711@61 | patience=6/30 | time=3.18s
[2026-04-27 01:38:02] epoch   68/300 | train=0.000871 | val=0.001816 | best=0.001711@61 | patience=7/30 | time=3.15s
[2026-04-27 01:38:05] epoch   69/300 | train=0.000879 | val=0.001794 | best=0.001711@61 | patience=8/30 | time=3.15s
[2026-04-27 01:38:09] epoch   70/300 | train=0.000920 | val=0.001981 | best=0.001711@61 | patience=9/30 | time=3.38s
[2026-04-27 01:38:12] epoch   71/300 | train=0.000874 | val=0.001858 | best=0.001711@61 | patience=10/30 | time=3.27s
[2026-04-27 01:38:15] epoch   72/300 | train=0.000801 | val=0.001973 | best=0.001711@61 | patience=11/30 | time=3.17s
[2026-04-27 01:38:19] epoch   73/300 | train=0.000846 | val=0.001890 | best=0.001711@61 | patience=12/30 | time=3.17s
[2026-04-27 01:38:27] epoch   74/300 | train=0.000783 | val=0.001687 | best=0.001687@74 | patience=0/30 | time=3.40s *
[2026-04-27 01:38:30] epoch   75/300 | train=0.000736 | val=0.001707 | best=0.001687@74 | patience=1/30 | time=3.15s
[2026-04-27 01:38:33] epoch   76/300 | train=0.000726 | val=0.001730 | best=0.001687@74 | patience=2/30 | time=3.15s
[2026-04-27 01:38:37] epoch   77/300 | train=0.000689 | val=0.001689 | best=0.001687@74 | patience=3/30 | time=3.38s
[2026-04-27 01:38:40] epoch   78/300 | train=0.000687 | val=0.001946 | best=0.001687@74 | patience=4/30 | time=3.29s
[2026-04-27 01:38:43] epoch   79/300 | train=0.000760 | val=0.001744 | best=0.001687@74 | patience=5/30 | time=3.17s
[2026-04-27 01:38:47] epoch   80/300 | train=0.000692 | val=0.001772 | best=0.001687@74 | patience=6/30 | time=3.18s
[2026-04-27 01:38:50] epoch   81/300 | train=0.000666 | val=0.001805 | best=0.001687@74 | patience=7/30 | time=3.40s
[2026-04-27 01:38:53] epoch   82/300 | train=0.000641 | val=0.001758 | best=0.001687@74 | patience=8/30 | time=3.15s
[2026-04-27 01:38:57] epoch   83/300 | train=0.000617 | val=0.001862 | best=0.001687@74 | patience=9/30 | time=3.18s
[2026-04-27 01:39:00] epoch   84/300 | train=0.000611 | val=0.001740 | best=0.001687@74 | patience=10/30 | time=3.15s
[2026-04-27 01:39:04] epoch   85/300 | train=0.000597 | val=0.001749 | best=0.001687@74 | patience=11/30 | time=3.42s
[2026-04-27 01:39:07] epoch   86/300 | train=0.000587 | val=0.001857 | best=0.001687@74 | patience=12/30 | time=3.26s
[2026-04-27 01:39:10] epoch   87/300 | train=0.000594 | val=0.002951 | best=0.001687@74 | patience=13/30 | time=3.17s
[2026-04-27 01:39:14] epoch   88/300 | train=0.000695 | val=0.001855 | best=0.001687@74 | patience=14/30 | time=3.18s
[2026-04-27 01:39:17] epoch   89/300 | train=0.000620 | val=0.001808 | best=0.001687@74 | patience=15/30 | time=3.41s
[2026-04-27 01:39:20] epoch   90/300 | train=0.000584 | val=0.001913 | best=0.001687@74 | patience=16/30 | time=3.15s
[2026-04-27 01:39:24] epoch   91/300 | train=0.000547 | val=0.001729 | best=0.001687@74 | patience=17/30 | time=3.18s
[2026-04-27 01:39:27] epoch   92/300 | train=0.000522 | val=0.001753 | best=0.001687@74 | patience=18/30 | time=3.15s
[2026-04-27 01:39:30] epoch   93/300 | train=0.000497 | val=0.001725 | best=0.001687@74 | patience=19/30 | time=3.38s
[2026-04-27 01:39:34] epoch   94/300 | train=0.000521 | val=0.001878 | best=0.001687@74 | patience=20/30 | time=3.27s
[2026-04-27 01:39:37] epoch   95/300 | train=0.000490 | val=0.001760 | best=0.001687@74 | patience=21/30 | time=3.17s
[2026-04-27 01:39:40] epoch   96/300 | train=0.000452 | val=0.001815 | best=0.001687@74 | patience=22/30 | time=3.18s
[2026-04-27 01:39:44] epoch   97/300 | train=0.000447 | val=0.001724 | best=0.001687@74 | patience=23/30 | time=3.14s
[2026-04-27 01:39:48] epoch   98/300 | train=0.000436 | val=0.001833 | best=0.001687@74 | patience=24/30 | time=3.15s
[2026-04-27 01:39:51] epoch   99/300 | train=0.000429 | val=0.001827 | best=0.001687@74 | patience=25/30 | time=3.19s
[2026-04-27 01:39:54] epoch  100/300 | train=0.000431 | val=0.001841 | best=0.001687@74 | patience=26/30 | time=3.15s
[2026-04-27 01:39:58] epoch  101/300 | train=0.000465 | val=0.002435 | best=0.001687@74 | patience=27/30 | time=3.37s
[2026-04-27 01:40:01] epoch  102/300 | train=0.000492 | val=0.001913 | best=0.001687@74 | patience=28/30 | time=3.27s
[2026-04-27 01:40:04] epoch  103/300 | train=0.000444 | val=0.001871 | best=0.001687@74 | patience=29/30 | time=3.17s
[2026-04-27 01:40:08] epoch  104/300 | train=0.000405 | val=0.001807 | best=0.001687@74 | patience=30/30 | time=3.15s
[2026-04-27 01:40:08]   early stopping at epoch 104 (no improvement for 30 epochs)
[2026-04-27 01:40:08] Training done: stop_reason=early_stop, total_epochs=104, best_epoch=74, best_val=0.001687
[2026-04-27 01:40:08] Reloading best checkpoint (epoch 74) for evaluation
[2026-04-27 01:40:19] ------------------------------------------------------------
[2026-04-27 01:40:19] Evaluation:
[2026-04-27 01:40:19]   AUC broken_lcfs         : 0.6041
[2026-04-27 01:40:19]   AUC bad_black_core      : 0.9970
[2026-04-27 01:40:19]   AUC bad_nonconverged    : 0.9987
[2026-04-27 01:40:19]   objective      : 0.8403
[2026-04-27 01:40:19]   floor_ok       : True
[2026-04-27 01:40:19]   threshold      : 0.3432
[2026-04-27 01:40:19]   mu / sigma     : 0.000762749 / 0.000141462
[2026-04-27 01:40:19] Train time=548.7s, eval time=7.1s
