[2026-04-27 08:27:06] ============================================================
[2026-04-27 08:27:06] Trial 139 starting on cuda:0
[2026-04-27 08:27:06] Timestamp: 2026-04-27T08:27:06.331419
[2026-04-27 08:27:06] --- Config summary ---
  bottleneck_dim  : 249
  n_enc_layers    : 5
  n_dec_layers    : 5
  base_channels   : 56
  growth_factor   : 1.662311052799824
  use_batchnorm   : True
  use_hpf         : True
  hpf_sigma       : 1.0640866582898971
  lr              : 8.62711875802652e-05
  batch_size      : 24
  max_epochs      : 300
  patience        : 30
  seed            : 42
  deterministic   : False
  trial_num       : 139
[2026-04-27 08:27:06] Loading train/val/selection splits...
[2026-04-27 08:28:05] Splits loaded in 59.1s: n_train=722, n_val=120, n_selection=405
[2026-04-27 08:28:06] --- Architecture summary ---
  channels per enc layer : [56, 93, 155, 257, 428]
  final spatial size     : 8x8
  flat size before latent: 27392
  bottleneck_dim         : 249
  total parameters       : 28,647,596
[2026-04-27 08:28:06] Starting training: n_train=722, n_val=120, device=cuda:0
[2026-04-27 08:30:47] epoch    1/300 | train=0.004597 | val=0.003586 | best=0.003586@1 | patience=0/30 | time=160.93s *
[2026-04-27 08:30:56] epoch    2/300 | train=0.002515 | val=0.003015 | best=0.003015@2 | patience=0/30 | time=7.67s *
[2026-04-27 08:31:04] epoch    3/300 | train=0.002032 | val=0.001943 | best=0.001943@3 | patience=0/30 | time=7.70s *
[2026-04-27 08:31:12] epoch    4/300 | train=0.001753 | val=0.001739 | best=0.001739@4 | patience=0/30 | time=7.54s *
[2026-04-27 08:31:20] epoch    5/300 | train=0.001653 | val=0.001556 | best=0.001556@5 | patience=0/30 | time=7.91s *
[2026-04-27 08:31:28] epoch    6/300 | train=0.001507 | val=0.001560 | best=0.001556@5 | patience=1/30 | time=7.66s
[2026-04-27 08:31:36] epoch    7/300 | train=0.001471 | val=0.001503 | best=0.001503@7 | patience=0/30 | time=7.57s *
[2026-04-27 08:31:45] epoch    8/300 | train=0.001459 | val=0.001498 | best=0.001498@8 | patience=0/30 | time=7.78s *
[2026-04-27 08:31:53] epoch    9/300 | train=0.001430 | val=0.001379 | best=0.001379@9 | patience=0/30 | time=7.70s *
[2026-04-27 08:32:01] epoch   10/300 | train=0.001367 | val=0.001398 | best=0.001379@9 | patience=1/30 | time=7.71s
[2026-04-27 08:32:09] epoch   11/300 | train=0.001367 | val=0.001351 | best=0.001351@11 | patience=0/30 | time=7.54s *
[2026-04-27 08:32:17] epoch   12/300 | train=0.001334 | val=0.001329 | best=0.001329@12 | patience=0/30 | time=8.02s *
[2026-04-27 08:32:26] epoch   13/300 | train=0.001317 | val=0.001305 | best=0.001305@13 | patience=0/30 | time=7.69s *
[2026-04-27 08:32:33] epoch   14/300 | train=0.001309 | val=0.001317 | best=0.001305@13 | patience=1/30 | time=7.57s
[2026-04-27 08:32:42] epoch   15/300 | train=0.001297 | val=0.001302 | best=0.001302@15 | patience=0/30 | time=7.77s *
[2026-04-27 08:32:51] epoch   16/300 | train=0.001295 | val=0.001278 | best=0.001278@16 | patience=0/30 | time=7.66s *
[2026-04-27 08:32:58] epoch   17/300 | train=0.001261 | val=0.001286 | best=0.001278@16 | patience=1/30 | time=7.72s
[2026-04-27 08:33:07] epoch   18/300 | train=0.001271 | val=0.001264 | best=0.001264@18 | patience=0/30 | time=7.53s *
[2026-04-27 08:33:15] epoch   19/300 | train=0.001238 | val=0.001230 | best=0.001230@19 | patience=0/30 | time=7.94s *
[2026-04-27 08:33:23] epoch   20/300 | train=0.001217 | val=0.001489 | best=0.001230@19 | patience=1/30 | time=7.69s
[2026-04-27 08:33:31] epoch   21/300 | train=0.001325 | val=0.001257 | best=0.001230@19 | patience=2/30 | time=7.58s
[2026-04-27 08:33:39] epoch   22/300 | train=0.001222 | val=0.001211 | best=0.001211@22 | patience=0/30 | time=7.83s *
[2026-04-27 08:33:47] epoch   23/300 | train=0.001202 | val=0.001272 | best=0.001211@22 | patience=1/30 | time=7.67s
[2026-04-27 08:33:55] epoch   24/300 | train=0.001206 | val=0.001195 | best=0.001195@24 | patience=0/30 | time=7.76s *
[2026-04-27 08:34:03] epoch   25/300 | train=0.001187 | val=0.001193 | best=0.001193@25 | patience=0/30 | time=7.53s *
[2026-04-27 08:34:11] epoch   26/300 | train=0.001178 | val=0.001222 | best=0.001193@25 | patience=1/30 | time=7.93s
[2026-04-27 08:34:20] epoch   27/300 | train=0.001175 | val=0.001169 | best=0.001169@27 | patience=0/30 | time=7.69s *
[2026-04-27 08:34:28] epoch   28/300 | train=0.001144 | val=0.001158 | best=0.001158@28 | patience=0/30 | time=7.57s *
[2026-04-27 08:34:36] epoch   29/300 | train=0.001146 | val=0.001151 | best=0.001151@29 | patience=0/30 | time=7.75s *
[2026-04-27 08:34:44] epoch   30/300 | train=0.001128 | val=0.001133 | best=0.001133@30 | patience=0/30 | time=7.70s *
[2026-04-27 08:34:53] epoch   31/300 | train=0.001115 | val=0.001131 | best=0.001131@31 | patience=0/30 | time=7.76s *
[2026-04-27 08:35:00] epoch   32/300 | train=0.001112 | val=0.001143 | best=0.001131@31 | patience=1/30 | time=7.53s
[2026-04-27 08:35:09] epoch   33/300 | train=0.001103 | val=0.001107 | best=0.001107@33 | patience=0/30 | time=7.91s *
[2026-04-27 08:35:16] epoch   34/300 | train=0.001089 | val=0.001123 | best=0.001107@33 | patience=1/30 | time=7.65s
[2026-04-27 08:35:25] epoch   35/300 | train=0.001087 | val=0.001088 | best=0.001088@35 | patience=0/30 | time=7.55s *
[2026-04-27 08:35:32] epoch   36/300 | train=0.001066 | val=0.001092 | best=0.001088@35 | patience=1/30 | time=7.50s
[2026-04-27 08:35:41] epoch   37/300 | train=0.001057 | val=0.001066 | best=0.001066@37 | patience=0/30 | time=7.91s *
[2026-04-27 08:35:48] epoch   38/300 | train=0.001048 | val=0.001208 | best=0.001066@37 | patience=1/30 | time=7.65s
[2026-04-27 08:35:56] epoch   39/300 | train=0.001074 | val=0.001079 | best=0.001066@37 | patience=2/30 | time=7.57s
[2026-04-27 08:36:04] epoch   40/300 | train=0.001040 | val=0.001074 | best=0.001066@37 | patience=3/30 | time=7.76s
[2026-04-27 08:36:12] epoch   41/300 | train=0.001029 | val=0.001088 | best=0.001066@37 | patience=4/30 | time=7.70s
[2026-04-27 08:36:20] epoch   42/300 | train=0.001030 | val=0.001152 | best=0.001066@37 | patience=5/30 | time=7.73s
[2026-04-27 08:36:28] epoch   43/300 | train=0.001050 | val=0.001057 | best=0.001057@43 | patience=0/30 | time=7.53s *
[2026-04-27 08:36:36] epoch   44/300 | train=0.001020 | val=0.001044 | best=0.001044@44 | patience=0/30 | time=7.98s *
[2026-04-27 08:36:44] epoch   45/300 | train=0.001003 | val=0.001142 | best=0.001044@44 | patience=1/30 | time=7.69s
[2026-04-27 08:36:52] epoch   46/300 | train=0.001037 | val=0.001055 | best=0.001044@44 | patience=2/30 | time=7.58s
[2026-04-27 08:37:00] epoch   47/300 | train=0.000998 | val=0.001080 | best=0.001044@44 | patience=3/30 | time=7.82s
[2026-04-27 08:37:08] epoch   48/300 | train=0.000998 | val=0.001041 | best=0.001041@48 | patience=0/30 | time=7.69s *
[2026-04-27 08:37:16] epoch   49/300 | train=0.000987 | val=0.001034 | best=0.001034@49 | patience=0/30 | time=7.72s *
[2026-04-27 08:37:24] epoch   50/300 | train=0.000979 | val=0.001010 | best=0.001010@50 | patience=0/30 | time=7.53s *
[2026-04-27 08:37:33] epoch   51/300 | train=0.000958 | val=0.001004 | best=0.001004@51 | patience=0/30 | time=7.92s *
[2026-04-27 08:37:41] epoch   52/300 | train=0.000955 | val=0.001002 | best=0.001002@52 | patience=0/30 | time=7.66s *
[2026-04-27 08:37:49] epoch   53/300 | train=0.000946 | val=0.001009 | best=0.001002@52 | patience=1/30 | time=7.59s
[2026-04-27 08:37:56] epoch   54/300 | train=0.000948 | val=0.001016 | best=0.001002@52 | patience=2/30 | time=7.51s
[2026-04-27 08:38:05] epoch   55/300 | train=0.000947 | val=0.001013 | best=0.001002@52 | patience=3/30 | time=7.66s
[2026-04-27 08:38:13] epoch   56/300 | train=0.000940 | val=0.000989 | best=0.000989@56 | patience=0/30 | time=7.69s *
[2026-04-27 08:38:21] epoch   57/300 | train=0.000920 | val=0.001066 | best=0.000989@56 | patience=1/30 | time=7.59s
[2026-04-27 08:38:28] epoch   58/300 | train=0.000945 | val=0.001008 | best=0.000989@56 | patience=2/30 | time=7.83s
[2026-04-27 08:38:36] epoch   59/300 | train=0.000929 | val=0.000990 | best=0.000989@56 | patience=3/30 | time=7.67s
[2026-04-27 08:38:44] epoch   60/300 | train=0.000913 | val=0.000990 | best=0.000989@56 | patience=4/30 | time=7.71s
[2026-04-27 08:38:52] epoch   61/300 | train=0.000918 | val=0.000975 | best=0.000975@61 | patience=0/30 | time=7.54s *
[2026-04-27 08:39:00] epoch   62/300 | train=0.000902 | val=0.000987 | best=0.000975@61 | patience=1/30 | time=7.93s
[2026-04-27 08:39:08] epoch   63/300 | train=0.000902 | val=0.000983 | best=0.000975@61 | patience=2/30 | time=7.67s
[2026-04-27 08:39:16] epoch   64/300 | train=0.000891 | val=0.001008 | best=0.000975@61 | patience=3/30 | time=7.56s
[2026-04-27 08:39:24] epoch   65/300 | train=0.000923 | val=0.000974 | best=0.000974@65 | patience=0/30 | time=7.53s *
[2026-04-27 08:39:32] epoch   66/300 | train=0.000886 | val=0.000963 | best=0.000963@66 | patience=0/30 | time=7.66s *
[2026-04-27 08:39:41] epoch   67/300 | train=0.000876 | val=0.000959 | best=0.000959@67 | patience=0/30 | time=7.64s *
[2026-04-27 08:39:49] epoch   68/300 | train=0.000871 | val=0.000956 | best=0.000956@68 | patience=0/30 | time=7.50s *
[2026-04-27 08:39:57] epoch   69/300 | train=0.000872 | val=0.000963 | best=0.000956@68 | patience=1/30 | time=7.75s
[2026-04-27 08:40:04] epoch   70/300 | train=0.000871 | val=0.001011 | best=0.000956@68 | patience=2/30 | time=7.66s
[2026-04-27 08:40:12] epoch   71/300 | train=0.000882 | val=0.000961 | best=0.000956@68 | patience=3/30 | time=7.71s
[2026-04-27 08:40:20] epoch   72/300 | train=0.000855 | val=0.001016 | best=0.000956@68 | patience=4/30 | time=7.53s
[2026-04-27 08:40:28] epoch   73/300 | train=0.000875 | val=0.000953 | best=0.000953@73 | patience=0/30 | time=7.92s *
[2026-04-27 08:40:36] epoch   74/300 | train=0.000839 | val=0.000954 | best=0.000953@73 | patience=1/30 | time=7.65s
[2026-04-27 08:40:44] epoch   75/300 | train=0.000832 | val=0.000950 | best=0.000950@75 | patience=0/30 | time=7.56s *
[2026-04-27 08:40:52] epoch   76/300 | train=0.000837 | val=0.000953 | best=0.000950@75 | patience=1/30 | time=7.76s
[2026-04-27 08:41:00] epoch   77/300 | train=0.000827 | val=0.000943 | best=0.000943@77 | patience=0/30 | time=7.66s *
[2026-04-27 08:41:08] epoch   78/300 | train=0.000827 | val=0.000961 | best=0.000943@77 | patience=1/30 | time=7.77s
[2026-04-27 08:41:16] epoch   79/300 | train=0.000840 | val=0.000942 | best=0.000943@77 | patience=2/30 | time=7.55s
[2026-04-27 08:41:24] epoch   80/300 | train=0.000823 | val=0.000970 | best=0.000943@77 | patience=3/30 | time=7.93s
[2026-04-27 08:41:32] epoch   81/300 | train=0.000836 | val=0.000943 | best=0.000943@77 | patience=4/30 | time=7.69s
[2026-04-27 08:41:40] epoch   82/300 | train=0.000817 | val=0.000940 | best=0.000940@82 | patience=0/30 | time=7.58s *
[2026-04-27 08:41:48] epoch   83/300 | train=0.000800 | val=0.001013 | best=0.000940@82 | patience=1/30 | time=7.82s
[2026-04-27 08:41:56] epoch   84/300 | train=0.000842 | val=0.000989 | best=0.000940@82 | patience=2/30 | time=7.67s
[2026-04-27 08:42:04] epoch   85/300 | train=0.000847 | val=0.000944 | best=0.000940@82 | patience=3/30 | time=7.69s
[2026-04-27 08:42:11] epoch   86/300 | train=0.000814 | val=0.000971 | best=0.000940@82 | patience=4/30 | time=7.57s
[2026-04-27 08:42:19] epoch   87/300 | train=0.000811 | val=0.001009 | best=0.000940@82 | patience=5/30 | time=7.82s
[2026-04-27 08:42:27] epoch   88/300 | train=0.000818 | val=0.000946 | best=0.000940@82 | patience=6/30 | time=7.67s
[2026-04-27 08:42:35] epoch   89/300 | train=0.000792 | val=0.000950 | best=0.000940@82 | patience=7/30 | time=7.72s
[2026-04-27 08:42:43] epoch   90/300 | train=0.000792 | val=0.000933 | best=0.000933@90 | patience=0/30 | time=7.53s *
[2026-04-27 08:42:51] epoch   91/300 | train=0.000784 | val=0.000936 | best=0.000933@90 | patience=1/30 | time=7.97s
[2026-04-27 08:42:59] epoch   92/300 | train=0.000783 | val=0.000936 | best=0.000933@90 | patience=2/30 | time=7.65s
[2026-04-27 08:43:07] epoch   93/300 | train=0.000773 | val=0.000941 | best=0.000933@90 | patience=3/30 | time=7.58s
[2026-04-27 08:43:15] epoch   94/300 | train=0.000774 | val=0.000946 | best=0.000933@90 | patience=4/30 | time=7.82s
[2026-04-27 08:43:23] epoch   95/300 | train=0.000767 | val=0.000916 | best=0.000916@95 | patience=0/30 | time=7.66s *
[2026-04-27 08:43:31] epoch   96/300 | train=0.000745 | val=0.000928 | best=0.000916@95 | patience=1/30 | time=7.72s
[2026-04-27 08:43:39] epoch   97/300 | train=0.000755 | val=0.000952 | best=0.000916@95 | patience=2/30 | time=7.53s
[2026-04-27 08:43:48] epoch   98/300 | train=0.000765 | val=0.000913 | best=0.000913@98 | patience=0/30 | time=7.96s *
[2026-04-27 08:43:56] epoch   99/300 | train=0.000744 | val=0.000903 | best=0.000903@99 | patience=0/30 | time=7.49s *
[2026-04-27 08:44:04] epoch  100/300 | train=0.000738 | val=0.000921 | best=0.000903@99 | patience=1/30 | time=7.57s
[2026-04-27 08:44:11] epoch  101/300 | train=0.000735 | val=0.000918 | best=0.000903@99 | patience=2/30 | time=7.51s
[2026-04-27 08:44:19] epoch  102/300 | train=0.000730 | val=0.000909 | best=0.000903@99 | patience=3/30 | time=7.91s
[2026-04-27 08:44:27] epoch  103/300 | train=0.000712 | val=0.000934 | best=0.000903@99 | patience=4/30 | time=7.65s
[2026-04-27 08:44:35] epoch  104/300 | train=0.000731 | val=0.000920 | best=0.000903@99 | patience=5/30 | time=7.57s
[2026-04-27 08:44:43] epoch  105/300 | train=0.000714 | val=0.000922 | best=0.000903@99 | patience=6/30 | time=7.84s
[2026-04-27 08:44:50] epoch  106/300 | train=0.000709 | val=0.000942 | best=0.000903@99 | patience=7/30 | time=7.66s
[2026-04-27 08:44:58] epoch  107/300 | train=0.000713 | val=0.000928 | best=0.000903@99 | patience=8/30 | time=7.73s
[2026-04-27 08:45:06] epoch  108/300 | train=0.000702 | val=0.000957 | best=0.000903@99 | patience=9/30 | time=7.53s
[2026-04-27 08:45:14] epoch  109/300 | train=0.000717 | val=0.000912 | best=0.000903@99 | patience=10/30 | time=8.00s
[2026-04-27 08:45:21] epoch  110/300 | train=0.000697 | val=0.000916 | best=0.000903@99 | patience=11/30 | time=7.49s
[2026-04-27 08:45:29] epoch  111/300 | train=0.000691 | val=0.000922 | best=0.000903@99 | patience=12/30 | time=7.76s
[2026-04-27 08:45:37] epoch  112/300 | train=0.000688 | val=0.000933 | best=0.000903@99 | patience=13/30 | time=7.53s
[2026-04-27 08:45:45] epoch  113/300 | train=0.000685 | val=0.000927 | best=0.000903@99 | patience=14/30 | time=7.93s
[2026-04-27 08:45:53] epoch  114/300 | train=0.000670 | val=0.000912 | best=0.000903@99 | patience=15/30 | time=7.66s
[2026-04-27 08:46:00] epoch  115/300 | train=0.000660 | val=0.000925 | best=0.000903@99 | patience=16/30 | time=7.58s
[2026-04-27 08:46:09] epoch  116/300 | train=0.000682 | val=0.000899 | best=0.000899@116 | patience=0/30 | time=7.77s *
[2026-04-27 08:46:17] epoch  117/300 | train=0.000653 | val=0.000905 | best=0.000899@116 | patience=1/30 | time=7.67s
[2026-04-27 08:46:24] epoch  118/300 | train=0.000648 | val=0.000901 | best=0.000899@116 | patience=2/30 | time=7.76s
[2026-04-27 08:46:32] epoch  119/300 | train=0.000647 | val=0.000921 | best=0.000899@116 | patience=3/30 | time=7.53s
[2026-04-27 08:46:40] epoch  120/300 | train=0.000653 | val=0.000908 | best=0.000899@116 | patience=4/30 | time=7.93s
[2026-04-27 08:46:48] epoch  121/300 | train=0.000633 | val=0.000893 | best=0.000893@121 | patience=0/30 | time=7.49s *
[2026-04-27 08:46:56] epoch  122/300 | train=0.000621 | val=0.000951 | best=0.000893@121 | patience=1/30 | time=7.74s
[2026-04-27 08:47:04] epoch  123/300 | train=0.000669 | val=0.000909 | best=0.000893@121 | patience=2/30 | time=7.53s
[2026-04-27 08:47:12] epoch  124/300 | train=0.000627 | val=0.000913 | best=0.000893@121 | patience=3/30 | time=7.98s
[2026-04-27 08:47:20] epoch  125/300 | train=0.000638 | val=0.000908 | best=0.000893@121 | patience=4/30 | time=7.69s
[2026-04-27 08:47:27] epoch  126/300 | train=0.000623 | val=0.000907 | best=0.000893@121 | patience=5/30 | time=7.58s
[2026-04-27 08:47:35] epoch  127/300 | train=0.000618 | val=0.000907 | best=0.000893@121 | patience=6/30 | time=7.81s
[2026-04-27 08:47:43] epoch  128/300 | train=0.000612 | val=0.001112 | best=0.000893@121 | patience=7/30 | time=7.66s
[2026-04-27 08:47:51] epoch  129/300 | train=0.000673 | val=0.000998 | best=0.000893@121 | patience=8/30 | time=7.76s
[2026-04-27 08:47:58] epoch  130/300 | train=0.000694 | val=0.000922 | best=0.000893@121 | patience=9/30 | time=7.53s
[2026-04-27 08:48:06] epoch  131/300 | train=0.000650 | val=0.000910 | best=0.000893@121 | patience=10/30 | time=7.80s
[2026-04-27 08:48:14] epoch  132/300 | train=0.000623 | val=0.000898 | best=0.000893@121 | patience=11/30 | time=7.49s
[2026-04-27 08:48:22] epoch  133/300 | train=0.000600 | val=0.000886 | best=0.000886@133 | patience=0/30 | time=7.71s *
[2026-04-27 08:48:30] epoch  134/300 | train=0.000591 | val=0.000896 | best=0.000886@133 | patience=1/30 | time=7.52s
[2026-04-27 08:48:38] epoch  135/300 | train=0.000579 | val=0.000914 | best=0.000886@133 | patience=2/30 | time=7.92s
[2026-04-27 08:48:46] epoch  136/300 | train=0.000588 | val=0.000902 | best=0.000886@133 | patience=3/30 | time=7.69s
[2026-04-27 08:48:54] epoch  137/300 | train=0.000574 | val=0.000909 | best=0.000886@133 | patience=4/30 | time=7.57s
[2026-04-27 08:49:01] epoch  138/300 | train=0.000563 | val=0.000902 | best=0.000886@133 | patience=5/30 | time=7.76s
[2026-04-27 08:49:09] epoch  139/300 | train=0.000562 | val=0.000917 | best=0.000886@133 | patience=6/30 | time=7.65s
[2026-04-27 08:49:17] epoch  140/300 | train=0.000568 | val=0.000896 | best=0.000886@133 | patience=7/30 | time=7.65s
[2026-04-27 08:49:25] epoch  141/300 | train=0.000563 | val=0.000906 | best=0.000886@133 | patience=8/30 | time=7.50s
[2026-04-27 08:49:33] epoch  142/300 | train=0.000571 | val=0.000967 | best=0.000886@133 | patience=9/30 | time=7.82s
[2026-04-27 08:49:40] epoch  143/300 | train=0.000605 | val=0.000906 | best=0.000886@133 | patience=10/30 | time=7.66s
[2026-04-27 08:49:48] epoch  144/300 | train=0.000563 | val=0.000897 | best=0.000886@133 | patience=11/30 | time=7.75s
[2026-04-27 08:49:56] epoch  145/300 | train=0.000540 | val=0.000912 | best=0.000886@133 | patience=12/30 | time=7.53s
[2026-04-27 08:50:04] epoch  146/300 | train=0.000538 | val=0.000909 | best=0.000886@133 | patience=13/30 | time=8.01s
[2026-04-27 08:50:12] epoch  147/300 | train=0.000539 | val=0.000936 | best=0.000886@133 | patience=14/30 | time=7.66s
[2026-04-27 08:50:19] epoch  148/300 | train=0.000552 | val=0.000934 | best=0.000886@133 | patience=15/30 | time=7.56s
[2026-04-27 08:50:27] epoch  149/300 | train=0.000568 | val=0.000903 | best=0.000886@133 | patience=16/30 | time=7.76s
[2026-04-27 08:50:35] epoch  150/300 | train=0.000536 | val=0.000924 | best=0.000886@133 | patience=17/30 | time=7.65s
[2026-04-27 08:50:43] epoch  151/300 | train=0.000535 | val=0.000904 | best=0.000886@133 | patience=18/30 | time=7.66s
[2026-04-27 08:50:51] epoch  152/300 | train=0.000540 | val=0.000910 | best=0.000886@133 | patience=19/30 | time=7.51s
[2026-04-27 08:50:58] epoch  153/300 | train=0.000514 | val=0.000917 | best=0.000886@133 | patience=20/30 | time=7.76s
[2026-04-27 08:51:06] epoch  154/300 | train=0.000511 | val=0.000896 | best=0.000886@133 | patience=21/30 | time=7.66s
[2026-04-27 08:51:14] epoch  155/300 | train=0.000500 | val=0.000909 | best=0.000886@133 | patience=22/30 | time=7.73s
[2026-04-27 08:51:22] epoch  156/300 | train=0.000497 | val=0.000904 | best=0.000886@133 | patience=23/30 | time=7.52s
[2026-04-27 08:51:30] epoch  157/300 | train=0.000502 | val=0.000895 | best=0.000886@133 | patience=24/30 | time=7.93s
[2026-04-27 08:51:38] epoch  158/300 | train=0.000480 | val=0.000895 | best=0.000886@133 | patience=25/30 | time=7.71s
[2026-04-27 08:51:45] epoch  159/300 | train=0.000475 | val=0.000897 | best=0.000886@133 | patience=26/30 | time=7.57s
[2026-04-27 08:51:53] epoch  160/300 | train=0.000476 | val=0.000897 | best=0.000886@133 | patience=27/30 | time=7.78s
[2026-04-27 08:52:01] epoch  161/300 | train=0.000476 | val=0.000906 | best=0.000886@133 | patience=28/30 | time=7.70s
[2026-04-27 08:52:09] epoch  162/300 | train=0.000486 | val=0.000910 | best=0.000886@133 | patience=29/30 | time=7.64s
[2026-04-27 08:52:17] epoch  163/300 | train=0.000489 | val=0.000910 | best=0.000886@133 | patience=30/30 | time=7.58s
[2026-04-27 08:52:17]   early stopping at epoch 163 (no improvement for 30 epochs)
[2026-04-27 08:52:17] Training done: stop_reason=early_stop, total_epochs=163, best_epoch=133, best_val=0.000886
[2026-04-27 08:52:17] Reloading best checkpoint (epoch 133) for evaluation
[2026-04-27 08:52:31] ------------------------------------------------------------
[2026-04-27 08:52:31] Evaluation:
[2026-04-27 08:52:31]   AUC broken_lcfs         : 0.6177
[2026-04-27 08:52:31]   AUC bad_black_core      : 0.9962
[2026-04-27 08:52:31]   AUC bad_nonconverged    : 0.9980
[2026-04-27 08:52:31]   objective      : 0.8453
[2026-04-27 08:52:31]   floor_ok       : True
[2026-04-27 08:52:31]   threshold      : 0.1047
[2026-04-27 08:52:31]   mu / sigma     : 0.000576863 / 0.000177798
[2026-04-27 08:52:31] Train time=1450.7s, eval time=13.7s
