[2026-04-27 11:07:51] ============================================================
[2026-04-27 11:07:51] Trial 171 starting on cuda:0
[2026-04-27 11:07:51] Timestamp: 2026-04-27T11:07:51.105999
[2026-04-27 11:07:51] --- Config summary ---
  bottleneck_dim  : 130
  n_enc_layers    : 2
  n_dec_layers    : 4
  base_channels   : 44
  growth_factor   : 2.332499671424319
  use_batchnorm   : True
  use_hpf         : True
  hpf_sigma       : 1.0406328306493473
  lr              : 0.0007095198681416727
  batch_size      : 8
  max_epochs      : 300
  patience        : 30
  seed            : 42
  deterministic   : False
  trial_num       : 171
[2026-04-27 11:07:51] Loading train/val/selection splits...
[2026-04-27 11:08:54] Splits loaded in 63.1s: n_train=722, n_val=120, n_selection=405
[2026-04-27 11:09:00] --- Architecture summary ---
  channels per enc layer : [44, 103]
  final spatial size     : 64x64
  flat size before latent: 421888
  bottleneck_dim         : 130
  total parameters       : 110,631,316
[2026-04-27 11:09:00] Starting training: n_train=722, n_val=120, device=cuda:0
[2026-04-27 11:09:37] epoch    1/300 | train=0.001938 | val=0.001534 | best=0.001534@1 | patience=0/30 | time=34.61s *
[2026-04-27 11:09:47] epoch    2/300 | train=0.001463 | val=0.001447 | best=0.001447@2 | patience=0/30 | time=6.17s *
[2026-04-27 11:09:54] epoch    3/300 | train=0.001395 | val=0.001811 | best=0.001447@2 | patience=1/30 | time=6.44s
[2026-04-27 11:10:04] epoch    4/300 | train=0.001348 | val=0.001368 | best=0.001368@4 | patience=0/30 | time=7.20s *
[2026-04-27 11:10:14] epoch    5/300 | train=0.001312 | val=0.001305 | best=0.001305@5 | patience=0/30 | time=6.71s *
[2026-04-27 11:10:21] epoch    6/300 | train=0.001287 | val=0.001363 | best=0.001305@5 | patience=1/30 | time=6.37s
[2026-04-27 11:10:31] epoch    7/300 | train=0.001264 | val=0.001330 | best=0.001305@5 | patience=2/30 | time=10.18s
[2026-04-27 11:10:41] epoch    8/300 | train=0.001240 | val=0.001277 | best=0.001277@8 | patience=0/30 | time=6.15s *
[2026-04-27 11:10:50] epoch    9/300 | train=0.001196 | val=0.001222 | best=0.001222@9 | patience=0/30 | time=6.15s *
[2026-04-27 11:11:00] epoch   10/300 | train=0.001172 | val=0.001186 | best=0.001186@10 | patience=0/30 | time=6.15s *
[2026-04-27 11:11:13] epoch   11/300 | train=0.001131 | val=0.001162 | best=0.001162@11 | patience=0/30 | time=9.95s *
[2026-04-27 11:11:20] epoch   12/300 | train=0.001101 | val=0.001260 | best=0.001162@11 | patience=1/30 | time=6.74s
[2026-04-27 11:11:26] epoch   13/300 | train=0.001067 | val=0.001219 | best=0.001162@11 | patience=2/30 | time=6.30s
[2026-04-27 11:11:39] epoch   14/300 | train=0.001046 | val=0.001073 | best=0.001073@14 | patience=0/30 | time=6.31s *
[2026-04-27 11:11:50] epoch   15/300 | train=0.001014 | val=0.001062 | best=0.001062@15 | patience=0/30 | time=7.03s *
[2026-04-27 11:11:57] epoch   16/300 | train=0.000996 | val=0.001069 | best=0.001062@15 | patience=1/30 | time=6.67s
[2026-04-27 11:12:06] epoch   17/300 | train=0.000968 | val=0.000987 | best=0.000987@17 | patience=0/30 | time=6.16s *
[2026-04-27 11:12:16] epoch   18/300 | train=0.000954 | val=0.001015 | best=0.000987@17 | patience=1/30 | time=9.74s
[2026-04-27 11:12:26] epoch   19/300 | train=0.000935 | val=0.000958 | best=0.000958@19 | patience=0/30 | time=6.15s *
[2026-04-27 11:12:32] epoch   20/300 | train=0.000918 | val=0.001017 | best=0.000958@19 | patience=1/30 | time=6.51s
[2026-04-27 11:12:39] epoch   21/300 | train=0.000902 | val=0.001004 | best=0.000958@19 | patience=2/30 | time=6.16s
[2026-04-27 11:12:49] epoch   22/300 | train=0.000891 | val=0.000961 | best=0.000958@19 | patience=3/30 | time=10.01s
[2026-04-27 11:12:58] epoch   23/300 | train=0.000869 | val=0.000941 | best=0.000941@23 | patience=0/30 | time=6.15s *
[2026-04-27 11:13:08] epoch   24/300 | train=0.000855 | val=0.000923 | best=0.000923@24 | patience=0/30 | time=6.19s *
[2026-04-27 11:13:14] epoch   25/300 | train=0.000841 | val=0.000975 | best=0.000923@24 | patience=1/30 | time=6.16s
[2026-04-27 11:13:21] epoch   26/300 | train=0.000830 | val=0.000997 | best=0.000923@24 | patience=2/30 | time=6.97s
[2026-04-27 11:13:27] epoch   27/300 | train=0.000818 | val=0.000960 | best=0.000923@24 | patience=3/30 | time=6.15s
[2026-04-27 11:13:37] epoch   28/300 | train=0.000802 | val=0.000900 | best=0.000900@28 | patience=0/30 | time=6.52s *
[2026-04-27 11:13:49] epoch   29/300 | train=0.000791 | val=0.000886 | best=0.000886@29 | patience=0/30 | time=6.44s *
[2026-04-27 11:13:59] epoch   30/300 | train=0.000784 | val=0.000875 | best=0.000875@30 | patience=0/30 | time=6.78s *
[2026-04-27 11:14:06] epoch   31/300 | train=0.000769 | val=0.000905 | best=0.000875@30 | patience=1/30 | time=6.16s
[2026-04-27 11:14:12] epoch   32/300 | train=0.000750 | val=0.000897 | best=0.000875@30 | patience=2/30 | time=6.20s
[2026-04-27 11:14:18] epoch   33/300 | train=0.000739 | val=0.000918 | best=0.000875@30 | patience=3/30 | time=6.14s
[2026-04-27 11:14:24] epoch   34/300 | train=0.000725 | val=0.000917 | best=0.000875@30 | patience=4/30 | time=6.20s
[2026-04-27 11:14:34] epoch   35/300 | train=0.000712 | val=0.000854 | best=0.000854@35 | patience=0/30 | time=6.59s *
[2026-04-27 11:14:41] epoch   36/300 | train=0.000698 | val=0.000877 | best=0.000854@35 | patience=1/30 | time=6.17s
[2026-04-27 11:14:47] epoch   37/300 | train=0.000695 | val=0.000859 | best=0.000854@35 | patience=2/30 | time=6.19s
[2026-04-27 11:14:53] epoch   38/300 | train=0.000678 | val=0.001022 | best=0.000854@35 | patience=3/30 | time=6.25s
[2026-04-27 11:15:01] epoch   39/300 | train=0.000699 | val=0.000862 | best=0.000854@35 | patience=4/30 | time=6.47s
[2026-04-27 11:15:11] epoch   40/300 | train=0.000657 | val=0.000850 | best=0.000850@40 | patience=0/30 | time=6.25s *
[2026-04-27 11:15:20] epoch   41/300 | train=0.000639 | val=0.000836 | best=0.000836@41 | patience=0/30 | time=6.16s *
[2026-04-27 11:15:26] epoch   42/300 | train=0.000630 | val=0.000869 | best=0.000836@41 | patience=1/30 | time=6.21s
[2026-04-27 11:15:33] epoch   43/300 | train=0.000623 | val=0.000839 | best=0.000836@41 | patience=2/30 | time=6.15s
[2026-04-27 11:15:39] epoch   44/300 | train=0.000600 | val=0.000848 | best=0.000836@41 | patience=3/30 | time=6.42s
[2026-04-27 11:15:45] epoch   45/300 | train=0.000587 | val=0.000860 | best=0.000836@41 | patience=4/30 | time=6.26s
[2026-04-27 11:15:52] epoch   46/300 | train=0.000578 | val=0.000862 | best=0.000836@41 | patience=5/30 | time=6.13s
[2026-04-27 11:15:58] epoch   47/300 | train=0.000562 | val=0.000871 | best=0.000836@41 | patience=6/30 | time=6.47s
[2026-04-27 11:16:05] epoch   48/300 | train=0.000546 | val=0.000861 | best=0.000836@41 | patience=7/30 | time=6.32s
[2026-04-27 11:16:11] epoch   49/300 | train=0.000537 | val=0.000865 | best=0.000836@41 | patience=8/30 | time=6.43s
[2026-04-27 11:16:19] epoch   50/300 | train=0.000541 | val=0.000851 | best=0.000836@41 | patience=9/30 | time=7.18s
[2026-04-27 11:16:25] epoch   51/300 | train=0.000522 | val=0.000880 | best=0.000836@41 | patience=10/30 | time=6.16s
[2026-04-27 11:16:32] epoch   52/300 | train=0.000509 | val=0.000853 | best=0.000836@41 | patience=11/30 | time=6.62s
[2026-04-27 11:16:38] epoch   53/300 | train=0.000492 | val=0.000838 | best=0.000836@41 | patience=12/30 | time=6.30s
[2026-04-27 11:16:44] epoch   54/300 | train=0.000486 | val=0.000886 | best=0.000836@41 | patience=13/30 | time=6.33s
[2026-04-27 11:16:52] epoch   55/300 | train=0.000469 | val=0.000875 | best=0.000836@41 | patience=14/30 | time=7.43s
[2026-04-27 11:16:58] epoch   56/300 | train=0.000449 | val=0.000838 | best=0.000836@41 | patience=15/30 | time=6.16s
[2026-04-27 11:17:08] epoch   57/300 | train=0.000433 | val=0.000832 | best=0.000832@57 | patience=0/30 | time=6.18s *
[2026-04-27 11:17:14] epoch   58/300 | train=0.000419 | val=0.000869 | best=0.000832@57 | patience=1/30 | time=6.18s
[2026-04-27 11:17:21] epoch   59/300 | train=0.000411 | val=0.000866 | best=0.000832@57 | patience=2/30 | time=6.40s
[2026-04-27 11:17:27] epoch   60/300 | train=0.000409 | val=0.000858 | best=0.000832@57 | patience=3/30 | time=6.23s
[2026-04-27 11:17:33] epoch   61/300 | train=0.000404 | val=0.000861 | best=0.000832@57 | patience=4/30 | time=6.14s
[2026-04-27 11:17:39] epoch   62/300 | train=0.000403 | val=0.000849 | best=0.000832@57 | patience=5/30 | time=6.19s
[2026-04-27 11:17:46] epoch   63/300 | train=0.000383 | val=0.000863 | best=0.000832@57 | patience=6/30 | time=6.28s
[2026-04-27 11:17:52] epoch   64/300 | train=0.000372 | val=0.000864 | best=0.000832@57 | patience=7/30 | time=6.15s
[2026-04-27 11:17:59] epoch   65/300 | train=0.000357 | val=0.000874 | best=0.000832@57 | patience=8/30 | time=6.24s
[2026-04-27 11:18:05] epoch   66/300 | train=0.000344 | val=0.000898 | best=0.000832@57 | patience=9/30 | time=6.14s
[2026-04-27 11:18:11] epoch   67/300 | train=0.000346 | val=0.000910 | best=0.000832@57 | patience=10/30 | time=6.19s
[2026-04-27 11:18:18] epoch   68/300 | train=0.000334 | val=0.000846 | best=0.000832@57 | patience=11/30 | time=6.14s
[2026-04-27 11:18:24] epoch   69/300 | train=0.000319 | val=0.000861 | best=0.000832@57 | patience=12/30 | time=6.15s
[2026-04-27 11:18:31] epoch   70/300 | train=0.000310 | val=0.000929 | best=0.000832@57 | patience=13/30 | time=7.41s
[2026-04-27 11:18:38] epoch   71/300 | train=0.000317 | val=0.000866 | best=0.000832@57 | patience=14/30 | time=6.16s
[2026-04-27 11:18:44] epoch   72/300 | train=0.000313 | val=0.000864 | best=0.000832@57 | patience=15/30 | time=6.20s
[2026-04-27 11:18:50] epoch   73/300 | train=0.000296 | val=0.000849 | best=0.000832@57 | patience=16/30 | time=6.13s
[2026-04-27 11:18:57] epoch   74/300 | train=0.000285 | val=0.000834 | best=0.000832@57 | patience=17/30 | time=6.53s
[2026-04-27 11:19:06] epoch   75/300 | train=0.000274 | val=0.000958 | best=0.000832@57 | patience=18/30 | time=9.27s
[2026-04-27 11:19:12] epoch   76/300 | train=0.000280 | val=0.000870 | best=0.000832@57 | patience=19/30 | time=6.16s
[2026-04-27 11:19:19] epoch   77/300 | train=0.000273 | val=0.001094 | best=0.000832@57 | patience=20/30 | time=6.79s
[2026-04-27 11:19:26] epoch   78/300 | train=0.000280 | val=0.000863 | best=0.000832@57 | patience=21/30 | time=6.31s
[2026-04-27 11:19:34] epoch   79/300 | train=0.000266 | val=0.000844 | best=0.000832@57 | patience=22/30 | time=8.34s
[2026-04-27 11:19:42] epoch   80/300 | train=0.000257 | val=0.000847 | best=0.000832@57 | patience=23/30 | time=7.25s
[2026-04-27 11:19:48] epoch   81/300 | train=0.000256 | val=0.000852 | best=0.000832@57 | patience=24/30 | time=6.14s
[2026-04-27 11:19:55] epoch   82/300 | train=0.000251 | val=0.000853 | best=0.000832@57 | patience=25/30 | time=6.15s
[2026-04-27 11:20:01] epoch   83/300 | train=0.000238 | val=0.000940 | best=0.000832@57 | patience=26/30 | time=6.47s
[2026-04-27 11:20:10] epoch   84/300 | train=0.000228 | val=0.000984 | best=0.000832@57 | patience=27/30 | time=9.10s
[2026-04-27 11:20:17] epoch   85/300 | train=0.000252 | val=0.000909 | best=0.000832@57 | patience=28/30 | time=6.26s
[2026-04-27 11:20:23] epoch   86/300 | train=0.000223 | val=0.000956 | best=0.000832@57 | patience=29/30 | time=6.13s
[2026-04-27 11:20:30] epoch   87/300 | train=0.000212 | val=0.000867 | best=0.000832@57 | patience=30/30 | time=6.58s
[2026-04-27 11:20:30]   early stopping at epoch 87 (no improvement for 30 epochs)
[2026-04-27 11:20:30] Training done: stop_reason=early_stop, total_epochs=87, best_epoch=57, best_val=0.000832
[2026-04-27 11:20:30] Reloading best checkpoint (epoch 57) for evaluation
[2026-04-27 11:20:44] ------------------------------------------------------------
[2026-04-27 11:20:44] Evaluation:
[2026-04-27 11:20:44]   AUC broken_lcfs         : 0.5878
[2026-04-27 11:20:44]   AUC bad_black_core      : 0.9953
[2026-04-27 11:20:44]   AUC bad_nonconverged    : 0.9987
[2026-04-27 11:20:44]   objective      : 0.8333
[2026-04-27 11:20:44]   floor_ok       : True
[2026-04-27 11:20:44]   threshold      : 0.2562
[2026-04-27 11:20:44]   mu / sigma     : 0.000407303 / 8.36355e-05
[2026-04-27 11:20:44] Train time=690.4s, eval time=11.0s
