[2026-04-26 23:52:00] ============================================================
[2026-04-26 23:52:00] Trial 3 starting on cuda:0
[2026-04-26 23:52:00] Timestamp: 2026-04-26T23:52:00.054525
[2026-04-26 23:52:00] --- Config summary ---
  bottleneck_dim  : 185
  n_enc_layers    : 2
  n_dec_layers    : 2
  base_channels   : 27
  growth_factor   : 2.071519645371649
  use_batchnorm   : True
  use_hpf         : False
  hpf_sigma       : 3.0
  lr              : 0.0035129789043670755
  batch_size      : 48
  max_epochs      : 300
  patience        : 30
  seed            : 42
  deterministic   : False
  trial_num       : 3
[2026-04-26 23:52:00] Loading train/val/selection splits...
[2026-04-26 23:53:01] Splits loaded in 61.5s: n_train=722, n_val=120, n_selection=405
[2026-04-26 23:53:05] --- Architecture summary ---
  channels per enc layer : [27, 56]
  final spatial size     : 64x64
  flat size before latent: 229376
  bottleneck_dim         : 185
  total parameters       : 85,189,924
[2026-04-26 23:53:14] Starting training: n_train=722, n_val=120, device=cuda:0
[2026-04-26 23:55:32] epoch    1/300 | train=0.028367 | val=0.022118 | best=0.022118@1 | patience=0/30 | time=135.14s *
[2026-04-26 23:55:36] epoch    2/300 | train=0.012188 | val=0.016886 | best=0.016886@2 | patience=0/30 | time=1.50s *
[2026-04-26 23:55:38] epoch    3/300 | train=0.012093 | val=0.022786 | best=0.016886@2 | patience=1/30 | time=1.49s
[2026-04-26 23:55:42] epoch    4/300 | train=0.011068 | val=0.010461 | best=0.010461@4 | patience=0/30 | time=1.49s *
[2026-04-26 23:55:46] epoch    5/300 | train=0.009952 | val=0.008851 | best=0.008851@5 | patience=0/30 | time=1.50s *
[2026-04-26 23:55:48] epoch    6/300 | train=0.009057 | val=0.009506 | best=0.008851@5 | patience=1/30 | time=1.49s
[2026-04-26 23:55:49] epoch    7/300 | train=0.009836 | val=0.009220 | best=0.008851@5 | patience=2/30 | time=1.59s
[2026-04-26 23:55:53] epoch    8/300 | train=0.009489 | val=0.008633 | best=0.008633@8 | patience=0/30 | time=1.49s *
[2026-04-26 23:55:57] epoch    9/300 | train=0.008421 | val=0.008088 | best=0.008088@9 | patience=0/30 | time=1.50s *
[2026-04-26 23:56:01] epoch   10/300 | train=0.008158 | val=0.007844 | best=0.007844@10 | patience=0/30 | time=1.50s *
[2026-04-26 23:56:06] epoch   11/300 | train=0.007920 | val=0.007724 | best=0.007724@11 | patience=0/30 | time=1.50s *
[2026-04-26 23:56:10] epoch   12/300 | train=0.007859 | val=0.007622 | best=0.007622@12 | patience=0/30 | time=1.49s *
[2026-04-26 23:56:14] epoch   13/300 | train=0.007887 | val=0.007432 | best=0.007432@13 | patience=0/30 | time=1.50s *
[2026-04-26 23:56:18] epoch   14/300 | train=0.007472 | val=0.007378 | best=0.007378@14 | patience=0/30 | time=1.49s *
[2026-04-26 23:56:19] epoch   15/300 | train=0.007353 | val=0.007508 | best=0.007378@14 | patience=1/30 | time=1.50s
[2026-04-26 23:56:23] epoch   16/300 | train=0.007452 | val=0.007199 | best=0.007199@16 | patience=0/30 | time=1.49s *
[2026-04-26 23:56:25] epoch   17/300 | train=0.007272 | val=0.007714 | best=0.007199@16 | patience=1/30 | time=1.50s
[2026-04-26 23:56:26] epoch   18/300 | train=0.007504 | val=0.007243 | best=0.007199@16 | patience=2/30 | time=1.49s
[2026-04-26 23:56:30] epoch   19/300 | train=0.007286 | val=0.007072 | best=0.007072@19 | patience=0/30 | time=1.50s *
[2026-04-26 23:56:32] epoch   20/300 | train=0.007041 | val=0.007084 | best=0.007072@19 | patience=1/30 | time=1.51s
[2026-04-26 23:56:34] epoch   21/300 | train=0.007503 | val=0.010312 | best=0.007072@19 | patience=2/30 | time=1.49s
[2026-04-26 23:56:35] epoch   22/300 | train=0.007026 | val=0.007161 | best=0.007072@19 | patience=3/30 | time=1.49s
[2026-04-26 23:56:37] epoch   23/300 | train=0.007027 | val=0.007446 | best=0.007072@19 | patience=4/30 | time=1.49s
[2026-04-26 23:56:38] epoch   24/300 | train=0.007303 | val=0.007349 | best=0.007072@19 | patience=5/30 | time=1.49s
[2026-04-26 23:56:42] epoch   25/300 | train=0.006995 | val=0.006885 | best=0.006885@25 | patience=0/30 | time=1.56s *
[2026-04-26 23:56:44] epoch   26/300 | train=0.006888 | val=0.007258 | best=0.006885@25 | patience=1/30 | time=1.49s
[2026-04-26 23:56:46] epoch   27/300 | train=0.006897 | val=0.008372 | best=0.006885@25 | patience=2/30 | time=1.50s
[2026-04-26 23:56:50] epoch   28/300 | train=0.006843 | val=0.006842 | best=0.006842@28 | patience=0/30 | time=1.49s *
[2026-04-26 23:56:54] epoch   29/300 | train=0.006675 | val=0.006555 | best=0.006555@29 | patience=0/30 | time=1.49s *
[2026-04-26 23:56:58] epoch   30/300 | train=0.006351 | val=0.006539 | best=0.006539@30 | patience=0/30 | time=1.49s *
[2026-04-26 23:57:02] epoch   31/300 | train=0.006177 | val=0.006191 | best=0.006191@31 | patience=0/30 | time=1.49s *
[2026-04-26 23:57:06] epoch   32/300 | train=0.006029 | val=0.006186 | best=0.006186@32 | patience=0/30 | time=1.50s *
[2026-04-26 23:57:10] epoch   33/300 | train=0.005873 | val=0.005991 | best=0.005991@33 | patience=0/30 | time=1.49s *
[2026-04-26 23:57:14] epoch   34/300 | train=0.005922 | val=0.005793 | best=0.005793@34 | patience=0/30 | time=1.50s *
[2026-04-26 23:57:18] epoch   35/300 | train=0.005722 | val=0.005574 | best=0.005574@35 | patience=0/30 | time=1.49s *
[2026-04-26 23:57:22] epoch   36/300 | train=0.005518 | val=0.005442 | best=0.005442@36 | patience=0/30 | time=1.49s *
[2026-04-26 23:57:26] epoch   37/300 | train=0.005434 | val=0.005301 | best=0.005301@37 | patience=0/30 | time=1.52s *
[2026-04-26 23:57:28] epoch   38/300 | train=0.005219 | val=0.012645 | best=0.005301@37 | patience=1/30 | time=1.50s
[2026-04-26 23:57:29] epoch   39/300 | train=0.005860 | val=0.013260 | best=0.005301@37 | patience=2/30 | time=1.49s
[2026-04-26 23:57:31] epoch   40/300 | train=0.006356 | val=0.043183 | best=0.005301@37 | patience=3/30 | time=1.49s
[2026-04-26 23:57:33] epoch   41/300 | train=0.005274 | val=0.006591 | best=0.005301@37 | patience=4/30 | time=1.59s
[2026-04-26 23:57:34] epoch   42/300 | train=0.005182 | val=0.005307 | best=0.005301@37 | patience=5/30 | time=1.49s
[2026-04-26 23:57:36] epoch   43/300 | train=0.004955 | val=0.007455 | best=0.005301@37 | patience=6/30 | time=1.49s
[2026-04-26 23:57:40] epoch   44/300 | train=0.004695 | val=0.005161 | best=0.005161@44 | patience=0/30 | time=1.49s *
[2026-04-26 23:57:41] epoch   45/300 | train=0.004732 | val=0.005424 | best=0.005161@44 | patience=1/30 | time=1.49s
[2026-04-26 23:57:43] epoch   46/300 | train=0.005570 | val=0.006588 | best=0.005161@44 | patience=2/30 | time=1.49s
[2026-04-26 23:57:45] epoch   47/300 | train=0.005808 | val=0.006341 | best=0.005161@44 | patience=3/30 | time=1.49s
[2026-04-26 23:57:49] epoch   48/300 | train=0.005063 | val=0.005009 | best=0.005009@48 | patience=0/30 | time=1.49s *
[2026-04-26 23:57:53] epoch   49/300 | train=0.004615 | val=0.004584 | best=0.004584@49 | patience=0/30 | time=1.49s *
[2026-04-26 23:57:57] epoch   50/300 | train=0.004387 | val=0.004563 | best=0.004563@50 | patience=0/30 | time=1.49s *
[2026-04-26 23:58:01] epoch   51/300 | train=0.004250 | val=0.004216 | best=0.004216@51 | patience=0/30 | time=1.50s *
[2026-04-26 23:58:03] epoch   52/300 | train=0.004195 | val=0.004306 | best=0.004216@51 | patience=1/30 | time=1.49s
[2026-04-26 23:58:04] epoch   53/300 | train=0.004291 | val=0.004697 | best=0.004216@51 | patience=2/30 | time=1.56s
[2026-04-26 23:58:06] epoch   54/300 | train=0.004141 | val=0.004640 | best=0.004216@51 | patience=3/30 | time=1.49s
[2026-04-26 23:58:10] epoch   55/300 | train=0.003920 | val=0.004076 | best=0.004076@55 | patience=0/30 | time=1.49s *
[2026-04-26 23:58:14] epoch   56/300 | train=0.003822 | val=0.004071 | best=0.004071@56 | patience=0/30 | time=1.49s *
[2026-04-26 23:58:16] epoch   57/300 | train=0.003930 | val=0.004201 | best=0.004071@56 | patience=1/30 | time=1.49s
[2026-04-26 23:58:20] epoch   58/300 | train=0.003800 | val=0.003693 | best=0.003693@58 | patience=0/30 | time=1.49s *
[2026-04-26 23:58:24] epoch   59/300 | train=0.003562 | val=0.003543 | best=0.003543@59 | patience=0/30 | time=1.49s *
[2026-04-26 23:58:26] epoch   60/300 | train=0.003388 | val=0.003619 | best=0.003543@59 | patience=1/30 | time=1.50s
[2026-04-26 23:58:30] epoch   61/300 | train=0.003392 | val=0.003497 | best=0.003497@61 | patience=0/30 | time=1.49s *
[2026-04-26 23:58:34] epoch   62/300 | train=0.003328 | val=0.003414 | best=0.003414@62 | patience=0/30 | time=1.59s *
[2026-04-26 23:58:38] epoch   63/300 | train=0.003250 | val=0.003240 | best=0.003240@63 | patience=0/30 | time=1.49s *
[2026-04-26 23:58:39] epoch   64/300 | train=0.003217 | val=0.003434 | best=0.003240@63 | patience=1/30 | time=1.49s
[2026-04-26 23:58:43] epoch   65/300 | train=0.003191 | val=0.003233 | best=0.003233@65 | patience=0/30 | time=1.49s *
[2026-04-26 23:58:48] epoch   66/300 | train=0.003126 | val=0.003146 | best=0.003146@66 | patience=0/30 | time=1.49s *
[2026-04-26 23:58:52] epoch   67/300 | train=0.003069 | val=0.003064 | best=0.003064@67 | patience=0/30 | time=1.49s *
[2026-04-26 23:58:56] epoch   68/300 | train=0.002955 | val=0.003037 | best=0.003037@68 | patience=0/30 | time=1.50s *
[2026-04-26 23:58:57] epoch   69/300 | train=0.002914 | val=0.003286 | best=0.003037@68 | patience=1/30 | time=1.49s
[2026-04-26 23:58:59] epoch   70/300 | train=0.003147 | val=0.003215 | best=0.003037@68 | patience=2/30 | time=1.49s
[2026-04-26 23:59:01] epoch   71/300 | train=0.003043 | val=0.004254 | best=0.003037@68 | patience=3/30 | time=1.58s
[2026-04-26 23:59:05] epoch   72/300 | train=0.003062 | val=0.002995 | best=0.002995@72 | patience=0/30 | time=1.50s *
[2026-04-26 23:59:06] epoch   73/300 | train=0.002889 | val=0.003686 | best=0.002995@72 | patience=1/30 | time=1.49s
[2026-04-26 23:59:08] epoch   74/300 | train=0.002889 | val=0.003065 | best=0.002995@72 | patience=2/30 | time=1.49s
[2026-04-26 23:59:12] epoch   75/300 | train=0.002904 | val=0.002969 | best=0.002969@75 | patience=0/30 | time=1.49s *
[2026-04-26 23:59:14] epoch   76/300 | train=0.002776 | val=0.003164 | best=0.002969@75 | patience=1/30 | time=1.49s
[2026-04-26 23:59:15] epoch   77/300 | train=0.002921 | val=0.003278 | best=0.002969@75 | patience=2/30 | time=1.51s
[2026-04-26 23:59:17] epoch   78/300 | train=0.003152 | val=0.003274 | best=0.002969@75 | patience=3/30 | time=1.49s
[2026-04-26 23:59:18] epoch   79/300 | train=0.003477 | val=0.003422 | best=0.002969@75 | patience=4/30 | time=1.49s
[2026-04-26 23:59:20] epoch   80/300 | train=0.003129 | val=0.003065 | best=0.002969@75 | patience=5/30 | time=1.49s
[2026-04-26 23:59:24] epoch   81/300 | train=0.002834 | val=0.002964 | best=0.002964@81 | patience=0/30 | time=1.49s *
[2026-04-26 23:59:28] epoch   82/300 | train=0.002671 | val=0.002841 | best=0.002841@82 | patience=0/30 | time=1.49s *
[2026-04-26 23:59:32] epoch   83/300 | train=0.002616 | val=0.002837 | best=0.002837@83 | patience=0/30 | time=1.49s *
[2026-04-26 23:59:36] epoch   84/300 | train=0.002692 | val=0.002797 | best=0.002797@84 | patience=0/30 | time=1.49s *
[2026-04-26 23:59:40] epoch   85/300 | train=0.002688 | val=0.002758 | best=0.002758@85 | patience=0/30 | time=1.49s *
[2026-04-26 23:59:42] epoch   86/300 | train=0.002558 | val=0.002835 | best=0.002758@85 | patience=1/30 | time=1.49s
[2026-04-26 23:59:46] epoch   87/300 | train=0.002535 | val=0.002740 | best=0.002740@87 | patience=0/30 | time=1.49s *
[2026-04-26 23:59:47] epoch   88/300 | train=0.002565 | val=0.002751 | best=0.002740@87 | patience=1/30 | time=1.51s
[2026-04-26 23:59:49] epoch   89/300 | train=0.002518 | val=0.002749 | best=0.002740@87 | patience=2/30 | time=1.49s
[2026-04-26 23:59:53] epoch   90/300 | train=0.002445 | val=0.002650 | best=0.002650@90 | patience=0/30 | time=1.50s *
[2026-04-26 23:59:55] epoch   91/300 | train=0.002391 | val=0.002747 | best=0.002650@90 | patience=1/30 | time=1.49s
[2026-04-26 23:59:56] epoch   92/300 | train=0.002360 | val=0.002682 | best=0.002650@90 | patience=2/30 | time=1.54s
[2026-04-26 23:59:58] epoch   93/300 | train=0.002340 | val=0.002769 | best=0.002650@90 | patience=3/30 | time=1.49s
[2026-04-26 23:59:59] epoch   94/300 | train=0.002455 | val=0.002921 | best=0.002650@90 | patience=4/30 | time=1.49s
[2026-04-27 00:00:01] epoch   95/300 | train=0.002430 | val=0.003232 | best=0.002650@90 | patience=5/30 | time=1.49s
[2026-04-27 00:00:03] epoch   96/300 | train=0.002539 | val=0.003200 | best=0.002650@90 | patience=6/30 | time=1.49s
[2026-04-27 00:00:04] epoch   97/300 | train=0.002487 | val=0.002848 | best=0.002650@90 | patience=7/30 | time=1.49s
[2026-04-27 00:00:08] epoch   98/300 | train=0.002402 | val=0.002634 | best=0.002634@98 | patience=0/30 | time=1.49s *
[2026-04-27 00:00:12] epoch   99/300 | train=0.002268 | val=0.002588 | best=0.002588@99 | patience=0/30 | time=1.49s *
[2026-04-27 00:00:16] epoch  100/300 | train=0.002366 | val=0.002568 | best=0.002568@100 | patience=0/30 | time=1.49s *
[2026-04-27 00:00:18] epoch  101/300 | train=0.002356 | val=0.002639 | best=0.002568@100 | patience=1/30 | time=1.49s
[2026-04-27 00:00:20] epoch  102/300 | train=0.002286 | val=0.002613 | best=0.002568@100 | patience=2/30 | time=1.52s
[2026-04-27 00:00:21] epoch  103/300 | train=0.002278 | val=0.002605 | best=0.002568@100 | patience=3/30 | time=1.49s
[2026-04-27 00:00:23] epoch  104/300 | train=0.002178 | val=0.002622 | best=0.002568@100 | patience=4/30 | time=1.49s
[2026-04-27 00:00:28] epoch  105/300 | train=0.002226 | val=0.002492 | best=0.002492@105 | patience=0/30 | time=1.49s *
[2026-04-27 00:00:32] epoch  106/300 | train=0.002114 | val=0.002450 | best=0.002450@106 | patience=0/30 | time=1.49s *
[2026-04-27 00:00:33] epoch  107/300 | train=0.002119 | val=0.002453 | best=0.002450@106 | patience=1/30 | time=1.49s
[2026-04-27 00:00:35] epoch  108/300 | train=0.002073 | val=0.002512 | best=0.002450@106 | patience=2/30 | time=1.49s
[2026-04-27 00:00:36] epoch  109/300 | train=0.002117 | val=0.002554 | best=0.002450@106 | patience=3/30 | time=1.49s
[2026-04-27 00:00:38] epoch  110/300 | train=0.002186 | val=0.002497 | best=0.002450@106 | patience=4/30 | time=1.49s
[2026-04-27 00:00:42] epoch  111/300 | train=0.002107 | val=0.002433 | best=0.002433@111 | patience=0/30 | time=1.51s *
[2026-04-27 00:00:46] epoch  112/300 | train=0.002037 | val=0.002411 | best=0.002411@112 | patience=0/30 | time=1.50s *
[2026-04-27 00:00:48] epoch  113/300 | train=0.002045 | val=0.002669 | best=0.002411@112 | patience=1/30 | time=1.55s
[2026-04-27 00:00:49] epoch  114/300 | train=0.002009 | val=0.002463 | best=0.002411@112 | patience=2/30 | time=1.49s
[2026-04-27 00:00:51] epoch  115/300 | train=0.002025 | val=0.002544 | best=0.002411@112 | patience=3/30 | time=1.49s
[2026-04-27 00:00:53] epoch  116/300 | train=0.002225 | val=0.002517 | best=0.002411@112 | patience=4/30 | time=1.49s
[2026-04-27 00:00:54] epoch  117/300 | train=0.002071 | val=0.002837 | best=0.002411@112 | patience=5/30 | time=1.49s
[2026-04-27 00:00:56] epoch  118/300 | train=0.002109 | val=0.002549 | best=0.002411@112 | patience=6/30 | time=1.50s
[2026-04-27 00:00:57] epoch  119/300 | train=0.002066 | val=0.002477 | best=0.002411@112 | patience=7/30 | time=1.49s
[2026-04-27 00:00:59] epoch  120/300 | train=0.002054 | val=0.002551 | best=0.002411@112 | patience=8/30 | time=1.49s
[2026-04-27 00:01:03] epoch  121/300 | train=0.002072 | val=0.002394 | best=0.002394@121 | patience=0/30 | time=1.50s *
[2026-04-27 00:01:05] epoch  122/300 | train=0.001981 | val=0.002436 | best=0.002394@121 | patience=1/30 | time=1.51s
[2026-04-27 00:01:06] epoch  123/300 | train=0.001936 | val=0.002664 | best=0.002394@121 | patience=2/30 | time=1.49s
[2026-04-27 00:01:08] epoch  124/300 | train=0.001936 | val=0.002412 | best=0.002394@121 | patience=3/30 | time=1.50s
[2026-04-27 00:01:12] epoch  125/300 | train=0.001971 | val=0.002372 | best=0.002372@125 | patience=0/30 | time=1.49s *
[2026-04-27 00:01:14] epoch  126/300 | train=0.001922 | val=0.002388 | best=0.002372@125 | patience=1/30 | time=1.49s
[2026-04-27 00:01:15] epoch  127/300 | train=0.001937 | val=0.002386 | best=0.002372@125 | patience=2/30 | time=1.49s
[2026-04-27 00:01:17] epoch  128/300 | train=0.001922 | val=0.058991 | best=0.002372@125 | patience=3/30 | time=1.49s
[2026-04-27 00:01:18] epoch  129/300 | train=0.008346 | val=0.097828 | best=0.002372@125 | patience=4/30 | time=1.49s
[2026-04-27 00:01:20] epoch  130/300 | train=0.005866 | val=0.011943 | best=0.002372@125 | patience=5/30 | time=1.50s
[2026-04-27 00:01:22] epoch  131/300 | train=0.005107 | val=0.004555 | best=0.002372@125 | patience=6/30 | time=1.49s
[2026-04-27 00:01:23] epoch  132/300 | train=0.004432 | val=0.004262 | best=0.002372@125 | patience=7/30 | time=1.49s
[2026-04-27 00:01:25] epoch  133/300 | train=0.003957 | val=0.003978 | best=0.002372@125 | patience=8/30 | time=1.49s
[2026-04-27 00:01:26] epoch  134/300 | train=0.003759 | val=0.003819 | best=0.002372@125 | patience=9/30 | time=1.49s
[2026-04-27 00:01:28] epoch  135/300 | train=0.003387 | val=0.003510 | best=0.002372@125 | patience=10/30 | time=1.51s
[2026-04-27 00:01:30] epoch  136/300 | train=0.003293 | val=0.003455 | best=0.002372@125 | patience=11/30 | time=1.50s
[2026-04-27 00:01:31] epoch  137/300 | train=0.003162 | val=0.003329 | best=0.002372@125 | patience=12/30 | time=1.49s
[2026-04-27 00:01:33] epoch  138/300 | train=0.003024 | val=0.003380 | best=0.002372@125 | patience=13/30 | time=1.50s
[2026-04-27 00:01:34] epoch  139/300 | train=0.003202 | val=0.003376 | best=0.002372@125 | patience=14/30 | time=1.49s
[2026-04-27 00:01:36] epoch  140/300 | train=0.003131 | val=0.002991 | best=0.002372@125 | patience=15/30 | time=1.49s
[2026-04-27 00:01:38] epoch  141/300 | train=0.002998 | val=0.003387 | best=0.002372@125 | patience=16/30 | time=1.59s
[2026-04-27 00:01:39] epoch  142/300 | train=0.003294 | val=0.003843 | best=0.002372@125 | patience=17/30 | time=1.49s
[2026-04-27 00:01:41] epoch  143/300 | train=0.004381 | val=0.004411 | best=0.002372@125 | patience=18/30 | time=1.49s
[2026-04-27 00:01:43] epoch  144/300 | train=0.003288 | val=0.003197 | best=0.002372@125 | patience=19/30 | time=1.49s
[2026-04-27 00:01:44] epoch  145/300 | train=0.002867 | val=0.002884 | best=0.002372@125 | patience=20/30 | time=1.49s
[2026-04-27 00:01:46] epoch  146/300 | train=0.002652 | val=0.002856 | best=0.002372@125 | patience=21/30 | time=1.50s
[2026-04-27 00:01:47] epoch  147/300 | train=0.002592 | val=0.002909 | best=0.002372@125 | patience=22/30 | time=1.49s
[2026-04-27 00:01:49] epoch  148/300 | train=0.002601 | val=0.002821 | best=0.002372@125 | patience=23/30 | time=1.49s
[2026-04-27 00:01:51] epoch  149/300 | train=0.002537 | val=0.002739 | best=0.002372@125 | patience=24/30 | time=1.49s
[2026-04-27 00:01:52] epoch  150/300 | train=0.002433 | val=0.002645 | best=0.002372@125 | patience=25/30 | time=1.49s
[2026-04-27 00:01:54] epoch  151/300 | train=0.002399 | val=0.002740 | best=0.002372@125 | patience=26/30 | time=1.51s
[2026-04-27 00:01:55] epoch  152/300 | train=0.002369 | val=0.002575 | best=0.002372@125 | patience=27/30 | time=1.49s
[2026-04-27 00:01:57] epoch  153/300 | train=0.002322 | val=0.002589 | best=0.002372@125 | patience=28/30 | time=1.49s
[2026-04-27 00:01:58] epoch  154/300 | train=0.002247 | val=0.002487 | best=0.002372@125 | patience=29/30 | time=1.49s
[2026-04-27 00:02:00] epoch  155/300 | train=0.002191 | val=0.002545 | best=0.002372@125 | patience=30/30 | time=1.49s
[2026-04-27 00:02:00]   early stopping at epoch 155 (no improvement for 30 epochs)
[2026-04-27 00:02:00] Training done: stop_reason=early_stop, total_epochs=155, best_epoch=125, best_val=0.002372
[2026-04-27 00:02:00] Reloading best checkpoint (epoch 125) for evaluation
[2026-04-27 00:02:07] ------------------------------------------------------------
[2026-04-27 00:02:07] Evaluation:
[2026-04-27 00:02:07]   AUC broken_lcfs         : 0.5506
[2026-04-27 00:02:07]   AUC bad_black_core      : 0.9999
[2026-04-27 00:02:07]   AUC bad_nonconverged    : 1.0000
[2026-04-27 00:02:07]   objective      : 0.8202
[2026-04-27 00:02:07]   floor_ok       : True
[2026-04-27 00:02:07]   threshold      : 0.2188
[2026-04-27 00:02:07]   mu / sigma     : 0.00187934 / 0.000548409
[2026-04-27 00:02:07] Train time=534.8s, eval time=4.5s
