[2026-04-27 08:24:03] ============================================================
[2026-04-27 08:24:03] Trial 138 starting on cuda:0
[2026-04-27 08:24:03] Timestamp: 2026-04-27T08:24:03.950903
[2026-04-27 08:24:03] --- Config summary ---
  bottleneck_dim  : 250
  n_enc_layers    : 4
  n_dec_layers    : 4
  base_channels   : 52
  growth_factor   : 1.7586806528231576
  use_batchnorm   : True
  use_hpf         : True
  hpf_sigma       : 1.0191976583336015
  lr              : 0.00020798691401446162
  batch_size      : 32
  max_epochs      : 300
  patience        : 30
  seed            : 42
  deterministic   : False
  trial_num       : 138
[2026-04-27 08:24:03] Loading train/val/selection splits...
[2026-04-27 08:24:12] Splits loaded in 8.2s: n_train=722, n_val=120, n_selection=405
[2026-04-27 08:24:12] --- Architecture summary ---
  channels per enc layer : [52, 91, 161, 283]
  final spatial size     : 16x16
  flat size before latent: 72448
  bottleneck_dim         : 250
  total parameters       : 41,354,718
[2026-04-27 08:24:12] Starting training: n_train=722, n_val=120, device=cuda:0
[2026-04-27 08:26:45] epoch    1/300 | train=0.004177 | val=0.004156 | best=0.004156@1 | patience=0/30 | time=153.18s *
[2026-04-27 08:26:53] epoch    2/300 | train=0.001948 | val=0.002655 | best=0.002655@2 | patience=0/30 | time=7.03s *
[2026-04-27 08:27:00] epoch    3/300 | train=0.001575 | val=0.001704 | best=0.001704@3 | patience=0/30 | time=6.77s *
[2026-04-27 08:27:07] epoch    4/300 | train=0.001471 | val=0.001535 | best=0.001535@4 | patience=0/30 | time=6.66s *
[2026-04-27 08:27:13] epoch    5/300 | train=0.001440 | val=0.001492 | best=0.001492@5 | patience=0/30 | time=6.54s *
[2026-04-27 08:27:20] epoch    6/300 | train=0.001360 | val=0.001359 | best=0.001359@6 | patience=0/30 | time=6.53s *
[2026-04-27 08:27:27] epoch    7/300 | train=0.001315 | val=0.001352 | best=0.001352@7 | patience=0/30 | time=6.46s *
[2026-04-27 08:27:34] epoch    8/300 | train=0.001288 | val=0.001291 | best=0.001291@8 | patience=0/30 | time=6.42s *
[2026-04-27 08:27:40] epoch    9/300 | train=0.001275 | val=0.001277 | best=0.001277@9 | patience=0/30 | time=6.40s *
[2026-04-27 08:27:47] epoch   10/300 | train=0.001273 | val=0.001264 | best=0.001264@10 | patience=0/30 | time=6.43s *
[2026-04-27 08:27:53] epoch   11/300 | train=0.001262 | val=0.001276 | best=0.001264@10 | patience=1/30 | time=6.40s
[2026-04-27 08:28:00] epoch   12/300 | train=0.001241 | val=0.001239 | best=0.001239@12 | patience=0/30 | time=6.40s *
[2026-04-27 08:28:06] epoch   13/300 | train=0.001234 | val=0.001248 | best=0.001239@12 | patience=1/30 | time=6.38s
[2026-04-27 08:28:13] epoch   14/300 | train=0.001223 | val=0.001212 | best=0.001212@14 | patience=0/30 | time=6.37s *
[2026-04-27 08:28:19] epoch   15/300 | train=0.001207 | val=0.001229 | best=0.001212@14 | patience=1/30 | time=6.35s
[2026-04-27 08:28:26] epoch   16/300 | train=0.001215 | val=0.001198 | best=0.001198@16 | patience=0/30 | time=6.38s *
[2026-04-27 08:28:32] epoch   17/300 | train=0.001177 | val=0.001198 | best=0.001198@16 | patience=1/30 | time=6.38s
[2026-04-27 08:28:39] epoch   18/300 | train=0.001184 | val=0.001183 | best=0.001183@18 | patience=0/30 | time=6.33s *
[2026-04-27 08:28:46] epoch   19/300 | train=0.001147 | val=0.001151 | best=0.001151@19 | patience=0/30 | time=6.38s *
[2026-04-27 08:28:52] epoch   20/300 | train=0.001137 | val=0.001140 | best=0.001140@20 | patience=0/30 | time=6.36s *
[2026-04-27 08:28:59] epoch   21/300 | train=0.001131 | val=0.001143 | best=0.001140@20 | patience=1/30 | time=6.33s
[2026-04-27 08:29:05] epoch   22/300 | train=0.001110 | val=0.001118 | best=0.001118@22 | patience=0/30 | time=6.38s *
[2026-04-27 08:29:12] epoch   23/300 | train=0.001103 | val=0.001241 | best=0.001118@22 | patience=1/30 | time=6.34s
[2026-04-27 08:29:18] epoch   24/300 | train=0.001092 | val=0.001114 | best=0.001114@24 | patience=0/30 | time=6.34s *
[2026-04-27 08:29:25] epoch   25/300 | train=0.001079 | val=0.001108 | best=0.001108@25 | patience=0/30 | time=6.36s *
[2026-04-27 08:29:31] epoch   26/300 | train=0.001068 | val=0.001252 | best=0.001108@25 | patience=1/30 | time=6.33s
[2026-04-27 08:29:38] epoch   27/300 | train=0.001060 | val=0.001087 | best=0.001087@27 | patience=0/30 | time=6.34s *
[2026-04-27 08:29:44] epoch   28/300 | train=0.001048 | val=0.001067 | best=0.001067@28 | patience=0/30 | time=6.32s *
[2026-04-27 08:29:51] epoch   29/300 | train=0.001041 | val=0.001065 | best=0.001065@29 | patience=0/30 | time=6.36s *
[2026-04-27 08:29:58] epoch   30/300 | train=0.001030 | val=0.001044 | best=0.001044@30 | patience=0/30 | time=6.33s *
[2026-04-27 08:30:04] epoch   31/300 | train=0.001016 | val=0.001026 | best=0.001026@31 | patience=0/30 | time=6.37s *
[2026-04-27 08:30:11] epoch   32/300 | train=0.001002 | val=0.001071 | best=0.001026@31 | patience=1/30 | time=6.33s
[2026-04-27 08:30:17] epoch   33/300 | train=0.000996 | val=0.001025 | best=0.001026@31 | patience=2/30 | time=6.37s
[2026-04-27 08:30:24] epoch   34/300 | train=0.000993 | val=0.001011 | best=0.001011@34 | patience=0/30 | time=6.35s *
[2026-04-27 08:30:30] epoch   35/300 | train=0.000977 | val=0.001034 | best=0.001011@34 | patience=1/30 | time=6.34s
[2026-04-27 08:30:37] epoch   36/300 | train=0.000975 | val=0.001000 | best=0.001000@36 | patience=0/30 | time=6.36s *
[2026-04-27 08:30:43] epoch   37/300 | train=0.000961 | val=0.000985 | best=0.000985@37 | patience=0/30 | time=6.33s *
[2026-04-27 08:30:50] epoch   38/300 | train=0.000951 | val=0.000999 | best=0.000985@37 | patience=1/30 | time=6.37s
[2026-04-27 08:30:56] epoch   39/300 | train=0.000942 | val=0.001001 | best=0.000985@37 | patience=2/30 | time=6.33s
[2026-04-27 08:31:03] epoch   40/300 | train=0.000942 | val=0.000980 | best=0.000980@40 | patience=0/30 | time=6.38s *
[2026-04-27 08:31:09] epoch   41/300 | train=0.000929 | val=0.001020 | best=0.000980@40 | patience=1/30 | time=6.35s
[2026-04-27 08:31:16] epoch   42/300 | train=0.000931 | val=0.000974 | best=0.000974@42 | patience=0/30 | time=6.34s *
[2026-04-27 08:31:22] epoch   43/300 | train=0.000910 | val=0.000957 | best=0.000957@43 | patience=0/30 | time=6.36s *
[2026-04-27 08:31:29] epoch   44/300 | train=0.000909 | val=0.000968 | best=0.000957@43 | patience=1/30 | time=6.33s
[2026-04-27 08:31:35] epoch   45/300 | train=0.000897 | val=0.000960 | best=0.000957@43 | patience=2/30 | time=6.37s
[2026-04-27 08:31:41] epoch   46/300 | train=0.000897 | val=0.000965 | best=0.000957@43 | patience=3/30 | time=6.34s
[2026-04-27 08:31:48] epoch   47/300 | train=0.000888 | val=0.000929 | best=0.000929@47 | patience=0/30 | time=6.38s *
[2026-04-27 08:31:55] epoch   48/300 | train=0.000879 | val=0.000965 | best=0.000929@47 | patience=1/30 | time=6.34s
[2026-04-27 08:32:02] epoch   49/300 | train=0.000872 | val=0.000924 | best=0.000924@49 | patience=0/30 | time=6.33s *
[2026-04-27 08:32:08] epoch   50/300 | train=0.000867 | val=0.000925 | best=0.000924@49 | patience=1/30 | time=6.36s
[2026-04-27 08:32:15] epoch   51/300 | train=0.000860 | val=0.000916 | best=0.000916@51 | patience=0/30 | time=6.33s *
[2026-04-27 08:32:21] epoch   52/300 | train=0.000850 | val=0.000924 | best=0.000916@51 | patience=1/30 | time=6.37s
[2026-04-27 08:32:28] epoch   53/300 | train=0.000849 | val=0.000906 | best=0.000906@53 | patience=0/30 | time=6.33s *
[2026-04-27 08:32:34] epoch   54/300 | train=0.000842 | val=0.000909 | best=0.000906@53 | patience=1/30 | time=6.37s
[2026-04-27 08:32:41] epoch   55/300 | train=0.000835 | val=0.000923 | best=0.000906@53 | patience=2/30 | time=6.34s
[2026-04-27 08:32:47] epoch   56/300 | train=0.000830 | val=0.000926 | best=0.000906@53 | patience=3/30 | time=6.33s
[2026-04-27 08:32:53] epoch   57/300 | train=0.000818 | val=0.000928 | best=0.000906@53 | patience=4/30 | time=6.31s
[2026-04-27 08:33:00] epoch   58/300 | train=0.000814 | val=0.000899 | best=0.000899@58 | patience=0/30 | time=6.37s *
[2026-04-27 08:33:06] epoch   59/300 | train=0.000818 | val=0.000967 | best=0.000899@58 | patience=1/30 | time=6.34s
[2026-04-27 08:33:13] epoch   60/300 | train=0.000818 | val=0.000907 | best=0.000899@58 | patience=2/30 | time=6.34s
[2026-04-27 08:33:19] epoch   61/300 | train=0.000804 | val=0.000926 | best=0.000899@58 | patience=3/30 | time=6.36s
[2026-04-27 08:33:26] epoch   62/300 | train=0.000808 | val=0.000892 | best=0.000892@62 | patience=0/30 | time=6.33s *
[2026-04-27 08:33:32] epoch   63/300 | train=0.000793 | val=0.000894 | best=0.000892@62 | patience=1/30 | time=6.36s
[2026-04-27 08:33:39] epoch   64/300 | train=0.000787 | val=0.000881 | best=0.000881@64 | patience=0/30 | time=6.33s *
[2026-04-27 08:33:45] epoch   65/300 | train=0.000786 | val=0.000883 | best=0.000881@64 | patience=1/30 | time=6.37s
[2026-04-27 08:33:52] epoch   66/300 | train=0.000783 | val=0.000881 | best=0.000881@64 | patience=2/30 | time=6.34s
[2026-04-27 08:33:58] epoch   67/300 | train=0.000772 | val=0.000883 | best=0.000881@64 | patience=3/30 | time=6.33s
[2026-04-27 08:34:05] epoch   68/300 | train=0.000766 | val=0.000868 | best=0.000868@68 | patience=0/30 | time=6.36s *
[2026-04-27 08:34:11] epoch   69/300 | train=0.000756 | val=0.000868 | best=0.000868@68 | patience=1/30 | time=6.33s
[2026-04-27 08:34:17] epoch   70/300 | train=0.000755 | val=0.000876 | best=0.000868@68 | patience=2/30 | time=6.37s
[2026-04-27 08:34:24] epoch   71/300 | train=0.000750 | val=0.000874 | best=0.000868@68 | patience=3/30 | time=6.33s
[2026-04-27 08:34:30] epoch   72/300 | train=0.000743 | val=0.000876 | best=0.000868@68 | patience=4/30 | time=6.38s
[2026-04-27 08:34:37] epoch   73/300 | train=0.000737 | val=0.000871 | best=0.000868@68 | patience=5/30 | time=6.34s
[2026-04-27 08:34:43] epoch   74/300 | train=0.000742 | val=0.000886 | best=0.000868@68 | patience=6/30 | time=6.33s
[2026-04-27 08:34:49] epoch   75/300 | train=0.000738 | val=0.000875 | best=0.000868@68 | patience=7/30 | time=6.36s
[2026-04-27 08:34:56] epoch   76/300 | train=0.000731 | val=0.000886 | best=0.000868@68 | patience=8/30 | time=6.33s
[2026-04-27 08:35:02] epoch   77/300 | train=0.000718 | val=0.000882 | best=0.000868@68 | patience=9/30 | time=6.34s
[2026-04-27 08:35:08] epoch   78/300 | train=0.000721 | val=0.000934 | best=0.000868@68 | patience=10/30 | time=6.33s
[2026-04-27 08:35:15] epoch   79/300 | train=0.000719 | val=0.000882 | best=0.000868@68 | patience=11/30 | time=6.36s
[2026-04-27 08:35:21] epoch   80/300 | train=0.000704 | val=0.000848 | best=0.000848@80 | patience=0/30 | time=6.33s *
[2026-04-27 08:35:28] epoch   81/300 | train=0.000699 | val=0.000876 | best=0.000848@80 | patience=1/30 | time=6.36s
[2026-04-27 08:35:34] epoch   82/300 | train=0.000696 | val=0.000865 | best=0.000848@80 | patience=2/30 | time=6.33s
[2026-04-27 08:35:41] epoch   83/300 | train=0.000687 | val=0.000885 | best=0.000848@80 | patience=3/30 | time=6.38s
[2026-04-27 08:35:47] epoch   84/300 | train=0.000696 | val=0.000888 | best=0.000848@80 | patience=4/30 | time=6.34s
[2026-04-27 08:35:53] epoch   85/300 | train=0.000696 | val=0.000867 | best=0.000848@80 | patience=5/30 | time=6.33s
[2026-04-27 08:36:00] epoch   86/300 | train=0.000684 | val=0.000854 | best=0.000848@80 | patience=6/30 | time=6.36s
[2026-04-27 08:36:06] epoch   87/300 | train=0.000673 | val=0.000851 | best=0.000848@80 | patience=7/30 | time=6.33s
[2026-04-27 08:36:12] epoch   88/300 | train=0.000668 | val=0.000853 | best=0.000848@80 | patience=8/30 | time=6.36s
[2026-04-27 08:36:19] epoch   89/300 | train=0.000660 | val=0.000845 | best=0.000845@89 | patience=0/30 | time=6.33s *
[2026-04-27 08:36:26] epoch   90/300 | train=0.000650 | val=0.000839 | best=0.000839@90 | patience=0/30 | time=6.38s *
[2026-04-27 08:36:32] epoch   91/300 | train=0.000644 | val=0.000836 | best=0.000836@91 | patience=0/30 | time=6.34s *
[2026-04-27 08:36:39] epoch   92/300 | train=0.000647 | val=0.000850 | best=0.000836@91 | patience=1/30 | time=6.34s
[2026-04-27 08:36:45] epoch   93/300 | train=0.000646 | val=0.000862 | best=0.000836@91 | patience=2/30 | time=6.36s
[2026-04-27 08:36:51] epoch   94/300 | train=0.000644 | val=0.000847 | best=0.000836@91 | patience=3/30 | time=6.33s
[2026-04-27 08:36:58] epoch   95/300 | train=0.000634 | val=0.000841 | best=0.000836@91 | patience=4/30 | time=6.36s
[2026-04-27 08:37:04] epoch   96/300 | train=0.000624 | val=0.000845 | best=0.000836@91 | patience=5/30 | time=6.33s
[2026-04-27 08:37:11] epoch   97/300 | train=0.000622 | val=0.000861 | best=0.000836@91 | patience=6/30 | time=6.34s
[2026-04-27 08:37:17] epoch   98/300 | train=0.000616 | val=0.000833 | best=0.000833@98 | patience=0/30 | time=6.33s *
[2026-04-27 08:37:24] epoch   99/300 | train=0.000602 | val=0.000835 | best=0.000833@98 | patience=1/30 | time=6.36s
[2026-04-27 08:37:30] epoch  100/300 | train=0.000599 | val=0.000833 | best=0.000833@98 | patience=2/30 | time=6.32s
[2026-04-27 08:37:37] epoch  101/300 | train=0.000597 | val=0.000828 | best=0.000828@101 | patience=0/30 | time=6.38s *
[2026-04-27 08:37:43] epoch  102/300 | train=0.000592 | val=0.000841 | best=0.000828@101 | patience=1/30 | time=6.34s
[2026-04-27 08:37:49] epoch  103/300 | train=0.000588 | val=0.000862 | best=0.000828@101 | patience=2/30 | time=6.33s
[2026-04-27 08:37:56] epoch  104/300 | train=0.000601 | val=0.000868 | best=0.000828@101 | patience=3/30 | time=6.36s
[2026-04-27 08:38:02] epoch  105/300 | train=0.000602 | val=0.000856 | best=0.000828@101 | patience=4/30 | time=6.33s
[2026-04-27 08:38:08] epoch  106/300 | train=0.000603 | val=0.000848 | best=0.000828@101 | patience=5/30 | time=6.36s
[2026-04-27 08:38:15] epoch  107/300 | train=0.000585 | val=0.000840 | best=0.000828@101 | patience=6/30 | time=6.33s
[2026-04-27 08:38:21] epoch  108/300 | train=0.000576 | val=0.000863 | best=0.000828@101 | patience=7/30 | time=6.38s
[2026-04-27 08:38:28] epoch  109/300 | train=0.000567 | val=0.000863 | best=0.000828@101 | patience=8/30 | time=6.34s
[2026-04-27 08:38:34] epoch  110/300 | train=0.000557 | val=0.000839 | best=0.000828@101 | patience=9/30 | time=6.34s
[2026-04-27 08:38:40] epoch  111/300 | train=0.000557 | val=0.000842 | best=0.000828@101 | patience=10/30 | time=6.36s
[2026-04-27 08:38:47] epoch  112/300 | train=0.000554 | val=0.000830 | best=0.000828@101 | patience=11/30 | time=6.33s
[2026-04-27 08:38:53] epoch  113/300 | train=0.000544 | val=0.000886 | best=0.000828@101 | patience=12/30 | time=6.37s
[2026-04-27 08:39:00] epoch  114/300 | train=0.000541 | val=0.000837 | best=0.000828@101 | patience=13/30 | time=6.33s
[2026-04-27 08:39:06] epoch  115/300 | train=0.000538 | val=0.000846 | best=0.000828@101 | patience=14/30 | time=6.38s
[2026-04-27 08:39:12] epoch  116/300 | train=0.000537 | val=0.000845 | best=0.000828@101 | patience=15/30 | time=6.30s
[2026-04-27 08:39:19] epoch  117/300 | train=0.000531 | val=0.000868 | best=0.000828@101 | patience=16/30 | time=6.35s
[2026-04-27 08:39:25] epoch  118/300 | train=0.000525 | val=0.000828 | best=0.000828@101 | patience=17/30 | time=6.33s
[2026-04-27 08:39:32] epoch  119/300 | train=0.000509 | val=0.000820 | best=0.000820@119 | patience=0/30 | time=6.38s *
[2026-04-27 08:39:38] epoch  120/300 | train=0.000510 | val=0.000847 | best=0.000820@119 | patience=1/30 | time=6.33s
[2026-04-27 08:39:44] epoch  121/300 | train=0.000507 | val=0.000842 | best=0.000820@119 | patience=2/30 | time=6.34s
[2026-04-27 08:39:51] epoch  122/300 | train=0.000503 | val=0.000833 | best=0.000820@119 | patience=3/30 | time=6.36s
[2026-04-27 08:39:57] epoch  123/300 | train=0.000495 | val=0.000847 | best=0.000820@119 | patience=4/30 | time=6.33s
[2026-04-27 08:40:04] epoch  124/300 | train=0.000490 | val=0.000840 | best=0.000820@119 | patience=5/30 | time=6.36s
[2026-04-27 08:40:10] epoch  125/300 | train=0.000489 | val=0.000862 | best=0.000820@119 | patience=6/30 | time=6.33s
[2026-04-27 08:40:16] epoch  126/300 | train=0.000505 | val=0.000874 | best=0.000820@119 | patience=7/30 | time=6.37s
[2026-04-27 08:40:23] epoch  127/300 | train=0.000498 | val=0.000843 | best=0.000820@119 | patience=8/30 | time=6.33s
[2026-04-27 08:40:29] epoch  128/300 | train=0.000486 | val=0.000889 | best=0.000820@119 | patience=9/30 | time=6.33s
[2026-04-27 08:40:35] epoch  129/300 | train=0.000484 | val=0.000874 | best=0.000820@119 | patience=10/30 | time=6.36s
[2026-04-27 08:40:42] epoch  130/300 | train=0.000487 | val=0.000853 | best=0.000820@119 | patience=11/30 | time=6.33s
[2026-04-27 08:40:48] epoch  131/300 | train=0.000476 | val=0.000835 | best=0.000820@119 | patience=12/30 | time=6.36s
[2026-04-27 08:40:55] epoch  132/300 | train=0.000470 | val=0.000835 | best=0.000820@119 | patience=13/30 | time=6.33s
[2026-04-27 08:41:01] epoch  133/300 | train=0.000457 | val=0.000841 | best=0.000820@119 | patience=14/30 | time=6.34s
[2026-04-27 08:41:07] epoch  134/300 | train=0.000452 | val=0.000836 | best=0.000820@119 | patience=15/30 | time=6.33s
[2026-04-27 08:41:14] epoch  135/300 | train=0.000453 | val=0.000852 | best=0.000820@119 | patience=16/30 | time=6.36s
[2026-04-27 08:41:20] epoch  136/300 | train=0.000452 | val=0.000844 | best=0.000820@119 | patience=17/30 | time=6.32s
[2026-04-27 08:41:27] epoch  137/300 | train=0.000447 | val=0.000832 | best=0.000820@119 | patience=18/30 | time=6.37s
[2026-04-27 08:41:33] epoch  138/300 | train=0.000447 | val=0.000846 | best=0.000820@119 | patience=19/30 | time=6.34s
[2026-04-27 08:41:39] epoch  139/300 | train=0.000444 | val=0.000854 | best=0.000820@119 | patience=20/30 | time=6.33s
[2026-04-27 08:41:46] epoch  140/300 | train=0.000445 | val=0.000848 | best=0.000820@119 | patience=21/30 | time=6.36s
[2026-04-27 08:41:52] epoch  141/300 | train=0.000431 | val=0.000839 | best=0.000820@119 | patience=22/30 | time=6.33s
[2026-04-27 08:41:58] epoch  142/300 | train=0.000432 | val=0.000858 | best=0.000820@119 | patience=23/30 | time=6.36s
[2026-04-27 08:42:05] epoch  143/300 | train=0.000428 | val=0.000873 | best=0.000820@119 | patience=24/30 | time=6.33s
[2026-04-27 08:42:11] epoch  144/300 | train=0.000427 | val=0.000860 | best=0.000820@119 | patience=25/30 | time=6.38s
[2026-04-27 08:42:18] epoch  145/300 | train=0.000415 | val=0.000836 | best=0.000820@119 | patience=26/30 | time=6.34s
[2026-04-27 08:42:24] epoch  146/300 | train=0.000403 | val=0.000887 | best=0.000820@119 | patience=27/30 | time=6.33s
[2026-04-27 08:42:30] epoch  147/300 | train=0.000404 | val=0.000830 | best=0.000820@119 | patience=28/30 | time=6.36s
[2026-04-27 08:42:37] epoch  148/300 | train=0.000400 | val=0.000874 | best=0.000820@119 | patience=29/30 | time=6.33s
[2026-04-27 08:42:43] epoch  149/300 | train=0.000406 | val=0.000860 | best=0.000820@119 | patience=30/30 | time=6.33s
[2026-04-27 08:42:43]   early stopping at epoch 149 (no improvement for 30 epochs)
[2026-04-27 08:42:43] Training done: stop_reason=early_stop, total_epochs=149, best_epoch=119, best_val=0.000820
[2026-04-27 08:42:43] Reloading best checkpoint (epoch 119) for evaluation
[2026-04-27 08:42:53] ------------------------------------------------------------
[2026-04-27 08:42:53] Evaluation:
[2026-04-27 08:42:53]   AUC broken_lcfs         : 0.6055
[2026-04-27 08:42:53]   AUC bad_black_core      : 0.9954
[2026-04-27 08:42:53]   AUC bad_nonconverged    : 0.9980
[2026-04-27 08:42:53]   objective      : 0.8402
[2026-04-27 08:42:53]   floor_ok       : True
[2026-04-27 08:42:53]   threshold      : 0.1372
[2026-04-27 08:42:53]   mu / sigma     : 0.000508217 / 0.000127577
[2026-04-27 08:42:53] Train time=1111.3s, eval time=9.7s
