[2026-04-27 05:25:21] ============================================================
[2026-04-27 05:25:21] Trial 93 starting on cuda:0
[2026-04-27 05:25:21] Timestamp: 2026-04-27T05:25:21.789869
[2026-04-27 05:25:21] --- Config summary ---
  bottleneck_dim  : 109
  n_enc_layers    : 4
  n_dec_layers    : 5
  base_channels   : 26
  growth_factor   : 1.618071447422661
  use_batchnorm   : True
  use_hpf         : True
  hpf_sigma       : 1.8965869946732186
  lr              : 6.359339961324855e-05
  batch_size      : 64
  max_epochs      : 300
  patience        : 30
  seed            : 42
  deterministic   : False
  trial_num       : 93
[2026-04-27 05:25:21] Loading train/val/selection splits...
[2026-04-27 05:25:29] Splits loaded in 8.0s: n_train=722, n_val=120, n_selection=405
[2026-04-27 05:25:29] --- Architecture summary ---
  channels per enc layer : [26, 42, 68, 110]
  final spatial size     : 16x16
  flat size before latent: 28160
  bottleneck_dim         : 109
  total parameters       : 7,176,346
[2026-04-27 05:25:29] Starting training: n_train=722, n_val=120, device=cuda:0
[2026-04-27 05:27:54] epoch    1/300 | train=0.015773 | val=0.009466 | best=0.009466@1 | patience=0/30 | time=144.52s *
[2026-04-27 05:27:57] epoch    2/300 | train=0.009827 | val=0.009842 | best=0.009466@1 | patience=1/30 | time=2.76s
[2026-04-27 05:27:59] epoch    3/300 | train=0.008387 | val=0.008723 | best=0.008723@3 | patience=0/30 | time=2.71s *
[2026-04-27 05:28:02] epoch    4/300 | train=0.007196 | val=0.008046 | best=0.008046@4 | patience=0/30 | time=2.72s *
[2026-04-27 05:28:05] epoch    5/300 | train=0.006137 | val=0.007174 | best=0.007174@5 | patience=0/30 | time=2.76s *
[2026-04-27 05:28:08] epoch    6/300 | train=0.005200 | val=0.005758 | best=0.005758@6 | patience=0/30 | time=2.74s *
[2026-04-27 05:28:11] epoch    7/300 | train=0.004624 | val=0.004629 | best=0.004629@7 | patience=0/30 | time=2.73s *
[2026-04-27 05:28:13] epoch    8/300 | train=0.004239 | val=0.004288 | best=0.004288@8 | patience=0/30 | time=2.73s *
[2026-04-27 05:28:16] epoch    9/300 | train=0.003969 | val=0.004107 | best=0.004107@9 | patience=0/30 | time=2.77s *
[2026-04-27 05:28:19] epoch   10/300 | train=0.003775 | val=0.003886 | best=0.003886@10 | patience=0/30 | time=2.72s *
[2026-04-27 05:28:22] epoch   11/300 | train=0.003629 | val=0.003727 | best=0.003727@11 | patience=0/30 | time=2.76s *
[2026-04-27 05:28:25] epoch   12/300 | train=0.003498 | val=0.003579 | best=0.003579@12 | patience=0/30 | time=2.72s *
[2026-04-27 05:28:27] epoch   13/300 | train=0.003396 | val=0.003487 | best=0.003487@13 | patience=0/30 | time=2.76s *
[2026-04-27 05:28:30] epoch   14/300 | train=0.003312 | val=0.003362 | best=0.003362@14 | patience=0/30 | time=2.74s *
[2026-04-27 05:28:33] epoch   15/300 | train=0.003235 | val=0.003266 | best=0.003266@15 | patience=0/30 | time=2.74s *
[2026-04-27 05:28:36] epoch   16/300 | train=0.003170 | val=0.003195 | best=0.003195@16 | patience=0/30 | time=2.72s *
[2026-04-27 05:28:39] epoch   17/300 | train=0.003098 | val=0.003155 | best=0.003155@17 | patience=0/30 | time=2.74s *
[2026-04-27 05:28:41] epoch   18/300 | train=0.003038 | val=0.003049 | best=0.003049@18 | patience=0/30 | time=2.77s *
[2026-04-27 05:28:44] epoch   19/300 | train=0.002972 | val=0.002986 | best=0.002986@19 | patience=0/30 | time=2.76s *
[2026-04-27 05:28:47] epoch   20/300 | train=0.002924 | val=0.002952 | best=0.002952@20 | patience=0/30 | time=2.72s *
[2026-04-27 05:28:50] epoch   21/300 | train=0.002909 | val=0.002926 | best=0.002926@21 | patience=0/30 | time=2.76s *
[2026-04-27 05:28:53] epoch   22/300 | train=0.002868 | val=0.002885 | best=0.002885@22 | patience=0/30 | time=2.72s *
[2026-04-27 05:28:55] epoch   23/300 | train=0.002836 | val=0.002891 | best=0.002885@22 | patience=1/30 | time=2.74s
[2026-04-27 05:28:58] epoch   24/300 | train=0.002808 | val=0.002817 | best=0.002817@24 | patience=0/30 | time=2.74s *
[2026-04-27 05:29:01] epoch   25/300 | train=0.002772 | val=0.002801 | best=0.002801@25 | patience=0/30 | time=2.74s *
[2026-04-27 05:29:04] epoch   26/300 | train=0.002775 | val=0.002798 | best=0.002798@26 | patience=0/30 | time=2.77s *
[2026-04-27 05:29:07] epoch   27/300 | train=0.002754 | val=0.002759 | best=0.002759@27 | patience=0/30 | time=2.76s *
[2026-04-27 05:29:09] epoch   28/300 | train=0.002706 | val=0.002726 | best=0.002726@28 | patience=0/30 | time=2.72s *
[2026-04-27 05:29:12] epoch   29/300 | train=0.002697 | val=0.002766 | best=0.002726@28 | patience=1/30 | time=2.72s
[2026-04-27 05:29:15] epoch   30/300 | train=0.002710 | val=0.002705 | best=0.002705@30 | patience=0/30 | time=2.76s *
[2026-04-27 05:29:18] epoch   31/300 | train=0.002668 | val=0.002691 | best=0.002691@31 | patience=0/30 | time=2.74s *
[2026-04-27 05:29:21] epoch   32/300 | train=0.002643 | val=0.002663 | best=0.002663@32 | patience=0/30 | time=2.74s *
[2026-04-27 05:29:23] epoch   33/300 | train=0.002638 | val=0.002661 | best=0.002661@33 | patience=0/30 | time=2.74s *
[2026-04-27 05:29:26] epoch   34/300 | train=0.002619 | val=0.002635 | best=0.002635@34 | patience=0/30 | time=2.77s *
[2026-04-27 05:29:29] epoch   35/300 | train=0.002594 | val=0.002617 | best=0.002617@35 | patience=0/30 | time=2.72s *
[2026-04-27 05:29:32] epoch   36/300 | train=0.002580 | val=0.002652 | best=0.002617@35 | patience=1/30 | time=2.76s
[2026-04-27 05:29:35] epoch   37/300 | train=0.002606 | val=0.002605 | best=0.002605@37 | patience=0/30 | time=2.72s *
[2026-04-27 05:29:37] epoch   38/300 | train=0.002558 | val=0.002573 | best=0.002573@38 | patience=0/30 | time=2.76s *
[2026-04-27 05:29:40] epoch   39/300 | train=0.002552 | val=0.002644 | best=0.002573@38 | patience=1/30 | time=2.74s
[2026-04-27 05:29:43] epoch   40/300 | train=0.002572 | val=0.002568 | best=0.002568@40 | patience=0/30 | time=2.74s *
[2026-04-27 05:29:46] epoch   41/300 | train=0.002532 | val=0.002550 | best=0.002550@41 | patience=0/30 | time=2.72s *
[2026-04-27 05:29:49] epoch   42/300 | train=0.002517 | val=0.002543 | best=0.002543@42 | patience=0/30 | time=2.74s *
[2026-04-27 05:29:51] epoch   43/300 | train=0.002511 | val=0.002535 | best=0.002535@43 | patience=0/30 | time=2.76s *
[2026-04-27 05:29:54] epoch   44/300 | train=0.002509 | val=0.002532 | best=0.002532@44 | patience=0/30 | time=2.76s *
[2026-04-27 05:29:57] epoch   45/300 | train=0.002494 | val=0.002536 | best=0.002532@44 | patience=1/30 | time=2.72s
[2026-04-27 05:30:00] epoch   46/300 | train=0.002488 | val=0.002497 | best=0.002497@46 | patience=0/30 | time=2.76s *
[2026-04-27 05:30:03] epoch   47/300 | train=0.002461 | val=0.002500 | best=0.002497@46 | patience=1/30 | time=2.74s
[2026-04-27 05:30:05] epoch   48/300 | train=0.002455 | val=0.002488 | best=0.002488@48 | patience=0/30 | time=2.72s *
[2026-04-27 05:30:08] epoch   49/300 | train=0.002464 | val=0.002536 | best=0.002488@48 | patience=1/30 | time=2.73s
[2026-04-27 05:30:11] epoch   50/300 | train=0.002470 | val=0.002495 | best=0.002488@48 | patience=2/30 | time=2.74s
[2026-04-27 05:30:11]   pruned at epoch 50
[2026-04-27 05:30:11] Training done: stop_reason=pruned, total_epochs=50, best_epoch=48, best_val=0.002488
[2026-04-27 05:30:11] Reloading best checkpoint (epoch 48) for evaluation
[2026-04-27 05:30:15] ------------------------------------------------------------
[2026-04-27 05:30:15] Evaluation:
[2026-04-27 05:30:15]   AUC broken_lcfs         : 0.5959
[2026-04-27 05:30:15]   AUC bad_black_core      : 0.9759
[2026-04-27 05:30:15]   AUC bad_nonconverged    : 0.9838
[2026-04-27 05:30:15]   objective      : 0.8263
[2026-04-27 05:30:15]   floor_ok       : True
[2026-04-27 05:30:15]   threshold      : 0.1078
[2026-04-27 05:30:15]   mu / sigma     : 0.00246079 / 0.000515983
[2026-04-27 05:30:15] Train time=281.6s, eval time=3.9s
