[2026-04-27 03:10:50] ============================================================
[2026-04-27 03:10:50] Trial 62 starting on cuda:0
[2026-04-27 03:10:50] Timestamp: 2026-04-27T03:10:50.709433
[2026-04-27 03:10:50] --- Config summary ---
  bottleneck_dim  : 202
  n_enc_layers    : 5
  n_dec_layers    : 5
  base_channels   : 43
  growth_factor   : 1.6811917566734984
  use_batchnorm   : True
  use_hpf         : True
  hpf_sigma       : 1.0023537360645238
  lr              : 6.177008605175822e-05
  batch_size      : 24
  max_epochs      : 300
  patience        : 30
  seed            : 42
  deterministic   : False
  trial_num       : 62
[2026-04-27 03:10:50] Loading train/val/selection splits...
[2026-04-27 03:11:49] Splits loaded in 59.0s: n_train=722, n_val=120, n_selection=405
[2026-04-27 03:11:50] --- Architecture summary ---
  channels per enc layer : [43, 72, 122, 204, 344]
  final spatial size     : 8x8
  flat size before latent: 22016
  bottleneck_dim         : 202
  total parameters       : 18,468,543
[2026-04-27 03:11:50] Starting training: n_train=722, n_val=120, device=cuda:0
[2026-04-27 03:13:33] epoch    1/300 | train=0.007197 | val=0.004341 | best=0.004341@1 | patience=0/30 | time=102.66s *
[2026-04-27 03:13:39] epoch    2/300 | train=0.003006 | val=0.003062 | best=0.003062@2 | patience=0/30 | time=6.03s *
[2026-04-27 03:13:46] epoch    3/300 | train=0.002411 | val=0.002323 | best=0.002323@3 | patience=0/30 | time=6.08s *
[2026-04-27 03:13:52] epoch    4/300 | train=0.002021 | val=0.001933 | best=0.001933@4 | patience=0/30 | time=6.18s *
[2026-04-27 03:13:59] epoch    5/300 | train=0.001736 | val=0.001677 | best=0.001677@5 | patience=0/30 | time=6.05s *
[2026-04-27 03:14:08] epoch    6/300 | train=0.001560 | val=0.001578 | best=0.001578@6 | patience=0/30 | time=8.96s *
[2026-04-27 03:14:15] epoch    7/300 | train=0.001459 | val=0.001487 | best=0.001487@7 | patience=0/30 | time=6.01s *
[2026-04-27 03:14:21] epoch    8/300 | train=0.001423 | val=0.001596 | best=0.001487@7 | patience=1/30 | time=6.02s
[2026-04-27 03:14:28] epoch    9/300 | train=0.001457 | val=0.001384 | best=0.001384@9 | patience=0/30 | time=6.19s *
[2026-04-27 03:14:35] epoch   10/300 | train=0.001332 | val=0.001384 | best=0.001384@9 | patience=1/30 | time=7.69s
[2026-04-27 03:14:42] epoch   11/300 | train=0.001312 | val=0.001309 | best=0.001309@11 | patience=0/30 | time=6.03s *
[2026-04-27 03:14:49] epoch   12/300 | train=0.001276 | val=0.001289 | best=0.001289@12 | patience=0/30 | time=6.65s *
[2026-04-27 03:14:56] epoch   13/300 | train=0.001257 | val=0.001256 | best=0.001256@13 | patience=0/30 | time=6.21s *
[2026-04-27 03:15:05] epoch   14/300 | train=0.001242 | val=0.001252 | best=0.001252@14 | patience=0/30 | time=8.85s *
[2026-04-27 03:15:12] epoch   15/300 | train=0.001226 | val=0.001241 | best=0.001241@15 | patience=0/30 | time=6.22s *
[2026-04-27 03:15:19] epoch   16/300 | train=0.001223 | val=0.001209 | best=0.001209@16 | patience=0/30 | time=6.57s *
[2026-04-27 03:15:25] epoch   17/300 | train=0.001191 | val=0.001240 | best=0.001209@16 | patience=1/30 | time=6.02s
[2026-04-27 03:15:32] epoch   18/300 | train=0.001198 | val=0.001188 | best=0.001188@18 | patience=0/30 | time=6.29s *
[2026-04-27 03:15:41] epoch   19/300 | train=0.001167 | val=0.001171 | best=0.001171@19 | patience=0/30 | time=8.86s *
[2026-04-27 03:15:48] epoch   20/300 | train=0.001151 | val=0.001442 | best=0.001171@19 | patience=1/30 | time=6.60s
[2026-04-27 03:15:54] epoch   21/300 | train=0.001246 | val=0.001199 | best=0.001171@19 | patience=2/30 | time=6.04s
[2026-04-27 03:16:00] epoch   22/300 | train=0.001151 | val=0.001140 | best=0.001140@22 | patience=0/30 | time=6.09s *
[2026-04-27 03:16:07] epoch   23/300 | train=0.001129 | val=0.001173 | best=0.001140@22 | patience=1/30 | time=6.30s
[2026-04-27 03:16:13] epoch   24/300 | train=0.001128 | val=0.001146 | best=0.001140@22 | patience=2/30 | time=6.16s
[2026-04-27 03:16:19] epoch   25/300 | train=0.001121 | val=0.001146 | best=0.001140@22 | patience=3/30 | time=6.09s
[2026-04-27 03:16:25] epoch   26/300 | train=0.001112 | val=0.001156 | best=0.001140@22 | patience=4/30 | time=6.19s
[2026-04-27 03:16:32] epoch   27/300 | train=0.001111 | val=0.001112 | best=0.001112@27 | patience=0/30 | time=6.21s *
[2026-04-27 03:16:41] epoch   28/300 | train=0.001089 | val=0.001114 | best=0.001112@27 | patience=1/30 | time=8.59s
[2026-04-27 03:16:47] epoch   29/300 | train=0.001090 | val=0.001093 | best=0.001093@29 | patience=0/30 | time=6.02s *
[2026-04-27 03:16:54] epoch   30/300 | train=0.001072 | val=0.001080 | best=0.001080@30 | patience=0/30 | time=6.08s *
[2026-04-27 03:17:00] epoch   31/300 | train=0.001061 | val=0.001077 | best=0.001077@31 | patience=0/30 | time=6.05s *
[2026-04-27 03:17:07] epoch   32/300 | train=0.001060 | val=0.001088 | best=0.001077@31 | patience=1/30 | time=6.30s
[2026-04-27 03:17:13] epoch   33/300 | train=0.001056 | val=0.001068 | best=0.001068@33 | patience=0/30 | time=6.18s *
[2026-04-27 03:17:20] epoch   34/300 | train=0.001045 | val=0.001075 | best=0.001068@33 | patience=1/30 | time=6.37s
[2026-04-27 03:17:26] epoch   35/300 | train=0.001042 | val=0.001053 | best=0.001053@35 | patience=0/30 | time=6.14s *
[2026-04-27 03:17:33] epoch   36/300 | train=0.001028 | val=0.001067 | best=0.001053@35 | patience=1/30 | time=6.14s
[2026-04-27 03:17:42] epoch   37/300 | train=0.001026 | val=0.001035 | best=0.001035@37 | patience=0/30 | time=8.68s *
[2026-04-27 03:17:48] epoch   38/300 | train=0.001014 | val=0.001110 | best=0.001035@37 | patience=1/30 | time=6.09s
[2026-04-27 03:17:54] epoch   39/300 | train=0.001034 | val=0.001040 | best=0.001035@37 | patience=2/30 | time=6.01s
[2026-04-27 03:18:00] epoch   40/300 | train=0.001006 | val=0.001034 | best=0.001035@37 | patience=3/30 | time=6.34s
[2026-04-27 03:18:09] epoch   41/300 | train=0.000998 | val=0.001052 | best=0.001035@37 | patience=4/30 | time=8.80s
[2026-04-27 03:18:16] epoch   42/300 | train=0.000999 | val=0.001038 | best=0.001035@37 | patience=5/30 | time=6.02s
[2026-04-27 03:18:23] epoch   43/300 | train=0.000997 | val=0.001017 | best=0.001017@43 | patience=0/30 | time=6.02s *
[2026-04-27 03:18:29] epoch   44/300 | train=0.000985 | val=0.001021 | best=0.001017@43 | patience=1/30 | time=6.34s
[2026-04-27 03:18:38] epoch   45/300 | train=0.000977 | val=0.001085 | best=0.001017@43 | patience=2/30 | time=8.43s
[2026-04-27 03:18:44] epoch   46/300 | train=0.001000 | val=0.001015 | best=0.001015@46 | patience=0/30 | time=6.19s *
[2026-04-27 03:18:51] epoch   47/300 | train=0.000974 | val=0.001020 | best=0.001015@46 | patience=1/30 | time=6.58s
[2026-04-27 03:18:57] epoch   48/300 | train=0.000966 | val=0.001020 | best=0.001015@46 | patience=2/30 | time=6.02s
[2026-04-27 03:19:04] epoch   49/300 | train=0.000963 | val=0.001007 | best=0.001007@49 | patience=0/30 | time=6.28s *
[2026-04-27 03:19:12] epoch   50/300 | train=0.000956 | val=0.000983 | best=0.000983@50 | patience=0/30 | time=7.72s *
[2026-04-27 03:19:18] epoch   51/300 | train=0.000943 | val=0.000986 | best=0.000983@50 | patience=1/30 | time=6.02s
[2026-04-27 03:19:25] epoch   52/300 | train=0.000942 | val=0.000983 | best=0.000983@50 | patience=2/30 | time=6.56s
[2026-04-27 03:19:31] epoch   53/300 | train=0.000932 | val=0.000979 | best=0.000979@53 | patience=0/30 | time=6.17s *
[2026-04-27 03:19:40] epoch   54/300 | train=0.000940 | val=0.000995 | best=0.000979@53 | patience=1/30 | time=8.39s
[2026-04-27 03:19:46] epoch   55/300 | train=0.000941 | val=0.000974 | best=0.000974@55 | patience=0/30 | time=6.21s *
[2026-04-27 03:19:53] epoch   56/300 | train=0.000929 | val=0.000967 | best=0.000967@56 | patience=0/30 | time=6.54s *
[2026-04-27 03:20:00] epoch   57/300 | train=0.000914 | val=0.000989 | best=0.000967@56 | patience=1/30 | time=6.16s
[2026-04-27 03:20:06] epoch   58/300 | train=0.000922 | val=0.000969 | best=0.000967@56 | patience=2/30 | time=6.16s
[2026-04-27 03:20:15] epoch   59/300 | train=0.000918 | val=0.000975 | best=0.000967@56 | patience=3/30 | time=8.53s
[2026-04-27 03:20:21] epoch   60/300 | train=0.000912 | val=0.000973 | best=0.000967@56 | patience=4/30 | time=6.51s
[2026-04-27 03:20:28] epoch   61/300 | train=0.000914 | val=0.000952 | best=0.000952@61 | patience=0/30 | time=6.02s *
[2026-04-27 03:20:34] epoch   62/300 | train=0.000904 | val=0.000954 | best=0.000952@61 | patience=1/30 | time=6.07s
[2026-04-27 03:20:41] epoch   63/300 | train=0.000901 | val=0.000949 | best=0.000949@63 | patience=0/30 | time=6.27s *
[2026-04-27 03:20:47] epoch   64/300 | train=0.000889 | val=0.000991 | best=0.000949@63 | patience=1/30 | time=6.18s
[2026-04-27 03:20:53] epoch   65/300 | train=0.000918 | val=0.000948 | best=0.000948@65 | patience=0/30 | time=6.09s *
[2026-04-27 03:21:00] epoch   66/300 | train=0.000889 | val=0.000944 | best=0.000944@66 | patience=0/30 | time=6.06s *
[2026-04-27 03:21:06] epoch   67/300 | train=0.000882 | val=0.000938 | best=0.000938@67 | patience=0/30 | time=6.04s *
[2026-04-27 03:21:13] epoch   68/300 | train=0.000875 | val=0.000938 | best=0.000938@67 | patience=1/30 | time=6.41s
[2026-04-27 03:21:19] epoch   69/300 | train=0.000873 | val=0.000926 | best=0.000926@69 | patience=0/30 | time=6.02s *
[2026-04-27 03:21:26] epoch   70/300 | train=0.000865 | val=0.000948 | best=0.000926@69 | patience=1/30 | time=6.55s
[2026-04-27 03:21:32] epoch   71/300 | train=0.000867 | val=0.000930 | best=0.000926@69 | patience=2/30 | time=6.04s
[2026-04-27 03:21:41] epoch   72/300 | train=0.000861 | val=0.001009 | best=0.000926@69 | patience=3/30 | time=8.65s
[2026-04-27 03:21:47] epoch   73/300 | train=0.000880 | val=0.000932 | best=0.000926@69 | patience=4/30 | time=6.19s
[2026-04-27 03:21:54] epoch   74/300 | train=0.000856 | val=0.000924 | best=0.000924@74 | patience=0/30 | time=6.52s *
[2026-04-27 03:22:01] epoch   75/300 | train=0.000849 | val=0.000922 | best=0.000922@75 | patience=0/30 | time=6.16s *
[2026-04-27 03:22:07] epoch   76/300 | train=0.000855 | val=0.000926 | best=0.000922@75 | patience=1/30 | time=6.18s
[2026-04-27 03:22:16] epoch   77/300 | train=0.000845 | val=0.000928 | best=0.000922@75 | patience=2/30 | time=8.68s
[2026-04-27 03:22:22] epoch   78/300 | train=0.000851 | val=0.000930 | best=0.000922@75 | patience=3/30 | time=6.03s
[2026-04-27 03:22:29] epoch   79/300 | train=0.000854 | val=0.000916 | best=0.000916@79 | patience=0/30 | time=6.51s *
[2026-04-27 03:22:35] epoch   80/300 | train=0.000837 | val=0.000931 | best=0.000916@79 | patience=1/30 | time=6.18s
[2026-04-27 03:22:44] epoch   81/300 | train=0.000844 | val=0.000922 | best=0.000916@79 | patience=2/30 | time=8.67s
[2026-04-27 03:22:50] epoch   82/300 | train=0.000842 | val=0.000920 | best=0.000916@79 | patience=3/30 | time=6.20s
[2026-04-27 03:22:57] epoch   83/300 | train=0.000833 | val=0.001179 | best=0.000916@79 | patience=4/30 | time=6.51s
[2026-04-27 03:23:03] epoch   84/300 | train=0.000921 | val=0.000948 | best=0.000916@79 | patience=5/30 | time=6.18s
[2026-04-27 03:23:10] epoch   85/300 | train=0.000865 | val=0.000923 | best=0.000916@79 | patience=6/30 | time=6.20s
[2026-04-27 03:23:18] epoch   86/300 | train=0.000837 | val=0.000918 | best=0.000916@79 | patience=7/30 | time=8.04s
[2026-04-27 03:23:24] epoch   87/300 | train=0.000831 | val=0.001021 | best=0.000916@79 | patience=8/30 | time=6.43s
[2026-04-27 03:23:30] epoch   88/300 | train=0.000851 | val=0.000916 | best=0.000916@79 | patience=9/30 | time=6.02s
[2026-04-27 03:23:37] epoch   89/300 | train=0.000818 | val=0.000920 | best=0.000916@79 | patience=10/30 | time=6.20s
[2026-04-27 03:23:46] epoch   90/300 | train=0.000827 | val=0.000915 | best=0.000916@79 | patience=11/30 | time=8.69s
[2026-04-27 03:23:52] epoch   91/300 | train=0.000814 | val=0.000895 | best=0.000895@91 | patience=0/30 | time=6.02s *
[2026-04-27 03:23:59] epoch   92/300 | train=0.000812 | val=0.000908 | best=0.000895@91 | patience=1/30 | time=6.46s
[2026-04-27 03:24:05] epoch   93/300 | train=0.000810 | val=0.000891 | best=0.000891@93 | patience=0/30 | time=6.04s *
[2026-04-27 03:24:12] epoch   94/300 | train=0.000802 | val=0.000909 | best=0.000891@93 | patience=1/30 | time=6.47s
[2026-04-27 03:24:18] epoch   95/300 | train=0.000808 | val=0.000905 | best=0.000891@93 | patience=2/30 | time=6.14s
[2026-04-27 03:24:25] epoch   96/300 | train=0.000800 | val=0.000886 | best=0.000886@96 | patience=0/30 | time=6.51s *
[2026-04-27 03:24:31] epoch   97/300 | train=0.000792 | val=0.000892 | best=0.000886@96 | patience=1/30 | time=6.05s
[2026-04-27 03:24:38] epoch   98/300 | train=0.000799 | val=0.000894 | best=0.000886@96 | patience=2/30 | time=6.21s
[2026-04-27 03:24:45] epoch   99/300 | train=0.000791 | val=0.000881 | best=0.000881@99 | patience=0/30 | time=6.42s *
[2026-04-27 03:24:51] epoch  100/300 | train=0.000782 | val=0.000891 | best=0.000881@99 | patience=1/30 | time=6.02s
[2026-04-27 03:24:57] epoch  101/300 | train=0.000778 | val=0.000894 | best=0.000881@99 | patience=2/30 | time=6.07s
[2026-04-27 03:25:03] epoch  102/300 | train=0.000784 | val=0.000889 | best=0.000881@99 | patience=3/30 | time=6.15s
[2026-04-27 03:25:10] epoch  103/300 | train=0.000775 | val=0.000890 | best=0.000881@99 | patience=4/30 | time=6.44s
[2026-04-27 03:25:16] epoch  104/300 | train=0.000775 | val=0.000891 | best=0.000881@99 | patience=5/30 | time=6.08s
[2026-04-27 03:25:22] epoch  105/300 | train=0.000770 | val=0.000886 | best=0.000881@99 | patience=6/30 | time=6.08s
[2026-04-27 03:25:29] epoch  106/300 | train=0.000764 | val=0.000903 | best=0.000881@99 | patience=7/30 | time=6.03s
[2026-04-27 03:25:35] epoch  107/300 | train=0.000773 | val=0.000896 | best=0.000881@99 | patience=8/30 | time=6.08s
[2026-04-27 03:25:41] epoch  108/300 | train=0.000771 | val=0.000905 | best=0.000881@99 | patience=9/30 | time=6.28s
[2026-04-27 03:25:47] epoch  109/300 | train=0.000772 | val=0.000884 | best=0.000881@99 | patience=10/30 | time=6.23s
[2026-04-27 03:25:54] epoch  110/300 | train=0.000762 | val=0.000882 | best=0.000881@99 | patience=11/30 | time=6.09s
[2026-04-27 03:26:00] epoch  111/300 | train=0.000756 | val=0.000902 | best=0.000881@99 | patience=12/30 | time=6.02s
[2026-04-27 03:26:06] epoch  112/300 | train=0.000762 | val=0.000881 | best=0.000881@99 | patience=13/30 | time=6.18s
[2026-04-27 03:26:15] epoch  113/300 | train=0.000752 | val=0.000880 | best=0.000881@99 | patience=14/30 | time=8.95s
[2026-04-27 03:26:21] epoch  114/300 | train=0.000745 | val=0.000885 | best=0.000881@99 | patience=15/30 | time=6.02s
[2026-04-27 03:26:27] epoch  115/300 | train=0.000740 | val=0.000881 | best=0.000881@99 | patience=16/30 | time=6.08s
[2026-04-27 03:26:34] epoch  116/300 | train=0.000738 | val=0.000876 | best=0.000876@116 | patience=0/30 | time=6.04s *
[2026-04-27 03:26:40] epoch  117/300 | train=0.000730 | val=0.000876 | best=0.000876@116 | patience=1/30 | time=6.05s
[2026-04-27 03:26:47] epoch  118/300 | train=0.000726 | val=0.000880 | best=0.000876@116 | patience=2/30 | time=6.34s
[2026-04-27 03:26:53] epoch  119/300 | train=0.000734 | val=0.000884 | best=0.000876@116 | patience=3/30 | time=6.02s
[2026-04-27 03:26:59] epoch  120/300 | train=0.000733 | val=0.000878 | best=0.000876@116 | patience=4/30 | time=6.09s
[2026-04-27 03:27:05] epoch  121/300 | train=0.000726 | val=0.000870 | best=0.000870@121 | patience=0/30 | time=6.15s *
[2026-04-27 03:27:14] epoch  122/300 | train=0.000725 | val=0.000897 | best=0.000870@121 | patience=1/30 | time=8.72s
[2026-04-27 03:27:21] epoch  123/300 | train=0.000729 | val=0.000881 | best=0.000870@121 | patience=2/30 | time=6.20s
[2026-04-27 03:27:27] epoch  124/300 | train=0.000718 | val=0.000876 | best=0.000870@121 | patience=3/30 | time=6.51s
[2026-04-27 03:27:33] epoch  125/300 | train=0.000716 | val=0.000871 | best=0.000870@121 | patience=4/30 | time=6.10s
[2026-04-27 03:27:40] epoch  126/300 | train=0.000709 | val=0.000868 | best=0.000868@126 | patience=0/30 | time=6.14s *
[2026-04-27 03:27:49] epoch  127/300 | train=0.000706 | val=0.000866 | best=0.000866@127 | patience=0/30 | time=8.76s *
[2026-04-27 03:27:56] epoch  128/300 | train=0.000697 | val=0.000911 | best=0.000866@127 | patience=1/30 | time=6.51s
[2026-04-27 03:28:02] epoch  129/300 | train=0.000727 | val=0.001082 | best=0.000866@127 | patience=2/30 | time=6.18s
[2026-04-27 03:28:08] epoch  130/300 | train=0.000835 | val=0.000913 | best=0.000866@127 | patience=3/30 | time=6.19s
[2026-04-27 03:28:17] epoch  131/300 | train=0.000739 | val=0.000865 | best=0.000865@131 | patience=0/30 | time=8.12s *
[2026-04-27 03:28:24] epoch  132/300 | train=0.000707 | val=0.000867 | best=0.000865@131 | patience=1/30 | time=6.52s
[2026-04-27 03:28:30] epoch  133/300 | train=0.000705 | val=0.000852 | best=0.000852@133 | patience=0/30 | time=6.02s *
[2026-04-27 03:28:37] epoch  134/300 | train=0.000692 | val=0.000864 | best=0.000852@133 | patience=1/30 | time=6.33s
[2026-04-27 03:28:45] epoch  135/300 | train=0.000688 | val=0.000868 | best=0.000852@133 | patience=2/30 | time=8.76s
[2026-04-27 03:28:52] epoch  136/300 | train=0.000690 | val=0.000873 | best=0.000852@133 | patience=3/30 | time=6.45s
[2026-04-27 03:28:58] epoch  137/300 | train=0.000686 | val=0.000857 | best=0.000852@133 | patience=4/30 | time=6.02s
[2026-04-27 03:29:05] epoch  138/300 | train=0.000672 | val=0.000867 | best=0.000852@133 | patience=5/30 | time=6.34s
[2026-04-27 03:29:13] epoch  139/300 | train=0.000676 | val=0.000873 | best=0.000852@133 | patience=6/30 | time=8.50s
[2026-04-27 03:29:19] epoch  140/300 | train=0.000682 | val=0.000859 | best=0.000852@133 | patience=7/30 | time=6.02s
[2026-04-27 03:29:26] epoch  141/300 | train=0.000668 | val=0.000863 | best=0.000852@133 | patience=8/30 | time=6.54s
[2026-04-27 03:29:32] epoch  142/300 | train=0.000677 | val=0.000965 | best=0.000852@133 | patience=9/30 | time=6.05s
[2026-04-27 03:29:39] epoch  143/300 | train=0.000726 | val=0.000869 | best=0.000852@133 | patience=10/30 | time=6.47s
[2026-04-27 03:29:45] epoch  144/300 | train=0.000678 | val=0.000859 | best=0.000852@133 | patience=11/30 | time=6.07s
[2026-04-27 03:29:51] epoch  145/300 | train=0.000661 | val=0.000854 | best=0.000852@133 | patience=12/30 | time=6.09s
[2026-04-27 03:29:57] epoch  146/300 | train=0.000659 | val=0.000861 | best=0.000852@133 | patience=13/30 | time=6.02s
[2026-04-27 03:30:04] epoch  147/300 | train=0.000660 | val=0.000888 | best=0.000852@133 | patience=14/30 | time=6.09s
[2026-04-27 03:30:10] epoch  148/300 | train=0.000667 | val=0.000874 | best=0.000852@133 | patience=15/30 | time=6.34s
[2026-04-27 03:30:16] epoch  149/300 | train=0.000656 | val=0.000854 | best=0.000852@133 | patience=16/30 | time=6.07s
[2026-04-27 03:30:23] epoch  150/300 | train=0.000645 | val=0.000868 | best=0.000852@133 | patience=17/30 | time=6.09s
[2026-04-27 03:30:29] epoch  151/300 | train=0.000647 | val=0.000861 | best=0.000852@133 | patience=18/30 | time=6.05s
[2026-04-27 03:30:35] epoch  152/300 | train=0.000641 | val=0.000853 | best=0.000852@133 | patience=19/30 | time=6.28s
[2026-04-27 03:30:43] epoch  153/300 | train=0.000634 | val=0.000861 | best=0.000852@133 | patience=20/30 | time=7.82s
[2026-04-27 03:30:50] epoch  154/300 | train=0.000632 | val=0.000847 | best=0.000847@154 | patience=0/30 | time=6.18s *
[2026-04-27 03:30:56] epoch  155/300 | train=0.000623 | val=0.000859 | best=0.000847@154 | patience=1/30 | time=6.35s
[2026-04-27 03:31:03] epoch  156/300 | train=0.000630 | val=0.000852 | best=0.000847@154 | patience=2/30 | time=6.22s
[2026-04-27 03:31:12] epoch  157/300 | train=0.000624 | val=0.000855 | best=0.000847@154 | patience=3/30 | time=8.92s
[2026-04-27 03:31:18] epoch  158/300 | train=0.000617 | val=0.000846 | best=0.000847@154 | patience=4/30 | time=6.08s
[2026-04-27 03:31:24] epoch  159/300 | train=0.000615 | val=0.000853 | best=0.000847@154 | patience=5/30 | time=6.60s
[2026-04-27 03:31:31] epoch  160/300 | train=0.000615 | val=0.000856 | best=0.000847@154 | patience=6/30 | time=6.19s
[2026-04-27 03:31:37] epoch  161/300 | train=0.000612 | val=0.000854 | best=0.000847@154 | patience=7/30 | time=6.25s
[2026-04-27 03:31:46] epoch  162/300 | train=0.000613 | val=0.000862 | best=0.000847@154 | patience=8/30 | time=8.61s
[2026-04-27 03:31:53] epoch  163/300 | train=0.000603 | val=0.000854 | best=0.000847@154 | patience=9/30 | time=6.49s
[2026-04-27 03:32:00] epoch  164/300 | train=0.000601 | val=0.000850 | best=0.000847@154 | patience=10/30 | time=6.17s
[2026-04-27 03:32:06] epoch  165/300 | train=0.000602 | val=0.000858 | best=0.000847@154 | patience=11/30 | time=6.06s
[2026-04-27 03:32:12] epoch  166/300 | train=0.000602 | val=0.000856 | best=0.000847@154 | patience=12/30 | time=6.48s
[2026-04-27 03:32:18] epoch  167/300 | train=0.000589 | val=0.000857 | best=0.000847@154 | patience=13/30 | time=6.03s
[2026-04-27 03:32:25] epoch  168/300 | train=0.000597 | val=0.000875 | best=0.000847@154 | patience=14/30 | time=6.08s
[2026-04-27 03:32:31] epoch  169/300 | train=0.000599 | val=0.000867 | best=0.000847@154 | patience=15/30 | time=6.05s
[2026-04-27 03:32:37] epoch  170/300 | train=0.000606 | val=0.000875 | best=0.000847@154 | patience=16/30 | time=6.04s
[2026-04-27 03:32:44] epoch  171/300 | train=0.000601 | val=0.000862 | best=0.000847@154 | patience=17/30 | time=6.25s
[2026-04-27 03:32:50] epoch  172/300 | train=0.000593 | val=0.000903 | best=0.000847@154 | patience=18/30 | time=6.02s
[2026-04-27 03:32:57] epoch  173/300 | train=0.000606 | val=0.000851 | best=0.000847@154 | patience=19/30 | time=6.62s
[2026-04-27 03:33:03] epoch  174/300 | train=0.000577 | val=0.000860 | best=0.000847@154 | patience=20/30 | time=6.21s
[2026-04-27 03:33:10] epoch  175/300 | train=0.000583 | val=0.000867 | best=0.000847@154 | patience=21/30 | time=6.48s
[2026-04-27 03:33:16] epoch  176/300 | train=0.000583 | val=0.000851 | best=0.000847@154 | patience=22/30 | time=6.22s
[2026-04-27 03:33:23] epoch  177/300 | train=0.000576 | val=0.000862 | best=0.000847@154 | patience=23/30 | time=6.55s
[2026-04-27 03:33:29] epoch  178/300 | train=0.000581 | val=0.000854 | best=0.000847@154 | patience=24/30 | time=6.02s
[2026-04-27 03:33:35] epoch  179/300 | train=0.000571 | val=0.000864 | best=0.000847@154 | patience=25/30 | time=6.35s
[2026-04-27 03:33:44] epoch  180/300 | train=0.000573 | val=0.000853 | best=0.000847@154 | patience=26/30 | time=9.08s
[2026-04-27 03:33:51] epoch  181/300 | train=0.000566 | val=0.000852 | best=0.000847@154 | patience=27/30 | time=6.54s
[2026-04-27 03:33:57] epoch  182/300 | train=0.000553 | val=0.000854 | best=0.000847@154 | patience=28/30 | time=6.03s
[2026-04-27 03:34:03] epoch  183/300 | train=0.000558 | val=0.000858 | best=0.000847@154 | patience=29/30 | time=6.09s
[2026-04-27 03:34:12] epoch  184/300 | train=0.000559 | val=0.000856 | best=0.000847@154 | patience=30/30 | time=8.68s
[2026-04-27 03:34:12]   early stopping at epoch 184 (no improvement for 30 epochs)
[2026-04-27 03:34:12] Training done: stop_reason=early_stop, total_epochs=184, best_epoch=154, best_val=0.000847
[2026-04-27 03:34:12] Reloading best checkpoint (epoch 154) for evaluation
[2026-04-27 03:34:23] ------------------------------------------------------------
[2026-04-27 03:34:23] Evaluation:
[2026-04-27 03:34:23]   AUC broken_lcfs         : 0.6192
[2026-04-27 03:34:23]   AUC bad_black_core      : 0.9950
[2026-04-27 03:34:23]   AUC bad_nonconverged    : 0.9987
[2026-04-27 03:34:23]   objective      : 0.8458
[2026-04-27 03:34:23]   floor_ok       : True
[2026-04-27 03:34:23]   threshold      : 0.0806
[2026-04-27 03:34:23]   mu / sigma     : 0.000630346 / 0.000183764
[2026-04-27 03:34:23] Train time=1342.6s, eval time=10.2s
