[2026-04-30 19:38:56] ============================================================
[2026-04-30 19:38:56] Trial 642024 starting on cuda:0
[2026-04-30 19:38:56] Timestamp: 2026-04-30T19:38:56.739341
[2026-04-30 19:38:56] --- Config summary ---
  model_type        : cnn
  bottleneck_dim    : 240
  n_enc_layers      : 5
  n_dec_layers      : 3
  base_channels     : 45
  growth_factor     : 2.420701279177553
  use_batchnorm     : True
  mlp_input_size    : 64
  mlp_hidden_sizes  : [1024, 256]
  mlp_dropout       : 0.1
  use_hpf           : True
  hpf_sigma         : 1.0150899986921562
  lr                : 0.00022215300717804413
  batch_size        : 24
  decoder_upsample  : nearest
  max_epochs        : 300
  min_epochs        : 30
  patience          : 30
  seed              : 2024
  deterministic     : False
  trial_num         : 642024
[2026-04-30 19:38:56] Loading train/val/selection splits...
[2026-04-30 19:39:04] Splits loaded in 8.0s: n_train=722, n_val=120, n_selection=405
[2026-04-30 19:39:05] --- Architecture summary ---
  channels per enc layer : [45, 109, 264, 638, 1545]
  final spatial size     : 2x2
  flat size before latent: 6180
  bottleneck_dim         : 240
  total parameters       : 97,666,600
[2026-04-30 19:39:07] Starting training: n_train=722, n_val=120, device=cuda:0
[2026-04-30 19:39:45] epoch    1/300 | train=0.004668 | val=0.003041 | best=0.003041@1 | patience=0/30 | time=37.00s *
[2026-04-30 19:39:46] epoch    2/300 | train=0.002288 | val=0.002204 | best=0.002204@2 | patience=0/30 | time=1.23s *
[2026-04-30 19:39:48] epoch    3/300 | train=0.001957 | val=0.001812 | best=0.001812@3 | patience=0/30 | time=1.25s *
[2026-04-30 19:39:50] epoch    4/300 | train=0.001697 | val=0.001608 | best=0.001608@4 | patience=0/30 | time=1.23s *
[2026-04-30 19:39:51] epoch    5/300 | train=0.001505 | val=0.001371 | best=0.001371@5 | patience=0/30 | time=1.23s *
[2026-04-30 19:39:53] epoch    6/300 | train=0.001380 | val=0.001224 | best=0.001224@6 | patience=0/30 | time=1.23s *
[2026-04-30 19:39:55] epoch    7/300 | train=0.001266 | val=0.001167 | best=0.001167@7 | patience=0/30 | time=1.23s *
[2026-04-30 19:39:56] epoch    8/300 | train=0.001212 | val=0.001163 | best=0.001163@8 | patience=0/30 | time=1.23s *
[2026-04-30 19:39:58] epoch    9/300 | train=0.001201 | val=0.001079 | best=0.001079@9 | patience=0/30 | time=1.23s *
[2026-04-30 19:39:59] epoch   10/300 | train=0.001154 | val=0.001136 | best=0.001079@9 | patience=1/30 | time=1.24s
[2026-04-30 19:40:01] epoch   11/300 | train=0.001143 | val=0.001126 | best=0.001079@9 | patience=2/30 | time=1.23s
[2026-04-30 19:40:02] epoch   12/300 | train=0.001146 | val=0.001013 | best=0.001013@12 | patience=0/30 | time=1.23s *
[2026-04-30 19:40:04] epoch   13/300 | train=0.001061 | val=0.001002 | best=0.001002@13 | patience=0/30 | time=1.23s *
[2026-04-30 19:40:06] epoch   14/300 | train=0.001031 | val=0.000966 | best=0.000966@14 | patience=0/30 | time=1.23s *
[2026-04-30 19:40:07] epoch   15/300 | train=0.001021 | val=0.000946 | best=0.000946@15 | patience=0/30 | time=1.25s *
[2026-04-30 19:40:08] epoch   16/300 | train=0.001020 | val=0.000963 | best=0.000946@15 | patience=1/30 | time=1.23s
[2026-04-30 19:40:10] epoch   17/300 | train=0.001014 | val=0.000966 | best=0.000946@15 | patience=2/30 | time=1.23s
[2026-04-30 19:40:11] epoch   18/300 | train=0.001016 | val=0.000950 | best=0.000946@15 | patience=3/30 | time=1.25s
[2026-04-30 19:40:13] epoch   19/300 | train=0.000983 | val=0.000925 | best=0.000925@19 | patience=0/30 | time=1.23s *
[2026-04-30 19:40:14] epoch   20/300 | train=0.000960 | val=0.000964 | best=0.000925@19 | patience=1/30 | time=1.23s
[2026-04-30 19:40:15] epoch   21/300 | train=0.001053 | val=0.000948 | best=0.000925@19 | patience=2/30 | time=1.23s
[2026-04-30 19:40:16] epoch   22/300 | train=0.000987 | val=0.000946 | best=0.000925@19 | patience=3/30 | time=1.23s
[2026-04-30 19:40:18] epoch   23/300 | train=0.000948 | val=0.000900 | best=0.000900@23 | patience=0/30 | time=1.23s *
[2026-04-30 19:40:19] epoch   24/300 | train=0.000937 | val=0.000900 | best=0.000900@23 | patience=1/30 | time=1.23s
[2026-04-30 19:40:21] epoch   25/300 | train=0.000938 | val=0.000878 | best=0.000878@25 | patience=0/30 | time=1.23s *
[2026-04-30 19:40:23] epoch   26/300 | train=0.000932 | val=0.000858 | best=0.000858@26 | patience=0/30 | time=1.23s *
[2026-04-30 19:40:24] epoch   27/300 | train=0.000935 | val=0.000936 | best=0.000858@26 | patience=1/30 | time=1.25s
[2026-04-30 19:40:25] epoch   28/300 | train=0.000928 | val=0.000881 | best=0.000858@26 | patience=2/30 | time=1.23s
[2026-04-30 19:40:27] epoch   29/300 | train=0.000896 | val=0.000848 | best=0.000848@29 | patience=0/30 | time=1.23s *
[2026-04-30 19:40:28] epoch   30/300 | train=0.000890 | val=0.000955 | best=0.000848@29 | patience=1/30 | time=1.23s
[2026-04-30 19:40:29] epoch   31/300 | train=0.000907 | val=0.000983 | best=0.000848@29 | patience=2/30 | time=1.23s
[2026-04-30 19:40:30] epoch   32/300 | train=0.000906 | val=0.000959 | best=0.000848@29 | patience=3/30 | time=1.23s
[2026-04-30 19:40:32] epoch   33/300 | train=0.000940 | val=0.000832 | best=0.000832@33 | patience=0/30 | time=1.25s *
[2026-04-30 19:40:33] epoch   34/300 | train=0.000908 | val=0.000884 | best=0.000832@33 | patience=1/30 | time=1.23s
[2026-04-30 19:40:35] epoch   35/300 | train=0.000866 | val=0.000846 | best=0.000832@33 | patience=2/30 | time=1.23s
[2026-04-30 19:40:36] epoch   36/300 | train=0.000897 | val=0.000924 | best=0.000832@33 | patience=3/30 | time=1.23s
[2026-04-30 19:40:37] epoch   37/300 | train=0.000877 | val=0.000899 | best=0.000832@33 | patience=4/30 | time=1.25s
[2026-04-30 19:40:38] epoch   38/300 | train=0.000978 | val=0.000840 | best=0.000832@33 | patience=5/30 | time=1.23s
[2026-04-30 19:40:39] epoch   39/300 | train=0.000890 | val=0.000874 | best=0.000832@33 | patience=6/30 | time=1.23s
[2026-04-30 19:40:41] epoch   40/300 | train=0.000885 | val=0.000842 | best=0.000832@33 | patience=7/30 | time=1.23s
[2026-04-30 19:40:42] epoch   41/300 | train=0.000865 | val=0.000900 | best=0.000832@33 | patience=8/30 | time=1.23s
[2026-04-30 19:40:44] epoch   42/300 | train=0.000865 | val=0.000802 | best=0.000802@42 | patience=0/30 | time=1.23s *
[2026-04-30 19:40:45] epoch   43/300 | train=0.000861 | val=0.000819 | best=0.000802@42 | patience=1/30 | time=1.23s
[2026-04-30 19:40:46] epoch   44/300 | train=0.000860 | val=0.000828 | best=0.000802@42 | patience=2/30 | time=1.30s
[2026-04-30 19:40:48] epoch   45/300 | train=0.000858 | val=0.000939 | best=0.000802@42 | patience=3/30 | time=1.54s
[2026-04-30 19:40:49] epoch   46/300 | train=0.000857 | val=0.000885 | best=0.000802@42 | patience=4/30 | time=1.35s
[2026-04-30 19:40:50] epoch   47/300 | train=0.000845 | val=0.000806 | best=0.000802@42 | patience=5/30 | time=1.25s
[2026-04-30 19:40:52] epoch   48/300 | train=0.000818 | val=0.000977 | best=0.000802@42 | patience=6/30 | time=1.23s
[2026-04-30 19:40:53] epoch   49/300 | train=0.000841 | val=0.000833 | best=0.000802@42 | patience=7/30 | time=1.23s
[2026-04-30 19:40:54] epoch   50/300 | train=0.000835 | val=0.000820 | best=0.000802@42 | patience=8/30 | time=1.23s
[2026-04-30 19:40:56] epoch   51/300 | train=0.000840 | val=0.000787 | best=0.000787@51 | patience=0/30 | time=1.23s *
[2026-04-30 19:40:57] epoch   52/300 | train=0.000830 | val=0.000896 | best=0.000787@51 | patience=1/30 | time=1.23s
[2026-04-30 19:40:58] epoch   53/300 | train=0.000830 | val=0.000864 | best=0.000787@51 | patience=2/30 | time=1.23s
[2026-04-30 19:40:59] epoch   54/300 | train=0.000875 | val=0.000801 | best=0.000787@51 | patience=3/30 | time=1.24s
[2026-04-30 19:41:01] epoch   55/300 | train=0.000805 | val=0.000848 | best=0.000787@51 | patience=4/30 | time=1.23s
[2026-04-30 19:41:02] epoch   56/300 | train=0.000845 | val=0.000834 | best=0.000787@51 | patience=5/30 | time=1.23s
[2026-04-30 19:41:03] epoch   57/300 | train=0.000834 | val=0.000774 | best=0.000774@57 | patience=0/30 | time=1.23s *
[2026-04-30 19:41:05] epoch   58/300 | train=0.000842 | val=0.000787 | best=0.000774@57 | patience=1/30 | time=1.25s
[2026-04-30 19:41:06] epoch   59/300 | train=0.000784 | val=0.000746 | best=0.000746@59 | patience=0/30 | time=1.23s *
[2026-04-30 19:41:08] epoch   60/300 | train=0.000773 | val=0.000775 | best=0.000746@59 | patience=1/30 | time=1.23s
[2026-04-30 19:41:09] epoch   61/300 | train=0.000794 | val=0.000982 | best=0.000746@59 | patience=2/30 | time=1.23s
[2026-04-30 19:41:10] epoch   62/300 | train=0.000840 | val=0.000745 | best=0.000746@59 | patience=3/30 | time=1.23s
[2026-04-30 19:41:11] epoch   63/300 | train=0.000795 | val=0.000752 | best=0.000746@59 | patience=4/30 | time=1.23s
[2026-04-30 19:41:13] epoch   64/300 | train=0.000765 | val=0.000860 | best=0.000746@59 | patience=5/30 | time=1.23s
[2026-04-30 19:41:14] epoch   65/300 | train=0.000863 | val=0.000970 | best=0.000746@59 | patience=6/30 | time=1.23s
[2026-04-30 19:41:15] epoch   66/300 | train=0.000832 | val=0.000756 | best=0.000746@59 | patience=7/30 | time=1.23s
[2026-04-30 19:41:16] epoch   67/300 | train=0.000758 | val=0.000782 | best=0.000746@59 | patience=8/30 | time=1.23s
[2026-04-30 19:41:17] epoch   68/300 | train=0.000779 | val=0.000834 | best=0.000746@59 | patience=9/30 | time=1.23s
[2026-04-30 19:41:19] epoch   69/300 | train=0.000788 | val=0.000683 | best=0.000683@69 | patience=0/30 | time=1.23s *
[2026-04-30 19:41:21] epoch   70/300 | train=0.000718 | val=0.000671 | best=0.000671@70 | patience=0/30 | time=1.23s *
[2026-04-30 19:41:22] epoch   71/300 | train=0.000714 | val=0.000723 | best=0.000671@70 | patience=1/30 | time=1.23s
[2026-04-30 19:41:23] epoch   72/300 | train=0.000701 | val=0.000724 | best=0.000671@70 | patience=2/30 | time=1.23s
[2026-04-30 19:41:25] epoch   73/300 | train=0.000705 | val=0.000748 | best=0.000671@70 | patience=3/30 | time=1.23s
[2026-04-30 19:41:26] epoch   74/300 | train=0.000705 | val=0.000638 | best=0.000638@74 | patience=0/30 | time=1.23s *
[2026-04-30 19:41:27] epoch   75/300 | train=0.000702 | val=0.000694 | best=0.000638@74 | patience=1/30 | time=1.25s
[2026-04-30 19:41:29] epoch   76/300 | train=0.000735 | val=0.000685 | best=0.000638@74 | patience=2/30 | time=1.23s
[2026-04-30 19:41:30] epoch   77/300 | train=0.000721 | val=0.000800 | best=0.000638@74 | patience=3/30 | time=1.23s
[2026-04-30 19:41:31] epoch   78/300 | train=0.000701 | val=0.000659 | best=0.000638@74 | patience=4/30 | time=1.23s
[2026-04-30 19:41:32] epoch   79/300 | train=0.000702 | val=0.000641 | best=0.000638@74 | patience=5/30 | time=1.25s
[2026-04-30 19:41:34] epoch   80/300 | train=0.000699 | val=0.000818 | best=0.000638@74 | patience=6/30 | time=1.23s
[2026-04-30 19:41:35] epoch   81/300 | train=0.000706 | val=0.000632 | best=0.000632@81 | patience=0/30 | time=1.23s *
[2026-04-30 19:41:37] epoch   82/300 | train=0.000678 | val=0.000679 | best=0.000632@81 | patience=1/30 | time=1.23s
[2026-04-30 19:41:38] epoch   83/300 | train=0.000663 | val=0.000622 | best=0.000622@83 | patience=0/30 | time=1.23s *
[2026-04-30 19:41:39] epoch   84/300 | train=0.000682 | val=0.000940 | best=0.000622@83 | patience=1/30 | time=1.23s
[2026-04-30 19:41:41] epoch   85/300 | train=0.000700 | val=0.000631 | best=0.000622@83 | patience=2/30 | time=1.23s
[2026-04-30 19:41:42] epoch   86/300 | train=0.000634 | val=0.000677 | best=0.000622@83 | patience=3/30 | time=1.23s
[2026-04-30 19:41:43] epoch   87/300 | train=0.000695 | val=0.000725 | best=0.000622@83 | patience=4/30 | time=1.23s
[2026-04-30 19:41:44] epoch   88/300 | train=0.000666 | val=0.000687 | best=0.000622@83 | patience=5/30 | time=1.23s
[2026-04-30 19:41:46] epoch   89/300 | train=0.000658 | val=0.000805 | best=0.000622@83 | patience=6/30 | time=1.23s
[2026-04-30 19:41:47] epoch   90/300 | train=0.000793 | val=0.000841 | best=0.000622@83 | patience=7/30 | time=1.23s
[2026-04-30 19:41:48] epoch   91/300 | train=0.000684 | val=0.000646 | best=0.000622@83 | patience=8/30 | time=1.23s
[2026-04-30 19:41:50] epoch   92/300 | train=0.000685 | val=0.000620 | best=0.000620@92 | patience=0/30 | time=1.23s *
[2026-04-30 19:41:51] epoch   93/300 | train=0.000638 | val=0.000595 | best=0.000595@93 | patience=0/30 | time=1.23s *
[2026-04-30 19:41:53] epoch   94/300 | train=0.000641 | val=0.000637 | best=0.000595@93 | patience=1/30 | time=1.23s
[2026-04-30 19:41:54] epoch   95/300 | train=0.000647 | val=0.000630 | best=0.000595@93 | patience=2/30 | time=1.23s
[2026-04-30 19:41:56] epoch   96/300 | train=0.000642 | val=0.000594 | best=0.000594@96 | patience=0/30 | time=1.23s *
[2026-04-30 19:41:57] epoch   97/300 | train=0.000627 | val=0.000673 | best=0.000594@96 | patience=1/30 | time=1.24s
[2026-04-30 19:41:58] epoch   98/300 | train=0.000631 | val=0.000679 | best=0.000594@96 | patience=2/30 | time=1.23s
[2026-04-30 19:41:59] epoch   99/300 | train=0.000655 | val=0.000707 | best=0.000594@96 | patience=3/30 | time=1.23s
[2026-04-30 19:42:01] epoch  100/300 | train=0.000669 | val=0.000685 | best=0.000594@96 | patience=4/30 | time=1.23s
[2026-04-30 19:42:02] epoch  101/300 | train=0.000647 | val=0.000719 | best=0.000594@96 | patience=5/30 | time=1.23s
[2026-04-30 19:42:03] epoch  102/300 | train=0.000798 | val=0.000702 | best=0.000594@96 | patience=6/30 | time=1.23s
[2026-04-30 19:42:04] epoch  103/300 | train=0.000766 | val=0.000774 | best=0.000594@96 | patience=7/30 | time=1.23s
[2026-04-30 19:42:05] epoch  104/300 | train=0.000714 | val=0.000737 | best=0.000594@96 | patience=8/30 | time=1.23s
[2026-04-30 19:42:07] epoch  105/300 | train=0.000697 | val=0.000655 | best=0.000594@96 | patience=9/30 | time=1.23s
[2026-04-30 19:42:08] epoch  106/300 | train=0.000678 | val=0.000624 | best=0.000594@96 | patience=10/30 | time=1.23s
[2026-04-30 19:42:09] epoch  107/300 | train=0.000638 | val=0.000716 | best=0.000594@96 | patience=11/30 | time=1.24s
[2026-04-30 19:42:10] epoch  108/300 | train=0.000625 | val=0.000686 | best=0.000594@96 | patience=12/30 | time=1.23s
[2026-04-30 19:42:12] epoch  109/300 | train=0.000662 | val=0.000680 | best=0.000594@96 | patience=13/30 | time=1.23s
[2026-04-30 19:42:13] epoch  110/300 | train=0.000616 | val=0.000626 | best=0.000594@96 | patience=14/30 | time=1.23s
[2026-04-30 19:42:15] epoch  111/300 | train=0.000645 | val=0.000589 | best=0.000589@111 | patience=0/30 | time=1.23s *
[2026-04-30 19:42:16] epoch  112/300 | train=0.000614 | val=0.000656 | best=0.000589@111 | patience=1/30 | time=1.23s
[2026-04-30 19:42:17] epoch  113/300 | train=0.000637 | val=0.000682 | best=0.000589@111 | patience=2/30 | time=1.23s
[2026-04-30 19:42:19] epoch  114/300 | train=0.000612 | val=0.000567 | best=0.000567@114 | patience=0/30 | time=1.23s *
[2026-04-30 19:42:20] epoch  115/300 | train=0.000596 | val=0.000628 | best=0.000567@114 | patience=1/30 | time=1.23s
[2026-04-30 19:42:21] epoch  116/300 | train=0.000561 | val=0.000618 | best=0.000567@114 | patience=2/30 | time=1.23s
[2026-04-30 19:42:22] epoch  117/300 | train=0.000590 | val=0.000573 | best=0.000567@114 | patience=3/30 | time=1.23s
[2026-04-30 19:42:24] epoch  118/300 | train=0.000596 | val=0.000675 | best=0.000567@114 | patience=4/30 | time=1.23s
[2026-04-30 19:42:25] epoch  119/300 | train=0.000560 | val=0.000562 | best=0.000562@119 | patience=0/30 | time=1.23s *
[2026-04-30 19:42:27] epoch  120/300 | train=0.000556 | val=0.000554 | best=0.000554@120 | patience=0/30 | time=1.23s *
[2026-04-30 19:42:28] epoch  121/300 | train=0.000550 | val=0.000566 | best=0.000554@120 | patience=1/30 | time=1.23s
[2026-04-30 19:42:29] epoch  122/300 | train=0.000532 | val=0.000581 | best=0.000554@120 | patience=2/30 | time=1.23s
[2026-04-30 19:42:31] epoch  123/300 | train=0.000719 | val=0.000647 | best=0.000554@120 | patience=3/30 | time=1.23s
[2026-04-30 19:42:32] epoch  124/300 | train=0.000604 | val=0.000787 | best=0.000554@120 | patience=4/30 | time=1.23s
[2026-04-30 19:42:33] epoch  125/300 | train=0.000572 | val=0.000648 | best=0.000554@120 | patience=5/30 | time=1.25s
[2026-04-30 19:42:34] epoch  126/300 | train=0.000591 | val=0.000573 | best=0.000554@120 | patience=6/30 | time=1.23s
[2026-04-30 19:42:36] epoch  127/300 | train=0.000566 | val=0.000515 | best=0.000515@127 | patience=0/30 | time=1.23s *
[2026-04-30 19:42:37] epoch  128/300 | train=0.000536 | val=0.000521 | best=0.000515@127 | patience=1/30 | time=1.24s
[2026-04-30 19:42:39] epoch  129/300 | train=0.000486 | val=0.000492 | best=0.000492@129 | patience=0/30 | time=1.24s *
[2026-04-30 19:42:40] epoch  130/300 | train=0.000474 | val=0.000518 | best=0.000492@129 | patience=1/30 | time=1.23s
[2026-04-30 19:42:41] epoch  131/300 | train=0.000512 | val=0.001424 | best=0.000492@129 | patience=2/30 | time=1.23s
[2026-04-30 19:42:43] epoch  132/300 | train=0.000748 | val=0.000704 | best=0.000492@129 | patience=3/30 | time=1.23s
[2026-04-30 19:42:44] epoch  133/300 | train=0.000631 | val=0.000580 | best=0.000492@129 | patience=4/30 | time=1.23s
[2026-04-30 19:42:45] epoch  134/300 | train=0.000650 | val=0.000586 | best=0.000492@129 | patience=5/30 | time=1.25s
[2026-04-30 19:42:46] epoch  135/300 | train=0.000591 | val=0.000588 | best=0.000492@129 | patience=6/30 | time=1.23s
[2026-04-30 19:42:48] epoch  136/300 | train=0.000576 | val=0.000537 | best=0.000492@129 | patience=7/30 | time=1.23s
[2026-04-30 19:42:49] epoch  137/300 | train=0.000545 | val=0.000597 | best=0.000492@129 | patience=8/30 | time=1.23s
[2026-04-30 19:42:50] epoch  138/300 | train=0.000647 | val=0.000540 | best=0.000492@129 | patience=9/30 | time=1.23s
[2026-04-30 19:42:51] epoch  139/300 | train=0.000556 | val=0.000539 | best=0.000492@129 | patience=10/30 | time=1.25s
[2026-04-30 19:42:53] epoch  140/300 | train=0.000526 | val=0.000495 | best=0.000492@129 | patience=11/30 | time=1.23s
[2026-04-30 19:42:54] epoch  141/300 | train=0.000537 | val=0.000549 | best=0.000492@129 | patience=12/30 | time=1.23s
[2026-04-30 19:42:55] epoch  142/300 | train=0.000493 | val=0.000490 | best=0.000490@142 | patience=0/30 | time=1.23s *
[2026-04-30 19:42:57] epoch  143/300 | train=0.000491 | val=0.000550 | best=0.000490@142 | patience=1/30 | time=1.23s
[2026-04-30 19:42:58] epoch  144/300 | train=0.000493 | val=0.000478 | best=0.000478@144 | patience=0/30 | time=1.23s *
[2026-04-30 19:43:00] epoch  145/300 | train=0.000508 | val=0.000547 | best=0.000478@144 | patience=1/30 | time=1.23s
[2026-04-30 19:43:01] epoch  146/300 | train=0.000486 | val=0.000611 | best=0.000478@144 | patience=2/30 | time=1.23s
[2026-04-30 19:43:02] epoch  147/300 | train=0.000512 | val=0.000488 | best=0.000478@144 | patience=3/30 | time=1.23s
[2026-04-30 19:43:04] epoch  148/300 | train=0.000488 | val=0.000473 | best=0.000473@148 | patience=0/30 | time=1.23s *
[2026-04-30 19:43:05] epoch  149/300 | train=0.000466 | val=0.000558 | best=0.000473@148 | patience=1/30 | time=1.23s
[2026-04-30 19:43:06] epoch  150/300 | train=0.000483 | val=0.000824 | best=0.000473@148 | patience=2/30 | time=1.23s
[2026-04-30 19:43:07] epoch  151/300 | train=0.000728 | val=0.000622 | best=0.000473@148 | patience=3/30 | time=1.23s
[2026-04-30 19:43:09] epoch  152/300 | train=0.000546 | val=0.000519 | best=0.000473@148 | patience=4/30 | time=1.23s
[2026-04-30 19:43:10] epoch  153/300 | train=0.000506 | val=0.000514 | best=0.000473@148 | patience=5/30 | time=1.25s
[2026-04-30 19:43:11] epoch  154/300 | train=0.000496 | val=0.000553 | best=0.000473@148 | patience=6/30 | time=1.23s
[2026-04-30 19:43:13] epoch  155/300 | train=0.000469 | val=0.000471 | best=0.000471@155 | patience=0/30 | time=1.23s *
[2026-04-30 19:43:14] epoch  156/300 | train=0.000457 | val=0.000519 | best=0.000471@155 | patience=1/30 | time=1.23s
[2026-04-30 19:43:15] epoch  157/300 | train=0.000465 | val=0.000485 | best=0.000471@155 | patience=2/30 | time=1.23s
[2026-04-30 19:43:17] epoch  158/300 | train=0.000450 | val=0.000491 | best=0.000471@155 | patience=3/30 | time=1.23s
[2026-04-30 19:43:18] epoch  159/300 | train=0.000428 | val=0.000508 | best=0.000471@155 | patience=4/30 | time=1.23s
[2026-04-30 19:43:19] epoch  160/300 | train=0.000451 | val=0.000511 | best=0.000471@155 | patience=5/30 | time=1.23s
[2026-04-30 19:43:20] epoch  161/300 | train=0.000423 | val=0.000512 | best=0.000471@155 | patience=6/30 | time=1.23s
[2026-04-30 19:43:21] epoch  162/300 | train=0.000437 | val=0.000476 | best=0.000471@155 | patience=7/30 | time=1.25s
[2026-04-30 19:43:23] epoch  163/300 | train=0.000436 | val=0.000522 | best=0.000471@155 | patience=8/30 | time=1.23s
[2026-04-30 19:43:24] epoch  164/300 | train=0.000423 | val=0.000458 | best=0.000458@164 | patience=0/30 | time=1.23s *
[2026-04-30 19:43:26] epoch  165/300 | train=0.000432 | val=0.000495 | best=0.000458@164 | patience=1/30 | time=1.23s
[2026-04-30 19:43:27] epoch  166/300 | train=0.000482 | val=0.000467 | best=0.000458@164 | patience=2/30 | time=1.23s
[2026-04-30 19:43:29] epoch  167/300 | train=0.000422 | val=0.000449 | best=0.000449@167 | patience=0/30 | time=1.25s *
[2026-04-30 19:43:30] epoch  168/300 | train=0.000412 | val=0.000448 | best=0.000448@168 | patience=0/30 | time=1.23s *
[2026-04-30 19:43:31] epoch  169/300 | train=0.000408 | val=0.000505 | best=0.000448@168 | patience=1/30 | time=1.23s
[2026-04-30 19:43:33] epoch  170/300 | train=0.000420 | val=0.000468 | best=0.000448@168 | patience=2/30 | time=1.23s
[2026-04-30 19:43:34] epoch  171/300 | train=0.000408 | val=0.000538 | best=0.000448@168 | patience=3/30 | time=1.23s
[2026-04-30 19:43:35] epoch  172/300 | train=0.000579 | val=0.000576 | best=0.000448@168 | patience=4/30 | time=1.23s
[2026-04-30 19:43:36] epoch  173/300 | train=0.000555 | val=0.000601 | best=0.000448@168 | patience=5/30 | time=1.23s
[2026-04-30 19:43:38] epoch  174/300 | train=0.000488 | val=0.000478 | best=0.000448@168 | patience=6/30 | time=1.23s
[2026-04-30 19:43:39] epoch  175/300 | train=0.000456 | val=0.000478 | best=0.000448@168 | patience=7/30 | time=1.23s
[2026-04-30 19:43:40] epoch  176/300 | train=0.000435 | val=0.000474 | best=0.000448@168 | patience=8/30 | time=1.23s
[2026-04-30 19:43:41] epoch  177/300 | train=0.000446 | val=0.000478 | best=0.000448@168 | patience=9/30 | time=1.23s
[2026-04-30 19:43:43] epoch  178/300 | train=0.000435 | val=0.000541 | best=0.000448@168 | patience=10/30 | time=1.23s
[2026-04-30 19:43:44] epoch  179/300 | train=0.000427 | val=0.000479 | best=0.000448@168 | patience=11/30 | time=1.23s
[2026-04-30 19:43:45] epoch  180/300 | train=0.000398 | val=0.000523 | best=0.000448@168 | patience=12/30 | time=1.23s
[2026-04-30 19:43:46] epoch  181/300 | train=0.000408 | val=0.000451 | best=0.000448@168 | patience=13/30 | time=1.25s
[2026-04-30 19:43:48] epoch  182/300 | train=0.000386 | val=0.000501 | best=0.000448@168 | patience=14/30 | time=1.23s
[2026-04-30 19:43:49] epoch  183/300 | train=0.000428 | val=0.000461 | best=0.000448@168 | patience=15/30 | time=1.23s
[2026-04-30 19:43:50] epoch  184/300 | train=0.000433 | val=0.000461 | best=0.000448@168 | patience=16/30 | time=1.23s
[2026-04-30 19:43:51] epoch  185/300 | train=0.000400 | val=0.000447 | best=0.000448@168 | patience=17/30 | time=1.23s
[2026-04-30 19:43:52] epoch  186/300 | train=0.000432 | val=0.000485 | best=0.000448@168 | patience=18/30 | time=1.24s
[2026-04-30 19:43:54] epoch  187/300 | train=0.000431 | val=0.000485 | best=0.000448@168 | patience=19/30 | time=1.23s
[2026-04-30 19:43:55] epoch  188/300 | train=0.000414 | val=0.000475 | best=0.000448@168 | patience=20/30 | time=1.23s
[2026-04-30 19:43:56] epoch  189/300 | train=0.000388 | val=0.000477 | best=0.000448@168 | patience=21/30 | time=1.23s
[2026-04-30 19:43:57] epoch  190/300 | train=0.000431 | val=0.000469 | best=0.000448@168 | patience=22/30 | time=1.23s
[2026-04-30 19:43:59] epoch  191/300 | train=0.000392 | val=0.000422 | best=0.000422@191 | patience=0/30 | time=1.25s *
[2026-04-30 19:44:00] epoch  192/300 | train=0.000357 | val=0.000451 | best=0.000422@191 | patience=1/30 | time=1.23s
[2026-04-30 19:44:02] epoch  193/300 | train=0.000366 | val=0.000662 | best=0.000422@191 | patience=2/30 | time=1.23s
[2026-04-30 19:44:03] epoch  194/300 | train=0.000724 | val=0.000553 | best=0.000422@191 | patience=3/30 | time=1.23s
[2026-04-30 19:44:04] epoch  195/300 | train=0.000498 | val=0.000534 | best=0.000422@191 | patience=4/30 | time=1.25s
[2026-04-30 19:44:05] epoch  196/300 | train=0.000420 | val=0.000487 | best=0.000422@191 | patience=5/30 | time=1.23s
[2026-04-30 19:44:07] epoch  197/300 | train=0.000413 | val=0.000446 | best=0.000422@191 | patience=6/30 | time=1.23s
[2026-04-30 19:44:08] epoch  198/300 | train=0.000415 | val=0.000449 | best=0.000422@191 | patience=7/30 | time=1.23s
[2026-04-30 19:44:09] epoch  199/300 | train=0.000405 | val=0.000474 | best=0.000422@191 | patience=8/30 | time=1.23s
[2026-04-30 19:44:10] epoch  200/300 | train=0.000384 | val=0.000451 | best=0.000422@191 | patience=9/30 | time=1.23s
[2026-04-30 19:44:11] epoch  201/300 | train=0.000371 | val=0.000442 | best=0.000422@191 | patience=10/30 | time=1.23s
[2026-04-30 19:44:13] epoch  202/300 | train=0.000393 | val=0.000479 | best=0.000422@191 | patience=11/30 | time=1.23s
[2026-04-30 19:44:14] epoch  203/300 | train=0.000366 | val=0.000449 | best=0.000422@191 | patience=12/30 | time=1.23s
[2026-04-30 19:44:15] epoch  204/300 | train=0.000356 | val=0.000563 | best=0.000422@191 | patience=13/30 | time=1.23s
[2026-04-30 19:44:16] epoch  205/300 | train=0.000510 | val=0.000501 | best=0.000422@191 | patience=14/30 | time=1.23s
[2026-04-30 19:44:18] epoch  206/300 | train=0.000383 | val=0.000459 | best=0.000422@191 | patience=15/30 | time=1.23s
[2026-04-30 19:44:19] epoch  207/300 | train=0.000401 | val=0.000450 | best=0.000422@191 | patience=16/30 | time=1.23s
[2026-04-30 19:44:20] epoch  208/300 | train=0.000390 | val=0.000478 | best=0.000422@191 | patience=17/30 | time=1.23s
[2026-04-30 19:44:21] epoch  209/300 | train=0.000375 | val=0.000452 | best=0.000422@191 | patience=18/30 | time=1.23s
[2026-04-30 19:44:23] epoch  210/300 | train=0.000353 | val=0.000430 | best=0.000422@191 | patience=19/30 | time=1.25s
[2026-04-30 19:44:24] epoch  211/300 | train=0.000373 | val=0.000442 | best=0.000422@191 | patience=20/30 | time=1.23s
[2026-04-30 19:44:25] epoch  212/300 | train=0.000349 | val=0.000456 | best=0.000422@191 | patience=21/30 | time=1.23s
[2026-04-30 19:44:26] epoch  213/300 | train=0.000344 | val=0.000484 | best=0.000422@191 | patience=22/30 | time=1.23s
[2026-04-30 19:44:28] epoch  214/300 | train=0.000552 | val=0.000506 | best=0.000422@191 | patience=23/30 | time=1.23s
[2026-04-30 19:44:29] epoch  215/300 | train=0.000464 | val=0.000485 | best=0.000422@191 | patience=24/30 | time=1.23s
[2026-04-30 19:44:30] epoch  216/300 | train=0.000430 | val=0.000524 | best=0.000422@191 | patience=25/30 | time=1.24s
[2026-04-30 19:44:31] epoch  217/300 | train=0.000485 | val=0.000499 | best=0.000422@191 | patience=26/30 | time=1.23s
[2026-04-30 19:44:33] epoch  218/300 | train=0.000400 | val=0.000443 | best=0.000422@191 | patience=27/30 | time=1.30s
[2026-04-30 19:44:34] epoch  219/300 | train=0.000378 | val=0.000458 | best=0.000422@191 | patience=28/30 | time=1.50s
[2026-04-30 19:44:35] epoch  220/300 | train=0.000377 | val=0.000443 | best=0.000422@191 | patience=29/30 | time=1.34s
[2026-04-30 19:44:37] epoch  221/300 | train=0.000347 | val=0.000420 | best=0.000420@221 | patience=0/30 | time=1.28s *
[2026-04-30 19:44:39] epoch  222/300 | train=0.000335 | val=0.000418 | best=0.000418@222 | patience=0/30 | time=1.28s *
[2026-04-30 19:44:40] epoch  223/300 | train=0.000323 | val=0.000434 | best=0.000418@222 | patience=1/30 | time=1.28s
[2026-04-30 19:44:41] epoch  224/300 | train=0.000337 | val=0.000432 | best=0.000418@222 | patience=2/30 | time=1.25s
[2026-04-30 19:44:43] epoch  225/300 | train=0.000355 | val=0.000450 | best=0.000418@222 | patience=3/30 | time=1.26s
[2026-04-30 19:44:44] epoch  226/300 | train=0.000337 | val=0.000443 | best=0.000418@222 | patience=4/30 | time=1.25s
[2026-04-30 19:44:45] epoch  227/300 | train=0.000363 | val=0.000446 | best=0.000418@222 | patience=5/30 | time=1.27s
[2026-04-30 19:44:46] epoch  228/300 | train=0.000348 | val=0.000447 | best=0.000418@222 | patience=6/30 | time=1.25s
[2026-04-30 19:44:48] epoch  229/300 | train=0.000350 | val=0.000607 | best=0.000418@222 | patience=7/30 | time=1.26s
[2026-04-30 19:44:49] epoch  230/300 | train=0.000580 | val=0.000602 | best=0.000418@222 | patience=8/30 | time=1.25s
[2026-04-30 19:44:50] epoch  231/300 | train=0.000542 | val=0.000518 | best=0.000418@222 | patience=9/30 | time=1.25s
[2026-04-30 19:44:51] epoch  232/300 | train=0.000462 | val=0.000488 | best=0.000418@222 | patience=10/30 | time=1.26s
[2026-04-30 19:44:53] epoch  233/300 | train=0.000476 | val=0.000469 | best=0.000418@222 | patience=11/30 | time=1.24s
[2026-04-30 19:44:54] epoch  234/300 | train=0.000411 | val=0.000462 | best=0.000418@222 | patience=12/30 | time=1.26s
[2026-04-30 19:44:55] epoch  235/300 | train=0.000363 | val=0.000472 | best=0.000418@222 | patience=13/30 | time=1.25s
[2026-04-30 19:44:56] epoch  236/300 | train=0.000431 | val=0.000459 | best=0.000418@222 | patience=14/30 | time=1.25s
[2026-04-30 19:44:58] epoch  237/300 | train=0.000400 | val=0.000449 | best=0.000418@222 | patience=15/30 | time=1.24s
[2026-04-30 19:44:59] epoch  238/300 | train=0.000363 | val=0.000424 | best=0.000418@222 | patience=16/30 | time=1.25s
[2026-04-30 19:45:00] epoch  239/300 | train=0.000341 | val=0.000453 | best=0.000418@222 | patience=17/30 | time=1.25s
[2026-04-30 19:45:01] epoch  240/300 | train=0.000377 | val=0.000430 | best=0.000418@222 | patience=18/30 | time=1.25s
[2026-04-30 19:45:03] epoch  241/300 | train=0.000340 | val=0.000421 | best=0.000418@222 | patience=19/30 | time=1.24s
[2026-04-30 19:45:04] epoch  242/300 | train=0.000343 | val=0.000430 | best=0.000418@222 | patience=20/30 | time=1.25s
[2026-04-30 19:45:05] epoch  243/300 | train=0.000343 | val=0.000597 | best=0.000418@222 | patience=21/30 | time=1.24s
[2026-04-30 19:45:06] epoch  244/300 | train=0.000533 | val=0.000601 | best=0.000418@222 | patience=22/30 | time=1.26s
[2026-04-30 19:45:08] epoch  245/300 | train=0.000440 | val=0.000483 | best=0.000418@222 | patience=23/30 | time=1.24s
[2026-04-30 19:45:09] epoch  246/300 | train=0.000370 | val=0.000456 | best=0.000418@222 | patience=24/30 | time=1.24s
[2026-04-30 19:45:10] epoch  247/300 | train=0.000388 | val=0.000465 | best=0.000418@222 | patience=25/30 | time=1.25s
[2026-04-30 19:45:11] epoch  248/300 | train=0.000356 | val=0.000436 | best=0.000418@222 | patience=26/30 | time=1.24s
[2026-04-30 19:45:13] epoch  249/300 | train=0.000360 | val=0.000443 | best=0.000418@222 | patience=27/30 | time=1.25s
[2026-04-30 19:45:14] epoch  250/300 | train=0.000374 | val=0.000423 | best=0.000418@222 | patience=28/30 | time=1.25s
[2026-04-30 19:45:15] epoch  251/300 | train=0.000338 | val=0.000467 | best=0.000418@222 | patience=29/30 | time=1.24s
[2026-04-30 19:45:16] epoch  252/300 | train=0.000350 | val=0.000427 | best=0.000418@222 | patience=30/30 | time=1.24s
[2026-04-30 19:45:16]   early stopping at epoch 252 (no improvement for 30 epochs)
[2026-04-30 19:45:16] Training done: stop_reason=early_stop, total_epochs=252, best_epoch=222, best_val=0.000418
[2026-04-30 19:45:16] Reloading best checkpoint (epoch 222) for evaluation
[2026-04-30 19:45:21] ------------------------------------------------------------
[2026-04-30 19:45:21] Evaluation:
[2026-04-30 19:45:21]   AUC broken_lcfs         : 0.5985
[2026-04-30 19:45:21]   AUC bad_black_core      : 0.9855
[2026-04-30 19:45:21]   AUC bad_nonconverged    : 0.9865
[2026-04-30 19:45:21]   objective      : 0.8310
[2026-04-30 19:45:21]   floor_ok       : True
[2026-04-30 19:45:21]   threshold      : 0.1035
[2026-04-30 19:45:21]   mu / sigma     : 0.000300951 / 0.000170018
[2026-04-30 19:45:21] Train time=371.5s, eval time=4.4s
