[2026-04-28 13:56:45] ============================================================
[2026-04-28 13:56:45] Trial 1428675309 starting on cuda:0
[2026-04-28 13:56:45] Timestamp: 2026-04-28T13:56:45.678209
[2026-04-28 13:56:45] --- Config summary ---
  bottleneck_dim   : 240
  n_enc_layers     : 5
  n_dec_layers     : 3
  base_channels    : 45
  growth_factor    : 2.420701279177553
  use_batchnorm    : True
  use_hpf          : True
  hpf_sigma        : 1.0150899986921562
  lr               : 0.00022215300717804413
  batch_size       : 24
  decoder_upsample : nearest
  max_epochs       : 300
  min_epochs       : 30
  patience         : 30
  seed             : 8675309
  deterministic    : False
  trial_num        : 1428675309
[2026-04-28 13:56:45] Loading train/val/selection splits...
[2026-04-28 13:57:48] Splits loaded in 63.3s: n_train=722, n_val=120, n_selection=405
[2026-04-28 13:57:55] --- Architecture summary ---
  channels per enc layer : [45, 109, 264, 638, 1545]
  final spatial size     : 8x8
  flat size before latent: 98880
  bottleneck_dim         : 240
  total parameters       : 142,255,300
[2026-04-28 13:58:04] Starting training: n_train=722, n_val=120, device=cuda:0
[2026-04-28 13:59:05] epoch    1/300 | train=0.003726 | val=0.003193 | best=0.003193@1 | patience=0/30 | time=56.90s *
[2026-04-28 13:59:21] epoch    2/300 | train=0.002660 | val=0.002949 | best=0.002949@2 | patience=0/30 | time=11.35s *
[2026-04-28 13:59:36] epoch    3/300 | train=0.002493 | val=0.002507 | best=0.002507@3 | patience=0/30 | time=11.49s *
[2026-04-28 13:59:51] epoch    4/300 | train=0.002348 | val=0.002343 | best=0.002343@4 | patience=0/30 | time=11.44s *
[2026-04-28 14:00:07] epoch    5/300 | train=0.002135 | val=0.002017 | best=0.002017@5 | patience=0/30 | time=11.48s *
[2026-04-28 14:00:22] epoch    6/300 | train=0.001841 | val=0.001747 | best=0.001747@6 | patience=0/30 | time=11.30s *
[2026-04-28 14:00:38] epoch    7/300 | train=0.001594 | val=0.001568 | best=0.001568@7 | patience=0/30 | time=11.65s *
[2026-04-28 14:00:53] epoch    8/300 | train=0.001466 | val=0.001396 | best=0.001396@8 | patience=0/30 | time=11.30s *
[2026-04-28 14:01:08] epoch    9/300 | train=0.001415 | val=0.001356 | best=0.001356@9 | patience=0/30 | time=11.69s *
[2026-04-28 14:01:20] epoch   10/300 | train=0.001344 | val=0.001391 | best=0.001356@9 | patience=1/30 | time=11.53s
[2026-04-28 14:01:35] epoch   11/300 | train=0.001325 | val=0.001303 | best=0.001303@11 | patience=0/30 | time=11.49s *
[2026-04-28 14:01:51] epoch   12/300 | train=0.001298 | val=0.001300 | best=0.001300@12 | patience=0/30 | time=11.56s *
[2026-04-28 14:02:06] epoch   13/300 | train=0.001290 | val=0.001264 | best=0.001264@13 | patience=0/30 | time=11.31s *
[2026-04-28 14:02:18] epoch   14/300 | train=0.001274 | val=0.001438 | best=0.001264@13 | patience=1/30 | time=11.65s
[2026-04-28 14:02:29] epoch   15/300 | train=0.001365 | val=0.001344 | best=0.001264@13 | patience=2/30 | time=11.33s
[2026-04-28 14:02:41] epoch   16/300 | train=0.001315 | val=0.001276 | best=0.001264@13 | patience=3/30 | time=11.68s
[2026-04-28 14:02:56] epoch   17/300 | train=0.001256 | val=0.001244 | best=0.001244@17 | patience=0/30 | time=11.34s *
[2026-04-28 14:03:08] epoch   18/300 | train=0.001254 | val=0.001249 | best=0.001244@17 | patience=1/30 | time=11.71s
[2026-04-28 14:03:23] epoch   19/300 | train=0.001240 | val=0.001240 | best=0.001240@19 | patience=0/30 | time=11.35s *
[2026-04-28 14:03:39] epoch   20/300 | train=0.001234 | val=0.001230 | best=0.001230@20 | patience=0/30 | time=11.43s *
[2026-04-28 14:03:50] epoch   21/300 | train=0.001224 | val=0.001242 | best=0.001230@20 | patience=1/30 | time=11.54s
[2026-04-28 14:04:06] epoch   22/300 | train=0.001233 | val=0.001217 | best=0.001217@22 | patience=0/30 | time=11.47s *
[2026-04-28 14:04:17] epoch   23/300 | train=0.001221 | val=0.001236 | best=0.001217@22 | patience=1/30 | time=11.67s
[2026-04-28 14:04:29] epoch   24/300 | train=0.001227 | val=0.001245 | best=0.001217@22 | patience=2/30 | time=11.30s
[2026-04-28 14:04:40] epoch   25/300 | train=0.001230 | val=0.001226 | best=0.001217@22 | patience=3/30 | time=11.57s
[2026-04-28 14:04:52] epoch   26/300 | train=0.001212 | val=0.001254 | best=0.001217@22 | patience=4/30 | time=11.47s
[2026-04-28 14:05:07] epoch   27/300 | train=0.001223 | val=0.001212 | best=0.001212@27 | patience=0/30 | time=11.57s *
[2026-04-28 14:05:19] epoch   28/300 | train=0.001208 | val=0.001230 | best=0.001212@27 | patience=1/30 | time=11.44s
[2026-04-28 14:05:34] epoch   29/300 | train=0.001202 | val=0.001210 | best=0.001210@29 | patience=0/30 | time=11.35s *
[2026-04-28 14:05:49] epoch   30/300 | train=0.001199 | val=0.001194 | best=0.001194@30 | patience=0/30 | time=11.45s *
[2026-04-28 14:06:01] epoch   31/300 | train=0.001186 | val=0.001227 | best=0.001194@30 | patience=1/30 | time=11.50s
[2026-04-28 14:06:16] epoch   32/300 | train=0.001188 | val=0.001192 | best=0.001192@32 | patience=0/30 | time=11.46s *
[2026-04-28 14:06:28] epoch   33/300 | train=0.001182 | val=0.001262 | best=0.001192@32 | patience=1/30 | time=11.73s
[2026-04-28 14:06:40] epoch   34/300 | train=0.001197 | val=0.002037 | best=0.001192@32 | patience=2/30 | time=11.33s
[2026-04-28 14:06:51] epoch   35/300 | train=0.001225 | val=0.001280 | best=0.001192@32 | patience=3/30 | time=11.52s
[2026-04-28 14:07:03] epoch   36/300 | train=0.001196 | val=0.001226 | best=0.001192@32 | patience=4/30 | time=11.46s
[2026-04-28 14:07:18] epoch   37/300 | train=0.001185 | val=0.001179 | best=0.001179@37 | patience=0/30 | time=11.67s *
[2026-04-28 14:07:30] epoch   38/300 | train=0.001182 | val=0.001203 | best=0.001179@37 | patience=1/30 | time=11.32s
[2026-04-28 14:07:41] epoch   39/300 | train=0.001174 | val=0.001219 | best=0.001179@37 | patience=2/30 | time=11.68s
[2026-04-28 14:07:53] epoch   40/300 | train=0.001161 | val=0.001249 | best=0.001179@37 | patience=3/30 | time=11.30s
[2026-04-28 14:08:08] epoch   41/300 | train=0.001159 | val=0.001176 | best=0.001176@41 | patience=0/30 | time=11.57s *
[2026-04-28 14:08:20] epoch   42/300 | train=0.001153 | val=0.001542 | best=0.001176@41 | patience=1/30 | time=11.33s
[2026-04-28 14:08:31] epoch   43/300 | train=0.001155 | val=0.001344 | best=0.001176@41 | patience=2/30 | time=11.75s
[2026-04-28 14:08:47] epoch   44/300 | train=0.001164 | val=0.001165 | best=0.001165@44 | patience=0/30 | time=11.30s *
[2026-04-28 14:08:58] epoch   45/300 | train=0.001145 | val=0.001209 | best=0.001165@44 | patience=1/30 | time=11.68s
[2026-04-28 14:09:10] epoch   46/300 | train=0.001153 | val=0.001224 | best=0.001165@44 | patience=2/30 | time=11.34s
[2026-04-28 14:09:22] epoch   47/300 | train=0.001145 | val=0.001410 | best=0.001165@44 | patience=3/30 | time=11.73s
[2026-04-28 14:09:33] epoch   48/300 | train=0.001143 | val=0.001231 | best=0.001165@44 | patience=4/30 | time=11.31s
[2026-04-28 14:09:48] epoch   49/300 | train=0.001137 | val=0.001139 | best=0.001139@49 | patience=0/30 | time=11.58s *
[2026-04-28 14:10:00] epoch   50/300 | train=0.001123 | val=0.001205 | best=0.001139@49 | patience=1/30 | time=11.33s
[2026-04-28 14:10:12] epoch   51/300 | train=0.001118 | val=0.001574 | best=0.001139@49 | patience=2/30 | time=11.73s
[2026-04-28 14:10:23] epoch   52/300 | train=0.001194 | val=0.001157 | best=0.001139@49 | patience=3/30 | time=11.34s
[2026-04-28 14:10:34] epoch   53/300 | train=0.001137 | val=0.001190 | best=0.001139@49 | patience=4/30 | time=11.53s
[2026-04-28 14:10:46] epoch   54/300 | train=0.001117 | val=0.001186 | best=0.001139@49 | patience=5/30 | time=11.48s
[2026-04-28 14:11:02] epoch   55/300 | train=0.001113 | val=0.001123 | best=0.001123@55 | patience=0/30 | time=11.57s *
[2026-04-28 14:11:13] epoch   56/300 | train=0.001106 | val=0.001181 | best=0.001123@55 | patience=1/30 | time=11.33s
[2026-04-28 14:11:24] epoch   57/300 | train=0.001109 | val=0.001181 | best=0.001123@55 | patience=2/30 | time=11.53s
[2026-04-28 14:11:36] epoch   58/300 | train=0.001111 | val=0.001153 | best=0.001123@55 | patience=3/30 | time=11.47s
[2026-04-28 14:11:47] epoch   59/300 | train=0.001103 | val=0.001182 | best=0.001123@55 | patience=4/30 | time=11.58s
[2026-04-28 14:11:59] epoch   60/300 | train=0.001095 | val=0.001139 | best=0.001123@55 | patience=5/30 | time=11.47s
[2026-04-28 14:12:10] epoch   61/300 | train=0.001092 | val=0.001225 | best=0.001123@55 | patience=6/30 | time=11.34s
[2026-04-28 14:12:22] epoch   62/300 | train=0.001084 | val=0.001264 | best=0.001123@55 | patience=7/30 | time=11.71s
[2026-04-28 14:12:37] epoch   63/300 | train=0.001069 | val=0.001092 | best=0.001092@63 | patience=0/30 | time=11.36s *
[2026-04-28 14:12:49] epoch   64/300 | train=0.001070 | val=0.001298 | best=0.001092@63 | patience=1/30 | time=11.46s
[2026-04-28 14:13:00] epoch   65/300 | train=0.001076 | val=0.001240 | best=0.001092@63 | patience=2/30 | time=11.33s
[2026-04-28 14:13:16] epoch   66/300 | train=0.001058 | val=0.001086 | best=0.001086@66 | patience=0/30 | time=11.70s *
[2026-04-28 14:13:27] epoch   67/300 | train=0.001054 | val=0.001158 | best=0.001086@66 | patience=1/30 | time=11.56s
[2026-04-28 14:13:43] epoch   68/300 | train=0.001052 | val=0.001075 | best=0.001075@68 | patience=0/30 | time=11.47s *
[2026-04-28 14:13:54] epoch   69/300 | train=0.001045 | val=0.001144 | best=0.001075@68 | patience=1/30 | time=11.53s
[2026-04-28 14:14:06] epoch   70/300 | train=0.001059 | val=0.001084 | best=0.001075@68 | patience=2/30 | time=11.47s
[2026-04-28 14:14:17] epoch   71/300 | train=0.001032 | val=0.001076 | best=0.001075@68 | patience=3/30 | time=11.58s
[2026-04-28 14:14:29] epoch   72/300 | train=0.001031 | val=0.001149 | best=0.001075@68 | patience=4/30 | time=11.47s
[2026-04-28 14:14:40] epoch   73/300 | train=0.001040 | val=0.001232 | best=0.001075@68 | patience=5/30 | time=11.34s
[2026-04-28 14:14:52] epoch   74/300 | train=0.001019 | val=0.001184 | best=0.001075@68 | patience=6/30 | time=11.70s
[2026-04-28 14:15:03] epoch   75/300 | train=0.001028 | val=0.001342 | best=0.001075@68 | patience=7/30 | time=11.35s
[2026-04-28 14:15:15] epoch   76/300 | train=0.001149 | val=0.001085 | best=0.001075@68 | patience=8/30 | time=11.70s
[2026-04-28 14:15:30] epoch   77/300 | train=0.001029 | val=0.001059 | best=0.001059@77 | patience=0/30 | time=11.36s *
[2026-04-28 14:15:42] epoch   78/300 | train=0.001010 | val=0.001078 | best=0.001059@77 | patience=1/30 | time=11.68s
[2026-04-28 14:15:57] epoch   79/300 | train=0.000999 | val=0.001046 | best=0.001046@79 | patience=0/30 | time=11.34s *
[2026-04-28 14:16:09] epoch   80/300 | train=0.001008 | val=0.001051 | best=0.001046@79 | patience=1/30 | time=11.67s
[2026-04-28 14:16:20] epoch   81/300 | train=0.000979 | val=0.001109 | best=0.001046@79 | patience=2/30 | time=11.35s
[2026-04-28 14:16:32] epoch   82/300 | train=0.000985 | val=0.001236 | best=0.001046@79 | patience=3/30 | time=11.70s
[2026-04-28 14:16:47] epoch   83/300 | train=0.000987 | val=0.001008 | best=0.001008@83 | patience=0/30 | time=11.35s *
[2026-04-28 14:17:03] epoch   84/300 | train=0.000960 | val=0.000985 | best=0.000985@84 | patience=0/30 | time=11.44s *
[2026-04-28 14:17:14] epoch   85/300 | train=0.000952 | val=0.001012 | best=0.000985@84 | patience=1/30 | time=11.55s
[2026-04-28 14:17:26] epoch   86/300 | train=0.000939 | val=0.001026 | best=0.000985@84 | patience=2/30 | time=11.51s
[2026-04-28 14:17:41] epoch   87/300 | train=0.000943 | val=0.000978 | best=0.000978@87 | patience=0/30 | time=11.57s *
[2026-04-28 14:17:53] epoch   88/300 | train=0.000917 | val=0.001002 | best=0.000978@87 | patience=1/30 | time=11.28s
[2026-04-28 14:18:04] epoch   89/300 | train=0.000925 | val=0.000990 | best=0.000978@87 | patience=2/30 | time=11.57s
[2026-04-28 14:18:20] epoch   90/300 | train=0.000917 | val=0.000974 | best=0.000974@90 | patience=0/30 | time=11.48s *
[2026-04-28 14:18:32] epoch   91/300 | train=0.000905 | val=0.001025 | best=0.000974@90 | patience=1/30 | time=11.69s
[2026-04-28 14:18:43] epoch   92/300 | train=0.000916 | val=0.000982 | best=0.000974@90 | patience=2/30 | time=11.31s
[2026-04-28 14:18:59] epoch   93/300 | train=0.000901 | val=0.000946 | best=0.000946@93 | patience=0/30 | time=11.57s *
[2026-04-28 14:19:10] epoch   94/300 | train=0.000885 | val=0.000992 | best=0.000946@93 | patience=1/30 | time=11.35s
[2026-04-28 14:19:22] epoch   95/300 | train=0.000890 | val=0.000946 | best=0.000946@93 | patience=2/30 | time=11.69s
[2026-04-28 14:19:37] epoch   96/300 | train=0.000889 | val=0.000935 | best=0.000935@96 | patience=0/30 | time=11.33s *
[2026-04-28 14:19:49] epoch   97/300 | train=0.000882 | val=0.001030 | best=0.000935@96 | patience=1/30 | time=11.68s
[2026-04-28 14:20:04] epoch   98/300 | train=0.000902 | val=0.000930 | best=0.000930@98 | patience=0/30 | time=11.37s *
[2026-04-28 14:20:16] epoch   99/300 | train=0.000880 | val=0.000945 | best=0.000930@98 | patience=1/30 | time=11.70s
[2026-04-28 14:20:31] epoch  100/300 | train=0.000875 | val=0.000922 | best=0.000922@100 | patience=0/30 | time=11.34s *
[2026-04-28 14:20:43] epoch  101/300 | train=0.000850 | val=0.001134 | best=0.000922@100 | patience=1/30 | time=11.46s
[2026-04-28 14:20:54] epoch  102/300 | train=0.000939 | val=0.001014 | best=0.000922@100 | patience=2/30 | time=11.35s
[2026-04-28 14:21:06] epoch  103/300 | train=0.000864 | val=0.000932 | best=0.000922@100 | patience=3/30 | time=11.71s
[2026-04-28 14:21:17] epoch  104/300 | train=0.000840 | val=0.000955 | best=0.000922@100 | patience=4/30 | time=11.37s
[2026-04-28 14:21:29] epoch  105/300 | train=0.000849 | val=0.000928 | best=0.000922@100 | patience=5/30 | time=11.71s
[2026-04-28 14:21:40] epoch  106/300 | train=0.000821 | val=0.000967 | best=0.000922@100 | patience=6/30 | time=11.36s
[2026-04-28 14:21:56] epoch  107/300 | train=0.000834 | val=0.000905 | best=0.000905@107 | patience=0/30 | time=11.70s *
[2026-04-28 14:22:07] epoch  108/300 | train=0.000841 | val=0.000941 | best=0.000905@107 | patience=1/30 | time=11.34s
[2026-04-28 14:22:19] epoch  109/300 | train=0.000813 | val=0.000906 | best=0.000905@107 | patience=2/30 | time=11.71s
[2026-04-28 14:22:30] epoch  110/300 | train=0.000810 | val=0.000908 | best=0.000905@107 | patience=3/30 | time=11.35s
[2026-04-28 14:22:42] epoch  111/300 | train=0.000821 | val=0.001009 | best=0.000905@107 | patience=4/30 | time=11.70s
[2026-04-28 14:22:53] epoch  112/300 | train=0.000845 | val=0.000956 | best=0.000905@107 | patience=5/30 | time=11.38s
[2026-04-28 14:23:05] epoch  113/300 | train=0.000808 | val=0.001008 | best=0.000905@107 | patience=6/30 | time=11.70s
[2026-04-28 14:23:16] epoch  114/300 | train=0.000826 | val=0.000907 | best=0.000905@107 | patience=7/30 | time=11.36s
[2026-04-28 14:23:32] epoch  115/300 | train=0.000790 | val=0.000871 | best=0.000871@115 | patience=0/30 | time=11.60s *
[2026-04-28 14:23:43] epoch  116/300 | train=0.000771 | val=0.000878 | best=0.000871@115 | patience=1/30 | time=11.36s
[2026-04-28 14:23:55] epoch  117/300 | train=0.000773 | val=0.000875 | best=0.000871@115 | patience=2/30 | time=11.69s
[2026-04-28 14:24:10] epoch  118/300 | train=0.000768 | val=0.000863 | best=0.000863@118 | patience=0/30 | time=11.36s *
[2026-04-28 14:24:22] epoch  119/300 | train=0.000755 | val=0.000994 | best=0.000863@118 | patience=1/30 | time=11.68s
[2026-04-28 14:24:33] epoch  120/300 | train=0.000844 | val=0.000914 | best=0.000863@118 | patience=2/30 | time=11.36s
[2026-04-28 14:24:45] epoch  121/300 | train=0.000770 | val=0.001030 | best=0.000863@118 | patience=3/30 | time=11.70s
[2026-04-28 14:24:57] epoch  122/300 | train=0.000816 | val=0.000879 | best=0.000863@118 | patience=4/30 | time=11.38s
[2026-04-28 14:25:08] epoch  123/300 | train=0.000759 | val=0.000887 | best=0.000863@118 | patience=5/30 | time=11.53s
[2026-04-28 14:25:24] epoch  124/300 | train=0.000742 | val=0.000856 | best=0.000856@124 | patience=0/30 | time=11.49s *
[2026-04-28 14:25:35] epoch  125/300 | train=0.000716 | val=0.000860 | best=0.000856@124 | patience=1/30 | time=11.70s
[2026-04-28 14:25:47] epoch  126/300 | train=0.000732 | val=0.000862 | best=0.000856@124 | patience=2/30 | time=11.37s
[2026-04-28 14:25:58] epoch  127/300 | train=0.000729 | val=0.000869 | best=0.000856@124 | patience=3/30 | time=11.53s
[2026-04-28 14:26:10] epoch  128/300 | train=0.000720 | val=0.000857 | best=0.000856@124 | patience=4/30 | time=11.49s
[2026-04-28 14:26:21] epoch  129/300 | train=0.000711 | val=0.000858 | best=0.000856@124 | patience=5/30 | time=11.59s
[2026-04-28 14:26:37] epoch  130/300 | train=0.000692 | val=0.000848 | best=0.000848@130 | patience=0/30 | time=11.50s *
[2026-04-28 14:26:49] epoch  131/300 | train=0.000685 | val=0.000867 | best=0.000848@130 | patience=1/30 | time=11.70s
[2026-04-28 14:27:00] epoch  132/300 | train=0.000710 | val=0.000867 | best=0.000848@130 | patience=2/30 | time=11.33s
[2026-04-28 14:27:12] epoch  133/300 | train=0.000697 | val=0.000852 | best=0.000848@130 | patience=3/30 | time=11.58s
[2026-04-28 14:27:27] epoch  134/300 | train=0.000670 | val=0.000833 | best=0.000833@134 | patience=0/30 | time=11.52s *
[2026-04-28 14:27:39] epoch  135/300 | train=0.000673 | val=0.000864 | best=0.000833@134 | patience=1/30 | time=11.69s
[2026-04-28 14:27:50] epoch  136/300 | train=0.000671 | val=0.000853 | best=0.000833@134 | patience=2/30 | time=11.33s
[2026-04-28 14:28:02] epoch  137/300 | train=0.000665 | val=0.000849 | best=0.000833@134 | patience=3/30 | time=11.58s
[2026-04-28 14:28:13] epoch  138/300 | train=0.000645 | val=0.000838 | best=0.000833@134 | patience=4/30 | time=11.51s
[2026-04-28 14:28:25] epoch  139/300 | train=0.000650 | val=0.000858 | best=0.000833@134 | patience=5/30 | time=11.59s
[2026-04-28 14:28:36] epoch  140/300 | train=0.000649 | val=0.000886 | best=0.000833@134 | patience=6/30 | time=11.50s
[2026-04-28 14:28:48] epoch  141/300 | train=0.000655 | val=0.000861 | best=0.000833@134 | patience=7/30 | time=11.35s
[2026-04-28 14:29:00] epoch  142/300 | train=0.000646 | val=0.000850 | best=0.000833@134 | patience=8/30 | time=11.78s
[2026-04-28 14:29:11] epoch  143/300 | train=0.000619 | val=0.000866 | best=0.000833@134 | patience=9/30 | time=11.36s
[2026-04-28 14:29:23] epoch  144/300 | train=0.000623 | val=0.000844 | best=0.000833@134 | patience=10/30 | time=11.75s
[2026-04-28 14:29:34] epoch  145/300 | train=0.000615 | val=0.000850 | best=0.000833@134 | patience=11/30 | time=11.36s
[2026-04-28 14:29:46] epoch  146/300 | train=0.000626 | val=0.000961 | best=0.000833@134 | patience=12/30 | time=11.74s
[2026-04-28 14:29:57] epoch  147/300 | train=0.000721 | val=0.000865 | best=0.000833@134 | patience=13/30 | time=11.38s
[2026-04-28 14:30:09] epoch  148/300 | train=0.000641 | val=0.000918 | best=0.000833@134 | patience=14/30 | time=11.75s
[2026-04-28 14:30:20] epoch  149/300 | train=0.000646 | val=0.000856 | best=0.000833@134 | patience=15/30 | time=11.38s
[2026-04-28 14:30:32] epoch  150/300 | train=0.000617 | val=0.000855 | best=0.000833@134 | patience=16/30 | time=11.71s
[2026-04-28 14:30:43] epoch  151/300 | train=0.000590 | val=0.000837 | best=0.000833@134 | patience=17/30 | time=11.33s
[2026-04-28 14:30:55] epoch  152/300 | train=0.000593 | val=0.000839 | best=0.000833@134 | patience=18/30 | time=11.58s
[2026-04-28 14:31:06] epoch  153/300 | train=0.000576 | val=0.000875 | best=0.000833@134 | patience=19/30 | time=11.50s
[2026-04-28 14:31:18] epoch  154/300 | train=0.000611 | val=0.000867 | best=0.000833@134 | patience=20/30 | time=11.58s
[2026-04-28 14:31:29] epoch  155/300 | train=0.000609 | val=0.000876 | best=0.000833@134 | patience=21/30 | time=11.49s
[2026-04-28 14:31:41] epoch  156/300 | train=0.000614 | val=0.000852 | best=0.000833@134 | patience=22/30 | time=11.36s
[2026-04-28 14:31:53] epoch  157/300 | train=0.000585 | val=0.000883 | best=0.000833@134 | patience=23/30 | time=11.72s
[2026-04-28 14:32:04] epoch  158/300 | train=0.000581 | val=0.000849 | best=0.000833@134 | patience=24/30 | time=11.37s
[2026-04-28 14:32:16] epoch  159/300 | train=0.000565 | val=0.000857 | best=0.000833@134 | patience=25/30 | time=11.76s
[2026-04-28 14:32:27] epoch  160/300 | train=0.000566 | val=0.000862 | best=0.000833@134 | patience=26/30 | time=11.36s
[2026-04-28 14:32:39] epoch  161/300 | train=0.000537 | val=0.000862 | best=0.000833@134 | patience=27/30 | time=11.74s
[2026-04-28 14:32:50] epoch  162/300 | train=0.000524 | val=0.000880 | best=0.000833@134 | patience=28/30 | time=11.38s
[2026-04-28 14:33:02] epoch  163/300 | train=0.000544 | val=0.000863 | best=0.000833@134 | patience=29/30 | time=11.74s
[2026-04-28 14:33:13] epoch  164/300 | train=0.000517 | val=0.000872 | best=0.000833@134 | patience=30/30 | time=11.37s
[2026-04-28 14:33:13]   early stopping at epoch 164 (no improvement for 30 epochs)
[2026-04-28 14:33:13] Training done: stop_reason=early_stop, total_epochs=164, best_epoch=134, best_val=0.000833
[2026-04-28 14:33:13] Reloading best checkpoint (epoch 134) for evaluation
[2026-04-28 14:33:25] ------------------------------------------------------------
[2026-04-28 14:33:25] Evaluation:
[2026-04-28 14:33:25]   AUC broken_lcfs         : 0.6156
[2026-04-28 14:33:25]   AUC bad_black_core      : 0.9946
[2026-04-28 14:33:25]   AUC bad_nonconverged    : 0.9973
[2026-04-28 14:33:25]   objective      : 0.8438
[2026-04-28 14:33:25]   floor_ok       : True
[2026-04-28 14:33:25]   threshold      : 0.0758
[2026-04-28 14:33:25]   mu / sigma     : 0.000644634 / 0.000176874
[2026-04-28 14:33:25] Train time=2118.2s, eval time=8.3s
