[2026-04-28 13:56:32] ============================================================
[2026-04-28 13:56:32] Trial 142137 starting on cuda:0
[2026-04-28 13:56:32] Timestamp: 2026-04-28T13:56:32.938728
[2026-04-28 13:56:32] --- Config summary ---
  bottleneck_dim   : 240
  n_enc_layers     : 5
  n_dec_layers     : 3
  base_channels    : 45
  growth_factor    : 2.420701279177553
  use_batchnorm    : True
  use_hpf          : True
  hpf_sigma        : 1.0150899986921562
  lr               : 0.00022215300717804413
  batch_size       : 24
  decoder_upsample : nearest
  max_epochs       : 300
  min_epochs       : 30
  patience         : 30
  seed             : 137
  deterministic    : False
  trial_num        : 142137
[2026-04-28 13:56:32] Loading train/val/selection splits...
[2026-04-28 13:57:40] Splits loaded in 67.7s: n_train=722, n_val=120, n_selection=405
[2026-04-28 13:57:47] --- Architecture summary ---
  channels per enc layer : [45, 109, 264, 638, 1545]
  final spatial size     : 8x8
  flat size before latent: 98880
  bottleneck_dim         : 240
  total parameters       : 142,255,300
[2026-04-28 13:57:56] Starting training: n_train=722, n_val=120, device=cuda:0
[2026-04-28 13:58:57] epoch    1/300 | train=0.003901 | val=0.003089 | best=0.003089@1 | patience=0/30 | time=57.74s *
[2026-04-28 13:59:13] epoch    2/300 | train=0.002649 | val=0.002778 | best=0.002778@2 | patience=0/30 | time=11.24s *
[2026-04-28 13:59:28] epoch    3/300 | train=0.002474 | val=0.002543 | best=0.002543@3 | patience=0/30 | time=11.61s *
[2026-04-28 13:59:44] epoch    4/300 | train=0.002371 | val=0.002366 | best=0.002366@4 | patience=0/30 | time=11.26s *
[2026-04-28 13:59:59] epoch    5/300 | train=0.002119 | val=0.002068 | best=0.002068@5 | patience=0/30 | time=11.49s *
[2026-04-28 14:00:15] epoch    6/300 | train=0.001848 | val=0.002031 | best=0.002031@6 | patience=0/30 | time=11.27s *
[2026-04-28 14:00:30] epoch    7/300 | train=0.001651 | val=0.001687 | best=0.001687@7 | patience=0/30 | time=11.50s *
[2026-04-28 14:00:45] epoch    8/300 | train=0.001514 | val=0.001489 | best=0.001489@8 | patience=0/30 | time=11.27s *
[2026-04-28 14:01:01] epoch    9/300 | train=0.001386 | val=0.001343 | best=0.001343@9 | patience=0/30 | time=11.50s *
[2026-04-28 14:01:16] epoch   10/300 | train=0.001324 | val=0.001320 | best=0.001320@10 | patience=0/30 | time=11.28s *
[2026-04-28 14:01:32] epoch   11/300 | train=0.001294 | val=0.001301 | best=0.001301@11 | patience=0/30 | time=11.51s *
[2026-04-28 14:01:43] epoch   12/300 | train=0.001276 | val=0.001444 | best=0.001301@11 | patience=1/30 | time=11.37s
[2026-04-28 14:01:54] epoch   13/300 | train=0.001312 | val=0.001370 | best=0.001301@11 | patience=2/30 | time=11.34s
[2026-04-28 14:02:10] epoch   14/300 | train=0.001305 | val=0.001275 | best=0.001275@14 | patience=0/30 | time=11.53s *
[2026-04-28 14:02:25] epoch   15/300 | train=0.001268 | val=0.001237 | best=0.001237@15 | patience=0/30 | time=11.33s *
[2026-04-28 14:02:37] epoch   16/300 | train=0.001246 | val=0.001245 | best=0.001237@15 | patience=1/30 | time=11.62s
[2026-04-28 14:02:48] epoch   17/300 | train=0.001246 | val=0.001267 | best=0.001237@15 | patience=2/30 | time=11.30s
[2026-04-28 14:03:00] epoch   18/300 | train=0.001255 | val=0.001268 | best=0.001237@15 | patience=3/30 | time=11.34s
[2026-04-28 14:03:11] epoch   19/300 | train=0.001247 | val=0.001244 | best=0.001237@15 | patience=4/30 | time=11.63s
[2026-04-28 14:03:23] epoch   20/300 | train=0.001242 | val=0.001360 | best=0.001237@15 | patience=5/30 | time=11.35s
[2026-04-28 14:03:34] epoch   21/300 | train=0.001293 | val=0.001306 | best=0.001237@15 | patience=6/30 | time=11.55s
[2026-04-28 14:03:49] epoch   22/300 | train=0.001249 | val=0.001235 | best=0.001235@22 | patience=0/30 | time=11.41s *
[2026-04-28 14:04:05] epoch   23/300 | train=0.001227 | val=0.001234 | best=0.001234@23 | patience=0/30 | time=11.33s *
[2026-04-28 14:04:20] epoch   24/300 | train=0.001222 | val=0.001229 | best=0.001229@24 | patience=0/30 | time=11.38s *
[2026-04-28 14:04:36] epoch   25/300 | train=0.001230 | val=0.001225 | best=0.001225@25 | patience=0/30 | time=11.33s *
[2026-04-28 14:04:51] epoch   26/300 | train=0.001223 | val=0.001220 | best=0.001220@26 | patience=0/30 | time=11.37s *
[2026-04-28 14:05:02] epoch   27/300 | train=0.001222 | val=0.001228 | best=0.001220@26 | patience=1/30 | time=11.32s
[2026-04-28 14:05:14] epoch   28/300 | train=0.001220 | val=0.001274 | best=0.001220@26 | patience=2/30 | time=11.64s
[2026-04-28 14:05:25] epoch   29/300 | train=0.001240 | val=0.001235 | best=0.001220@26 | patience=3/30 | time=11.35s
[2026-04-28 14:05:41] epoch   30/300 | train=0.001213 | val=0.001213 | best=0.001213@30 | patience=0/30 | time=11.55s *
[2026-04-28 14:05:52] epoch   31/300 | train=0.001207 | val=0.001215 | best=0.001213@30 | patience=1/30 | time=11.28s
[2026-04-28 14:06:04] epoch   32/300 | train=0.001207 | val=0.001226 | best=0.001213@30 | patience=2/30 | time=11.33s
[2026-04-28 14:06:19] epoch   33/300 | train=0.001208 | val=0.001199 | best=0.001199@33 | patience=0/30 | time=11.63s *
[2026-04-28 14:06:30] epoch   34/300 | train=0.001199 | val=0.001206 | best=0.001199@33 | patience=1/30 | time=11.33s
[2026-04-28 14:06:42] epoch   35/300 | train=0.001202 | val=0.001283 | best=0.001199@33 | patience=2/30 | time=11.66s
[2026-04-28 14:06:53] epoch   36/300 | train=0.001187 | val=0.001214 | best=0.001199@33 | patience=3/30 | time=11.31s
[2026-04-28 14:07:05] epoch   37/300 | train=0.001184 | val=0.001354 | best=0.001199@33 | patience=4/30 | time=11.34s
[2026-04-28 14:07:16] epoch   38/300 | train=0.001187 | val=0.001231 | best=0.001199@33 | patience=5/30 | time=11.67s
[2026-04-28 14:07:32] epoch   39/300 | train=0.001180 | val=0.001192 | best=0.001192@39 | patience=0/30 | time=11.36s *
[2026-04-28 14:07:43] epoch   40/300 | train=0.001171 | val=0.001215 | best=0.001192@39 | patience=1/30 | time=11.66s
[2026-04-28 14:07:55] epoch   41/300 | train=0.001188 | val=0.001194 | best=0.001192@39 | patience=2/30 | time=11.31s
[2026-04-28 14:08:06] epoch   42/300 | train=0.001176 | val=0.001234 | best=0.001192@39 | patience=3/30 | time=11.34s
[2026-04-28 14:08:22] epoch   43/300 | train=0.001172 | val=0.001185 | best=0.001185@43 | patience=0/30 | time=11.67s *
[2026-04-28 14:08:33] epoch   44/300 | train=0.001169 | val=0.001193 | best=0.001185@43 | patience=1/30 | time=11.35s
[2026-04-28 14:08:49] epoch   45/300 | train=0.001172 | val=0.001182 | best=0.001182@45 | patience=0/30 | time=11.73s *
[2026-04-28 14:09:00] epoch   46/300 | train=0.001159 | val=0.001367 | best=0.001182@45 | patience=1/30 | time=11.34s
[2026-04-28 14:09:16] epoch   47/300 | train=0.001157 | val=0.001166 | best=0.001166@47 | patience=0/30 | time=11.53s *
[2026-04-28 14:09:27] epoch   48/300 | train=0.001144 | val=0.001179 | best=0.001166@47 | patience=1/30 | time=11.29s
[2026-04-28 14:09:38] epoch   49/300 | train=0.001162 | val=0.001235 | best=0.001166@47 | patience=2/30 | time=11.34s
[2026-04-28 14:09:50] epoch   50/300 | train=0.001161 | val=0.001214 | best=0.001166@47 | patience=3/30 | time=11.65s
[2026-04-28 14:10:01] epoch   51/300 | train=0.001153 | val=0.001504 | best=0.001166@47 | patience=4/30 | time=11.36s
[2026-04-28 14:10:13] epoch   52/300 | train=0.001180 | val=0.001262 | best=0.001166@47 | patience=5/30 | time=11.54s
[2026-04-28 14:10:24] epoch   53/300 | train=0.001146 | val=0.001417 | best=0.001166@47 | patience=6/30 | time=11.42s
[2026-04-28 14:10:36] epoch   54/300 | train=0.001173 | val=0.001174 | best=0.001166@47 | patience=7/30 | time=11.36s
[2026-04-28 14:10:47] epoch   55/300 | train=0.001136 | val=0.001183 | best=0.001166@47 | patience=8/30 | time=11.65s
[2026-04-28 14:10:59] epoch   56/300 | train=0.001143 | val=0.001338 | best=0.001166@47 | patience=9/30 | time=11.32s
[2026-04-28 14:11:14] epoch   57/300 | train=0.001138 | val=0.001159 | best=0.001159@57 | patience=0/30 | time=11.61s *
[2026-04-28 14:11:26] epoch   58/300 | train=0.001142 | val=0.001286 | best=0.001159@57 | patience=1/30 | time=11.40s
[2026-04-28 14:11:37] epoch   59/300 | train=0.001148 | val=0.001330 | best=0.001159@57 | patience=2/30 | time=11.35s
[2026-04-28 14:11:49] epoch   60/300 | train=0.001121 | val=0.001217 | best=0.001159@57 | patience=3/30 | time=11.66s
[2026-04-28 14:12:04] epoch   61/300 | train=0.001131 | val=0.001155 | best=0.001155@61 | patience=0/30 | time=11.31s *
[2026-04-28 14:12:20] epoch   62/300 | train=0.001116 | val=0.001129 | best=0.001129@62 | patience=0/30 | time=11.53s *
[2026-04-28 14:12:31] epoch   63/300 | train=0.001119 | val=0.001463 | best=0.001129@62 | patience=1/30 | time=11.29s
[2026-04-28 14:12:43] epoch   64/300 | train=0.001198 | val=0.001513 | best=0.001129@62 | patience=2/30 | time=11.57s
[2026-04-28 14:12:58] epoch   65/300 | train=0.001144 | val=0.001126 | best=0.001126@65 | patience=0/30 | time=11.41s *
[2026-04-28 14:13:09] epoch   66/300 | train=0.001111 | val=0.001210 | best=0.001126@65 | patience=1/30 | time=11.33s
[2026-04-28 14:13:25] epoch   67/300 | train=0.001104 | val=0.001115 | best=0.001115@67 | patience=0/30 | time=11.65s *
[2026-04-28 14:13:36] epoch   68/300 | train=0.001090 | val=0.001128 | best=0.001115@67 | patience=1/30 | time=11.30s
[2026-04-28 14:13:47] epoch   69/300 | train=0.001091 | val=0.001118 | best=0.001115@67 | patience=2/30 | time=11.34s
[2026-04-28 14:13:59] epoch   70/300 | train=0.001074 | val=0.001145 | best=0.001115@67 | patience=3/30 | time=11.66s
[2026-04-28 14:14:11] epoch   71/300 | train=0.001083 | val=0.001754 | best=0.001115@67 | patience=4/30 | time=11.37s
[2026-04-28 14:14:22] epoch   72/300 | train=0.001338 | val=0.001608 | best=0.001115@67 | patience=5/30 | time=11.54s
[2026-04-28 14:14:33] epoch   73/300 | train=0.001217 | val=0.001240 | best=0.001115@67 | patience=6/30 | time=11.41s
[2026-04-28 14:14:45] epoch   74/300 | train=0.001159 | val=0.001185 | best=0.001115@67 | patience=7/30 | time=11.37s
[2026-04-28 14:14:57] epoch   75/300 | train=0.001134 | val=0.001216 | best=0.001115@67 | patience=8/30 | time=11.67s
[2026-04-28 14:15:08] epoch   76/300 | train=0.001109 | val=0.001207 | best=0.001115@67 | patience=9/30 | time=11.32s
[2026-04-28 14:15:23] epoch   77/300 | train=0.001091 | val=0.001111 | best=0.001111@77 | patience=0/30 | time=11.35s *
[2026-04-28 14:15:35] epoch   78/300 | train=0.001075 | val=0.001128 | best=0.001111@77 | patience=1/30 | time=11.43s
[2026-04-28 14:15:50] epoch   79/300 | train=0.001076 | val=0.001106 | best=0.001106@79 | patience=0/30 | time=11.35s *
[2026-04-28 14:16:06] epoch   80/300 | train=0.001073 | val=0.001072 | best=0.001072@80 | patience=0/30 | time=11.64s *
[2026-04-28 14:16:17] epoch   81/300 | train=0.001060 | val=0.001112 | best=0.001072@80 | patience=1/30 | time=11.33s
[2026-04-28 14:16:29] epoch   82/300 | train=0.001051 | val=0.001164 | best=0.001072@80 | patience=2/30 | time=11.53s
[2026-04-28 14:16:40] epoch   83/300 | train=0.001049 | val=0.001531 | best=0.001072@80 | patience=3/30 | time=11.41s
[2026-04-28 14:16:51] epoch   84/300 | train=0.001112 | val=0.001087 | best=0.001072@80 | patience=4/30 | time=11.36s
[2026-04-28 14:17:03] epoch   85/300 | train=0.001031 | val=0.001115 | best=0.001072@80 | patience=5/30 | time=11.65s
[2026-04-28 14:17:19] epoch   86/300 | train=0.001036 | val=0.001067 | best=0.001067@86 | patience=0/30 | time=11.32s *
[2026-04-28 14:17:34] epoch   87/300 | train=0.001033 | val=0.001040 | best=0.001040@87 | patience=0/30 | time=11.54s *
[2026-04-28 14:17:45] epoch   88/300 | train=0.001008 | val=0.001198 | best=0.001040@87 | patience=1/30 | time=11.28s
[2026-04-28 14:17:57] epoch   89/300 | train=0.001021 | val=0.001126 | best=0.001040@87 | patience=2/30 | time=11.33s
[2026-04-28 14:18:09] epoch   90/300 | train=0.001029 | val=0.001058 | best=0.001040@87 | patience=3/30 | time=11.70s
[2026-04-28 14:18:20] epoch   91/300 | train=0.000996 | val=0.001312 | best=0.001040@87 | patience=4/30 | time=11.36s
[2026-04-28 14:18:31] epoch   92/300 | train=0.001049 | val=0.001168 | best=0.001040@87 | patience=5/30 | time=11.60s
[2026-04-28 14:18:43] epoch   93/300 | train=0.001007 | val=0.001199 | best=0.001040@87 | patience=6/30 | time=11.43s
[2026-04-28 14:18:54] epoch   94/300 | train=0.000988 | val=0.001144 | best=0.001040@87 | patience=7/30 | time=11.36s
[2026-04-28 14:19:06] epoch   95/300 | train=0.000981 | val=0.001040 | best=0.001040@87 | patience=8/30 | time=11.65s
[2026-04-28 14:19:21] epoch   96/300 | train=0.000961 | val=0.001034 | best=0.001034@96 | patience=0/30 | time=11.33s *
[2026-04-28 14:19:33] epoch   97/300 | train=0.000998 | val=0.001161 | best=0.001034@96 | patience=1/30 | time=11.59s
[2026-04-28 14:19:44] epoch   98/300 | train=0.000951 | val=0.001036 | best=0.001034@96 | patience=2/30 | time=11.44s
[2026-04-28 14:20:00] epoch   99/300 | train=0.000944 | val=0.001023 | best=0.001023@99 | patience=0/30 | time=11.34s *
[2026-04-28 14:20:15] epoch  100/300 | train=0.000947 | val=0.000988 | best=0.000988@100 | patience=0/30 | time=11.42s *
[2026-04-28 14:20:27] epoch  101/300 | train=0.000932 | val=0.001007 | best=0.000988@100 | patience=1/30 | time=11.32s
[2026-04-28 14:20:42] epoch  102/300 | train=0.000924 | val=0.000972 | best=0.000972@102 | patience=0/30 | time=11.62s *
[2026-04-28 14:20:54] epoch  103/300 | train=0.000913 | val=0.001058 | best=0.000972@102 | patience=1/30 | time=11.34s
[2026-04-28 14:21:09] epoch  104/300 | train=0.000915 | val=0.000958 | best=0.000958@104 | patience=0/30 | time=11.55s *
[2026-04-28 14:21:20] epoch  105/300 | train=0.000901 | val=0.000983 | best=0.000958@104 | patience=1/30 | time=11.29s
[2026-04-28 14:21:32] epoch  106/300 | train=0.000885 | val=0.000975 | best=0.000958@104 | patience=2/30 | time=11.63s
[2026-04-28 14:21:44] epoch  107/300 | train=0.000890 | val=0.000975 | best=0.000958@104 | patience=3/30 | time=11.41s
[2026-04-28 14:21:55] epoch  108/300 | train=0.000890 | val=0.001029 | best=0.000958@104 | patience=4/30 | time=11.35s
[2026-04-28 14:22:11] epoch  109/300 | train=0.000884 | val=0.000955 | best=0.000955@109 | patience=0/30 | time=11.54s *
[2026-04-28 14:22:22] epoch  110/300 | train=0.000880 | val=0.001231 | best=0.000955@109 | patience=1/30 | time=11.30s
[2026-04-28 14:22:33] epoch  111/300 | train=0.000943 | val=0.000995 | best=0.000955@109 | patience=2/30 | time=11.64s
[2026-04-28 14:22:49] epoch  112/300 | train=0.000882 | val=0.000921 | best=0.000921@112 | patience=0/30 | time=11.41s *
[2026-04-28 14:23:00] epoch  113/300 | train=0.000879 | val=0.001017 | best=0.000921@112 | patience=1/30 | time=11.32s
[2026-04-28 14:23:12] epoch  114/300 | train=0.000869 | val=0.001246 | best=0.000921@112 | patience=2/30 | time=11.64s
[2026-04-28 14:23:27] epoch  115/300 | train=0.000907 | val=0.000917 | best=0.000917@115 | patience=0/30 | time=11.35s *
[2026-04-28 14:23:43] epoch  116/300 | train=0.000852 | val=0.000915 | best=0.000915@116 | patience=0/30 | time=11.65s *
[2026-04-28 14:23:54] epoch  117/300 | train=0.000841 | val=0.000926 | best=0.000915@116 | patience=1/30 | time=11.34s
[2026-04-28 14:24:06] epoch  118/300 | train=0.000836 | val=0.000947 | best=0.000915@116 | patience=2/30 | time=11.53s
[2026-04-28 14:24:17] epoch  119/300 | train=0.000857 | val=0.000923 | best=0.000915@116 | patience=3/30 | time=11.43s
[2026-04-28 14:24:33] epoch  120/300 | train=0.000837 | val=0.000901 | best=0.000901@120 | patience=0/30 | time=11.36s *
[2026-04-28 14:24:44] epoch  121/300 | train=0.000819 | val=0.000962 | best=0.000901@120 | patience=1/30 | time=11.64s
[2026-04-28 14:24:56] epoch  122/300 | train=0.000871 | val=0.001140 | best=0.000901@120 | patience=2/30 | time=11.35s
[2026-04-28 14:25:07] epoch  123/300 | train=0.000888 | val=0.000963 | best=0.000901@120 | patience=3/30 | time=11.54s
[2026-04-28 14:25:22] epoch  124/300 | train=0.000842 | val=0.000888 | best=0.000888@124 | patience=0/30 | time=11.41s *
[2026-04-28 14:25:34] epoch  125/300 | train=0.000806 | val=0.000893 | best=0.000888@124 | patience=1/30 | time=11.33s
[2026-04-28 14:25:45] epoch  126/300 | train=0.000814 | val=0.000954 | best=0.000888@124 | patience=2/30 | time=11.67s
[2026-04-28 14:25:57] epoch  127/300 | train=0.000795 | val=0.000887 | best=0.000888@124 | patience=3/30 | time=11.36s
[2026-04-28 14:26:13] epoch  128/300 | train=0.000784 | val=0.000883 | best=0.000883@128 | patience=0/30 | time=11.55s *
[2026-04-28 14:26:24] epoch  129/300 | train=0.000779 | val=0.000908 | best=0.000883@128 | patience=1/30 | time=11.30s
[2026-04-28 14:26:35] epoch  130/300 | train=0.000808 | val=0.000889 | best=0.000883@128 | patience=2/30 | time=11.35s
[2026-04-28 14:26:51] epoch  131/300 | train=0.000775 | val=0.000876 | best=0.000876@131 | patience=0/30 | time=11.66s *
[2026-04-28 14:27:02] epoch  132/300 | train=0.000774 | val=0.000887 | best=0.000876@131 | patience=1/30 | time=11.35s
[2026-04-28 14:27:14] epoch  133/300 | train=0.000762 | val=0.000884 | best=0.000876@131 | patience=2/30 | time=11.65s
[2026-04-28 14:27:29] epoch  134/300 | train=0.000768 | val=0.000869 | best=0.000869@134 | patience=0/30 | time=11.32s *
[2026-04-28 14:27:41] epoch  135/300 | train=0.000752 | val=0.000922 | best=0.000869@134 | patience=1/30 | time=11.59s
[2026-04-28 14:27:52] epoch  136/300 | train=0.000761 | val=0.001478 | best=0.000869@134 | patience=2/30 | time=11.43s
[2026-04-28 14:28:04] epoch  137/300 | train=0.000940 | val=0.001051 | best=0.000869@134 | patience=3/30 | time=11.35s
[2026-04-28 14:28:15] epoch  138/300 | train=0.000825 | val=0.000884 | best=0.000869@134 | patience=4/30 | time=11.74s
[2026-04-28 14:28:27] epoch  139/300 | train=0.000773 | val=0.000868 | best=0.000869@134 | patience=5/30 | time=11.32s
[2026-04-28 14:28:38] epoch  140/300 | train=0.000742 | val=0.000875 | best=0.000869@134 | patience=6/30 | time=11.60s
[2026-04-28 14:28:50] epoch  141/300 | train=0.000741 | val=0.000868 | best=0.000869@134 | patience=7/30 | time=11.44s
[2026-04-28 14:29:01] epoch  142/300 | train=0.000737 | val=0.000870 | best=0.000869@134 | patience=8/30 | time=11.36s
[2026-04-28 14:29:13] epoch  143/300 | train=0.000729 | val=0.000890 | best=0.000869@134 | patience=9/30 | time=11.55s
[2026-04-28 14:29:28] epoch  144/300 | train=0.000736 | val=0.000864 | best=0.000864@144 | patience=0/30 | time=11.43s *
[2026-04-28 14:29:40] epoch  145/300 | train=0.000707 | val=0.000874 | best=0.000864@144 | patience=1/30 | time=11.58s
[2026-04-28 14:29:51] epoch  146/300 | train=0.000708 | val=0.000950 | best=0.000864@144 | patience=2/30 | time=11.44s
[2026-04-28 14:30:03] epoch  147/300 | train=0.000780 | val=0.000877 | best=0.000864@144 | patience=3/30 | time=11.37s
[2026-04-28 14:30:18] epoch  148/300 | train=0.000723 | val=0.000859 | best=0.000859@148 | patience=0/30 | time=11.55s *
[2026-04-28 14:30:30] epoch  149/300 | train=0.000696 | val=0.000916 | best=0.000859@148 | patience=1/30 | time=11.30s
[2026-04-28 14:30:45] epoch  150/300 | train=0.000735 | val=0.000847 | best=0.000847@150 | patience=0/30 | time=11.61s *
[2026-04-28 14:30:56] epoch  151/300 | train=0.000690 | val=0.000852 | best=0.000847@150 | patience=1/30 | time=11.41s
[2026-04-28 14:31:08] epoch  152/300 | train=0.000677 | val=0.000851 | best=0.000847@150 | patience=2/30 | time=11.35s
[2026-04-28 14:31:19] epoch  153/300 | train=0.000673 | val=0.000849 | best=0.000847@150 | patience=3/30 | time=11.65s
[2026-04-28 14:31:31] epoch  154/300 | train=0.000675 | val=0.000852 | best=0.000847@150 | patience=4/30 | time=11.36s
[2026-04-28 14:31:42] epoch  155/300 | train=0.000656 | val=0.000863 | best=0.000847@150 | patience=5/30 | time=11.57s
[2026-04-28 14:31:54] epoch  156/300 | train=0.000642 | val=0.000869 | best=0.000847@150 | patience=6/30 | time=11.42s
[2026-04-28 14:32:05] epoch  157/300 | train=0.000649 | val=0.000871 | best=0.000847@150 | patience=7/30 | time=11.37s
[2026-04-28 14:32:17] epoch  158/300 | train=0.000662 | val=0.000858 | best=0.000847@150 | patience=8/30 | time=11.67s
[2026-04-28 14:32:28] epoch  159/300 | train=0.000669 | val=0.000883 | best=0.000847@150 | patience=9/30 | time=11.33s
[2026-04-28 14:32:40] epoch  160/300 | train=0.000665 | val=0.000861 | best=0.000847@150 | patience=10/30 | time=11.35s
[2026-04-28 14:32:51] epoch  161/300 | train=0.000675 | val=0.000872 | best=0.000847@150 | patience=11/30 | time=11.66s
[2026-04-28 14:33:03] epoch  162/300 | train=0.000688 | val=0.000852 | best=0.000847@150 | patience=12/30 | time=11.38s
[2026-04-28 14:33:14] epoch  163/300 | train=0.000632 | val=0.000846 | best=0.000847@150 | patience=13/30 | time=11.56s
[2026-04-28 14:33:26] epoch  164/300 | train=0.000627 | val=0.000850 | best=0.000847@150 | patience=14/30 | time=11.45s
[2026-04-28 14:33:37] epoch  165/300 | train=0.000623 | val=0.000882 | best=0.000847@150 | patience=15/30 | time=11.37s
[2026-04-28 14:33:49] epoch  166/300 | train=0.000624 | val=0.000859 | best=0.000847@150 | patience=16/30 | time=11.67s
[2026-04-28 14:34:00] epoch  167/300 | train=0.000605 | val=0.000864 | best=0.000847@150 | patience=17/30 | time=11.33s
[2026-04-28 14:34:11] epoch  168/300 | train=0.000583 | val=0.000853 | best=0.000847@150 | patience=18/30 | time=11.37s
[2026-04-28 14:34:23] epoch  169/300 | train=0.000593 | val=0.000863 | best=0.000847@150 | patience=19/30 | time=11.68s
[2026-04-28 14:34:34] epoch  170/300 | train=0.000601 | val=0.000849 | best=0.000847@150 | patience=20/30 | time=11.38s
[2026-04-28 14:34:46] epoch  171/300 | train=0.000598 | val=0.000860 | best=0.000847@150 | patience=21/30 | time=11.57s
[2026-04-28 14:34:57] epoch  172/300 | train=0.000585 | val=0.000853 | best=0.000847@150 | patience=22/30 | time=11.44s
[2026-04-28 14:35:09] epoch  173/300 | train=0.000570 | val=0.000855 | best=0.000847@150 | patience=23/30 | time=11.39s
[2026-04-28 14:35:21] epoch  174/300 | train=0.000574 | val=0.000884 | best=0.000847@150 | patience=24/30 | time=11.69s
[2026-04-28 14:35:32] epoch  175/300 | train=0.000567 | val=0.000873 | best=0.000847@150 | patience=25/30 | time=11.34s
[2026-04-28 14:35:43] epoch  176/300 | train=0.000575 | val=0.000847 | best=0.000847@150 | patience=26/30 | time=11.37s
[2026-04-28 14:35:55] epoch  177/300 | train=0.000557 | val=0.000864 | best=0.000847@150 | patience=27/30 | time=11.68s
[2026-04-28 14:36:06] epoch  178/300 | train=0.000570 | val=0.000854 | best=0.000847@150 | patience=28/30 | time=11.39s
[2026-04-28 14:36:18] epoch  179/300 | train=0.000557 | val=0.000847 | best=0.000847@150 | patience=29/30 | time=11.57s
[2026-04-28 14:36:33] epoch  180/300 | train=0.000549 | val=0.000841 | best=0.000841@180 | patience=0/30 | time=11.46s *
[2026-04-28 14:36:45] epoch  181/300 | train=0.000521 | val=0.000884 | best=0.000841@180 | patience=1/30 | time=11.59s
[2026-04-28 14:36:56] epoch  182/300 | train=0.000523 | val=0.000848 | best=0.000841@180 | patience=2/30 | time=11.42s
[2026-04-28 14:37:08] epoch  183/300 | train=0.000518 | val=0.000873 | best=0.000841@180 | patience=3/30 | time=11.39s
[2026-04-28 14:37:19] epoch  184/300 | train=0.000549 | val=0.000882 | best=0.000841@180 | patience=4/30 | time=11.57s
[2026-04-28 14:37:31] epoch  185/300 | train=0.000529 | val=0.000852 | best=0.000841@180 | patience=5/30 | time=11.45s
[2026-04-28 14:37:42] epoch  186/300 | train=0.000502 | val=0.000887 | best=0.000841@180 | patience=6/30 | time=11.37s
[2026-04-28 14:37:54] epoch  187/300 | train=0.000550 | val=0.000858 | best=0.000841@180 | patience=7/30 | time=11.70s
[2026-04-28 14:38:05] epoch  188/300 | train=0.000533 | val=0.000869 | best=0.000841@180 | patience=8/30 | time=11.34s
[2026-04-28 14:38:17] epoch  189/300 | train=0.000525 | val=0.000873 | best=0.000841@180 | patience=9/30 | time=11.61s
[2026-04-28 14:38:28] epoch  190/300 | train=0.000504 | val=0.000858 | best=0.000841@180 | patience=10/30 | time=11.43s
[2026-04-28 14:38:40] epoch  191/300 | train=0.000473 | val=0.000874 | best=0.000841@180 | patience=11/30 | time=11.39s
[2026-04-28 14:38:51] epoch  192/300 | train=0.000485 | val=0.000854 | best=0.000841@180 | patience=12/30 | time=11.68s
[2026-04-28 14:39:03] epoch  193/300 | train=0.000480 | val=0.000888 | best=0.000841@180 | patience=13/30 | time=11.35s
[2026-04-28 14:39:14] epoch  194/300 | train=0.000483 | val=0.000879 | best=0.000841@180 | patience=14/30 | time=11.37s
[2026-04-28 14:39:26] epoch  195/300 | train=0.000480 | val=0.000895 | best=0.000841@180 | patience=15/30 | time=11.73s
[2026-04-28 14:39:37] epoch  196/300 | train=0.000473 | val=0.000870 | best=0.000841@180 | patience=16/30 | time=11.39s
[2026-04-28 14:39:49] epoch  197/300 | train=0.000471 | val=0.000876 | best=0.000841@180 | patience=17/30 | time=11.57s
[2026-04-28 14:40:00] epoch  198/300 | train=0.000445 | val=0.000876 | best=0.000841@180 | patience=18/30 | time=11.44s
[2026-04-28 14:40:12] epoch  199/300 | train=0.000445 | val=0.000866 | best=0.000841@180 | patience=19/30 | time=11.39s
[2026-04-28 14:40:23] epoch  200/300 | train=0.000447 | val=0.000870 | best=0.000841@180 | patience=20/30 | time=11.67s
[2026-04-28 14:40:35] epoch  201/300 | train=0.000452 | val=0.000875 | best=0.000841@180 | patience=21/30 | time=11.34s
[2026-04-28 14:40:46] epoch  202/300 | train=0.000445 | val=0.000880 | best=0.000841@180 | patience=22/30 | time=11.37s
[2026-04-28 14:40:58] epoch  203/300 | train=0.000415 | val=0.000896 | best=0.000841@180 | patience=23/30 | time=11.67s
[2026-04-28 14:41:09] epoch  204/300 | train=0.000451 | val=0.000891 | best=0.000841@180 | patience=24/30 | time=11.40s
[2026-04-28 14:41:21] epoch  205/300 | train=0.000489 | val=0.000957 | best=0.000841@180 | patience=25/30 | time=11.58s
[2026-04-28 14:41:32] epoch  206/300 | train=0.000526 | val=0.000886 | best=0.000841@180 | patience=26/30 | time=11.45s
[2026-04-28 14:41:44] epoch  207/300 | train=0.000479 | val=0.000882 | best=0.000841@180 | patience=27/30 | time=11.39s
[2026-04-28 14:41:55] epoch  208/300 | train=0.000426 | val=0.000891 | best=0.000841@180 | patience=28/30 | time=11.68s
[2026-04-28 14:42:07] epoch  209/300 | train=0.000401 | val=0.000868 | best=0.000841@180 | patience=29/30 | time=11.34s
[2026-04-28 14:42:18] epoch  210/300 | train=0.000380 | val=0.000888 | best=0.000841@180 | patience=30/30 | time=11.38s
[2026-04-28 14:42:18]   early stopping at epoch 210 (no improvement for 30 epochs)
[2026-04-28 14:42:18] Training done: stop_reason=early_stop, total_epochs=210, best_epoch=180, best_val=0.000841
[2026-04-28 14:42:18] Reloading best checkpoint (epoch 180) for evaluation
[2026-04-28 14:42:30] ------------------------------------------------------------
[2026-04-28 14:42:30] Evaluation:
[2026-04-28 14:42:30]   AUC broken_lcfs         : 0.6333
[2026-04-28 14:42:30]   AUC bad_black_core      : 0.9967
[2026-04-28 14:42:30]   AUC bad_nonconverged    : 0.9987
[2026-04-28 14:42:30]   objective      : 0.8519
[2026-04-28 14:42:30]   floor_ok       : True
[2026-04-28 14:42:30]   threshold      : 0.1457
[2026-04-28 14:42:30]   mu / sigma     : 0.000518897 / 0.000138576
[2026-04-28 14:42:30] Train time=2671.0s, eval time=8.3s
