[2026-04-28 13:56:31] ============================================================
[2026-04-28 13:56:31] Trial 1422024 starting on cuda:0
[2026-04-28 13:56:31] Timestamp: 2026-04-28T13:56:31.008893
[2026-04-28 13:56:31] --- Config summary ---
  bottleneck_dim   : 240
  n_enc_layers     : 5
  n_dec_layers     : 3
  base_channels    : 45
  growth_factor    : 2.420701279177553
  use_batchnorm    : True
  use_hpf          : True
  hpf_sigma        : 1.0150899986921562
  lr               : 0.00022215300717804413
  batch_size       : 24
  decoder_upsample : nearest
  max_epochs       : 300
  min_epochs       : 30
  patience         : 30
  seed             : 2024
  deterministic    : False
  trial_num        : 1422024
[2026-04-28 13:56:31] Loading train/val/selection splits...
[2026-04-28 13:57:40] Splits loaded in 69.7s: n_train=722, n_val=120, n_selection=405
[2026-04-28 13:57:47] --- Architecture summary ---
  channels per enc layer : [45, 109, 264, 638, 1545]
  final spatial size     : 8x8
  flat size before latent: 98880
  bottleneck_dim         : 240
  total parameters       : 142,255,300
[2026-04-28 13:57:56] Starting training: n_train=722, n_val=120, device=cuda:0
[2026-04-28 13:58:56] epoch    1/300 | train=0.003880 | val=0.003283 | best=0.003283@1 | patience=0/30 | time=56.00s *
[2026-04-28 13:59:11] epoch    2/300 | train=0.002610 | val=0.002651 | best=0.002651@2 | patience=0/30 | time=11.24s *
[2026-04-28 13:59:26] epoch    3/300 | train=0.002525 | val=0.002552 | best=0.002552@3 | patience=0/30 | time=11.16s *
[2026-04-28 13:59:41] epoch    4/300 | train=0.002406 | val=0.002294 | best=0.002294@4 | patience=0/30 | time=11.56s *
[2026-04-28 13:59:57] epoch    5/300 | train=0.002146 | val=0.002105 | best=0.002105@5 | patience=0/30 | time=11.28s *
[2026-04-28 14:00:12] epoch    6/300 | train=0.001957 | val=0.001944 | best=0.001944@6 | patience=0/30 | time=11.59s *
[2026-04-28 14:00:27] epoch    7/300 | train=0.001761 | val=0.001733 | best=0.001733@7 | patience=0/30 | time=11.25s *
[2026-04-28 14:00:43] epoch    8/300 | train=0.001572 | val=0.001617 | best=0.001617@8 | patience=0/30 | time=11.65s *
[2026-04-28 14:00:58] epoch    9/300 | train=0.001518 | val=0.001426 | best=0.001426@9 | patience=0/30 | time=11.25s *
[2026-04-28 14:01:14] epoch   10/300 | train=0.001397 | val=0.001374 | best=0.001374@10 | patience=0/30 | time=11.61s *
[2026-04-28 14:01:29] epoch   11/300 | train=0.001345 | val=0.001338 | best=0.001338@11 | patience=0/30 | time=11.26s *
[2026-04-28 14:01:45] epoch   12/300 | train=0.001323 | val=0.001297 | best=0.001297@12 | patience=0/30 | time=11.65s *
[2026-04-28 14:02:00] epoch   13/300 | train=0.001292 | val=0.001279 | best=0.001279@13 | patience=0/30 | time=11.25s *
[2026-04-28 14:02:11] epoch   14/300 | train=0.001275 | val=0.001299 | best=0.001279@13 | patience=1/30 | time=11.59s
[2026-04-28 14:02:23] epoch   15/300 | train=0.001286 | val=0.001315 | best=0.001279@13 | patience=2/30 | time=11.28s
[2026-04-28 14:02:38] epoch   16/300 | train=0.001295 | val=0.001260 | best=0.001260@16 | patience=0/30 | time=11.46s *
[2026-04-28 14:02:53] epoch   17/300 | train=0.001264 | val=0.001252 | best=0.001252@17 | patience=0/30 | time=11.24s *
[2026-04-28 14:03:09] epoch   18/300 | train=0.001256 | val=0.001250 | best=0.001250@18 | patience=0/30 | time=11.44s *
[2026-04-28 14:03:20] epoch   19/300 | train=0.001256 | val=0.001268 | best=0.001250@18 | patience=1/30 | time=11.23s
[2026-04-28 14:03:31] epoch   20/300 | train=0.001255 | val=0.001298 | best=0.001250@18 | patience=2/30 | time=11.26s
[2026-04-28 14:03:47] epoch   21/300 | train=0.001264 | val=0.001239 | best=0.001239@21 | patience=0/30 | time=11.62s *
[2026-04-28 14:04:02] epoch   22/300 | train=0.001233 | val=0.001231 | best=0.001231@22 | patience=0/30 | time=11.28s *
[2026-04-28 14:04:14] epoch   23/300 | train=0.001240 | val=0.001256 | best=0.001231@22 | patience=1/30 | time=11.44s
[2026-04-28 14:04:29] epoch   24/300 | train=0.001247 | val=0.001226 | best=0.001226@24 | patience=0/30 | time=11.41s *
[2026-04-28 14:04:45] epoch   25/300 | train=0.001231 | val=0.001219 | best=0.001219@25 | patience=0/30 | time=11.56s *
[2026-04-28 14:05:00] epoch   26/300 | train=0.001221 | val=0.001213 | best=0.001213@26 | patience=0/30 | time=11.23s *
[2026-04-28 14:05:12] epoch   27/300 | train=0.001220 | val=0.001224 | best=0.001213@26 | patience=1/30 | time=11.44s
[2026-04-28 14:05:23] epoch   28/300 | train=0.001221 | val=0.001219 | best=0.001213@26 | patience=2/30 | time=11.39s
[2026-04-28 14:05:34] epoch   29/300 | train=0.001225 | val=0.001218 | best=0.001213@26 | patience=3/30 | time=11.28s
[2026-04-28 14:05:46] epoch   30/300 | train=0.001214 | val=0.001233 | best=0.001213@26 | patience=4/30 | time=11.64s
[2026-04-28 14:06:01] epoch   31/300 | train=0.001218 | val=0.001210 | best=0.001210@31 | patience=0/30 | time=11.26s *
[2026-04-28 14:06:13] epoch   32/300 | train=0.001214 | val=0.001624 | best=0.001210@31 | patience=1/30 | time=11.46s
[2026-04-28 14:06:24] epoch   33/300 | train=0.001269 | val=0.001235 | best=0.001210@31 | patience=2/30 | time=11.41s
[2026-04-28 14:06:35] epoch   34/300 | train=0.001211 | val=0.001218 | best=0.001210@31 | patience=3/30 | time=11.29s
[2026-04-28 14:06:47] epoch   35/300 | train=0.001200 | val=0.001376 | best=0.001210@31 | patience=4/30 | time=11.64s
[2026-04-28 14:06:58] epoch   36/300 | train=0.001222 | val=0.001273 | best=0.001210@31 | patience=5/30 | time=11.26s
[2026-04-28 14:07:10] epoch   37/300 | train=0.001198 | val=0.001587 | best=0.001210@31 | patience=6/30 | time=11.28s
[2026-04-28 14:07:21] epoch   38/300 | train=0.001488 | val=0.001357 | best=0.001210@31 | patience=7/30 | time=11.67s
[2026-04-28 14:07:33] epoch   39/300 | train=0.001279 | val=0.001249 | best=0.001210@31 | patience=8/30 | time=11.34s
[2026-04-28 14:07:44] epoch   40/300 | train=0.001231 | val=0.001226 | best=0.001210@31 | patience=9/30 | time=11.48s
[2026-04-28 14:07:55] epoch   41/300 | train=0.001208 | val=0.001223 | best=0.001210@31 | patience=10/30 | time=11.42s
[2026-04-28 14:08:07] epoch   42/300 | train=0.001202 | val=0.001278 | best=0.001210@31 | patience=11/30 | time=11.30s
[2026-04-28 14:08:22] epoch   43/300 | train=0.001201 | val=0.001189 | best=0.001189@43 | patience=0/30 | time=11.64s *
[2026-04-28 14:08:34] epoch   44/300 | train=0.001180 | val=0.001201 | best=0.001189@43 | patience=1/30 | time=11.30s
[2026-04-28 14:08:45] epoch   45/300 | train=0.001185 | val=0.001207 | best=0.001189@43 | patience=2/30 | time=11.46s
[2026-04-28 14:08:57] epoch   46/300 | train=0.001207 | val=0.001296 | best=0.001189@43 | patience=3/30 | time=11.41s
[2026-04-28 14:09:08] epoch   47/300 | train=0.001173 | val=0.001304 | best=0.001189@43 | patience=4/30 | time=11.30s
[2026-04-28 14:09:23] epoch   48/300 | train=0.001167 | val=0.001160 | best=0.001160@48 | patience=0/30 | time=11.64s *
[2026-04-28 14:09:35] epoch   49/300 | train=0.001164 | val=0.001220 | best=0.001160@48 | patience=1/30 | time=11.30s
[2026-04-28 14:09:46] epoch   50/300 | train=0.001196 | val=0.001181 | best=0.001160@48 | patience=2/30 | time=11.48s
[2026-04-28 14:09:58] epoch   51/300 | train=0.001151 | val=0.001171 | best=0.001160@48 | patience=3/30 | time=11.41s
[2026-04-28 14:10:09] epoch   52/300 | train=0.001144 | val=0.001243 | best=0.001160@48 | patience=4/30 | time=11.30s
[2026-04-28 14:10:21] epoch   53/300 | train=0.001136 | val=0.001172 | best=0.001160@48 | patience=5/30 | time=11.64s
[2026-04-28 14:10:36] epoch   54/300 | train=0.001141 | val=0.001141 | best=0.001141@54 | patience=0/30 | time=11.27s *
[2026-04-28 14:10:51] epoch   55/300 | train=0.001126 | val=0.001127 | best=0.001127@55 | patience=0/30 | time=11.27s *
[2026-04-28 14:11:03] epoch   56/300 | train=0.001124 | val=0.001208 | best=0.001127@55 | patience=1/30 | time=11.40s
[2026-04-28 14:11:14] epoch   57/300 | train=0.001122 | val=0.001231 | best=0.001127@55 | patience=2/30 | time=11.28s
[2026-04-28 14:11:25] epoch   58/300 | train=0.001129 | val=0.001166 | best=0.001127@55 | patience=3/30 | time=11.47s
[2026-04-28 14:11:41] epoch   59/300 | train=0.001116 | val=0.001118 | best=0.001118@59 | patience=0/30 | time=11.43s *
[2026-04-28 14:11:52] epoch   60/300 | train=0.001109 | val=0.001124 | best=0.001118@59 | patience=1/30 | time=11.46s
[2026-04-28 14:12:04] epoch   61/300 | train=0.001103 | val=0.001303 | best=0.001118@59 | patience=2/30 | time=11.41s
[2026-04-28 14:12:15] epoch   62/300 | train=0.001099 | val=0.001146 | best=0.001118@59 | patience=3/30 | time=11.29s
[2026-04-28 14:12:26] epoch   63/300 | train=0.001101 | val=0.001199 | best=0.001118@59 | patience=4/30 | time=11.48s
[2026-04-28 14:12:38] epoch   64/300 | train=0.001092 | val=0.001177 | best=0.001118@59 | patience=5/30 | time=11.44s
[2026-04-28 14:12:53] epoch   65/300 | train=0.001106 | val=0.001111 | best=0.001111@65 | patience=0/30 | time=11.29s *
[2026-04-28 14:13:09] epoch   66/300 | train=0.001087 | val=0.001100 | best=0.001100@66 | patience=0/30 | time=11.45s *
[2026-04-28 14:13:20] epoch   67/300 | train=0.001071 | val=0.001106 | best=0.001100@66 | patience=1/30 | time=11.26s
[2026-04-28 14:13:32] epoch   68/300 | train=0.001068 | val=0.001144 | best=0.001100@66 | patience=2/30 | time=11.68s
[2026-04-28 14:13:43] epoch   69/300 | train=0.001075 | val=0.001142 | best=0.001100@66 | patience=3/30 | time=11.26s
[2026-04-28 14:13:59] epoch   70/300 | train=0.001061 | val=0.001056 | best=0.001056@70 | patience=0/30 | time=11.52s *
[2026-04-28 14:14:10] epoch   71/300 | train=0.001038 | val=0.001129 | best=0.001056@70 | patience=1/30 | time=11.25s
[2026-04-28 14:14:21] epoch   72/300 | train=0.001034 | val=0.001116 | best=0.001056@70 | patience=2/30 | time=11.28s
[2026-04-28 14:14:33] epoch   73/300 | train=0.001063 | val=0.001185 | best=0.001056@70 | patience=3/30 | time=11.70s
[2026-04-28 14:14:44] epoch   74/300 | train=0.001055 | val=0.001120 | best=0.001056@70 | patience=4/30 | time=11.31s
[2026-04-28 14:14:56] epoch   75/300 | train=0.001023 | val=0.001973 | best=0.001056@70 | patience=5/30 | time=11.48s
[2026-04-28 14:15:07] epoch   76/300 | train=0.001273 | val=0.001224 | best=0.001056@70 | patience=6/30 | time=11.42s
[2026-04-28 14:15:18] epoch   77/300 | train=0.001155 | val=0.001225 | best=0.001056@70 | patience=7/30 | time=11.29s
[2026-04-28 14:15:30] epoch   78/300 | train=0.001098 | val=0.001151 | best=0.001056@70 | patience=8/30 | time=11.71s
[2026-04-28 14:15:41] epoch   79/300 | train=0.001093 | val=0.001089 | best=0.001056@70 | patience=9/30 | time=11.27s
[2026-04-28 14:15:53] epoch   80/300 | train=0.001056 | val=0.001099 | best=0.001056@70 | patience=10/30 | time=11.29s
[2026-04-28 14:16:04] epoch   81/300 | train=0.001046 | val=0.001164 | best=0.001056@70 | patience=11/30 | time=11.65s
[2026-04-28 14:16:16] epoch   82/300 | train=0.001021 | val=0.001056 | best=0.001056@70 | patience=12/30 | time=11.33s
[2026-04-28 14:16:27] epoch   83/300 | train=0.001005 | val=0.001094 | best=0.001056@70 | patience=13/30 | time=11.48s
[2026-04-28 14:16:39] epoch   84/300 | train=0.001032 | val=0.001177 | best=0.001056@70 | patience=14/30 | time=11.43s
[2026-04-28 14:16:54] epoch   85/300 | train=0.001004 | val=0.001012 | best=0.001012@85 | patience=0/30 | time=11.30s *
[2026-04-28 14:17:06] epoch   86/300 | train=0.000987 | val=0.001015 | best=0.001012@85 | patience=1/30 | time=11.63s
[2026-04-28 14:17:17] epoch   87/300 | train=0.000990 | val=0.001043 | best=0.001012@85 | patience=2/30 | time=11.27s
[2026-04-28 14:17:32] epoch   88/300 | train=0.000984 | val=0.000998 | best=0.000998@88 | patience=0/30 | time=11.52s *
[2026-04-28 14:17:44] epoch   89/300 | train=0.000966 | val=0.001063 | best=0.000998@88 | patience=1/30 | time=11.25s
[2026-04-28 14:17:59] epoch   90/300 | train=0.000957 | val=0.000991 | best=0.000991@90 | patience=0/30 | time=11.28s *
[2026-04-28 14:18:11] epoch   91/300 | train=0.000968 | val=0.001031 | best=0.000991@90 | patience=1/30 | time=11.45s
[2026-04-28 14:18:22] epoch   92/300 | train=0.000964 | val=0.001038 | best=0.000991@90 | patience=2/30 | time=11.30s
[2026-04-28 14:18:34] epoch   93/300 | train=0.000952 | val=0.000998 | best=0.000991@90 | patience=3/30 | time=11.64s
[2026-04-28 14:18:49] epoch   94/300 | train=0.000924 | val=0.000958 | best=0.000958@94 | patience=0/30 | time=11.28s *
[2026-04-28 14:19:00] epoch   95/300 | train=0.000916 | val=0.000968 | best=0.000958@94 | patience=1/30 | time=11.52s
[2026-04-28 14:19:12] epoch   96/300 | train=0.000917 | val=0.000957 | best=0.000958@94 | patience=2/30 | time=11.43s
[2026-04-28 14:19:23] epoch   97/300 | train=0.000906 | val=0.000987 | best=0.000958@94 | patience=3/30 | time=11.30s
[2026-04-28 14:19:35] epoch   98/300 | train=0.000905 | val=0.000985 | best=0.000958@94 | patience=4/30 | time=11.69s
[2026-04-28 14:19:46] epoch   99/300 | train=0.000891 | val=0.001045 | best=0.000958@94 | patience=5/30 | time=11.28s
[2026-04-28 14:19:57] epoch  100/300 | train=0.000931 | val=0.001007 | best=0.000958@94 | patience=6/30 | time=11.29s
[2026-04-28 14:20:09] epoch  101/300 | train=0.000881 | val=0.001016 | best=0.000958@94 | patience=7/30 | time=11.71s
[2026-04-28 14:20:24] epoch  102/300 | train=0.000927 | val=0.000929 | best=0.000929@102 | patience=0/30 | time=11.33s *
[2026-04-28 14:20:36] epoch  103/300 | train=0.000876 | val=0.000989 | best=0.000929@102 | patience=1/30 | time=11.68s
[2026-04-28 14:20:52] epoch  104/300 | train=0.000863 | val=0.000923 | best=0.000923@104 | patience=0/30 | time=11.28s *
[2026-04-28 14:21:03] epoch  105/300 | train=0.000865 | val=0.000944 | best=0.000923@104 | patience=1/30 | time=11.47s
[2026-04-28 14:21:15] epoch  106/300 | train=0.000867 | val=0.000959 | best=0.000923@104 | patience=2/30 | time=11.43s
[2026-04-28 14:21:26] epoch  107/300 | train=0.000860 | val=0.000952 | best=0.000923@104 | patience=3/30 | time=11.29s
[2026-04-28 14:21:38] epoch  108/300 | train=0.000867 | val=0.001147 | best=0.000923@104 | patience=4/30 | time=11.66s
[2026-04-28 14:21:49] epoch  109/300 | train=0.000927 | val=0.000950 | best=0.000923@104 | patience=5/30 | time=11.27s
[2026-04-28 14:22:00] epoch  110/300 | train=0.000881 | val=0.000923 | best=0.000923@104 | patience=6/30 | time=11.28s
[2026-04-28 14:22:12] epoch  111/300 | train=0.000840 | val=0.000929 | best=0.000923@104 | patience=7/30 | time=11.66s
[2026-04-28 14:22:23] epoch  112/300 | train=0.000843 | val=0.000927 | best=0.000923@104 | patience=8/30 | time=11.30s
[2026-04-28 14:22:39] epoch  113/300 | train=0.000831 | val=0.000907 | best=0.000907@113 | patience=0/30 | time=11.48s *
[2026-04-28 14:22:50] epoch  114/300 | train=0.000820 | val=0.000914 | best=0.000907@113 | patience=1/30 | time=11.25s
[2026-04-28 14:23:05] epoch  115/300 | train=0.000816 | val=0.000895 | best=0.000895@115 | patience=0/30 | time=11.28s *
[2026-04-28 14:23:17] epoch  116/300 | train=0.000819 | val=0.000912 | best=0.000895@115 | patience=1/30 | time=11.41s
[2026-04-28 14:23:28] epoch  117/300 | train=0.000814 | val=0.000971 | best=0.000895@115 | patience=2/30 | time=11.30s
[2026-04-28 14:23:40] epoch  118/300 | train=0.000812 | val=0.000917 | best=0.000895@115 | patience=3/30 | time=11.71s
[2026-04-28 14:23:55] epoch  119/300 | train=0.000790 | val=0.000880 | best=0.000880@119 | patience=0/30 | time=11.28s *
[2026-04-28 14:24:06] epoch  120/300 | train=0.000792 | val=0.000937 | best=0.000880@119 | patience=1/30 | time=11.28s
[2026-04-28 14:24:18] epoch  121/300 | train=0.000775 | val=0.000913 | best=0.000880@119 | patience=2/30 | time=11.64s
[2026-04-28 14:24:29] epoch  122/300 | train=0.000776 | val=0.000888 | best=0.000880@119 | patience=3/30 | time=11.31s
[2026-04-28 14:24:41] epoch  123/300 | train=0.000786 | val=0.000902 | best=0.000880@119 | patience=4/30 | time=11.48s
[2026-04-28 14:24:52] epoch  124/300 | train=0.000760 | val=0.000894 | best=0.000880@119 | patience=5/30 | time=11.47s
[2026-04-28 14:25:04] epoch  125/300 | train=0.000743 | val=0.000894 | best=0.000880@119 | patience=6/30 | time=11.31s
[2026-04-28 14:25:15] epoch  126/300 | train=0.000763 | val=0.000882 | best=0.000880@119 | patience=7/30 | time=11.66s
[2026-04-28 14:25:27] epoch  127/300 | train=0.000756 | val=0.000891 | best=0.000880@119 | patience=8/30 | time=11.28s
[2026-04-28 14:25:42] epoch  128/300 | train=0.000763 | val=0.000876 | best=0.000876@128 | patience=0/30 | time=11.31s *
[2026-04-28 14:25:58] epoch  129/300 | train=0.000745 | val=0.000865 | best=0.000865@129 | patience=0/30 | time=11.43s *
[2026-04-28 14:26:09] epoch  130/300 | train=0.000730 | val=0.000875 | best=0.000865@129 | patience=1/30 | time=11.27s
[2026-04-28 14:26:21] epoch  131/300 | train=0.000722 | val=0.000888 | best=0.000865@129 | patience=2/30 | time=11.67s
[2026-04-28 14:26:32] epoch  132/300 | train=0.000718 | val=0.000905 | best=0.000865@129 | patience=3/30 | time=11.31s
[2026-04-28 14:26:43] epoch  133/300 | train=0.000717 | val=0.000892 | best=0.000865@129 | patience=4/30 | time=11.49s
[2026-04-28 14:26:55] epoch  134/300 | train=0.000720 | val=0.000868 | best=0.000865@129 | patience=5/30 | time=11.44s
[2026-04-28 14:27:10] epoch  135/300 | train=0.000717 | val=0.000844 | best=0.000844@135 | patience=0/30 | time=11.31s *
[2026-04-28 14:27:22] epoch  136/300 | train=0.000694 | val=0.000900 | best=0.000844@135 | patience=1/30 | time=11.64s
[2026-04-28 14:27:33] epoch  137/300 | train=0.000717 | val=0.000881 | best=0.000844@135 | patience=2/30 | time=11.31s
[2026-04-28 14:27:45] epoch  138/300 | train=0.000702 | val=0.000858 | best=0.000844@135 | patience=3/30 | time=11.54s
[2026-04-28 14:27:56] epoch  139/300 | train=0.000681 | val=0.000877 | best=0.000844@135 | patience=4/30 | time=11.44s
[2026-04-28 14:28:07] epoch  140/300 | train=0.000674 | val=0.000865 | best=0.000844@135 | patience=5/30 | time=11.31s
[2026-04-28 14:28:19] epoch  141/300 | train=0.000684 | val=0.000861 | best=0.000844@135 | patience=6/30 | time=11.71s
[2026-04-28 14:28:30] epoch  142/300 | train=0.000653 | val=0.000851 | best=0.000844@135 | patience=7/30 | time=11.28s
[2026-04-28 14:28:42] epoch  143/300 | train=0.000660 | val=0.000847 | best=0.000844@135 | patience=8/30 | time=11.30s
[2026-04-28 14:28:53] epoch  144/300 | train=0.000644 | val=0.000872 | best=0.000844@135 | patience=9/30 | time=11.65s
[2026-04-28 14:29:05] epoch  145/300 | train=0.000649 | val=0.000857 | best=0.000844@135 | patience=10/30 | time=11.32s
[2026-04-28 14:29:16] epoch  146/300 | train=0.000638 | val=0.000851 | best=0.000844@135 | patience=11/30 | time=11.49s
[2026-04-28 14:29:28] epoch  147/300 | train=0.000637 | val=0.000880 | best=0.000844@135 | patience=12/30 | time=11.43s
[2026-04-28 14:29:39] epoch  148/300 | train=0.000648 | val=0.000877 | best=0.000844@135 | patience=13/30 | time=11.31s
[2026-04-28 14:29:51] epoch  149/300 | train=0.000628 | val=0.000908 | best=0.000844@135 | patience=14/30 | time=11.66s
[2026-04-28 14:30:02] epoch  150/300 | train=0.000665 | val=0.000909 | best=0.000844@135 | patience=15/30 | time=11.28s
[2026-04-28 14:30:13] epoch  151/300 | train=0.000690 | val=0.000861 | best=0.000844@135 | patience=16/30 | time=11.30s
[2026-04-28 14:30:25] epoch  152/300 | train=0.000626 | val=0.000853 | best=0.000844@135 | patience=17/30 | time=11.66s
[2026-04-28 14:30:36] epoch  153/300 | train=0.000617 | val=0.000883 | best=0.000844@135 | patience=18/30 | time=11.31s
[2026-04-28 14:30:48] epoch  154/300 | train=0.000599 | val=0.000885 | best=0.000844@135 | patience=19/30 | time=11.49s
[2026-04-28 14:30:59] epoch  155/300 | train=0.000641 | val=0.000855 | best=0.000844@135 | patience=20/30 | time=11.44s
[2026-04-28 14:31:10] epoch  156/300 | train=0.000619 | val=0.000853 | best=0.000844@135 | patience=21/30 | time=11.32s
[2026-04-28 14:31:22] epoch  157/300 | train=0.000607 | val=0.000874 | best=0.000844@135 | patience=22/30 | time=11.66s
[2026-04-28 14:31:33] epoch  158/300 | train=0.000628 | val=0.000876 | best=0.000844@135 | patience=23/30 | time=11.28s
[2026-04-28 14:31:45] epoch  159/300 | train=0.000641 | val=0.000851 | best=0.000844@135 | patience=24/30 | time=11.30s
[2026-04-28 14:31:56] epoch  160/300 | train=0.000594 | val=0.000871 | best=0.000844@135 | patience=25/30 | time=11.75s
[2026-04-28 14:32:08] epoch  161/300 | train=0.000582 | val=0.000856 | best=0.000844@135 | patience=26/30 | time=11.31s
[2026-04-28 14:32:19] epoch  162/300 | train=0.000591 | val=0.000857 | best=0.000844@135 | patience=27/30 | time=11.55s
[2026-04-28 14:32:31] epoch  163/300 | train=0.000563 | val=0.000849 | best=0.000844@135 | patience=28/30 | time=11.45s
[2026-04-28 14:32:42] epoch  164/300 | train=0.000538 | val=0.000858 | best=0.000844@135 | patience=29/30 | time=11.32s
[2026-04-28 14:32:54] epoch  165/300 | train=0.000552 | val=0.000890 | best=0.000844@135 | patience=30/30 | time=11.67s
[2026-04-28 14:32:54]   early stopping at epoch 165 (no improvement for 30 epochs)
[2026-04-28 14:32:54] Training done: stop_reason=early_stop, total_epochs=165, best_epoch=135, best_val=0.000844
[2026-04-28 14:32:54] Reloading best checkpoint (epoch 135) for evaluation
[2026-04-28 14:33:05] ------------------------------------------------------------
[2026-04-28 14:33:05] Evaluation:
[2026-04-28 14:33:05]   AUC broken_lcfs         : 0.5943
[2026-04-28 14:33:05]   AUC bad_black_core      : 0.9954
[2026-04-28 14:33:05]   AUC bad_nonconverged    : 0.9973
[2026-04-28 14:33:05]   objective      : 0.8355
[2026-04-28 14:33:05]   floor_ok       : True
[2026-04-28 14:33:05]   threshold      : 0.0692
[2026-04-28 14:33:05]   mu / sigma     : 0.000680544 / 0.000188077
[2026-04-28 14:33:05] Train time=2106.7s, eval time=8.1s
