[2026-04-28 18:58:34] ============================================================
[2026-04-28 18:58:34] Trial 999 starting on cuda:0
[2026-04-28 18:58:34] Timestamp: 2026-04-28T18:58:34.310865
[2026-04-28 18:58:34] --- Config summary ---
  model_type        : cnn
  bottleneck_dim    : 240
  n_enc_layers      : 5
  n_dec_layers      : 3
  base_channels     : 45
  growth_factor     : 2.420701279177553
  use_batchnorm     : True
  mlp_input_size    : 64
  mlp_hidden_sizes  : [1024, 256]
  mlp_dropout       : 0.1
  use_hpf           : True
  hpf_sigma         : 1.0150899986921562
  lr                : 0.00022215300717804413
  batch_size        : 24
  decoder_upsample  : nearest
  max_epochs        : 300
  min_epochs        : 30
  patience          : 30
  seed              : 137
  deterministic     : False
  trial_num         : 999
[2026-04-28 18:58:34] Loading train/val/selection splits...
[2026-04-28 18:59:39] Splits loaded in 64.8s: n_train=722, n_val=120, n_selection=405
[2026-04-28 18:59:46] --- Architecture summary ---
  channels per enc layer : [45, 109, 264, 638, 1545]
  final spatial size     : 8x8
  flat size before latent: 98880
  bottleneck_dim         : 240
  total parameters       : 142,255,300
[2026-04-28 18:59:56] Starting training: n_train=722, n_val=120, device=cuda:0
[2026-04-28 19:01:02] epoch    1/300 | train=0.003893 | val=0.003080 | best=0.003080@1 | patience=0/30 | time=61.37s *
[2026-04-28 19:01:17] epoch    2/300 | train=0.002627 | val=0.002832 | best=0.002832@2 | patience=0/30 | time=11.27s *
